Java HotSpot(TM) 64-Bit Server VM (25.251-b08) for bsd-amd64 JRE (1.8.0_251-b08), built on Mar 12 2020 02:36:37 by "java_re" with gcc 4.2.1 (Based on Apple Inc. build 5658) (LLVM build 2336.11.00)
Memory: 4k page, physical 16777216k(1894604k free)

/proc/meminfo:

CommandLine flags: -XX:CMSInitiatingOccupancyFraction=75 -XX:+CMSScavengeBeforeRemark -XX:CompressedClassSpaceSize=134217728 -XX:+HeapDumpOnOutOfMemoryError -XX:HeapDumpPath=/Users/pengyue.du/Code/Meijia/Work01/learn_test/java/jvm/jvm_metrics_test_01/file/test_file/gc_log/oom-heap-cms.bin -XX:InitialHeapSize=10485760 -XX:MaxHeapSize=10485760 -XX:MaxNewSize=3497984 -XX:MaxTenuringThreshold=6 -XX:NativeMemoryTracking=summary -XX:NewSize=3497984 -XX:OldPLABSize=16 -XX:OldSize=6987776 -XX:+PrintGC -XX:+PrintGCDateStamps -XX:+PrintGCDetails -XX:+PrintGCTimeStamps -XX:ThreadStackSize=512 -XX:+UseCMSInitiatingOccupancyOnly -XX:+UseCompressedClassPointers -XX:+UseCompressedOops -XX:+UseConcMarkSweepGC -XX:-UseGCOverheadLimit -XX:+UseParNewGC 
2020-11-18T11:05:43.675-0800: 0.153: [GC (Allocation Failure) 2020-11-18T11:05:43.675-0800: 0.153: [ParNew: 2752K->320K(3072K), 0.0029630 secs] 2752K->614K(9920K), 0.0031010 secs] [Times: user=0.01 sys=0.00, real=0.00 secs] 
2020-11-18T11:05:43.729-0800: 0.208: [GC (Allocation Failure) 2020-11-18T11:05:43.729-0800: 0.208: [ParNew: 3072K->320K(3072K), 0.0012113 secs] 3366K->1030K(9920K), 0.0012733 secs] [Times: user=0.00 sys=0.00, real=0.01 secs] 
2020-11-18T11:05:43.769-0800: 0.247: [GC (Allocation Failure) 2020-11-18T11:05:43.769-0800: 0.247: [ParNew: 3072K->320K(3072K), 0.0010546 secs] 3782K->1381K(9920K), 0.0011383 secs] [Times: user=0.00 sys=0.00, real=0.01 secs] 
2020-11-18T11:05:43.777-0800: 0.255: [Full GC (System.gc()) 2020-11-18T11:05:43.777-0800: 0.255: [CMS: 1061K->985K(6848K), 0.0036866 secs] 1730K->985K(9920K), [Metaspace: 4862K->4862K(139264K)], 0.0037613 secs] [Times: user=0.00 sys=0.00, real=0.01 secs] 
2020-11-18T11:05:43.782-0800: 0.261: [Full GC (System.gc()) 2020-11-18T11:05:43.782-0800: 0.261: [CMS: 985K->857K(6848K), 0.0035653 secs] 1094K->857K(9920K), [Metaspace: 4866K->4866K(139264K)], 0.0036332 secs] [Times: user=0.01 sys=0.00, real=0.00 secs] 
2020-11-18T11:05:43.788-0800: 0.266: [Full GC (System.gc()) 2020-11-18T11:05:43.788-0800: 0.266: [CMS: 857K->859K(6848K), 0.0034654 secs] 911K->859K(9920K), [Metaspace: 4867K->4867K(139264K)], 0.0035289 secs] [Times: user=0.00 sys=0.00, real=0.01 secs] 
2020-11-18T11:05:43.793-0800: 0.272: [Full GC (System.gc()) 2020-11-18T11:05:43.793-0800: 0.272: [CMS: 859K->862K(6848K), 0.0031236 secs] 913K->862K(9920K), [Metaspace: 4868K->4868K(139264K)], 0.0032052 secs] [Times: user=0.00 sys=0.00, real=0.00 secs] 
2020-11-18T11:05:43.799-0800: 0.277: [Full GC (System.gc()) 2020-11-18T11:05:43.799-0800: 0.277: [CMS: 862K->865K(6848K), 0.0030784 secs] 917K->865K(9920K), [Metaspace: 4868K->4868K(139264K)], 0.0031441 secs] [Times: user=0.00 sys=0.00, real=0.01 secs] 
2020-11-18T11:05:43.804-0800: 0.282: [Full GC (System.gc()) 2020-11-18T11:05:43.804-0800: 0.282: [CMS: 865K->867K(6848K), 0.0038679 secs] 919K->867K(9920K), [Metaspace: 4868K->4868K(139264K)], 0.0039792 secs] [Times: user=0.00 sys=0.00, real=0.00 secs] 
2020-11-18T11:05:43.809-0800: 0.288: [Full GC (System.gc()) 2020-11-18T11:05:43.810-0800: 0.288: [CMS: 867K->870K(6848K), 0.0030473 secs] 933K->870K(9920K), [Metaspace: 4871K->4871K(139264K)], 0.0031044 secs] [Times: user=0.00 sys=0.00, real=0.01 secs] 
2020-11-18T11:05:43.816-0800: 0.295: [Full GC (System.gc()) 2020-11-18T11:05:43.816-0800: 0.295: [CMS: 870K->872K(6848K), 0.0033469 secs] 924K->872K(9920K), [Metaspace: 4877K->4877K(139264K)], 0.0034188 secs] [Times: user=0.00 sys=0.00, real=0.01 secs] 
2020-11-18T11:05:43.822-0800: 0.301: [Full GC (System.gc()) 2020-11-18T11:05:43.822-0800: 0.301: [CMS: 872K->874K(6848K), 0.0033105 secs] 926K->874K(9920K), [Metaspace: 4879K->4879K(139264K)], 0.0033954 secs] [Times: user=0.01 sys=0.00, real=0.00 secs] 
2020-11-18T11:05:43.827-0800: 0.306: [Full GC (System.gc()) 2020-11-18T11:05:43.827-0800: 0.306: [CMS: 874K->877K(6848K), 0.0041573 secs] 929K->877K(9920K), [Metaspace: 4879K->4879K(139264K)], 0.0042647 secs] [Times: user=0.00 sys=0.00, real=0.01 secs] 
2020-11-18T11:05:43.833-0800: 0.312: [Full GC (System.gc()) 2020-11-18T11:05:43.833-0800: 0.312: [CMS: 877K->879K(6848K), 0.0031864 secs] 931K->879K(9920K), [Metaspace: 4879K->4879K(139264K)], 0.0032336 secs] [Times: user=0.00 sys=0.00, real=0.00 secs] 
2020-11-18T11:05:43.838-0800: 0.316: [Full GC (System.gc()) 2020-11-18T11:05:43.838-0800: 0.316: [CMS: 879K->882K(6848K), 0.0034489 secs] 934K->882K(9920K), [Metaspace: 4879K->4879K(139264K)], 0.0035513 secs] [Times: user=0.00 sys=0.00, real=0.01 secs] 
2020-11-18T11:05:43.843-0800: 0.322: [Full GC (System.gc()) 2020-11-18T11:05:43.843-0800: 0.322: [CMS: 882K->885K(6848K), 0.0035345 secs] 937K->885K(9920K), [Metaspace: 4880K->4880K(139264K)], 0.0035940 secs] [Times: user=0.01 sys=0.00, real=0.00 secs] 
2020-11-18T11:05:43.848-0800: 0.327: [Full GC (System.gc()) 2020-11-18T11:05:43.848-0800: 0.327: [CMS: 885K->887K(6848K), 0.0030991 secs] 939K->887K(9920K), [Metaspace: 4882K->4882K(139264K)], 0.0031458 secs] [Times: user=0.00 sys=0.00, real=0.01 secs] 
2020-11-18T11:05:43.853-0800: 0.331: [Full GC (System.gc()) 2020-11-18T11:05:43.853-0800: 0.331: [CMS: 887K->890K(6848K), 0.0042667 secs] 942K->890K(9920K), [Metaspace: 4882K->4882K(139264K)], 0.0043462 secs] [Times: user=0.01 sys=0.00, real=0.00 secs] 
2020-11-18T11:05:43.859-0800: 0.337: [Full GC (System.gc()) 2020-11-18T11:05:43.859-0800: 0.337: [CMS: 890K->892K(6848K), 0.0038826 secs] 944K->892K(9920K), [Metaspace: 4882K->4882K(139264K)], 0.0039597 secs] [Times: user=0.00 sys=0.00, real=0.01 secs] 
2020-11-18T11:05:43.864-0800: 0.343: [Full GC (System.gc()) 2020-11-18T11:05:43.864-0800: 0.343: [CMS: 892K->894K(6848K), 0.0032704 secs] 946K->894K(9920K), [Metaspace: 4883K->4883K(139264K)], 0.0033175 secs] [Times: user=0.01 sys=0.00, real=0.00 secs] 
2020-11-18T11:05:43.869-0800: 0.347: [Full GC (System.gc()) 2020-11-18T11:05:43.869-0800: 0.347: [CMS: 894K->897K(6848K), 0.0041402 secs] 949K->897K(9920K), [Metaspace: 4883K->4883K(139264K)], 0.0042200 secs] [Times: user=0.00 sys=0.00, real=0.01 secs] 
2020-11-18T11:05:43.874-0800: 0.353: [Full GC (System.gc()) 2020-11-18T11:05:43.874-0800: 0.353: [CMS: 897K->899K(6848K), 0.0039576 secs] 951K->899K(9920K), [Metaspace: 4883K->4883K(139264K)], 0.0040393 secs] [Times: user=0.01 sys=0.00, real=0.00 secs] 
2020-11-18T11:05:43.880-0800: 0.358: [Full GC (System.gc()) 2020-11-18T11:05:43.880-0800: 0.358: [CMS: 899K->902K(6848K), 0.0033952 secs] 954K->902K(9920K), [Metaspace: 4883K->4883K(139264K)], 0.0034649 secs] [Times: user=0.00 sys=0.00, real=0.00 secs] 
2020-11-18T11:05:43.885-0800: 0.363: [Full GC (System.gc()) 2020-11-18T11:05:43.885-0800: 0.363: [CMS: 902K->904K(6848K), 0.0038047 secs] 968K->904K(9920K), [Metaspace: 4886K->4886K(139264K)], 0.0038680 secs] [Times: user=0.00 sys=0.00, real=0.00 secs] 
2020-11-18T11:05:43.890-0800: 0.368: [Full GC (System.gc()) 2020-11-18T11:05:43.890-0800: 0.368: [CMS: 904K->907K(6848K), 0.0035850 secs] 959K->907K(9920K), [Metaspace: 4886K->4886K(139264K)], 0.0036510 secs] [Times: user=0.01 sys=0.00, real=0.00 secs] 
2020-11-18T11:05:43.895-0800: 0.373: [Full GC (System.gc()) 2020-11-18T11:05:43.895-0800: 0.373: [CMS: 907K->909K(6848K), 0.0033758 secs] 961K->909K(9920K), [Metaspace: 4886K->4886K(139264K)], 0.0034276 secs] [Times: user=0.00 sys=0.00, real=0.00 secs] 
2020-11-18T11:05:43.900-0800: 0.378: [Full GC (System.gc()) 2020-11-18T11:05:43.900-0800: 0.378: [CMS: 909K->912K(6848K), 0.0034860 secs] 963K->912K(9920K), [Metaspace: 4886K->4886K(139264K)], 0.0035410 secs] [Times: user=0.01 sys=0.00, real=0.00 secs] 
2020-11-18T11:05:43.905-0800: 0.383: [Full GC (System.gc()) 2020-11-18T11:05:43.905-0800: 0.383: [CMS: 912K->914K(6848K), 0.0033920 secs] 978K->914K(9920K), [Metaspace: 4888K->4888K(139264K)], 0.0034512 secs] [Times: user=0.00 sys=0.00, real=0.00 secs] 
2020-11-18T11:05:43.910-0800: 0.388: [Full GC (System.gc()) 2020-11-18T11:05:43.910-0800: 0.388: [CMS: 914K->917K(6848K), 0.0033947 secs] 969K->917K(9920K), [Metaspace: 4888K->4888K(139264K)], 0.0034605 secs] [Times: user=0.01 sys=0.00, real=0.00 secs] 
2020-11-18T11:05:43.915-0800: 0.393: [Full GC (System.gc()) 2020-11-18T11:05:43.915-0800: 0.393: [CMS: 917K->919K(6848K), 0.0037106 secs] 971K->919K(9920K), [Metaspace: 4888K->4888K(139264K)], 0.0037748 secs] [Times: user=0.01 sys=0.01, real=0.00 secs] 
2020-11-18T11:05:43.920-0800: 0.399: [Full GC (System.gc()) 2020-11-18T11:05:43.920-0800: 0.399: [CMS: 919K->922K(6848K), 0.0033477 secs] 974K->922K(9920K), [Metaspace: 4888K->4888K(139264K)], 0.0033945 secs] [Times: user=0.01 sys=0.00, real=0.00 secs] 
2020-11-18T11:05:43.925-0800: 0.403: [Full GC (System.gc()) 2020-11-18T11:05:43.925-0800: 0.403: [CMS: 922K->924K(6848K), 0.0036271 secs] 976K->924K(9920K), [Metaspace: 4888K->4888K(139264K)], 0.0036833 secs] [Times: user=0.01 sys=0.00, real=0.00 secs] 
2020-11-18T11:05:43.930-0800: 0.408: [Full GC (System.gc()) 2020-11-18T11:05:43.930-0800: 0.408: [CMS: 924K->927K(6848K), 0.0029794 secs] 979K->927K(9920K), [Metaspace: 4888K->4888K(139264K)], 0.0030230 secs] [Times: user=0.00 sys=0.00, real=0.00 secs] 
2020-11-18T11:05:43.934-0800: 0.413: [Full GC (System.gc()) 2020-11-18T11:05:43.934-0800: 0.413: [CMS: 927K->929K(6848K), 0.0034040 secs] 981K->929K(9920K), [Metaspace: 4888K->4888K(139264K)], 0.0034718 secs] [Times: user=0.01 sys=0.00, real=0.00 secs] 
2020-11-18T11:05:43.939-0800: 0.418: [Full GC (System.gc()) 2020-11-18T11:05:43.939-0800: 0.418: [CMS: 929K->931K(6848K), 0.0041189 secs] 983K->931K(9920K), [Metaspace: 4888K->4888K(139264K)], 0.0041955 secs] [Times: user=0.00 sys=0.00, real=0.01 secs] 
2020-11-18T11:05:43.945-0800: 0.424: [Full GC (System.gc()) 2020-11-18T11:05:43.945-0800: 0.424: [CMS: 931K->934K(6848K), 0.0033969 secs] 986K->934K(9920K), [Metaspace: 4888K->4888K(139264K)], 0.0034676 secs] [Times: user=0.00 sys=0.00, real=0.00 secs] 
2020-11-18T11:05:43.950-0800: 0.429: [Full GC (System.gc()) 2020-11-18T11:05:43.950-0800: 0.429: [CMS: 934K->936K(6848K), 0.0035451 secs] 988K->936K(9920K), [Metaspace: 4888K->4888K(139264K)], 0.0036165 secs] [Times: user=0.00 sys=0.00, real=0.00 secs] 
2020-11-18T11:05:43.955-0800: 0.434: [Full GC (System.gc()) 2020-11-18T11:05:43.955-0800: 0.434: [CMS: 936K->939K(6848K), 0.0031520 secs] 991K->939K(9920K), [Metaspace: 4888K->4888K(139264K)], 0.0032013 secs] [Times: user=0.01 sys=0.00, real=0.00 secs] 
2020-11-18T11:05:43.960-0800: 0.438: [Full GC (System.gc()) 2020-11-18T11:05:43.960-0800: 0.438: [CMS: 939K->941K(6848K), 0.0031635 secs] 993K->941K(9920K), [Metaspace: 4888K->4888K(139264K)], 0.0032100 secs] [Times: user=0.01 sys=0.00, real=0.00 secs] 
2020-11-18T11:05:43.964-0800: 0.443: [Full GC (System.gc()) 2020-11-18T11:05:43.964-0800: 0.443: [CMS: 941K->944K(6848K), 0.0028853 secs] 996K->944K(9920K), [Metaspace: 4888K->4888K(139264K)], 0.0029293 secs] [Times: user=0.00 sys=0.00, real=0.00 secs] 
2020-11-18T11:05:43.969-0800: 0.447: [Full GC (System.gc()) 2020-11-18T11:05:43.969-0800: 0.447: [CMS: 944K->946K(6848K), 0.0033971 secs] 998K->946K(9920K), [Metaspace: 4888K->4888K(139264K)], 0.0034632 secs] [Times: user=0.01 sys=0.00, real=0.01 secs] 
2020-11-18T11:05:43.974-0800: 0.452: [Full GC (System.gc()) 2020-11-18T11:05:43.974-0800: 0.452: [CMS: 946K->948K(6848K), 0.0033970 secs] 1000K->948K(9920K), [Metaspace: 4888K->4888K(139264K)], 0.0034720 secs] [Times: user=0.00 sys=0.00, real=0.00 secs] 
2020-11-18T11:05:43.979-0800: 0.457: [Full GC (System.gc()) 2020-11-18T11:05:43.979-0800: 0.457: [CMS: 948K->951K(6848K), 0.0034887 secs] 1003K->951K(9920K), [Metaspace: 4888K->4888K(139264K)], 0.0035596 secs] [Times: user=0.00 sys=0.00, real=0.01 secs] 
2020-11-18T11:05:43.984-0800: 0.462: [Full GC (System.gc()) 2020-11-18T11:05:43.984-0800: 0.462: [CMS: 951K->953K(6848K), 0.0030289 secs] 1005K->953K(9920K), [Metaspace: 4888K->4888K(139264K)], 0.0030752 secs] [Times: user=0.00 sys=0.00, real=0.00 secs] 
2020-11-18T11:05:43.988-0800: 0.467: [Full GC (System.gc()) 2020-11-18T11:05:43.988-0800: 0.467: [CMS: 953K->956K(6848K), 0.0035415 secs] 1008K->956K(9920K), [Metaspace: 4888K->4888K(139264K)], 0.0036163 secs] [Times: user=0.00 sys=0.00, real=0.01 secs] 
2020-11-18T11:05:43.993-0800: 0.472: [Full GC (System.gc()) 2020-11-18T11:05:43.993-0800: 0.472: [CMS: 956K->958K(6848K), 0.0030199 secs] 1010K->958K(9920K), [Metaspace: 4888K->4888K(139264K)], 0.0030654 secs] [Times: user=0.01 sys=0.00, real=0.00 secs] 
2020-11-18T11:05:43.998-0800: 0.477: [Full GC (System.gc()) 2020-11-18T11:05:43.998-0800: 0.477: [CMS: 958K->960K(6848K), 0.0035409 secs] 1012K->960K(9920K), [Metaspace: 4888K->4888K(139264K)], 0.0036119 secs] [Times: user=0.00 sys=0.00, real=0.01 secs] 
2020-11-18T11:05:44.003-0800: 0.482: [Full GC (System.gc()) 2020-11-18T11:05:44.003-0800: 0.482: [CMS: 960K->963K(6848K), 0.0038455 secs] 1015K->963K(9920K), [Metaspace: 4888K->4888K(139264K)], 0.0039253 secs] [Times: user=0.00 sys=0.00, real=0.00 secs] 
2020-11-18T11:05:44.008-0800: 0.487: [Full GC (System.gc()) 2020-11-18T11:05:44.008-0800: 0.487: [CMS: 963K->965K(6848K), 0.0033866 secs] 1017K->965K(9920K), [Metaspace: 4888K->4888K(139264K)], 0.0034428 secs] [Times: user=0.00 sys=0.00, real=0.01 secs] 
2020-11-18T11:05:44.013-0800: 0.492: [Full GC (System.gc()) 2020-11-18T11:05:44.013-0800: 0.492: [CMS: 965K->968K(6848K), 0.0032009 secs] 1020K->968K(9920K), [Metaspace: 4888K->4888K(139264K)], 0.0032588 secs] [Times: user=0.00 sys=0.00, real=0.00 secs] 
2020-11-18T11:05:44.018-0800: 0.496: [Full GC (System.gc()) 2020-11-18T11:05:44.018-0800: 0.496: [CMS: 968K->970K(6848K), 0.0029929 secs] 1022K->970K(9920K), [Metaspace: 4888K->4888K(139264K)], 0.0030386 secs] [Times: user=0.01 sys=0.00, real=0.01 secs] 
2020-11-18T11:05:44.022-0800: 0.501: [Full GC (System.gc()) 2020-11-18T11:05:44.022-0800: 0.501: [CMS: 970K->972K(6848K), 0.0030274 secs] 1024K->972K(9920K), [Metaspace: 4888K->4888K(139264K)], 0.0030736 secs] [Times: user=0.00 sys=0.00, real=0.00 secs] 
2020-11-18T11:05:44.026-0800: 0.505: [Full GC (System.gc()) 2020-11-18T11:05:44.026-0800: 0.505: [CMS: 972K->975K(6848K), 0.0034370 secs] 1027K->975K(9920K), [Metaspace: 4888K->4888K(139264K)], 0.0035026 secs] [Times: user=0.01 sys=0.00, real=0.01 secs] 
2020-11-18T11:05:44.031-0800: 0.510: [Full GC (System.gc()) 2020-11-18T11:05:44.031-0800: 0.510: [CMS: 975K->977K(6848K), 0.0035074 secs] 1029K->977K(9920K), [Metaspace: 4888K->4888K(139264K)], 0.0035770 secs] [Times: user=0.00 sys=0.00, real=0.00 secs] 
2020-11-18T11:05:44.036-0800: 0.515: [Full GC (System.gc()) 2020-11-18T11:05:44.036-0800: 0.515: [CMS: 977K->980K(6848K), 0.0036514 secs] 1032K->980K(9920K), [Metaspace: 4888K->4888K(139264K)], 0.0037235 secs] [Times: user=0.01 sys=0.00, real=0.01 secs] 
2020-11-18T11:05:44.041-0800: 0.520: [Full GC (System.gc()) 2020-11-18T11:05:44.041-0800: 0.520: [CMS: 980K->982K(6848K), 0.0031889 secs] 1034K->982K(9920K), [Metaspace: 4888K->4888K(139264K)], 0.0032406 secs] [Times: user=0.00 sys=0.00, real=0.00 secs] 
2020-11-18T11:05:44.046-0800: 0.525: [Full GC (System.gc()) 2020-11-18T11:05:44.046-0800: 0.525: [CMS: 982K->985K(6848K), 0.0030679 secs] 1037K->985K(9920K), [Metaspace: 4888K->4888K(139264K)], 0.0031152 secs] [Times: user=0.00 sys=0.00, real=0.00 secs] 
2020-11-18T11:05:44.051-0800: 0.529: [Full GC (System.gc()) 2020-11-18T11:05:44.051-0800: 0.529: [CMS: 985K->987K(6848K), 0.0031592 secs] 1039K->987K(9920K), [Metaspace: 4888K->4888K(139264K)], 0.0032074 secs] [Times: user=0.00 sys=0.00, real=0.00 secs] 
2020-11-18T11:05:44.055-0800: 0.534: [Full GC (System.gc()) 2020-11-18T11:05:44.056-0800: 0.534: [CMS: 987K->990K(6848K), 0.0031867 secs] 1042K->990K(9920K), [Metaspace: 4888K->4888K(139264K)], 0.0032347 secs] [Times: user=0.01 sys=0.00, real=0.00 secs] 
2020-11-18T11:05:44.060-0800: 0.539: [Full GC (System.gc()) 2020-11-18T11:05:44.060-0800: 0.539: [CMS: 990K->992K(6848K), 0.0032262 secs] 1044K->992K(9920K), [Metaspace: 4888K->4888K(139264K)], 0.0032771 secs] [Times: user=0.01 sys=0.00, real=0.00 secs] 
2020-11-18T11:05:44.065-0800: 0.544: [Full GC (System.gc()) 2020-11-18T11:05:44.065-0800: 0.544: [CMS: 992K->995K(6848K), 0.0030385 secs] 1047K->995K(9920K), [Metaspace: 4888K->4888K(139264K)], 0.0030847 secs] [Times: user=0.00 sys=0.00, real=0.00 secs] 
2020-11-18T11:05:44.069-0800: 0.548: [Full GC (System.gc()) 2020-11-18T11:05:44.069-0800: 0.548: [CMS: 995K->997K(6848K), 0.0029261 secs] 1049K->997K(9920K), [Metaspace: 4888K->4888K(139264K)], 0.0029704 secs] [Times: user=0.01 sys=0.00, real=0.01 secs] 
2020-11-18T11:05:44.074-0800: 0.553: [Full GC (System.gc()) 2020-11-18T11:05:44.074-0800: 0.553: [CMS: 997K->1000K(6848K), 0.0029969 secs] 1052K->1000K(9920K), [Metaspace: 4888K->4888K(139264K)], 0.0030419 secs] [Times: user=0.00 sys=0.00, real=0.00 secs] 
2020-11-18T11:05:44.078-0800: 0.557: [Full GC (System.gc()) 2020-11-18T11:05:44.078-0800: 0.557: [CMS: 1000K->1002K(6848K), 0.0029360 secs] 1054K->1002K(9920K), [Metaspace: 4888K->4888K(139264K)], 0.0029843 secs] [Times: user=0.00 sys=0.00, real=0.01 secs] 
2020-11-18T11:05:44.083-0800: 0.561: [Full GC (System.gc()) 2020-11-18T11:05:44.083-0800: 0.561: [CMS: 1002K->1005K(6848K), 0.0028125 secs] 1056K->1005K(9920K), [Metaspace: 4888K->4888K(139264K)], 0.0028552 secs] [Times: user=0.01 sys=0.00, real=0.00 secs] 
2020-11-18T11:05:44.087-0800: 0.566: [Full GC (System.gc()) 2020-11-18T11:05:44.087-0800: 0.566: [CMS: 1005K->1007K(6848K), 0.0027527 secs] 1059K->1007K(9920K), [Metaspace: 4888K->4888K(139264K)], 0.0027945 secs] [Times: user=0.01 sys=0.00, real=0.01 secs] 
2020-11-18T11:05:44.091-0800: 0.570: [Full GC (System.gc()) 2020-11-18T11:05:44.091-0800: 0.570: [CMS: 1007K->1010K(6848K), 0.0027787 secs] 1062K->1010K(9920K), [Metaspace: 4888K->4888K(139264K)], 0.0028215 secs] [Times: user=0.00 sys=0.00, real=0.00 secs] 
2020-11-18T11:05:44.095-0800: 0.574: [Full GC (System.gc()) 2020-11-18T11:05:44.095-0800: 0.574: [CMS: 1010K->1012K(6848K), 0.0031237 secs] 1064K->1012K(9920K), [Metaspace: 4888K->4888K(139264K)], 0.0031890 secs] [Times: user=0.01 sys=0.00, real=0.00 secs] 
2020-11-18T11:05:44.100-0800: 0.579: [Full GC (System.gc()) 2020-11-18T11:05:44.100-0800: 0.579: [CMS: 1012K->1015K(6848K), 0.0032891 secs] 1066K->1015K(9920K), [Metaspace: 4888K->4888K(139264K)], 0.0033540 secs] [Times: user=0.00 sys=0.00, real=0.00 secs] 
2020-11-18T11:05:44.105-0800: 0.583: [Full GC (System.gc()) 2020-11-18T11:05:44.105-0800: 0.583: [CMS: 1015K->1017K(6848K), 0.0031852 secs] 1069K->1017K(9920K), [Metaspace: 4888K->4888K(139264K)], 0.0032519 secs] [Times: user=0.00 sys=0.00, real=0.00 secs] 
2020-11-18T11:05:44.109-0800: 0.588: [Full GC (System.gc()) 2020-11-18T11:05:44.109-0800: 0.588: [CMS: 1017K->1019K(6848K), 0.0034120 secs] 1071K->1019K(9920K), [Metaspace: 4888K->4888K(139264K)], 0.0034874 secs] [Times: user=0.01 sys=0.00, real=0.01 secs] 
2020-11-18T11:05:44.114-0800: 0.593: [Full GC (System.gc()) 2020-11-18T11:05:44.114-0800: 0.593: [CMS: 1019K->1022K(6848K), 0.0035522 secs] 1074K->1022K(9920K), [Metaspace: 4888K->4888K(139264K)], 0.0036188 secs] [Times: user=0.00 sys=0.00, real=0.00 secs] 
2020-11-18T11:05:44.119-0800: 0.598: [Full GC (System.gc()) 2020-11-18T11:05:44.119-0800: 0.598: [CMS: 1022K->1024K(6848K), 0.0038177 secs] 1076K->1024K(9920K), [Metaspace: 4888K->4888K(139264K)], 0.0038911 secs] [Times: user=0.00 sys=0.00, real=0.01 secs] 
2020-11-18T11:05:44.125-0800: 0.603: [Full GC (System.gc()) 2020-11-18T11:05:44.125-0800: 0.603: [CMS: 1024K->1027K(6848K), 0.0036431 secs] 1079K->1027K(9920K), [Metaspace: 4888K->4888K(139264K)], 0.0037070 secs] [Times: user=0.01 sys=0.00, real=0.00 secs] 
2020-11-18T11:05:44.130-0800: 0.608: [Full GC (System.gc()) 2020-11-18T11:05:44.130-0800: 0.608: [CMS: 1027K->1029K(6848K), 0.0031585 secs] 1081K->1029K(9920K), [Metaspace: 4888K->4888K(139264K)], 0.0031989 secs] [Times: user=0.00 sys=0.00, real=0.00 secs] 
2020-11-18T11:05:44.134-0800: 0.613: [Full GC (System.gc()) 2020-11-18T11:05:44.134-0800: 0.613: [CMS: 1029K->1031K(6848K), 0.0030577 secs] 1083K->1031K(9920K), [Metaspace: 4888K->4888K(139264K)], 0.0031051 secs] [Times: user=0.00 sys=0.00, real=0.00 secs] 
2020-11-18T11:05:44.139-0800: 0.617: [Full GC (System.gc()) 2020-11-18T11:05:44.139-0800: 0.617: [CMS: 1031K->1034K(6848K), 0.0028771 secs] 1086K->1034K(9920K), [Metaspace: 4888K->4888K(139264K)], 0.0029302 secs] [Times: user=0.01 sys=0.00, real=0.01 secs] 
2020-11-18T11:05:44.143-0800: 0.622: [Full GC (System.gc()) 2020-11-18T11:05:44.143-0800: 0.622: [CMS: 1034K->1036K(6848K), 0.0034649 secs] 1088K->1036K(9920K), [Metaspace: 4888K->4888K(139264K)], 0.0035507 secs] [Times: user=0.00 sys=0.01, real=0.00 secs] 
2020-11-18T11:05:44.148-0800: 0.627: [Full GC (System.gc()) 2020-11-18T11:05:44.148-0800: 0.627: [CMS: 1036K->1039K(6848K), 0.0035849 secs] 1091K->1039K(9920K), [Metaspace: 4888K->4888K(139264K)], 0.0036561 secs] [Times: user=0.01 sys=0.00, real=0.01 secs] 
2020-11-18T11:05:44.153-0800: 0.632: [Full GC (System.gc()) 2020-11-18T11:05:44.153-0800: 0.632: [CMS: 1039K->1041K(6848K), 0.0029606 secs] 1093K->1041K(9920K), [Metaspace: 4888K->4888K(139264K)], 0.0030059 secs] [Times: user=0.00 sys=0.00, real=0.00 secs] 
2020-11-18T11:05:44.158-0800: 0.636: [Full GC (System.gc()) 2020-11-18T11:05:44.158-0800: 0.636: [CMS: 1041K->1044K(6848K), 0.0029181 secs] 1096K->1044K(9920K), [Metaspace: 4888K->4888K(139264K)], 0.0029602 secs] [Times: user=0.00 sys=0.00, real=0.01 secs] 
2020-11-18T11:05:44.162-0800: 0.641: [Full GC (System.gc()) 2020-11-18T11:05:44.162-0800: 0.641: [CMS: 1044K->1046K(6848K), 0.0034266 secs] 1098K->1046K(9920K), [Metaspace: 4888K->4888K(139264K)], 0.0035035 secs] [Times: user=0.00 sys=0.00, real=0.00 secs] 
2020-11-18T11:05:44.167-0800: 0.646: [Full GC (System.gc()) 2020-11-18T11:05:44.167-0800: 0.646: [CMS: 1046K->1048K(6848K), 0.0034006 secs] 1100K->1048K(9920K), [Metaspace: 4888K->4888K(139264K)], 0.0034675 secs] [Times: user=0.00 sys=0.00, real=0.01 secs] 
2020-11-18T11:05:44.172-0800: 0.650: [Full GC (System.gc()) 2020-11-18T11:05:44.172-0800: 0.650: [CMS: 1048K->1051K(6848K), 0.0037068 secs] 1103K->1051K(9920K), [Metaspace: 4888K->4888K(139264K)], 0.0037820 secs] [Times: user=0.00 sys=0.00, real=0.00 secs] 
2020-11-18T11:05:44.177-0800: 0.655: [Full GC (System.gc()) 2020-11-18T11:05:44.177-0800: 0.655: [CMS: 1051K->1053K(6848K), 0.0032412 secs] 1105K->1053K(9920K), [Metaspace: 4888K->4888K(139264K)], 0.0032953 secs] [Times: user=0.01 sys=0.00, real=0.01 secs] 
2020-11-18T11:05:44.182-0800: 0.660: [Full GC (System.gc()) 2020-11-18T11:05:44.182-0800: 0.660: [CMS: 1053K->1056K(6848K), 0.0035656 secs] 1108K->1056K(9920K), [Metaspace: 4888K->4888K(139264K)], 0.0036387 secs] [Times: user=0.00 sys=0.00, real=0.00 secs] 
2020-11-18T11:05:44.187-0800: 0.665: [Full GC (System.gc()) 2020-11-18T11:05:44.187-0800: 0.665: [CMS: 1056K->1058K(6848K), 0.0036162 secs] 1110K->1058K(9920K), [Metaspace: 4888K->4888K(139264K)], 0.0036879 secs] [Times: user=0.00 sys=0.00, real=0.01 secs] 
2020-11-18T11:05:44.192-0800: 0.670: [Full GC (System.gc()) 2020-11-18T11:05:44.192-0800: 0.671: [CMS: 1058K->1061K(6848K), 0.0034446 secs] 1112K->1061K(9920K), [Metaspace: 4888K->4888K(139264K)], 0.0035166 secs] [Times: user=0.01 sys=0.00, real=0.00 secs] 
2020-11-18T11:05:44.197-0800: 0.676: [Full GC (System.gc()) 2020-11-18T11:05:44.197-0800: 0.676: [CMS: 1061K->1063K(6848K), 0.0037290 secs] 1115K->1063K(9920K), [Metaspace: 4888K->4888K(139264K)], 0.0038161 secs] [Times: user=0.00 sys=0.00, real=0.01 secs] 
2020-11-18T11:05:44.202-0800: 0.681: [Full GC (System.gc()) 2020-11-18T11:05:44.202-0800: 0.681: [CMS: 1063K->1065K(6848K), 0.0035343 secs] 1117K->1065K(9920K), [Metaspace: 4888K->4888K(139264K)], 0.0036060 secs] [Times: user=0.01 sys=0.00, real=0.00 secs] 
2020-11-18T11:05:44.207-0800: 0.686: [Full GC (System.gc()) 2020-11-18T11:05:44.207-0800: 0.686: [CMS: 1065K->1068K(6848K), 0.0038655 secs] 1120K->1068K(9920K), [Metaspace: 4888K->4888K(139264K)], 0.0039458 secs] [Times: user=0.00 sys=0.00, real=0.01 secs] 
2020-11-18T11:05:44.213-0800: 0.691: [Full GC (System.gc()) 2020-11-18T11:05:44.213-0800: 0.691: [CMS: 1068K->1070K(6848K), 0.0034296 secs] 1122K->1070K(9920K), [Metaspace: 4888K->4888K(139264K)], 0.0034877 secs] [Times: user=0.00 sys=0.00, real=0.00 secs] 
2020-11-18T11:05:44.218-0800: 0.696: [Full GC (System.gc()) 2020-11-18T11:05:44.218-0800: 0.696: [CMS: 1070K->1073K(6848K), 0.0032268 secs] 1125K->1073K(9920K), [Metaspace: 4888K->4888K(139264K)], 0.0032736 secs] [Times: user=0.01 sys=0.00, real=0.01 secs] 
2020-11-18T11:05:44.222-0800: 0.701: [Full GC (System.gc()) 2020-11-18T11:05:44.222-0800: 0.701: [CMS: 1073K->1075K(6848K), 0.0031623 secs] 1127K->1075K(9920K), [Metaspace: 4888K->4888K(139264K)], 0.0032100 secs] [Times: user=0.00 sys=0.00, real=0.00 secs] 
2020-11-18T11:05:44.227-0800: 0.705: [Full GC (System.gc()) 2020-11-18T11:05:44.227-0800: 0.705: [CMS: 1075K->1077K(6848K), 0.0034414 secs] 1129K->1077K(9920K), [Metaspace: 4888K->4888K(139264K)], 0.0035057 secs] [Times: user=0.00 sys=0.00, real=0.01 secs] 
2020-11-18T11:05:44.232-0800: 0.710: [Full GC (System.gc()) 2020-11-18T11:05:44.232-0800: 0.710: [CMS: 1077K->1080K(6848K), 0.0032320 secs] 1132K->1080K(9920K), [Metaspace: 4888K->4888K(139264K)], 0.0032820 secs] [Times: user=0.01 sys=0.00, real=0.00 secs] 
2020-11-18T11:05:44.236-0800: 0.715: [Full GC (System.gc()) 2020-11-18T11:05:44.236-0800: 0.715: [CMS: 1080K->1082K(6848K), 0.0031278 secs] 1134K->1082K(9920K), [Metaspace: 4888K->4888K(139264K)], 0.0031759 secs] [Times: user=0.00 sys=0.00, real=0.00 secs] 
2020-11-18T11:05:44.241-0800: 0.719: [Full GC (System.gc()) 2020-11-18T11:05:44.241-0800: 0.719: [CMS: 1082K->1085K(6848K), 0.0036170 secs] 1137K->1085K(9920K), [Metaspace: 4888K->4888K(139264K)], 0.0036886 secs] [Times: user=0.00 sys=0.00, real=0.00 secs] 
2020-11-18T11:05:44.246-0800: 0.724: [Full GC (System.gc()) 2020-11-18T11:05:44.246-0800: 0.724: [CMS: 1085K->1087K(6848K), 0.0036293 secs] 1139K->1087K(9920K), [Metaspace: 4888K->4888K(139264K)], 0.0036980 secs] [Times: user=0.01 sys=0.00, real=0.00 secs] 
2020-11-18T11:05:44.251-0800: 0.729: [Full GC (System.gc()) 2020-11-18T11:05:44.251-0800: 0.729: [CMS: 1087K->1089K(6848K), 0.0036088 secs] 1141K->1089K(9920K), [Metaspace: 4888K->4888K(139264K)], 0.0036810 secs] [Times: user=0.00 sys=0.00, real=0.00 secs] 
2020-11-18T11:05:44.256-0800: 0.734: [Full GC (System.gc()) 2020-11-18T11:05:44.256-0800: 0.734: [CMS: 1089K->1092K(6848K), 0.0035545 secs] 1144K->1092K(9920K), [Metaspace: 4888K->4888K(139264K)], 0.0036260 secs] [Times: user=0.00 sys=0.00, real=0.00 secs] 
2020-11-18T11:05:44.261-0800: 0.740: [Full GC (System.gc()) 2020-11-18T11:05:44.261-0800: 0.740: [CMS: 1092K->1094K(6848K), 0.0036458 secs] 1146K->1094K(9920K), [Metaspace: 4888K->4888K(139264K)], 0.0037158 secs] [Times: user=0.01 sys=0.00, real=0.00 secs] 
2020-11-18T11:05:44.266-0800: 0.745: [Full GC (System.gc()) 2020-11-18T11:05:44.266-0800: 0.745: [CMS: 1094K->1097K(6848K), 0.0035930 secs] 1149K->1097K(9920K), [Metaspace: 4888K->4888K(139264K)], 0.0036669 secs] [Times: user=0.00 sys=0.00, real=0.01 secs] 
2020-11-18T11:05:44.271-0800: 0.749: [Full GC (System.gc()) 2020-11-18T11:05:44.271-0800: 0.750: [CMS: 1097K->1099K(6848K), 0.0041697 secs] 1151K->1099K(9920K), [Metaspace: 4888K->4888K(139264K)], 0.0042327 secs] [Times: user=0.01 sys=0.00, real=0.00 secs] 
2020-11-18T11:05:44.276-0800: 0.755: [Full GC (System.gc()) 2020-11-18T11:05:44.276-0800: 0.755: [CMS: 1099K->1102K(6848K), 0.0032786 secs] 1154K->1102K(9920K), [Metaspace: 4888K->4888K(139264K)], 0.0033277 secs] [Times: user=0.00 sys=0.00, real=0.01 secs] 
2020-11-18T11:05:44.281-0800: 0.760: [Full GC (System.gc()) 2020-11-18T11:05:44.281-0800: 0.760: [CMS: 1102K->1104K(6848K), 0.0030800 secs] 1156K->1104K(9920K), [Metaspace: 4888K->4888K(139264K)], 0.0031254 secs] [Times: user=0.00 sys=0.00, real=0.00 secs] 
2020-11-18T11:05:44.286-0800: 0.764: [Full GC (System.gc()) 2020-11-18T11:05:44.286-0800: 0.764: [CMS: 1104K->1106K(6848K), 0.0029196 secs] 1158K->1106K(9920K), [Metaspace: 4889K->4889K(139264K)], 0.0029617 secs] [Times: user=0.01 sys=0.00, real=0.00 secs] 
2020-11-18T11:05:44.290-0800: 0.769: [Full GC (System.gc()) 2020-11-18T11:05:44.290-0800: 0.769: [CMS: 1106K->1109K(6848K), 0.0033434 secs] 1161K->1109K(9920K), [Metaspace: 4889K->4889K(139264K)], 0.0034104 secs] [Times: user=0.00 sys=0.00, real=0.00 secs] 
2020-11-18T11:05:44.295-0800: 0.774: [Full GC (System.gc()) 2020-11-18T11:05:44.295-0800: 0.774: [CMS: 1109K->1111K(6848K), 0.0035915 secs] 1163K->1111K(9920K), [Metaspace: 4889K->4889K(139264K)], 0.0036803 secs] [Times: user=0.00 sys=0.00, real=0.00 secs] 
2020-11-18T11:05:44.300-0800: 0.779: [Full GC (System.gc()) 2020-11-18T11:05:44.300-0800: 0.779: [CMS: 1111K->1114K(6848K), 0.0037470 secs] 1166K->1114K(9920K), [Metaspace: 4889K->4889K(139264K)], 0.0038261 secs] [Times: user=0.01 sys=0.00, real=0.00 secs] 
2020-11-18T11:05:44.305-0800: 0.784: [Full GC (System.gc()) 2020-11-18T11:05:44.305-0800: 0.784: [CMS: 1114K->1116K(6848K), 0.0036764 secs] 1168K->1116K(9920K), [Metaspace: 4889K->4889K(139264K)], 0.0037521 secs] [Times: user=0.00 sys=0.00, real=0.00 secs] 
2020-11-18T11:05:44.310-0800: 0.789: [Full GC (System.gc()) 2020-11-18T11:05:44.310-0800: 0.789: [CMS: 1116K->1118K(6848K), 0.0035079 secs] 1170K->1118K(9920K), [Metaspace: 4889K->4889K(139264K)], 0.0035787 secs] [Times: user=0.00 sys=0.00, real=0.00 secs] 
2020-11-18T11:05:44.315-0800: 0.794: [Full GC (System.gc()) 2020-11-18T11:05:44.315-0800: 0.794: [CMS: 1118K->1121K(6848K), 0.0031600 secs] 1173K->1121K(9920K), [Metaspace: 4889K->4889K(139264K)], 0.0032108 secs] [Times: user=0.00 sys=0.00, real=0.00 secs] 
2020-11-18T11:05:44.320-0800: 0.799: [Full GC (System.gc()) 2020-11-18T11:05:44.320-0800: 0.799: [CMS: 1121K->1123K(6848K), 0.0035804 secs] 1175K->1123K(9920K), [Metaspace: 4889K->4889K(139264K)], 0.0036509 secs] [Times: user=0.00 sys=0.00, real=0.00 secs] 
2020-11-18T11:05:44.325-0800: 0.803: [Full GC (System.gc()) 2020-11-18T11:05:44.325-0800: 0.804: [CMS: 1123K->1126K(6848K), 0.0035091 secs] 1178K->1126K(9920K), [Metaspace: 4889K->4889K(139264K)], 0.0035799 secs] [Times: user=0.01 sys=0.00, real=0.00 secs] 
2020-11-18T11:05:44.330-0800: 0.809: [Full GC (System.gc()) 2020-11-18T11:05:44.330-0800: 0.809: [CMS: 1126K->1128K(6848K), 0.0035792 secs] 1180K->1128K(9920K), [Metaspace: 4889K->4889K(139264K)], 0.0036493 secs] [Times: user=0.00 sys=0.00, real=0.00 secs] 
2020-11-18T11:05:44.335-0800: 0.814: [Full GC (System.gc()) 2020-11-18T11:05:44.335-0800: 0.814: [CMS: 1128K->1131K(6848K), 0.0035297 secs] 1183K->1131K(9920K), [Metaspace: 4889K->4889K(139264K)], 0.0036006 secs] [Times: user=0.00 sys=0.00, real=0.00 secs] 
2020-11-18T11:05:44.340-0800: 0.819: [Full GC (System.gc()) 2020-11-18T11:05:44.340-0800: 0.819: [CMS: 1131K->1133K(6848K), 0.0035479 secs] 1185K->1133K(9920K), [Metaspace: 4889K->4889K(139264K)], 0.0036212 secs] [Times: user=0.01 sys=0.00, real=0.00 secs] 
2020-11-18T11:05:44.345-0800: 0.824: [Full GC (System.gc()) 2020-11-18T11:05:44.345-0800: 0.824: [CMS: 1133K->1136K(6848K), 0.0035158 secs] 1188K->1136K(9920K), [Metaspace: 4889K->4889K(139264K)], 0.0035895 secs] [Times: user=0.00 sys=0.00, real=0.00 secs] 
2020-11-18T11:05:44.350-0800: 0.829: [Full GC (System.gc()) 2020-11-18T11:05:44.350-0800: 0.829: [CMS: 1136K->1138K(6848K), 0.0035233 secs] 1190K->1138K(9920K), [Metaspace: 4889K->4889K(139264K)], 0.0035933 secs] [Times: user=0.00 sys=0.00, real=0.00 secs] 
2020-11-18T11:05:44.356-0800: 0.834: [Full GC (System.gc()) 2020-11-18T11:05:44.356-0800: 0.834: [CMS: 1138K->1140K(6848K), 0.0035338 secs] 1192K->1140K(9920K), [Metaspace: 4889K->4889K(139264K)], 0.0036020 secs] [Times: user=0.01 sys=0.00, real=0.00 secs] 
2020-11-18T11:05:44.361-0800: 0.839: [Full GC (System.gc()) 2020-11-18T11:05:44.361-0800: 0.839: [CMS: 1140K->1143K(6848K), 0.0035485 secs] 1195K->1143K(9920K), [Metaspace: 4889K->4889K(139264K)], 0.0036171 secs] [Times: user=0.00 sys=0.00, real=0.00 secs] 
2020-11-18T11:05:44.366-0800: 0.844: [Full GC (System.gc()) 2020-11-18T11:05:44.366-0800: 0.844: [CMS: 1143K->1145K(6848K), 0.0035337 secs] 1197K->1145K(9920K), [Metaspace: 4889K->4889K(139264K)], 0.0036023 secs] [Times: user=0.01 sys=0.00, real=0.00 secs] 
2020-11-18T11:05:44.371-0800: 0.849: [Full GC (System.gc()) 2020-11-18T11:05:44.371-0800: 0.850: [CMS: 1145K->1148K(6848K), 0.0036312 secs] 1200K->1148K(9920K), [Metaspace: 4889K->4889K(139264K)], 0.0037013 secs] [Times: user=0.00 sys=0.00, real=0.00 secs] 
2020-11-18T11:05:44.376-0800: 0.855: [Full GC (System.gc()) 2020-11-18T11:05:44.376-0800: 0.855: [CMS: 1148K->1150K(6848K), 0.0036269 secs] 1202K->1150K(9920K), [Metaspace: 4889K->4889K(139264K)], 0.0036958 secs] [Times: user=0.00 sys=0.00, real=0.01 secs] 
2020-11-18T11:05:44.381-0800: 0.860: [Full GC (System.gc()) 2020-11-18T11:05:44.381-0800: 0.860: [CMS: 1150K->1152K(6848K), 0.0036602 secs] 1204K->1152K(9920K), [Metaspace: 4889K->4889K(139264K)], 0.0037390 secs] [Times: user=0.01 sys=0.00, real=0.00 secs] 
2020-11-18T11:05:44.386-0800: 0.865: [Full GC (System.gc()) 2020-11-18T11:05:44.387-0800: 0.865: [CMS: 1152K->1155K(6848K), 0.0036296 secs] 1207K->1155K(9920K), [Metaspace: 4889K->4889K(139264K)], 0.0037002 secs] [Times: user=0.00 sys=0.00, real=0.01 secs] 
2020-11-18T11:05:44.392-0800: 0.870: [Full GC (System.gc()) 2020-11-18T11:05:44.392-0800: 0.870: [CMS: 1155K->1157K(6848K), 0.0035286 secs] 1209K->1157K(9920K), [Metaspace: 4889K->4889K(139264K)], 0.0035984 secs] [Times: user=0.00 sys=0.00, real=0.00 secs] 
2020-11-18T11:05:44.397-0800: 0.875: [Full GC (System.gc()) 2020-11-18T11:05:44.397-0800: 0.875: [CMS: 1157K->1160K(6848K), 0.0035289 secs] 1212K->1160K(9920K), [Metaspace: 4889K->4889K(139264K)], 0.0035984 secs] [Times: user=0.01 sys=0.00, real=0.01 secs] 
2020-11-18T11:05:44.402-0800: 0.880: [Full GC (System.gc()) 2020-11-18T11:05:44.402-0800: 0.880: [CMS: 1160K->1162K(6848K), 0.0035570 secs] 1214K->1162K(9920K), [Metaspace: 4889K->4889K(139264K)], 0.0036286 secs] [Times: user=0.00 sys=0.00, real=0.00 secs] 
2020-11-18T11:05:44.407-0800: 0.886: [Full GC (System.gc()) 2020-11-18T11:05:44.407-0800: 0.886: [CMS: 1162K->1165K(6848K), 0.0036302 secs] 1216K->1165K(9920K), [Metaspace: 4889K->4889K(139264K)], 0.0037042 secs] [Times: user=0.01 sys=0.00, real=0.01 secs] 
2020-11-18T11:05:44.412-0800: 0.891: [Full GC (System.gc()) 2020-11-18T11:05:44.412-0800: 0.891: [CMS: 1165K->1167K(6848K), 0.0036221 secs] 1219K->1167K(9920K), [Metaspace: 4889K->4889K(139264K)], 0.0036928 secs] [Times: user=0.00 sys=0.00, real=0.00 secs] 
2020-11-18T11:05:44.417-0800: 0.896: [Full GC (System.gc()) 2020-11-18T11:05:44.417-0800: 0.896: [CMS: 1167K->1169K(6848K), 0.0034312 secs] 1221K->1169K(9920K), [Metaspace: 4889K->4889K(139264K)], 0.0034972 secs] [Times: user=0.00 sys=0.00, real=0.01 secs] 
2020-11-18T11:05:44.422-0800: 0.901: [Full GC (System.gc()) 2020-11-18T11:05:44.422-0800: 0.901: [CMS: 1169K->1172K(6848K), 0.0035955 secs] 1224K->1172K(9920K), [Metaspace: 4889K->4889K(139264K)], 0.0036643 secs] [Times: user=0.01 sys=0.00, real=0.00 secs] 
2020-11-18T11:05:44.427-0800: 0.906: [Full GC (System.gc()) 2020-11-18T11:05:44.427-0800: 0.906: [CMS: 1172K->1174K(6848K), 0.0034795 secs] 1226K->1174K(9920K), [Metaspace: 4889K->4889K(139264K)], 0.0035522 secs] [Times: user=0.00 sys=0.00, real=0.01 secs] 
2020-11-18T11:05:44.432-0800: 0.911: [Full GC (System.gc()) 2020-11-18T11:05:44.432-0800: 0.911: [CMS: 1174K->1177K(6848K), 0.0035694 secs] 1229K->1177K(9920K), [Metaspace: 4889K->4889K(139264K)], 0.0036400 secs] [Times: user=0.00 sys=0.00, real=0.00 secs] 
2020-11-18T11:05:44.437-0800: 0.916: [Full GC (System.gc()) 2020-11-18T11:05:44.437-0800: 0.916: [CMS: 1177K->1179K(6848K), 0.0036323 secs] 1231K->1179K(9920K), [Metaspace: 4889K->4889K(139264K)], 0.0037072 secs] [Times: user=0.01 sys=0.00, real=0.01 secs] 
2020-11-18T11:05:44.442-0800: 0.921: [Full GC (System.gc()) 2020-11-18T11:05:44.442-0800: 0.921: [CMS: 1179K->1181K(6848K), 0.0035951 secs] 1233K->1181K(9920K), [Metaspace: 4889K->4889K(139264K)], 0.0036695 secs] [Times: user=0.00 sys=0.00, real=0.00 secs] 
2020-11-18T11:05:44.447-0800: 0.926: [Full GC (System.gc()) 2020-11-18T11:05:44.447-0800: 0.926: [CMS: 1181K->1184K(6848K), 0.0039695 secs] 1236K->1184K(9920K), [Metaspace: 4889K->4889K(139264K)], 0.0040475 secs] [Times: user=0.01 sys=0.00, real=0.01 secs] 
2020-11-18T11:05:44.453-0800: 0.932: [Full GC (System.gc()) 2020-11-18T11:05:44.453-0800: 0.932: [CMS: 1184K->1186K(6848K), 0.0035619 secs] 1238K->1186K(9920K), [Metaspace: 4889K->4889K(139264K)], 0.0036290 secs] [Times: user=0.00 sys=0.00, real=0.00 secs] 
2020-11-18T11:05:44.458-0800: 0.937: [Full GC (System.gc()) 2020-11-18T11:05:44.458-0800: 0.937: [CMS: 1186K->1189K(6848K), 0.0035676 secs] 1241K->1189K(9920K), [Metaspace: 4889K->4889K(139264K)], 0.0036557 secs] [Times: user=0.00 sys=0.00, real=0.01 secs] 
2020-11-18T11:05:44.463-0800: 0.941: [Full GC (System.gc()) 2020-11-18T11:05:44.463-0800: 0.941: [CMS: 1189K->1191K(6848K), 0.0036106 secs] 1243K->1191K(9920K), [Metaspace: 4889K->4889K(139264K)], 0.0036795 secs] [Times: user=0.01 sys=0.00, real=0.00 secs] 
2020-11-18T11:05:44.468-0800: 0.947: [Full GC (System.gc()) 2020-11-18T11:05:44.468-0800: 0.947: [CMS: 1191K->1193K(6848K), 0.0036242 secs] 1245K->1193K(9920K), [Metaspace: 4889K->4889K(139264K)], 0.0036959 secs] [Times: user=0.00 sys=0.00, real=0.01 secs] 
2020-11-18T11:05:44.473-0800: 0.952: [Full GC (System.gc()) 2020-11-18T11:05:44.473-0800: 0.952: [CMS: 1193K->1196K(6848K), 0.0035949 secs] 1248K->1196K(9920K), [Metaspace: 4889K->4889K(139264K)], 0.0036698 secs] [Times: user=0.00 sys=0.00, real=0.00 secs] 
2020-11-18T11:05:44.478-0800: 0.957: [Full GC (System.gc()) 2020-11-18T11:05:44.478-0800: 0.957: [CMS: 1196K->1198K(6848K), 0.0034520 secs] 1250K->1198K(9920K), [Metaspace: 4889K->4889K(139264K)], 0.0035363 secs] [Times: user=0.01 sys=0.00, real=0.01 secs] 
2020-11-18T11:05:44.483-0800: 0.962: [Full GC (System.gc()) 2020-11-18T11:05:44.483-0800: 0.962: [CMS: 1198K->1201K(6848K), 0.0034635 secs] 1253K->1201K(9920K), [Metaspace: 4889K->4889K(139264K)], 0.0035339 secs] [Times: user=0.00 sys=0.00, real=0.00 secs] 
2020-11-18T11:05:44.488-0800: 0.967: [Full GC (System.gc()) 2020-11-18T11:05:44.488-0800: 0.967: [CMS: 1201K->1203K(6848K), 0.0034692 secs] 1255K->1203K(9920K), [Metaspace: 4889K->4889K(139264K)], 0.0035391 secs] [Times: user=0.01 sys=0.00, real=0.01 secs] 
2020-11-18T11:05:44.493-0800: 0.972: [Full GC (System.gc()) 2020-11-18T11:05:44.493-0800: 0.972: [CMS: 1203K->1206K(6848K), 0.0034483 secs] 1258K->1206K(9920K), [Metaspace: 4889K->4889K(139264K)], 0.0035178 secs] [Times: user=0.00 sys=0.00, real=0.00 secs] 
2020-11-18T11:05:44.498-0800: 0.977: [Full GC (System.gc()) 2020-11-18T11:05:44.498-0800: 0.977: [CMS: 1206K->1208K(6848K), 0.0035553 secs] 1260K->1208K(9920K), [Metaspace: 4889K->4889K(139264K)], 0.0036445 secs] [Times: user=0.00 sys=0.00, real=0.01 secs] 
2020-11-18T11:05:44.503-0800: 0.982: [Full GC (System.gc()) 2020-11-18T11:05:44.503-0800: 0.982: [CMS: 1208K->1210K(6848K), 0.0036088 secs] 1262K->1210K(9920K), [Metaspace: 4889K->4889K(139264K)], 0.0036790 secs] [Times: user=0.01 sys=0.00, real=0.00 secs] 
2020-11-18T11:05:44.508-0800: 0.987: [Full GC (System.gc()) 2020-11-18T11:05:44.508-0800: 0.987: [CMS: 1210K->1213K(6848K), 0.0036539 secs] 1265K->1213K(9920K), [Metaspace: 4889K->4889K(139264K)], 0.0037330 secs] [Times: user=0.00 sys=0.00, real=0.01 secs] 
2020-11-18T11:05:44.514-0800: 0.992: [Full GC (System.gc()) 2020-11-18T11:05:44.514-0800: 0.992: [CMS: 1213K->1215K(6848K), 0.0036309 secs] 1267K->1215K(9920K), [Metaspace: 4889K->4889K(139264K)], 0.0037030 secs] [Times: user=0.00 sys=0.00, real=0.00 secs] 
2020-11-18T11:05:44.519-0800: 0.997: [Full GC (System.gc()) 2020-11-18T11:05:44.519-0800: 0.997: [CMS: 1215K->1218K(6848K), 0.0035580 secs] 1270K->1218K(9920K), [Metaspace: 4889K->4889K(139264K)], 0.0036263 secs] [Times: user=0.01 sys=0.00, real=0.01 secs] 
2020-11-18T11:05:44.524-0800: 1.002: [Full GC (System.gc()) 2020-11-18T11:05:44.524-0800: 1.003: [CMS: 1218K->1220K(6848K), 0.0034226 secs] 1272K->1220K(9920K), [Metaspace: 4889K->4889K(139264K)], 0.0034912 secs] [Times: user=0.00 sys=0.00, real=0.00 secs] 
2020-11-18T11:05:44.529-0800: 1.007: [Full GC (System.gc()) 2020-11-18T11:05:44.529-0800: 1.007: [CMS: 1220K->1222K(6848K), 0.0033040 secs] 1274K->1222K(9920K), [Metaspace: 4889K->4889K(139264K)], 0.0033687 secs] [Times: user=0.00 sys=0.00, real=0.01 secs] 
2020-11-18T11:05:44.533-0800: 1.012: [Full GC (System.gc()) 2020-11-18T11:05:44.533-0800: 1.012: [CMS: 1222K->1225K(6848K), 0.0035287 secs] 1277K->1225K(9920K), [Metaspace: 4889K->4889K(139264K)], 0.0036055 secs] [Times: user=0.01 sys=0.00, real=0.00 secs] 
2020-11-18T11:05:44.539-0800: 1.017: [Full GC (System.gc()) 2020-11-18T11:05:44.539-0800: 1.017: [CMS: 1225K->1227K(6848K), 0.0036383 secs] 1279K->1227K(9920K), [Metaspace: 4889K->4889K(139264K)], 0.0037291 secs] [Times: user=0.00 sys=0.00, real=0.01 secs] 
2020-11-18T11:05:44.544-0800: 1.022: [Full GC (System.gc()) 2020-11-18T11:05:44.544-0800: 1.022: [CMS: 1227K->1230K(6848K), 0.0035470 secs] 1282K->1230K(9920K), [Metaspace: 4889K->4889K(139264K)], 0.0036221 secs] [Times: user=0.01 sys=0.00, real=0.00 secs] 
2020-11-18T11:05:44.549-0800: 1.027: [Full GC (System.gc()) 2020-11-18T11:05:44.549-0800: 1.027: [CMS: 1230K->1232K(6848K), 0.0036024 secs] 1284K->1232K(9920K), [Metaspace: 4889K->4889K(139264K)], 0.0036735 secs] [Times: user=0.00 sys=0.00, real=0.01 secs] 
2020-11-18T11:05:44.554-0800: 1.033: [Full GC (System.gc()) 2020-11-18T11:05:44.554-0800: 1.033: [CMS: 1232K->1235K(6848K), 0.0035836 secs] 1286K->1235K(9920K), [Metaspace: 4889K->4889K(139264K)], 0.0036519 secs] [Times: user=0.00 sys=0.00, real=0.00 secs] 
2020-11-18T11:05:44.559-0800: 1.038: [Full GC (System.gc()) 2020-11-18T11:05:44.559-0800: 1.038: [CMS: 1235K->1237K(6848K), 0.0035399 secs] 1289K->1237K(9920K), [Metaspace: 4889K->4889K(139264K)], 0.0036058 secs] [Times: user=0.01 sys=0.00, real=0.01 secs] 
2020-11-18T11:05:44.564-0800: 1.043: [Full GC (System.gc()) 2020-11-18T11:05:44.564-0800: 1.043: [CMS: 1237K->1239K(6848K), 0.0035941 secs] 1291K->1239K(9920K), [Metaspace: 4889K->4889K(139264K)], 0.0036670 secs] [Times: user=0.00 sys=0.00, real=0.00 secs] 
2020-11-18T11:05:44.569-0800: 1.048: [Full GC (System.gc()) 2020-11-18T11:05:44.569-0800: 1.048: [CMS: 1239K->1242K(6848K), 0.0035487 secs] 1294K->1242K(9920K), [Metaspace: 4889K->4889K(139264K)], 0.0036197 secs] [Times: user=0.00 sys=0.00, real=0.01 secs] 
2020-11-18T11:05:44.574-0800: 1.053: [Full GC (System.gc()) 2020-11-18T11:05:44.574-0800: 1.053: [CMS: 1242K->1244K(6848K), 0.0035852 secs] 1296K->1244K(9920K), [Metaspace: 4889K->4889K(139264K)], 0.0036556 secs] [Times: user=0.01 sys=0.00, real=0.00 secs] 
2020-11-18T11:05:44.580-0800: 1.058: [Full GC (System.gc()) 2020-11-18T11:05:44.580-0800: 1.058: [CMS: 1244K->1247K(6848K), 0.0036327 secs] 1299K->1247K(9920K), [Metaspace: 4889K->4889K(139264K)], 0.0037031 secs] [Times: user=0.00 sys=0.00, real=0.00 secs] 
2020-11-18T11:05:44.585-0800: 1.063: [Full GC (System.gc()) 2020-11-18T11:05:44.585-0800: 1.063: [CMS: 1247K->1249K(6848K), 0.0035194 secs] 1301K->1249K(9920K), [Metaspace: 4889K->4889K(139264K)], 0.0035948 secs] [Times: user=0.01 sys=0.00, real=0.00 secs] 
2020-11-18T11:05:44.590-0800: 1.069: [Full GC (System.gc()) 2020-11-18T11:05:44.590-0800: 1.069: [CMS: 1249K->1252K(6848K), 0.0035967 secs] 1303K->1252K(9920K), [Metaspace: 4889K->4889K(139264K)], 0.0036641 secs] [Times: user=0.00 sys=0.00, real=0.00 secs] 
2020-11-18T11:05:44.595-0800: 1.073: [Full GC (System.gc()) 2020-11-18T11:05:44.595-0800: 1.073: [CMS: 1252K->1254K(6848K), 0.0036085 secs] 1306K->1254K(9920K), [Metaspace: 4889K->4889K(139264K)], 0.0036775 secs] [Times: user=0.00 sys=0.00, real=0.00 secs] 
2020-11-18T11:05:44.600-0800: 1.078: [Full GC (System.gc()) 2020-11-18T11:05:44.600-0800: 1.078: [CMS: 1254K->1257K(6848K), 0.0034682 secs] 1309K->1257K(9920K), [Metaspace: 4889K->4889K(139264K)], 0.0035399 secs] [Times: user=0.01 sys=0.00, real=0.00 secs] 
2020-11-18T11:05:44.605-0800: 1.083: [Full GC (System.gc()) 2020-11-18T11:05:44.605-0800: 1.083: [CMS: 1257K->1259K(6848K), 0.0034461 secs] 1311K->1259K(9920K), [Metaspace: 4889K->4889K(139264K)], 0.0035169 secs] [Times: user=0.00 sys=0.00, real=0.00 secs] 
2020-11-18T11:05:44.609-0800: 1.088: [Full GC (System.gc()) 2020-11-18T11:05:44.610-0800: 1.088: [CMS: 1259K->1261K(6848K), 0.0036498 secs] 1313K->1261K(9920K), [Metaspace: 4889K->4889K(139264K)], 0.0037286 secs] [Times: user=0.00 sys=0.00, real=0.01 secs] 
2020-11-18T11:05:44.615-0800: 1.093: [Full GC (System.gc()) 2020-11-18T11:05:44.615-0800: 1.093: [CMS: 1261K->1264K(6848K), 0.0031791 secs] 1316K->1264K(9920K), [Metaspace: 4889K->4889K(139264K)], 0.0032284 secs] [Times: user=0.00 sys=0.00, real=0.00 secs] 
2020-11-18T11:05:44.619-0800: 1.098: [Full GC (System.gc()) 2020-11-18T11:05:44.619-0800: 1.098: [CMS: 1264K->1266K(6848K), 0.0032289 secs] 1318K->1266K(9920K), [Metaspace: 4889K->4889K(139264K)], 0.0032773 secs] [Times: user=0.01 sys=0.00, real=0.01 secs] 
2020-11-18T11:05:44.624-0800: 1.103: [Full GC (System.gc()) 2020-11-18T11:05:44.624-0800: 1.103: [CMS: 1266K->1269K(6848K), 0.0030780 secs] 1321K->1269K(9920K), [Metaspace: 4889K->4889K(139264K)], 0.0031235 secs] [Times: user=0.00 sys=0.00, real=0.00 secs] 
2020-11-18T11:05:44.629-0800: 1.107: [Full GC (System.gc()) 2020-11-18T11:05:44.629-0800: 1.107: [CMS: 1269K->1271K(6848K), 0.0029395 secs] 1323K->1271K(9920K), [Metaspace: 4889K->4889K(139264K)], 0.0029783 secs] [Times: user=0.00 sys=0.00, real=0.01 secs] 
2020-11-18T11:05:44.633-0800: 1.111: [Full GC (System.gc()) 2020-11-18T11:05:44.633-0800: 1.111: [CMS: 1271K->1273K(6848K), 0.0035930 secs] 1325K->1273K(9920K), [Metaspace: 4889K->4889K(139264K)], 0.0036657 secs] [Times: user=0.01 sys=0.00, real=0.00 secs] 
2020-11-18T11:05:44.638-0800: 1.116: [Full GC (System.gc()) 2020-11-18T11:05:44.638-0800: 1.116: [CMS: 1273K->1276K(6848K), 0.0036150 secs] 1328K->1276K(9920K), [Metaspace: 4889K->4889K(139264K)], 0.0036956 secs] [Times: user=0.00 sys=0.00, real=0.01 secs] 
2020-11-18T11:05:44.643-0800: 1.121: [Full GC (System.gc()) 2020-11-18T11:05:44.643-0800: 1.121: [CMS: 1276K->1278K(6848K), 0.0034570 secs] 1330K->1278K(9920K), [Metaspace: 4889K->4889K(139264K)], 0.0035273 secs] [Times: user=0.00 sys=0.00, real=0.00 secs] 
2020-11-18T11:05:44.648-0800: 1.126: [Full GC (System.gc()) 2020-11-18T11:05:44.648-0800: 1.126: [CMS: 1278K->1281K(6848K), 0.0037281 secs] 1333K->1281K(9920K), [Metaspace: 4889K->4889K(139264K)], 0.0038020 secs] [Times: user=0.01 sys=0.00, real=0.01 secs] 
2020-11-18T11:05:44.653-0800: 1.132: [Full GC (System.gc()) 2020-11-18T11:05:44.653-0800: 1.132: [CMS: 1281K->1283K(6848K), 0.0035831 secs] 1335K->1283K(9920K), [Metaspace: 4889K->4889K(139264K)], 0.0036587 secs] [Times: user=0.00 sys=0.00, real=0.00 secs] 
2020-11-18T11:05:44.658-0800: 1.137: [Full GC (System.gc()) 2020-11-18T11:05:44.658-0800: 1.137: [CMS: 1283K->1286K(6848K), 0.0034214 secs] 1338K->1286K(9920K), [Metaspace: 4889K->4889K(139264K)], 0.0034867 secs] [Times: user=0.01 sys=0.00, real=0.01 secs] 
2020-11-18T11:05:44.663-0800: 1.141: [Full GC (System.gc()) 2020-11-18T11:05:44.663-0800: 1.141: [CMS: 1286K->1288K(6848K), 0.0036120 secs] 1340K->1288K(9920K), [Metaspace: 4889K->4889K(139264K)], 0.0036921 secs] [Times: user=0.00 sys=0.00, real=0.00 secs] 
2020-11-18T11:05:44.668-0800: 1.146: [Full GC (System.gc()) 2020-11-18T11:05:44.668-0800: 1.146: [CMS: 1288K->1290K(6848K), 0.0032586 secs] 1342K->1290K(9920K), [Metaspace: 4889K->4889K(139264K)], 0.0033120 secs] [Times: user=0.00 sys=0.00, real=0.01 secs] 
2020-11-18T11:05:44.672-0800: 1.151: [Full GC (System.gc()) 2020-11-18T11:05:44.673-0800: 1.151: [CMS: 1290K->1293K(6848K), 0.0036447 secs] 1345K->1293K(9920K), [Metaspace: 4889K->4889K(139264K)], 0.0037179 secs] [Times: user=0.01 sys=0.00, real=0.00 secs] 
2020-11-18T11:05:44.677-0800: 1.156: [Full GC (System.gc()) 2020-11-18T11:05:44.678-0800: 1.156: [CMS: 1293K->1295K(6848K), 0.0036344 secs] 1347K->1295K(9920K), [Metaspace: 4889K->4889K(139264K)], 0.0037032 secs] [Times: user=0.00 sys=0.00, real=0.01 secs] 
2020-11-18T11:05:44.683-0800: 1.161: [Full GC (System.gc()) 2020-11-18T11:05:44.683-0800: 1.161: [CMS: 1295K->1298K(6848K), 0.0036982 secs] 1350K->1298K(9920K), [Metaspace: 4889K->4889K(139264K)], 0.0037737 secs] [Times: user=0.00 sys=0.00, real=0.00 secs] 
2020-11-18T11:05:44.688-0800: 1.167: [Full GC (System.gc()) 2020-11-18T11:05:44.688-0800: 1.167: [CMS: 1298K->1300K(6848K), 0.0038613 secs] 1352K->1300K(9920K), [Metaspace: 4889K->4889K(139264K)], 0.0039384 secs] [Times: user=0.01 sys=0.00, real=0.01 secs] 
2020-11-18T11:05:44.693-0800: 1.172: [Full GC (System.gc()) 2020-11-18T11:05:44.693-0800: 1.172: [CMS: 1300K->1302K(6848K), 0.0031536 secs] 1354K->1302K(9920K), [Metaspace: 4889K->4889K(139264K)], 0.0032009 secs] [Times: user=0.00 sys=0.00, real=0.00 secs] 
2020-11-18T11:05:44.698-0800: 1.176: [Full GC (System.gc()) 2020-11-18T11:05:44.698-0800: 1.176: [CMS: 1302K->1305K(6848K), 0.0037810 secs] 1357K->1305K(9920K), [Metaspace: 4889K->4889K(139264K)], 0.0038584 secs] [Times: user=0.01 sys=0.00, real=0.01 secs] 
2020-11-18T11:05:44.703-0800: 1.182: [Full GC (System.gc()) 2020-11-18T11:05:44.703-0800: 1.182: [CMS: 1305K->1307K(6848K), 0.0032689 secs] 1359K->1307K(9920K), [Metaspace: 4889K->4889K(139264K)], 0.0033185 secs] [Times: user=0.00 sys=0.00, real=0.00 secs] 
2020-11-18T11:05:44.708-0800: 1.186: [Full GC (System.gc()) 2020-11-18T11:05:44.708-0800: 1.186: [CMS: 1307K->1310K(6848K), 0.0034919 secs] 1362K->1310K(9920K), [Metaspace: 4889K->4889K(139264K)], 0.0035513 secs] [Times: user=0.00 sys=0.00, real=0.01 secs] 
2020-11-18T11:05:44.713-0800: 1.191: [Full GC (System.gc()) 2020-11-18T11:05:44.713-0800: 1.191: [CMS: 1310K->1312K(6848K), 0.0037108 secs] 1364K->1312K(9920K), [Metaspace: 4889K->4889K(139264K)], 0.0037747 secs] [Times: user=0.01 sys=0.00, real=0.00 secs] 
2020-11-18T11:05:44.718-0800: 1.196: [Full GC (System.gc()) 2020-11-18T11:05:44.718-0800: 1.196: [CMS: 1312K->1315K(6848K), 0.0034714 secs] 1366K->1315K(9920K), [Metaspace: 4889K->4889K(139264K)], 0.0035288 secs] [Times: user=0.00 sys=0.00, real=0.01 secs] 
2020-11-18T11:05:44.722-0800: 1.201: [Full GC (System.gc()) 2020-11-18T11:05:44.723-0800: 1.201: [CMS: 1315K->1317K(6848K), 0.0032888 secs] 1369K->1317K(9920K), [Metaspace: 4889K->4889K(139264K)], 0.0033417 secs] [Times: user=0.00 sys=0.00, real=0.00 secs] 
2020-11-18T11:05:44.727-0800: 1.206: [Full GC (System.gc()) 2020-11-18T11:05:44.727-0800: 1.206: [CMS: 1317K->1319K(6848K), 0.0036845 secs] 1371K->1319K(9920K), [Metaspace: 4889K->4889K(139264K)], 0.0037370 secs] [Times: user=0.01 sys=0.00, real=0.01 secs] 
2020-11-18T11:05:44.732-0800: 1.211: [Full GC (System.gc()) 2020-11-18T11:05:44.732-0800: 1.211: [CMS: 1319K->1322K(6848K), 0.0032625 secs] 1374K->1322K(9920K), [Metaspace: 4890K->4890K(139264K)], 0.0033168 secs] [Times: user=0.00 sys=0.00, real=0.00 secs] 
2020-11-18T11:05:44.737-0800: 1.215: [Full GC (System.gc()) 2020-11-18T11:05:44.737-0800: 1.215: [CMS: 1322K->1324K(6848K), 0.0033691 secs] 1376K->1324K(9920K), [Metaspace: 4890K->4890K(139264K)], 0.0034225 secs] [Times: user=0.00 sys=0.00, real=0.01 secs] 
2020-11-18T11:05:44.741-0800: 1.220: [Full GC (System.gc()) 2020-11-18T11:05:44.741-0800: 1.220: [CMS: 1324K->1327K(6848K), 0.0032501 secs] 1379K->1327K(9920K), [Metaspace: 4890K->4890K(139264K)], 0.0032999 secs] [Times: user=0.01 sys=0.00, real=0.00 secs] 
2020-11-18T11:05:44.746-0800: 1.225: [Full GC (System.gc()) 2020-11-18T11:05:44.746-0800: 1.225: [CMS: 1327K->1329K(6848K), 0.0030609 secs] 1381K->1329K(9920K), [Metaspace: 4890K->4890K(139264K)], 0.0031103 secs] [Times: user=0.00 sys=0.00, real=0.00 secs] 
2020-11-18T11:05:44.750-0800: 1.229: [Full GC (System.gc()) 2020-11-18T11:05:44.751-0800: 1.229: [CMS: 1329K->1331K(6848K), 0.0033241 secs] 1383K->1331K(9920K), [Metaspace: 4890K->4890K(139264K)], 0.0033731 secs] [Times: user=0.00 sys=0.00, real=0.00 secs] 
2020-11-18T11:05:44.755-0800: 1.234: [Full GC (System.gc()) 2020-11-18T11:05:44.755-0800: 1.234: [CMS: 1331K->1334K(6848K), 0.0036174 secs] 1386K->1334K(9920K), [Metaspace: 4890K->4890K(139264K)], 0.0036877 secs] [Times: user=0.01 sys=0.00, real=0.00 secs] 
2020-11-18T11:05:44.760-0800: 1.239: [Full GC (System.gc()) 2020-11-18T11:05:44.760-0800: 1.239: [CMS: 1334K->1336K(6848K), 0.0031589 secs] 1388K->1336K(9920K), [Metaspace: 4890K->4890K(139264K)], 0.0032096 secs] [Times: user=0.00 sys=0.00, real=0.00 secs] 
2020-11-18T11:05:44.765-0800: 1.244: [Full GC (System.gc()) 2020-11-18T11:05:44.765-0800: 1.244: [CMS: 1336K->1339K(6848K), 0.0030657 secs] 1391K->1339K(9920K), [Metaspace: 4890K->4890K(139264K)], 0.0031158 secs] [Times: user=0.00 sys=0.00, real=0.00 secs] 
2020-11-18T11:05:44.770-0800: 1.248: [Full GC (System.gc()) 2020-11-18T11:05:44.770-0800: 1.248: [CMS: 1339K->1341K(6848K), 0.0031190 secs] 1393K->1341K(9920K), [Metaspace: 4890K->4890K(139264K)], 0.0031654 secs] [Times: user=0.01 sys=0.00, real=0.00 secs] 
2020-11-18T11:05:44.774-0800: 1.253: [Full GC (System.gc()) 2020-11-18T11:05:44.774-0800: 1.253: [CMS: 1341K->1344K(6848K), 0.0032794 secs] 1396K->1344K(9920K), [Metaspace: 4890K->4890K(139264K)], 0.0033351 secs] [Times: user=0.00 sys=0.00, real=0.00 secs] 
2020-11-18T11:05:44.779-0800: 1.258: [Full GC (System.gc()) 2020-11-18T11:05:44.779-0800: 1.258: [CMS: 1344K->1346K(6848K), 0.0030021 secs] 1398K->1346K(9920K), [Metaspace: 4890K->4890K(139264K)], 0.0030478 secs] [Times: user=0.00 sys=0.00, real=0.01 secs] 
2020-11-18T11:05:44.783-0800: 1.262: [Full GC (System.gc()) 2020-11-18T11:05:44.783-0800: 1.262: [CMS: 1346K->1348K(6848K), 0.0030224 secs] 1400K->1348K(9920K), [Metaspace: 4890K->4890K(139264K)], 0.0030764 secs] [Times: user=0.01 sys=0.00, real=0.00 secs] 
2020-11-18T11:05:44.788-0800: 1.266: [Full GC (System.gc()) 2020-11-18T11:05:44.788-0800: 1.267: [CMS: 1348K->1351K(6848K), 0.0030261 secs] 1403K->1351K(9920K), [Metaspace: 4890K->4890K(139264K)], 0.0030703 secs] [Times: user=0.00 sys=0.00, real=0.01 secs] 
2020-11-18T11:05:44.792-0800: 1.271: [Full GC (System.gc()) 2020-11-18T11:05:44.792-0800: 1.271: [CMS: 1351K->1353K(6848K), 0.0030244 secs] 1405K->1353K(9920K), [Metaspace: 4890K->4890K(139264K)], 0.0030726 secs] [Times: user=0.01 sys=0.00, real=0.00 secs] 
2020-11-18T11:05:44.797-0800: 1.276: [Full GC (System.gc()) 2020-11-18T11:05:44.797-0800: 1.276: [CMS: 1353K->1356K(6848K), 0.0029561 secs] 1408K->1356K(9920K), [Metaspace: 4890K->4890K(139264K)], 0.0029993 secs] [Times: user=0.00 sys=0.00, real=0.01 secs] 
2020-11-18T11:05:44.801-0800: 1.280: [Full GC (System.gc()) 2020-11-18T11:05:44.801-0800: 1.280: [CMS: 1356K->1358K(6848K), 0.0029474 secs] 1410K->1358K(9920K), [Metaspace: 4890K->4890K(139264K)], 0.0029889 secs] [Times: user=0.00 sys=0.00, real=0.00 secs] 
2020-11-18T11:05:44.806-0800: 1.284: [Full GC (System.gc()) 2020-11-18T11:05:44.806-0800: 1.284: [CMS: 1358K->1360K(6848K), 0.0029248 secs] 1412K->1360K(9920K), [Metaspace: 4890K->4890K(139264K)], 0.0029764 secs] [Times: user=0.01 sys=0.00, real=0.00 secs] 
2020-11-18T11:05:44.810-0800: 1.288: [Full GC (System.gc()) 2020-11-18T11:05:44.810-0800: 1.288: [CMS: 1360K->1363K(6848K), 0.0030200 secs] 1415K->1363K(9920K), [Metaspace: 4890K->4890K(139264K)], 0.0030721 secs] [Times: user=0.00 sys=0.00, real=0.00 secs] 
2020-11-18T11:05:44.814-0800: 1.293: [Full GC (System.gc()) 2020-11-18T11:05:44.814-0800: 1.293: [CMS: 1363K->1365K(6848K), 0.0033593 secs] 1417K->1365K(9920K), [Metaspace: 4890K->4890K(139264K)], 0.0034471 secs] [Times: user=0.00 sys=0.00, real=0.00 secs] 
2020-11-18T11:05:44.819-0800: 1.298: [Full GC (System.gc()) 2020-11-18T11:05:44.819-0800: 1.298: [CMS: 1365K->1368K(6848K), 0.0030310 secs] 1420K->1368K(9920K), [Metaspace: 4890K->4890K(139264K)], 0.0030872 secs] [Times: user=0.01 sys=0.00, real=0.01 secs] 
2020-11-18T11:05:44.824-0800: 1.302: [Full GC (System.gc()) 2020-11-18T11:05:44.824-0800: 1.302: [CMS: 1368K->1370K(6848K), 0.0040722 secs] 1422K->1370K(9920K), [Metaspace: 4890K->4890K(139264K)], 0.0041658 secs] [Times: user=0.00 sys=0.01, real=0.00 secs] 
2020-11-18T11:05:44.829-0800: 1.308: [Full GC (System.gc()) 2020-11-18T11:05:44.829-0800: 1.308: [CMS: 1370K->1373K(6848K), 0.0041107 secs] 1425K->1373K(9920K), [Metaspace: 4890K->4890K(139264K)], 0.0042290 secs] [Times: user=0.01 sys=0.00, real=0.01 secs] 
2020-11-18T11:05:44.835-0800: 1.314: [Full GC (System.gc()) 2020-11-18T11:05:44.835-0800: 1.314: [CMS: 1373K->1375K(6848K), 0.0035838 secs] 1427K->1375K(9920K), [Metaspace: 4890K->4890K(139264K)], 0.0036666 secs] [Times: user=0.00 sys=0.00, real=0.00 secs] 
2020-11-18T11:05:44.840-0800: 1.318: [Full GC (System.gc()) 2020-11-18T11:05:44.840-0800: 1.318: [CMS: 1375K->1377K(6848K), 0.0032333 secs] 1429K->1377K(9920K), [Metaspace: 4890K->4890K(139264K)], 0.0032991 secs] [Times: user=0.00 sys=0.00, real=0.00 secs] 
2020-11-18T11:05:44.844-0800: 1.323: [Full GC (System.gc()) 2020-11-18T11:05:44.844-0800: 1.323: [CMS: 1377K->1380K(6848K), 0.0039009 secs] 1432K->1380K(9920K), [Metaspace: 4890K->4890K(139264K)], 0.0040037 secs] [Times: user=0.01 sys=0.00, real=0.00 secs] 
2020-11-18T11:05:44.850-0800: 1.329: [Full GC (System.gc()) 2020-11-18T11:05:44.850-0800: 1.329: [CMS: 1380K->1382K(6848K), 0.0040645 secs] 1434K->1382K(9920K), [Metaspace: 4890K->4890K(139264K)], 0.0041437 secs] [Times: user=0.00 sys=0.00, real=0.00 secs] 
2020-11-18T11:05:44.855-0800: 1.334: [Full GC (System.gc()) 2020-11-18T11:05:44.855-0800: 1.334: [CMS: 1382K->1385K(6848K), 0.0039443 secs] 1437K->1385K(9920K), [Metaspace: 4890K->4890K(139264K)], 0.0040219 secs] [Times: user=0.00 sys=0.00, real=0.00 secs] 
2020-11-18T11:05:44.861-0800: 1.339: [Full GC (System.gc()) 2020-11-18T11:05:44.861-0800: 1.339: [CMS: 1385K->1387K(6848K), 0.0037643 secs] 1439K->1387K(9920K), [Metaspace: 4890K->4890K(139264K)], 0.0038303 secs] [Times: user=0.01 sys=0.00, real=0.00 secs] 
2020-11-18T11:05:44.866-0800: 1.345: [Full GC (System.gc()) 2020-11-18T11:05:44.866-0800: 1.345: [CMS: 1387K->1389K(6848K), 0.0043970 secs] 1441K->1389K(9920K), [Metaspace: 4890K->4890K(139264K)], 0.0044791 secs] [Times: user=0.00 sys=0.00, real=0.01 secs] 
2020-11-18T11:05:44.872-0800: 1.351: [Full GC (System.gc()) 2020-11-18T11:05:44.872-0800: 1.351: [CMS: 1389K->1392K(6848K), 0.0041901 secs] 1444K->1392K(9920K), [Metaspace: 4890K->4890K(139264K)], 0.0042809 secs] [Times: user=0.01 sys=0.00, real=0.00 secs] 
2020-11-18T11:05:44.878-0800: 1.356: [Full GC (System.gc()) 2020-11-18T11:05:44.878-0800: 1.356: [CMS: 1392K->1394K(6848K), 0.0040920 secs] 1446K->1394K(9920K), [Metaspace: 4890K->4890K(139264K)], 0.0041688 secs] [Times: user=0.00 sys=0.00, real=0.01 secs] 
2020-11-18T11:05:44.883-0800: 1.362: [Full GC (System.gc()) 2020-11-18T11:05:44.883-0800: 1.362: [CMS: 1394K->1397K(6848K), 0.0039013 secs] 1449K->1397K(9920K), [Metaspace: 4890K->4890K(139264K)], 0.0039876 secs] [Times: user=0.01 sys=0.00, real=0.00 secs] 
2020-11-18T11:05:44.889-0800: 1.368: [Full GC (System.gc()) 2020-11-18T11:05:44.889-0800: 1.368: [CMS: 1397K->1399K(6848K), 0.0045323 secs] 1451K->1399K(9920K), [Metaspace: 4890K->4890K(139264K)], 0.0046200 secs] [Times: user=0.00 sys=0.00, real=0.01 secs] 
2020-11-18T11:05:44.895-0800: 1.374: [Full GC (System.gc()) 2020-11-18T11:05:44.895-0800: 1.374: [CMS: 1399K->1402K(6848K), 0.0041791 secs] 1453K->1402K(9920K), [Metaspace: 4890K->4890K(139264K)], 0.0042523 secs] [Times: user=0.00 sys=0.00, real=0.00 secs] 
2020-11-18T11:05:44.901-0800: 1.379: [Full GC (System.gc()) 2020-11-18T11:05:44.901-0800: 1.379: [CMS: 1402K->1404K(6848K), 0.0035703 secs] 1456K->1404K(9920K), [Metaspace: 4890K->4890K(139264K)], 0.0036257 secs] [Times: user=0.01 sys=0.00, real=0.00 secs] 
2020-11-18T11:05:44.906-0800: 1.384: [Full GC (System.gc()) 2020-11-18T11:05:44.906-0800: 1.384: [CMS: 1404K->1406K(6848K), 0.0036940 secs] 1458K->1406K(9920K), [Metaspace: 4890K->4890K(139264K)], 0.0037586 secs] [Times: user=0.00 sys=0.00, real=0.01 secs] 
2020-11-18T11:05:44.911-0800: 1.390: [Full GC (System.gc()) 2020-11-18T11:05:44.911-0800: 1.390: [CMS: 1406K->1409K(6848K), 0.0037884 secs] 1461K->1409K(9920K), [Metaspace: 4890K->4890K(139264K)], 0.0038553 secs] [Times: user=0.01 sys=0.00, real=0.00 secs] 
2020-11-18T11:05:44.916-0800: 1.395: [Full GC (System.gc()) 2020-11-18T11:05:44.916-0800: 1.395: [CMS: 1409K->1411K(6848K), 0.0037156 secs] 1463K->1411K(9920K), [Metaspace: 4890K->4890K(139264K)], 0.0037810 secs] [Times: user=0.00 sys=0.00, real=0.01 secs] 
2020-11-18T11:05:44.921-0800: 1.400: [Full GC (System.gc()) 2020-11-18T11:05:44.921-0800: 1.400: [CMS: 1411K->1414K(6848K), 0.0036252 secs] 1466K->1414K(9920K), [Metaspace: 4890K->4890K(139264K)], 0.0036951 secs] [Times: user=0.00 sys=0.00, real=0.00 secs] 
2020-11-18T11:05:44.927-0800: 1.405: [Full GC (System.gc()) 2020-11-18T11:05:44.927-0800: 1.405: [CMS: 1414K->1416K(6848K), 0.0035439 secs] 1468K->1416K(9920K), [Metaspace: 4890K->4890K(139264K)], 0.0036007 secs] [Times: user=0.01 sys=0.00, real=0.01 secs] 
2020-11-18T11:05:44.932-0800: 1.410: [Full GC (System.gc()) 2020-11-18T11:05:44.932-0800: 1.410: [CMS: 1416K->1418K(6848K), 0.0034393 secs] 1470K->1418K(9920K), [Metaspace: 4890K->4890K(139264K)], 0.0035194 secs] [Times: user=0.00 sys=0.00, real=0.00 secs] 
2020-11-18T11:05:44.937-0800: 1.415: [Full GC (System.gc()) 2020-11-18T11:05:44.937-0800: 1.415: [CMS: 1418K->1421K(6848K), 0.0033727 secs] 1473K->1421K(9920K), [Metaspace: 4890K->4890K(139264K)], 0.0034293 secs] [Times: user=0.00 sys=0.00, real=0.01 secs] 
2020-11-18T11:05:44.941-0800: 1.420: [Full GC (System.gc()) 2020-11-18T11:05:44.941-0800: 1.420: [CMS: 1421K->1423K(6848K), 0.0035446 secs] 1475K->1423K(9920K), [Metaspace: 4890K->4890K(139264K)], 0.0036077 secs] [Times: user=0.01 sys=0.00, real=0.00 secs] 
2020-11-18T11:05:44.946-0800: 1.425: [Full GC (System.gc()) 2020-11-18T11:05:44.946-0800: 1.425: [CMS: 1423K->1426K(6848K), 0.0037343 secs] 1478K->1426K(9920K), [Metaspace: 4890K->4890K(139264K)], 0.0038024 secs] [Times: user=0.00 sys=0.00, real=0.01 secs] 
2020-11-18T11:05:44.952-0800: 1.430: [Full GC (System.gc()) 2020-11-18T11:05:44.952-0800: 1.430: [CMS: 1426K->1428K(6848K), 0.0037017 secs] 1480K->1428K(9920K), [Metaspace: 4890K->4890K(139264K)], 0.0037685 secs] [Times: user=0.01 sys=0.00, real=0.00 secs] 
2020-11-18T11:05:44.957-0800: 1.435: [Full GC (System.gc()) 2020-11-18T11:05:44.957-0800: 1.436: [CMS: 1428K->1430K(6848K), 0.0061686 secs] 1482K->1430K(9920K), [Metaspace: 4890K->4890K(139264K)], 0.0062380 secs] [Times: user=0.00 sys=0.00, real=0.01 secs] 
2020-11-18T11:05:44.965-0800: 1.443: [Full GC (System.gc()) 2020-11-18T11:05:44.965-0800: 1.443: [CMS: 1430K->1433K(6848K), 0.0038465 secs] 1485K->1433K(9920K), [Metaspace: 4890K->4890K(139264K)], 0.0039164 secs] [Times: user=0.01 sys=0.00, real=0.00 secs] 
2020-11-18T11:05:44.970-0800: 1.449: [Full GC (System.gc()) 2020-11-18T11:05:44.970-0800: 1.449: [CMS: 1433K->1435K(6848K), 0.0042908 secs] 1487K->1435K(9920K), [Metaspace: 4890K->4890K(139264K)], 0.0043726 secs] [Times: user=0.00 sys=0.00, real=0.00 secs] 
2020-11-18T11:05:44.976-0800: 1.455: [Full GC (System.gc()) 2020-11-18T11:05:44.976-0800: 1.455: [CMS: 1435K->1438K(6848K), 0.0036918 secs] 1490K->1438K(9920K), [Metaspace: 4890K->4890K(139264K)], 0.0037592 secs] [Times: user=0.00 sys=0.00, real=0.01 secs] 
2020-11-18T11:05:44.981-0800: 1.460: [Full GC (System.gc()) 2020-11-18T11:05:44.981-0800: 1.460: [CMS: 1438K->1440K(6848K), 0.0036038 secs] 1492K->1440K(9920K), [Metaspace: 4890K->4890K(139264K)], 0.0036700 secs] [Times: user=0.01 sys=0.00, real=0.00 secs] 
2020-11-18T11:05:44.986-0800: 1.465: [Full GC (System.gc()) 2020-11-18T11:05:44.986-0800: 1.465: [CMS: 1440K->1443K(6848K), 0.0035182 secs] 1495K->1443K(9920K), [Metaspace: 4890K->4890K(139264K)], 0.0035798 secs] [Times: user=0.00 sys=0.00, real=0.01 secs] 
2020-11-18T11:05:44.991-0800: 1.470: [Full GC (System.gc()) 2020-11-18T11:05:44.991-0800: 1.470: [CMS: 1443K->1445K(6848K), 0.0035202 secs] 1497K->1445K(9920K), [Metaspace: 4890K->4890K(139264K)], 0.0035805 secs] [Times: user=0.00 sys=0.00, real=0.00 secs] 
2020-11-18T11:05:44.996-0800: 1.475: [Full GC (System.gc()) 2020-11-18T11:05:44.996-0800: 1.475: [CMS: 1445K->1448K(6848K), 0.0041395 secs] 1499K->1448K(9920K), [Metaspace: 4890K->4890K(139264K)], 0.0042078 secs] [Times: user=0.01 sys=0.00, real=0.01 secs] 
2020-11-18T11:05:45.002-0800: 1.481: [Full GC (System.gc()) 2020-11-18T11:05:45.002-0800: 1.481: [CMS: 1448K->1450K(6848K), 0.0037482 secs] 1502K->1450K(9920K), [Metaspace: 4890K->4890K(139264K)], 0.0038175 secs] [Times: user=0.00 sys=0.00, real=0.00 secs] 
2020-11-18T11:05:45.007-0800: 1.486: [Full GC (System.gc()) 2020-11-18T11:05:45.007-0800: 1.486: [CMS: 1450K->1453K(6848K), 0.0040728 secs] 1505K->1453K(9920K), [Metaspace: 4890K->4890K(139264K)], 0.0041376 secs] [Times: user=0.01 sys=0.00, real=0.01 secs] 
2020-11-18T11:05:45.012-0800: 1.491: [Full GC (System.gc()) 2020-11-18T11:05:45.012-0800: 1.491: [CMS: 1453K->1455K(6848K), 0.0041022 secs] 1507K->1455K(9920K), [Metaspace: 4890K->4890K(139264K)], 0.0041686 secs] [Times: user=0.00 sys=0.00, real=0.00 secs] 
2020-11-18T11:05:45.018-0800: 1.497: [Full GC (System.gc()) 2020-11-18T11:05:45.018-0800: 1.497: [CMS: 1455K->1458K(6848K), 0.0048708 secs] 1509K->1458K(9920K), [Metaspace: 4890K->4890K(139264K)], 0.0049455 secs] [Times: user=0.01 sys=0.00, real=0.01 secs] 
2020-11-18T11:05:45.024-0800: 1.503: [Full GC (System.gc()) 2020-11-18T11:05:45.024-0800: 1.503: [CMS: 1458K->1460K(6848K), 0.0039866 secs] 1512K->1460K(9920K), [Metaspace: 4890K->4890K(139264K)], 0.0040555 secs] [Times: user=0.00 sys=0.00, real=0.00 secs] 
2020-11-18T11:05:45.030-0800: 1.508: [Full GC (System.gc()) 2020-11-18T11:05:45.030-0800: 1.508: [CMS: 1460K->1462K(6848K), 0.0034735 secs] 1514K->1462K(9920K), [Metaspace: 4890K->4890K(139264K)], 0.0035276 secs] [Times: user=0.00 sys=0.00, real=0.00 secs] 
2020-11-18T11:05:45.035-0800: 1.513: [Full GC (System.gc()) 2020-11-18T11:05:45.035-0800: 1.513: [CMS: 1462K->1465K(6848K), 0.0042007 secs] 1517K->1465K(9920K), [Metaspace: 4890K->4890K(139264K)], 0.0042713 secs] [Times: user=0.01 sys=0.00, real=0.00 secs] 
2020-11-18T11:05:45.040-0800: 1.519: [Full GC (System.gc()) 2020-11-18T11:05:45.040-0800: 1.519: [CMS: 1465K->1467K(6848K), 0.0047849 secs] 1519K->1467K(9920K), [Metaspace: 4890K->4890K(139264K)], 0.0048477 secs] [Times: user=0.00 sys=0.00, real=0.00 secs] 
2020-11-18T11:05:45.046-0800: 1.525: [Full GC (System.gc()) 2020-11-18T11:05:45.046-0800: 1.525: [CMS: 1467K->1470K(6848K), 0.0042519 secs] 1522K->1470K(9920K), [Metaspace: 4890K->4890K(139264K)], 0.0043449 secs] [Times: user=0.01 sys=0.00, real=0.01 secs] 
2020-11-18T11:05:45.052-0800: 1.531: [Full GC (System.gc()) 2020-11-18T11:05:45.052-0800: 1.531: [CMS: 1470K->1472K(6848K), 0.0041824 secs] 1524K->1472K(9920K), [Metaspace: 4890K->4890K(139264K)], 0.0042500 secs] [Times: user=0.00 sys=0.00, real=0.00 secs] 
2020-11-18T11:05:45.058-0800: 1.536: [Full GC (System.gc()) 2020-11-18T11:05:45.058-0800: 1.536: [CMS: 1472K->1474K(6848K), 0.0034743 secs] 1526K->1474K(9920K), [Metaspace: 4890K->4890K(139264K)], 0.0035311 secs] [Times: user=0.01 sys=0.00, real=0.01 secs] 
2020-11-18T11:05:45.065-0800: 1.544: [Full GC (System.gc()) 2020-11-18T11:05:45.065-0800: 1.544: [CMS: 1474K->1477K(6848K), 0.0034869 secs] 1529K->1477K(9920K), [Metaspace: 4890K->4890K(139264K)], 0.0035498 secs] [Times: user=0.00 sys=0.00, real=0.00 secs] 
2020-11-18T11:05:45.070-0800: 1.549: [Full GC (System.gc()) 2020-11-18T11:05:45.070-0800: 1.549: [CMS: 1477K->1479K(6848K), 0.0036290 secs] 1531K->1479K(9920K), [Metaspace: 4890K->4890K(139264K)], 0.0036950 secs] [Times: user=0.00 sys=0.00, real=0.00 secs] 
2020-11-18T11:05:45.075-0800: 1.554: [Full GC (System.gc()) 2020-11-18T11:05:45.075-0800: 1.554: [CMS: 1479K->1482K(6848K), 0.0034830 secs] 1534K->1482K(9920K), [Metaspace: 4890K->4890K(139264K)], 0.0035393 secs] [Times: user=0.01 sys=0.00, real=0.00 secs] 
2020-11-18T11:05:45.080-0800: 1.559: [Full GC (System.gc()) 2020-11-18T11:05:45.080-0800: 1.559: [CMS: 1482K->1484K(6848K), 0.0036741 secs] 1536K->1484K(9920K), [Metaspace: 4890K->4890K(139264K)], 0.0037483 secs] [Times: user=0.00 sys=0.00, real=0.00 secs] 
2020-11-18T11:05:45.085-0800: 1.564: [Full GC (System.gc()) 2020-11-18T11:05:45.085-0800: 1.564: [CMS: 1484K->1486K(6848K), 0.0041261 secs] 1538K->1486K(9920K), [Metaspace: 4890K->4890K(139264K)], 0.0042105 secs] [Times: user=0.01 sys=0.00, real=0.00 secs] 
2020-11-18T11:05:45.091-0800: 1.569: [Full GC (System.gc()) 2020-11-18T11:05:45.091-0800: 1.569: [CMS: 1486K->1489K(6848K), 0.0041538 secs] 1541K->1489K(9920K), [Metaspace: 4890K->4890K(139264K)], 0.0042336 secs] [Times: user=0.00 sys=0.00, real=0.00 secs] 
2020-11-18T11:05:45.097-0800: 1.575: [Full GC (System.gc()) 2020-11-18T11:05:45.097-0800: 1.575: [CMS: 1489K->1491K(6848K), 0.0036502 secs] 1543K->1491K(9920K), [Metaspace: 4890K->4890K(139264K)], 0.0037216 secs] [Times: user=0.00 sys=0.00, real=0.01 secs] 
2020-11-18T11:05:45.102-0800: 1.580: [Full GC (System.gc()) 2020-11-18T11:05:45.102-0800: 1.580: [CMS: 1491K->1494K(6848K), 0.0042860 secs] 1546K->1494K(9920K), [Metaspace: 4890K->4890K(139264K)], 0.0043731 secs] [Times: user=0.01 sys=0.00, real=0.00 secs] 
2020-11-18T11:05:45.107-0800: 1.586: [Full GC (System.gc()) 2020-11-18T11:05:45.108-0800: 1.586: [CMS: 1494K->1496K(6848K), 0.0043328 secs] 1548K->1496K(9920K), [Metaspace: 4890K->4890K(139264K)], 0.0044318 secs] [Times: user=0.00 sys=0.01, real=0.01 secs] 
2020-11-18T11:05:45.113-0800: 1.592: [Full GC (System.gc()) 2020-11-18T11:05:45.113-0800: 1.592: [CMS: 1496K->1499K(6848K), 0.0038977 secs] 1551K->1499K(9920K), [Metaspace: 4890K->4890K(139264K)], 0.0040024 secs] [Times: user=0.01 sys=0.00, real=0.00 secs] 
2020-11-18T11:05:45.119-0800: 1.597: [Full GC (System.gc()) 2020-11-18T11:05:45.119-0800: 1.597: [CMS: 1499K->1501K(6848K), 0.0035990 secs] 1553K->1501K(9920K), [Metaspace: 4890K->4890K(139264K)], 0.0036670 secs] [Times: user=0.00 sys=0.00, real=0.01 secs] 
2020-11-18T11:05:45.124-0800: 1.602: [Full GC (System.gc()) 2020-11-18T11:05:45.124-0800: 1.602: [CMS: 1501K->1503K(6848K), 0.0043308 secs] 1555K->1503K(9920K), [Metaspace: 4890K->4890K(139264K)], 0.0043989 secs] [Times: user=0.00 sys=0.00, real=0.00 secs] 
2020-11-18T11:05:45.129-0800: 1.608: [Full GC (System.gc()) 2020-11-18T11:05:45.129-0800: 1.608: [CMS: 1503K->1506K(6848K), 0.0036777 secs] 1558K->1506K(9920K), [Metaspace: 4890K->4890K(139264K)], 0.0037736 secs] [Times: user=0.01 sys=0.00, real=0.01 secs] 
2020-11-18T11:05:45.134-0800: 1.613: [Full GC (System.gc()) 2020-11-18T11:05:45.134-0800: 1.613: [CMS: 1506K->1508K(6848K), 0.0042410 secs] 1560K->1508K(9920K), [Metaspace: 4890K->4890K(139264K)], 0.0043179 secs] [Times: user=0.00 sys=0.00, real=0.00 secs] 
2020-11-18T11:05:45.140-0800: 1.619: [Full GC (System.gc()) 2020-11-18T11:05:45.140-0800: 1.619: [CMS: 1508K->1511K(6848K), 0.0038439 secs] 1563K->1511K(9920K), [Metaspace: 4890K->4890K(139264K)], 0.0039064 secs] [Times: user=0.00 sys=0.00, real=0.00 secs] 
2020-11-18T11:05:45.146-0800: 1.624: [Full GC (System.gc()) 2020-11-18T11:05:45.146-0800: 1.624: [CMS: 1511K->1513K(6848K), 0.0035590 secs] 1565K->1513K(9920K), [Metaspace: 4890K->4890K(139264K)], 0.0036457 secs] [Times: user=0.00 sys=0.00, real=0.00 secs] 
2020-11-18T11:05:45.150-0800: 1.629: [Full GC (System.gc()) 2020-11-18T11:05:45.150-0800: 1.629: [CMS: 1513K->1515K(6848K), 0.0033994 secs] 1567K->1515K(9920K), [Metaspace: 4890K->4890K(139264K)], 0.0034518 secs] [Times: user=0.01 sys=0.00, real=0.00 secs] 
2020-11-18T11:05:45.155-0800: 1.634: [Full GC (System.gc()) 2020-11-18T11:05:45.155-0800: 1.634: [CMS: 1515K->1518K(6848K), 0.0041754 secs] 1570K->1518K(9920K), [Metaspace: 4890K->4890K(139264K)], 0.0042558 secs] [Times: user=0.00 sys=0.00, real=0.01 secs] 
2020-11-18T11:05:45.161-0800: 1.639: [Full GC (System.gc()) 2020-11-18T11:05:45.161-0800: 1.639: [CMS: 1518K->1520K(6848K), 0.0031859 secs] 1572K->1520K(9920K), [Metaspace: 4890K->4890K(139264K)], 0.0032310 secs] [Times: user=0.00 sys=0.00, real=0.00 secs] 
2020-11-18T11:05:45.165-0800: 1.644: [Full GC (System.gc()) 2020-11-18T11:05:45.166-0800: 1.644: [CMS: 1520K->1523K(6848K), 0.0042409 secs] 1575K->1523K(9920K), [Metaspace: 4890K->4890K(139264K)], 0.0043254 secs] [Times: user=0.01 sys=0.00, real=0.01 secs] 
2020-11-18T11:05:45.171-0800: 1.650: [Full GC (System.gc()) 2020-11-18T11:05:45.171-0800: 1.650: [CMS: 1523K->1525K(6848K), 0.0041225 secs] 1577K->1525K(9920K), [Metaspace: 4890K->4890K(139264K)], 0.0042047 secs] [Times: user=0.00 sys=0.00, real=0.00 secs] 
2020-11-18T11:05:45.177-0800: 1.656: [Full GC (System.gc()) 2020-11-18T11:05:45.177-0800: 1.656: [CMS: 1525K->1528K(6848K), 0.0034569 secs] 1579K->1528K(9920K), [Metaspace: 4890K->4890K(139264K)], 0.0035275 secs] [Times: user=0.01 sys=0.00, real=0.01 secs] 
2020-11-18T11:05:45.182-0800: 1.660: [Full GC (System.gc()) 2020-11-18T11:05:45.182-0800: 1.660: [CMS: 1528K->1530K(6848K), 0.0040747 secs] 1582K->1530K(9920K), [Metaspace: 4890K->4890K(139264K)], 0.0041583 secs] [Times: user=0.00 sys=0.00, real=0.00 secs] 
2020-11-18T11:05:45.187-0800: 1.666: [Full GC (System.gc()) 2020-11-18T11:05:45.187-0800: 1.666: [CMS: 1530K->1532K(6848K), 0.0042031 secs] 1584K->1532K(9920K), [Metaspace: 4890K->4890K(139264K)], 0.0042802 secs] [Times: user=0.00 sys=0.00, real=0.01 secs] 
2020-11-18T11:05:45.193-0800: 1.672: [Full GC (System.gc()) 2020-11-18T11:05:45.193-0800: 1.672: [CMS: 1532K->1535K(6848K), 0.0036322 secs] 1587K->1535K(9920K), [Metaspace: 4890K->4890K(139264K)], 0.0037072 secs] [Times: user=0.01 sys=0.00, real=0.00 secs] 
2020-11-18T11:05:45.198-0800: 1.677: [Full GC (System.gc()) 2020-11-18T11:05:45.198-0800: 1.677: [CMS: 1535K->1537K(6848K), 0.0036970 secs] 1589K->1537K(9920K), [Metaspace: 4890K->4890K(139264K)], 0.0038164 secs] [Times: user=0.00 sys=0.00, real=0.01 secs] 
2020-11-18T11:05:45.203-0800: 1.682: [Full GC (System.gc()) 2020-11-18T11:05:45.203-0800: 1.682: [CMS: 1537K->1540K(6848K), 0.0040485 secs] 1592K->1540K(9920K), [Metaspace: 4890K->4890K(139264K)], 0.0041273 secs] [Times: user=0.01 sys=0.00, real=0.00 secs] 
2020-11-18T11:05:45.209-0800: 1.688: [Full GC (System.gc()) 2020-11-18T11:05:45.209-0800: 1.688: [CMS: 1540K->1542K(6848K), 0.0038782 secs] 1594K->1542K(9920K), [Metaspace: 4890K->4890K(139264K)], 0.0039681 secs] [Times: user=0.00 sys=0.00, real=0.01 secs] 
2020-11-18T11:05:45.214-0800: 1.693: [Full GC (System.gc()) 2020-11-18T11:05:45.214-0800: 1.693: [CMS: 1542K->1544K(6848K), 0.0036118 secs] 1596K->1544K(9920K), [Metaspace: 4890K->4890K(139264K)], 0.0036809 secs] [Times: user=0.00 sys=0.00, real=0.00 secs] 
2020-11-18T11:05:45.219-0800: 1.698: [Full GC (System.gc()) 2020-11-18T11:05:45.220-0800: 1.698: [CMS: 1544K->1547K(6848K), 0.0040955 secs] 1599K->1547K(9920K), [Metaspace: 4890K->4890K(139264K)], 0.0041796 secs] [Times: user=0.01 sys=0.00, real=0.01 secs] 
2020-11-18T11:05:45.225-0800: 1.704: [Full GC (System.gc()) 2020-11-18T11:05:45.225-0800: 1.704: [CMS: 1547K->1549K(6848K), 0.0032948 secs] 1601K->1549K(9920K), [Metaspace: 4890K->4890K(139264K)], 0.0033418 secs] [Times: user=0.00 sys=0.00, real=0.00 secs] 
2020-11-18T11:05:45.229-0800: 1.708: [Full GC (System.gc()) 2020-11-18T11:05:45.230-0800: 1.708: [CMS: 1549K->1552K(6848K), 0.0040123 secs] 1604K->1552K(9920K), [Metaspace: 4890K->4890K(139264K)], 0.0040877 secs] [Times: user=0.01 sys=0.00, real=0.01 secs] 
2020-11-18T11:05:45.235-0800: 1.714: [Full GC (System.gc()) 2020-11-18T11:05:45.235-0800: 1.714: [CMS: 1552K->1554K(6848K), 0.0034611 secs] 1606K->1554K(9920K), [Metaspace: 4890K->4890K(139264K)], 0.0035209 secs] [Times: user=0.00 sys=0.00, real=0.00 secs] 
2020-11-18T11:05:45.240-0800: 1.719: [Full GC (System.gc()) 2020-11-18T11:05:45.240-0800: 1.719: [CMS: 1554K->1557K(6848K), 0.0033593 secs] 1608K->1557K(9920K), [Metaspace: 4890K->4890K(139264K)], 0.0034089 secs] [Times: user=0.00 sys=0.00, real=0.00 secs] 
2020-11-18T11:05:45.245-0800: 1.724: [Full GC (System.gc()) 2020-11-18T11:05:45.245-0800: 1.724: [CMS: 1557K->1559K(6848K), 0.0038312 secs] 1611K->1559K(9920K), [Metaspace: 4890K->4890K(139264K)], 0.0038908 secs] [Times: user=0.01 sys=0.00, real=0.00 secs] 
2020-11-18T11:05:45.250-0800: 1.729: [Full GC (System.gc()) 2020-11-18T11:05:45.250-0800: 1.729: [CMS: 1559K->1561K(6848K), 0.0031586 secs] 1613K->1561K(9920K), [Metaspace: 4890K->4890K(139264K)], 0.0032049 secs] [Times: user=0.00 sys=0.00, real=0.00 secs] 
2020-11-18T11:05:45.254-0800: 1.733: [Full GC (System.gc()) 2020-11-18T11:05:45.255-0800: 1.733: [CMS: 1561K->1564K(6848K), 0.0033645 secs] 1616K->1564K(9920K), [Metaspace: 4890K->4890K(139264K)], 0.0034210 secs] [Times: user=0.00 sys=0.00, real=0.00 secs] 
2020-11-18T11:05:45.259-0800: 1.738: [Full GC (System.gc()) 2020-11-18T11:05:45.259-0800: 1.738: [CMS: 1564K->1566K(6848K), 0.0037372 secs] 1618K->1566K(9920K), [Metaspace: 4890K->4890K(139264K)], 0.0037928 secs] [Times: user=0.01 sys=0.00, real=0.01 secs] 
2020-11-18T11:05:45.264-0800: 1.743: [Full GC (System.gc()) 2020-11-18T11:05:45.264-0800: 1.743: [CMS: 1566K->1569K(6848K), 0.0033465 secs] 1621K->1569K(9920K), [Metaspace: 4890K->4890K(139264K)], 0.0033977 secs] [Times: user=0.00 sys=0.00, real=0.00 secs] 
2020-11-18T11:05:45.269-0800: 1.747: [Full GC (System.gc()) 2020-11-18T11:05:45.269-0800: 1.747: [CMS: 1569K->1571K(6848K), 0.0038105 secs] 1623K->1571K(9920K), [Metaspace: 4890K->4890K(139264K)], 0.0038686 secs] [Times: user=0.00 sys=0.00, real=0.01 secs] 
2020-11-18T11:05:45.274-0800: 1.753: [Full GC (System.gc()) 2020-11-18T11:05:45.274-0800: 1.753: [CMS: 1571K->1573K(6848K), 0.0037270 secs] 1625K->1573K(9920K), [Metaspace: 4890K->4890K(139264K)], 0.0038052 secs] [Times: user=0.01 sys=0.00, real=0.00 secs] 
2020-11-18T11:05:45.279-0800: 1.758: [Full GC (System.gc()) 2020-11-18T11:05:45.279-0800: 1.758: [CMS: 1573K->1576K(6848K), 0.0037812 secs] 1628K->1576K(9920K), [Metaspace: 4890K->4890K(139264K)], 0.0038465 secs] [Times: user=0.00 sys=0.00, real=0.01 secs] 
2020-11-18T11:05:45.284-0800: 1.763: [Full GC (System.gc()) 2020-11-18T11:05:45.284-0800: 1.763: [CMS: 1576K->1578K(6848K), 0.0038301 secs] 1630K->1578K(9920K), [Metaspace: 4890K->4890K(139264K)], 0.0038892 secs] [Times: user=0.01 sys=0.00, real=0.00 secs] 
2020-11-18T11:05:45.289-0800: 1.768: [Full GC (System.gc()) 2020-11-18T11:05:45.289-0800: 1.768: [CMS: 1578K->1581K(6848K), 0.0031497 secs] 1633K->1581K(9920K), [Metaspace: 4890K->4890K(139264K)], 0.0031957 secs] [Times: user=0.00 sys=0.00, real=0.01 secs] 
2020-11-18T11:05:45.294-0800: 1.772: [Full GC (System.gc()) 2020-11-18T11:05:45.294-0800: 1.772: [CMS: 1581K->1583K(6848K), 0.0035686 secs] 1635K->1583K(9920K), [Metaspace: 4890K->4890K(139264K)], 0.0036298 secs] [Times: user=0.00 sys=0.00, real=0.00 secs] 
2020-11-18T11:05:45.299-0800: 1.778: [Full GC (System.gc()) 2020-11-18T11:05:45.299-0800: 1.778: [CMS: 1583K->1585K(6848K), 0.0032122 secs] 1637K->1585K(9920K), [Metaspace: 4890K->4890K(139264K)], 0.0033083 secs] [Times: user=0.01 sys=0.00, real=0.01 secs] 
2020-11-18T11:05:45.304-0800: 1.782: [Full GC (System.gc()) 2020-11-18T11:05:45.304-0800: 1.782: [CMS: 1585K->1588K(6848K), 0.0032358 secs] 1640K->1588K(9920K), [Metaspace: 4890K->4890K(139264K)], 0.0032810 secs] [Times: user=0.00 sys=0.00, real=0.00 secs] 
2020-11-18T11:05:45.308-0800: 1.787: [Full GC (System.gc()) 2020-11-18T11:05:45.308-0800: 1.787: [CMS: 1588K->1590K(6848K), 0.0036478 secs] 1642K->1590K(9920K), [Metaspace: 4890K->4890K(139264K)], 0.0037058 secs] [Times: user=0.00 sys=0.00, real=0.01 secs] 
2020-11-18T11:05:45.313-0800: 1.792: [Full GC (System.gc()) 2020-11-18T11:05:45.313-0800: 1.792: [CMS: 1590K->1593K(6848K), 0.0030997 secs] 1645K->1593K(9920K), [Metaspace: 4890K->4890K(139264K)], 0.0031441 secs] [Times: user=0.01 sys=0.00, real=0.00 secs] 
2020-11-18T11:05:45.318-0800: 1.796: [Full GC (System.gc()) 2020-11-18T11:05:45.318-0800: 1.796: [CMS: 1593K->1595K(6848K), 0.0035766 secs] 1647K->1595K(9920K), [Metaspace: 4890K->4890K(139264K)], 0.0036616 secs] [Times: user=0.00 sys=0.00, real=0.01 secs] 
2020-11-18T11:05:45.323-0800: 1.802: [Full GC (System.gc()) 2020-11-18T11:05:45.323-0800: 1.802: [CMS: 1595K->1598K(6848K), 0.0033648 secs] 1650K->1598K(9920K), [Metaspace: 4890K->4890K(139264K)], 0.0034198 secs] [Times: user=0.00 sys=0.00, real=0.00 secs] 
2020-11-18T11:05:45.328-0800: 1.806: [Full GC (System.gc()) 2020-11-18T11:05:45.328-0800: 1.806: [CMS: 1598K->1600K(6848K), 0.0031569 secs] 1652K->1600K(9920K), [Metaspace: 4890K->4890K(139264K)], 0.0031979 secs] [Times: user=0.01 sys=0.00, real=0.01 secs] 
2020-11-18T11:05:45.332-0800: 1.811: [Full GC (System.gc()) 2020-11-18T11:05:45.332-0800: 1.811: [CMS: 1600K->1602K(6848K), 0.0036274 secs] 1654K->1602K(9920K), [Metaspace: 4890K->4890K(139264K)], 0.0036825 secs] [Times: user=0.00 sys=0.00, real=0.00 secs] 
2020-11-18T11:05:45.338-0800: 1.816: [Full GC (System.gc()) 2020-11-18T11:05:45.338-0800: 1.816: [CMS: 1602K->1605K(6848K), 0.0035744 secs] 1657K->1605K(9920K), [Metaspace: 4890K->4890K(139264K)], 0.0036522 secs] [Times: user=0.00 sys=0.00, real=0.01 secs] 
2020-11-18T11:05:45.343-0800: 1.821: [Full GC (System.gc()) 2020-11-18T11:05:45.343-0800: 1.821: [CMS: 1605K->1607K(6848K), 0.0034101 secs] 1659K->1607K(9920K), [Metaspace: 4890K->4890K(139264K)], 0.0034737 secs] [Times: user=0.01 sys=0.00, real=0.00 secs] 
2020-11-18T11:05:45.347-0800: 1.826: [Full GC (System.gc()) 2020-11-18T11:05:45.348-0800: 1.826: [CMS: 1607K->1610K(6848K), 0.0039739 secs] 1662K->1610K(9920K), [Metaspace: 4890K->4890K(139264K)], 0.0040377 secs] [Times: user=0.00 sys=0.00, real=0.01 secs] 
2020-11-18T11:05:45.353-0800: 1.832: [Full GC (System.gc()) 2020-11-18T11:05:45.353-0800: 1.832: [CMS: 1610K->1612K(6848K), 0.0034115 secs] 1664K->1612K(9920K), [Metaspace: 4890K->4890K(139264K)], 0.0034628 secs] [Times: user=0.00 sys=0.00, real=0.00 secs] 
2020-11-18T11:05:45.358-0800: 1.836: [Full GC (System.gc()) 2020-11-18T11:05:45.358-0800: 1.836: [CMS: 1612K->1614K(6848K), 0.0043261 secs] 1666K->1614K(9920K), [Metaspace: 4890K->4890K(139264K)], 0.0043918 secs] [Times: user=0.01 sys=0.00, real=0.01 secs] 
2020-11-18T11:05:45.364-0800: 1.842: [Full GC (System.gc()) 2020-11-18T11:05:45.364-0800: 1.842: [CMS: 1614K->1617K(6848K), 0.0047632 secs] 1669K->1617K(9920K), [Metaspace: 4890K->4890K(139264K)], 0.0048337 secs] [Times: user=0.00 sys=0.00, real=0.00 secs] 
2020-11-18T11:05:45.370-0800: 1.848: [Full GC (System.gc()) 2020-11-18T11:05:45.370-0800: 1.848: [CMS: 1617K->1619K(6848K), 0.0036640 secs] 1671K->1619K(9920K), [Metaspace: 4890K->4890K(139264K)], 0.0037269 secs] [Times: user=0.01 sys=0.00, real=0.00 secs] 
2020-11-18T11:05:45.375-0800: 1.853: [Full GC (System.gc()) 2020-11-18T11:05:45.375-0800: 1.853: [CMS: 1619K->1622K(6848K), 0.0036888 secs] 1674K->1622K(9920K), [Metaspace: 4890K->4890K(139264K)], 0.0037599 secs] [Times: user=0.00 sys=0.00, real=0.00 secs] 
2020-11-18T11:05:45.380-0800: 1.859: [Full GC (System.gc()) 2020-11-18T11:05:45.380-0800: 1.859: [CMS: 1622K->1624K(6848K), 0.0043588 secs] 1676K->1624K(9920K), [Metaspace: 4890K->4890K(139264K)], 0.0044242 secs] [Times: user=0.00 sys=0.00, real=0.00 secs] 
2020-11-18T11:05:45.386-0800: 1.864: [Full GC (System.gc()) 2020-11-18T11:05:45.386-0800: 1.864: [CMS: 1624K->1627K(6848K), 0.0033529 secs] 1678K->1627K(9920K), [Metaspace: 4890K->4890K(139264K)], 0.0034015 secs] [Times: user=0.01 sys=0.00, real=0.00 secs] 
2020-11-18T11:05:45.391-0800: 1.869: [Full GC (System.gc()) 2020-11-18T11:05:45.391-0800: 1.869: [CMS: 1627K->1629K(6848K), 0.0033485 secs] 1681K->1629K(9920K), [Metaspace: 4890K->4890K(139264K)], 0.0034031 secs] [Times: user=0.00 sys=0.00, real=0.00 secs] 
2020-11-18T11:05:45.396-0800: 1.874: [Full GC (System.gc()) 2020-11-18T11:05:45.396-0800: 1.874: [CMS: 1629K->1631K(6848K), 0.0040666 secs] 1683K->1631K(9920K), [Metaspace: 4890K->4890K(139264K)], 0.0041468 secs] [Times: user=0.00 sys=0.00, real=0.01 secs] 
2020-11-18T11:05:45.401-0800: 1.880: [Full GC (System.gc()) 2020-11-18T11:05:45.401-0800: 1.880: [CMS: 1631K->1634K(6848K), 0.0033283 secs] 1686K->1634K(9920K), [Metaspace: 4890K->4890K(139264K)], 0.0033769 secs] [Times: user=0.00 sys=0.00, real=0.00 secs] 
2020-11-18T11:05:45.406-0800: 1.884: [Full GC (System.gc()) 2020-11-18T11:05:45.406-0800: 1.884: [CMS: 1634K->1636K(6848K), 0.0038489 secs] 1688K->1636K(9920K), [Metaspace: 4890K->4890K(139264K)], 0.0039076 secs] [Times: user=0.00 sys=0.00, real=0.01 secs] 
2020-11-18T11:05:45.411-0800: 1.890: [Full GC (System.gc()) 2020-11-18T11:05:45.411-0800: 1.890: [CMS: 1636K->1639K(6848K), 0.0037440 secs] 1691K->1639K(9920K), [Metaspace: 4890K->4890K(139264K)], 0.0038045 secs] [Times: user=0.00 sys=0.00, real=0.00 secs] 
2020-11-18T11:05:45.416-0800: 1.895: [Full GC (System.gc()) 2020-11-18T11:05:45.416-0800: 1.895: [CMS: 1639K->1641K(6848K), 0.0033298 secs] 1693K->1641K(9920K), [Metaspace: 4890K->4890K(139264K)], 0.0033780 secs] [Times: user=0.00 sys=0.00, real=0.00 secs] 
2020-11-18T11:05:45.421-0800: 1.899: [Full GC (System.gc()) 2020-11-18T11:05:45.421-0800: 1.899: [CMS: 1641K->1643K(6848K), 0.0037962 secs] 1695K->1643K(9920K), [Metaspace: 4890K->4890K(139264K)], 0.0038540 secs] [Times: user=0.00 sys=0.00, real=0.00 secs] 
2020-11-18T11:05:45.426-0800: 1.905: [Full GC (System.gc()) 2020-11-18T11:05:45.426-0800: 1.905: [CMS: 1643K->1646K(6848K), 0.0032036 secs] 1698K->1646K(9920K), [Metaspace: 4890K->4890K(139264K)], 0.0032489 secs] [Times: user=0.00 sys=0.00, real=0.00 secs] 
2020-11-18T11:05:45.431-0800: 1.909: [Full GC (System.gc()) 2020-11-18T11:05:45.431-0800: 1.909: [CMS: 1646K->1648K(6848K), 0.0031464 secs] 1700K->1648K(9920K), [Metaspace: 4890K->4890K(139264K)], 0.0031935 secs] [Times: user=0.00 sys=0.00, real=0.00 secs] 
2020-11-18T11:05:45.435-0800: 1.914: [Full GC (System.gc()) 2020-11-18T11:05:45.435-0800: 1.914: [CMS: 1648K->1651K(6848K), 0.0032012 secs] 1703K->1651K(9920K), [Metaspace: 4890K->4890K(139264K)], 0.0032474 secs] [Times: user=0.01 sys=0.00, real=0.00 secs] 
2020-11-18T11:05:45.440-0800: 1.919: [Full GC (System.gc()) 2020-11-18T11:05:45.440-0800: 1.919: [CMS: 1651K->1653K(6848K), 0.0030391 secs] 1705K->1653K(9920K), [Metaspace: 4890K->4890K(139264K)], 0.0030850 secs] [Times: user=0.01 sys=0.00, real=0.00 secs] 
2020-11-18T11:05:45.444-0800: 1.923: [Full GC (System.gc()) 2020-11-18T11:05:45.444-0800: 1.923: [CMS: 1653K->1655K(6848K), 0.0029646 secs] 1707K->1655K(9920K), [Metaspace: 4890K->4890K(139264K)], 0.0030097 secs] [Times: user=0.01 sys=0.00, real=0.00 secs] 
2020-11-18T11:05:45.449-0800: 1.927: [Full GC (System.gc()) 2020-11-18T11:05:45.449-0800: 1.927: [CMS: 1655K->1658K(6848K), 0.0029812 secs] 1710K->1658K(9920K), [Metaspace: 4890K->4890K(139264K)], 0.0030263 secs] [Times: user=0.00 sys=0.00, real=0.01 secs] 
2020-11-18T11:05:45.453-0800: 1.931: [Full GC (System.gc()) 2020-11-18T11:05:45.453-0800: 1.931: [CMS: 1658K->1660K(6848K), 0.0028225 secs] 1712K->1660K(9920K), [Metaspace: 4890K->4890K(139264K)], 0.0028656 secs] [Times: user=0.01 sys=0.00, real=0.00 secs] 
2020-11-18T11:05:45.457-0800: 1.936: [Full GC (System.gc()) 2020-11-18T11:05:45.457-0800: 1.936: [CMS: 1660K->1663K(6848K), 0.0033952 secs] 1715K->1663K(9920K), [Metaspace: 4890K->4890K(139264K)], 0.0034682 secs] [Times: user=0.01 sys=0.00, real=0.01 secs] 
2020-11-18T11:05:45.462-0800: 1.940: [Full GC (System.gc()) 2020-11-18T11:05:45.462-0800: 1.940: [CMS: 1663K->1665K(6848K), 0.0033534 secs] 1717K->1665K(9920K), [Metaspace: 4890K->4890K(139264K)], 0.0034045 secs] [Times: user=0.01 sys=0.00, real=0.00 secs] 
2020-11-18T11:05:45.467-0800: 1.945: [Full GC (System.gc()) 2020-11-18T11:05:45.467-0800: 1.945: [CMS: 1665K->1668K(6848K), 0.0030493 secs] 1720K->1668K(9920K), [Metaspace: 4890K->4890K(139264K)], 0.0030992 secs] [Times: user=0.00 sys=0.00, real=0.01 secs] 
2020-11-18T11:05:45.471-0800: 1.950: [Full GC (System.gc()) 2020-11-18T11:05:45.471-0800: 1.950: [CMS: 1668K->1670K(6848K), 0.0030631 secs] 1722K->1670K(9920K), [Metaspace: 4890K->4890K(139264K)], 0.0031078 secs] [Times: user=0.01 sys=0.00, real=0.00 secs] 
2020-11-18T11:05:45.476-0800: 1.954: [Full GC (System.gc()) 2020-11-18T11:05:45.476-0800: 1.954: [CMS: 1670K->1672K(6848K), 0.0029173 secs] 1724K->1672K(9920K), [Metaspace: 4890K->4890K(139264K)], 0.0029614 secs] [Times: user=0.01 sys=0.00, real=0.00 secs] 
2020-11-18T11:05:45.480-0800: 1.958: [Full GC (System.gc()) 2020-11-18T11:05:45.480-0800: 1.959: [CMS: 1672K->1675K(6848K), 0.0028064 secs] 1727K->1675K(9920K), [Metaspace: 4890K->4890K(139264K)], 0.0028479 secs] [Times: user=0.00 sys=0.00, real=0.00 secs] 
2020-11-18T11:05:45.484-0800: 1.963: [Full GC (System.gc()) 2020-11-18T11:05:45.484-0800: 1.963: [CMS: 1675K->1677K(6848K), 0.0028598 secs] 1729K->1677K(9920K), [Metaspace: 4890K->4890K(139264K)], 0.0029135 secs] [Times: user=0.00 sys=0.00, real=0.00 secs] 
2020-11-18T11:05:45.488-0800: 1.967: [Full GC (System.gc()) 2020-11-18T11:05:45.488-0800: 1.967: [CMS: 1677K->1680K(6848K), 0.0028458 secs] 1732K->1680K(9920K), [Metaspace: 4890K->4890K(139264K)], 0.0028896 secs] [Times: user=0.01 sys=0.00, real=0.01 secs] 
2020-11-18T11:05:45.492-0800: 1.971: [Full GC (System.gc()) 2020-11-18T11:05:45.493-0800: 1.971: [CMS: 1680K->1682K(6848K), 0.0028945 secs] 1734K->1682K(9920K), [Metaspace: 4890K->4890K(139264K)], 0.0029368 secs] [Times: user=0.01 sys=0.00, real=0.00 secs] 
2020-11-18T11:05:45.497-0800: 1.975: [Full GC (System.gc()) 2020-11-18T11:05:45.497-0800: 1.975: [CMS: 1682K->1684K(6848K), 0.0026412 secs] 1736K->1684K(9920K), [Metaspace: 4890K->4890K(139264K)], 0.0026777 secs] [Times: user=0.00 sys=0.00, real=0.00 secs] 
2020-11-18T11:05:45.501-0800: 1.979: [Full GC (System.gc()) 2020-11-18T11:05:45.501-0800: 1.979: [CMS: 1684K->1687K(6848K), 0.0026159 secs] 1739K->1687K(9920K), [Metaspace: 4890K->4890K(139264K)], 0.0026649 secs] [Times: user=0.01 sys=0.00, real=0.00 secs] 
2020-11-18T11:05:45.505-0800: 1.984: [Full GC (System.gc()) 2020-11-18T11:05:45.505-0800: 1.984: [CMS: 1687K->1689K(6848K), 0.0030885 secs] 1741K->1689K(9920K), [Metaspace: 4890K->4890K(139264K)], 0.0031409 secs] [Times: user=0.01 sys=0.00, real=0.00 secs] 
2020-11-18T11:05:45.510-0800: 1.988: [Full GC (System.gc()) 2020-11-18T11:05:45.510-0800: 1.988: [CMS: 1689K->1692K(6848K), 0.0033082 secs] 1744K->1692K(9920K), [Metaspace: 4890K->4890K(139264K)], 0.0033666 secs] [Times: user=0.02 sys=0.00, real=0.00 secs] 
2020-11-18T11:05:45.514-0800: 1.993: [Full GC (System.gc()) 2020-11-18T11:05:45.514-0800: 1.993: [CMS: 1692K->1694K(6848K), 0.0031632 secs] 1746K->1694K(9920K), [Metaspace: 4890K->4890K(139264K)], 0.0032141 secs] [Times: user=0.01 sys=0.00, real=0.00 secs] 
2020-11-18T11:05:45.519-0800: 1.997: [Full GC (System.gc()) 2020-11-18T11:05:45.519-0800: 1.997: [CMS: 1694K->1697K(6848K), 0.0030103 secs] 1748K->1697K(9920K), [Metaspace: 4890K->4890K(139264K)], 0.0030627 secs] [Times: user=0.01 sys=0.00, real=0.01 secs] 
2020-11-18T11:05:45.523-0800: 2.002: [Full GC (System.gc()) 2020-11-18T11:05:45.523-0800: 2.002: [CMS: 1697K->1699K(6848K), 0.0029217 secs] 1751K->1699K(9920K), [Metaspace: 4890K->4890K(139264K)], 0.0029652 secs] [Times: user=0.01 sys=0.00, real=0.00 secs] 
2020-11-18T11:05:45.527-0800: 2.006: [Full GC (System.gc()) 2020-11-18T11:05:45.527-0800: 2.006: [CMS: 1699K->1701K(6848K), 0.0029424 secs] 1753K->1701K(9920K), [Metaspace: 4890K->4890K(139264K)], 0.0029853 secs] [Times: user=0.00 sys=0.00, real=0.01 secs] 
2020-11-18T11:05:45.532-0800: 2.010: [Full GC (System.gc()) 2020-11-18T11:05:45.532-0800: 2.010: [CMS: 1701K->1704K(6848K), 0.0028814 secs] 1756K->1704K(9920K), [Metaspace: 4890K->4890K(139264K)], 0.0029278 secs] [Times: user=0.00 sys=0.00, real=0.00 secs] 
2020-11-18T11:05:45.536-0800: 2.015: [Full GC (System.gc()) 2020-11-18T11:05:45.536-0800: 2.015: [CMS: 1704K->1706K(6848K), 0.0029977 secs] 1758K->1706K(9920K), [Metaspace: 4890K->4890K(139264K)], 0.0030415 secs] [Times: user=0.00 sys=0.00, real=0.00 secs] 
2020-11-18T11:05:45.540-0800: 2.019: [Full GC (System.gc()) 2020-11-18T11:05:45.540-0800: 2.019: [CMS: 1706K->1709K(6848K), 0.0028723 secs] 1761K->1709K(9920K), [Metaspace: 4890K->4890K(139264K)], 0.0029144 secs] [Times: user=0.01 sys=0.00, real=0.00 secs] 
2020-11-18T11:05:45.545-0800: 2.023: [Full GC (System.gc()) 2020-11-18T11:05:45.545-0800: 2.023: [CMS: 1709K->1711K(6848K), 0.0030430 secs] 1763K->1711K(9920K), [Metaspace: 4890K->4890K(139264K)], 0.0031035 secs] [Times: user=0.00 sys=0.00, real=0.00 secs] 
2020-11-18T11:05:45.549-0800: 2.028: [Full GC (System.gc()) 2020-11-18T11:05:45.549-0800: 2.028: [CMS: 1711K->1713K(6848K), 0.0035973 secs] 1765K->1713K(9920K), [Metaspace: 4890K->4890K(139264K)], 0.0036608 secs] [Times: user=0.00 sys=0.00, real=0.01 secs] 
2020-11-18T11:05:45.554-0800: 2.033: [Full GC (System.gc()) 2020-11-18T11:05:45.554-0800: 2.033: [CMS: 1713K->1716K(6848K), 0.0031974 secs] 1768K->1716K(9920K), [Metaspace: 4890K->4890K(139264K)], 0.0032439 secs] [Times: user=0.00 sys=0.00, real=0.00 secs] 
2020-11-18T11:05:45.559-0800: 2.037: [Full GC (System.gc()) 2020-11-18T11:05:45.559-0800: 2.037: [CMS: 1716K->1718K(6848K), 0.0031300 secs] 1770K->1718K(9920K), [Metaspace: 4890K->4890K(139264K)], 0.0031819 secs] [Times: user=0.01 sys=0.00, real=0.01 secs] 
2020-11-18T11:05:45.563-0800: 2.042: [Full GC (System.gc()) 2020-11-18T11:05:45.563-0800: 2.042: [CMS: 1718K->1721K(6848K), 0.0032153 secs] 1773K->1721K(9920K), [Metaspace: 4890K->4890K(139264K)], 0.0032613 secs] [Times: user=0.01 sys=0.00, real=0.00 secs] 
2020-11-18T11:05:45.568-0800: 2.046: [Full GC (System.gc()) 2020-11-18T11:05:45.568-0800: 2.046: [CMS: 1721K->1723K(6848K), 0.0030492 secs] 1775K->1723K(9920K), [Metaspace: 4890K->4890K(139264K)], 0.0030978 secs] [Times: user=0.01 sys=0.00, real=0.01 secs] 
2020-11-18T11:05:45.572-0800: 2.051: [Full GC (System.gc()) 2020-11-18T11:05:45.572-0800: 2.051: [CMS: 1723K->1725K(6848K), 0.0031624 secs] 1777K->1725K(9920K), [Metaspace: 4890K->4890K(139264K)], 0.0032184 secs] [Times: user=0.00 sys=0.01, real=0.00 secs] 
2020-11-18T11:05:45.577-0800: 2.055: [Full GC (System.gc()) 2020-11-18T11:05:45.577-0800: 2.055: [CMS: 1725K->1728K(6848K), 0.0034280 secs] 1780K->1728K(9920K), [Metaspace: 4890K->4890K(139264K)], 0.0034874 secs] [Times: user=0.01 sys=0.00, real=0.01 secs] 
2020-11-18T11:05:45.582-0800: 2.060: [Full GC (System.gc()) 2020-11-18T11:05:45.582-0800: 2.060: [CMS: 1728K->1730K(6848K), 0.0036427 secs] 1782K->1730K(9920K), [Metaspace: 4890K->4890K(139264K)], 0.0037054 secs] [Times: user=0.00 sys=0.00, real=0.00 secs] 
2020-11-18T11:05:45.587-0800: 2.065: [Full GC (System.gc()) 2020-11-18T11:05:45.587-0800: 2.065: [CMS: 1730K->1733K(6848K), 0.0035625 secs] 1785K->1733K(9920K), [Metaspace: 4890K->4890K(139264K)], 0.0036338 secs] [Times: user=0.00 sys=0.00, real=0.01 secs] 
2020-11-18T11:05:45.592-0800: 2.070: [Full GC (System.gc()) 2020-11-18T11:05:45.592-0800: 2.070: [CMS: 1733K->1735K(6848K), 0.0032089 secs] 1787K->1735K(9920K), [Metaspace: 4890K->4890K(139264K)], 0.0032575 secs] [Times: user=0.01 sys=0.00, real=0.00 secs] 
2020-11-18T11:05:45.596-0800: 2.075: [Full GC (System.gc()) 2020-11-18T11:05:45.597-0800: 2.075: [CMS: 1735K->1738K(6848K), 0.0033828 secs] 1790K->1738K(9920K), [Metaspace: 4890K->4890K(139264K)], 0.0034321 secs] [Times: user=0.00 sys=0.00, real=0.01 secs] 
2020-11-18T11:05:45.601-0800: 2.080: [Full GC (System.gc()) 2020-11-18T11:05:45.601-0800: 2.080: [CMS: 1738K->1740K(6848K), 0.0032446 secs] 1792K->1740K(9920K), [Metaspace: 4890K->4890K(139264K)], 0.0032893 secs] [Times: user=0.00 sys=0.00, real=0.00 secs] 
2020-11-18T11:05:45.606-0800: 2.085: [Full GC (System.gc()) 2020-11-18T11:05:45.606-0800: 2.085: [CMS: 1740K->1743K(6848K), 0.0036693 secs] 1794K->1743K(9920K), [Metaspace: 4890K->4890K(139264K)], 0.0037368 secs] [Times: user=0.01 sys=0.00, real=0.01 secs] 
2020-11-18T11:05:45.611-0800: 2.090: [Full GC (System.gc()) 2020-11-18T11:05:45.611-0800: 2.090: [CMS: 1743K->1746K(6848K), 0.0035896 secs] 1797K->1746K(9920K), [Metaspace: 4890K->4890K(139264K)], 0.0036624 secs] [Times: user=0.00 sys=0.00, real=0.00 secs] 
2020-11-18T11:05:45.616-0800: 2.095: [Full GC (System.gc()) 2020-11-18T11:05:45.616-0800: 2.095: [CMS: 1746K->1748K(6848K), 0.0037147 secs] 1800K->1748K(9920K), [Metaspace: 4890K->4890K(139264K)], 0.0037929 secs] [Times: user=0.01 sys=0.00, real=0.01 secs] 
2020-11-18T11:05:45.622-0800: 2.100: [Full GC (System.gc()) 2020-11-18T11:05:45.622-0800: 2.100: [CMS: 1748K->1750K(6848K), 0.0034494 secs] 1802K->1750K(9920K), [Metaspace: 4890K->4890K(139264K)], 0.0035107 secs] [Times: user=0.00 sys=0.00, real=0.00 secs] 
2020-11-18T11:05:45.627-0800: 2.105: [Full GC (System.gc()) 2020-11-18T11:05:45.627-0800: 2.105: [CMS: 1750K->1753K(6848K), 0.0038435 secs] 1805K->1753K(9920K), [Metaspace: 4890K->4890K(139264K)], 0.0039100 secs] [Times: user=0.00 sys=0.00, real=0.01 secs] 
2020-11-18T11:05:45.632-0800: 2.111: [Full GC (System.gc()) 2020-11-18T11:05:45.632-0800: 2.111: [CMS: 1753K->1755K(6848K), 0.0033514 secs] 1807K->1755K(9920K), [Metaspace: 4890K->4890K(139264K)], 0.0034059 secs] [Times: user=0.01 sys=0.00, real=0.00 secs] 
2020-11-18T11:05:45.636-0800: 2.115: [Full GC (System.gc()) 2020-11-18T11:05:45.636-0800: 2.115: [CMS: 1755K->1758K(6848K), 0.0032180 secs] 1810K->1758K(9920K), [Metaspace: 4890K->4890K(139264K)], 0.0032664 secs] [Times: user=0.00 sys=0.00, real=0.01 secs] 
2020-11-18T11:05:45.641-0800: 2.120: [Full GC (System.gc()) 2020-11-18T11:05:45.641-0800: 2.120: [CMS: 1758K->1760K(6848K), 0.0035760 secs] 1812K->1760K(9920K), [Metaspace: 4890K->4890K(139264K)], 0.0036459 secs] [Times: user=0.00 sys=0.00, real=0.00 secs] 
2020-11-18T11:05:45.646-0800: 2.125: [Full GC (System.gc()) 2020-11-18T11:05:45.646-0800: 2.125: [CMS: 1760K->1762K(6848K), 0.0036744 secs] 1814K->1762K(9920K), [Metaspace: 4890K->4890K(139264K)], 0.0037463 secs] [Times: user=0.01 sys=0.00, real=0.01 secs] 
2020-11-18T11:05:45.651-0800: 2.130: [Full GC (System.gc()) 2020-11-18T11:05:45.651-0800: 2.130: [CMS: 1762K->1765K(6848K), 0.0035618 secs] 1817K->1765K(9920K), [Metaspace: 4890K->4890K(139264K)], 0.0036319 secs] [Times: user=0.00 sys=0.00, real=0.00 secs] 
2020-11-18T11:05:45.656-0800: 2.135: [Full GC (System.gc()) 2020-11-18T11:05:45.656-0800: 2.135: [CMS: 1765K->1767K(6848K), 0.0037946 secs] 1819K->1767K(9920K), [Metaspace: 4890K->4890K(139264K)], 0.0038697 secs] [Times: user=0.01 sys=0.00, real=0.01 secs] 
2020-11-18T11:05:45.662-0800: 2.140: [Full GC (System.gc()) 2020-11-18T11:05:45.662-0800: 2.140: [CMS: 1767K->1770K(6848K), 0.0036152 secs] 1822K->1770K(9920K), [Metaspace: 4890K->4890K(139264K)], 0.0036906 secs] [Times: user=0.00 sys=0.00, real=0.00 secs] 
2020-11-18T11:05:45.667-0800: 2.145: [Full GC (System.gc()) 2020-11-18T11:05:45.667-0800: 2.146: [CMS: 1770K->1772K(6848K), 0.0036803 secs] 1824K->1772K(9920K), [Metaspace: 4890K->4890K(139264K)], 0.0037497 secs] [Times: user=0.00 sys=0.00, real=0.01 secs] 
2020-11-18T11:05:45.672-0800: 2.151: [Full GC (System.gc()) 2020-11-18T11:05:45.672-0800: 2.151: [CMS: 1772K->1774K(6848K), 0.0036585 secs] 1826K->1774K(9920K), [Metaspace: 4890K->4890K(139264K)], 0.0037289 secs] [Times: user=0.01 sys=0.00, real=0.00 secs] 
2020-11-18T11:05:45.677-0800: 2.156: [Full GC (System.gc()) 2020-11-18T11:05:45.677-0800: 2.156: [CMS: 1774K->1777K(6848K), 0.0036794 secs] 1829K->1777K(9920K), [Metaspace: 4890K->4890K(139264K)], 0.0037502 secs] [Times: user=0.00 sys=0.00, real=0.01 secs] 
2020-11-18T11:05:45.683-0800: 2.161: [Full GC (System.gc()) 2020-11-18T11:05:45.683-0800: 2.161: [CMS: 1777K->1779K(6848K), 0.0036974 secs] 1831K->1779K(9920K), [Metaspace: 4890K->4890K(139264K)], 0.0037743 secs] [Times: user=0.00 sys=0.00, real=0.00 secs] 
2020-11-18T11:05:45.688-0800: 2.167: [Full GC (System.gc()) 2020-11-18T11:05:45.688-0800: 2.167: [CMS: 1779K->1782K(6848K), 0.0038849 secs] 1834K->1782K(9920K), [Metaspace: 4890K->4890K(139264K)], 0.0039587 secs] [Times: user=0.01 sys=0.00, real=0.01 secs] 
2020-11-18T11:05:45.693-0800: 2.172: [Full GC (System.gc()) 2020-11-18T11:05:45.694-0800: 2.172: [CMS: 1782K->1784K(6848K), 0.0048780 secs] 1836K->1784K(9920K), [Metaspace: 4890K->4890K(139264K)], 0.0049679 secs] [Times: user=0.00 sys=0.00, real=0.00 secs] 
2020-11-18T11:05:45.700-0800: 2.178: [Full GC (System.gc()) 2020-11-18T11:05:45.700-0800: 2.178: [CMS: 1784K->1787K(6848K), 0.0041122 secs] 1839K->1787K(9920K), [Metaspace: 4890K->4890K(139264K)], 0.0041870 secs] [Times: user=0.01 sys=0.00, real=0.00 secs] 
2020-11-18T11:05:45.706-0800: 2.184: [Full GC (System.gc()) 2020-11-18T11:05:45.706-0800: 2.184: [CMS: 1787K->1789K(6848K), 0.0038468 secs] 1841K->1789K(9920K), [Metaspace: 4890K->4890K(139264K)], 0.0039193 secs] [Times: user=0.00 sys=0.00, real=0.00 secs] 
2020-11-18T11:05:45.711-0800: 2.190: [Full GC (System.gc()) 2020-11-18T11:05:45.711-0800: 2.190: [CMS: 1789K->1791K(6848K), 0.0041660 secs] 1843K->1791K(9920K), [Metaspace: 4890K->4890K(139264K)], 0.0042495 secs] [Times: user=0.01 sys=0.00, real=0.00 secs] 
2020-11-18T11:05:45.716-0800: 2.195: [Full GC (System.gc()) 2020-11-18T11:05:45.716-0800: 2.195: [CMS: 1791K->1794K(6848K), 0.0035644 secs] 1846K->1794K(9920K), [Metaspace: 4890K->4890K(139264K)], 0.0036182 secs] [Times: user=0.00 sys=0.00, real=0.01 secs] 
2020-11-18T11:05:45.721-0800: 2.200: [Full GC (System.gc()) 2020-11-18T11:05:45.721-0800: 2.200: [CMS: 1794K->1796K(6848K), 0.0033157 secs] 1848K->1796K(9920K), [Metaspace: 4890K->4890K(139264K)], 0.0033664 secs] [Times: user=0.00 sys=0.00, real=0.00 secs] 
2020-11-18T11:05:45.726-0800: 2.205: [Full GC (System.gc()) 2020-11-18T11:05:45.726-0800: 2.205: [CMS: 1796K->1799K(6848K), 0.0032656 secs] 1851K->1799K(9920K), [Metaspace: 4890K->4890K(139264K)], 0.0033280 secs] [Times: user=0.01 sys=0.00, real=0.00 secs] 
2020-11-18T11:05:45.731-0800: 2.209: [Full GC (System.gc()) 2020-11-18T11:05:45.731-0800: 2.209: [CMS: 1799K->1801K(6848K), 0.0031545 secs] 1853K->1801K(9920K), [Metaspace: 4890K->4890K(139264K)], 0.0032023 secs] [Times: user=0.00 sys=0.00, real=0.00 secs] 
2020-11-18T11:05:45.735-0800: 2.214: [Full GC (System.gc()) 2020-11-18T11:05:45.735-0800: 2.214: [CMS: 1801K->1803K(6848K), 0.0031921 secs] 1855K->1803K(9920K), [Metaspace: 4890K->4890K(139264K)], 0.0032429 secs] [Times: user=0.00 sys=0.00, real=0.00 secs] 
2020-11-18T11:05:45.740-0800: 2.219: [Full GC (System.gc()) 2020-11-18T11:05:45.740-0800: 2.219: [CMS: 1803K->1806K(6848K), 0.0030093 secs] 1858K->1806K(9920K), [Metaspace: 4890K->4890K(139264K)], 0.0030518 secs] [Times: user=0.01 sys=0.00, real=0.00 secs] 
2020-11-18T11:05:45.744-0800: 2.223: [Full GC (System.gc()) 2020-11-18T11:05:45.744-0800: 2.223: [CMS: 1806K->1808K(6848K), 0.0029464 secs] 1860K->1808K(9920K), [Metaspace: 4890K->4890K(139264K)], 0.0029882 secs] [Times: user=0.00 sys=0.00, real=0.00 secs] 
2020-11-18T11:05:45.749-0800: 2.227: [Full GC (System.gc()) 2020-11-18T11:05:45.749-0800: 2.227: [CMS: 1808K->1811K(6848K), 0.0035073 secs] 1863K->1811K(9920K), [Metaspace: 4890K->4890K(139264K)], 0.0035730 secs] [Times: user=0.00 sys=0.00, real=0.01 secs] 
2020-11-18T11:05:45.754-0800: 2.232: [Full GC (System.gc()) 2020-11-18T11:05:45.754-0800: 2.232: [CMS: 1811K->1813K(6848K), 0.0036463 secs] 1865K->1813K(9920K), [Metaspace: 4890K->4890K(139264K)], 0.0037150 secs] [Times: user=0.01 sys=0.00, real=0.00 secs] 
2020-11-18T11:05:45.759-0800: 2.238: [Full GC (System.gc()) 2020-11-18T11:05:45.759-0800: 2.238: [CMS: 1813K->1816K(6848K), 0.0036662 secs] 1867K->1816K(9920K), [Metaspace: 4890K->4890K(139264K)], 0.0037415 secs] [Times: user=0.00 sys=0.00, real=0.01 secs] 
2020-11-18T11:05:45.764-0800: 2.242: [Full GC (System.gc()) 2020-11-18T11:05:45.764-0800: 2.243: [CMS: 1816K->1818K(6848K), 0.0032934 secs] 1870K->1818K(9920K), [Metaspace: 4890K->4890K(139264K)], 0.0033421 secs] [Times: user=0.00 sys=0.00, real=0.00 secs] 
2020-11-18T11:05:45.769-0800: 2.247: [Full GC (System.gc()) 2020-11-18T11:05:45.769-0800: 2.247: [CMS: 1818K->1820K(6848K), 0.0036148 secs] 1872K->1820K(9920K), [Metaspace: 4890K->4890K(139264K)], 0.0036858 secs] [Times: user=0.01 sys=0.00, real=0.01 secs] 
2020-11-18T11:05:45.774-0800: 2.253: [Full GC (System.gc()) 2020-11-18T11:05:45.774-0800: 2.253: [CMS: 1820K->1823K(6848K), 0.0035945 secs] 1875K->1823K(9920K), [Metaspace: 4890K->4890K(139264K)], 0.0036634 secs] [Times: user=0.00 sys=0.00, real=0.00 secs] 
2020-11-18T11:05:45.779-0800: 2.258: [Full GC (System.gc()) 2020-11-18T11:05:45.779-0800: 2.258: [CMS: 1823K->1825K(6848K), 0.0037903 secs] 1877K->1825K(9920K), [Metaspace: 4890K->4890K(139264K)], 0.0038738 secs] [Times: user=0.01 sys=0.00, real=0.01 secs] 
2020-11-18T11:05:45.784-0800: 2.263: [Full GC (System.gc()) 2020-11-18T11:05:45.784-0800: 2.263: [CMS: 1825K->1828K(6848K), 0.0031659 secs] 1880K->1828K(9920K), [Metaspace: 4890K->4890K(139264K)], 0.0032128 secs] [Times: user=0.00 sys=0.00, real=0.00 secs] 
2020-11-18T11:05:45.789-0800: 2.267: [Full GC (System.gc()) 2020-11-18T11:05:45.789-0800: 2.267: [CMS: 1828K->1830K(6848K), 0.0031260 secs] 1882K->1830K(9920K), [Metaspace: 4890K->4890K(139264K)], 0.0031778 secs] [Times: user=0.00 sys=0.00, real=0.01 secs] 
2020-11-18T11:05:45.793-0800: 2.272: [Full GC (System.gc()) 2020-11-18T11:05:45.793-0800: 2.272: [CMS: 1830K->1832K(6848K), 0.0029605 secs] 1884K->1832K(9920K), [Metaspace: 4890K->4890K(139264K)], 0.0030018 secs] [Times: user=0.00 sys=0.00, real=0.00 secs] 
2020-11-18T11:05:45.798-0800: 2.276: [Full GC (System.gc()) 2020-11-18T11:05:45.798-0800: 2.276: [CMS: 1832K->1835K(6848K), 0.0030376 secs] 1887K->1835K(9920K), [Metaspace: 4890K->4890K(139264K)], 0.0031836 secs] [Times: user=0.01 sys=0.00, real=0.01 secs] 
2020-11-18T11:05:45.802-0800: 2.281: [Full GC (System.gc()) 2020-11-18T11:05:45.802-0800: 2.281: [CMS: 1835K->1837K(6848K), 0.0033612 secs] 1889K->1837K(9920K), [Metaspace: 4890K->4890K(139264K)], 0.0034294 secs] [Times: user=0.00 sys=0.00, real=0.00 secs] 
2020-11-18T11:05:45.807-0800: 2.286: [Full GC (System.gc()) 2020-11-18T11:05:45.807-0800: 2.286: [CMS: 1837K->1840K(6848K), 0.0035575 secs] 1892K->1840K(9920K), [Metaspace: 4890K->4890K(139264K)], 0.0036277 secs] [Times: user=0.00 sys=0.00, real=0.01 secs] 
2020-11-18T11:05:45.812-0800: 2.291: [Full GC (System.gc()) 2020-11-18T11:05:45.812-0800: 2.291: [CMS: 1840K->1842K(6848K), 0.0035690 secs] 1894K->1842K(9920K), [Metaspace: 4890K->4890K(139264K)], 0.0036436 secs] [Times: user=0.00 sys=0.00, real=0.00 secs] 
2020-11-18T11:05:45.817-0800: 2.296: [Full GC (System.gc()) 2020-11-18T11:05:45.817-0800: 2.296: [CMS: 1842K->1844K(6848K), 0.0035899 secs] 1896K->1844K(9920K), [Metaspace: 4890K->4890K(139264K)], 0.0036609 secs] [Times: user=0.00 sys=0.00, real=0.01 secs] 
2020-11-18T11:05:45.822-0800: 2.301: [Full GC (System.gc()) 2020-11-18T11:05:45.822-0800: 2.301: [CMS: 1844K->1847K(6848K), 0.0033454 secs] 1899K->1847K(9920K), [Metaspace: 4890K->4890K(139264K)], 0.0034062 secs] [Times: user=0.01 sys=0.00, real=0.00 secs] 
2020-11-18T11:05:45.827-0800: 2.305: [Full GC (System.gc()) 2020-11-18T11:05:45.827-0800: 2.306: [CMS: 1847K->1849K(6848K), 0.0035824 secs] 1901K->1849K(9920K), [Metaspace: 4890K->4890K(139264K)], 0.0036493 secs] [Times: user=0.00 sys=0.00, real=0.01 secs] 
2020-11-18T11:05:45.832-0800: 2.311: [Full GC (System.gc()) 2020-11-18T11:05:45.832-0800: 2.311: [CMS: 1849K->1852K(6848K), 0.0036932 secs] 1904K->1852K(9920K), [Metaspace: 4890K->4890K(139264K)], 0.0037622 secs] [Times: user=0.00 sys=0.00, real=0.00 secs] 
2020-11-18T11:05:45.837-0800: 2.316: [Full GC (System.gc()) 2020-11-18T11:05:45.837-0800: 2.316: [CMS: 1852K->1854K(6848K), 0.0036678 secs] 1906K->1854K(9920K), [Metaspace: 4890K->4890K(139264K)], 0.0037383 secs] [Times: user=0.01 sys=0.00, real=0.01 secs] 
2020-11-18T11:05:45.842-0800: 2.321: [Full GC (System.gc()) 2020-11-18T11:05:45.842-0800: 2.321: [CMS: 1854K->1857K(6848K), 0.0036471 secs] 1909K->1857K(9920K), [Metaspace: 4890K->4890K(139264K)], 0.0037145 secs] [Times: user=0.00 sys=0.00, real=0.00 secs] 
2020-11-18T11:05:45.847-0800: 2.326: [Full GC (System.gc()) 2020-11-18T11:05:45.847-0800: 2.326: [CMS: 1857K->1859K(6848K), 0.0035858 secs] 1911K->1859K(9920K), [Metaspace: 4890K->4890K(139264K)], 0.0036547 secs] [Times: user=0.00 sys=0.00, real=0.01 secs] 
2020-11-18T11:05:45.852-0800: 2.331: [Full GC (System.gc()) 2020-11-18T11:05:45.852-0800: 2.331: [CMS: 1859K->1861K(6848K), 0.0036227 secs] 1913K->1861K(9920K), [Metaspace: 4890K->4890K(139264K)], 0.0036916 secs] [Times: user=0.01 sys=0.00, real=0.00 secs] 
2020-11-18T11:05:45.858-0800: 2.336: [Full GC (System.gc()) 2020-11-18T11:05:45.858-0800: 2.336: [CMS: 1861K->1864K(6848K), 0.0044228 secs] 1916K->1864K(9920K), [Metaspace: 4890K->4890K(139264K)], 0.0044999 secs] [Times: user=0.00 sys=0.00, real=0.01 secs] 
2020-11-18T11:05:45.863-0800: 2.342: [Full GC (System.gc()) 2020-11-18T11:05:45.863-0800: 2.342: [CMS: 1864K->1866K(6848K), 0.0040049 secs] 1918K->1866K(9920K), [Metaspace: 4890K->4890K(139264K)], 0.0040802 secs] [Times: user=0.01 sys=0.00, real=0.00 secs] 
2020-11-18T11:05:45.869-0800: 2.348: [Full GC (System.gc()) 2020-11-18T11:05:45.869-0800: 2.348: [CMS: 1866K->1869K(6848K), 0.0036363 secs] 1921K->1869K(9920K), [Metaspace: 4890K->4890K(139264K)], 0.0037044 secs] [Times: user=0.00 sys=0.00, real=0.01 secs] 
2020-11-18T11:05:45.874-0800: 2.353: [Full GC (System.gc()) 2020-11-18T11:05:45.874-0800: 2.353: [CMS: 1869K->1871K(6848K), 0.0042669 secs] 1923K->1871K(9920K), [Metaspace: 4890K->4890K(139264K)], 0.0043530 secs] [Times: user=0.01 sys=0.00, real=0.00 secs] 
2020-11-18T11:05:45.880-0800: 2.359: [Full GC (System.gc()) 2020-11-18T11:05:45.880-0800: 2.359: [CMS: 1871K->1873K(6848K), 0.0045147 secs] 1925K->1873K(9920K), [Metaspace: 4890K->4890K(139264K)], 0.0046213 secs] [Times: user=0.00 sys=0.00, real=0.00 secs] 
2020-11-18T11:05:45.886-0800: 2.365: [Full GC (System.gc()) 2020-11-18T11:05:45.886-0800: 2.365: [CMS: 1873K->1876K(6848K), 0.0038944 secs] 1928K->1876K(9920K), [Metaspace: 4890K->4890K(139264K)], 0.0039702 secs] [Times: user=0.00 sys=0.00, real=0.01 secs] 
2020-11-18T11:05:45.892-0800: 2.370: [Full GC (System.gc()) 2020-11-18T11:05:45.892-0800: 2.370: [CMS: 1876K->1878K(6848K), 0.0039709 secs] 1930K->1878K(9920K), [Metaspace: 4890K->4890K(139264K)], 0.0040544 secs] [Times: user=0.01 sys=0.00, real=0.00 secs] 
2020-11-18T11:05:45.897-0800: 2.376: [Full GC (System.gc()) 2020-11-18T11:05:45.897-0800: 2.376: [CMS: 1878K->1881K(6848K), 0.0037884 secs] 1933K->1881K(9920K), [Metaspace: 4890K->4890K(139264K)], 0.0038626 secs] [Times: user=0.00 sys=0.00, real=0.01 secs] 
2020-11-18T11:05:45.902-0800: 2.381: [Full GC (System.gc()) 2020-11-18T11:05:45.902-0800: 2.381: [CMS: 1881K->1883K(6848K), 0.0033724 secs] 1935K->1883K(9920K), [Metaspace: 4890K->4890K(139264K)], 0.0034219 secs] [Times: user=0.01 sys=0.01, real=0.00 secs] 
2020-11-18T11:05:45.907-0800: 2.386: [Full GC (System.gc()) 2020-11-18T11:05:45.907-0800: 2.386: [CMS: 1883K->1886K(6848K), 0.0031413 secs] 1937K->1886K(9920K), [Metaspace: 4890K->4890K(139264K)], 0.0031866 secs] [Times: user=0.00 sys=0.00, real=0.01 secs] 
2020-11-18T11:05:45.912-0800: 2.390: [Full GC (System.gc()) 2020-11-18T11:05:45.912-0800: 2.390: [CMS: 1886K->1888K(6848K), 0.0030961 secs] 1940K->1888K(9920K), [Metaspace: 4890K->4890K(139264K)], 0.0031394 secs] [Times: user=0.00 sys=0.00, real=0.00 secs] 
2020-11-18T11:05:45.916-0800: 2.395: [Full GC (System.gc()) 2020-11-18T11:05:45.916-0800: 2.395: [CMS: 1888K->1890K(6848K), 0.0036089 secs] 1942K->1890K(9920K), [Metaspace: 4890K->4890K(139264K)], 0.0036830 secs] [Times: user=0.01 sys=0.00, real=0.01 secs] 
2020-11-18T11:05:45.921-0800: 2.400: [Full GC (System.gc()) 2020-11-18T11:05:45.921-0800: 2.400: [CMS: 1890K->1893K(6848K), 0.0036963 secs] 1945K->1893K(9920K), [Metaspace: 4890K->4890K(139264K)], 0.0037781 secs] [Times: user=0.00 sys=0.00, real=0.00 secs] 
2020-11-18T11:05:45.926-0800: 2.405: [Full GC (System.gc()) 2020-11-18T11:05:45.926-0800: 2.405: [CMS: 1893K->1895K(6848K), 0.0034463 secs] 1947K->1895K(9920K), [Metaspace: 4890K->4890K(139264K)], 0.0035068 secs] [Times: user=0.00 sys=0.00, real=0.01 secs] 
2020-11-18T11:05:45.931-0800: 2.410: [Full GC (System.gc()) 2020-11-18T11:05:45.931-0800: 2.410: [CMS: 1895K->1898K(6848K), 0.0035870 secs] 1950K->1898K(9920K), [Metaspace: 4890K->4890K(139264K)], 0.0036407 secs] [Times: user=0.01 sys=0.00, real=0.00 secs] 
2020-11-18T11:05:45.936-0800: 2.415: [Full GC (System.gc()) 2020-11-18T11:05:45.936-0800: 2.415: [CMS: 1898K->1900K(6848K), 0.0032529 secs] 1952K->1900K(9920K), [Metaspace: 4890K->4890K(139264K)], 0.0033063 secs] [Times: user=0.00 sys=0.00, real=0.01 secs] 
2020-11-18T11:05:45.941-0800: 2.420: [Full GC (System.gc()) 2020-11-18T11:05:45.941-0800: 2.420: [CMS: 1900K->1902K(6848K), 0.0034931 secs] 1954K->1902K(9920K), [Metaspace: 4890K->4890K(139264K)], 0.0035514 secs] [Times: user=0.00 sys=0.00, real=0.00 secs] 
2020-11-18T11:05:45.946-0800: 2.424: [Full GC (System.gc()) 2020-11-18T11:05:45.946-0800: 2.424: [CMS: 1902K->1905K(6848K), 0.0035567 secs] 1957K->1905K(9920K), [Metaspace: 4890K->4890K(139264K)], 0.0036174 secs] [Times: user=0.01 sys=0.00, real=0.00 secs] 
2020-11-18T11:05:45.951-0800: 2.429: [Full GC (System.gc()) 2020-11-18T11:05:45.951-0800: 2.429: [CMS: 1905K->1907K(6848K), 0.0036322 secs] 1959K->1907K(9920K), [Metaspace: 4890K->4890K(139264K)], 0.0036907 secs] [Times: user=0.00 sys=0.00, real=0.00 secs] 
2020-11-18T11:05:45.955-0800: 2.434: [Full GC (System.gc()) 2020-11-18T11:05:45.955-0800: 2.434: [CMS: 1907K->1910K(6848K), 0.0038471 secs] 1962K->1910K(9920K), [Metaspace: 4890K->4890K(139264K)], 0.0039190 secs] [Times: user=0.01 sys=0.00, real=0.00 secs] 
2020-11-18T11:05:45.961-0800: 2.439: [Full GC (System.gc()) 2020-11-18T11:05:45.961-0800: 2.439: [CMS: 1910K->1912K(6848K), 0.0036262 secs] 1964K->1912K(9920K), [Metaspace: 4890K->4890K(139264K)], 0.0036845 secs] [Times: user=0.00 sys=0.00, real=0.00 secs] 
2020-11-18T11:05:45.966-0800: 2.444: [Full GC (System.gc()) 2020-11-18T11:05:45.966-0800: 2.444: [CMS: 1912K->1915K(6848K), 0.0033331 secs] 1966K->1915K(9920K), [Metaspace: 4890K->4890K(139264K)], 0.0033882 secs] [Times: user=0.00 sys=0.00, real=0.00 secs] 
2020-11-18T11:05:45.971-0800: 2.449: [Full GC (System.gc()) 2020-11-18T11:05:45.971-0800: 2.449: [CMS: 1915K->1917K(6848K), 0.0032522 secs] 1969K->1917K(9920K), [Metaspace: 4890K->4890K(139264K)], 0.0032991 secs] [Times: user=0.01 sys=0.00, real=0.00 secs] 
2020-11-18T11:05:45.975-0800: 2.454: [Full GC (System.gc()) 2020-11-18T11:05:45.975-0800: 2.454: [CMS: 1917K->1919K(6848K), 0.0034949 secs] 1971K->1919K(9920K), [Metaspace: 4890K->4890K(139264K)], 0.0035624 secs] [Times: user=0.00 sys=0.00, real=0.00 secs] 
2020-11-18T11:05:45.980-0800: 2.459: [Full GC (System.gc()) 2020-11-18T11:05:45.980-0800: 2.459: [CMS: 1919K->1922K(6848K), 0.0036065 secs] 1974K->1922K(9920K), [Metaspace: 4890K->4890K(139264K)], 0.0036741 secs] [Times: user=0.00 sys=0.00, real=0.00 secs] 
2020-11-18T11:05:45.985-0800: 2.464: [Full GC (System.gc()) 2020-11-18T11:05:45.985-0800: 2.464: [CMS: 1922K->1924K(6848K), 0.0035888 secs] 1976K->1924K(9920K), [Metaspace: 4890K->4890K(139264K)], 0.0036570 secs] [Times: user=0.01 sys=0.00, real=0.00 secs] 
2020-11-18T11:05:45.991-0800: 2.469: [Full GC (System.gc()) 2020-11-18T11:05:45.991-0800: 2.469: [CMS: 1924K->1927K(6848K), 0.0036735 secs] 1979K->1927K(9920K), [Metaspace: 4890K->4890K(139264K)], 0.0037442 secs] [Times: user=0.00 sys=0.00, real=0.00 secs] 
2020-11-18T11:05:45.996-0800: 2.474: [Full GC (System.gc()) 2020-11-18T11:05:45.996-0800: 2.474: [CMS: 1927K->1929K(6848K), 0.0038136 secs] 1981K->1929K(9920K), [Metaspace: 4890K->4890K(139264K)], 0.0038869 secs] [Times: user=0.00 sys=0.00, real=0.01 secs] 
2020-11-18T11:05:46.001-0800: 2.480: [Full GC (System.gc()) 2020-11-18T11:05:46.001-0800: 2.480: [CMS: 1929K->1931K(6848K), 0.0037249 secs] 1983K->1931K(9920K), [Metaspace: 4890K->4890K(139264K)], 0.0037975 secs] [Times: user=0.01 sys=0.00, real=0.00 secs] 
2020-11-18T11:05:46.006-0800: 2.485: [Full GC (System.gc()) 2020-11-18T11:05:46.006-0800: 2.485: [CMS: 1931K->1934K(6848K), 0.0037347 secs] 1986K->1934K(9920K), [Metaspace: 4890K->4890K(139264K)], 0.0038123 secs] [Times: user=0.00 sys=0.00, real=0.01 secs] 
2020-11-18T11:05:46.011-0800: 2.490: [Full GC (System.gc()) 2020-11-18T11:05:46.011-0800: 2.490: [CMS: 1934K->1936K(6848K), 0.0032455 secs] 1988K->1936K(9920K), [Metaspace: 4890K->4890K(139264K)], 0.0032998 secs] [Times: user=0.01 sys=0.00, real=0.00 secs] 
2020-11-18T11:05:46.016-0800: 2.495: [Full GC (System.gc()) 2020-11-18T11:05:46.016-0800: 2.495: [CMS: 1936K->1939K(6848K), 0.0031438 secs] 1991K->1939K(9920K), [Metaspace: 4890K->4890K(139264K)], 0.0031889 secs] [Times: user=0.00 sys=0.00, real=0.00 secs] 
2020-11-18T11:05:46.020-0800: 2.499: [Full GC (System.gc()) 2020-11-18T11:05:46.020-0800: 2.499: [CMS: 1939K->1941K(6848K), 0.0036160 secs] 1993K->1941K(9920K), [Metaspace: 4890K->4890K(139264K)], 0.0036926 secs] [Times: user=0.00 sys=0.00, real=0.00 secs] 
2020-11-18T11:05:46.026-0800: 2.504: [Full GC (System.gc()) 2020-11-18T11:05:46.026-0800: 2.504: [CMS: 1941K->1943K(6848K), 0.0032670 secs] 1995K->1943K(9920K), [Metaspace: 4890K->4890K(139264K)], 0.0033141 secs] [Times: user=0.01 sys=0.00, real=0.00 secs] 
2020-11-18T11:05:46.030-0800: 2.509: [Full GC (System.gc()) 2020-11-18T11:05:46.030-0800: 2.509: [CMS: 1943K->1946K(6848K), 0.0031121 secs] 1998K->1946K(9920K), [Metaspace: 4890K->4890K(139264K)], 0.0031571 secs] [Times: user=0.00 sys=0.00, real=0.00 secs] 
2020-11-18T11:05:46.035-0800: 2.513: [Full GC (System.gc()) 2020-11-18T11:05:46.035-0800: 2.513: [CMS: 1946K->1948K(6848K), 0.0032174 secs] 2000K->1948K(9920K), [Metaspace: 4890K->4890K(139264K)], 0.0032673 secs] [Times: user=0.00 sys=0.00, real=0.00 secs] 
2020-11-18T11:05:46.039-0800: 2.518: [Full GC (System.gc()) 2020-11-18T11:05:46.040-0800: 2.518: [CMS: 1948K->1951K(6848K), 0.0036861 secs] 2003K->1951K(9920K), [Metaspace: 4890K->4890K(139264K)], 0.0037577 secs] [Times: user=0.01 sys=0.00, real=0.01 secs] 
2020-11-18T11:05:46.045-0800: 2.523: [Full GC (System.gc()) 2020-11-18T11:05:46.045-0800: 2.523: [CMS: 1951K->1953K(6848K), 0.0036409 secs] 2005K->1953K(9920K), [Metaspace: 4890K->4890K(139264K)], 0.0037213 secs] [Times: user=0.00 sys=0.00, real=0.00 secs] 
2020-11-18T11:05:46.050-0800: 2.528: [Full GC (System.gc()) 2020-11-18T11:05:46.050-0800: 2.528: [CMS: 1953K->1956K(6848K), 0.0037576 secs] 2008K->1956K(9920K), [Metaspace: 4890K->4890K(139264K)], 0.0038319 secs] [Times: user=0.00 sys=0.00, real=0.00 secs] 
2020-11-18T11:05:46.055-0800: 2.534: [Full GC (System.gc()) 2020-11-18T11:05:46.055-0800: 2.534: [CMS: 1956K->1958K(6848K), 0.0036442 secs] 2010K->1958K(9920K), [Metaspace: 4890K->4890K(139264K)], 0.0037140 secs] [Times: user=0.01 sys=0.00, real=0.00 secs] 
2020-11-18T11:05:46.060-0800: 2.538: [Full GC (System.gc()) 2020-11-18T11:05:46.060-0800: 2.538: [CMS: 1958K->1960K(6848K), 0.0033435 secs] 2012K->1960K(9920K), [Metaspace: 4890K->4890K(139264K)], 0.0034008 secs] [Times: user=0.00 sys=0.00, real=0.00 secs] 
2020-11-18T11:05:46.065-0800: 2.543: [Full GC (System.gc()) 2020-11-18T11:05:46.065-0800: 2.543: [CMS: 1960K->1963K(6848K), 0.0040910 secs] 2015K->1963K(9920K), [Metaspace: 4890K->4890K(139264K)], 0.0041630 secs] [Times: user=0.01 sys=0.00, real=0.00 secs] 
2020-11-18T11:05:46.070-0800: 2.549: [Full GC (System.gc()) 2020-11-18T11:05:46.070-0800: 2.549: [CMS: 1963K->1965K(6848K), 0.0042159 secs] 2017K->1965K(9920K), [Metaspace: 4890K->4890K(139264K)], 0.0042950 secs] [Times: user=0.00 sys=0.00, real=0.00 secs] 
2020-11-18T11:05:46.076-0800: 2.555: [Full GC (System.gc()) 2020-11-18T11:05:46.076-0800: 2.555: [CMS: 1965K->1968K(6848K), 0.0039908 secs] 2020K->1968K(9920K), [Metaspace: 4890K->4890K(139264K)], 0.0040640 secs] [Times: user=0.00 sys=0.00, real=0.01 secs] 
2020-11-18T11:05:46.081-0800: 2.560: [Full GC (System.gc()) 2020-11-18T11:05:46.081-0800: 2.560: [CMS: 1968K->1970K(6848K), 0.0040539 secs] 2022K->1970K(9920K), [Metaspace: 4890K->4890K(139264K)], 0.0041275 secs] [Times: user=0.01 sys=0.00, real=0.00 secs] 
2020-11-18T11:05:46.087-0800: 2.566: [Full GC (System.gc()) 2020-11-18T11:05:46.087-0800: 2.566: [CMS: 1970K->1972K(6848K), 0.0045213 secs] 2024K->1972K(9920K), [Metaspace: 4890K->4890K(139264K)], 0.0046033 secs] [Times: user=0.00 sys=0.00, real=0.01 secs] 
2020-11-18T11:05:46.093-0800: 2.572: [Full GC (System.gc()) 2020-11-18T11:05:46.093-0800: 2.572: [CMS: 1972K->1975K(6848K), 0.0044242 secs] 2027K->1975K(9920K), [Metaspace: 4890K->4890K(139264K)], 0.0045103 secs] [Times: user=0.01 sys=0.00, real=0.00 secs] 
2020-11-18T11:05:46.099-0800: 2.578: [Full GC (System.gc()) 2020-11-18T11:05:46.099-0800: 2.578: [CMS: 1975K->1977K(6848K), 0.0038312 secs] 2029K->1977K(9920K), [Metaspace: 4890K->4890K(139264K)], 0.0039103 secs] [Times: user=0.00 sys=0.00, real=0.01 secs] 
2020-11-18T11:05:46.104-0800: 2.583: [Full GC (System.gc()) 2020-11-18T11:05:46.105-0800: 2.583: [CMS: 1977K->1980K(6848K), 0.0035210 secs] 2032K->1980K(9920K), [Metaspace: 4890K->4890K(139264K)], 0.0035775 secs] [Times: user=0.01 sys=0.00, real=0.00 secs] 
2020-11-18T11:05:46.109-0800: 2.588: [Full GC (System.gc()) 2020-11-18T11:05:46.109-0800: 2.588: [CMS: 1980K->1982K(6848K), 0.0041956 secs] 2034K->1982K(9920K), [Metaspace: 4890K->4890K(139264K)], 0.0042672 secs] [Times: user=0.00 sys=0.00, real=0.01 secs] 
2020-11-18T11:05:46.115-0800: 2.594: [Full GC (System.gc()) 2020-11-18T11:05:46.115-0800: 2.594: [CMS: 1982K->1985K(6848K), 0.0040926 secs] 2036K->1985K(9920K), [Metaspace: 4890K->4890K(139264K)], 0.0041690 secs] [Times: user=0.00 sys=0.00, real=0.00 secs] 
2020-11-18T11:05:46.121-0800: 2.599: [Full GC (System.gc()) 2020-11-18T11:05:46.121-0800: 2.599: [CMS: 1985K->1987K(6848K), 0.0044788 secs] 2039K->1987K(9920K), [Metaspace: 4890K->4890K(139264K)], 0.0045539 secs] [Times: user=0.01 sys=0.00, real=0.00 secs] 
2020-11-18T11:05:46.127-0800: 2.605: [Full GC (System.gc()) 2020-11-18T11:05:46.127-0800: 2.605: [CMS: 1987K->1989K(6848K), 0.0052745 secs] 2041K->1989K(9920K), [Metaspace: 4890K->4890K(139264K)], 0.0053648 secs] [Times: user=0.00 sys=0.00, real=0.01 secs] 
2020-11-18T11:05:46.133-0800: 2.612: [Full GC (System.gc()) 2020-11-18T11:05:46.133-0800: 2.612: [CMS: 1989K->1992K(6848K), 0.0062368 secs] 2044K->1992K(9920K), [Metaspace: 4890K->4890K(139264K)], 0.0063130 secs] [Times: user=0.01 sys=0.00, real=0.01 secs] 
2020-11-18T11:05:46.141-0800: 2.620: [Full GC (System.gc()) 2020-11-18T11:05:46.141-0800: 2.620: [CMS: 1992K->1994K(6848K), 0.0061054 secs] 2046K->1994K(9920K), [Metaspace: 4890K->4890K(139264K)], 0.0061958 secs] [Times: user=0.01 sys=0.00, real=0.00 secs] 
2020-11-18T11:05:46.149-0800: 2.627: [Full GC (System.gc()) 2020-11-18T11:05:46.149-0800: 2.627: [CMS: 1994K->1997K(6848K), 0.0054552 secs] 2049K->1997K(9920K), [Metaspace: 4890K->4890K(139264K)], 0.0055464 secs] [Times: user=0.00 sys=0.00, real=0.01 secs] 
2020-11-18T11:05:46.156-0800: 2.634: [Full GC (System.gc()) 2020-11-18T11:05:46.156-0800: 2.634: [CMS: 1997K->1999K(6848K), 0.0047230 secs] 2051K->1999K(9920K), [Metaspace: 4890K->4890K(139264K)], 0.0047903 secs] [Times: user=0.01 sys=0.00, real=0.01 secs] 
2020-11-18T11:05:46.162-0800: 2.641: [Full GC (System.gc()) 2020-11-18T11:05:46.162-0800: 2.641: [CMS: 1999K->2001K(6848K), 0.0042333 secs] 2053K->2001K(9920K), [Metaspace: 4890K->4890K(139264K)], 0.0043112 secs] [Times: user=0.00 sys=0.00, real=0.00 secs] 
2020-11-18T11:05:46.168-0800: 2.646: [Full GC (System.gc()) 2020-11-18T11:05:46.168-0800: 2.646: [CMS: 2001K->2004K(6848K), 0.0039708 secs] 2056K->2004K(9920K), [Metaspace: 4890K->4890K(139264K)], 0.0040400 secs] [Times: user=0.00 sys=0.00, real=0.01 secs] 
2020-11-18T11:05:46.173-0800: 2.652: [Full GC (System.gc()) 2020-11-18T11:05:46.173-0800: 2.652: [CMS: 2004K->2006K(6848K), 0.0047554 secs] 2058K->2006K(9920K), [Metaspace: 4890K->4890K(139264K)], 0.0048201 secs] [Times: user=0.01 sys=0.00, real=0.00 secs] 
2020-11-18T11:05:46.179-0800: 2.658: [Full GC (System.gc()) 2020-11-18T11:05:46.179-0800: 2.658: [CMS: 2006K->2009K(6848K), 0.0040982 secs] 2061K->2009K(9920K), [Metaspace: 4890K->4890K(139264K)], 0.0041739 secs] [Times: user=0.00 sys=0.00, real=0.01 secs] 
2020-11-18T11:05:46.185-0800: 2.663: [Full GC (System.gc()) 2020-11-18T11:05:46.185-0800: 2.663: [CMS: 2009K->2011K(6848K), 0.0036431 secs] 2063K->2011K(9920K), [Metaspace: 4890K->4890K(139264K)], 0.0037030 secs] [Times: user=0.01 sys=0.00, real=0.00 secs] 
2020-11-18T11:05:46.190-0800: 2.668: [Full GC (System.gc()) 2020-11-18T11:05:46.190-0800: 2.668: [CMS: 2011K->2013K(6848K), 0.0041805 secs] 2065K->2013K(9920K), [Metaspace: 4890K->4890K(139264K)], 0.0042508 secs] [Times: user=0.00 sys=0.00, real=0.00 secs] 
2020-11-18T11:05:46.195-0800: 2.674: [Full GC (System.gc()) 2020-11-18T11:05:46.195-0800: 2.674: [CMS: 2013K->2016K(6848K), 0.0040874 secs] 2068K->2016K(9920K), [Metaspace: 4890K->4890K(139264K)], 0.0041534 secs] [Times: user=0.00 sys=0.00, real=0.01 secs] 
2020-11-18T11:05:46.201-0800: 2.679: [Full GC (System.gc()) 2020-11-18T11:05:46.201-0800: 2.679: [CMS: 2016K->2018K(6848K), 0.0036294 secs] 2070K->2018K(9920K), [Metaspace: 4890K->4890K(139264K)], 0.0036901 secs] [Times: user=0.01 sys=0.00, real=0.00 secs] 
2020-11-18T11:05:46.206-0800: 2.684: [Full GC (System.gc()) 2020-11-18T11:05:46.206-0800: 2.684: [CMS: 2018K->2021K(6848K), 0.0041661 secs] 2073K->2021K(9920K), [Metaspace: 4890K->4890K(139264K)], 0.0042398 secs] [Times: user=0.00 sys=0.00, real=0.01 secs] 
2020-11-18T11:05:46.211-0800: 2.690: [Full GC (System.gc()) 2020-11-18T11:05:46.211-0800: 2.690: [CMS: 2021K->2023K(6848K), 0.0048830 secs] 2075K->2023K(9920K), [Metaspace: 4890K->4890K(139264K)], 0.0049552 secs] [Times: user=0.01 sys=0.00, real=0.00 secs] 
2020-11-18T11:05:46.218-0800: 2.696: [Full GC (System.gc()) 2020-11-18T11:05:46.218-0800: 2.696: [CMS: 2023K->2026K(6848K), 0.0040335 secs] 2078K->2026K(9920K), [Metaspace: 4890K->4890K(139264K)], 0.0041308 secs] [Times: user=0.00 sys=0.00, real=0.01 secs] 
2020-11-18T11:05:46.223-0800: 2.702: [Full GC (System.gc()) 2020-11-18T11:05:46.223-0800: 2.702: [CMS: 2026K->2028K(6848K), 0.0038138 secs] 2080K->2028K(9920K), [Metaspace: 4890K->4890K(139264K)], 0.0038825 secs] [Times: user=0.01 sys=0.00, real=0.00 secs] 
2020-11-18T11:05:46.228-0800: 2.707: [Full GC (System.gc()) 2020-11-18T11:05:46.228-0800: 2.707: [CMS: 2028K->2030K(6848K), 0.0043102 secs] 2082K->2030K(9920K), [Metaspace: 4890K->4890K(139264K)], 0.0043819 secs] [Times: user=0.00 sys=0.00, real=0.01 secs] 
2020-11-18T11:05:46.234-0800: 2.713: [Full GC (System.gc()) 2020-11-18T11:05:46.234-0800: 2.713: [CMS: 2030K->2033K(6848K), 0.0037892 secs] 2085K->2033K(9920K), [Metaspace: 4890K->4890K(139264K)], 0.0038599 secs] [Times: user=0.00 sys=0.01, real=0.00 secs] 
2020-11-18T11:05:46.239-0800: 2.718: [Full GC (System.gc()) 2020-11-18T11:05:46.239-0800: 2.718: [CMS: 2033K->2035K(6848K), 0.0037772 secs] 2087K->2035K(9920K), [Metaspace: 4890K->4890K(139264K)], 0.0038418 secs] [Times: user=0.01 sys=0.00, real=0.01 secs] 
2020-11-18T11:05:46.245-0800: 2.723: [Full GC (System.gc()) 2020-11-18T11:05:46.245-0800: 2.723: [CMS: 2035K->2038K(6848K), 0.0048764 secs] 2090K->2038K(9920K), [Metaspace: 4890K->4890K(139264K)], 0.0049441 secs] [Times: user=0.00 sys=0.00, real=0.01 secs] 
2020-11-18T11:05:46.251-0800: 2.730: [Full GC (System.gc()) 2020-11-18T11:05:46.251-0800: 2.730: [CMS: 2038K->2040K(6848K), 0.0043813 secs] 2092K->2040K(9920K), [Metaspace: 4890K->4890K(139264K)], 0.0044509 secs] [Times: user=0.01 sys=0.00, real=0.00 secs] 
2020-11-18T11:05:46.257-0800: 2.735: [Full GC (System.gc()) 2020-11-18T11:05:46.257-0800: 2.735: [CMS: 2040K->2042K(6848K), 0.0035315 secs] 2094K->2042K(9920K), [Metaspace: 4890K->4890K(139264K)], 0.0035866 secs] [Times: user=0.00 sys=0.00, real=0.01 secs] 
2020-11-18T11:05:46.262-0800: 2.740: [Full GC (System.gc()) 2020-11-18T11:05:46.262-0800: 2.740: [CMS: 2042K->2045K(6848K), 0.0034765 secs] 2097K->2045K(9920K), [Metaspace: 4890K->4890K(139264K)], 0.0035287 secs] [Times: user=0.00 sys=0.00, real=0.00 secs] 
2020-11-18T11:05:46.267-0800: 2.745: [Full GC (System.gc()) 2020-11-18T11:05:46.267-0800: 2.745: [CMS: 2045K->2047K(6848K), 0.0033615 secs] 2099K->2047K(9920K), [Metaspace: 4890K->4890K(139264K)], 0.0034184 secs] [Times: user=0.01 sys=0.00, real=0.01 secs] 
2020-11-18T11:05:46.271-0800: 2.750: [Full GC (System.gc()) 2020-11-18T11:05:46.271-0800: 2.750: [CMS: 2047K->2050K(6848K), 0.0037009 secs] 2102K->2050K(9920K), [Metaspace: 4890K->4890K(139264K)], 0.0037701 secs] [Times: user=0.00 sys=0.00, real=0.00 secs] 
2020-11-18T11:05:46.276-0800: 2.755: [Full GC (System.gc()) 2020-11-18T11:05:46.276-0800: 2.755: [CMS: 2050K->2052K(6848K), 0.0039501 secs] 2104K->2052K(9920K), [Metaspace: 4890K->4890K(139264K)], 0.0040119 secs] [Times: user=0.00 sys=0.00, real=0.01 secs] 
2020-11-18T11:05:46.282-0800: 2.760: [Full GC (System.gc()) 2020-11-18T11:05:46.282-0800: 2.760: [CMS: 2052K->2055K(6848K), 0.0046288 secs] 2106K->2055K(9920K), [Metaspace: 4890K->4890K(139264K)], 0.0047159 secs] [Times: user=0.01 sys=0.00, real=0.00 secs] 
2020-11-18T11:05:46.288-0800: 2.766: [Full GC (System.gc()) 2020-11-18T11:05:46.288-0800: 2.766: [CMS: 2055K->2057K(6848K), 0.0041688 secs] 2109K->2057K(9920K), [Metaspace: 4890K->4890K(139264K)], 0.0042426 secs] [Times: user=0.00 sys=0.00, real=0.01 secs] 
2020-11-18T11:05:46.293-0800: 2.772: [Full GC (System.gc()) 2020-11-18T11:05:46.293-0800: 2.772: [CMS: 2057K->2059K(6848K), 0.0041040 secs] 2111K->2059K(9920K), [Metaspace: 4890K->4890K(139264K)], 0.0041674 secs] [Times: user=0.01 sys=0.00, real=0.00 secs] 
2020-11-18T11:05:46.299-0800: 2.777: [Full GC (System.gc()) 2020-11-18T11:05:46.299-0800: 2.777: [CMS: 2059K->2062K(6848K), 0.0040732 secs] 2114K->2062K(9920K), [Metaspace: 4890K->4890K(139264K)], 0.0041395 secs] [Times: user=0.00 sys=0.00, real=0.01 secs] 
2020-11-18T11:05:46.304-0800: 2.783: [Full GC (System.gc()) 2020-11-18T11:05:46.304-0800: 2.783: [CMS: 2062K->2064K(6848K), 0.0034628 secs] 2116K->2064K(9920K), [Metaspace: 4890K->4890K(139264K)], 0.0035116 secs] [Times: user=0.01 sys=0.00, real=0.00 secs] 
2020-11-18T11:05:46.309-0800: 2.788: [Full GC (System.gc()) 2020-11-18T11:05:46.309-0800: 2.788: [CMS: 2064K->2067K(6848K), 0.0044025 secs] 2119K->2067K(9920K), [Metaspace: 4890K->4890K(139264K)], 0.0044844 secs] [Times: user=0.00 sys=0.00, real=0.01 secs] 
2020-11-18T11:05:46.315-0800: 2.794: [Full GC (System.gc()) 2020-11-18T11:05:46.315-0800: 2.794: [CMS: 2067K->2069K(6848K), 0.0042320 secs] 2121K->2069K(9920K), [Metaspace: 4890K->4890K(139264K)], 0.0043143 secs] [Times: user=0.00 sys=0.00, real=0.00 secs] 
2020-11-18T11:05:46.321-0800: 2.799: [Full GC (System.gc()) 2020-11-18T11:05:46.321-0800: 2.799: [CMS: 2069K->2071K(6848K), 0.0036424 secs] 2123K->2071K(9920K), [Metaspace: 4890K->4890K(139264K)], 0.0037137 secs] [Times: user=0.01 sys=0.00, real=0.00 secs] 
2020-11-18T11:05:46.326-0800: 2.804: [Full GC (System.gc()) 2020-11-18T11:05:46.326-0800: 2.804: [CMS: 2071K->2074K(6848K), 0.0043563 secs] 2126K->2074K(9920K), [Metaspace: 4890K->4890K(139264K)], 0.0044348 secs] [Times: user=0.00 sys=0.00, real=0.01 secs] 
2020-11-18T11:05:46.332-0800: 2.810: [Full GC (System.gc()) 2020-11-18T11:05:46.332-0800: 2.810: [CMS: 2074K->2076K(6848K), 0.0042246 secs] 2128K->2076K(9920K), [Metaspace: 4890K->4890K(139264K)], 0.0043037 secs] [Times: user=0.01 sys=0.00, real=0.00 secs] 
2020-11-18T11:05:46.337-0800: 2.816: [Full GC (System.gc()) 2020-11-18T11:05:46.337-0800: 2.816: [CMS: 2076K->2079K(6848K), 0.0036272 secs] 2131K->2079K(9920K), [Metaspace: 4890K->4890K(139264K)], 0.0036954 secs] [Times: user=0.00 sys=0.00, real=0.01 secs] 
2020-11-18T11:05:46.342-0800: 2.821: [Full GC (System.gc()) 2020-11-18T11:05:46.342-0800: 2.821: [CMS: 2079K->2081K(6848K), 0.0040118 secs] 2133K->2081K(9920K), [Metaspace: 4890K->4890K(139264K)], 0.0040857 secs] [Times: user=0.00 sys=0.00, real=0.00 secs] 
2020-11-18T11:05:46.348-0800: 2.826: [Full GC (System.gc()) 2020-11-18T11:05:46.348-0800: 2.826: [CMS: 2081K->2083K(6848K), 0.0042089 secs] 2135K->2083K(9920K), [Metaspace: 4890K->4890K(139264K)], 0.0042871 secs] [Times: user=0.01 sys=0.00, real=0.01 secs] 
2020-11-18T11:05:46.354-0800: 2.832: [Full GC (System.gc()) 2020-11-18T11:05:46.354-0800: 2.832: [CMS: 2083K->2086K(6848K), 0.0035863 secs] 2138K->2086K(9920K), [Metaspace: 4890K->4890K(139264K)], 0.0036589 secs] [Times: user=0.00 sys=0.00, real=0.00 secs] 
2020-11-18T11:05:46.359-0800: 2.837: [Full GC (System.gc()) 2020-11-18T11:05:46.359-0800: 2.837: [CMS: 2086K->2088K(6848K), 0.0039568 secs] 2140K->2088K(9920K), [Metaspace: 4890K->4890K(139264K)], 0.0040492 secs] [Times: user=0.01 sys=0.00, real=0.01 secs] 
2020-11-18T11:05:46.364-0800: 2.843: [Full GC (System.gc()) 2020-11-18T11:05:46.364-0800: 2.843: [CMS: 2088K->2091K(6848K), 0.0044865 secs] 2143K->2091K(9920K), [Metaspace: 4890K->4890K(139264K)], 0.0045620 secs] [Times: user=0.00 sys=0.00, real=0.00 secs] 
2020-11-18T11:05:46.370-0800: 2.849: [Full GC (System.gc()) 2020-11-18T11:05:46.370-0800: 2.849: [CMS: 2091K->2093K(6848K), 0.0038775 secs] 2145K->2093K(9920K), [Metaspace: 4890K->4890K(139264K)], 0.0040013 secs] [Times: user=0.00 sys=0.00, real=0.00 secs] 
2020-11-18T11:05:46.376-0800: 2.854: [Full GC (System.gc()) 2020-11-18T11:05:46.376-0800: 2.855: [CMS: 2093K->2096K(6848K), 0.0035406 secs] 2148K->2096K(9920K), [Metaspace: 4890K->4890K(139264K)], 0.0036118 secs] [Times: user=0.01 sys=0.00, real=0.00 secs] 
2020-11-18T11:05:46.381-0800: 2.860: [Full GC (System.gc()) 2020-11-18T11:05:46.381-0800: 2.860: [CMS: 2096K->2098K(6848K), 0.0043097 secs] 2150K->2098K(9920K), [Metaspace: 4890K->4890K(139264K)], 0.0043889 secs] [Times: user=0.00 sys=0.00, real=0.00 secs] 
2020-11-18T11:05:46.387-0800: 2.866: [Full GC (System.gc()) 2020-11-18T11:05:46.387-0800: 2.866: [CMS: 2098K->2100K(6848K), 0.0043961 secs] 2152K->2100K(9920K), [Metaspace: 4890K->4890K(139264K)], 0.0044760 secs] [Times: user=0.01 sys=0.00, real=0.01 secs] 
2020-11-18T11:05:46.393-0800: 2.871: [Full GC (System.gc()) 2020-11-18T11:05:46.393-0800: 2.871: [CMS: 2100K->2103K(6848K), 0.0037674 secs] 2155K->2103K(9920K), [Metaspace: 4890K->4890K(139264K)], 0.0038344 secs] [Times: user=0.00 sys=0.00, real=0.00 secs] 
2020-11-18T11:05:46.398-0800: 2.877: [Full GC (System.gc()) 2020-11-18T11:05:46.398-0800: 2.877: [CMS: 2103K->2105K(6848K), 0.0042883 secs] 2157K->2105K(9920K), [Metaspace: 4890K->4890K(139264K)], 0.0043711 secs] [Times: user=0.00 sys=0.00, real=0.01 secs] 
2020-11-18T11:05:46.404-0800: 2.882: [Full GC (System.gc()) 2020-11-18T11:05:46.404-0800: 2.882: [CMS: 2105K->2108K(6848K), 0.0042045 secs] 2160K->2108K(9920K), [Metaspace: 4890K->4890K(139264K)], 0.0042864 secs] [Times: user=0.01 sys=0.00, real=0.00 secs] 
2020-11-18T11:05:46.409-0800: 2.888: [Full GC (System.gc()) 2020-11-18T11:05:46.409-0800: 2.888: [CMS: 2108K->2110K(6848K), 0.0037632 secs] 2162K->2110K(9920K), [Metaspace: 4890K->4890K(139264K)], 0.0038558 secs] [Times: user=0.00 sys=0.00, real=0.01 secs] 
2020-11-18T11:05:46.415-0800: 2.893: [Full GC (System.gc()) 2020-11-18T11:05:46.415-0800: 2.893: [CMS: 2110K->2112K(6848K), 0.0035041 secs] 2164K->2112K(9920K), [Metaspace: 4890K->4890K(139264K)], 0.0035739 secs] [Times: user=0.01 sys=0.00, real=0.00 secs] 
2020-11-18T11:05:46.420-0800: 2.898: [Full GC (System.gc()) 2020-11-18T11:05:46.420-0800: 2.898: [CMS: 2112K->2115K(6848K), 0.0042710 secs] 2167K->2115K(9920K), [Metaspace: 4890K->4890K(139264K)], 0.0043484 secs] [Times: user=0.00 sys=0.00, real=0.00 secs] 
2020-11-18T11:05:46.425-0800: 2.904: [Full GC (System.gc()) 2020-11-18T11:05:46.425-0800: 2.904: [CMS: 2115K->2117K(6848K), 0.0033917 secs] 2169K->2117K(9920K), [Metaspace: 4890K->4890K(139264K)], 0.0034420 secs] [Times: user=0.00 sys=0.00, real=0.00 secs] 
2020-11-18T11:05:46.430-0800: 2.909: [Full GC (System.gc()) 2020-11-18T11:05:46.430-0800: 2.909: [CMS: 2117K->2120K(6848K), 0.0038891 secs] 2172K->2120K(9920K), [Metaspace: 4890K->4890K(139264K)], 0.0039942 secs] [Times: user=0.01 sys=0.00, real=0.00 secs] 
2020-11-18T11:05:46.436-0800: 2.914: [Full GC (System.gc()) 2020-11-18T11:05:46.436-0800: 2.914: [CMS: 2120K->2122K(6848K), 0.0043711 secs] 2174K->2122K(9920K), [Metaspace: 4890K->4890K(139264K)], 0.0044497 secs] [Times: user=0.00 sys=0.00, real=0.01 secs] 
2020-11-18T11:05:46.442-0800: 2.920: [Full GC (System.gc()) 2020-11-18T11:05:46.442-0800: 2.920: [CMS: 2122K->2125K(6848K), 0.0037647 secs] 2176K->2125K(9920K), [Metaspace: 4890K->4890K(139264K)], 0.0038377 secs] [Times: user=0.01 sys=0.00, real=0.00 secs] 
2020-11-18T11:05:46.447-0800: 2.925: [Full GC (System.gc()) 2020-11-18T11:05:46.447-0800: 2.925: [CMS: 2125K->2127K(6848K), 0.0034310 secs] 2179K->2127K(9920K), [Metaspace: 4890K->4890K(139264K)], 0.0034973 secs] [Times: user=0.00 sys=0.00, real=0.01 secs] 
2020-11-18T11:05:46.451-0800: 2.930: [Full GC (System.gc()) 2020-11-18T11:05:46.452-0800: 2.930: [CMS: 2127K->2129K(6848K), 0.0041262 secs] 2181K->2129K(9920K), [Metaspace: 4890K->4890K(139264K)], 0.0042006 secs] [Times: user=0.00 sys=0.00, real=0.00 secs] 
2020-11-18T11:05:46.457-0800: 2.936: [Full GC (System.gc()) 2020-11-18T11:05:46.457-0800: 2.936: [CMS: 2129K->2132K(6848K), 0.0037087 secs] 2184K->2132K(9920K), [Metaspace: 4890K->4890K(139264K)], 0.0037789 secs] [Times: user=0.01 sys=0.00, real=0.01 secs] 
2020-11-18T11:05:46.462-0800: 2.941: [Full GC (System.gc()) 2020-11-18T11:05:46.462-0800: 2.941: [CMS: 2132K->2134K(6848K), 0.0037069 secs] 2186K->2134K(9920K), [Metaspace: 4890K->4890K(139264K)], 0.0037842 secs] [Times: user=0.00 sys=0.00, real=0.00 secs] 
2020-11-18T11:05:46.468-0800: 2.946: [Full GC (System.gc()) 2020-11-18T11:05:46.468-0800: 2.946: [CMS: 2134K->2137K(6848K), 0.0042961 secs] 2189K->2137K(9920K), [Metaspace: 4890K->4890K(139264K)], 0.0043746 secs] [Times: user=0.00 sys=0.00, real=0.01 secs] 
2020-11-18T11:05:46.473-0800: 2.952: [Full GC (System.gc()) 2020-11-18T11:05:46.473-0800: 2.952: [CMS: 2137K->2139K(6848K), 0.0036261 secs] 2191K->2139K(9920K), [Metaspace: 4890K->4890K(139264K)], 0.0036976 secs] [Times: user=0.01 sys=0.00, real=0.00 secs] 
2020-11-18T11:05:46.479-0800: 2.957: [Full GC (System.gc()) 2020-11-18T11:05:46.479-0800: 2.957: [CMS: 2139K->2141K(6848K), 0.0037853 secs] 2193K->2141K(9920K), [Metaspace: 4890K->4890K(139264K)], 0.0038947 secs] [Times: user=0.00 sys=0.00, real=0.01 secs] 
2020-11-18T11:05:46.484-0800: 2.963: [Full GC (System.gc()) 2020-11-18T11:05:46.484-0800: 2.963: [CMS: 2141K->2144K(6848K), 0.0042112 secs] 2196K->2144K(9920K), [Metaspace: 4890K->4890K(139264K)], 0.0042935 secs] [Times: user=0.01 sys=0.00, real=0.00 secs] 
2020-11-18T11:05:46.490-0800: 2.968: [Full GC (System.gc()) 2020-11-18T11:05:46.490-0800: 2.968: [CMS: 2144K->2146K(6848K), 0.0036630 secs] 2198K->2146K(9920K), [Metaspace: 4890K->4890K(139264K)], 0.0037375 secs] [Times: user=0.00 sys=0.00, real=0.00 secs] 
2020-11-18T11:05:46.495-0800: 2.973: [Full GC (System.gc()) 2020-11-18T11:05:46.495-0800: 2.974: [CMS: 2146K->2149K(6848K), 0.0034550 secs] 2201K->2149K(9920K), [Metaspace: 4890K->4890K(139264K)], 0.0035138 secs] [Times: user=0.00 sys=0.00, real=0.00 secs] 
2020-11-18T11:05:46.500-0800: 2.979: [Full GC (System.gc()) 2020-11-18T11:05:46.500-0800: 2.979: [CMS: 2149K->2151K(6848K), 0.0041991 secs] 2203K->2151K(9920K), [Metaspace: 4890K->4890K(139264K)], 0.0042803 secs] [Times: user=0.01 sys=0.00, real=0.00 secs] 
2020-11-18T11:05:46.506-0800: 2.984: [Full GC (System.gc()) 2020-11-18T11:05:46.506-0800: 2.984: [CMS: 2151K->2153K(6848K), 0.0037680 secs] 2205K->2153K(9920K), [Metaspace: 4890K->4890K(139264K)], 0.0038432 secs] [Times: user=0.00 sys=0.00, real=0.01 secs] 
2020-11-18T11:05:46.511-0800: 2.990: [Full GC (System.gc()) 2020-11-18T11:05:46.511-0800: 2.990: [CMS: 2153K->2156K(6848K), 0.0034827 secs] 2208K->2156K(9920K), [Metaspace: 4890K->4890K(139264K)], 0.0035382 secs] [Times: user=0.01 sys=0.00, real=0.00 secs] 
2020-11-18T11:05:46.516-0800: 2.995: [Full GC (System.gc()) 2020-11-18T11:05:46.516-0800: 2.995: [CMS: 2156K->2158K(6848K), 0.0042660 secs] 2210K->2158K(9920K), [Metaspace: 4890K->4890K(139264K)], 0.0043465 secs] [Times: user=0.00 sys=0.01, real=0.01 secs] 
2020-11-18T11:05:46.522-0800: 3.000: [Full GC (System.gc()) 2020-11-18T11:05:46.522-0800: 3.001: [CMS: 2158K->2161K(6848K), 0.0036904 secs] 2213K->2161K(9920K), [Metaspace: 4890K->4890K(139264K)], 0.0037614 secs] [Times: user=0.00 sys=0.00, real=0.00 secs] 
2020-11-18T11:05:46.527-0800: 3.006: [Full GC (System.gc()) 2020-11-18T11:05:46.527-0800: 3.006: [CMS: 2161K->2163K(6848K), 0.0033833 secs] 2215K->2163K(9920K), [Metaspace: 4890K->4890K(139264K)], 0.0034381 secs] [Times: user=0.01 sys=0.00, real=0.01 secs] 
2020-11-18T11:05:46.532-0800: 3.010: [Full GC (System.gc()) 2020-11-18T11:05:46.532-0800: 3.010: [CMS: 2163K->2166K(6848K), 0.0037257 secs] 2218K->2166K(9920K), [Metaspace: 4890K->4890K(139264K)], 0.0037835 secs] [Times: user=0.00 sys=0.00, real=0.00 secs] 
2020-11-18T11:05:46.537-0800: 3.015: [Full GC (System.gc()) 2020-11-18T11:05:46.537-0800: 3.015: [CMS: 2166K->2168K(6848K), 0.0036399 secs] 2220K->2168K(9920K), [Metaspace: 4890K->4890K(139264K)], 0.0037130 secs] [Times: user=0.00 sys=0.00, real=0.01 secs] 
2020-11-18T11:05:46.541-0800: 3.020: [Full GC (System.gc()) 2020-11-18T11:05:46.542-0800: 3.020: [CMS: 2168K->2170K(6848K), 0.0038770 secs] 2222K->2170K(9920K), [Metaspace: 4890K->4890K(139264K)], 0.0039392 secs] [Times: user=0.01 sys=0.00, real=0.00 secs] 
2020-11-18T11:05:46.547-0800: 3.026: [Full GC (System.gc()) 2020-11-18T11:05:46.547-0800: 3.026: [CMS: 2170K->2173K(6848K), 0.0049632 secs] 2225K->2173K(9920K), [Metaspace: 4890K->4890K(139264K)], 0.0050462 secs] [Times: user=0.00 sys=0.00, real=0.01 secs] 
2020-11-18T11:05:46.553-0800: 3.032: [Full GC (System.gc()) 2020-11-18T11:05:46.553-0800: 3.032: [CMS: 2173K->2175K(6848K), 0.0034754 secs] 2227K->2175K(9920K), [Metaspace: 4890K->4890K(139264K)], 0.0035349 secs] [Times: user=0.01 sys=0.00, real=0.00 secs] 
2020-11-18T11:05:46.558-0800: 3.037: [Full GC (System.gc()) 2020-11-18T11:05:46.558-0800: 3.037: [CMS: 2175K->2178K(6848K), 0.0039381 secs] 2230K->2178K(9920K), [Metaspace: 4890K->4890K(139264K)], 0.0040008 secs] [Times: user=0.00 sys=0.00, real=0.01 secs] 
2020-11-18T11:05:46.563-0800: 3.042: [Full GC (System.gc()) 2020-11-18T11:05:46.563-0800: 3.042: [CMS: 2178K->2180K(6848K), 0.0038381 secs] 2232K->2180K(9920K), [Metaspace: 4890K->4890K(139264K)], 0.0038978 secs] [Times: user=0.00 sys=0.00, real=0.00 secs] 
2020-11-18T11:05:46.569-0800: 3.047: [Full GC (System.gc()) 2020-11-18T11:05:46.569-0800: 3.047: [CMS: 2180K->2182K(6848K), 0.0036126 secs] 2234K->2182K(9920K), [Metaspace: 4890K->4890K(139264K)], 0.0036853 secs] [Times: user=0.01 sys=0.00, real=0.01 secs] 
2020-11-18T11:05:46.574-0800: 3.052: [Full GC (System.gc()) 2020-11-18T11:05:46.574-0800: 3.052: [CMS: 2182K->2186K(6848K), 0.0044136 secs] 2237K->2186K(9920K), [Metaspace: 4890K->4890K(139264K)], 0.0044963 secs] [Times: user=0.00 sys=0.00, real=0.00 secs] 
2020-11-18T11:05:46.580-0800: 3.058: [Full GC (System.gc()) 2020-11-18T11:05:46.580-0800: 3.058: [CMS: 2186K->2188K(6848K), 0.0040853 secs] 2240K->2188K(9920K), [Metaspace: 4890K->4890K(139264K)], 0.0041635 secs] [Times: user=0.01 sys=0.00, real=0.00 secs] 
2020-11-18T11:05:46.585-0800: 3.064: [Full GC (System.gc()) 2020-11-18T11:05:46.585-0800: 3.064: [CMS: 2188K->2191K(6848K), 0.0037527 secs] 2243K->2191K(9920K), [Metaspace: 4890K->4890K(139264K)], 0.0038207 secs] [Times: user=0.00 sys=0.00, real=0.00 secs] 
2020-11-18T11:05:46.591-0800: 3.069: [Full GC (System.gc()) 2020-11-18T11:05:46.591-0800: 3.069: [CMS: 2191K->2193K(6848K), 0.0039127 secs] 2245K->2193K(9920K), [Metaspace: 4890K->4890K(139264K)], 0.0040182 secs] [Times: user=0.00 sys=0.00, real=0.00 secs] 
2020-11-18T11:05:46.596-0800: 3.074: [Full GC (System.gc()) 2020-11-18T11:05:46.596-0800: 3.074: [CMS: 2193K->2196K(6848K), 0.0040605 secs] 2248K->2196K(9920K), [Metaspace: 4890K->4890K(139264K)], 0.0041429 secs] [Times: user=0.01 sys=0.00, real=0.01 secs] 
2020-11-18T11:05:46.601-0800: 3.080: [Full GC (System.gc()) 2020-11-18T11:05:46.601-0800: 3.080: [CMS: 2196K->2198K(6848K), 0.0037469 secs] 2250K->2198K(9920K), [Metaspace: 4890K->4890K(139264K)], 0.0038156 secs] [Times: user=0.00 sys=0.00, real=0.00 secs] 
2020-11-18T11:05:46.607-0800: 3.085: [Full GC (System.gc()) 2020-11-18T11:05:46.607-0800: 3.085: [CMS: 2198K->2200K(6848K), 0.0035118 secs] 2252K->2200K(9920K), [Metaspace: 4890K->4890K(139264K)], 0.0035992 secs] [Times: user=0.01 sys=0.00, real=0.01 secs] 
2020-11-18T11:05:46.612-0800: 3.090: [Full GC (System.gc()) 2020-11-18T11:05:46.612-0800: 3.090: [CMS: 2200K->2203K(6848K), 0.0041160 secs] 2255K->2203K(9920K), [Metaspace: 4890K->4890K(139264K)], 0.0041936 secs] [Times: user=0.00 sys=0.00, real=0.00 secs] 
2020-11-18T11:05:46.617-0800: 3.096: [Full GC (System.gc()) 2020-11-18T11:05:46.617-0800: 3.096: [CMS: 2203K->2205K(6848K), 0.0036200 secs] 2257K->2205K(9920K), [Metaspace: 4890K->4890K(139264K)], 0.0036964 secs] [Times: user=0.00 sys=0.00, real=0.01 secs] 
2020-11-18T11:05:46.622-0800: 3.101: [Full GC (System.gc()) 2020-11-18T11:05:46.622-0800: 3.101: [CMS: 2205K->2208K(6848K), 0.0039993 secs] 2260K->2208K(9920K), [Metaspace: 4890K->4890K(139264K)], 0.0040762 secs] [Times: user=0.01 sys=0.00, real=0.00 secs] 
2020-11-18T11:05:46.627-0800: 3.106: [Full GC (System.gc()) 2020-11-18T11:05:46.627-0800: 3.106: [CMS: 2208K->2210K(6848K), 0.0044328 secs] 2262K->2210K(9920K), [Metaspace: 4890K->4890K(139264K)], 0.0045014 secs] [Times: user=0.00 sys=0.00, real=0.01 secs] 
2020-11-18T11:05:46.633-0800: 3.112: [Full GC (System.gc()) 2020-11-18T11:05:46.633-0800: 3.112: [CMS: 2210K->2213K(6848K), 0.0036502 secs] 2264K->2213K(9920K), [Metaspace: 4890K->4890K(139264K)], 0.0037076 secs] [Times: user=0.01 sys=0.00, real=0.00 secs] 
2020-11-18T11:05:46.638-0800: 3.117: [Full GC (System.gc()) 2020-11-18T11:05:46.638-0800: 3.117: [CMS: 2213K->2215K(6848K), 0.0037230 secs] 2267K->2215K(9920K), [Metaspace: 4890K->4890K(139264K)], 0.0038176 secs] [Times: user=0.00 sys=0.00, real=0.01 secs] 
2020-11-18T11:05:46.644-0800: 3.122: [Full GC (System.gc()) 2020-11-18T11:05:46.644-0800: 3.122: [CMS: 2215K->2217K(6848K), 0.0039148 secs] 2269K->2217K(9920K), [Metaspace: 4890K->4890K(139264K)], 0.0039764 secs] [Times: user=0.00 sys=0.00, real=0.00 secs] 
2020-11-18T11:05:46.649-0800: 3.128: [Full GC (System.gc()) 2020-11-18T11:05:46.649-0800: 3.128: [CMS: 2217K->2220K(6848K), 0.0034336 secs] 2272K->2220K(9920K), [Metaspace: 4890K->4890K(139264K)], 0.0034884 secs] [Times: user=0.01 sys=0.00, real=0.01 secs] 
2020-11-18T11:05:46.654-0800: 3.132: [Full GC (System.gc()) 2020-11-18T11:05:46.654-0800: 3.132: [CMS: 2220K->2222K(6848K), 0.0037720 secs] 2274K->2222K(9920K), [Metaspace: 4890K->4890K(139264K)], 0.0038280 secs] [Times: user=0.00 sys=0.00, real=0.00 secs] 
2020-11-18T11:05:46.659-0800: 3.137: [Full GC (System.gc()) 2020-11-18T11:05:46.659-0800: 3.137: [CMS: 2222K->2225K(6848K), 0.0042148 secs] 2277K->2225K(9920K), [Metaspace: 4890K->4890K(139264K)], 0.0042927 secs] [Times: user=0.00 sys=0.00, real=0.01 secs] 
2020-11-18T11:05:46.664-0800: 3.143: [Full GC (System.gc()) 2020-11-18T11:05:46.664-0800: 3.143: [CMS: 2225K->2227K(6848K), 0.0036408 secs] 2279K->2227K(9920K), [Metaspace: 4890K->4890K(139264K)], 0.0037154 secs] [Times: user=0.01 sys=0.00, real=0.00 secs] 
2020-11-18T11:05:46.670-0800: 3.148: [Full GC (System.gc()) 2020-11-18T11:05:46.670-0800: 3.148: [CMS: 2227K->2229K(6848K), 0.0042575 secs] 2281K->2229K(9920K), [Metaspace: 4890K->4890K(139264K)], 0.0043391 secs] [Times: user=0.00 sys=0.00, real=0.00 secs] 
2020-11-18T11:05:46.675-0800: 3.154: [Full GC (System.gc()) 2020-11-18T11:05:46.675-0800: 3.154: [CMS: 2229K->2232K(6848K), 0.0041201 secs] 2284K->2232K(9920K), [Metaspace: 4890K->4890K(139264K)], 0.0041984 secs] [Times: user=0.01 sys=0.00, real=0.00 secs] 
2020-11-18T11:05:46.681-0800: 3.159: [Full GC (System.gc()) 2020-11-18T11:05:46.681-0800: 3.159: [CMS: 2232K->2234K(6848K), 0.0036807 secs] 2286K->2234K(9920K), [Metaspace: 4890K->4890K(139264K)], 0.0037471 secs] [Times: user=0.00 sys=0.00, real=0.00 secs] 
2020-11-18T11:05:46.686-0800: 3.164: [Full GC (System.gc()) 2020-11-18T11:05:46.686-0800: 3.164: [CMS: 2234K->2237K(6848K), 0.0043882 secs] 2289K->2237K(9920K), [Metaspace: 4890K->4890K(139264K)], 0.0044723 secs] [Times: user=0.00 sys=0.00, real=0.01 secs] 
2020-11-18T11:05:46.692-0800: 3.170: [Full GC (System.gc()) 2020-11-18T11:05:46.692-0800: 3.170: [CMS: 2237K->2239K(6848K), 0.0043952 secs] 2291K->2239K(9920K), [Metaspace: 4890K->4890K(139264K)], 0.0044631 secs] [Times: user=0.01 sys=0.00, real=0.00 secs] 
2020-11-18T11:05:46.698-0800: 3.176: [Full GC (System.gc()) 2020-11-18T11:05:46.698-0800: 3.176: [CMS: 2239K->2241K(6848K), 0.0038558 secs] 2293K->2241K(9920K), [Metaspace: 4890K->4890K(139264K)], 0.0039203 secs] [Times: user=0.00 sys=0.00, real=0.01 secs] 
2020-11-18T11:05:46.703-0800: 3.181: [Full GC (System.gc()) 2020-11-18T11:05:46.703-0800: 3.181: [CMS: 2241K->2244K(6848K), 0.0043527 secs] 2296K->2244K(9920K), [Metaspace: 4890K->4890K(139264K)], 0.0044192 secs] [Times: user=0.01 sys=0.00, real=0.00 secs] 
2020-11-18T11:05:46.709-0800: 3.187: [Full GC (System.gc()) 2020-11-18T11:05:46.709-0800: 3.187: [CMS: 2244K->2246K(6848K), 0.0042158 secs] 2298K->2246K(9920K), [Metaspace: 4890K->4890K(139264K)], 0.0042781 secs] [Times: user=0.00 sys=0.00, real=0.01 secs] 
2020-11-18T11:05:46.714-0800: 3.193: [Full GC (System.gc()) 2020-11-18T11:05:46.714-0800: 3.193: [CMS: 2246K->2249K(6848K), 0.0035447 secs] 2301K->2249K(9920K), [Metaspace: 4890K->4890K(139264K)], 0.0036035 secs] [Times: user=0.00 sys=0.00, real=0.00 secs] 
2020-11-18T11:05:46.719-0800: 3.198: [Full GC (System.gc()) 2020-11-18T11:05:46.719-0800: 3.198: [CMS: 2249K->2251K(6848K), 0.0037651 secs] 2303K->2251K(9920K), [Metaspace: 4890K->4890K(139264K)], 0.0038446 secs] [Times: user=0.01 sys=0.00, real=0.01 secs] 
2020-11-18T11:05:46.724-0800: 3.203: [Full GC (System.gc()) 2020-11-18T11:05:46.724-0800: 3.203: [CMS: 2251K->2254K(6848K), 0.0041516 secs] 2306K->2254K(9920K), [Metaspace: 4890K->4890K(139264K)], 0.0042135 secs] [Times: user=0.00 sys=0.00, real=0.00 secs] 
2020-11-18T11:05:46.730-0800: 3.208: [Full GC (System.gc()) 2020-11-18T11:05:46.730-0800: 3.208: [CMS: 2254K->2256K(6848K), 0.0039293 secs] 2308K->2256K(9920K), [Metaspace: 4890K->4890K(139264K)], 0.0039958 secs] [Times: user=0.01 sys=0.00, real=0.00 secs] 
2020-11-18T11:05:46.735-0800: 3.213: [Full GC (System.gc()) 2020-11-18T11:05:46.735-0800: 3.213: [CMS: 2256K->2258K(6848K), 0.0035083 secs] 2310K->2258K(9920K), [Metaspace: 4890K->4890K(139264K)], 0.0035667 secs] [Times: user=0.00 sys=0.00, real=0.00 secs] 
2020-11-18T11:05:46.740-0800: 3.218: [Full GC (System.gc()) 2020-11-18T11:05:46.740-0800: 3.218: [CMS: 2258K->2261K(6848K), 0.0036381 secs] 2313K->2261K(9920K), [Metaspace: 4890K->4890K(139264K)], 0.0036927 secs] [Times: user=0.00 sys=0.00, real=0.00 secs] 
2020-11-18T11:05:46.745-0800: 3.223: [Full GC (System.gc()) 2020-11-18T11:05:46.745-0800: 3.224: [CMS: 2261K->2263K(6848K), 0.0036943 secs] 2315K->2263K(9920K), [Metaspace: 4890K->4890K(139264K)], 0.0037629 secs] [Times: user=0.01 sys=0.00, real=0.00 secs] 
2020-11-18T11:05:46.750-0800: 3.229: [Full GC (System.gc()) 2020-11-18T11:05:46.750-0800: 3.229: [CMS: 2263K->2266K(6848K), 0.0042823 secs] 2318K->2266K(9920K), [Metaspace: 4890K->4890K(139264K)], 0.0043636 secs] [Times: user=0.00 sys=0.00, real=0.00 secs] 
2020-11-18T11:05:46.756-0800: 3.234: [Full GC (System.gc()) 2020-11-18T11:05:46.756-0800: 3.234: [CMS: 2266K->2268K(6848K), 0.0042349 secs] 2320K->2268K(9920K), [Metaspace: 4890K->4890K(139264K)], 0.0043109 secs] [Times: user=0.01 sys=0.00, real=0.01 secs] 
2020-11-18T11:05:46.762-0800: 3.240: [Full GC (System.gc()) 2020-11-18T11:05:46.762-0800: 3.240: [CMS: 2268K->2270K(6848K), 0.0035470 secs] 2322K->2270K(9920K), [Metaspace: 4890K->4890K(139264K)], 0.0036228 secs] [Times: user=0.00 sys=0.00, real=0.00 secs] 
2020-11-18T11:05:46.767-0800: 3.245: [Full GC (System.gc()) 2020-11-18T11:05:46.767-0800: 3.246: [CMS: 2270K->2273K(6848K), 0.0036707 secs] 2325K->2273K(9920K), [Metaspace: 4890K->4890K(139264K)], 0.0037847 secs] [Times: user=0.00 sys=0.00, real=0.01 secs] 
2020-11-18T11:05:46.772-0800: 3.251: [Full GC (System.gc()) 2020-11-18T11:05:46.772-0800: 3.251: [CMS: 2273K->2275K(6848K), 0.0042206 secs] 2327K->2275K(9920K), [Metaspace: 4890K->4890K(139264K)], 0.0042998 secs] [Times: user=0.01 sys=0.00, real=0.00 secs] 
2020-11-18T11:05:46.778-0800: 3.256: [Full GC (System.gc()) 2020-11-18T11:05:46.778-0800: 3.256: [CMS: 2275K->2278K(6848K), 0.0035259 secs] 2330K->2278K(9920K), [Metaspace: 4890K->4890K(139264K)], 0.0035938 secs] [Times: user=0.00 sys=0.00, real=0.01 secs] 
2020-11-18T11:05:46.783-0800: 3.261: [Full GC (System.gc()) 2020-11-18T11:05:46.783-0800: 3.261: [CMS: 2278K->2280K(6848K), 0.0043723 secs] 2332K->2280K(9920K), [Metaspace: 4890K->4890K(139264K)], 0.0044564 secs] [Times: user=0.00 sys=0.01, real=0.00 secs] 
2020-11-18T11:05:46.789-0800: 3.267: [Full GC (System.gc()) 2020-11-18T11:05:46.789-0800: 3.267: [CMS: 2280K->2283K(6848K), 0.0031685 secs] 2334K->2283K(9920K), [Metaspace: 4890K->4890K(139264K)], 0.0032154 secs] [Times: user=0.01 sys=0.00, real=0.01 secs] 
2020-11-18T11:05:46.793-0800: 3.272: [Full GC (System.gc()) 2020-11-18T11:05:46.793-0800: 3.272: [CMS: 2283K->2285K(6848K), 0.0054666 secs] 2337K->2285K(9920K), [Metaspace: 4890K->4890K(139264K)], 0.0055328 secs] [Times: user=0.00 sys=0.00, real=0.00 secs] 
2020-11-18T11:05:46.800-0800: 3.278: [Full GC (System.gc()) 2020-11-18T11:05:46.800-0800: 3.278: [CMS: 2285K->2287K(6848K), 0.0036666 secs] 2339K->2287K(9920K), [Metaspace: 4890K->4890K(139264K)], 0.0037396 secs] [Times: user=0.01 sys=0.00, real=0.00 secs] 
2020-11-18T11:05:46.805-0800: 3.283: [Full GC (System.gc()) 2020-11-18T11:05:46.805-0800: 3.283: [CMS: 2287K->2290K(6848K), 0.0038679 secs] 2342K->2290K(9920K), [Metaspace: 4890K->4890K(139264K)], 0.0039225 secs] [Times: user=0.00 sys=0.00, real=0.00 secs] 
2020-11-18T11:05:46.810-0800: 3.289: [Full GC (System.gc()) 2020-11-18T11:05:46.810-0800: 3.289: [CMS: 2290K->2292K(6848K), 0.0034347 secs] 2344K->2292K(9920K), [Metaspace: 4890K->4890K(139264K)], 0.0034810 secs] [Times: user=0.00 sys=0.00, real=0.00 secs] 
2020-11-18T11:05:46.815-0800: 3.294: [Full GC (System.gc()) 2020-11-18T11:05:46.815-0800: 3.294: [CMS: 2292K->2295K(6848K), 0.0037919 secs] 2347K->2295K(9920K), [Metaspace: 4890K->4890K(139264K)], 0.0038861 secs] [Times: user=0.01 sys=0.00, real=0.00 secs] 
2020-11-18T11:05:46.820-0800: 3.299: [Full GC (System.gc()) 2020-11-18T11:05:46.820-0800: 3.299: [CMS: 2295K->2297K(6848K), 0.0034809 secs] 2349K->2297K(9920K), [Metaspace: 4890K->4890K(139264K)], 0.0035381 secs] [Times: user=0.00 sys=0.00, real=0.00 secs] 
2020-11-18T11:05:46.825-0800: 3.304: [Full GC (System.gc()) 2020-11-18T11:05:46.825-0800: 3.304: [CMS: 2297K->2299K(6848K), 0.0035316 secs] 2351K->2299K(9920K), [Metaspace: 4890K->4890K(139264K)], 0.0035884 secs] [Times: user=0.00 sys=0.00, real=0.00 secs] 
2020-11-18T11:05:46.830-0800: 3.309: [Full GC (System.gc()) 2020-11-18T11:05:46.830-0800: 3.309: [CMS: 2299K->2302K(6848K), 0.0035069 secs] 2354K->2302K(9920K), [Metaspace: 4890K->4890K(139264K)], 0.0035640 secs] [Times: user=0.01 sys=0.00, real=0.00 secs] 
2020-11-18T11:05:46.835-0800: 3.313: [Full GC (System.gc()) 2020-11-18T11:05:46.835-0800: 3.313: [CMS: 2302K->2304K(6848K), 0.0034696 secs] 2356K->2304K(9920K), [Metaspace: 4890K->4890K(139264K)], 0.0035252 secs] [Times: user=0.00 sys=0.00, real=0.00 secs] 
2020-11-18T11:05:46.840-0800: 3.318: [Full GC (System.gc()) 2020-11-18T11:05:46.840-0800: 3.318: [CMS: 2304K->2307K(6848K), 0.0039729 secs] 2359K->2307K(9920K), [Metaspace: 4890K->4890K(139264K)], 0.0040403 secs] [Times: user=0.01 sys=0.00, real=0.00 secs] 
2020-11-18T11:05:46.845-0800: 3.324: [Full GC (System.gc()) 2020-11-18T11:05:46.845-0800: 3.324: [CMS: 2307K->2309K(6848K), 0.0036109 secs] 2361K->2309K(9920K), [Metaspace: 4890K->4890K(139264K)], 0.0036737 secs] [Times: user=0.00 sys=0.00, real=0.00 secs] 
2020-11-18T11:05:46.850-0800: 3.329: [Full GC (System.gc()) 2020-11-18T11:05:46.850-0800: 3.329: [CMS: 2309K->2311K(6848K), 0.0034996 secs] 2363K->2311K(9920K), [Metaspace: 4890K->4890K(139264K)], 0.0035572 secs] [Times: user=0.00 sys=0.00, real=0.00 secs] 
2020-11-18T11:05:46.855-0800: 3.334: [Full GC (System.gc()) 2020-11-18T11:05:46.855-0800: 3.334: [CMS: 2311K->2314K(6848K), 0.0032983 secs] 2366K->2314K(9920K), [Metaspace: 4890K->4890K(139264K)], 0.0033471 secs] [Times: user=0.01 sys=0.00, real=0.00 secs] 
2020-11-18T11:05:46.860-0800: 3.338: [Full GC (System.gc()) 2020-11-18T11:05:46.860-0800: 3.338: [CMS: 2314K->2316K(6848K), 0.0030649 secs] 2368K->2316K(9920K), [Metaspace: 4890K->4890K(139264K)], 0.0031027 secs] [Times: user=0.00 sys=0.00, real=0.00 secs] 
2020-11-18T11:05:46.864-0800: 3.343: [Full GC (System.gc()) 2020-11-18T11:05:46.864-0800: 3.343: [CMS: 2316K->2319K(6848K), 0.0034870 secs] 2371K->2319K(9920K), [Metaspace: 4890K->4890K(139264K)], 0.0035577 secs] [Times: user=0.00 sys=0.00, real=0.00 secs] 
2020-11-18T11:05:46.869-0800: 3.348: [Full GC (System.gc()) 2020-11-18T11:05:46.869-0800: 3.348: [CMS: 2319K->2321K(6848K), 0.0035988 secs] 2373K->2321K(9920K), [Metaspace: 4890K->4890K(139264K)], 0.0036702 secs] [Times: user=0.01 sys=0.00, real=0.01 secs] 
2020-11-18T11:05:46.874-0800: 3.353: [Full GC (System.gc()) 2020-11-18T11:05:46.874-0800: 3.353: [CMS: 2321K->2324K(6848K), 0.0039729 secs] 2376K->2324K(9920K), [Metaspace: 4890K->4890K(139264K)], 0.0040547 secs] [Times: user=0.00 sys=0.00, real=0.00 secs] 
2020-11-18T11:05:46.879-0800: 3.358: [Full GC (System.gc()) 2020-11-18T11:05:46.879-0800: 3.358: [CMS: 2324K->2326K(6848K), 0.0036277 secs] 2378K->2326K(9920K), [Metaspace: 4890K->4890K(139264K)], 0.0037107 secs] [Times: user=0.00 sys=0.00, real=0.01 secs] 
2020-11-18T11:05:46.885-0800: 3.363: [Full GC (System.gc()) 2020-11-18T11:05:46.885-0800: 3.363: [CMS: 2326K->2328K(6848K), 0.0037338 secs] 2380K->2328K(9920K), [Metaspace: 4890K->4890K(139264K)], 0.0037960 secs] [Times: user=0.01 sys=0.00, real=0.00 secs] 
2020-11-18T11:05:46.890-0800: 3.368: [Full GC (System.gc()) 2020-11-18T11:05:46.890-0800: 3.368: [CMS: 2328K->2331K(6848K), 0.0035677 secs] 2383K->2331K(9920K), [Metaspace: 4890K->4890K(139264K)], 0.0036203 secs] [Times: user=0.00 sys=0.00, real=0.00 secs] 
2020-11-18T11:05:46.895-0800: 3.373: [Full GC (System.gc()) 2020-11-18T11:05:46.895-0800: 3.373: [CMS: 2331K->2333K(6848K), 0.0032596 secs] 2385K->2333K(9920K), [Metaspace: 4890K->4890K(139264K)], 0.0033064 secs] [Times: user=0.01 sys=0.00, real=0.00 secs] 
2020-11-18T11:05:46.899-0800: 3.378: [Full GC (System.gc()) 2020-11-18T11:05:46.899-0800: 3.378: [CMS: 2333K->2336K(6848K), 0.0031252 secs] 2388K->2336K(9920K), [Metaspace: 4890K->4890K(139264K)], 0.0031753 secs] [Times: user=0.00 sys=0.00, real=0.01 secs] 
2020-11-18T11:05:46.904-0800: 3.382: [Full GC (System.gc()) 2020-11-18T11:05:46.904-0800: 3.382: [CMS: 2336K->2338K(6848K), 0.0032102 secs] 2390K->2338K(9920K), [Metaspace: 4890K->4890K(139264K)], 0.0032551 secs] [Times: user=0.00 sys=0.00, real=0.00 secs] 
2020-11-18T11:05:46.908-0800: 3.387: [Full GC (System.gc()) 2020-11-18T11:05:46.908-0800: 3.387: [CMS: 2338K->2340K(6848K), 0.0031729 secs] 2392K->2340K(9920K), [Metaspace: 4890K->4890K(139264K)], 0.0032244 secs] [Times: user=0.01 sys=0.00, real=0.01 secs] 
2020-11-18T11:05:46.913-0800: 3.391: [Full GC (System.gc()) 2020-11-18T11:05:46.913-0800: 3.391: [CMS: 2340K->2343K(6848K), 0.0035926 secs] 2395K->2343K(9920K), [Metaspace: 4890K->4890K(139264K)], 0.0036615 secs] [Times: user=0.00 sys=0.00, real=0.00 secs] 
2020-11-18T11:05:46.918-0800: 3.397: [Full GC (System.gc()) 2020-11-18T11:05:46.918-0800: 3.397: [CMS: 2343K->2345K(6848K), 0.0037416 secs] 2397K->2345K(9920K), [Metaspace: 4890K->4890K(139264K)], 0.0038169 secs] [Times: user=0.00 sys=0.00, real=0.01 secs] 
2020-11-18T11:05:46.923-0800: 3.402: [Full GC (System.gc()) 2020-11-18T11:05:46.923-0800: 3.402: [CMS: 2345K->2348K(6848K), 0.0036730 secs] 2400K->2348K(9920K), [Metaspace: 4890K->4890K(139264K)], 0.0037510 secs] [Times: user=0.01 sys=0.00, real=0.00 secs] 
2020-11-18T11:05:46.928-0800: 3.407: [Full GC (System.gc()) 2020-11-18T11:05:46.928-0800: 3.407: [CMS: 2348K->2350K(6848K), 0.0036839 secs] 2402K->2350K(9920K), [Metaspace: 4890K->4890K(139264K)], 0.0037530 secs] [Times: user=0.00 sys=0.00, real=0.01 secs] 
2020-11-18T11:05:46.934-0800: 3.412: [Full GC (System.gc()) 2020-11-18T11:05:46.934-0800: 3.412: [CMS: 2350K->2353K(6848K), 0.0040698 secs] 2404K->2353K(9920K), [Metaspace: 4890K->4890K(139264K)], 0.0041566 secs] [Times: user=0.00 sys=0.00, real=0.00 secs] 
2020-11-18T11:05:46.939-0800: 3.418: [Full GC (System.gc()) 2020-11-18T11:05:46.939-0800: 3.418: [CMS: 2353K->2355K(6848K), 0.0039434 secs] 2407K->2355K(9920K), [Metaspace: 4890K->4890K(139264K)], 0.0040433 secs] [Times: user=0.00 sys=0.00, real=0.01 secs] 
2020-11-18T11:05:46.945-0800: 3.423: [Full GC (System.gc()) 2020-11-18T11:05:46.945-0800: 3.423: [CMS: 2355K->2357K(6848K), 0.0039323 secs] 2409K->2357K(9920K), [Metaspace: 4890K->4890K(139264K)], 0.0040012 secs] [Times: user=0.00 sys=0.00, real=0.00 secs] 
2020-11-18T11:05:46.950-0800: 3.429: [Full GC (System.gc()) 2020-11-18T11:05:46.950-0800: 3.429: [CMS: 2357K->2360K(6848K), 0.0037131 secs] 2412K->2360K(9920K), [Metaspace: 4890K->4890K(139264K)], 0.0037796 secs] [Times: user=0.01 sys=0.00, real=0.00 secs] 
2020-11-18T11:05:46.955-0800: 3.434: [Full GC (System.gc()) 2020-11-18T11:05:46.955-0800: 3.434: [CMS: 2360K->2362K(6848K), 0.0035544 secs] 2414K->2362K(9920K), [Metaspace: 4890K->4890K(139264K)], 0.0036201 secs] [Times: user=0.00 sys=0.00, real=0.00 secs] 
2020-11-18T11:05:46.960-0800: 3.439: [Full GC (System.gc()) 2020-11-18T11:05:46.960-0800: 3.439: [CMS: 2362K->2365K(6848K), 0.0037708 secs] 2417K->2365K(9920K), [Metaspace: 4890K->4890K(139264K)], 0.0038320 secs] [Times: user=0.00 sys=0.00, real=0.00 secs] 
2020-11-18T11:05:46.965-0800: 3.444: [Full GC (System.gc()) 2020-11-18T11:05:46.965-0800: 3.444: [CMS: 2365K->2367K(6848K), 0.0032452 secs] 2419K->2367K(9920K), [Metaspace: 4890K->4890K(139264K)], 0.0032953 secs] [Times: user=0.01 sys=0.00, real=0.00 secs] 
2020-11-18T11:05:46.970-0800: 3.449: [Full GC (System.gc()) 2020-11-18T11:05:46.970-0800: 3.449: [CMS: 2367K->2369K(6848K), 0.0031846 secs] 2421K->2369K(9920K), [Metaspace: 4890K->4890K(139264K)], 0.0032295 secs] [Times: user=0.00 sys=0.00, real=0.00 secs] 
2020-11-18T11:05:46.975-0800: 3.453: [Full GC (System.gc()) 2020-11-18T11:05:46.975-0800: 3.453: [CMS: 2369K->2372K(6848K), 0.0036638 secs] 2424K->2372K(9920K), [Metaspace: 4890K->4890K(139264K)], 0.0037381 secs] [Times: user=0.00 sys=0.00, real=0.00 secs] 
2020-11-18T11:05:46.980-0800: 3.458: [Full GC (System.gc()) 2020-11-18T11:05:46.980-0800: 3.458: [CMS: 2372K->2374K(6848K), 0.0038189 secs] 2426K->2374K(9920K), [Metaspace: 4890K->4890K(139264K)], 0.0038982 secs] [Times: user=0.01 sys=0.00, real=0.00 secs] 
2020-11-18T11:05:46.985-0800: 3.464: [Full GC (System.gc()) 2020-11-18T11:05:46.985-0800: 3.464: [CMS: 2374K->2377K(6848K), 0.0036981 secs] 2429K->2377K(9920K), [Metaspace: 4890K->4890K(139264K)], 0.0037696 secs] [Times: user=0.00 sys=0.00, real=0.00 secs] 
2020-11-18T11:05:46.990-0800: 3.469: [Full GC (System.gc()) 2020-11-18T11:05:46.990-0800: 3.469: [CMS: 2377K->2379K(6848K), 0.0037149 secs] 2431K->2379K(9920K), [Metaspace: 4890K->4890K(139264K)], 0.0037927 secs] [Times: user=0.01 sys=0.00, real=0.00 secs] 
2020-11-18T11:05:46.995-0800: 3.474: [Full GC (System.gc()) 2020-11-18T11:05:46.995-0800: 3.474: [CMS: 2379K->2381K(6848K), 0.0031694 secs] 2433K->2381K(9920K), [Metaspace: 4890K->4890K(139264K)], 0.0032155 secs] [Times: user=0.00 sys=0.00, real=0.00 secs] 
2020-11-18T11:05:47.000-0800: 3.479: [Full GC (System.gc()) 2020-11-18T11:05:47.000-0800: 3.479: [CMS: 2381K->2384K(6848K), 0.0036969 secs] 2436K->2384K(9920K), [Metaspace: 4890K->4890K(139264K)], 0.0037680 secs] [Times: user=0.00 sys=0.00, real=0.00 secs] 
2020-11-18T11:05:47.005-0800: 3.484: [Full GC (System.gc()) 2020-11-18T11:05:47.005-0800: 3.484: [CMS: 2384K->2386K(6848K), 0.0038466 secs] 2438K->2386K(9920K), [Metaspace: 4890K->4890K(139264K)], 0.0039230 secs] [Times: user=0.01 sys=0.00, real=0.00 secs] 
2020-11-18T11:05:47.010-0800: 3.489: [Full GC (System.gc()) 2020-11-18T11:05:47.010-0800: 3.489: [CMS: 2386K->2389K(6848K), 0.0032587 secs] 2441K->2389K(9920K), [Metaspace: 4890K->4890K(139264K)], 0.0033060 secs] [Times: user=0.00 sys=0.00, real=0.00 secs] 
2020-11-18T11:05:47.015-0800: 3.494: [Full GC (System.gc()) 2020-11-18T11:05:47.015-0800: 3.494: [CMS: 2389K->2391K(6848K), 0.0035994 secs] 2443K->2391K(9920K), [Metaspace: 4890K->4890K(139264K)], 0.0036820 secs] [Times: user=0.00 sys=0.00, real=0.00 secs] 
2020-11-18T11:05:47.020-0800: 3.499: [Full GC (System.gc()) 2020-11-18T11:05:47.020-0800: 3.499: [CMS: 2391K->2394K(6848K), 0.0036792 secs] 2446K->2394K(9920K), [Metaspace: 4890K->4890K(139264K)], 0.0037543 secs] [Times: user=0.01 sys=0.00, real=0.00 secs] 
2020-11-18T11:05:47.025-0800: 3.504: [Full GC (System.gc()) 2020-11-18T11:05:47.025-0800: 3.504: [CMS: 2394K->2396K(6848K), 0.0035612 secs] 2448K->2396K(9920K), [Metaspace: 4890K->4890K(139264K)], 0.0036328 secs] [Times: user=0.00 sys=0.00, real=0.00 secs] 
2020-11-18T11:05:47.030-0800: 3.509: [Full GC (System.gc()) 2020-11-18T11:05:47.030-0800: 3.509: [CMS: 2396K->2398K(6848K), 0.0036211 secs] 2450K->2398K(9920K), [Metaspace: 4890K->4890K(139264K)], 0.0036930 secs] [Times: user=0.01 sys=0.00, real=0.00 secs] 
2020-11-18T11:05:47.035-0800: 3.514: [Full GC (System.gc()) 2020-11-18T11:05:47.035-0800: 3.514: [CMS: 2398K->2401K(6848K), 0.0037053 secs] 2453K->2401K(9920K), [Metaspace: 4890K->4890K(139264K)], 0.0037771 secs] [Times: user=0.00 sys=0.00, real=0.00 secs] 
2020-11-18T11:05:47.040-0800: 3.519: [Full GC (System.gc()) 2020-11-18T11:05:47.040-0800: 3.519: [CMS: 2401K->2403K(6848K), 0.0033474 secs] 2455K->2403K(9920K), [Metaspace: 4890K->4890K(139264K)], 0.0034026 secs] [Times: user=0.00 sys=0.00, real=0.00 secs] 
2020-11-18T11:05:47.045-0800: 3.524: [Full GC (System.gc()) 2020-11-18T11:05:47.045-0800: 3.524: [CMS: 2403K->2406K(6848K), 0.0032698 secs] 2458K->2406K(9920K), [Metaspace: 4890K->4890K(139264K)], 0.0033183 secs] [Times: user=0.01 sys=0.00, real=0.00 secs] 
2020-11-18T11:05:47.050-0800: 3.529: [Full GC (System.gc()) 2020-11-18T11:05:47.050-0800: 3.529: [CMS: 2406K->2408K(6848K), 0.0031508 secs] 2460K->2408K(9920K), [Metaspace: 4890K->4890K(139264K)], 0.0031969 secs] [Times: user=0.00 sys=0.00, real=0.00 secs] 
2020-11-18T11:05:47.054-0800: 3.533: [Full GC (System.gc()) 2020-11-18T11:05:47.054-0800: 3.533: [CMS: 2408K->2410K(6848K), 0.0030316 secs] 2462K->2410K(9920K), [Metaspace: 4890K->4890K(139264K)], 0.0030744 secs] [Times: user=0.00 sys=0.00, real=0.00 secs] 
2020-11-18T11:05:47.059-0800: 3.538: [Full GC (System.gc()) 2020-11-18T11:05:47.059-0800: 3.538: [CMS: 2410K->2413K(6848K), 0.0029170 secs] 2465K->2413K(9920K), [Metaspace: 4890K->4890K(139264K)], 0.0029590 secs] [Times: user=0.01 sys=0.00, real=0.01 secs] 
2020-11-18T11:05:47.063-0800: 3.542: [Full GC (System.gc()) 2020-11-18T11:05:47.063-0800: 3.542: [CMS: 2413K->2415K(6848K), 0.0035826 secs] 2467K->2415K(9920K), [Metaspace: 4890K->4890K(139264K)], 0.0036537 secs] [Times: user=0.00 sys=0.00, real=0.00 secs] 
2020-11-18T11:05:47.069-0800: 3.547: [Full GC (System.gc()) 2020-11-18T11:05:47.069-0800: 3.547: [CMS: 2415K->2418K(6848K), 0.0038527 secs] 2470K->2418K(9920K), [Metaspace: 4890K->4890K(139264K)], 0.0039322 secs] [Times: user=0.00 sys=0.00, real=0.01 secs] 
2020-11-18T11:05:47.074-0800: 3.553: [Full GC (System.gc()) 2020-11-18T11:05:47.074-0800: 3.553: [CMS: 2418K->2420K(6848K), 0.0036936 secs] 2472K->2420K(9920K), [Metaspace: 4890K->4890K(139264K)], 0.0037617 secs] [Times: user=0.01 sys=0.00, real=0.00 secs] 
2020-11-18T11:05:47.079-0800: 3.558: [Full GC (System.gc()) 2020-11-18T11:05:47.079-0800: 3.558: [CMS: 2420K->2423K(6848K), 0.0037915 secs] 2474K->2423K(9920K), [Metaspace: 4890K->4890K(139264K)], 0.0038626 secs] [Times: user=0.00 sys=0.00, real=0.01 secs] 
2020-11-18T11:05:47.084-0800: 3.563: [Full GC (System.gc()) 2020-11-18T11:05:47.084-0800: 3.563: [CMS: 2423K->2425K(6848K), 0.0036660 secs] 2477K->2425K(9920K), [Metaspace: 4890K->4890K(139264K)], 0.0037275 secs] [Times: user=0.01 sys=0.00, real=0.00 secs] 
2020-11-18T11:05:47.089-0800: 3.568: [Full GC (System.gc()) 2020-11-18T11:05:47.090-0800: 3.568: [CMS: 2425K->2427K(6848K), 0.0033151 secs] 2479K->2427K(9920K), [Metaspace: 4890K->4890K(139264K)], 0.0033744 secs] [Times: user=0.00 sys=0.00, real=0.01 secs] 
2020-11-18T11:05:47.094-0800: 3.573: [Full GC (System.gc()) 2020-11-18T11:05:47.094-0800: 3.573: [CMS: 2427K->2430K(6848K), 0.0032827 secs] 2482K->2430K(9920K), [Metaspace: 4890K->4890K(139264K)], 0.0033298 secs] [Times: user=0.00 sys=0.00, real=0.00 secs] 
2020-11-18T11:05:47.099-0800: 3.578: [Full GC (System.gc()) 2020-11-18T11:05:47.099-0800: 3.578: [CMS: 2430K->2432K(6848K), 0.0036442 secs] 2484K->2432K(9920K), [Metaspace: 4890K->4890K(139264K)], 0.0037133 secs] [Times: user=0.01 sys=0.00, real=0.01 secs] 
2020-11-18T11:05:47.104-0800: 3.583: [Full GC (System.gc()) 2020-11-18T11:05:47.104-0800: 3.583: [CMS: 2432K->2435K(6848K), 0.0039522 secs] 2487K->2435K(9920K), [Metaspace: 4890K->4890K(139264K)], 0.0040267 secs] [Times: user=0.00 sys=0.00, real=0.00 secs] 
2020-11-18T11:05:47.110-0800: 3.588: [Full GC (System.gc()) 2020-11-18T11:05:47.110-0800: 3.588: [CMS: 2435K->2437K(6848K), 0.0036555 secs] 2489K->2437K(9920K), [Metaspace: 4890K->4890K(139264K)], 0.0037333 secs] [Times: user=0.00 sys=0.00, real=0.00 secs] 
2020-11-18T11:05:47.115-0800: 3.593: [Full GC (System.gc()) 2020-11-18T11:05:47.115-0800: 3.593: [CMS: 2437K->2439K(6848K), 0.0037073 secs] 2491K->2439K(9920K), [Metaspace: 4890K->4890K(139264K)], 0.0037759 secs] [Times: user=0.01 sys=0.00, real=0.00 secs] 
2020-11-18T11:05:47.120-0800: 3.598: [Full GC (System.gc()) 2020-11-18T11:05:47.120-0800: 3.599: [CMS: 2439K->2442K(6848K), 0.0037099 secs] 2494K->2442K(9920K), [Metaspace: 4890K->4890K(139264K)], 0.0037872 secs] [Times: user=0.00 sys=0.00, real=0.00 secs] 
2020-11-18T11:05:47.125-0800: 3.604: [Full GC (System.gc()) 2020-11-18T11:05:47.125-0800: 3.604: [CMS: 2442K->2444K(6848K), 0.0035979 secs] 2496K->2444K(9920K), [Metaspace: 4890K->4890K(139264K)], 0.0036597 secs] [Times: user=0.01 sys=0.00, real=0.00 secs] 
2020-11-18T11:05:47.130-0800: 3.609: [Full GC (System.gc()) 2020-11-18T11:05:47.130-0800: 3.609: [CMS: 2444K->2447K(6848K), 0.0037683 secs] 2499K->2447K(9920K), [Metaspace: 4890K->4890K(139264K)], 0.0038423 secs] [Times: user=0.00 sys=0.01, real=0.00 secs] 
2020-11-18T11:05:47.135-0800: 3.614: [Full GC (System.gc()) 2020-11-18T11:05:47.135-0800: 3.614: [CMS: 2447K->2449K(6848K), 0.0039029 secs] 2501K->2449K(9920K), [Metaspace: 4890K->4890K(139264K)], 0.0039733 secs] [Times: user=0.00 sys=0.00, real=0.00 secs] 
2020-11-18T11:05:47.141-0800: 3.619: [Full GC (System.gc()) 2020-11-18T11:05:47.141-0800: 3.619: [CMS: 2449K->2451K(6848K), 0.0041406 secs] 2503K->2451K(9920K), [Metaspace: 4890K->4890K(139264K)], 0.0042057 secs] [Times: user=0.01 sys=0.00, real=0.00 secs] 
2020-11-18T11:05:47.146-0800: 3.625: [Full GC (System.gc()) 2020-11-18T11:05:47.146-0800: 3.625: [CMS: 2451K->2454K(6848K), 0.0034018 secs] 2506K->2454K(9920K), [Metaspace: 4890K->4890K(139264K)], 0.0034565 secs] [Times: user=0.00 sys=0.00, real=0.01 secs] 
2020-11-18T11:05:47.151-0800: 3.630: [Full GC (System.gc()) 2020-11-18T11:05:47.151-0800: 3.630: [CMS: 2454K->2456K(6848K), 0.0032647 secs] 2508K->2456K(9920K), [Metaspace: 4890K->4890K(139264K)], 0.0033172 secs] [Times: user=0.00 sys=0.00, real=0.00 secs] 
2020-11-18T11:05:47.156-0800: 3.634: [Full GC (System.gc()) 2020-11-18T11:05:47.156-0800: 3.634: [CMS: 2456K->2459K(6848K), 0.0032204 secs] 2511K->2459K(9920K), [Metaspace: 4890K->4890K(139264K)], 0.0032662 secs] [Times: user=0.01 sys=0.00, real=0.00 secs] 
2020-11-18T11:05:47.160-0800: 3.639: [Full GC (System.gc()) 2020-11-18T11:05:47.160-0800: 3.639: [CMS: 2459K->2461K(6848K), 0.0031395 secs] 2513K->2461K(9920K), [Metaspace: 4890K->4890K(139264K)], 0.0031834 secs] [Times: user=0.00 sys=0.00, real=0.00 secs] 
2020-11-18T11:05:47.165-0800: 3.644: [Full GC (System.gc()) 2020-11-18T11:05:47.165-0800: 3.644: [CMS: 2461K->2464K(6848K), 0.0030084 secs] 2516K->2464K(9920K), [Metaspace: 4890K->4890K(139264K)], 0.0030504 secs] [Times: user=0.00 sys=0.00, real=0.00 secs] 
2020-11-18T11:05:47.170-0800: 3.648: [Full GC (System.gc()) 2020-11-18T11:05:47.170-0800: 3.648: [CMS: 2464K->2466K(6848K), 0.0029505 secs] 2518K->2466K(9920K), [Metaspace: 4890K->4890K(139264K)], 0.0029928 secs] [Times: user=0.01 sys=0.00, real=0.00 secs] 
2020-11-18T11:05:47.174-0800: 3.653: [Full GC (System.gc()) 2020-11-18T11:05:47.174-0800: 3.653: [CMS: 2466K->2468K(6848K), 0.0028316 secs] 2520K->2468K(9920K), [Metaspace: 4890K->4890K(139264K)], 0.0028717 secs] [Times: user=0.00 sys=0.00, real=0.00 secs] 
2020-11-18T11:05:47.178-0800: 3.657: [Full GC (System.gc()) 2020-11-18T11:05:47.178-0800: 3.657: [CMS: 2468K->2471K(6848K), 0.0035123 secs] 2523K->2471K(9920K), [Metaspace: 4890K->4890K(139264K)], 0.0035954 secs] [Times: user=0.00 sys=0.00, real=0.01 secs] 
2020-11-18T11:05:47.183-0800: 3.662: [Full GC (System.gc()) 2020-11-18T11:05:47.183-0800: 3.662: [CMS: 2471K->2473K(6848K), 0.0028539 secs] 2525K->2473K(9920K), [Metaspace: 4890K->4890K(139264K)], 0.0028955 secs] [Times: user=0.01 sys=0.00, real=0.00 secs] 
2020-11-18T11:05:47.188-0800: 3.666: [Full GC (System.gc()) 2020-11-18T11:05:47.188-0800: 3.666: [CMS: 2473K->2476K(6848K), 0.0027596 secs] 2528K->2476K(9920K), [Metaspace: 4890K->4890K(139264K)], 0.0027991 secs] [Times: user=0.00 sys=0.00, real=0.01 secs] 
2020-11-18T11:05:47.192-0800: 3.670: [Full GC (System.gc()) 2020-11-18T11:05:47.192-0800: 3.670: [CMS: 2476K->2478K(6848K), 0.0027434 secs] 2530K->2478K(9920K), [Metaspace: 4890K->4890K(139264K)], 0.0027819 secs] [Times: user=0.00 sys=0.00, real=0.00 secs] 
2020-11-18T11:05:47.196-0800: 3.675: [Full GC (System.gc()) 2020-11-18T11:05:47.196-0800: 3.675: [CMS: 2478K->2480K(6848K), 0.0033955 secs] 2532K->2480K(9920K), [Metaspace: 4890K->4890K(139264K)], 0.0034633 secs] [Times: user=0.01 sys=0.00, real=0.00 secs] 
2020-11-18T11:05:47.201-0800: 3.679: [Full GC (System.gc()) 2020-11-18T11:05:47.201-0800: 3.680: [CMS: 2480K->2483K(6848K), 0.0034966 secs] 2535K->2483K(9920K), [Metaspace: 4890K->4890K(139264K)], 0.0035648 secs] [Times: user=0.00 sys=0.00, real=0.00 secs] 
2020-11-18T11:05:47.206-0800: 3.685: [Full GC (System.gc()) 2020-11-18T11:05:47.206-0800: 3.685: [CMS: 2483K->2485K(6848K), 0.0037043 secs] 2537K->2485K(9920K), [Metaspace: 4890K->4890K(139264K)], 0.0037805 secs] [Times: user=0.00 sys=0.00, real=0.01 secs] 
2020-11-18T11:05:47.211-0800: 3.690: [Full GC (System.gc()) 2020-11-18T11:05:47.211-0800: 3.690: [CMS: 2485K->2488K(6848K), 0.0041114 secs] 2540K->2488K(9920K), [Metaspace: 4890K->4890K(139264K)], 0.0041937 secs] [Times: user=0.01 sys=0.00, real=0.00 secs] 
2020-11-18T11:05:47.217-0800: 3.695: [Full GC (System.gc()) 2020-11-18T11:05:47.217-0800: 3.695: [CMS: 2488K->2490K(6848K), 0.0036712 secs] 2542K->2490K(9920K), [Metaspace: 4890K->4890K(139264K)], 0.0037330 secs] [Times: user=0.00 sys=0.00, real=0.01 secs] 
2020-11-18T11:05:47.222-0800: 3.700: [Full GC (System.gc()) 2020-11-18T11:05:47.222-0800: 3.700: [CMS: 2490K->2493K(6848K), 0.0033055 secs] 2544K->2493K(9920K), [Metaspace: 4890K->4890K(139264K)], 0.0033555 secs] [Times: user=0.00 sys=0.00, real=0.00 secs] 
2020-11-18T11:05:47.226-0800: 3.705: [Full GC (System.gc()) 2020-11-18T11:05:47.226-0800: 3.705: [CMS: 2493K->2495K(6848K), 0.0036605 secs] 2547K->2495K(9920K), [Metaspace: 4890K->4890K(139264K)], 0.0037441 secs] [Times: user=0.01 sys=0.00, real=0.01 secs] 
2020-11-18T11:05:47.231-0800: 3.710: [Full GC (System.gc()) 2020-11-18T11:05:47.231-0800: 3.710: [CMS: 2495K->2497K(6848K), 0.0031861 secs] 2549K->2497K(9920K), [Metaspace: 4890K->4890K(139264K)], 0.0032326 secs] [Times: user=0.00 sys=0.00, real=0.00 secs] 
2020-11-18T11:05:47.236-0800: 3.714: [Full GC (System.gc()) 2020-11-18T11:05:47.236-0800: 3.714: [CMS: 2497K->2500K(6848K), 0.0031674 secs] 2552K->2500K(9920K), [Metaspace: 4890K->4890K(139264K)], 0.0032172 secs] [Times: user=0.00 sys=0.00, real=0.00 secs] 
2020-11-18T11:05:47.240-0800: 3.719: [Full GC (System.gc()) 2020-11-18T11:05:47.240-0800: 3.719: [CMS: 2500K->2502K(6848K), 0.0030640 secs] 2554K->2502K(9920K), [Metaspace: 4890K->4890K(139264K)], 0.0031093 secs] [Times: user=0.01 sys=0.00, real=0.00 secs] 
2020-11-18T11:05:47.245-0800: 3.723: [Full GC (System.gc()) 2020-11-18T11:05:47.245-0800: 3.723: [CMS: 2502K->2505K(6848K), 0.0030080 secs] 2557K->2505K(9920K), [Metaspace: 4890K->4890K(139264K)], 0.0030504 secs] [Times: user=0.00 sys=0.00, real=0.00 secs] 
2020-11-18T11:05:47.249-0800: 3.728: [Full GC (System.gc()) 2020-11-18T11:05:47.249-0800: 3.728: [CMS: 2505K->2507K(6848K), 0.0035458 secs] 2559K->2507K(9920K), [Metaspace: 4890K->4890K(139264K)], 0.0036100 secs] [Times: user=0.00 sys=0.00, real=0.01 secs] 
2020-11-18T11:05:47.254-0800: 3.733: [Full GC (System.gc()) 2020-11-18T11:05:47.254-0800: 3.733: [CMS: 2507K->2509K(6848K), 0.0038216 secs] 2561K->2509K(9920K), [Metaspace: 4890K->4890K(139264K)], 0.0038998 secs] [Times: user=0.01 sys=0.00, real=0.00 secs] 
2020-11-18T11:05:47.260-0800: 3.738: [Full GC (System.gc()) 2020-11-18T11:05:47.260-0800: 3.738: [CMS: 2509K->2512K(6848K), 0.0039680 secs] 2564K->2512K(9920K), [Metaspace: 4890K->4890K(139264K)], 0.0040432 secs] [Times: user=0.00 sys=0.00, real=0.00 secs] 
2020-11-18T11:05:47.265-0800: 3.744: [Full GC (System.gc()) 2020-11-18T11:05:47.265-0800: 3.744: [CMS: 2512K->2514K(6848K), 0.0038047 secs] 2566K->2514K(9920K), [Metaspace: 4890K->4890K(139264K)], 0.0038815 secs] [Times: user=0.01 sys=0.00, real=0.00 secs] 
2020-11-18T11:05:47.270-0800: 3.749: [Full GC (System.gc()) 2020-11-18T11:05:47.270-0800: 3.749: [CMS: 2514K->2517K(6848K), 0.0039479 secs] 2569K->2517K(9920K), [Metaspace: 4890K->4890K(139264K)], 0.0040248 secs] [Times: user=0.00 sys=0.00, real=0.00 secs] 
2020-11-18T11:05:47.276-0800: 3.754: [Full GC (System.gc()) 2020-11-18T11:05:47.276-0800: 3.755: [CMS: 2517K->2519K(6848K), 0.0036711 secs] 2571K->2519K(9920K), [Metaspace: 4890K->4890K(139264K)], 0.0037413 secs] [Times: user=0.00 sys=0.00, real=0.01 secs] 
2020-11-18T11:05:47.281-0800: 3.760: [Full GC (System.gc()) 2020-11-18T11:05:47.281-0800: 3.760: [CMS: 2519K->2522K(6848K), 0.0032002 secs] 2573K->2522K(9920K), [Metaspace: 4890K->4890K(139264K)], 0.0032461 secs] [Times: user=0.01 sys=0.00, real=0.00 secs] 
2020-11-18T11:05:47.286-0800: 3.764: [Full GC (System.gc()) 2020-11-18T11:05:47.286-0800: 3.764: [CMS: 2522K->2524K(6848K), 0.0031461 secs] 2576K->2524K(9920K), [Metaspace: 4890K->4890K(139264K)], 0.0031915 secs] [Times: user=0.00 sys=0.00, real=0.00 secs] 
2020-11-18T11:05:47.290-0800: 3.769: [Full GC (System.gc()) 2020-11-18T11:05:47.290-0800: 3.769: [CMS: 2524K->2526K(6848K), 0.0038053 secs] 2578K->2526K(9920K), [Metaspace: 4890K->4890K(139264K)], 0.0038653 secs] [Times: user=0.01 sys=0.00, real=0.00 secs] 
2020-11-18T11:05:47.295-0800: 3.774: [Full GC (System.gc()) 2020-11-18T11:05:47.295-0800: 3.774: [CMS: 2526K->2529K(6848K), 0.0033400 secs] 2581K->2529K(9920K), [Metaspace: 4890K->4890K(139264K)], 0.0033885 secs] [Times: user=0.00 sys=0.00, real=0.00 secs] 
2020-11-18T11:05:47.300-0800: 3.779: [Full GC (System.gc()) 2020-11-18T11:05:47.300-0800: 3.779: [CMS: 2529K->2531K(6848K), 0.0029874 secs] 2583K->2531K(9920K), [Metaspace: 4890K->4890K(139264K)], 0.0030300 secs] [Times: user=0.00 sys=0.00, real=0.00 secs] 
2020-11-18T11:05:47.304-0800: 3.783: [Full GC (System.gc()) 2020-11-18T11:05:47.304-0800: 3.783: [CMS: 2531K->2534K(6848K), 0.0027963 secs] 2586K->2534K(9920K), [Metaspace: 4890K->4890K(139264K)], 0.0028360 secs] [Times: user=0.00 sys=0.00, real=0.00 secs] 
2020-11-18T11:05:47.309-0800: 3.787: [Full GC (System.gc()) 2020-11-18T11:05:47.309-0800: 3.787: [CMS: 2534K->2536K(6848K), 0.0034371 secs] 2588K->2536K(9920K), [Metaspace: 4890K->4890K(139264K)], 0.0035024 secs] [Times: user=0.01 sys=0.00, real=0.01 secs] 
2020-11-18T11:05:47.314-0800: 3.792: [Full GC (System.gc()) 2020-11-18T11:05:47.314-0800: 3.792: [CMS: 2536K->2538K(6848K), 0.0035701 secs] 2590K->2538K(9920K), [Metaspace: 4890K->4890K(139264K)], 0.0036361 secs] [Times: user=0.00 sys=0.00, real=0.00 secs] 
2020-11-18T11:05:47.319-0800: 3.797: [Full GC (System.gc()) 2020-11-18T11:05:47.319-0800: 3.797: [CMS: 2538K->2541K(6848K), 0.0034575 secs] 2593K->2541K(9920K), [Metaspace: 4890K->4890K(139264K)], 0.0035238 secs] [Times: user=0.01 sys=0.00, real=0.01 secs] 
2020-11-18T11:05:47.324-0800: 3.802: [Full GC (System.gc()) 2020-11-18T11:05:47.324-0800: 3.802: [CMS: 2541K->2543K(6848K), 0.0035795 secs] 2595K->2543K(9920K), [Metaspace: 4890K->4890K(139264K)], 0.0036538 secs] [Times: user=0.00 sys=0.00, real=0.00 secs] 
2020-11-18T11:05:47.328-0800: 3.807: [Full GC (System.gc()) 2020-11-18T11:05:47.329-0800: 3.807: [CMS: 2543K->2546K(6848K), 0.0037309 secs] 2598K->2546K(9920K), [Metaspace: 4890K->4890K(139264K)], 0.0037984 secs] [Times: user=0.00 sys=0.00, real=0.01 secs] 
2020-11-18T11:05:47.334-0800: 3.812: [Full GC (System.gc()) 2020-11-18T11:05:47.334-0800: 3.812: [CMS: 2546K->2548K(6848K), 0.0036846 secs] 2600K->2548K(9920K), [Metaspace: 4890K->4890K(139264K)], 0.0037554 secs] [Times: user=0.01 sys=0.00, real=0.00 secs] 
2020-11-18T11:05:47.339-0800: 3.818: [Full GC (System.gc()) 2020-11-18T11:05:47.339-0800: 3.818: [CMS: 2548K->2550K(6848K), 0.0036694 secs] 2602K->2550K(9920K), [Metaspace: 4890K->4890K(139264K)], 0.0037404 secs] [Times: user=0.00 sys=0.00, real=0.01 secs] 
2020-11-18T11:05:47.344-0800: 3.823: [Full GC (System.gc()) 2020-11-18T11:05:47.344-0800: 3.823: [CMS: 2550K->2553K(6848K), 0.0038736 secs] 2605K->2553K(9920K), [Metaspace: 4890K->4890K(139264K)], 0.0039476 secs] [Times: user=0.00 sys=0.00, real=0.00 secs] 
2020-11-18T11:05:47.349-0800: 3.828: [Full GC (System.gc()) 2020-11-18T11:05:47.349-0800: 3.828: [CMS: 2553K->2555K(6848K), 0.0037663 secs] 2607K->2555K(9920K), [Metaspace: 4890K->4890K(139264K)], 0.0038281 secs] [Times: user=0.01 sys=0.00, real=0.01 secs] 
2020-11-18T11:05:47.355-0800: 3.833: [Full GC (System.gc()) 2020-11-18T11:05:47.355-0800: 3.833: [CMS: 2555K->2558K(6848K), 0.0032837 secs] 2610K->2558K(9920K), [Metaspace: 4890K->4890K(139264K)], 0.0033292 secs] [Times: user=0.00 sys=0.00, real=0.00 secs] 
2020-11-18T11:05:47.359-0800: 3.838: [Full GC (System.gc()) 2020-11-18T11:05:47.359-0800: 3.838: [CMS: 2558K->2560K(6848K), 0.0031337 secs] 2612K->2560K(9920K), [Metaspace: 4890K->4890K(139264K)], 0.0031794 secs] [Times: user=0.01 sys=0.00, real=0.01 secs] 
2020-11-18T11:05:47.364-0800: 3.842: [Full GC (System.gc()) 2020-11-18T11:05:47.364-0800: 3.843: [CMS: 2560K->2563K(6848K), 0.0037357 secs] 2615K->2563K(9920K), [Metaspace: 4890K->4890K(139264K)], 0.0038065 secs] [Times: user=0.00 sys=0.00, real=0.00 secs] 
2020-11-18T11:05:47.369-0800: 3.848: [Full GC (System.gc()) 2020-11-18T11:05:47.369-0800: 3.848: [CMS: 2563K->2565K(6848K), 0.0038402 secs] 2617K->2565K(9920K), [Metaspace: 4890K->4890K(139264K)], 0.0039175 secs] [Times: user=0.00 sys=0.00, real=0.01 secs] 
2020-11-18T11:05:47.375-0800: 3.853: [Full GC (System.gc()) 2020-11-18T11:05:47.375-0800: 3.853: [CMS: 2565K->2567K(6848K), 0.0036806 secs] 2619K->2567K(9920K), [Metaspace: 4890K->4890K(139264K)], 0.0037520 secs] [Times: user=0.01 sys=0.00, real=0.00 secs] 
2020-11-18T11:05:47.380-0800: 3.858: [Full GC (System.gc()) 2020-11-18T11:05:47.380-0800: 3.858: [CMS: 2567K->2570K(6848K), 0.0035751 secs] 2622K->2570K(9920K), [Metaspace: 4890K->4890K(139264K)], 0.0036455 secs] [Times: user=0.00 sys=0.00, real=0.00 secs] 
2020-11-18T11:05:47.385-0800: 3.863: [Full GC (System.gc()) 2020-11-18T11:05:47.385-0800: 3.863: [CMS: 2570K->2572K(6848K), 0.0037601 secs] 2624K->2572K(9920K), [Metaspace: 4890K->4890K(139264K)], 0.0038305 secs] [Times: user=0.00 sys=0.00, real=0.00 secs] 
2020-11-18T11:05:47.390-0800: 3.868: [Full GC (System.gc()) 2020-11-18T11:05:47.390-0800: 3.868: [CMS: 2572K->2575K(6848K), 0.0036345 secs] 2627K->2575K(9920K), [Metaspace: 4890K->4890K(139264K)], 0.0037037 secs] [Times: user=0.01 sys=0.00, real=0.00 secs] 
2020-11-18T11:05:47.395-0800: 3.873: [Full GC (System.gc()) 2020-11-18T11:05:47.395-0800: 3.873: [CMS: 2575K->2577K(6848K), 0.0036351 secs] 2629K->2577K(9920K), [Metaspace: 4890K->4890K(139264K)], 0.0037095 secs] [Times: user=0.00 sys=0.00, real=0.00 secs] 
2020-11-18T11:05:47.400-0800: 3.879: [Full GC (System.gc()) 2020-11-18T11:05:47.400-0800: 3.879: [CMS: 2577K->2579K(6848K), 0.0036343 secs] 2631K->2579K(9920K), [Metaspace: 4890K->4890K(139264K)], 0.0037080 secs] [Times: user=0.01 sys=0.00, real=0.00 secs] 
2020-11-18T11:05:47.405-0800: 3.884: [Full GC (System.gc()) 2020-11-18T11:05:47.405-0800: 3.884: [CMS: 2579K->2582K(6848K), 0.0037132 secs] 2634K->2582K(9920K), [Metaspace: 4890K->4890K(139264K)], 0.0037841 secs] [Times: user=0.00 sys=0.00, real=0.00 secs] 
2020-11-18T11:05:47.410-0800: 3.889: [Full GC (System.gc()) 2020-11-18T11:05:47.410-0800: 3.889: [CMS: 2582K->2584K(6848K), 0.0036832 secs] 2636K->2584K(9920K), [Metaspace: 4890K->4890K(139264K)], 0.0037584 secs] [Times: user=0.00 sys=0.00, real=0.00 secs] 
2020-11-18T11:05:47.415-0800: 3.894: [Full GC (System.gc()) 2020-11-18T11:05:47.415-0800: 3.894: [CMS: 2584K->2587K(6848K), 0.0035388 secs] 2639K->2587K(9920K), [Metaspace: 4890K->4890K(139264K)], 0.0036071 secs] [Times: user=0.01 sys=0.00, real=0.00 secs] 
2020-11-18T11:05:47.420-0800: 3.899: [Full GC (System.gc()) 2020-11-18T11:05:47.420-0800: 3.899: [CMS: 2587K->2589K(6848K), 0.0036998 secs] 2641K->2589K(9920K), [Metaspace: 4890K->4890K(139264K)], 0.0037743 secs] [Times: user=0.00 sys=0.00, real=0.00 secs] 
2020-11-18T11:05:47.426-0800: 3.904: [Full GC (System.gc()) 2020-11-18T11:05:47.426-0800: 3.904: [CMS: 2589K->2592K(6848K), 0.0035931 secs] 2643K->2592K(9920K), [Metaspace: 4890K->4890K(139264K)], 0.0036644 secs] [Times: user=0.00 sys=0.00, real=0.00 secs] 
2020-11-18T11:05:47.430-0800: 3.909: [Full GC (System.gc()) 2020-11-18T11:05:47.431-0800: 3.909: [CMS: 2592K->2594K(6848K), 0.0035567 secs] 2646K->2594K(9920K), [Metaspace: 4890K->4890K(139264K)], 0.0036247 secs] [Times: user=0.00 sys=0.00, real=0.00 secs] 
2020-11-18T11:05:47.436-0800: 3.914: [Full GC (System.gc()) 2020-11-18T11:05:47.436-0800: 3.914: [CMS: 2594K->2596K(6848K), 0.0036076 secs] 2648K->2596K(9920K), [Metaspace: 4890K->4890K(139264K)], 0.0036781 secs] [Times: user=0.00 sys=0.00, real=0.00 secs] 
2020-11-18T11:05:47.441-0800: 3.919: [Full GC (System.gc()) 2020-11-18T11:05:47.441-0800: 3.919: [CMS: 2596K->2599K(6848K), 0.0036906 secs] 2651K->2599K(9920K), [Metaspace: 4890K->4890K(139264K)], 0.0037594 secs] [Times: user=0.01 sys=0.00, real=0.00 secs] 
2020-11-18T11:05:47.446-0800: 3.924: [Full GC (System.gc()) 2020-11-18T11:05:47.446-0800: 3.924: [CMS: 2599K->2601K(6848K), 0.0036708 secs] 2653K->2601K(9920K), [Metaspace: 4890K->4890K(139264K)], 0.0037412 secs] [Times: user=0.00 sys=0.00, real=0.01 secs] 
2020-11-18T11:05:47.451-0800: 3.930: [Full GC (System.gc()) 2020-11-18T11:05:47.451-0800: 3.930: [CMS: 2601K->2604K(6848K), 0.0037515 secs] 2656K->2604K(9920K), [Metaspace: 4890K->4890K(139264K)], 0.0038223 secs] [Times: user=0.00 sys=0.00, real=0.00 secs] 
2020-11-18T11:05:47.456-0800: 3.935: [Full GC (System.gc()) 2020-11-18T11:05:47.456-0800: 3.935: [CMS: 2604K->2606K(6848K), 0.0036867 secs] 2658K->2606K(9920K), [Metaspace: 4890K->4890K(139264K)], 0.0037599 secs] [Times: user=0.01 sys=0.00, real=0.01 secs] 
2020-11-18T11:05:47.461-0800: 3.940: [Full GC (System.gc()) 2020-11-18T11:05:47.461-0800: 3.940: [CMS: 2606K->2608K(6848K), 0.0038509 secs] 2660K->2608K(9920K), [Metaspace: 4890K->4890K(139264K)], 0.0039325 secs] [Times: user=0.00 sys=0.00, real=0.00 secs] 
2020-11-18T11:05:47.467-0800: 3.945: [Full GC (System.gc()) 2020-11-18T11:05:47.467-0800: 3.945: [CMS: 2608K->2611K(6848K), 0.0035403 secs] 2663K->2611K(9920K), [Metaspace: 4890K->4890K(139264K)], 0.0036099 secs] [Times: user=0.01 sys=0.00, real=0.01 secs] 
2020-11-18T11:05:47.472-0800: 3.951: [Full GC (System.gc()) 2020-11-18T11:05:47.472-0800: 3.951: [CMS: 2611K->2613K(6848K), 0.0037666 secs] 2665K->2613K(9920K), [Metaspace: 4890K->4890K(139264K)], 0.0038373 secs] [Times: user=0.00 sys=0.00, real=0.00 secs] 
2020-11-18T11:05:47.477-0800: 3.956: [Full GC (System.gc()) 2020-11-18T11:05:47.477-0800: 3.956: [CMS: 2613K->2616K(6848K), 0.0036861 secs] 2668K->2616K(9920K), [Metaspace: 4890K->4890K(139264K)], 0.0037609 secs] [Times: user=0.00 sys=0.00, real=0.01 secs] 
2020-11-18T11:05:47.482-0800: 3.961: [Full GC (System.gc()) 2020-11-18T11:05:47.482-0800: 3.961: [CMS: 2616K->2618K(6848K), 0.0037922 secs] 2670K->2618K(9920K), [Metaspace: 4890K->4890K(139264K)], 0.0038865 secs] [Times: user=0.01 sys=0.00, real=0.00 secs] 
2020-11-18T11:05:47.488-0800: 3.966: [Full GC (System.gc()) 2020-11-18T11:05:47.488-0800: 3.966: [CMS: 2618K->2620K(6848K), 0.0037560 secs] 2672K->2620K(9920K), [Metaspace: 4890K->4890K(139264K)], 0.0038267 secs] [Times: user=0.00 sys=0.00, real=0.01 secs] 
2020-11-18T11:05:47.493-0800: 3.972: [Full GC (System.gc()) 2020-11-18T11:05:47.493-0800: 3.972: [CMS: 2620K->2623K(6848K), 0.0036890 secs] 2675K->2623K(9920K), [Metaspace: 4890K->4890K(139264K)], 0.0037584 secs] [Times: user=0.00 sys=0.00, real=0.00 secs] 
2020-11-18T11:05:47.498-0800: 3.977: [Full GC (System.gc()) 2020-11-18T11:05:47.498-0800: 3.977: [CMS: 2623K->2625K(6848K), 0.0036166 secs] 2677K->2625K(9920K), [Metaspace: 4890K->4890K(139264K)], 0.0036865 secs] [Times: user=0.01 sys=0.01, real=0.01 secs] 
2020-11-18T11:05:47.503-0800: 3.982: [Full GC (System.gc()) 2020-11-18T11:05:47.503-0800: 3.982: [CMS: 2625K->2628K(6848K), 0.0035545 secs] 2680K->2628K(9920K), [Metaspace: 4890K->4890K(139264K)], 0.0036255 secs] [Times: user=0.00 sys=0.00, real=0.00 secs] 
2020-11-18T11:05:47.509-0800: 3.987: [Full GC (System.gc()) 2020-11-18T11:05:47.509-0800: 3.987: [CMS: 2628K->2630K(6848K), 0.0036188 secs] 2682K->2630K(9920K), [Metaspace: 4890K->4890K(139264K)], 0.0036919 secs] [Times: user=0.01 sys=0.00, real=0.01 secs] 
2020-11-18T11:05:47.514-0800: 3.992: [Full GC (System.gc()) 2020-11-18T11:05:47.514-0800: 3.992: [CMS: 2630K->2633K(6848K), 0.0038586 secs] 2685K->2633K(9920K), [Metaspace: 4890K->4890K(139264K)], 0.0039286 secs] [Times: user=0.00 sys=0.00, real=0.00 secs] 
2020-11-18T11:05:47.519-0800: 3.998: [Full GC (System.gc()) 2020-11-18T11:05:47.519-0800: 3.998: [CMS: 2633K->2635K(6848K), 0.0037222 secs] 2687K->2635K(9920K), [Metaspace: 4890K->4890K(139264K)], 0.0037919 secs] [Times: user=0.00 sys=0.00, real=0.01 secs] 
2020-11-18T11:05:47.524-0800: 4.003: [Full GC (System.gc()) 2020-11-18T11:05:47.524-0800: 4.003: [CMS: 2635K->2637K(6848K), 0.0037369 secs] 2689K->2637K(9920K), [Metaspace: 4890K->4890K(139264K)], 0.0038097 secs] [Times: user=0.01 sys=0.00, real=0.00 secs] 
2020-11-18T11:05:47.530-0800: 4.008: [Full GC (System.gc()) 2020-11-18T11:05:47.530-0800: 4.008: [CMS: 2637K->2640K(6848K), 0.0036516 secs] 2692K->2640K(9920K), [Metaspace: 4890K->4890K(139264K)], 0.0037222 secs] [Times: user=0.00 sys=0.00, real=0.00 secs] 
2020-11-18T11:05:47.535-0800: 4.013: [Full GC (System.gc()) 2020-11-18T11:05:47.535-0800: 4.013: [CMS: 2640K->2642K(6848K), 0.0036530 secs] 2694K->2642K(9920K), [Metaspace: 4890K->4890K(139264K)], 0.0037220 secs] [Times: user=0.01 sys=0.00, real=0.00 secs] 
2020-11-18T11:05:47.540-0800: 4.018: [Full GC (System.gc()) 2020-11-18T11:05:47.540-0800: 4.018: [CMS: 2642K->2645K(6848K), 0.0036774 secs] 2697K->2645K(9920K), [Metaspace: 4890K->4890K(139264K)], 0.0037467 secs] [Times: user=0.00 sys=0.00, real=0.00 secs] 
2020-11-18T11:05:47.545-0800: 4.024: [Full GC (System.gc()) 2020-11-18T11:05:47.545-0800: 4.024: [CMS: 2645K->2647K(6848K), 0.0037991 secs] 2699K->2647K(9920K), [Metaspace: 4890K->4890K(139264K)], 0.0038756 secs] [Times: user=0.00 sys=0.00, real=0.00 secs] 
2020-11-18T11:05:47.550-0800: 4.029: [Full GC (System.gc()) 2020-11-18T11:05:47.551-0800: 4.029: [CMS: 2647K->2649K(6848K), 0.0037487 secs] 2701K->2649K(9920K), [Metaspace: 4890K->4890K(139264K)], 0.0038222 secs] [Times: user=0.01 sys=0.00, real=0.00 secs] 
2020-11-18T11:05:47.556-0800: 4.034: [Full GC (System.gc()) 2020-11-18T11:05:47.556-0800: 4.034: [CMS: 2649K->2652K(6848K), 0.0039163 secs] 2704K->2652K(9920K), [Metaspace: 4890K->4890K(139264K)], 0.0039876 secs] [Times: user=0.00 sys=0.00, real=0.01 secs] 
2020-11-18T11:05:47.561-0800: 4.040: [Full GC (System.gc()) 2020-11-18T11:05:47.561-0800: 4.040: [CMS: 2652K->2654K(6848K), 0.0035608 secs] 2706K->2654K(9920K), [Metaspace: 4890K->4890K(139264K)], 0.0036302 secs] [Times: user=0.00 sys=0.00, real=0.00 secs] 
2020-11-18T11:05:47.566-0800: 4.045: [Full GC (System.gc()) 2020-11-18T11:05:47.566-0800: 4.045: [CMS: 2654K->2657K(6848K), 0.0036939 secs] 2709K->2657K(9920K), [Metaspace: 4890K->4890K(139264K)], 0.0037663 secs] [Times: user=0.00 sys=0.00, real=0.01 secs] 
2020-11-18T11:05:47.571-0800: 4.050: [Full GC (System.gc()) 2020-11-18T11:05:47.571-0800: 4.050: [CMS: 2657K->2659K(6848K), 0.0037750 secs] 2711K->2659K(9920K), [Metaspace: 4890K->4890K(139264K)], 0.0038495 secs] [Times: user=0.00 sys=0.00, real=0.00 secs] 
2020-11-18T11:05:47.577-0800: 4.055: [Full GC (System.gc()) 2020-11-18T11:05:47.577-0800: 4.055: [CMS: 2659K->2662K(6848K), 0.0037062 secs] 2713K->2662K(9920K), [Metaspace: 4890K->4890K(139264K)], 0.0037756 secs] [Times: user=0.01 sys=0.00, real=0.01 secs] 
2020-11-18T11:05:47.582-0800: 4.060: [Full GC (System.gc()) 2020-11-18T11:05:47.582-0800: 4.061: [CMS: 2662K->2664K(6848K), 0.0036476 secs] 2716K->2664K(9920K), [Metaspace: 4890K->4890K(139264K)], 0.0037196 secs] [Times: user=0.00 sys=0.00, real=0.00 secs] 
2020-11-18T11:05:47.587-0800: 4.066: [Full GC (System.gc()) 2020-11-18T11:05:47.587-0800: 4.066: [CMS: 2664K->2666K(6848K), 0.0036122 secs] 2718K->2666K(9920K), [Metaspace: 4890K->4890K(139264K)], 0.0036917 secs] [Times: user=0.00 sys=0.00, real=0.01 secs] 
2020-11-18T11:05:47.592-0800: 4.071: [Full GC (System.gc()) 2020-11-18T11:05:47.592-0800: 4.071: [CMS: 2666K->2669K(6848K), 0.0036629 secs] 2721K->2669K(9920K), [Metaspace: 4890K->4890K(139264K)], 0.0037331 secs] [Times: user=0.01 sys=0.00, real=0.00 secs] 
2020-11-18T11:05:47.597-0800: 4.076: [Full GC (System.gc()) 2020-11-18T11:05:47.597-0800: 4.076: [CMS: 2669K->2671K(6848K), 0.0037278 secs] 2723K->2671K(9920K), [Metaspace: 4890K->4890K(139264K)], 0.0038084 secs] [Times: user=0.00 sys=0.00, real=0.01 secs] 
2020-11-18T11:05:47.603-0800: 4.081: [Full GC (System.gc()) 2020-11-18T11:05:47.603-0800: 4.081: [CMS: 2671K->2674K(6848K), 0.0037721 secs] 2726K->2674K(9920K), [Metaspace: 4890K->4890K(139264K)], 0.0038453 secs] [Times: user=0.01 sys=0.00, real=0.00 secs] 
2020-11-18T11:05:47.608-0800: 4.086: [Full GC (System.gc()) 2020-11-18T11:05:47.608-0800: 4.086: [CMS: 2674K->2676K(6848K), 0.0039452 secs] 2728K->2676K(9920K), [Metaspace: 4890K->4890K(139264K)], 0.0040194 secs] [Times: user=0.00 sys=0.00, real=0.01 secs] 
2020-11-18T11:05:47.613-0800: 4.092: [Full GC (System.gc()) 2020-11-18T11:05:47.613-0800: 4.092: [CMS: 2676K->2678K(6848K), 0.0036435 secs] 2730K->2678K(9920K), [Metaspace: 4890K->4890K(139264K)], 0.0037248 secs] [Times: user=0.00 sys=0.00, real=0.00 secs] 
2020-11-18T11:05:47.618-0800: 4.097: [Full GC (System.gc()) 2020-11-18T11:05:47.618-0800: 4.097: [CMS: 2678K->2681K(6848K), 0.0036972 secs] 2733K->2681K(9920K), [Metaspace: 4890K->4890K(139264K)], 0.0037724 secs] [Times: user=0.01 sys=0.00, real=0.01 secs] 
2020-11-18T11:05:47.623-0800: 4.102: [Full GC (System.gc()) 2020-11-18T11:05:47.623-0800: 4.102: [CMS: 2681K->2683K(6848K), 0.0036334 secs] 2735K->2683K(9920K), [Metaspace: 4890K->4890K(139264K)], 0.0037072 secs] [Times: user=0.00 sys=0.00, real=0.00 secs] 
2020-11-18T11:05:47.628-0800: 4.107: [Full GC (System.gc()) 2020-11-18T11:05:47.628-0800: 4.107: [CMS: 2683K->2686K(6848K), 0.0037415 secs] 2738K->2686K(9920K), [Metaspace: 4890K->4890K(139264K)], 0.0038115 secs] [Times: user=0.00 sys=0.00, real=0.01 secs] 
2020-11-18T11:05:47.634-0800: 4.112: [Full GC (System.gc()) 2020-11-18T11:05:47.634-0800: 4.112: [CMS: 2686K->2688K(6848K), 0.0037067 secs] 2740K->2688K(9920K), [Metaspace: 4890K->4890K(139264K)], 0.0037804 secs] [Times: user=0.01 sys=0.00, real=0.00 secs] 
2020-11-18T11:05:47.639-0800: 4.118: [Full GC (System.gc()) 2020-11-18T11:05:47.639-0800: 4.118: [CMS: 2688K->2690K(6848K), 0.0037486 secs] 2742K->2690K(9920K), [Metaspace: 4890K->4890K(139264K)], 0.0038182 secs] [Times: user=0.00 sys=0.00, real=0.01 secs] 
2020-11-18T11:05:47.644-0800: 4.123: [Full GC (System.gc()) 2020-11-18T11:05:47.644-0800: 4.123: [CMS: 2690K->2693K(6848K), 0.0032155 secs] 2745K->2693K(9920K), [Metaspace: 4890K->4890K(139264K)], 0.0032636 secs] [Times: user=0.01 sys=0.00, real=0.00 secs] 
2020-11-18T11:05:47.649-0800: 4.127: [Full GC (System.gc()) 2020-11-18T11:05:47.649-0800: 4.128: [CMS: 2693K->2695K(6848K), 0.0042669 secs] 2747K->2695K(9920K), [Metaspace: 4890K->4890K(139264K)], 0.0043354 secs] [Times: user=0.00 sys=0.00, real=0.01 secs] 
2020-11-18T11:05:47.655-0800: 4.133: [Full GC (System.gc()) 2020-11-18T11:05:47.655-0800: 4.133: [CMS: 2695K->2698K(6848K), 0.0037287 secs] 2750K->2698K(9920K), [Metaspace: 4890K->4890K(139264K)], 0.0037986 secs] [Times: user=0.00 sys=0.00, real=0.00 secs] 
2020-11-18T11:05:47.660-0800: 4.139: [Full GC (System.gc()) 2020-11-18T11:05:47.660-0800: 4.139: [CMS: 2698K->2700K(6848K), 0.0037320 secs] 2752K->2700K(9920K), [Metaspace: 4890K->4890K(139264K)], 0.0038006 secs] [Times: user=0.01 sys=0.00, real=0.00 secs] 
2020-11-18T11:05:47.665-0800: 4.144: [Full GC (System.gc()) 2020-11-18T11:05:47.665-0800: 4.144: [CMS: 2700K->2703K(6848K), 0.0036508 secs] 2755K->2703K(9920K), [Metaspace: 4890K->4890K(139264K)], 0.0037190 secs] [Times: user=0.00 sys=0.00, real=0.00 secs] 
2020-11-18T11:05:47.670-0800: 4.149: [Full GC (System.gc()) 2020-11-18T11:05:47.670-0800: 4.149: [CMS: 2703K->2705K(6848K), 0.0036728 secs] 2757K->2705K(9920K), [Metaspace: 4890K->4890K(139264K)], 0.0037430 secs] [Times: user=0.01 sys=0.00, real=0.00 secs] 
2020-11-18T11:05:47.676-0800: 4.154: [Full GC (System.gc()) 2020-11-18T11:05:47.676-0800: 4.154: [CMS: 2705K->2707K(6848K), 0.0037581 secs] 2759K->2707K(9920K), [Metaspace: 4890K->4890K(139264K)], 0.0038287 secs] [Times: user=0.00 sys=0.00, real=0.01 secs] 
2020-11-18T11:05:47.681-0800: 4.159: [Full GC (System.gc()) 2020-11-18T11:05:47.681-0800: 4.159: [CMS: 2707K->2710K(6848K), 0.0036975 secs] 2762K->2710K(9920K), [Metaspace: 4890K->4890K(139264K)], 0.0037824 secs] [Times: user=0.00 sys=0.00, real=0.00 secs] 
2020-11-18T11:05:47.686-0800: 4.165: [Full GC (System.gc()) 2020-11-18T11:05:47.686-0800: 4.165: [CMS: 2710K->2712K(6848K), 0.0038998 secs] 2764K->2712K(9920K), [Metaspace: 4890K->4890K(139264K)], 0.0040040 secs] [Times: user=0.01 sys=0.00, real=0.01 secs] 
2020-11-18T11:05:47.691-0800: 4.170: [Full GC (System.gc()) 2020-11-18T11:05:47.691-0800: 4.170: [CMS: 2712K->2715K(6848K), 0.0036482 secs] 2767K->2715K(9920K), [Metaspace: 4890K->4890K(139264K)], 0.0037233 secs] [Times: user=0.00 sys=0.00, real=0.00 secs] 
2020-11-18T11:05:47.697-0800: 4.175: [Full GC (System.gc()) 2020-11-18T11:05:47.697-0800: 4.175: [CMS: 2715K->2717K(6848K), 0.0038134 secs] 2769K->2717K(9920K), [Metaspace: 4890K->4890K(139264K)], 0.0038875 secs] [Times: user=0.01 sys=0.00, real=0.01 secs] 
2020-11-18T11:05:47.702-0800: 4.180: [Full GC (System.gc()) 2020-11-18T11:05:47.702-0800: 4.180: [CMS: 2717K->2719K(6848K), 0.0040237 secs] 2771K->2719K(9920K), [Metaspace: 4890K->4890K(139264K)], 0.0041024 secs] [Times: user=0.00 sys=0.00, real=0.00 secs] 
2020-11-18T11:05:47.707-0800: 4.186: [Full GC (System.gc()) 2020-11-18T11:05:47.707-0800: 4.186: [CMS: 2719K->2722K(6848K), 0.0036449 secs] 2774K->2722K(9920K), [Metaspace: 4890K->4890K(139264K)], 0.0037140 secs] [Times: user=0.00 sys=0.00, real=0.01 secs] 
2020-11-18T11:05:47.712-0800: 4.191: [Full GC (System.gc()) 2020-11-18T11:05:47.712-0800: 4.191: [CMS: 2722K->2724K(6848K), 0.0042650 secs] 2776K->2724K(9920K), [Metaspace: 4890K->4890K(139264K)], 0.0043761 secs] [Times: user=0.01 sys=0.00, real=0.00 secs] 
2020-11-18T11:05:47.718-0800: 4.197: [Full GC (System.gc()) 2020-11-18T11:05:47.718-0800: 4.197: [CMS: 2724K->2727K(6848K), 0.0036904 secs] 2779K->2727K(9920K), [Metaspace: 4890K->4890K(139264K)], 0.0037467 secs] [Times: user=0.00 sys=0.00, real=0.01 secs] 
2020-11-18T11:05:47.723-0800: 4.202: [Full GC (System.gc()) 2020-11-18T11:05:47.723-0800: 4.202: [CMS: 2727K->2729K(6848K), 0.0037019 secs] 2781K->2729K(9920K), [Metaspace: 4890K->4890K(139264K)], 0.0037735 secs] [Times: user=0.01 sys=0.00, real=0.00 secs] 
2020-11-18T11:05:47.728-0800: 4.207: [Full GC (System.gc()) 2020-11-18T11:05:47.728-0800: 4.207: [CMS: 2729K->2732K(6848K), 0.0033605 secs] 2783K->2732K(9920K), [Metaspace: 4890K->4890K(139264K)], 0.0034085 secs] [Times: user=0.00 sys=0.00, real=0.01 secs] 
2020-11-18T11:05:47.733-0800: 4.211: [Full GC (System.gc()) 2020-11-18T11:05:47.733-0800: 4.211: [CMS: 2732K->2734K(6848K), 0.0033652 secs] 2786K->2734K(9920K), [Metaspace: 4890K->4890K(139264K)], 0.0034173 secs] [Times: user=0.00 sys=0.00, real=0.00 secs] 
2020-11-18T11:05:47.738-0800: 4.216: [Full GC (System.gc()) 2020-11-18T11:05:47.738-0800: 4.216: [CMS: 2734K->2736K(6848K), 0.0033475 secs] 2788K->2736K(9920K), [Metaspace: 4890K->4890K(139264K)], 0.0033935 secs] [Times: user=0.01 sys=0.00, real=0.01 secs] 
2020-11-18T11:05:47.742-0800: 4.221: [Full GC (System.gc()) 2020-11-18T11:05:47.742-0800: 4.221: [CMS: 2736K->2739K(6848K), 0.0038323 secs] 2791K->2739K(9920K), [Metaspace: 4890K->4890K(139264K)], 0.0039030 secs] [Times: user=0.00 sys=0.00, real=0.00 secs] 
2020-11-18T11:05:47.748-0800: 4.226: [Full GC (System.gc()) 2020-11-18T11:05:47.748-0800: 4.226: [CMS: 2739K->2741K(6848K), 0.0039414 secs] 2793K->2741K(9920K), [Metaspace: 4890K->4890K(139264K)], 0.0040195 secs] [Times: user=0.00 sys=0.00, real=0.01 secs] 
2020-11-18T11:05:47.753-0800: 4.232: [Full GC (System.gc()) 2020-11-18T11:05:47.753-0800: 4.232: [CMS: 2741K->2744K(6848K), 0.0033591 secs] 2796K->2744K(9920K), [Metaspace: 4890K->4890K(139264K)], 0.0034087 secs] [Times: user=0.01 sys=0.00, real=0.00 secs] 
2020-11-18T11:05:47.758-0800: 4.237: [Full GC (System.gc()) 2020-11-18T11:05:47.758-0800: 4.237: [CMS: 2744K->2746K(6848K), 0.0041037 secs] 2798K->2746K(9920K), [Metaspace: 4890K->4890K(139264K)], 0.0041842 secs] [Times: user=0.00 sys=0.00, real=0.01 secs] 
2020-11-18T11:05:47.764-0800: 4.242: [Full GC (System.gc()) 2020-11-18T11:05:47.764-0800: 4.242: [CMS: 2746K->2748K(6848K), 0.0039070 secs] 2800K->2748K(9920K), [Metaspace: 4890K->4890K(139264K)], 0.0039766 secs] [Times: user=0.01 sys=0.00, real=0.00 secs] 
2020-11-18T11:05:47.769-0800: 4.248: [Full GC (System.gc()) 2020-11-18T11:05:47.769-0800: 4.248: [CMS: 2748K->2751K(6848K), 0.0039277 secs] 2803K->2751K(9920K), [Metaspace: 4890K->4890K(139264K)], 0.0039994 secs] [Times: user=0.00 sys=0.00, real=0.01 secs] 
2020-11-18T11:05:47.774-0800: 4.253: [Full GC (System.gc()) 2020-11-18T11:05:47.774-0800: 4.253: [CMS: 2751K->2753K(6848K), 0.0038493 secs] 2805K->2753K(9920K), [Metaspace: 4890K->4890K(139264K)], 0.0039186 secs] [Times: user=0.00 sys=0.00, real=0.00 secs] 
2020-11-18T11:05:47.779-0800: 4.258: [Full GC (System.gc()) 2020-11-18T11:05:47.779-0800: 4.258: [CMS: 2753K->2756K(6848K), 0.0033586 secs] 2808K->2756K(9920K), [Metaspace: 4890K->4890K(139264K)], 0.0034062 secs] [Times: user=0.01 sys=0.00, real=0.01 secs] 
2020-11-18T11:05:47.784-0800: 4.263: [Full GC (System.gc()) 2020-11-18T11:05:47.784-0800: 4.263: [CMS: 2756K->2758K(6848K), 0.0037144 secs] 2810K->2758K(9920K), [Metaspace: 4890K->4890K(139264K)], 0.0037794 secs] [Times: user=0.00 sys=0.00, real=0.00 secs] 
2020-11-18T11:05:47.789-0800: 4.268: [Full GC (System.gc()) 2020-11-18T11:05:47.789-0800: 4.268: [CMS: 2758K->2760K(6848K), 0.0040556 secs] 2812K->2760K(9920K), [Metaspace: 4890K->4890K(139264K)], 0.0041290 secs] [Times: user=0.01 sys=0.00, real=0.01 secs] 
2020-11-18T11:05:47.795-0800: 4.273: [Full GC (System.gc()) 2020-11-18T11:05:47.795-0800: 4.273: [CMS: 2760K->2763K(6848K), 0.0033711 secs] 2815K->2763K(9920K), [Metaspace: 4890K->4890K(139264K)], 0.0034220 secs] [Times: user=0.00 sys=0.00, real=0.00 secs] 
2020-11-18T11:05:47.799-0800: 4.278: [Full GC (System.gc()) 2020-11-18T11:05:47.799-0800: 4.278: [CMS: 2763K->2765K(6848K), 0.0032222 secs] 2817K->2765K(9920K), [Metaspace: 4890K->4890K(139264K)], 0.0032691 secs] [Times: user=0.00 sys=0.00, real=0.01 secs] 
2020-11-18T11:05:47.804-0800: 4.283: [Full GC (System.gc()) 2020-11-18T11:05:47.804-0800: 4.283: [CMS: 2765K->2768K(6848K), 0.0037161 secs] 2820K->2768K(9920K), [Metaspace: 4890K->4890K(139264K)], 0.0037852 secs] [Times: user=0.01 sys=0.00, real=0.00 secs] 
2020-11-18T11:05:47.809-0800: 4.288: [Full GC (System.gc()) 2020-11-18T11:05:47.809-0800: 4.288: [CMS: 2768K->2770K(6848K), 0.0043262 secs] 2822K->2770K(9920K), [Metaspace: 4890K->4890K(139264K)], 0.0043980 secs] [Times: user=0.00 sys=0.00, real=0.01 secs] 
2020-11-18T11:05:47.815-0800: 4.294: [Full GC (System.gc()) 2020-11-18T11:05:47.815-0800: 4.294: [CMS: 2770K->2773K(6848K), 0.0043791 secs] 2825K->2773K(9920K), [Metaspace: 4890K->4890K(139264K)], 0.0044580 secs] [Times: user=0.00 sys=0.00, real=0.00 secs] 
2020-11-18T11:05:47.821-0800: 4.299: [Full GC (System.gc()) 2020-11-18T11:05:47.821-0800: 4.299: [CMS: 2773K->2775K(6848K), 0.0039779 secs] 2827K->2775K(9920K), [Metaspace: 4890K->4890K(139264K)], 0.0040469 secs] [Times: user=0.01 sys=0.00, real=0.00 secs] 
2020-11-18T11:05:47.826-0800: 4.305: [Full GC (System.gc()) 2020-11-18T11:05:47.826-0800: 4.305: [CMS: 2775K->2777K(6848K), 0.0044757 secs] 2829K->2777K(9920K), [Metaspace: 4890K->4890K(139264K)], 0.0045605 secs] [Times: user=0.00 sys=0.00, real=0.01 secs] 
2020-11-18T11:05:47.832-0800: 4.311: [Full GC (System.gc()) 2020-11-18T11:05:47.832-0800: 4.311: [CMS: 2777K->2780K(6848K), 0.0045187 secs] 2832K->2780K(9920K), [Metaspace: 4890K->4890K(139264K)], 0.0046139 secs] [Times: user=0.01 sys=0.01, real=0.00 secs] 
2020-11-18T11:05:47.838-0800: 4.317: [Full GC (System.gc()) 2020-11-18T11:05:47.839-0800: 4.317: [CMS: 2780K->2782K(6848K), 0.0041115 secs] 2834K->2782K(9920K), [Metaspace: 4890K->4890K(139264K)], 0.0041797 secs] [Times: user=0.00 sys=0.00, real=0.01 secs] 
2020-11-18T11:05:47.844-0800: 4.323: [Full GC (System.gc()) 2020-11-18T11:05:47.844-0800: 4.323: [CMS: 2782K->2785K(6848K), 0.0040357 secs] 2837K->2785K(9920K), [Metaspace: 4890K->4890K(139264K)], 0.0041117 secs] [Times: user=0.01 sys=0.00, real=0.00 secs] 
2020-11-18T11:05:47.850-0800: 4.328: [Full GC (System.gc()) 2020-11-18T11:05:47.850-0800: 4.328: [CMS: 2785K->2787K(6848K), 0.0039599 secs] 2839K->2787K(9920K), [Metaspace: 4890K->4890K(139264K)], 0.0040262 secs] [Times: user=0.00 sys=0.00, real=0.00 secs] 
2020-11-18T11:05:47.855-0800: 4.334: [Full GC (System.gc()) 2020-11-18T11:05:47.855-0800: 4.334: [CMS: 2787K->2789K(6848K), 0.0037287 secs] 2841K->2789K(9920K), [Metaspace: 4890K->4890K(139264K)], 0.0037831 secs] [Times: user=0.00 sys=0.00, real=0.00 secs] 
2020-11-18T11:05:47.860-0800: 4.339: [Full GC (System.gc()) 2020-11-18T11:05:47.860-0800: 4.339: [CMS: 2789K->2792K(6848K), 0.0038646 secs] 2844K->2792K(9920K), [Metaspace: 4890K->4890K(139264K)], 0.0039228 secs] [Times: user=0.01 sys=0.00, real=0.00 secs] 
2020-11-18T11:05:47.866-0800: 4.344: [Full GC (System.gc()) 2020-11-18T11:05:47.866-0800: 4.344: [CMS: 2792K->2795K(6848K), 0.0037522 secs] 2847K->2795K(9920K), [Metaspace: 4890K->4890K(139264K)], 0.0038125 secs] [Times: user=0.00 sys=0.00, real=0.00 secs] 
2020-11-18T11:05:47.871-0800: 4.349: [Full GC (System.gc()) 2020-11-18T11:05:47.871-0800: 4.349: [CMS: 2795K->2797K(6848K), 0.0037063 secs] 2849K->2797K(9920K), [Metaspace: 4890K->4890K(139264K)], 0.0037965 secs] [Times: user=0.01 sys=0.00, real=0.00 secs] 
2020-11-18T11:05:47.876-0800: 4.355: [Full GC (System.gc()) 2020-11-18T11:05:47.876-0800: 4.355: [CMS: 2797K->2799K(6848K), 0.0038695 secs] 2851K->2799K(9920K), [Metaspace: 4890K->4890K(139264K)], 0.0039355 secs] [Times: user=0.00 sys=0.00, real=0.01 secs] 
2020-11-18T11:05:47.881-0800: 4.360: [Full GC (System.gc()) 2020-11-18T11:05:47.881-0800: 4.360: [CMS: 2799K->2802K(6848K), 0.0039538 secs] 2854K->2802K(9920K), [Metaspace: 4890K->4890K(139264K)], 0.0040197 secs] [Times: user=0.00 sys=0.00, real=0.00 secs] 
2020-11-18T11:05:47.887-0800: 4.365: [Full GC (System.gc()) 2020-11-18T11:05:47.887-0800: 4.365: [CMS: 2802K->2804K(6848K), 0.0038562 secs] 2856K->2804K(9920K), [Metaspace: 4890K->4890K(139264K)], 0.0039202 secs] [Times: user=0.01 sys=0.00, real=0.01 secs] 
2020-11-18T11:05:47.892-0800: 4.371: [Full GC (System.gc()) 2020-11-18T11:05:47.892-0800: 4.371: [CMS: 2804K->2807K(6848K), 0.0037087 secs] 2859K->2807K(9920K), [Metaspace: 4890K->4890K(139264K)], 0.0037774 secs] [Times: user=0.00 sys=0.00, real=0.00 secs] 
2020-11-18T11:05:47.897-0800: 4.376: [Full GC (System.gc()) 2020-11-18T11:05:47.897-0800: 4.376: [CMS: 2807K->2809K(6848K), 0.0037602 secs] 2861K->2809K(9920K), [Metaspace: 4890K->4890K(139264K)], 0.0038199 secs] [Times: user=0.01 sys=0.00, real=0.01 secs] 
2020-11-18T11:05:47.902-0800: 4.381: [Full GC (System.gc()) 2020-11-18T11:05:47.902-0800: 4.381: [CMS: 2809K->2811K(6848K), 0.0037115 secs] 2863K->2811K(9920K), [Metaspace: 4890K->4890K(139264K)], 0.0037709 secs] [Times: user=0.00 sys=0.00, real=0.00 secs] 
2020-11-18T11:05:47.907-0800: 4.386: [Full GC (System.gc()) 2020-11-18T11:05:47.907-0800: 4.386: [CMS: 2811K->2814K(6848K), 0.0037475 secs] 2866K->2814K(9920K), [Metaspace: 4890K->4890K(139264K)], 0.0038067 secs] [Times: user=0.00 sys=0.00, real=0.01 secs] 
2020-11-18T11:05:47.912-0800: 4.391: [Full GC (System.gc()) 2020-11-18T11:05:47.912-0800: 4.391: [CMS: 2814K->2816K(6848K), 0.0037197 secs] 2868K->2816K(9920K), [Metaspace: 4890K->4890K(139264K)], 0.0037801 secs] [Times: user=0.01 sys=0.00, real=0.00 secs] 
2020-11-18T11:05:47.917-0800: 4.396: [Full GC (System.gc()) 2020-11-18T11:05:47.917-0800: 4.396: [CMS: 2816K->2819K(6848K), 0.0038069 secs] 2871K->2819K(9920K), [Metaspace: 4890K->4890K(139264K)], 0.0038656 secs] [Times: user=0.00 sys=0.00, real=0.01 secs] 
2020-11-18T11:05:47.923-0800: 4.401: [Full GC (System.gc()) 2020-11-18T11:05:47.923-0800: 4.401: [CMS: 2819K->2821K(6848K), 0.0037626 secs] 2873K->2821K(9920K), [Metaspace: 4890K->4890K(139264K)], 0.0038238 secs] [Times: user=0.01 sys=0.00, real=0.00 secs] 
2020-11-18T11:05:47.928-0800: 4.406: [Full GC (System.gc()) 2020-11-18T11:05:47.928-0800: 4.406: [CMS: 2821K->2824K(6848K), 0.0038161 secs] 2875K->2824K(9920K), [Metaspace: 4890K->4890K(139264K)], 0.0038787 secs] [Times: user=0.00 sys=0.00, real=0.01 secs] 
2020-11-18T11:05:47.933-0800: 4.412: [Full GC (System.gc()) 2020-11-18T11:05:47.933-0800: 4.412: [CMS: 2824K->2826K(6848K), 0.0037389 secs] 2878K->2826K(9920K), [Metaspace: 4890K->4890K(139264K)], 0.0037997 secs] [Times: user=0.00 sys=0.00, real=0.00 secs] 
2020-11-18T11:05:47.938-0800: 4.417: [Full GC (System.gc()) 2020-11-18T11:05:47.938-0800: 4.417: [CMS: 2826K->2828K(6848K), 0.0036998 secs] 2880K->2828K(9920K), [Metaspace: 4890K->4890K(139264K)], 0.0037599 secs] [Times: user=0.01 sys=0.00, real=0.01 secs] 
2020-11-18T11:05:47.943-0800: 4.422: [Full GC (System.gc()) 2020-11-18T11:05:47.943-0800: 4.422: [CMS: 2828K->2831K(6848K), 0.0038486 secs] 2883K->2831K(9920K), [Metaspace: 4890K->4890K(139264K)], 0.0039090 secs] [Times: user=0.00 sys=0.00, real=0.00 secs] 
2020-11-18T11:05:47.949-0800: 4.427: [Full GC (System.gc()) 2020-11-18T11:05:47.949-0800: 4.427: [CMS: 2831K->2833K(6848K), 0.0037217 secs] 2885K->2833K(9920K), [Metaspace: 4890K->4890K(139264K)], 0.0037861 secs] [Times: user=0.00 sys=0.00, real=0.01 secs] 
2020-11-18T11:05:47.954-0800: 4.432: [Full GC (System.gc()) 2020-11-18T11:05:47.954-0800: 4.432: [CMS: 2833K->2836K(6848K), 0.0036763 secs] 2888K->2836K(9920K), [Metaspace: 4890K->4890K(139264K)], 0.0037320 secs] [Times: user=0.01 sys=0.00, real=0.00 secs] 
2020-11-18T11:05:47.959-0800: 4.437: [Full GC (System.gc()) 2020-11-18T11:05:47.959-0800: 4.437: [CMS: 2836K->2838K(6848K), 0.0040167 secs] 2890K->2838K(9920K), [Metaspace: 4890K->4890K(139264K)], 0.0040828 secs] [Times: user=0.00 sys=0.00, real=0.01 secs] 
2020-11-18T11:05:47.964-0800: 4.443: [Full GC (System.gc()) 2020-11-18T11:05:47.964-0800: 4.443: [CMS: 2838K->2840K(6848K), 0.0040375 secs] 2892K->2840K(9920K), [Metaspace: 4890K->4890K(139264K)], 0.0041118 secs] [Times: user=0.01 sys=0.00, real=0.00 secs] 
2020-11-18T11:05:47.970-0800: 4.448: [Full GC (System.gc()) 2020-11-18T11:05:47.970-0800: 4.449: [CMS: 2840K->2843K(6848K), 0.0039275 secs] 2895K->2843K(9920K), [Metaspace: 4890K->4890K(139264K)], 0.0039898 secs] [Times: user=0.00 sys=0.00, real=0.00 secs] 
2020-11-18T11:05:47.975-0800: 4.454: [Full GC (System.gc()) 2020-11-18T11:05:47.975-0800: 4.454: [CMS: 2843K->2845K(6848K), 0.0039367 secs] 2897K->2845K(9920K), [Metaspace: 4890K->4890K(139264K)], 0.0039959 secs] [Times: user=0.00 sys=0.00, real=0.00 secs] 
2020-11-18T11:05:47.981-0800: 4.459: [Full GC (System.gc()) 2020-11-18T11:05:47.981-0800: 4.459: [CMS: 2845K->2849K(6848K), 0.0037237 secs] 2900K->2849K(9920K), [Metaspace: 4890K->4890K(139264K)], 0.0037813 secs] [Times: user=0.00 sys=0.00, real=0.00 secs] 
2020-11-18T11:05:47.986-0800: 4.464: [Full GC (System.gc()) 2020-11-18T11:05:47.986-0800: 4.465: [CMS: 2849K->2852K(6848K), 0.0038127 secs] 2904K->2852K(9920K), [Metaspace: 4890K->4890K(139264K)], 0.0038727 secs] [Times: user=0.00 sys=0.00, real=0.01 secs] 
2020-11-18T11:05:47.991-0800: 4.470: [Full GC (System.gc()) 2020-11-18T11:05:47.991-0800: 4.470: [CMS: 2852K->2854K(6848K), 0.0035696 secs] 2906K->2854K(9920K), [Metaspace: 4890K->4890K(139264K)], 0.0036258 secs] [Times: user=0.01 sys=0.00, real=0.00 secs] 
2020-11-18T11:05:47.996-0800: 4.475: [Full GC (System.gc()) 2020-11-18T11:05:47.996-0800: 4.475: [CMS: 2854K->2856K(6848K), 0.0035716 secs] 2908K->2856K(9920K), [Metaspace: 4890K->4890K(139264K)], 0.0036263 secs] [Times: user=0.00 sys=0.00, real=0.01 secs] 
2020-11-18T11:05:48.001-0800: 4.480: [Full GC (System.gc()) 2020-11-18T11:05:48.001-0800: 4.480: [CMS: 2856K->2859K(6848K), 0.0034866 secs] 2911K->2859K(9920K), [Metaspace: 4890K->4890K(139264K)], 0.0035372 secs] [Times: user=0.00 sys=0.00, real=0.00 secs] 
2020-11-18T11:05:48.006-0800: 4.485: [Full GC (System.gc()) 2020-11-18T11:05:48.006-0800: 4.485: [CMS: 2859K->2861K(6848K), 0.0034614 secs] 2913K->2861K(9920K), [Metaspace: 4890K->4890K(139264K)], 0.0035094 secs] [Times: user=0.01 sys=0.00, real=0.01 secs] 
2020-11-18T11:05:48.011-0800: 4.489: [Full GC (System.gc()) 2020-11-18T11:05:48.011-0800: 4.490: [CMS: 2861K->2864K(6848K), 0.0036484 secs] 2916K->2864K(9920K), [Metaspace: 4890K->4890K(139264K)], 0.0037031 secs] [Times: user=0.00 sys=0.00, real=0.00 secs] 
2020-11-18T11:05:48.016-0800: 4.495: [Full GC (System.gc()) 2020-11-18T11:05:48.016-0800: 4.495: [CMS: 2864K->2866K(6848K), 0.0036494 secs] 2918K->2866K(9920K), [Metaspace: 4890K->4890K(139264K)], 0.0037004 secs] [Times: user=0.00 sys=0.00, real=0.01 secs] 
2020-11-18T11:05:48.021-0800: 4.500: [Full GC (System.gc()) 2020-11-18T11:05:48.021-0800: 4.500: [CMS: 2866K->2869K(6848K), 0.0036807 secs] 2921K->2869K(9920K), [Metaspace: 4890K->4890K(139264K)], 0.0037352 secs] [Times: user=0.01 sys=0.00, real=0.00 secs] 
2020-11-18T11:05:48.026-0800: 4.505: [Full GC (System.gc()) 2020-11-18T11:05:48.026-0800: 4.505: [CMS: 2869K->2871K(6848K), 0.0039147 secs] 2923K->2871K(9920K), [Metaspace: 4890K->4890K(139264K)], 0.0039840 secs] [Times: user=0.00 sys=0.00, real=0.01 secs] 
2020-11-18T11:05:48.032-0800: 4.510: [Full GC (System.gc()) 2020-11-18T11:05:48.032-0800: 4.510: [CMS: 2871K->2873K(6848K), 0.0038190 secs] 2925K->2873K(9920K), [Metaspace: 4890K->4890K(139264K)], 0.0038907 secs] [Times: user=0.01 sys=0.00, real=0.00 secs] 
2020-11-18T11:05:48.037-0800: 4.515: [Full GC (System.gc()) 2020-11-18T11:05:48.037-0800: 4.515: [CMS: 2873K->2876K(6848K), 0.0037103 secs] 2928K->2876K(9920K), [Metaspace: 4890K->4890K(139264K)], 0.0037812 secs] [Times: user=0.00 sys=0.00, real=0.01 secs] 
2020-11-18T11:05:48.042-0800: 4.521: [Full GC (System.gc()) 2020-11-18T11:05:48.042-0800: 4.521: [CMS: 2876K->2878K(6848K), 0.0039053 secs] 2930K->2878K(9920K), [Metaspace: 4890K->4890K(139264K)], 0.0039758 secs] [Times: user=0.00 sys=0.00, real=0.00 secs] 
2020-11-18T11:05:48.048-0800: 4.526: [Full GC (System.gc()) 2020-11-18T11:05:48.048-0800: 4.526: [CMS: 2878K->2881K(6848K), 0.0038535 secs] 2933K->2881K(9920K), [Metaspace: 4890K->4890K(139264K)], 0.0039248 secs] [Times: user=0.01 sys=0.00, real=0.01 secs] 
2020-11-18T11:05:48.053-0800: 4.532: [Full GC (System.gc()) 2020-11-18T11:05:48.053-0800: 4.532: [CMS: 2881K->2883K(6848K), 0.0042033 secs] 2935K->2883K(9920K), [Metaspace: 4890K->4890K(139264K)], 0.0042815 secs] [Times: user=0.00 sys=0.00, real=0.00 secs] 
2020-11-18T11:05:48.059-0800: 4.537: [Full GC (System.gc()) 2020-11-18T11:05:48.063-0800: 4.542: [CMS: 2883K->2885K(6848K), 0.0040178 secs] 2937K->2885K(9920K), [Metaspace: 4890K->4890K(139264K)], 0.0089152 secs] [Times: user=0.01 sys=0.00, real=0.01 secs] 
2020-11-18T11:05:48.069-0800: 4.547: [Full GC (System.gc()) 2020-11-18T11:05:48.069-0800: 4.547: [CMS: 2885K->2888K(6848K), 0.0036850 secs] 2940K->2888K(9920K), [Metaspace: 4890K->4890K(139264K)], 0.0037395 secs] [Times: user=0.00 sys=0.00, real=0.01 secs] 
2020-11-18T11:05:48.074-0800: 4.552: [Full GC (System.gc()) 2020-11-18T11:05:48.074-0800: 4.552: [CMS: 2888K->2890K(6848K), 0.0033470 secs] 2942K->2890K(9920K), [Metaspace: 4890K->4890K(139264K)], 0.0033944 secs] [Times: user=0.00 sys=0.00, real=0.00 secs] 
2020-11-18T11:05:48.079-0800: 4.557: [Full GC (System.gc()) 2020-11-18T11:05:48.079-0800: 4.557: [CMS: 2890K->2893K(6848K), 0.0039424 secs] 2945K->2893K(9920K), [Metaspace: 4890K->4890K(139264K)], 0.0040170 secs] [Times: user=0.01 sys=0.00, real=0.01 secs] 
2020-11-18T11:05:48.084-0800: 4.563: [Full GC (System.gc()) 2020-11-18T11:05:48.084-0800: 4.563: [CMS: 2893K->2895K(6848K), 0.0036418 secs] 2947K->2895K(9920K), [Metaspace: 4890K->4890K(139264K)], 0.0037011 secs] [Times: user=0.00 sys=0.00, real=0.00 secs] 
2020-11-18T11:05:48.089-0800: 4.568: [Full GC (System.gc()) 2020-11-18T11:05:48.089-0800: 4.568: [CMS: 2895K->2898K(6848K), 0.0035698 secs] 2949K->2898K(9920K), [Metaspace: 4890K->4890K(139264K)], 0.0036371 secs] [Times: user=0.01 sys=0.00, real=0.01 secs] 
2020-11-18T11:05:48.094-0800: 4.573: [Full GC (System.gc()) 2020-11-18T11:05:48.094-0800: 4.573: [CMS: 2898K->2900K(6848K), 0.0039278 secs] 2952K->2900K(9920K), [Metaspace: 4890K->4890K(139264K)], 0.0039999 secs] [Times: user=0.00 sys=0.00, real=0.00 secs] 
2020-11-18T11:05:48.100-0800: 4.578: [Full GC (System.gc()) 2020-11-18T11:05:48.100-0800: 4.578: [CMS: 2900K->2902K(6848K), 0.0037758 secs] 2954K->2902K(9920K), [Metaspace: 4890K->4890K(139264K)], 0.0038474 secs] [Times: user=0.00 sys=0.00, real=0.00 secs] 
2020-11-18T11:05:48.105-0800: 4.583: [Full GC (System.gc()) 2020-11-18T11:05:48.105-0800: 4.583: [CMS: 2902K->2905K(6848K), 0.0038140 secs] 2957K->2905K(9920K), [Metaspace: 4890K->4890K(139264K)], 0.0038810 secs] [Times: user=0.01 sys=0.00, real=0.00 secs] 
2020-11-18T11:05:48.110-0800: 4.589: [Full GC (System.gc()) 2020-11-18T11:05:48.110-0800: 4.589: [CMS: 2905K->2907K(6848K), 0.0037551 secs] 2959K->2907K(9920K), [Metaspace: 4890K->4890K(139264K)], 0.0038191 secs] [Times: user=0.00 sys=0.00, real=0.00 secs] 
2020-11-18T11:05:48.115-0800: 4.594: [Full GC (System.gc()) 2020-11-18T11:05:48.115-0800: 4.594: [CMS: 2907K->2910K(6848K), 0.0034220 secs] 2962K->2910K(9920K), [Metaspace: 4890K->4890K(139264K)], 0.0034690 secs] [Times: user=0.01 sys=0.00, real=0.00 secs] 
2020-11-18T11:05:48.120-0800: 4.599: [Full GC (System.gc()) 2020-11-18T11:05:48.120-0800: 4.599: [CMS: 2910K->2912K(6848K), 0.0033054 secs] 2964K->2912K(9920K), [Metaspace: 4890K->4890K(139264K)], 0.0033540 secs] [Times: user=0.00 sys=0.00, real=0.00 secs] 
2020-11-18T11:05:48.125-0800: 4.603: [Full GC (System.gc()) 2020-11-18T11:05:48.125-0800: 4.604: [CMS: 2912K->2914K(6848K), 0.0031926 secs] 2966K->2914K(9920K), [Metaspace: 4890K->4890K(139264K)], 0.0032357 secs] [Times: user=0.00 sys=0.00, real=0.00 secs] 
2020-11-18T11:05:48.130-0800: 4.608: [Full GC (System.gc()) 2020-11-18T11:05:48.130-0800: 4.608: [CMS: 2914K->2917K(6848K), 0.0031289 secs] 2969K->2917K(9920K), [Metaspace: 4890K->4890K(139264K)], 0.0031717 secs] [Times: user=0.01 sys=0.00, real=0.00 secs] 
2020-11-18T11:05:48.134-0800: 4.613: [Full GC (System.gc()) 2020-11-18T11:05:48.134-0800: 4.613: [CMS: 2917K->2919K(6848K), 0.0035857 secs] 2971K->2919K(9920K), [Metaspace: 4890K->4890K(139264K)], 0.0036567 secs] [Times: user=0.00 sys=0.00, real=0.00 secs] 
2020-11-18T11:05:48.139-0800: 4.618: [Full GC (System.gc()) 2020-11-18T11:05:48.139-0800: 4.618: [CMS: 2919K->2922K(6848K), 0.0039044 secs] 2974K->2922K(9920K), [Metaspace: 4890K->4890K(139264K)], 0.0039720 secs] [Times: user=0.00 sys=0.00, real=0.01 secs] 
2020-11-18T11:05:48.145-0800: 4.623: [Full GC (System.gc()) 2020-11-18T11:05:48.145-0800: 4.623: [CMS: 2922K->2924K(6848K), 0.0042144 secs] 2976K->2924K(9920K), [Metaspace: 4890K->4890K(139264K)], 0.0042961 secs] [Times: user=0.01 sys=0.00, real=0.00 secs] 
2020-11-18T11:05:48.150-0800: 4.629: [Full GC (System.gc()) 2020-11-18T11:05:48.150-0800: 4.629: [CMS: 2924K->2927K(6848K), 0.0038666 secs] 2978K->2927K(9920K), [Metaspace: 4890K->4890K(139264K)], 0.0039445 secs] [Times: user=0.00 sys=0.00, real=0.00 secs] 
2020-11-18T11:05:48.156-0800: 4.634: [Full GC (System.gc()) 2020-11-18T11:05:48.156-0800: 4.634: [CMS: 2927K->2929K(6848K), 0.0038774 secs] 2981K->2929K(9920K), [Metaspace: 4890K->4890K(139264K)], 0.0039428 secs] [Times: user=0.01 sys=0.00, real=0.01 secs] 
2020-11-18T11:05:48.161-0800: 4.639: [Full GC (System.gc()) 2020-11-18T11:05:48.161-0800: 4.639: [CMS: 2929K->2931K(6848K), 0.0034214 secs] 2983K->2931K(9920K), [Metaspace: 4890K->4890K(139264K)], 0.0034720 secs] [Times: user=0.00 sys=0.00, real=0.00 secs] 
2020-11-18T11:05:48.166-0800: 4.644: [Full GC (System.gc()) 2020-11-18T11:05:48.166-0800: 4.644: [CMS: 2931K->2934K(6848K), 0.0034249 secs] 2986K->2934K(9920K), [Metaspace: 4890K->4890K(139264K)], 0.0034696 secs] [Times: user=0.00 sys=0.00, real=0.00 secs] 
2020-11-18T11:05:48.170-0800: 4.649: [Full GC (System.gc()) 2020-11-18T11:05:48.170-0800: 4.649: [CMS: 2934K->2936K(6848K), 0.0033063 secs] 2988K->2936K(9920K), [Metaspace: 4890K->4890K(139264K)], 0.0033510 secs] [Times: user=0.01 sys=0.00, real=0.00 secs] 
2020-11-18T11:05:48.175-0800: 4.654: [Full GC (System.gc()) 2020-11-18T11:05:48.175-0800: 4.654: [CMS: 2936K->2939K(6848K), 0.0032333 secs] 2991K->2939K(9920K), [Metaspace: 4890K->4890K(139264K)], 0.0039304 secs] [Times: user=0.00 sys=0.00, real=0.00 secs] 
2020-11-18T11:05:48.180-0800: 4.659: [Full GC (System.gc()) 2020-11-18T11:05:48.180-0800: 4.659: [CMS: 2939K->2941K(6848K), 0.0030352 secs] 2993K->2941K(9920K), [Metaspace: 4890K->4890K(139264K)], 0.0030738 secs] [Times: user=0.00 sys=0.00, real=0.00 secs] 
2020-11-18T11:05:48.185-0800: 4.663: [Full GC (System.gc()) 2020-11-18T11:05:48.185-0800: 4.663: [CMS: 2941K->2943K(6848K), 0.0034149 secs] 2995K->2943K(9920K), [Metaspace: 4890K->4890K(139264K)], 0.0034807 secs] [Times: user=0.01 sys=0.00, real=0.00 secs] 
2020-11-18T11:05:48.190-0800: 4.668: [Full GC (System.gc()) 2020-11-18T11:05:48.190-0800: 4.668: [CMS: 2943K->2946K(6848K), 0.0035514 secs] 2998K->2946K(9920K), [Metaspace: 4890K->4890K(139264K)], 0.0036247 secs] [Times: user=0.00 sys=0.00, real=0.00 secs] 
2020-11-18T11:05:48.195-0800: 4.673: [Full GC (System.gc()) 2020-11-18T11:05:48.195-0800: 4.673: [CMS: 2946K->2948K(6848K), 0.0037424 secs] 3000K->2948K(9920K), [Metaspace: 4890K->4890K(139264K)], 0.0038124 secs] [Times: user=0.00 sys=0.00, real=0.00 secs] 
2020-11-18T11:05:48.200-0800: 4.678: [Full GC (System.gc()) 2020-11-18T11:05:48.200-0800: 4.678: [CMS: 2948K->2951K(6848K), 0.0037315 secs] 3003K->2951K(9920K), [Metaspace: 4890K->4890K(139264K)], 0.0038053 secs] [Times: user=0.01 sys=0.00, real=0.00 secs] 
2020-11-18T11:05:48.205-0800: 4.683: [Full GC (System.gc()) 2020-11-18T11:05:48.205-0800: 4.683: [CMS: 2951K->2953K(6848K), 0.0032998 secs] 3005K->2953K(9920K), [Metaspace: 4890K->4890K(139264K)], 0.0033442 secs] [Times: user=0.00 sys=0.00, real=0.00 secs] 
2020-11-18T11:05:48.209-0800: 4.688: [Full GC (System.gc()) 2020-11-18T11:05:48.209-0800: 4.688: [CMS: 2953K->2955K(6848K), 0.0038350 secs] 3007K->2955K(9920K), [Metaspace: 4890K->4890K(139264K)], 0.0039074 secs] [Times: user=0.00 sys=0.01, real=0.01 secs] 
2020-11-18T11:05:48.214-0800: 4.693: [Full GC (System.gc()) 2020-11-18T11:05:48.215-0800: 4.693: [CMS: 2955K->2958K(6848K), 0.0037244 secs] 3010K->2958K(9920K), [Metaspace: 4890K->4890K(139264K)], 0.0037897 secs] [Times: user=0.01 sys=0.00, real=0.00 secs] 
2020-11-18T11:05:48.219-0800: 4.698: [Full GC (System.gc()) 2020-11-18T11:05:48.220-0800: 4.698: [CMS: 2958K->2960K(6848K), 0.0035836 secs] 3012K->2960K(9920K), [Metaspace: 4890K->4890K(139264K)], 0.0036361 secs] [Times: user=0.00 sys=0.00, real=0.01 secs] 
2020-11-18T11:05:48.225-0800: 4.703: [Full GC (System.gc()) 2020-11-18T11:05:48.225-0800: 4.703: [CMS: 2960K->2963K(6848K), 0.0038662 secs] 3015K->2963K(9920K), [Metaspace: 4890K->4890K(139264K)], 0.0039438 secs] [Times: user=0.01 sys=0.00, real=0.00 secs] 
2020-11-18T11:05:48.230-0800: 4.708: [Full GC (System.gc()) 2020-11-18T11:05:48.230-0800: 4.708: [CMS: 2963K->2965K(6848K), 0.0033322 secs] 3017K->2965K(9920K), [Metaspace: 4890K->4890K(139264K)], 0.0033810 secs] [Times: user=0.00 sys=0.00, real=0.00 secs] 
2020-11-18T11:05:48.234-0800: 4.713: [Full GC (System.gc()) 2020-11-18T11:05:48.234-0800: 4.713: [CMS: 2965K->2968K(6848K), 0.0032684 secs] 3020K->2968K(9920K), [Metaspace: 4890K->4890K(139264K)], 0.0033176 secs] [Times: user=0.00 sys=0.00, real=0.00 secs] 
2020-11-18T11:05:48.239-0800: 4.718: [Full GC (System.gc()) 2020-11-18T11:05:48.239-0800: 4.718: [CMS: 2968K->2970K(6848K), 0.0033091 secs] 3022K->2970K(9920K), [Metaspace: 4890K->4890K(139264K)], 0.0033529 secs] [Times: user=0.01 sys=0.00, real=0.01 secs] 
2020-11-18T11:05:48.244-0800: 4.722: [Full GC (System.gc()) 2020-11-18T11:05:48.244-0800: 4.722: [CMS: 2970K->2972K(6848K), 0.0037917 secs] 3024K->2972K(9920K), [Metaspace: 4890K->4890K(139264K)], 0.0038600 secs] [Times: user=0.00 sys=0.00, real=0.00 secs] 
2020-11-18T11:05:48.249-0800: 4.727: [Full GC (System.gc()) 2020-11-18T11:05:48.249-0800: 4.728: [CMS: 2972K->2975K(6848K), 0.0038227 secs] 3027K->2975K(9920K), [Metaspace: 4890K->4890K(139264K)], 0.0038910 secs] [Times: user=0.00 sys=0.00, real=0.01 secs] 
2020-11-18T11:05:48.254-0800: 4.733: [Full GC (System.gc()) 2020-11-18T11:05:48.254-0800: 4.733: [CMS: 2975K->2977K(6848K), 0.0037586 secs] 3029K->2977K(9920K), [Metaspace: 4890K->4890K(139264K)], 0.0038314 secs] [Times: user=0.01 sys=0.00, real=0.00 secs] 
2020-11-18T11:05:48.260-0800: 4.738: [Full GC (System.gc()) 2020-11-18T11:05:48.260-0800: 4.738: [CMS: 2977K->2980K(6848K), 0.0038863 secs] 3032K->2980K(9920K), [Metaspace: 4890K->4890K(139264K)], 0.0039599 secs] [Times: user=0.00 sys=0.00, real=0.00 secs] 
2020-11-18T11:05:48.265-0800: 4.744: [Full GC (System.gc()) 2020-11-18T11:05:48.265-0800: 4.744: [CMS: 2980K->2982K(6848K), 0.0038473 secs] 3034K->2982K(9920K), [Metaspace: 4890K->4890K(139264K)], 0.0039163 secs] [Times: user=0.01 sys=0.00, real=0.00 secs] 
2020-11-18T11:05:48.270-0800: 4.749: [Full GC (System.gc()) 2020-11-18T11:05:48.270-0800: 4.749: [CMS: 2982K->2984K(6848K), 0.0039036 secs] 3036K->2984K(9920K), [Metaspace: 4890K->4890K(139264K)], 0.0039746 secs] [Times: user=0.00 sys=0.00, real=0.00 secs] 
2020-11-18T11:05:48.276-0800: 4.754: [Full GC (System.gc()) 2020-11-18T11:05:48.276-0800: 4.754: [CMS: 2984K->2987K(6848K), 0.0038965 secs] 3039K->2987K(9920K), [Metaspace: 4890K->4890K(139264K)], 0.0039582 secs] [Times: user=0.00 sys=0.00, real=0.01 secs] 
2020-11-18T11:05:48.281-0800: 4.760: [Full GC (System.gc()) 2020-11-18T11:05:48.281-0800: 4.760: [CMS: 2987K->2989K(6848K), 0.0034851 secs] 3041K->2989K(9920K), [Metaspace: 4890K->4890K(139264K)], 0.0035374 secs] [Times: user=0.01 sys=0.00, real=0.00 secs] 
2020-11-18T11:05:48.286-0800: 4.765: [Full GC (System.gc()) 2020-11-18T11:05:48.286-0800: 4.765: [CMS: 2989K->2992K(6848K), 0.0040872 secs] 3044K->2992K(9920K), [Metaspace: 4890K->4890K(139264K)], 0.0041664 secs] [Times: user=0.00 sys=0.00, real=0.01 secs] 
2020-11-18T11:05:48.292-0800: 4.770: [Full GC (System.gc()) 2020-11-18T11:05:48.292-0800: 4.770: [CMS: 2992K->2994K(6848K), 0.0040201 secs] 3046K->2994K(9920K), [Metaspace: 4890K->4890K(139264K)], 0.0041016 secs] [Times: user=0.01 sys=0.00, real=0.00 secs] 
2020-11-18T11:05:48.297-0800: 4.776: [Full GC (System.gc()) 2020-11-18T11:05:48.297-0800: 4.776: [CMS: 2994K->2997K(6848K), 0.0039921 secs] 3048K->2997K(9920K), [Metaspace: 4890K->4890K(139264K)], 0.0040505 secs] [Times: user=0.00 sys=0.00, real=0.01 secs] 
2020-11-18T11:05:48.302-0800: 4.781: [Full GC (System.gc()) 2020-11-18T11:05:48.302-0800: 4.781: [CMS: 2997K->2999K(6848K), 0.0035138 secs] 3051K->2999K(9920K), [Metaspace: 4890K->4890K(139264K)], 0.0035641 secs] [Times: user=0.00 sys=0.00, real=0.00 secs] 
2020-11-18T11:05:48.307-0800: 4.786: [Full GC (System.gc()) 2020-11-18T11:05:48.307-0800: 4.786: [CMS: 2999K->3001K(6848K), 0.0031984 secs] 3053K->3001K(9920K), [Metaspace: 4890K->4890K(139264K)], 0.0032418 secs] [Times: user=0.01 sys=0.00, real=0.01 secs] 
2020-11-18T11:05:48.312-0800: 4.790: [Full GC (System.gc()) 2020-11-18T11:05:48.312-0800: 4.790: [CMS: 3001K->3004K(6848K), 0.0032521 secs] 3056K->3004K(9920K), [Metaspace: 4890K->4890K(139264K)], 0.0032957 secs] [Times: user=0.00 sys=0.00, real=0.00 secs] 
2020-11-18T11:05:48.316-0800: 4.795: [Full GC (System.gc()) 2020-11-18T11:05:48.316-0800: 4.795: [CMS: 3004K->3006K(6848K), 0.0031043 secs] 3058K->3006K(9920K), [Metaspace: 4890K->4890K(139264K)], 0.0031462 secs] [Times: user=0.00 sys=0.00, real=0.00 secs] 
2020-11-18T11:05:48.321-0800: 4.799: [Full GC (System.gc()) 2020-11-18T11:05:48.321-0800: 4.799: [CMS: 3006K->3009K(6848K), 0.0037632 secs] 3061K->3009K(9920K), [Metaspace: 4890K->4890K(139264K)], 0.0038293 secs] [Times: user=0.01 sys=0.00, real=0.00 secs] 
2020-11-18T11:05:48.326-0800: 4.805: [Full GC (System.gc()) 2020-11-18T11:05:48.326-0800: 4.805: [CMS: 3009K->3011K(6848K), 0.0036250 secs] 3063K->3011K(9920K), [Metaspace: 4890K->4890K(139264K)], 0.0036977 secs] [Times: user=0.00 sys=0.00, real=0.01 secs] 
2020-11-18T11:05:48.331-0800: 4.810: [Full GC (System.gc()) 2020-11-18T11:05:48.331-0800: 4.810: [CMS: 3011K->3013K(6848K), 0.0038541 secs] 3065K->3013K(9920K), [Metaspace: 4890K->4890K(139264K)], 0.0039261 secs] [Times: user=0.01 sys=0.00, real=0.00 secs] 
2020-11-18T11:05:48.337-0800: 4.815: [Full GC (System.gc()) 2020-11-18T11:05:48.337-0800: 4.815: [CMS: 3013K->3016K(6848K), 0.0039082 secs] 3068K->3016K(9920K), [Metaspace: 4890K->4890K(139264K)], 0.0039798 secs] [Times: user=0.00 sys=0.00, real=0.01 secs] 
2020-11-18T11:05:48.342-0800: 4.820: [Full GC (System.gc()) 2020-11-18T11:05:48.342-0800: 4.820: [CMS: 3016K->3018K(6848K), 0.0037103 secs] 3070K->3018K(9920K), [Metaspace: 4890K->4890K(139264K)], 0.0037814 secs] [Times: user=0.00 sys=0.00, real=0.00 secs] 
2020-11-18T11:05:48.347-0800: 4.826: [Full GC (System.gc()) 2020-11-18T11:05:48.347-0800: 4.826: [CMS: 3018K->3021K(6848K), 0.0038738 secs] 3073K->3021K(9920K), [Metaspace: 4890K->4890K(139264K)], 0.0039483 secs] [Times: user=0.01 sys=0.00, real=0.01 secs] 
2020-11-18T11:05:48.352-0800: 4.831: [Full GC (System.gc()) 2020-11-18T11:05:48.352-0800: 4.831: [CMS: 3021K->3023K(6848K), 0.0037797 secs] 3075K->3023K(9920K), [Metaspace: 4890K->4890K(139264K)], 0.0038512 secs] [Times: user=0.00 sys=0.00, real=0.00 secs] 
2020-11-18T11:05:48.358-0800: 4.836: [Full GC (System.gc()) 2020-11-18T11:05:48.358-0800: 4.836: [CMS: 3023K->3025K(6848K), 0.0036893 secs] 3077K->3025K(9920K), [Metaspace: 4890K->4890K(139264K)], 0.0037596 secs] [Times: user=0.01 sys=0.00, real=0.01 secs] 
2020-11-18T11:05:48.363-0800: 4.841: [Full GC (System.gc()) 2020-11-18T11:05:48.363-0800: 4.841: [CMS: 3025K->3028K(6848K), 0.0038571 secs] 3080K->3028K(9920K), [Metaspace: 4890K->4890K(139264K)], 0.0039288 secs] [Times: user=0.00 sys=0.00, real=0.00 secs] 
2020-11-18T11:05:48.368-0800: 4.847: [Full GC (System.gc()) 2020-11-18T11:05:48.368-0800: 4.847: [CMS: 3028K->3030K(6848K), 0.0037463 secs] 3082K->3030K(9920K), [Metaspace: 4890K->4890K(139264K)], 0.0038165 secs] [Times: user=0.00 sys=0.00, real=0.01 secs] 
2020-11-18T11:05:48.373-0800: 4.852: [Full GC (System.gc()) 2020-11-18T11:05:48.373-0800: 4.852: [CMS: 3030K->3033K(6848K), 0.0037696 secs] 3085K->3033K(9920K), [Metaspace: 4890K->4890K(139264K)], 0.0038445 secs] [Times: user=0.01 sys=0.00, real=0.00 secs] 
2020-11-18T11:05:48.379-0800: 4.857: [Full GC (System.gc()) 2020-11-18T11:05:48.379-0800: 4.857: [CMS: 3033K->3035K(6848K), 0.0039307 secs] 3087K->3035K(9920K), [Metaspace: 4890K->4890K(139264K)], 0.0040020 secs] [Times: user=0.00 sys=0.00, real=0.01 secs] 
2020-11-18T11:05:48.384-0800: 4.863: [Full GC (System.gc()) 2020-11-18T11:05:48.384-0800: 4.863: [CMS: 3035K->3038K(6848K), 0.0037593 secs] 3090K->3038K(9920K), [Metaspace: 4890K->4890K(139264K)], 0.0038322 secs] [Times: user=0.01 sys=0.00, real=0.00 secs] 
2020-11-18T11:05:48.389-0800: 4.868: [Full GC (System.gc()) 2020-11-18T11:05:48.389-0800: 4.868: [CMS: 3038K->3040K(6848K), 0.0038883 secs] 3092K->3040K(9920K), [Metaspace: 4890K->4890K(139264K)], 0.0039588 secs] [Times: user=0.00 sys=0.00, real=0.01 secs] 
2020-11-18T11:05:48.395-0800: 4.873: [Full GC (System.gc()) 2020-11-18T11:05:48.395-0800: 4.873: [CMS: 3040K->3042K(6848K), 0.0038177 secs] 3094K->3042K(9920K), [Metaspace: 4890K->4890K(139264K)], 0.0038940 secs] [Times: user=0.00 sys=0.00, real=0.00 secs] 
2020-11-18T11:05:48.400-0800: 4.879: [Full GC (System.gc()) 2020-11-18T11:05:48.400-0800: 4.879: [CMS: 3042K->3045K(6848K), 0.0037627 secs] 3097K->3045K(9920K), [Metaspace: 4890K->4890K(139264K)], 0.0038355 secs] [Times: user=0.01 sys=0.00, real=0.00 secs] 
2020-11-18T11:05:48.405-0800: 4.884: [Full GC (System.gc()) 2020-11-18T11:05:48.405-0800: 4.884: [CMS: 3045K->3047K(6848K), 0.0038618 secs] 3099K->3047K(9920K), [Metaspace: 4890K->4890K(139264K)], 0.0039355 secs] [Times: user=0.00 sys=0.00, real=0.00 secs] 
2020-11-18T11:05:48.411-0800: 4.889: [Full GC (System.gc()) 2020-11-18T11:05:48.411-0800: 4.889: [CMS: 3047K->3050K(6848K), 0.0040353 secs] 3102K->3050K(9920K), [Metaspace: 4890K->4890K(139264K)], 0.0041055 secs] [Times: user=0.01 sys=0.00, real=0.00 secs] 
2020-11-18T11:05:48.416-0800: 4.895: [Full GC (System.gc()) 2020-11-18T11:05:48.416-0800: 4.895: [CMS: 3050K->3052K(6848K), 0.0037093 secs] 3104K->3052K(9920K), [Metaspace: 4890K->4890K(139264K)], 0.0037795 secs] [Times: user=0.00 sys=0.00, real=0.01 secs] 
2020-11-18T11:05:48.421-0800: 4.900: [Full GC (System.gc()) 2020-11-18T11:05:48.421-0800: 4.900: [CMS: 3052K->3054K(6848K), 0.0033781 secs] 3106K->3054K(9920K), [Metaspace: 4890K->4890K(139264K)], 0.0034297 secs] [Times: user=0.00 sys=0.00, real=0.00 secs] 
2020-11-18T11:05:48.426-0800: 4.904: [Full GC (System.gc()) 2020-11-18T11:05:48.426-0800: 4.905: [CMS: 3054K->3057K(6848K), 0.0040185 secs] 3109K->3057K(9920K), [Metaspace: 4890K->4890K(139264K)], 0.0040995 secs] [Times: user=0.01 sys=0.00, real=0.01 secs] 
2020-11-18T11:05:48.431-0800: 4.910: [Full GC (System.gc()) 2020-11-18T11:05:48.431-0800: 4.910: [CMS: 3057K->3059K(6848K), 0.0039674 secs] 3111K->3059K(9920K), [Metaspace: 4890K->4890K(139264K)], 0.0040387 secs] [Times: user=0.00 sys=0.00, real=0.00 secs] 
2020-11-18T11:05:48.437-0800: 4.916: [Full GC (System.gc()) 2020-11-18T11:05:48.437-0800: 4.916: [CMS: 3059K->3062K(6848K), 0.0040408 secs] 3114K->3062K(9920K), [Metaspace: 4890K->4890K(139264K)], 0.0041157 secs] [Times: user=0.01 sys=0.00, real=0.01 secs] 
2020-11-18T11:05:48.442-0800: 4.921: [Full GC (System.gc()) 2020-11-18T11:05:48.442-0800: 4.921: [CMS: 3062K->3064K(6848K), 0.0038114 secs] 3116K->3064K(9920K), [Metaspace: 4890K->4890K(139264K)], 0.0038852 secs] [Times: user=0.00 sys=0.00, real=0.00 secs] 
2020-11-18T11:05:48.448-0800: 4.926: [Full GC (System.gc()) 2020-11-18T11:05:48.448-0800: 4.926: [CMS: 3064K->3067K(6848K), 0.0039750 secs] 3118K->3067K(9920K), [Metaspace: 4890K->4890K(139264K)], 0.0040504 secs] [Times: user=0.00 sys=0.00, real=0.01 secs] 
2020-11-18T11:05:48.453-0800: 4.932: [Full GC (System.gc()) 2020-11-18T11:05:48.453-0800: 4.932: [CMS: 3067K->3069K(6848K), 0.0039803 secs] 3121K->3069K(9920K), [Metaspace: 4890K->4890K(139264K)], 0.0040558 secs] [Times: user=0.01 sys=0.00, real=0.00 secs] 
2020-11-18T11:05:48.459-0800: 4.937: [Full GC (System.gc()) 2020-11-18T11:05:48.459-0800: 4.937: [CMS: 3069K->3071K(6848K), 0.0038841 secs] 3123K->3071K(9920K), [Metaspace: 4890K->4890K(139264K)], 0.0039595 secs] [Times: user=0.00 sys=0.00, real=0.01 secs] 
2020-11-18T11:05:48.464-0800: 4.943: [Full GC (System.gc()) 2020-11-18T11:05:48.464-0800: 4.943: [CMS: 3071K->3074K(6848K), 0.0038412 secs] 3126K->3074K(9920K), [Metaspace: 4890K->4890K(139264K)], 0.0039120 secs] [Times: user=0.01 sys=0.00, real=0.00 secs] 
2020-11-18T11:05:48.470-0800: 4.948: [Full GC (System.gc()) 2020-11-18T11:05:48.470-0800: 4.948: [CMS: 3074K->3076K(6848K), 0.0037684 secs] 3128K->3076K(9920K), [Metaspace: 4890K->4890K(139264K)], 0.0038373 secs] [Times: user=0.00 sys=0.00, real=0.00 secs] 
2020-11-18T11:05:48.475-0800: 4.953: [Full GC (System.gc()) 2020-11-18T11:05:48.475-0800: 4.953: [CMS: 3076K->3079K(6848K), 0.0038167 secs] 3131K->3079K(9920K), [Metaspace: 4890K->4890K(139264K)], 0.0038857 secs] [Times: user=0.00 sys=0.00, real=0.00 secs] 
2020-11-18T11:05:48.480-0800: 4.959: [Full GC (System.gc()) 2020-11-18T11:05:48.480-0800: 4.959: [CMS: 3079K->3081K(6848K), 0.0040620 secs] 3133K->3081K(9920K), [Metaspace: 4890K->4890K(139264K)], 0.0041373 secs] [Times: user=0.01 sys=0.00, real=0.00 secs] 
2020-11-18T11:05:48.486-0800: 4.964: [Full GC (System.gc()) 2020-11-18T11:05:48.486-0800: 4.964: [CMS: 3081K->3083K(6848K), 0.0039689 secs] 3135K->3083K(9920K), [Metaspace: 4890K->4890K(139264K)], 0.0040478 secs] [Times: user=0.00 sys=0.00, real=0.01 secs] 
2020-11-18T11:05:48.491-0800: 4.970: [Full GC (System.gc()) 2020-11-18T11:05:48.491-0800: 4.970: [CMS: 3083K->3086K(6848K), 0.0036796 secs] 3138K->3086K(9920K), [Metaspace: 4890K->4890K(139264K)], 0.0037519 secs] [Times: user=0.01 sys=0.00, real=0.00 secs] 
2020-11-18T11:05:48.496-0800: 4.975: [Full GC (System.gc()) 2020-11-18T11:05:48.496-0800: 4.975: [CMS: 3086K->3088K(6848K), 0.0039846 secs] 3140K->3088K(9920K), [Metaspace: 4890K->4890K(139264K)], 0.0040628 secs] [Times: user=0.00 sys=0.00, real=0.01 secs] 
2020-11-18T11:05:48.502-0800: 4.980: [Full GC (System.gc()) 2020-11-18T11:05:48.502-0800: 4.980: [CMS: 3088K->3091K(6848K), 0.0033229 secs] 3143K->3091K(9920K), [Metaspace: 4890K->4890K(139264K)], 0.0033721 secs] [Times: user=0.00 sys=0.00, real=0.00 secs] 
2020-11-18T11:05:48.506-0800: 4.985: [Full GC (System.gc()) 2020-11-18T11:05:48.506-0800: 4.985: [CMS: 3091K->3093K(6848K), 0.0035826 secs] 3145K->3093K(9920K), [Metaspace: 4890K->4890K(139264K)], 0.0036317 secs] [Times: user=0.00 sys=0.00, real=0.01 secs] 
2020-11-18T11:05:48.511-0800: 4.990: [Full GC (System.gc()) 2020-11-18T11:05:48.511-0800: 4.990: [CMS: 3093K->3095K(6848K), 0.0034720 secs] 3147K->3095K(9920K), [Metaspace: 4890K->4890K(139264K)], 0.0035212 secs] [Times: user=0.01 sys=0.00, real=0.00 secs] 
2020-11-18T11:05:48.516-0800: 4.995: [Full GC (System.gc()) 2020-11-18T11:05:48.516-0800: 4.995: [CMS: 3095K->3098K(6848K), 0.0032876 secs] 3150K->3098K(9920K), [Metaspace: 4890K->4890K(139264K)], 0.0033346 secs] [Times: user=0.01 sys=0.00, real=0.01 secs] 
2020-11-18T11:05:48.521-0800: 5.000: [Full GC (System.gc()) 2020-11-18T11:05:48.521-0800: 5.000: [CMS: 3098K->3100K(6848K), 0.0037516 secs] 3152K->3100K(9920K), [Metaspace: 4890K->4890K(139264K)], 0.0038188 secs] [Times: user=0.00 sys=0.00, real=0.00 secs] 
2020-11-18T11:05:48.526-0800: 5.005: [Full GC (System.gc()) 2020-11-18T11:05:48.527-0800: 5.005: [CMS: 3100K->3103K(6848K), 0.0037621 secs] 3155K->3103K(9920K), [Metaspace: 4890K->4890K(139264K)], 0.0038347 secs] [Times: user=0.00 sys=0.00, real=0.01 secs] 
2020-11-18T11:05:48.532-0800: 5.010: [Full GC (System.gc()) 2020-11-18T11:05:48.532-0800: 5.010: [CMS: 3103K->3105K(6848K), 0.0037960 secs] 3157K->3105K(9920K), [Metaspace: 4890K->4890K(139264K)], 0.0038670 secs] [Times: user=0.01 sys=0.00, real=0.00 secs] 
2020-11-18T11:05:48.537-0800: 5.016: [Full GC (System.gc()) 2020-11-18T11:05:48.537-0800: 5.016: [CMS: 3105K->3108K(6848K), 0.0037989 secs] 3160K->3108K(9920K), [Metaspace: 4890K->4890K(139264K)], 0.0038701 secs] [Times: user=0.00 sys=0.00, real=0.01 secs] 
2020-11-18T11:05:48.542-0800: 5.021: [Full GC (System.gc()) 2020-11-18T11:05:48.542-0800: 5.021: [CMS: 3108K->3110K(6848K), 0.0039191 secs] 3162K->3110K(9920K), [Metaspace: 4890K->4890K(139264K)], 0.0039938 secs] [Times: user=0.01 sys=0.00, real=0.00 secs] 
2020-11-18T11:05:48.548-0800: 5.026: [Full GC (System.gc()) 2020-11-18T11:05:48.548-0800: 5.026: [CMS: 3110K->3112K(6848K), 0.0040471 secs] 3164K->3112K(9920K), [Metaspace: 4890K->4890K(139264K)], 0.0041266 secs] [Times: user=0.00 sys=0.00, real=0.01 secs] 
2020-11-18T11:05:48.553-0800: 5.032: [Full GC (System.gc()) 2020-11-18T11:05:48.553-0800: 5.032: [CMS: 3112K->3115K(6848K), 0.0038208 secs] 3167K->3115K(9920K), [Metaspace: 4890K->4890K(139264K)], 0.0038952 secs] [Times: user=0.00 sys=0.00, real=0.00 secs] 
2020-11-18T11:05:48.559-0800: 5.037: [Full GC (System.gc()) 2020-11-18T11:05:48.559-0800: 5.037: [CMS: 3115K->3117K(6848K), 0.0037637 secs] 3169K->3117K(9920K), [Metaspace: 4890K->4890K(139264K)], 0.0038367 secs] [Times: user=0.01 sys=0.00, real=0.01 secs] 
2020-11-18T11:05:48.564-0800: 5.043: [Full GC (System.gc()) 2020-11-18T11:05:48.564-0800: 5.043: [CMS: 3117K->3120K(6848K), 0.0037389 secs] 3172K->3120K(9920K), [Metaspace: 4890K->4890K(139264K)], 0.0038086 secs] [Times: user=0.00 sys=0.00, real=0.00 secs] 
2020-11-18T11:05:48.569-0800: 5.048: [Full GC (System.gc()) 2020-11-18T11:05:48.569-0800: 5.048: [CMS: 3120K->3122K(6848K), 0.0037188 secs] 3174K->3122K(9920K), [Metaspace: 4890K->4890K(139264K)], 0.0037888 secs] [Times: user=0.01 sys=0.00, real=0.01 secs] 
2020-11-18T11:05:48.574-0800: 5.053: [Full GC (System.gc()) 2020-11-18T11:05:48.574-0800: 5.053: [CMS: 3122K->3124K(6848K), 0.0039724 secs] 3176K->3124K(9920K), [Metaspace: 4890K->4890K(139264K)], 0.0040497 secs] [Times: user=0.00 sys=0.00, real=0.00 secs] 
2020-11-18T11:05:48.580-0800: 5.058: [Full GC (System.gc()) 2020-11-18T11:05:48.580-0800: 5.058: [CMS: 3124K->3127K(6848K), 0.0039103 secs] 3179K->3127K(9920K), [Metaspace: 4890K->4890K(139264K)], 0.0039698 secs] [Times: user=0.00 sys=0.00, real=0.00 secs] 
2020-11-18T11:05:48.585-0800: 5.063: [Full GC (System.gc()) 2020-11-18T11:05:48.585-0800: 5.064: [CMS: 3127K->3129K(6848K), 0.0037341 secs] 3181K->3129K(9920K), [Metaspace: 4890K->4890K(139264K)], 0.0037858 secs] [Times: user=0.01 sys=0.00, real=0.00 secs] 
2020-11-18T11:05:48.590-0800: 5.069: [Full GC (System.gc()) 2020-11-18T11:05:48.590-0800: 5.069: [CMS: 3129K->3132K(6848K), 0.0035303 secs] 3184K->3132K(9920K), [Metaspace: 4890K->4890K(139264K)], 0.0035840 secs] [Times: user=0.00 sys=0.00, real=0.00 secs] 
2020-11-18T11:05:48.595-0800: 5.073: [Full GC (System.gc()) 2020-11-18T11:05:48.595-0800: 5.073: [CMS: 3132K->3134K(6848K), 0.0034813 secs] 3186K->3134K(9920K), [Metaspace: 4890K->4890K(139264K)], 0.0035295 secs] [Times: user=0.01 sys=0.00, real=0.00 secs] 
2020-11-18T11:05:48.600-0800: 5.078: [Full GC (System.gc()) 2020-11-18T11:05:48.600-0800: 5.078: [CMS: 3134K->3137K(6848K), 0.0032082 secs] 3189K->3137K(9920K), [Metaspace: 4890K->4890K(139264K)], 0.0032503 secs] [Times: user=0.00 sys=0.00, real=0.00 secs] 
2020-11-18T11:05:48.604-0800: 5.083: [Full GC (System.gc()) 2020-11-18T11:05:48.604-0800: 5.083: [CMS: 3137K->3139K(6848K), 0.0030012 secs] 3191K->3139K(9920K), [Metaspace: 4890K->4890K(139264K)], 0.0030413 secs] [Times: user=0.00 sys=0.00, real=0.00 secs] 
2020-11-18T11:05:48.609-0800: 5.087: [Full GC (System.gc()) 2020-11-18T11:05:48.609-0800: 5.087: [CMS: 3139K->3141K(6848K), 0.0029454 secs] 3193K->3141K(9920K), [Metaspace: 4890K->4890K(139264K)], 0.0029848 secs] [Times: user=0.00 sys=0.00, real=0.01 secs] 
2020-11-18T11:05:48.613-0800: 5.092: [Full GC (System.gc()) 2020-11-18T11:05:48.613-0800: 5.092: [CMS: 3141K->3144K(6848K), 0.0036092 secs] 3196K->3144K(9920K), [Metaspace: 4890K->4890K(139264K)], 0.0036759 secs] [Times: user=0.00 sys=0.00, real=0.00 secs] 
2020-11-18T11:05:48.618-0800: 5.097: [Full GC (System.gc()) 2020-11-18T11:05:48.618-0800: 5.097: [CMS: 3144K->3146K(6848K), 0.0036680 secs] 3198K->3146K(9920K), [Metaspace: 4890K->4890K(139264K)], 0.0037339 secs] [Times: user=0.00 sys=0.00, real=0.01 secs] 
2020-11-18T11:05:48.623-0800: 5.102: [Full GC (System.gc()) 2020-11-18T11:05:48.623-0800: 5.102: [CMS: 3146K->3149K(6848K), 0.0037135 secs] 3201K->3149K(9920K), [Metaspace: 4890K->4890K(139264K)], 0.0037898 secs] [Times: user=0.01 sys=0.00, real=0.00 secs] 
2020-11-18T11:05:48.628-0800: 5.107: [Full GC (System.gc()) 2020-11-18T11:05:48.628-0800: 5.107: [CMS: 3149K->3151K(6848K), 0.0035975 secs] 3203K->3151K(9920K), [Metaspace: 4890K->4890K(139264K)], 0.0036634 secs] [Times: user=0.00 sys=0.00, real=0.01 secs] 
2020-11-18T11:05:48.633-0800: 5.112: [Full GC (System.gc()) 2020-11-18T11:05:48.633-0800: 5.112: [CMS: 3151K->3153K(6848K), 0.0039029 secs] 3205K->3153K(9920K), [Metaspace: 4890K->4890K(139264K)], 0.0039713 secs] [Times: user=0.00 sys=0.00, real=0.00 secs] 
2020-11-18T11:05:48.639-0800: 5.117: [Full GC (System.gc()) 2020-11-18T11:05:48.639-0800: 5.117: [CMS: 3153K->3156K(6848K), 0.0039525 secs] 3208K->3156K(9920K), [Metaspace: 4890K->4890K(139264K)], 0.0040216 secs] [Times: user=0.01 sys=0.00, real=0.01 secs] 
2020-11-18T11:05:48.644-0800: 5.123: [Full GC (System.gc()) 2020-11-18T11:05:48.644-0800: 5.123: [CMS: 3156K->3158K(6848K), 0.0037344 secs] 3210K->3158K(9920K), [Metaspace: 4890K->4890K(139264K)], 0.0038067 secs] [Times: user=0.00 sys=0.00, real=0.00 secs] 
2020-11-18T11:05:48.649-0800: 5.128: [Full GC (System.gc()) 2020-11-18T11:05:48.649-0800: 5.128: [CMS: 3158K->3161K(6848K), 0.0035489 secs] 3213K->3161K(9920K), [Metaspace: 4890K->4890K(139264K)], 0.0036195 secs] [Times: user=0.01 sys=0.00, real=0.01 secs] 
2020-11-18T11:05:48.654-0800: 5.133: [Full GC (System.gc()) 2020-11-18T11:05:48.654-0800: 5.133: [CMS: 3161K->3163K(6848K), 0.0039151 secs] 3215K->3163K(9920K), [Metaspace: 4890K->4890K(139264K)], 0.0039864 secs] [Times: user=0.00 sys=0.00, real=0.00 secs] 
2020-11-18T11:05:48.660-0800: 5.138: [Full GC (System.gc()) 2020-11-18T11:05:48.660-0800: 5.138: [CMS: 3163K->3165K(6848K), 0.0039220 secs] 3217K->3165K(9920K), [Metaspace: 4890K->4890K(139264K)], 0.0039944 secs] [Times: user=0.00 sys=0.00, real=0.00 secs] 
2020-11-18T11:05:48.665-0800: 5.144: [Full GC (System.gc()) 2020-11-18T11:05:48.665-0800: 5.144: [CMS: 3165K->3168K(6848K), 0.0038004 secs] 3220K->3168K(9920K), [Metaspace: 4890K->4890K(139264K)], 0.0038878 secs] [Times: user=0.01 sys=0.00, real=0.00 secs] 
2020-11-18T11:05:48.671-0800: 5.149: [Full GC (System.gc()) 2020-11-18T11:05:48.671-0800: 5.149: [CMS: 3168K->3170K(6848K), 0.0039142 secs] 3222K->3170K(9920K), [Metaspace: 4890K->4890K(139264K)], 0.0039840 secs] [Times: user=0.00 sys=0.00, real=0.00 secs] 
2020-11-18T11:05:48.676-0800: 5.155: [Full GC (System.gc()) 2020-11-18T11:05:48.676-0800: 5.155: [CMS: 3170K->3173K(6848K), 0.0038393 secs] 3225K->3173K(9920K), [Metaspace: 4890K->4890K(139264K)], 0.0039129 secs] [Times: user=0.01 sys=0.00, real=0.01 secs] 
2020-11-18T11:05:48.681-0800: 5.160: [Full GC (System.gc()) 2020-11-18T11:05:48.681-0800: 5.160: [CMS: 3173K->3175K(6848K), 0.0037586 secs] 3227K->3175K(9920K), [Metaspace: 4890K->4890K(139264K)], 0.0038272 secs] [Times: user=0.00 sys=0.00, real=0.00 secs] 
2020-11-18T11:05:48.687-0800: 5.165: [Full GC (System.gc()) 2020-11-18T11:05:48.687-0800: 5.165: [CMS: 3175K->3178K(6848K), 0.0038898 secs] 3230K->3178K(9920K), [Metaspace: 4890K->4890K(139264K)], 0.0039742 secs] [Times: user=0.00 sys=0.00, real=0.01 secs] 
2020-11-18T11:05:48.692-0800: 5.171: [Full GC (System.gc()) 2020-11-18T11:05:48.692-0800: 5.171: [CMS: 3178K->3180K(6848K), 0.0038854 secs] 3232K->3180K(9920K), [Metaspace: 4890K->4890K(139264K)], 0.0039581 secs] [Times: user=0.01 sys=0.00, real=0.00 secs] 
2020-11-18T11:05:48.698-0800: 5.176: [Full GC (System.gc()) 2020-11-18T11:05:48.698-0800: 5.176: [CMS: 3180K->3182K(6848K), 0.0032577 secs] 3234K->3182K(9920K), [Metaspace: 4890K->4890K(139264K)], 0.0033036 secs] [Times: user=0.00 sys=0.00, real=0.01 secs] 
2020-11-18T11:05:48.702-0800: 5.181: [Full GC (System.gc()) 2020-11-18T11:05:48.702-0800: 5.181: [CMS: 3182K->3185K(6848K), 0.0037510 secs] 3237K->3185K(9920K), [Metaspace: 4890K->4890K(139264K)], 0.0038201 secs] [Times: user=0.01 sys=0.00, real=0.00 secs] 
2020-11-18T11:05:48.707-0800: 5.186: [Full GC (System.gc()) 2020-11-18T11:05:48.707-0800: 5.186: [CMS: 3185K->3187K(6848K), 0.0034039 secs] 3239K->3187K(9920K), [Metaspace: 4890K->4890K(139264K)], 0.0034503 secs] [Times: user=0.00 sys=0.00, real=0.01 secs] 
2020-11-18T11:05:48.712-0800: 5.191: [Full GC (System.gc()) 2020-11-18T11:05:48.712-0800: 5.191: [CMS: 3187K->3190K(6848K), 0.0032951 secs] 3242K->3190K(9920K), [Metaspace: 4890K->4890K(139264K)], 0.0033455 secs] [Times: user=0.00 sys=0.00, real=0.00 secs] 
2020-11-18T11:05:48.717-0800: 5.195: [Full GC (System.gc()) 2020-11-18T11:05:48.717-0800: 5.195: [CMS: 3190K->3192K(6848K), 0.0038623 secs] 3244K->3192K(9920K), [Metaspace: 4890K->4890K(139264K)], 0.0039171 secs] [Times: user=0.01 sys=0.00, real=0.01 secs] 
2020-11-18T11:05:48.722-0800: 5.200: [Full GC (System.gc()) 2020-11-18T11:05:48.722-0800: 5.200: [CMS: 3192K->3194K(6848K), 0.0034962 secs] 3246K->3194K(9920K), [Metaspace: 4890K->4890K(139264K)], 0.0035459 secs] [Times: user=0.00 sys=0.00, real=0.00 secs] 
2020-11-18T11:05:48.726-0800: 5.205: [Full GC (System.gc()) 2020-11-18T11:05:48.726-0800: 5.205: [CMS: 3194K->3197K(6848K), 0.0033067 secs] 3249K->3197K(9920K), [Metaspace: 4890K->4890K(139264K)], 0.0033514 secs] [Times: user=0.00 sys=0.00, real=0.01 secs] 
2020-11-18T11:05:48.731-0800: 5.210: [Full GC (System.gc()) 2020-11-18T11:05:48.731-0800: 5.210: [CMS: 3197K->3199K(6848K), 0.0032399 secs] 3251K->3199K(9920K), [Metaspace: 4890K->4890K(139264K)], 0.0032851 secs] [Times: user=0.01 sys=0.00, real=0.00 secs] 
2020-11-18T11:05:48.735-0800: 5.214: [Full GC (System.gc()) 2020-11-18T11:05:48.735-0800: 5.214: [CMS: 3199K->3202K(6848K), 0.0032016 secs] 3254K->3202K(9920K), [Metaspace: 4890K->4890K(139264K)], 0.0032478 secs] [Times: user=0.00 sys=0.00, real=0.00 secs] 
2020-11-18T11:05:48.740-0800: 5.218: [Full GC (System.gc()) 2020-11-18T11:05:48.740-0800: 5.218: [CMS: 3202K->3204K(6848K), 0.0030261 secs] 3256K->3204K(9920K), [Metaspace: 4890K->4890K(139264K)], 0.0030674 secs] [Times: user=0.00 sys=0.00, real=0.00 secs] 
2020-11-18T11:05:48.744-0800: 5.223: [Full GC (System.gc()) 2020-11-18T11:05:48.744-0800: 5.223: [CMS: 3204K->3207K(6848K), 0.0037129 secs] 3259K->3207K(9920K), [Metaspace: 4890K->4890K(139264K)], 0.0037829 secs] [Times: user=0.01 sys=0.00, real=0.00 secs] 
2020-11-18T11:05:48.750-0800: 5.228: [Full GC (System.gc()) 2020-11-18T11:05:48.750-0800: 5.228: [CMS: 3207K->3209K(6848K), 0.0038785 secs] 3261K->3209K(9920K), [Metaspace: 4890K->4890K(139264K)], 0.0039457 secs] [Times: user=0.00 sys=0.00, real=0.00 secs] 
2020-11-18T11:05:48.755-0800: 5.233: [Full GC (System.gc()) 2020-11-18T11:05:48.755-0800: 5.234: [CMS: 3209K->3211K(6848K), 0.0037414 secs] 3263K->3211K(9920K), [Metaspace: 4890K->4890K(139264K)], 0.0038122 secs] [Times: user=0.00 sys=0.00, real=0.00 secs] 
2020-11-18T11:05:48.760-0800: 5.239: [Full GC (System.gc()) 2020-11-18T11:05:48.760-0800: 5.239: [CMS: 3211K->3214K(6848K), 0.0038701 secs] 3266K->3214K(9920K), [Metaspace: 4890K->4890K(139264K)], 0.0039396 secs] [Times: user=0.01 sys=0.00, real=0.00 secs] 
2020-11-18T11:05:48.765-0800: 5.244: [Full GC (System.gc()) 2020-11-18T11:05:48.765-0800: 5.244: [CMS: 3214K->3216K(6848K), 0.0037090 secs] 3268K->3216K(9920K), [Metaspace: 4890K->4890K(139264K)], 0.0037791 secs] [Times: user=0.00 sys=0.00, real=0.00 secs] 
2020-11-18T11:05:48.771-0800: 5.249: [Full GC (System.gc()) 2020-11-18T11:05:48.771-0800: 5.249: [CMS: 3216K->3219K(6848K), 0.0038957 secs] 3271K->3219K(9920K), [Metaspace: 4890K->4890K(139264K)], 0.0039639 secs] [Times: user=0.01 sys=0.00, real=0.00 secs] 
2020-11-18T11:05:48.776-0800: 5.255: [Full GC (System.gc()) 2020-11-18T11:05:48.776-0800: 5.255: [CMS: 3219K->3221K(6848K), 0.0038590 secs] 3273K->3221K(9920K), [Metaspace: 4890K->4890K(139264K)], 0.0039300 secs] [Times: user=0.00 sys=0.00, real=0.01 secs] 
2020-11-18T11:05:48.781-0800: 5.260: [Full GC (System.gc()) 2020-11-18T11:05:48.781-0800: 5.260: [CMS: 3221K->3223K(6848K), 0.0037522 secs] 3275K->3223K(9920K), [Metaspace: 4890K->4890K(139264K)], 0.0038264 secs] [Times: user=0.00 sys=0.00, real=0.00 secs] 
2020-11-18T11:05:48.787-0800: 5.265: [Full GC (System.gc()) 2020-11-18T11:05:48.787-0800: 5.265: [CMS: 3223K->3226K(6848K), 0.0040953 secs] 3278K->3226K(9920K), [Metaspace: 4890K->4890K(139264K)], 0.0041724 secs] [Times: user=0.01 sys=0.00, real=0.01 secs] 
2020-11-18T11:05:48.792-0800: 5.271: [Full GC (System.gc()) 2020-11-18T11:05:48.792-0800: 5.271: [CMS: 3226K->3228K(6848K), 0.0037893 secs] 3280K->3228K(9920K), [Metaspace: 4890K->4890K(139264K)], 0.0038590 secs] [Times: user=0.00 sys=0.00, real=0.00 secs] 
2020-11-18T11:05:48.798-0800: 5.276: [Full GC (System.gc()) 2020-11-18T11:05:48.798-0800: 5.276: [CMS: 3228K->3231K(6848K), 0.0042736 secs] 3283K->3231K(9920K), [Metaspace: 4890K->4890K(139264K)], 0.0043540 secs] [Times: user=0.01 sys=0.00, real=0.01 secs] 
2020-11-18T11:05:48.803-0800: 5.282: [Full GC (System.gc()) 2020-11-18T11:05:48.803-0800: 5.282: [CMS: 3231K->3233K(6848K), 0.0033179 secs] 3285K->3233K(9920K), [Metaspace: 4890K->4890K(139264K)], 0.0033657 secs] [Times: user=0.00 sys=0.00, real=0.00 secs] 
2020-11-18T11:05:48.808-0800: 5.286: [Full GC (System.gc()) 2020-11-18T11:05:48.808-0800: 5.286: [CMS: 3233K->3236K(6848K), 0.0033204 secs] 3287K->3236K(9920K), [Metaspace: 4890K->4890K(139264K)], 0.0033666 secs] [Times: user=0.00 sys=0.00, real=0.01 secs] 
2020-11-18T11:05:48.812-0800: 5.291: [Full GC (System.gc()) 2020-11-18T11:05:48.812-0800: 5.291: [CMS: 3236K->3238K(6848K), 0.0032919 secs] 3290K->3238K(9920K), [Metaspace: 4890K->4890K(139264K)], 0.0033399 secs] [Times: user=0.01 sys=0.00, real=0.00 secs] 
2020-11-18T11:05:48.817-0800: 5.296: [Full GC (System.gc()) 2020-11-18T11:05:48.817-0800: 5.296: [CMS: 3238K->3240K(6848K), 0.0032407 secs] 3292K->3240K(9920K), [Metaspace: 4890K->4890K(139264K)], 0.0032837 secs] [Times: user=0.00 sys=0.00, real=0.01 secs] 
2020-11-18T11:05:48.822-0800: 5.300: [Full GC (System.gc()) 2020-11-18T11:05:48.822-0800: 5.300: [CMS: 3240K->3243K(6848K), 0.0036674 secs] 3295K->3243K(9920K), [Metaspace: 4890K->4890K(139264K)], 0.0037373 secs] [Times: user=0.00 sys=0.00, real=0.00 secs] 
2020-11-18T11:05:48.827-0800: 5.305: [Full GC (System.gc()) 2020-11-18T11:05:48.827-0800: 5.305: [CMS: 3243K->3245K(6848K), 0.0038642 secs] 3297K->3245K(9920K), [Metaspace: 4890K->4890K(139264K)], 0.0039356 secs] [Times: user=0.01 sys=0.00, real=0.01 secs] 
2020-11-18T11:05:48.832-0800: 5.311: [Full GC (System.gc()) 2020-11-18T11:05:48.832-0800: 5.311: [CMS: 3245K->3248K(6848K), 0.0038834 secs] 3300K->3248K(9920K), [Metaspace: 4890K->4890K(139264K)], 0.0039574 secs] [Times: user=0.00 sys=0.00, real=0.00 secs] 
2020-11-18T11:05:48.837-0800: 5.316: [Full GC (System.gc()) 2020-11-18T11:05:48.837-0800: 5.316: [CMS: 3248K->3250K(6848K), 0.0038392 secs] 3302K->3250K(9920K), [Metaspace: 4890K->4890K(139264K)], 0.0039138 secs] [Times: user=0.01 sys=0.00, real=0.01 secs] 
2020-11-18T11:05:48.843-0800: 5.321: [Full GC (System.gc()) 2020-11-18T11:05:48.843-0800: 5.321: [CMS: 3250K->3252K(6848K), 0.0038038 secs] 3304K->3252K(9920K), [Metaspace: 4890K->4890K(139264K)], 0.0038708 secs] [Times: user=0.00 sys=0.00, real=0.00 secs] 
2020-11-18T11:05:48.848-0800: 5.327: [Full GC (System.gc()) 2020-11-18T11:05:48.848-0800: 5.327: [CMS: 3252K->3255K(6848K), 0.0038005 secs] 3307K->3255K(9920K), [Metaspace: 4890K->4890K(139264K)], 0.0038703 secs] [Times: user=0.00 sys=0.00, real=0.01 secs] 
2020-11-18T11:05:48.853-0800: 5.332: [Full GC (System.gc()) 2020-11-18T11:05:48.853-0800: 5.332: [CMS: 3255K->3257K(6848K), 0.0038503 secs] 3309K->3257K(9920K), [Metaspace: 4890K->4890K(139264K)], 0.0039197 secs] [Times: user=0.01 sys=0.00, real=0.00 secs] 
2020-11-18T11:05:48.859-0800: 5.337: [Full GC (System.gc()) 2020-11-18T11:05:48.859-0800: 5.337: [CMS: 3257K->3260K(6848K), 0.0038521 secs] 3312K->3260K(9920K), [Metaspace: 4890K->4890K(139264K)], 0.0039242 secs] [Times: user=0.00 sys=0.00, real=0.01 secs] 
2020-11-18T11:05:48.864-0800: 5.343: [Full GC (System.gc()) 2020-11-18T11:05:48.864-0800: 5.343: [CMS: 3260K->3262K(6848K), 0.0039119 secs] 3314K->3262K(9920K), [Metaspace: 4890K->4890K(139264K)], 0.0039848 secs] [Times: user=0.01 sys=0.00, real=0.00 secs] 
2020-11-18T11:05:48.869-0800: 5.348: [Full GC (System.gc()) 2020-11-18T11:05:48.869-0800: 5.348: [CMS: 3262K->3264K(6848K), 0.0038612 secs] 3316K->3264K(9920K), [Metaspace: 4890K->4890K(139264K)], 0.0039366 secs] [Times: user=0.00 sys=0.00, real=0.01 secs] 
2020-11-18T11:05:48.875-0800: 5.353: [Full GC (System.gc()) 2020-11-18T11:05:48.875-0800: 5.353: [CMS: 3264K->3267K(6848K), 0.0037549 secs] 3319K->3267K(9920K), [Metaspace: 4890K->4890K(139264K)], 0.0038272 secs] [Times: user=0.00 sys=0.00, real=0.00 secs] 
2020-11-18T11:05:48.880-0800: 5.358: [Full GC (System.gc()) 2020-11-18T11:05:48.880-0800: 5.358: [CMS: 3267K->3269K(6848K), 0.0037638 secs] 3321K->3269K(9920K), [Metaspace: 4890K->4890K(139264K)], 0.0038355 secs] [Times: user=0.01 sys=0.00, real=0.00 secs] 
2020-11-18T11:05:48.885-0800: 5.364: [Full GC (System.gc()) 2020-11-18T11:05:48.885-0800: 5.364: [CMS: 3269K->3272K(6848K), 0.0032960 secs] 3324K->3272K(9920K), [Metaspace: 4890K->4890K(139264K)], 0.0033444 secs] [Times: user=0.00 sys=0.00, real=0.00 secs] 
2020-11-18T11:05:48.890-0800: 5.368: [Full GC (System.gc()) 2020-11-18T11:05:48.890-0800: 5.369: [CMS: 3272K->3274K(6848K), 0.0038798 secs] 3326K->3274K(9920K), [Metaspace: 4890K->4890K(139264K)], 0.0039521 secs] [Times: user=0.01 sys=0.00, real=0.00 secs] 
2020-11-18T11:05:48.895-0800: 5.374: [Full GC (System.gc()) 2020-11-18T11:05:48.895-0800: 5.374: [CMS: 3274K->3277K(6848K), 0.0038917 secs] 3329K->3277K(9920K), [Metaspace: 4890K->4890K(139264K)], 0.0039617 secs] [Times: user=0.00 sys=0.00, real=0.00 secs] 
2020-11-18T11:05:48.901-0800: 5.379: [Full GC (System.gc()) 2020-11-18T11:05:48.901-0800: 5.379: [CMS: 3277K->3279K(6848K), 0.0039830 secs] 3331K->3279K(9920K), [Metaspace: 4890K->4890K(139264K)], 0.0040544 secs] [Times: user=0.00 sys=0.00, real=0.00 secs] 
2020-11-18T11:05:48.906-0800: 5.385: [Full GC (System.gc()) 2020-11-18T11:05:48.906-0800: 5.385: [CMS: 3279K->3281K(6848K), 0.0037522 secs] 3333K->3281K(9920K), [Metaspace: 4890K->4890K(139264K)], 0.0038228 secs] [Times: user=0.01 sys=0.00, real=0.01 secs] 
2020-11-18T11:05:48.911-0800: 5.390: [Full GC (System.gc()) 2020-11-18T11:05:48.911-0800: 5.390: [CMS: 3281K->3284K(6848K), 0.0039361 secs] 3336K->3284K(9920K), [Metaspace: 4890K->4890K(139264K)], 0.0040063 secs] [Times: user=0.00 sys=0.00, real=0.00 secs] 
2020-11-18T11:05:48.917-0800: 5.395: [Full GC (System.gc()) 2020-11-18T11:05:48.917-0800: 5.396: [CMS: 3284K->3286K(6848K), 0.0038787 secs] 3338K->3286K(9920K), [Metaspace: 4890K->4890K(139264K)], 0.0039533 secs] [Times: user=0.01 sys=0.00, real=0.01 secs] 
2020-11-18T11:05:48.922-0800: 5.401: [Full GC (System.gc()) 2020-11-18T11:05:48.922-0800: 5.401: [CMS: 3286K->3289K(6848K), 0.0038500 secs] 3341K->3289K(9920K), [Metaspace: 4890K->4890K(139264K)], 0.0039199 secs] [Times: user=0.00 sys=0.00, real=0.00 secs] 
2020-11-18T11:05:48.928-0800: 5.406: [Full GC (System.gc()) 2020-11-18T11:05:48.928-0800: 5.406: [CMS: 3289K->3291K(6848K), 0.0039654 secs] 3343K->3291K(9920K), [Metaspace: 4890K->4890K(139264K)], 0.0040396 secs] [Times: user=0.00 sys=0.00, real=0.01 secs] 
2020-11-18T11:05:48.933-0800: 5.412: [Full GC (System.gc()) 2020-11-18T11:05:48.933-0800: 5.412: [CMS: 3291K->3293K(6848K), 0.0038652 secs] 3345K->3293K(9920K), [Metaspace: 4890K->4890K(139264K)], 0.0039365 secs] [Times: user=0.01 sys=0.00, real=0.00 secs] 
2020-11-18T11:05:48.938-0800: 5.417: [Full GC (System.gc()) 2020-11-18T11:05:48.939-0800: 5.417: [CMS: 3293K->3296K(6848K), 0.0038705 secs] 3348K->3296K(9920K), [Metaspace: 4890K->4890K(139264K)], 0.0039435 secs] [Times: user=0.00 sys=0.00, real=0.01 secs] 
2020-11-18T11:05:48.944-0800: 5.422: [Full GC (System.gc()) 2020-11-18T11:05:48.944-0800: 5.422: [CMS: 3296K->3298K(6848K), 0.0034980 secs] 3350K->3298K(9920K), [Metaspace: 4890K->4890K(139264K)], 0.0035484 secs] [Times: user=0.01 sys=0.00, real=0.00 secs] 
2020-11-18T11:05:48.949-0800: 5.427: [Full GC (System.gc()) 2020-11-18T11:05:48.949-0800: 5.427: [CMS: 3298K->3301K(6848K), 0.0038478 secs] 3353K->3301K(9920K), [Metaspace: 4890K->4890K(139264K)], 0.0039254 secs] [Times: user=0.00 sys=0.00, real=0.01 secs] 
2020-11-18T11:05:48.954-0800: 5.433: [Full GC (System.gc()) 2020-11-18T11:05:48.954-0800: 5.433: [CMS: 3301K->3303K(6848K), 0.0037392 secs] 3355K->3303K(9920K), [Metaspace: 4890K->4890K(139264K)], 0.0038116 secs] [Times: user=0.00 sys=0.00, real=0.00 secs] 
2020-11-18T11:05:48.959-0800: 5.438: [Full GC (System.gc()) 2020-11-18T11:05:48.959-0800: 5.438: [CMS: 3303K->3306K(6848K), 0.0039398 secs] 3357K->3306K(9920K), [Metaspace: 4890K->4890K(139264K)], 0.0040099 secs] [Times: user=0.01 sys=0.00, real=0.01 secs] 
2020-11-18T11:05:48.965-0800: 5.443: [Full GC (System.gc()) 2020-11-18T11:05:48.965-0800: 5.443: [CMS: 3306K->3308K(6848K), 0.0037523 secs] 3360K->3308K(9920K), [Metaspace: 4890K->4890K(139264K)], 0.0038361 secs] [Times: user=0.00 sys=0.00, real=0.00 secs] 
2020-11-18T11:05:48.970-0800: 5.449: [Full GC (System.gc()) 2020-11-18T11:05:48.970-0800: 5.449: [CMS: 3308K->3310K(6848K), 0.0037022 secs] 3362K->3310K(9920K), [Metaspace: 4890K->4890K(139264K)], 0.0037710 secs] [Times: user=0.01 sys=0.00, real=0.00 secs] 
2020-11-18T11:05:48.975-0800: 5.454: [Full GC (System.gc()) 2020-11-18T11:05:48.975-0800: 5.454: [CMS: 3310K->3313K(6848K), 0.0038084 secs] 3365K->3313K(9920K), [Metaspace: 4890K->4890K(139264K)], 0.0038813 secs] [Times: user=0.00 sys=0.00, real=0.00 secs] 
2020-11-18T11:05:48.980-0800: 5.459: [Full GC (System.gc()) 2020-11-18T11:05:48.980-0800: 5.459: [CMS: 3313K->3315K(6848K), 0.0039097 secs] 3367K->3315K(9920K), [Metaspace: 4890K->4890K(139264K)], 0.0039813 secs] [Times: user=0.00 sys=0.00, real=0.00 secs] 
2020-11-18T11:05:48.986-0800: 5.464: [Full GC (System.gc()) 2020-11-18T11:05:48.986-0800: 5.464: [CMS: 3315K->3318K(6848K), 0.0038441 secs] 3370K->3318K(9920K), [Metaspace: 4890K->4890K(139264K)], 0.0039132 secs] [Times: user=0.01 sys=0.00, real=0.01 secs] 
2020-11-18T11:05:48.991-0800: 5.469: [Full GC (System.gc()) 2020-11-18T11:05:48.991-0800: 5.470: [CMS: 3318K->3320K(6848K), 0.0037095 secs] 3372K->3320K(9920K), [Metaspace: 4890K->4890K(139264K)], 0.0037799 secs] [Times: user=0.00 sys=0.00, real=0.00 secs] 
2020-11-18T11:05:48.996-0800: 5.475: [Full GC (System.gc()) 2020-11-18T11:05:48.996-0800: 5.475: [CMS: 3320K->3322K(6848K), 0.0040248 secs] 3374K->3322K(9920K), [Metaspace: 4890K->4890K(139264K)], 0.0040973 secs] [Times: user=0.01 sys=0.00, real=0.01 secs] 
2020-11-18T11:05:49.002-0800: 5.480: [Full GC (System.gc()) 2020-11-18T11:05:49.002-0800: 5.480: [CMS: 3322K->3325K(6848K), 0.0043827 secs] 3377K->3325K(9920K), [Metaspace: 4890K->4890K(139264K)], 0.0044684 secs] [Times: user=0.00 sys=0.00, real=0.00 secs] 
2020-11-18T11:05:49.007-0800: 5.486: [Full GC (System.gc()) 2020-11-18T11:05:49.007-0800: 5.486: [CMS: 3325K->3327K(6848K), 0.0043651 secs] 3379K->3327K(9920K), [Metaspace: 4890K->4890K(139264K)], 0.0044284 secs] [Times: user=0.00 sys=0.00, real=0.01 secs] 
2020-11-18T11:05:49.013-0800: 5.492: [Full GC (System.gc()) 2020-11-18T11:05:49.013-0800: 5.492: [CMS: 3327K->3330K(6848K), 0.0041569 secs] 3382K->3330K(9920K), [Metaspace: 4890K->4890K(139264K)], 0.0042319 secs] [Times: user=0.00 sys=0.00, real=0.00 secs] 
2020-11-18T11:05:49.019-0800: 5.497: [Full GC (System.gc()) 2020-11-18T11:05:49.019-0800: 5.497: [CMS: 3330K->3332K(6848K), 0.0037701 secs] 3384K->3332K(9920K), [Metaspace: 4890K->4890K(139264K)], 0.0038293 secs] [Times: user=0.00 sys=0.00, real=0.01 secs] 
2020-11-18T11:05:49.024-0800: 5.502: [Full GC (System.gc()) 2020-11-18T11:05:49.024-0800: 5.502: [CMS: 3332K->3334K(6848K), 0.0034603 secs] 3386K->3334K(9920K), [Metaspace: 4890K->4890K(139264K)], 0.0035083 secs] [Times: user=0.01 sys=0.00, real=0.00 secs] 
2020-11-18T11:05:49.029-0800: 5.507: [Full GC (System.gc()) 2020-11-18T11:05:49.029-0800: 5.507: [CMS: 3334K->3337K(6848K), 0.0038274 secs] 3389K->3337K(9920K), [Metaspace: 4890K->4890K(139264K)], 0.0039028 secs] [Times: user=0.00 sys=0.00, real=0.01 secs] 
2020-11-18T11:05:49.034-0800: 5.512: [Full GC (System.gc()) 2020-11-18T11:05:49.034-0800: 5.512: [CMS: 3337K->3339K(6848K), 0.0039778 secs] 3391K->3339K(9920K), [Metaspace: 4890K->4890K(139264K)], 0.0040752 secs] [Times: user=0.00 sys=0.00, real=0.00 secs] 
2020-11-18T11:05:49.039-0800: 5.518: [Full GC (System.gc()) 2020-11-18T11:05:49.039-0800: 5.518: [CMS: 3339K->3342K(6848K), 0.0039926 secs] 3394K->3342K(9920K), [Metaspace: 4890K->4890K(139264K)], 0.0040678 secs] [Times: user=0.01 sys=0.00, real=0.01 secs] 
2020-11-18T11:05:49.045-0800: 5.524: [Full GC (System.gc()) 2020-11-18T11:05:49.045-0800: 5.524: [CMS: 3342K->3344K(6848K), 0.0037678 secs] 3396K->3344K(9920K), [Metaspace: 4890K->4890K(139264K)], 0.0038421 secs] [Times: user=0.00 sys=0.00, real=0.00 secs] 
2020-11-18T11:05:49.050-0800: 5.529: [Full GC (System.gc()) 2020-11-18T11:05:49.050-0800: 5.529: [CMS: 3344K->3347K(6848K), 0.0037655 secs] 3399K->3347K(9920K), [Metaspace: 4890K->4890K(139264K)], 0.0038368 secs] [Times: user=0.01 sys=0.00, real=0.00 secs] 
2020-11-18T11:05:49.055-0800: 5.534: [Full GC (System.gc()) 2020-11-18T11:05:49.055-0800: 5.534: [CMS: 3347K->3349K(6848K), 0.0036861 secs] 3401K->3349K(9920K), [Metaspace: 4890K->4890K(139264K)], 0.0037477 secs] [Times: user=0.00 sys=0.00, real=0.00 secs] 
2020-11-18T11:05:49.061-0800: 5.539: [Full GC (System.gc()) 2020-11-18T11:05:49.061-0800: 5.539: [CMS: 3349K->3351K(6848K), 0.0039424 secs] 3403K->3351K(9920K), [Metaspace: 4890K->4890K(139264K)], 0.0040101 secs] [Times: user=0.00 sys=0.00, real=0.00 secs] 
2020-11-18T11:05:49.066-0800: 5.545: [Full GC (System.gc()) 2020-11-18T11:05:49.066-0800: 5.545: [CMS: 3351K->3354K(6848K), 0.0038672 secs] 3406K->3354K(9920K), [Metaspace: 4890K->4890K(139264K)], 0.0039371 secs] [Times: user=0.01 sys=0.00, real=0.01 secs] 
2020-11-18T11:05:49.071-0800: 5.550: [Full GC (System.gc()) 2020-11-18T11:05:49.071-0800: 5.550: [CMS: 3354K->3356K(6848K), 0.0038860 secs] 3408K->3356K(9920K), [Metaspace: 4890K->4890K(139264K)], 0.0039554 secs] [Times: user=0.00 sys=0.00, real=0.00 secs] 
2020-11-18T11:05:49.077-0800: 5.555: [Full GC (System.gc()) 2020-11-18T11:05:49.077-0800: 5.555: [CMS: 3356K->3359K(6848K), 0.0034508 secs] 3411K->3359K(9920K), [Metaspace: 4890K->4890K(139264K)], 0.0034986 secs] [Times: user=0.01 sys=0.00, real=0.01 secs] 
2020-11-18T11:05:49.081-0800: 5.560: [Full GC (System.gc()) 2020-11-18T11:05:49.081-0800: 5.560: [CMS: 3359K->3361K(6848K), 0.0038635 secs] 3413K->3361K(9920K), [Metaspace: 4890K->4890K(139264K)], 0.0039312 secs] [Times: user=0.00 sys=0.00, real=0.00 secs] 
2020-11-18T11:05:49.087-0800: 5.565: [Full GC (System.gc()) 2020-11-18T11:05:49.087-0800: 5.565: [CMS: 3361K->3363K(6848K), 0.0039932 secs] 3415K->3363K(9920K), [Metaspace: 4890K->4890K(139264K)], 0.0040722 secs] [Times: user=0.00 sys=0.00, real=0.01 secs] 
2020-11-18T11:05:49.092-0800: 5.571: [Full GC (System.gc()) 2020-11-18T11:05:49.092-0800: 5.571: [CMS: 3363K->3366K(6848K), 0.0038439 secs] 3418K->3366K(9920K), [Metaspace: 4890K->4890K(139264K)], 0.0039137 secs] [Times: user=0.01 sys=0.00, real=0.00 secs] 
2020-11-18T11:05:49.097-0800: 5.576: [Full GC (System.gc()) 2020-11-18T11:05:49.097-0800: 5.576: [CMS: 3366K->3368K(6848K), 0.0039240 secs] 3420K->3368K(9920K), [Metaspace: 4890K->4890K(139264K)], 0.0039907 secs] [Times: user=0.00 sys=0.00, real=0.01 secs] 
2020-11-18T11:05:49.103-0800: 5.581: [Full GC (System.gc()) 2020-11-18T11:05:49.103-0800: 5.581: [CMS: 3368K->3371K(6848K), 0.0038799 secs] 3423K->3371K(9920K), [Metaspace: 4890K->4890K(139264K)], 0.0039513 secs] [Times: user=0.01 sys=0.00, real=0.00 secs] 
2020-11-18T11:05:49.108-0800: 5.587: [Full GC (System.gc()) 2020-11-18T11:05:49.108-0800: 5.587: [CMS: 3371K->3373K(6848K), 0.0039800 secs] 3425K->3373K(9920K), [Metaspace: 4890K->4890K(139264K)], 0.0040524 secs] [Times: user=0.00 sys=0.00, real=0.01 secs] 
2020-11-18T11:05:49.114-0800: 5.592: [Full GC (System.gc()) 2020-11-18T11:05:49.114-0800: 5.592: [CMS: 3373K->3376K(6848K), 0.0039548 secs] 3428K->3376K(9920K), [Metaspace: 4890K->4890K(139264K)], 0.0040242 secs] [Times: user=0.00 sys=0.00, real=0.00 secs] 
2020-11-18T11:05:49.119-0800: 5.598: [Full GC (System.gc()) 2020-11-18T11:05:49.119-0800: 5.598: [CMS: 3376K->3378K(6848K), 0.0037509 secs] 3430K->3378K(9920K), [Metaspace: 4890K->4890K(139264K)], 0.0038261 secs] [Times: user=0.01 sys=0.00, real=0.01 secs] 
2020-11-18T11:05:49.124-0800: 5.603: [Full GC (System.gc()) 2020-11-18T11:05:49.124-0800: 5.603: [CMS: 3378K->3380K(6848K), 0.0037480 secs] 3432K->3380K(9920K), [Metaspace: 4890K->4890K(139264K)], 0.0038184 secs] [Times: user=0.00 sys=0.00, real=0.00 secs] 
2020-11-18T11:05:49.129-0800: 5.608: [Full GC (System.gc()) 2020-11-18T11:05:49.130-0800: 5.608: [CMS: 3380K->3383K(6848K), 0.0038388 secs] 3435K->3383K(9920K), [Metaspace: 4890K->4890K(139264K)], 0.0039123 secs] [Times: user=0.01 sys=0.00, real=0.01 secs] 
2020-11-18T11:05:49.135-0800: 5.613: [Full GC (System.gc()) 2020-11-18T11:05:49.135-0800: 5.613: [CMS: 3383K->3385K(6848K), 0.0037768 secs] 3437K->3385K(9920K), [Metaspace: 4890K->4890K(139264K)], 0.0038502 secs] [Times: user=0.00 sys=0.00, real=0.00 secs] 
2020-11-18T11:05:49.140-0800: 5.618: [Full GC (System.gc()) 2020-11-18T11:05:49.140-0800: 5.618: [CMS: 3385K->3388K(6848K), 0.0038773 secs] 3440K->3388K(9920K), [Metaspace: 4890K->4890K(139264K)], 0.0039483 secs] [Times: user=0.00 sys=0.00, real=0.00 secs] 
2020-11-18T11:05:49.145-0800: 5.624: [Full GC (System.gc()) 2020-11-18T11:05:49.145-0800: 5.624: [CMS: 3388K->3390K(6848K), 0.0038329 secs] 3442K->3390K(9920K), [Metaspace: 4890K->4890K(139264K)], 0.0039064 secs] [Times: user=0.01 sys=0.00, real=0.00 secs] 
2020-11-18T11:05:49.151-0800: 5.629: [Full GC (System.gc()) 2020-11-18T11:05:49.151-0800: 5.629: [CMS: 3390K->3392K(6848K), 0.0037873 secs] 3444K->3392K(9920K), [Metaspace: 4890K->4890K(139264K)], 0.0038584 secs] [Times: user=0.00 sys=0.00, real=0.00 secs] 
2020-11-18T11:05:49.156-0800: 5.635: [Full GC (System.gc()) 2020-11-18T11:05:49.156-0800: 5.635: [CMS: 3392K->3395K(6848K), 0.0037877 secs] 3447K->3395K(9920K), [Metaspace: 4890K->4890K(139264K)], 0.0038601 secs] [Times: user=0.01 sys=0.00, real=0.01 secs] 
2020-11-18T11:05:49.161-0800: 5.640: [Full GC (System.gc()) 2020-11-18T11:05:49.161-0800: 5.640: [CMS: 3395K->3397K(6848K), 0.0038286 secs] 3449K->3397K(9920K), [Metaspace: 4890K->4890K(139264K)], 0.0039071 secs] [Times: user=0.00 sys=0.00, real=0.00 secs] 
2020-11-18T11:05:49.166-0800: 5.645: [Full GC (System.gc()) 2020-11-18T11:05:49.166-0800: 5.645: [CMS: 3397K->3400K(6848K), 0.0039823 secs] 3452K->3400K(9920K), [Metaspace: 4890K->4890K(139264K)], 0.0040525 secs] [Times: user=0.00 sys=0.00, real=0.01 secs] 
2020-11-18T11:05:49.172-0800: 5.650: [Full GC (System.gc()) 2020-11-18T11:05:49.172-0800: 5.651: [CMS: 3400K->3402K(6848K), 0.0039814 secs] 3454K->3402K(9920K), [Metaspace: 4890K->4890K(139264K)], 0.0040518 secs] [Times: user=0.01 sys=0.00, real=0.00 secs] 
2020-11-18T11:05:49.177-0800: 5.656: [Full GC (System.gc()) 2020-11-18T11:05:49.177-0800: 5.656: [CMS: 3402K->3404K(6848K), 0.0038724 secs] 3456K->3404K(9920K), [Metaspace: 4890K->4890K(139264K)], 0.0039411 secs] [Times: user=0.00 sys=0.00, real=0.01 secs] 
2020-11-18T11:05:49.183-0800: 5.661: [Full GC (System.gc()) 2020-11-18T11:05:49.183-0800: 5.661: [CMS: 3404K->3407K(6848K), 0.0038767 secs] 3459K->3407K(9920K), [Metaspace: 4890K->4890K(139264K)], 0.0039465 secs] [Times: user=0.01 sys=0.00, real=0.00 secs] 
2020-11-18T11:05:49.188-0800: 5.666: [Full GC (System.gc()) 2020-11-18T11:05:49.188-0800: 5.666: [CMS: 3407K->3409K(6848K), 0.0039438 secs] 3461K->3409K(9920K), [Metaspace: 4890K->4890K(139264K)], 0.0040149 secs] [Times: user=0.00 sys=0.00, real=0.01 secs] 
2020-11-18T11:05:49.193-0800: 5.672: [Full GC (System.gc()) 2020-11-18T11:05:49.193-0800: 5.672: [CMS: 3409K->3412K(6848K), 0.0037963 secs] 3464K->3412K(9920K), [Metaspace: 4890K->4890K(139264K)], 0.0038674 secs] [Times: user=0.00 sys=0.00, real=0.00 secs] 
2020-11-18T11:05:49.198-0800: 5.677: [Full GC (System.gc()) 2020-11-18T11:05:49.199-0800: 5.677: [CMS: 3412K->3414K(6848K), 0.0037693 secs] 3466K->3414K(9920K), [Metaspace: 4890K->4890K(139264K)], 0.0038476 secs] [Times: user=0.01 sys=0.00, real=0.01 secs] 
2020-11-18T11:05:49.204-0800: 5.682: [Full GC (System.gc()) 2020-11-18T11:05:49.204-0800: 5.682: [CMS: 3414K->3417K(6848K), 0.0039812 secs] 3469K->3417K(9920K), [Metaspace: 4890K->4890K(139264K)], 0.0040521 secs] [Times: user=0.00 sys=0.00, real=0.00 secs] 
2020-11-18T11:05:49.209-0800: 5.688: [Full GC (System.gc()) 2020-11-18T11:05:49.209-0800: 5.688: [CMS: 3417K->3419K(6848K), 0.0039258 secs] 3471K->3419K(9920K), [Metaspace: 4890K->4890K(139264K)], 0.0040008 secs] [Times: user=0.01 sys=0.00, real=0.01 secs] 
2020-11-18T11:05:49.214-0800: 5.693: [Full GC (System.gc()) 2020-11-18T11:05:49.214-0800: 5.693: [CMS: 3419K->3421K(6848K), 0.0042344 secs] 3473K->3421K(9920K), [Metaspace: 4890K->4890K(139264K)], 0.0043176 secs] [Times: user=0.00 sys=0.00, real=0.00 secs] 
2020-11-18T11:05:49.220-0800: 5.699: [Full GC (System.gc()) 2020-11-18T11:05:49.220-0800: 5.699: [CMS: 3421K->3424K(6848K), 0.0039946 secs] 3476K->3424K(9920K), [Metaspace: 4890K->4890K(139264K)], 0.0040573 secs] [Times: user=0.00 sys=0.00, real=0.00 secs] 
2020-11-18T11:05:49.226-0800: 5.704: [Full GC (System.gc()) 2020-11-18T11:05:49.226-0800: 5.704: [CMS: 3424K->3426K(6848K), 0.0034269 secs] 3478K->3426K(9920K), [Metaspace: 4890K->4890K(139264K)], 0.0034756 secs] [Times: user=0.00 sys=0.00, real=0.00 secs] 
2020-11-18T11:05:49.230-0800: 5.709: [Full GC (System.gc()) 2020-11-18T11:05:49.230-0800: 5.709: [CMS: 3426K->3429K(6848K), 0.0036442 secs] 3481K->3429K(9920K), [Metaspace: 4890K->4890K(139264K)], 0.0036994 secs] [Times: user=0.00 sys=0.00, real=0.00 secs] 
2020-11-18T11:05:49.235-0800: 5.714: [Full GC (System.gc()) 2020-11-18T11:05:49.235-0800: 5.714: [CMS: 3429K->3431K(6848K), 0.0035367 secs] 3483K->3431K(9920K), [Metaspace: 4890K->4890K(139264K)], 0.0035922 secs] [Times: user=0.01 sys=0.00, real=0.00 secs] 
2020-11-18T11:05:49.240-0800: 5.719: [Full GC (System.gc()) 2020-11-18T11:05:49.240-0800: 5.719: [CMS: 3431K->3433K(6848K), 0.0034201 secs] 3485K->3433K(9920K), [Metaspace: 4890K->4890K(139264K)], 0.0034602 secs] [Times: user=0.00 sys=0.00, real=0.00 secs] 
2020-11-18T11:05:49.245-0800: 5.723: [Full GC (System.gc()) 2020-11-18T11:05:49.245-0800: 5.723: [CMS: 3433K->3436K(6848K), 0.0033017 secs] 3488K->3436K(9920K), [Metaspace: 4890K->4890K(139264K)], 0.0033472 secs] [Times: user=0.00 sys=0.00, real=0.00 secs] 
2020-11-18T11:05:49.250-0800: 5.728: [Full GC (System.gc()) 2020-11-18T11:05:49.250-0800: 5.728: [CMS: 3436K->3438K(6848K), 0.0036776 secs] 3490K->3438K(9920K), [Metaspace: 4890K->4890K(139264K)], 0.0037468 secs] [Times: user=0.01 sys=0.00, real=0.00 secs] 
2020-11-18T11:05:49.255-0800: 5.733: [Full GC (System.gc()) 2020-11-18T11:05:49.255-0800: 5.733: [CMS: 3438K->3441K(6848K), 0.0038357 secs] 3493K->3441K(9920K), [Metaspace: 4890K->4890K(139264K)], 0.0039130 secs] [Times: user=0.00 sys=0.00, real=0.00 secs] 
2020-11-18T11:05:49.260-0800: 5.739: [Full GC (System.gc()) 2020-11-18T11:05:49.260-0800: 5.739: [CMS: 3441K->3443K(6848K), 0.0038095 secs] 3495K->3443K(9920K), [Metaspace: 4890K->4890K(139264K)], 0.0038824 secs] [Times: user=0.00 sys=0.00, real=0.00 secs] 
2020-11-18T11:05:49.266-0800: 5.744: [Full GC (System.gc()) 2020-11-18T11:05:49.266-0800: 5.744: [CMS: 3443K->3446K(6848K), 0.0040023 secs] 3498K->3446K(9920K), [Metaspace: 4890K->4890K(139264K)], 0.0040721 secs] [Times: user=0.01 sys=0.00, real=0.01 secs] 
2020-11-18T11:05:49.271-0800: 5.749: [Full GC (System.gc()) 2020-11-18T11:05:49.271-0800: 5.749: [CMS: 3446K->3448K(6848K), 0.0039206 secs] 3500K->3448K(9920K), [Metaspace: 4890K->4890K(139264K)], 0.0040044 secs] [Times: user=0.00 sys=0.00, real=0.00 secs] 
2020-11-18T11:05:49.276-0800: 5.755: [Full GC (System.gc()) 2020-11-18T11:05:49.276-0800: 5.755: [CMS: 3448K->3450K(6848K), 0.0038508 secs] 3502K->3450K(9920K), [Metaspace: 4890K->4890K(139264K)], 0.0039299 secs] [Times: user=0.01 sys=0.00, real=0.01 secs] 
2020-11-18T11:05:49.282-0800: 5.760: [Full GC (System.gc()) 2020-11-18T11:05:49.282-0800: 5.760: [CMS: 3450K->3453K(6848K), 0.0039045 secs] 3505K->3453K(9920K), [Metaspace: 4890K->4890K(139264K)], 0.0039732 secs] [Times: user=0.00 sys=0.00, real=0.00 secs] 
2020-11-18T11:05:49.287-0800: 5.765: [Full GC (System.gc()) 2020-11-18T11:05:49.287-0800: 5.765: [CMS: 3453K->3455K(6848K), 0.0037513 secs] 3507K->3455K(9920K), [Metaspace: 4890K->4890K(139264K)], 0.0038250 secs] [Times: user=0.00 sys=0.00, real=0.01 secs] 
2020-11-18T11:05:49.292-0800: 5.771: [Full GC (System.gc()) 2020-11-18T11:05:49.292-0800: 5.771: [CMS: 3455K->3458K(6848K), 0.0038867 secs] 3510K->3458K(9920K), [Metaspace: 4890K->4890K(139264K)], 0.0039566 secs] [Times: user=0.01 sys=0.00, real=0.00 secs] 
2020-11-18T11:05:49.297-0800: 5.776: [Full GC (System.gc()) 2020-11-18T11:05:49.298-0800: 5.776: [CMS: 3458K->3460K(6848K), 0.0039441 secs] 3512K->3460K(9920K), [Metaspace: 4890K->4890K(139264K)], 0.0040156 secs] [Times: user=0.00 sys=0.00, real=0.01 secs] 
2020-11-18T11:05:49.303-0800: 5.781: [Full GC (System.gc()) 2020-11-18T11:05:49.303-0800: 5.781: [CMS: 3460K->3462K(6848K), 0.0040117 secs] 3514K->3462K(9920K), [Metaspace: 4890K->4890K(139264K)], 0.0040735 secs] [Times: user=0.01 sys=0.00, real=0.00 secs] 
2020-11-18T11:05:49.308-0800: 5.787: [Full GC (System.gc()) 2020-11-18T11:05:49.308-0800: 5.787: [CMS: 3462K->3465K(6848K), 0.0034349 secs] 3517K->3465K(9920K), [Metaspace: 4890K->4890K(139264K)], 0.0034824 secs] [Times: user=0.00 sys=0.00, real=0.01 secs] 
2020-11-18T11:05:49.313-0800: 5.791: [Full GC (System.gc()) 2020-11-18T11:05:49.313-0800: 5.791: [CMS: 3465K->3467K(6848K), 0.0032783 secs] 3519K->3467K(9920K), [Metaspace: 4890K->4890K(139264K)], 0.0033248 secs] [Times: user=0.00 sys=0.00, real=0.00 secs] 
2020-11-18T11:05:49.317-0800: 5.796: [Full GC (System.gc()) 2020-11-18T11:05:49.317-0800: 5.796: [CMS: 3467K->3470K(6848K), 0.0031611 secs] 3522K->3470K(9920K), [Metaspace: 4890K->4890K(139264K)], 0.0032043 secs] [Times: user=0.01 sys=0.00, real=0.01 secs] 
2020-11-18T11:05:49.322-0800: 5.801: [Full GC (System.gc()) 2020-11-18T11:05:49.322-0800: 5.801: [CMS: 3470K->3472K(6848K), 0.0037249 secs] 3524K->3472K(9920K), [Metaspace: 4890K->4890K(139264K)], 0.0037945 secs] [Times: user=0.00 sys=0.00, real=0.00 secs] 
2020-11-18T11:05:49.327-0800: 5.806: [Full GC (System.gc()) 2020-11-18T11:05:49.327-0800: 5.806: [CMS: 3472K->3474K(6848K), 0.0038501 secs] 3526K->3474K(9920K), [Metaspace: 4890K->4890K(139264K)], 0.0039218 secs] [Times: user=0.01 sys=0.00, real=0.01 secs] 
2020-11-18T11:05:49.333-0800: 5.811: [Full GC (System.gc()) 2020-11-18T11:05:49.333-0800: 5.811: [CMS: 3474K->3477K(6848K), 0.0039647 secs] 3529K->3477K(9920K), [Metaspace: 4890K->4890K(139264K)], 0.0040354 secs] [Times: user=0.00 sys=0.01, real=0.00 secs] 
2020-11-18T11:05:49.338-0800: 5.817: [Full GC (System.gc()) 2020-11-18T11:05:49.338-0800: 5.817: [CMS: 3477K->3479K(6848K), 0.0039196 secs] 3531K->3479K(9920K), [Metaspace: 4890K->4890K(139264K)], 0.0039977 secs] [Times: user=0.00 sys=0.00, real=0.01 secs] 
2020-11-18T11:05:49.343-0800: 5.822: [Full GC (System.gc()) 2020-11-18T11:05:49.344-0800: 5.822: [CMS: 3479K->3482K(6848K), 0.0046985 secs] 3534K->3482K(9920K), [Metaspace: 4890K->4890K(139264K)], 0.0047895 secs] [Times: user=0.01 sys=0.00, real=0.00 secs] 
2020-11-18T11:05:49.350-0800: 5.828: [Full GC (System.gc()) 2020-11-18T11:05:49.350-0800: 5.828: [CMS: 3482K->3484K(6848K), 0.0043347 secs] 3536K->3484K(9920K), [Metaspace: 4890K->4890K(139264K)], 0.0043995 secs] [Times: user=0.00 sys=0.00, real=0.00 secs] 
2020-11-18T11:05:49.355-0800: 5.834: [Full GC (System.gc()) 2020-11-18T11:05:49.355-0800: 5.834: [CMS: 3484K->3487K(6848K), 0.0042100 secs] 3539K->3487K(9920K), [Metaspace: 4890K->4890K(139264K)], 0.0042711 secs] [Times: user=0.01 sys=0.00, real=0.01 secs] 
2020-11-18T11:05:49.361-0800: 5.840: [Full GC (System.gc()) 2020-11-18T11:05:49.361-0800: 5.840: [CMS: 3487K->3489K(6848K), 0.0037824 secs] 3541K->3489K(9920K), [Metaspace: 4890K->4890K(139264K)], 0.0038316 secs] [Times: user=0.00 sys=0.00, real=0.00 secs] 
2020-11-18T11:05:49.366-0800: 5.845: [Full GC (System.gc()) 2020-11-18T11:05:49.367-0800: 5.845: [CMS: 3489K->3491K(6848K), 0.0040952 secs] 3543K->3491K(9920K), [Metaspace: 4890K->4890K(139264K)], 0.0041521 secs] [Times: user=0.00 sys=0.00, real=0.01 secs] 
2020-11-18T11:05:49.372-0800: 5.851: [Full GC (System.gc()) 2020-11-18T11:05:49.372-0800: 5.851: [CMS: 3491K->3494K(6848K), 0.0038107 secs] 3546K->3494K(9920K), [Metaspace: 4890K->4890K(139264K)], 0.0038705 secs] [Times: user=0.01 sys=0.00, real=0.00 secs] 
2020-11-18T11:05:49.377-0800: 5.856: [Full GC (System.gc()) 2020-11-18T11:05:49.377-0800: 5.856: [CMS: 3494K->3496K(6848K), 0.0035875 secs] 3548K->3496K(9920K), [Metaspace: 4890K->4890K(139264K)], 0.0036335 secs] [Times: user=0.00 sys=0.00, real=0.01 secs] 
2020-11-18T11:05:49.382-0800: 5.861: [Full GC (System.gc()) 2020-11-18T11:05:49.382-0800: 5.861: [CMS: 3496K->3499K(6848K), 0.0040164 secs] 3551K->3499K(9920K), [Metaspace: 4890K->4890K(139264K)], 0.0040723 secs] [Times: user=0.01 sys=0.00, real=0.00 secs] 
2020-11-18T11:05:49.388-0800: 5.867: [Full GC (System.gc()) 2020-11-18T11:05:49.388-0800: 5.867: [CMS: 3499K->3501K(6848K), 0.0044837 secs] 3553K->3501K(9920K), [Metaspace: 4890K->4890K(139264K)], 0.0045662 secs] [Times: user=0.00 sys=0.00, real=0.01 secs] 
2020-11-18T11:05:49.394-0800: 5.873: [Full GC (System.gc()) 2020-11-18T11:05:49.394-0800: 5.873: [CMS: 3501K->3503K(6848K), 0.0038089 secs] 3555K->3503K(9920K), [Metaspace: 4890K->4890K(139264K)], 0.0038804 secs] [Times: user=0.00 sys=0.00, real=0.00 secs] 
2020-11-18T11:05:49.399-0800: 5.878: [Full GC (System.gc()) 2020-11-18T11:05:49.399-0800: 5.878: [CMS: 3503K->3506K(6848K), 0.0041541 secs] 3558K->3506K(9920K), [Metaspace: 4890K->4890K(139264K)], 0.0042866 secs] [Times: user=0.01 sys=0.00, real=0.01 secs] 
2020-11-18T11:05:49.405-0800: 5.884: [Full GC (System.gc()) 2020-11-18T11:05:49.405-0800: 5.884: [CMS: 3506K->3508K(6848K), 0.0039550 secs] 3560K->3508K(9920K), [Metaspace: 4890K->4890K(139264K)], 0.0040154 secs] [Times: user=0.00 sys=0.00, real=0.00 secs] 
2020-11-18T11:05:49.410-0800: 5.889: [Full GC (System.gc()) 2020-11-18T11:05:49.410-0800: 5.889: [CMS: 3508K->3511K(6848K), 0.0036117 secs] 3563K->3511K(9920K), [Metaspace: 4890K->4890K(139264K)], 0.0036614 secs] [Times: user=0.01 sys=0.00, real=0.00 secs] 
2020-11-18T11:05:49.416-0800: 5.894: [Full GC (System.gc()) 2020-11-18T11:05:49.416-0800: 5.894: [CMS: 3511K->3513K(6848K), 0.0039840 secs] 3565K->3513K(9920K), [Metaspace: 4890K->4890K(139264K)], 0.0041419 secs] [Times: user=0.00 sys=0.00, real=0.01 secs] 
2020-11-18T11:05:49.421-0800: 5.900: [Full GC (System.gc()) 2020-11-18T11:05:49.421-0800: 5.900: [CMS: 3513K->3516K(6848K), 0.0047701 secs] 3568K->3516K(9920K), [Metaspace: 4890K->4890K(139264K)], 0.0048479 secs] [Times: user=0.00 sys=0.00, real=0.00 secs] 
2020-11-18T11:05:49.428-0800: 5.906: [Full GC (System.gc()) 2020-11-18T11:05:49.428-0800: 5.906: [CMS: 3516K->3518K(6848K), 0.0043926 secs] 3570K->3518K(9920K), [Metaspace: 4890K->4890K(139264K)], 0.0044737 secs] [Times: user=0.01 sys=0.00, real=0.01 secs] 
2020-11-18T11:05:49.433-0800: 5.912: [Full GC (System.gc()) 2020-11-18T11:05:49.433-0800: 5.912: [CMS: 3518K->3520K(6848K), 0.0037215 secs] 3572K->3520K(9920K), [Metaspace: 4890K->4890K(139264K)], 0.0037687 secs] [Times: user=0.00 sys=0.00, real=0.00 secs] 
2020-11-18T11:05:49.439-0800: 5.917: [Full GC (System.gc()) 2020-11-18T11:05:49.439-0800: 5.917: [CMS: 3520K->3523K(6848K), 0.0041090 secs] 3575K->3523K(9920K), [Metaspace: 4890K->4890K(139264K)], 0.0041677 secs] [Times: user=0.01 sys=0.00, real=0.01 secs] 
2020-11-18T11:05:49.444-0800: 5.923: [Full GC (System.gc()) 2020-11-18T11:05:49.444-0800: 5.923: [CMS: 3523K->3525K(6848K), 0.0034282 secs] 3577K->3525K(9920K), [Metaspace: 4890K->4890K(139264K)], 0.0034750 secs] [Times: user=0.00 sys=0.00, real=0.00 secs] 
2020-11-18T11:05:49.449-0800: 5.927: [Full GC (System.gc()) 2020-11-18T11:05:49.449-0800: 5.927: [CMS: 3525K->3528K(6848K), 0.0034653 secs] 3580K->3528K(9920K), [Metaspace: 4890K->4890K(139264K)], 0.0035111 secs] [Times: user=0.00 sys=0.00, real=0.01 secs] 
2020-11-18T11:05:49.454-0800: 5.932: [Full GC (System.gc()) 2020-11-18T11:05:49.454-0800: 5.932: [CMS: 3528K->3530K(6848K), 0.0038446 secs] 3582K->3530K(9920K), [Metaspace: 4890K->4890K(139264K)], 0.0039006 secs] [Times: user=0.01 sys=0.00, real=0.00 secs] 
2020-11-18T11:05:49.459-0800: 5.938: [Full GC (System.gc()) 2020-11-18T11:05:49.459-0800: 5.938: [CMS: 3530K->3532K(6848K), 0.0043713 secs] 3584K->3532K(9920K), [Metaspace: 4890K->4890K(139264K)], 0.0044712 secs] [Times: user=0.00 sys=0.00, real=0.01 secs] 
2020-11-18T11:05:49.465-0800: 5.944: [Full GC (System.gc()) 2020-11-18T11:05:49.465-0800: 5.944: [CMS: 3532K->3535K(6848K), 0.0039792 secs] 3587K->3535K(9920K), [Metaspace: 4890K->4890K(139264K)], 0.0040499 secs] [Times: user=0.01 sys=0.00, real=0.00 secs] 
2020-11-18T11:05:49.471-0800: 5.949: [Full GC (System.gc()) 2020-11-18T11:05:49.471-0800: 5.949: [CMS: 3535K->3537K(6848K), 0.0040937 secs] 3589K->3537K(9920K), [Metaspace: 4890K->4890K(139264K)], 0.0041713 secs] [Times: user=0.00 sys=0.00, real=0.00 secs] 
2020-11-18T11:05:49.476-0800: 5.955: [Full GC (System.gc()) 2020-11-18T11:05:49.476-0800: 5.955: [CMS: 3537K->3540K(6848K), 0.0043340 secs] 3592K->3540K(9920K), [Metaspace: 4890K->4890K(139264K)], 0.0044174 secs] [Times: user=0.00 sys=0.00, real=0.01 secs] 
2020-11-18T11:05:49.482-0800: 5.960: [Full GC (System.gc()) 2020-11-18T11:05:49.482-0800: 5.961: [CMS: 3540K->3542K(6848K), 0.0037928 secs] 3594K->3542K(9920K), [Metaspace: 4890K->4890K(139264K)], 0.0038623 secs] [Times: user=0.01 sys=0.00, real=0.00 secs] 
2020-11-18T11:05:49.487-0800: 5.966: [Full GC (System.gc()) 2020-11-18T11:05:49.487-0800: 5.966: [CMS: 3542K->3545K(6848K), 0.0038407 secs] 3596K->3545K(9920K), [Metaspace: 4890K->4890K(139264K)], 0.0039213 secs] [Times: user=0.00 sys=0.00, real=0.01 secs] 
2020-11-18T11:05:49.493-0800: 5.971: [Full GC (System.gc()) 2020-11-18T11:05:49.493-0800: 5.971: [CMS: 3545K->3547K(6848K), 0.0043592 secs] 3599K->3547K(9920K), [Metaspace: 4890K->4890K(139264K)], 0.0044407 secs] [Times: user=0.01 sys=0.00, real=0.00 secs] 
2020-11-18T11:05:49.499-0800: 5.977: [Full GC (System.gc()) 2020-11-18T11:05:49.499-0800: 5.977: [CMS: 3547K->3549K(6848K), 0.0039714 secs] 3601K->3549K(9920K), [Metaspace: 4890K->4890K(139264K)], 0.0040420 secs] [Times: user=0.00 sys=0.00, real=0.01 secs] 
2020-11-18T11:05:49.504-0800: 5.983: [Full GC (System.gc()) 2020-11-18T11:05:49.504-0800: 5.983: [CMS: 3549K->3552K(6848K), 0.0036251 secs] 3604K->3552K(9920K), [Metaspace: 4890K->4890K(139264K)], 0.0036834 secs] [Times: user=0.00 sys=0.00, real=0.00 secs] 
2020-11-18T11:05:49.509-0800: 5.988: [Full GC (System.gc()) 2020-11-18T11:05:49.509-0800: 5.988: [CMS: 3552K->3554K(6848K), 0.0045853 secs] 3606K->3554K(9920K), [Metaspace: 4890K->4890K(139264K)], 0.0046646 secs] [Times: user=0.01 sys=0.00, real=0.01 secs] 
2020-11-18T11:05:49.515-0800: 5.994: [Full GC (System.gc()) 2020-11-18T11:05:49.515-0800: 5.994: [CMS: 3554K->3557K(6848K), 0.0037730 secs] 3609K->3557K(9920K), [Metaspace: 4890K->4890K(139264K)], 0.0038508 secs] [Times: user=0.00 sys=0.00, real=0.00 secs] 
2020-11-18T11:05:49.520-0800: 5.999: [Full GC (System.gc()) 2020-11-18T11:05:49.520-0800: 5.999: [CMS: 3557K->3559K(6848K), 0.0037118 secs] 3611K->3559K(9920K), [Metaspace: 4890K->4890K(139264K)], 0.0037666 secs] [Times: user=0.01 sys=0.00, real=0.00 secs] 
2020-11-18T11:05:49.525-0800: 6.004: [Full GC (System.gc()) 2020-11-18T11:05:49.525-0800: 6.004: [CMS: 3559K->3561K(6848K), 0.0043517 secs] 3613K->3561K(9920K), [Metaspace: 4890K->4890K(139264K)], 0.0044290 secs] [Times: user=0.00 sys=0.00, real=0.01 secs] 
2020-11-18T11:05:49.531-0800: 6.010: [Full GC (System.gc()) 2020-11-18T11:05:49.531-0800: 6.010: [CMS: 3561K->3564K(6848K), 0.0043491 secs] 3616K->3564K(9920K), [Metaspace: 4890K->4890K(139264K)], 0.0044560 secs] [Times: user=0.01 sys=0.00, real=0.00 secs] 
2020-11-18T11:05:49.537-0800: 6.016: [Full GC (System.gc()) 2020-11-18T11:05:49.537-0800: 6.016: [CMS: 3564K->3566K(6848K), 0.0035417 secs] 3618K->3566K(9920K), [Metaspace: 4890K->4890K(139264K)], 0.0035880 secs] [Times: user=0.00 sys=0.00, real=0.01 secs] 
2020-11-18T11:05:49.542-0800: 6.021: [Full GC (System.gc()) 2020-11-18T11:05:49.542-0800: 6.021: [CMS: 3566K->3569K(6848K), 0.0045976 secs] 3621K->3569K(9920K), [Metaspace: 4890K->4890K(139264K)], 0.0046794 secs] [Times: user=0.00 sys=0.00, real=0.00 secs] 
2020-11-18T11:05:49.548-0800: 6.027: [Full GC (System.gc()) 2020-11-18T11:05:49.548-0800: 6.027: [CMS: 3569K->3571K(6848K), 0.0043542 secs] 3623K->3571K(9920K), [Metaspace: 4890K->4890K(139264K)], 0.0044236 secs] [Times: user=0.01 sys=0.00, real=0.01 secs] 
2020-11-18T11:05:49.554-0800: 6.032: [Full GC (System.gc()) 2020-11-18T11:05:49.554-0800: 6.033: [CMS: 3571K->3558K(6848K), 0.0043237 secs] 3625K->3558K(9920K), [Metaspace: 4890K->4890K(139264K)], 0.0043957 secs] [Times: user=0.00 sys=0.00, real=0.00 secs] 
2020-11-18T11:05:49.560-0800: 6.038: [Full GC (System.gc()) 2020-11-18T11:05:49.560-0800: 6.038: [CMS: 3558K->3560K(6848K), 0.0039243 secs] 3612K->3560K(9920K), [Metaspace: 4890K->4890K(139264K)], 0.0040309 secs] [Times: user=0.01 sys=0.00, real=0.00 secs] 
2020-11-18T11:05:49.565-0800: 6.044: [Full GC (System.gc()) 2020-11-18T11:05:49.565-0800: 6.044: [CMS: 3560K->3563K(6848K), 0.0045469 secs] 3615K->3563K(9920K), [Metaspace: 4890K->4890K(139264K)], 0.0046266 secs] [Times: user=0.00 sys=0.00, real=0.01 secs] 
2020-11-18T11:05:49.571-0800: 6.050: [Full GC (System.gc()) 2020-11-18T11:05:49.571-0800: 6.050: [CMS: 3563K->3565K(6848K), 0.0038825 secs] 3617K->3565K(9920K), [Metaspace: 4890K->4890K(139264K)], 0.0039510 secs] [Times: user=0.00 sys=0.00, real=0.00 secs] 
2020-11-18T11:05:49.577-0800: 6.055: [Full GC (System.gc()) 2020-11-18T11:05:49.577-0800: 6.055: [CMS: 3565K->3567K(6848K), 0.0038465 secs] 3619K->3567K(9920K), [Metaspace: 4890K->4890K(139264K)], 0.0039219 secs] [Times: user=0.01 sys=0.00, real=0.01 secs] 
2020-11-18T11:05:49.582-0800: 6.061: [Full GC (System.gc()) 2020-11-18T11:05:49.582-0800: 6.061: [CMS: 3567K->3570K(6848K), 0.0045750 secs] 3622K->3570K(9920K), [Metaspace: 4890K->4890K(139264K)], 0.0046545 secs] [Times: user=0.00 sys=0.00, real=0.00 secs] 
2020-11-18T11:05:49.588-0800: 6.067: [Full GC (System.gc()) 2020-11-18T11:05:49.588-0800: 6.067: [CMS: 3570K->3572K(6848K), 0.0039805 secs] 3624K->3572K(9920K), [Metaspace: 4890K->4890K(139264K)], 0.0040534 secs] [Times: user=0.01 sys=0.00, real=0.01 secs] 
2020-11-18T11:05:49.593-0800: 6.072: [Full GC (System.gc()) 2020-11-18T11:05:49.593-0800: 6.072: [CMS: 3572K->3575K(6848K), 0.0039016 secs] 3627K->3575K(9920K), [Metaspace: 4890K->4890K(139264K)], 0.0039792 secs] [Times: user=0.00 sys=0.00, real=0.00 secs] 
2020-11-18T11:05:49.599-0800: 6.077: [Full GC (System.gc()) 2020-11-18T11:05:49.599-0800: 6.077: [CMS: 3575K->3577K(6848K), 0.0046581 secs] 3629K->3577K(9920K), [Metaspace: 4890K->4890K(139264K)], 0.0047273 secs] [Times: user=0.01 sys=0.00, real=0.01 secs] 
2020-11-18T11:05:49.605-0800: 6.084: [Full GC (System.gc()) 2020-11-18T11:05:49.605-0800: 6.084: [CMS: 3577K->3580K(6848K), 0.0046410 secs] 3632K->3580K(9920K), [Metaspace: 4890K->4890K(139264K)], 0.0047205 secs] [Times: user=0.00 sys=0.00, real=0.01 secs] 
2020-11-18T11:05:49.611-0800: 6.090: [Full GC (System.gc()) 2020-11-18T11:05:49.611-0800: 6.090: [CMS: 3580K->3582K(6848K), 0.0035506 secs] 3634K->3582K(9920K), [Metaspace: 4890K->4890K(139264K)], 0.0036080 secs] [Times: user=0.00 sys=0.00, real=0.00 secs] 
2020-11-18T11:05:49.616-0800: 6.094: [Full GC (System.gc()) 2020-11-18T11:05:49.616-0800: 6.094: [CMS: 3582K->3584K(6848K), 0.0036962 secs] 3636K->3584K(9920K), [Metaspace: 4890K->4890K(139264K)], 0.0037454 secs] [Times: user=0.01 sys=0.00, real=0.01 secs] 
2020-11-18T11:05:49.621-0800: 6.099: [Full GC (System.gc()) 2020-11-18T11:05:49.621-0800: 6.099: [CMS: 3584K->3587K(6848K), 0.0039312 secs] 3639K->3587K(9920K), [Metaspace: 4890K->4890K(139264K)], 0.0040074 secs] [Times: user=0.00 sys=0.00, real=0.00 secs] 
2020-11-18T11:05:49.626-0800: 6.105: [Full GC (System.gc()) 2020-11-18T11:05:49.626-0800: 6.105: [CMS: 3587K->3589K(6848K), 0.0039321 secs] 3641K->3589K(9920K), [Metaspace: 4890K->4890K(139264K)], 0.0040064 secs] [Times: user=0.01 sys=0.00, real=0.01 secs] 
2020-11-18T11:05:49.632-0800: 6.110: [Full GC (System.gc()) 2020-11-18T11:05:49.632-0800: 6.110: [CMS: 3589K->3592K(6848K), 0.0037852 secs] 3644K->3592K(9920K), [Metaspace: 4890K->4890K(139264K)], 0.0038482 secs] [Times: user=0.00 sys=0.00, real=0.00 secs] 
2020-11-18T11:05:49.637-0800: 6.116: [Full GC (System.gc()) 2020-11-18T11:05:49.637-0800: 6.116: [CMS: 3592K->3594K(6848K), 0.0041046 secs] 3646K->3594K(9920K), [Metaspace: 4890K->4890K(139264K)], 0.0041746 secs] [Times: user=0.00 sys=0.00, real=0.01 secs] 
2020-11-18T11:05:49.643-0800: 6.121: [Full GC (System.gc()) 2020-11-18T11:05:49.643-0800: 6.121: [CMS: 3594K->3596K(6848K), 0.0039243 secs] 3648K->3596K(9920K), [Metaspace: 4890K->4890K(139264K)], 0.0039892 secs] [Times: user=0.01 sys=0.00, real=0.00 secs] 
2020-11-18T11:05:49.648-0800: 6.127: [Full GC (System.gc()) 2020-11-18T11:05:49.648-0800: 6.127: [CMS: 3596K->3599K(6848K), 0.0037701 secs] 3651K->3599K(9920K), [Metaspace: 4890K->4890K(139264K)], 0.0038265 secs] [Times: user=0.00 sys=0.00, real=0.01 secs] 
2020-11-18T11:05:49.653-0800: 6.132: [Full GC (System.gc()) 2020-11-18T11:05:49.653-0800: 6.132: [CMS: 3599K->3601K(6848K), 0.0035239 secs] 3653K->3601K(9920K), [Metaspace: 4890K->4890K(139264K)], 0.0035747 secs] [Times: user=0.01 sys=0.00, real=0.00 secs] 
2020-11-18T11:05:49.658-0800: 6.137: [Full GC (System.gc()) 2020-11-18T11:05:49.658-0800: 6.137: [CMS: 3601K->3604K(6848K), 0.0034684 secs] 3656K->3604K(9920K), [Metaspace: 4890K->4890K(139264K)], 0.0035161 secs] [Times: user=0.00 sys=0.00, real=0.01 secs] 
2020-11-18T11:05:49.663-0800: 6.142: [Full GC (System.gc()) 2020-11-18T11:05:49.663-0800: 6.142: [CMS: 3604K->3606K(6848K), 0.0037255 secs] 3658K->3606K(9920K), [Metaspace: 4890K->4890K(139264K)], 0.0037938 secs] [Times: user=0.00 sys=0.00, real=0.00 secs] 
2020-11-18T11:05:49.668-0800: 6.147: [Full GC (System.gc()) 2020-11-18T11:05:49.668-0800: 6.147: [CMS: 3606K->3608K(6848K), 0.0038019 secs] 3660K->3608K(9920K), [Metaspace: 4890K->4890K(139264K)], 0.0038769 secs] [Times: user=0.01 sys=0.00, real=0.01 secs] 
2020-11-18T11:05:49.674-0800: 6.152: [Full GC (System.gc()) 2020-11-18T11:05:49.674-0800: 6.152: [CMS: 3608K->3611K(6848K), 0.0037258 secs] 3663K->3611K(9920K), [Metaspace: 4890K->4890K(139264K)], 0.0037941 secs] [Times: user=0.00 sys=0.00, real=0.00 secs] 
2020-11-18T11:05:49.679-0800: 6.157: [Full GC (System.gc()) 2020-11-18T11:05:49.679-0800: 6.157: [CMS: 3611K->3613K(6848K), 0.0037915 secs] 3665K->3613K(9920K), [Metaspace: 4890K->4890K(139264K)], 0.0038719 secs] [Times: user=0.00 sys=0.00, real=0.01 secs] 
2020-11-18T11:05:49.684-0800: 6.163: [Full GC (System.gc()) 2020-11-18T11:05:49.684-0800: 6.163: [CMS: 3613K->3596K(6848K), 0.0050876 secs] 3668K->3596K(9920K), [Metaspace: 4890K->4890K(139264K)], 0.0051716 secs] [Times: user=0.00 sys=0.00, real=0.00 secs] 
2020-11-18T11:05:49.691-0800: 6.169: [Full GC (System.gc()) 2020-11-18T11:05:49.691-0800: 6.169: [CMS: 3596K->3598K(6848K), 0.0036682 secs] 3650K->3598K(9920K), [Metaspace: 4890K->4890K(139264K)], 0.0037248 secs] [Times: user=0.00 sys=0.00, real=0.00 secs] 
2020-11-18T11:05:49.696-0800: 6.174: [Full GC (System.gc()) 2020-11-18T11:05:49.696-0800: 6.174: [CMS: 3598K->3601K(6848K), 0.0038257 secs] 3653K->3601K(9920K), [Metaspace: 4890K->4890K(139264K)], 0.0038998 secs] [Times: user=0.01 sys=0.00, real=0.01 secs] 
2020-11-18T11:05:49.701-0800: 6.180: [Full GC (System.gc()) 2020-11-18T11:05:49.701-0800: 6.180: [CMS: 3601K->3603K(6848K), 0.0038509 secs] 3655K->3603K(9920K), [Metaspace: 4890K->4890K(139264K)], 0.0039274 secs] [Times: user=0.00 sys=0.00, real=0.00 secs] 
2020-11-18T11:05:49.707-0800: 6.185: [Full GC (System.gc()) 2020-11-18T11:05:49.707-0800: 6.185: [CMS: 3603K->3605K(6848K), 0.0036940 secs] 3657K->3605K(9920K), [Metaspace: 4890K->4890K(139264K)], 0.0037696 secs] [Times: user=0.01 sys=0.00, real=0.01 secs] 
2020-11-18T11:05:49.712-0800: 6.190: [Full GC (System.gc()) 2020-11-18T11:05:49.712-0800: 6.190: [CMS: 3605K->3608K(6848K), 0.0036401 secs] 3660K->3608K(9920K), [Metaspace: 4890K->4890K(139264K)], 0.0037131 secs] [Times: user=0.00 sys=0.00, real=0.00 secs] 
2020-11-18T11:05:49.717-0800: 6.195: [Full GC (System.gc()) 2020-11-18T11:05:49.717-0800: 6.195: [CMS: 3608K->3610K(6848K), 0.0037785 secs] 3662K->3610K(9920K), [Metaspace: 4890K->4890K(139264K)], 0.0038429 secs] [Times: user=0.00 sys=0.00, real=0.01 secs] 
2020-11-18T11:05:49.722-0800: 6.200: [Full GC (System.gc()) 2020-11-18T11:05:49.722-0800: 6.200: [CMS: 3610K->3613K(6848K), 0.0036016 secs] 3665K->3613K(9920K), [Metaspace: 4890K->4890K(139264K)], 0.0036546 secs] [Times: user=0.01 sys=0.00, real=0.00 secs] 
2020-11-18T11:05:49.727-0800: 6.205: [Full GC (System.gc()) 2020-11-18T11:05:49.727-0800: 6.206: [CMS: 3613K->3615K(6848K), 0.0039648 secs] 3667K->3615K(9920K), [Metaspace: 4890K->4890K(139264K)], 0.0040295 secs] [Times: user=0.00 sys=0.00, real=0.01 secs] 
2020-11-18T11:05:49.732-0800: 6.211: [Full GC (System.gc()) 2020-11-18T11:05:49.732-0800: 6.211: [CMS: 3615K->3617K(6848K), 0.0036118 secs] 3669K->3617K(9920K), [Metaspace: 4890K->4890K(139264K)], 0.0036695 secs] [Times: user=0.00 sys=0.00, real=0.00 secs] 
2020-11-18T11:05:49.737-0800: 6.216: [Full GC (System.gc()) 2020-11-18T11:05:49.737-0800: 6.216: [CMS: 3617K->3609K(6848K), 0.0039784 secs] 3672K->3609K(9920K), [Metaspace: 4890K->4890K(139264K)], 0.0040358 secs] [Times: user=0.01 sys=0.00, real=0.01 secs] 
2020-11-18T11:05:49.743-0800: 6.221: [Full GC (System.gc()) 2020-11-18T11:05:49.743-0800: 6.221: [CMS: 3609K->3611K(6848K), 0.0035869 secs] 3663K->3611K(9920K), [Metaspace: 4890K->4890K(139264K)], 0.0036425 secs] [Times: user=0.00 sys=0.00, real=0.00 secs] 
2020-11-18T11:05:49.748-0800: 6.226: [Full GC (System.gc()) 2020-11-18T11:05:49.748-0800: 6.226: [CMS: 3611K->3614K(6848K), 0.0033733 secs] 3666K->3614K(9920K), [Metaspace: 4890K->4890K(139264K)], 0.0034249 secs] [Times: user=0.01 sys=0.00, real=0.01 secs] 
2020-11-18T11:05:49.753-0800: 6.231: [Full GC (System.gc()) 2020-11-18T11:05:49.753-0800: 6.231: [CMS: 3614K->3616K(6848K), 0.0036769 secs] 3668K->3616K(9920K), [Metaspace: 4890K->4890K(139264K)], 0.0037532 secs] [Times: user=0.00 sys=0.00, real=0.00 secs] 
2020-11-18T11:05:49.758-0800: 6.236: [Full GC (System.gc()) 2020-11-18T11:05:49.758-0800: 6.236: [CMS: 3616K->3618K(6848K), 0.0039387 secs] 3670K->3618K(9920K), [Metaspace: 4890K->4890K(139264K)], 0.0040145 secs] [Times: user=0.00 sys=0.00, real=0.01 secs] 
2020-11-18T11:05:49.763-0800: 6.242: [Full GC (System.gc()) 2020-11-18T11:05:49.763-0800: 6.242: [CMS: 3618K->3621K(6848K), 0.0043973 secs] 3673K->3621K(9920K), [Metaspace: 4890K->4890K(139264K)], 0.0044798 secs] [Times: user=0.01 sys=0.00, real=0.00 secs] 
2020-11-18T11:05:49.769-0800: 6.248: [Full GC (System.gc()) 2020-11-18T11:05:49.769-0800: 6.248: [CMS: 3621K->3623K(6848K), 0.0037986 secs] 3675K->3623K(9920K), [Metaspace: 4890K->4890K(139264K)], 0.0038717 secs] [Times: user=0.00 sys=0.00, real=0.01 secs] 
2020-11-18T11:05:49.775-0800: 6.253: [Full GC (System.gc()) 2020-11-18T11:05:49.775-0800: 6.253: [CMS: 3623K->3625K(6848K), 0.0038682 secs] 3678K->3625K(9920K), [Metaspace: 4890K->4890K(139264K)], 0.0039239 secs] [Times: user=0.01 sys=0.00, real=0.00 secs] 
2020-11-18T11:05:49.780-0800: 6.258: [Full GC (System.gc()) 2020-11-18T11:05:49.780-0800: 6.258: [CMS: 3625K->3627K(6848K), 0.0031953 secs] 3679K->3627K(9920K), [Metaspace: 4890K->4890K(139264K)], 0.0032405 secs] [Times: user=0.00 sys=0.00, real=0.00 secs] 
2020-11-18T11:05:49.785-0800: 6.263: [Full GC (System.gc()) 2020-11-18T11:05:49.785-0800: 6.263: [CMS: 3627K->3630K(6848K), 0.0039055 secs] 3682K->3630K(9920K), [Metaspace: 4890K->4890K(139264K)], 0.0039812 secs] [Times: user=0.00 sys=0.00, real=0.00 secs] 
2020-11-18T11:05:49.790-0800: 6.269: [Full GC (System.gc()) 2020-11-18T11:05:49.790-0800: 6.269: [CMS: 3630K->3632K(6848K), 0.0038552 secs] 3684K->3632K(9920K), [Metaspace: 4890K->4890K(139264K)], 0.0039309 secs] [Times: user=0.01 sys=0.00, real=0.00 secs] 
2020-11-18T11:05:49.795-0800: 6.274: [Full GC (System.gc()) 2020-11-18T11:05:49.795-0800: 6.274: [CMS: 3632K->3635K(6848K), 0.0035613 secs] 3686K->3635K(9920K), [Metaspace: 4890K->4890K(139264K)], 0.0036261 secs] [Times: user=0.00 sys=0.00, real=0.00 secs] 
2020-11-18T11:05:49.801-0800: 6.279: [Full GC (System.gc()) 2020-11-18T11:05:49.801-0800: 6.279: [CMS: 3635K->3637K(6848K), 0.0037141 secs] 3689K->3637K(9920K), [Metaspace: 4890K->4890K(139264K)], 0.0037885 secs] [Times: user=0.01 sys=0.00, real=0.00 secs] 
2020-11-18T11:05:49.806-0800: 6.284: [Full GC (System.gc()) 2020-11-18T11:05:49.806-0800: 6.284: [CMS: 3637K->3639K(6848K), 0.0040107 secs] 3691K->3639K(9920K), [Metaspace: 4890K->4890K(139264K)], 0.0040904 secs] [Times: user=0.00 sys=0.00, real=0.01 secs] 
2020-11-18T11:05:49.811-0800: 6.290: [Full GC (System.gc()) 2020-11-18T11:05:49.811-0800: 6.290: [CMS: 3639K->3642K(6848K), 0.0033530 secs] 3694K->3642K(9920K), [Metaspace: 4890K->4890K(139264K)], 0.0034015 secs] [Times: user=0.00 sys=0.00, real=0.00 secs] 
2020-11-18T11:05:49.816-0800: 6.295: [Full GC (System.gc()) 2020-11-18T11:05:49.816-0800: 6.295: [CMS: 3642K->3644K(6848K), 0.0032822 secs] 3696K->3644K(9920K), [Metaspace: 4890K->4890K(139264K)], 0.0033292 secs] [Times: user=0.01 sys=0.00, real=0.00 secs] 
2020-11-18T11:05:49.821-0800: 6.299: [Full GC (System.gc()) 2020-11-18T11:05:49.821-0800: 6.299: [CMS: 3644K->3647K(6848K), 0.0032786 secs] 3699K->3647K(9920K), [Metaspace: 4890K->4890K(139264K)], 0.0033288 secs] [Times: user=0.00 sys=0.00, real=0.00 secs] 
2020-11-18T11:05:49.826-0800: 6.304: [Full GC (System.gc()) 2020-11-18T11:05:49.826-0800: 6.304: [CMS: 3647K->3649K(6848K), 0.0031895 secs] 3701K->3649K(9920K), [Metaspace: 4890K->4890K(139264K)], 0.0032327 secs] [Times: user=0.00 sys=0.00, real=0.00 secs] 
2020-11-18T11:05:49.830-0800: 6.309: [Full GC (System.gc()) 2020-11-18T11:05:49.830-0800: 6.309: [CMS: 3649K->3651K(6848K), 0.0032355 secs] 3703K->3651K(9920K), [Metaspace: 4890K->4890K(139264K)], 0.0032886 secs] [Times: user=0.01 sys=0.00, real=0.00 secs] 
2020-11-18T11:05:49.835-0800: 6.314: [Full GC (System.gc()) 2020-11-18T11:05:49.835-0800: 6.314: [CMS: 3651K->3654K(6848K), 0.0038589 secs] 3706K->3654K(9920K), [Metaspace: 4890K->4890K(139264K)], 0.0039322 secs] [Times: user=0.00 sys=0.00, real=0.00 secs] 
2020-11-18T11:05:49.840-0800: 6.319: [Full GC (System.gc()) 2020-11-18T11:05:49.840-0800: 6.319: [CMS: 3654K->3656K(6848K), 0.0031797 secs] 3708K->3656K(9920K), [Metaspace: 4890K->4890K(139264K)], 0.0032262 secs] [Times: user=0.00 sys=0.00, real=0.00 secs] 
2020-11-18T11:05:49.845-0800: 6.323: [Full GC (System.gc()) 2020-11-18T11:05:49.845-0800: 6.323: [CMS: 3656K->3659K(6848K), 0.0034391 secs] 3711K->3659K(9920K), [Metaspace: 4890K->4890K(139264K)], 0.0034909 secs] [Times: user=0.01 sys=0.00, real=0.00 secs] 
2020-11-18T11:05:49.850-0800: 6.328: [Full GC (System.gc()) 2020-11-18T11:05:49.850-0800: 6.328: [CMS: 3659K->3661K(6848K), 0.0031791 secs] 3713K->3661K(9920K), [Metaspace: 4890K->4890K(139264K)], 0.0032238 secs] [Times: user=0.00 sys=0.00, real=0.00 secs] 
2020-11-18T11:05:49.854-0800: 6.333: [Full GC (System.gc()) 2020-11-18T11:05:49.854-0800: 6.333: [CMS: 3661K->3663K(6848K), 0.0036784 secs] 3715K->3663K(9920K), [Metaspace: 4890K->4890K(139264K)], 0.0037509 secs] [Times: user=0.00 sys=0.00, real=0.00 secs] 
2020-11-18T11:05:49.859-0800: 6.338: [Full GC (System.gc()) 2020-11-18T11:05:49.859-0800: 6.338: [CMS: 3663K->3666K(6848K), 0.0037963 secs] 3718K->3666K(9920K), [Metaspace: 4890K->4890K(139264K)], 0.0038692 secs] [Times: user=0.01 sys=0.00, real=0.01 secs] 
2020-11-18T11:05:49.865-0800: 6.343: [Full GC (System.gc()) 2020-11-18T11:05:49.865-0800: 6.343: [CMS: 3666K->3668K(6848K), 0.0037955 secs] 3720K->3668K(9920K), [Metaspace: 4890K->4890K(139264K)], 0.0038659 secs] [Times: user=0.00 sys=0.00, real=0.00 secs] 
2020-11-18T11:05:49.870-0800: 6.349: [Full GC (System.gc()) 2020-11-18T11:05:49.870-0800: 6.349: [CMS: 3668K->3671K(6848K), 0.0040860 secs] 3723K->3671K(9920K), [Metaspace: 4890K->4890K(139264K)], 0.0041808 secs] [Times: user=0.01 sys=0.00, real=0.00 secs] 
2020-11-18T11:05:49.876-0800: 6.354: [Full GC (System.gc()) 2020-11-18T11:05:49.876-0800: 6.354: [CMS: 3671K->3673K(6848K), 0.0045077 secs] 3725K->3673K(9920K), [Metaspace: 4890K->4890K(139264K)], 0.0046015 secs] [Times: user=0.00 sys=0.00, real=0.01 secs] 
2020-11-18T11:05:49.882-0800: 6.360: [Full GC (System.gc()) 2020-11-18T11:05:49.882-0800: 6.361: [CMS: 3673K->3676K(6848K), 0.0045976 secs] 3728K->3676K(9920K), [Metaspace: 4890K->4890K(139264K)], 0.0046775 secs] [Times: user=0.01 sys=0.00, real=0.00 secs] 
2020-11-18T11:05:49.888-0800: 6.367: [Full GC (System.gc()) 2020-11-18T11:05:49.888-0800: 6.367: [CMS: 3676K->3678K(6848K), 0.0034588 secs] 3730K->3678K(9920K), [Metaspace: 4890K->4890K(139264K)], 0.0035155 secs] [Times: user=0.00 sys=0.00, real=0.01 secs] 
2020-11-18T11:05:49.893-0800: 6.371: [Full GC (System.gc()) 2020-11-18T11:05:49.893-0800: 6.371: [CMS: 3678K->3680K(6848K), 0.0035562 secs] 3732K->3680K(9920K), [Metaspace: 4890K->4890K(139264K)], 0.0036147 secs] [Times: user=0.00 sys=0.00, real=0.00 secs] 
2020-11-18T11:05:49.898-0800: 6.376: [Full GC (System.gc()) 2020-11-18T11:05:49.898-0800: 6.376: [CMS: 3680K->3683K(6848K), 0.0033013 secs] 3735K->3683K(9920K), [Metaspace: 4890K->4890K(139264K)], 0.0033478 secs] [Times: user=0.01 sys=0.00, real=0.01 secs] 
2020-11-18T11:05:49.903-0800: 6.381: [Full GC (System.gc()) 2020-11-18T11:05:49.903-0800: 6.381: [CMS: 3683K->3685K(6848K), 0.0038401 secs] 3737K->3685K(9920K), [Metaspace: 4890K->4890K(139264K)], 0.0039210 secs] [Times: user=0.00 sys=0.00, real=0.00 secs] 
2020-11-18T11:05:49.908-0800: 6.386: [Full GC (System.gc()) 2020-11-18T11:05:49.908-0800: 6.386: [CMS: 3685K->3688K(6848K), 0.0037482 secs] 3740K->3688K(9920K), [Metaspace: 4890K->4890K(139264K)], 0.0038169 secs] [Times: user=0.00 sys=0.00, real=0.01 secs] 
2020-11-18T11:05:49.913-0800: 6.392: [Full GC (System.gc()) 2020-11-18T11:05:49.913-0800: 6.392: [CMS: 3688K->3690K(6848K), 0.0036711 secs] 3742K->3690K(9920K), [Metaspace: 4890K->4890K(139264K)], 0.0037417 secs] [Times: user=0.01 sys=0.00, real=0.00 secs] 
2020-11-18T11:05:49.918-0800: 6.397: [Full GC (System.gc()) 2020-11-18T11:05:49.918-0800: 6.397: [CMS: 3690K->3692K(6848K), 0.0040324 secs] 3744K->3692K(9920K), [Metaspace: 4890K->4890K(139264K)], 0.0041128 secs] [Times: user=0.00 sys=0.00, real=0.01 secs] 
2020-11-18T11:05:49.924-0800: 6.402: [Full GC (System.gc()) 2020-11-18T11:05:49.924-0800: 6.402: [CMS: 3692K->3695K(6848K), 0.0038286 secs] 3747K->3695K(9920K), [Metaspace: 4890K->4890K(139264K)], 0.0038991 secs] [Times: user=0.01 sys=0.00, real=0.00 secs] 
2020-11-18T11:05:49.929-0800: 6.407: [Full GC (System.gc()) 2020-11-18T11:05:49.929-0800: 6.407: [CMS: 3695K->3697K(6848K), 0.0033852 secs] 3749K->3697K(9920K), [Metaspace: 4890K->4890K(139264K)], 0.0034331 secs] [Times: user=0.00 sys=0.00, real=0.01 secs] 
2020-11-18T11:05:49.933-0800: 6.412: [Full GC (System.gc()) 2020-11-18T11:05:49.933-0800: 6.412: [CMS: 3697K->3700K(6848K), 0.0032824 secs] 3752K->3700K(9920K), [Metaspace: 4890K->4890K(139264K)], 0.0033301 secs] [Times: user=0.00 sys=0.00, real=0.00 secs] 
2020-11-18T11:05:49.938-0800: 6.417: [Full GC (System.gc()) 2020-11-18T11:05:49.938-0800: 6.417: [CMS: 3700K->3702K(6848K), 0.0033236 secs] 3754K->3702K(9920K), [Metaspace: 4890K->4890K(139264K)], 0.0033685 secs] [Times: user=0.01 sys=0.00, real=0.01 secs] 
2020-11-18T11:05:49.943-0800: 6.421: [Full GC (System.gc()) 2020-11-18T11:05:49.943-0800: 6.421: [CMS: 3702K->3705K(6848K), 0.0031683 secs] 3756K->3705K(9920K), [Metaspace: 4890K->4890K(139264K)], 0.0032161 secs] [Times: user=0.00 sys=0.00, real=0.00 secs] 
2020-11-18T11:05:49.947-0800: 6.426: [Full GC (System.gc()) 2020-11-18T11:05:49.947-0800: 6.426: [CMS: 3705K->3707K(6848K), 0.0036960 secs] 3759K->3707K(9920K), [Metaspace: 4890K->4890K(139264K)], 0.0037665 secs] [Times: user=0.00 sys=0.00, real=0.01 secs] 
2020-11-18T11:05:49.953-0800: 6.431: [Full GC (System.gc()) 2020-11-18T11:05:49.953-0800: 6.431: [CMS: 3707K->3709K(6848K), 0.0036030 secs] 3761K->3709K(9920K), [Metaspace: 4890K->4890K(139264K)], 0.0036716 secs] [Times: user=0.01 sys=0.00, real=0.00 secs] 
2020-11-18T11:05:49.958-0800: 6.436: [Full GC (System.gc()) 2020-11-18T11:05:49.958-0800: 6.436: [CMS: 3709K->3712K(6848K), 0.0037505 secs] 3764K->3712K(9920K), [Metaspace: 4890K->4890K(139264K)], 0.0038240 secs] [Times: user=0.00 sys=0.00, real=0.01 secs] 
2020-11-18T11:05:49.963-0800: 6.441: [Full GC (System.gc()) 2020-11-18T11:05:49.963-0800: 6.441: [CMS: 3712K->3714K(6848K), 0.0036085 secs] 3766K->3714K(9920K), [Metaspace: 4890K->4890K(139264K)], 0.0036795 secs] [Times: user=0.01 sys=0.00, real=0.00 secs] 
2020-11-18T11:05:49.968-0800: 6.446: [Full GC (System.gc()) 2020-11-18T11:05:49.968-0800: 6.446: [CMS: 3714K->3717K(6848K), 0.0037728 secs] 3769K->3717K(9920K), [Metaspace: 4890K->4890K(139264K)], 0.0038427 secs] [Times: user=0.00 sys=0.00, real=0.01 secs] 
2020-11-18T11:05:49.973-0800: 6.451: [Full GC (System.gc()) 2020-11-18T11:05:49.973-0800: 6.451: [CMS: 3717K->3719K(6848K), 0.0037356 secs] 3771K->3719K(9920K), [Metaspace: 4890K->4890K(139264K)], 0.0038069 secs] [Times: user=0.00 sys=0.00, real=0.00 secs] 
2020-11-18T11:05:49.978-0800: 6.456: [Full GC (System.gc()) 2020-11-18T11:05:49.978-0800: 6.456: [CMS: 3719K->3721K(6848K), 0.0037091 secs] 3773K->3721K(9920K), [Metaspace: 4890K->4890K(139264K)], 0.0037769 secs] [Times: user=0.01 sys=0.00, real=0.01 secs] 
2020-11-18T11:05:49.983-0800: 6.461: [Full GC (System.gc()) 2020-11-18T11:05:49.983-0800: 6.462: [CMS: 3721K->3724K(6848K), 0.0037053 secs] 3776K->3724K(9920K), [Metaspace: 4890K->4890K(139264K)], 0.0037864 secs] [Times: user=0.00 sys=0.00, real=0.00 secs] 
2020-11-18T11:05:49.988-0800: 6.467: [Full GC (System.gc()) 2020-11-18T11:05:49.988-0800: 6.467: [CMS: 3724K->3726K(6848K), 0.0037348 secs] 3778K->3726K(9920K), [Metaspace: 4890K->4890K(139264K)], 0.0038089 secs] [Times: user=0.00 sys=0.00, real=0.01 secs] 
2020-11-18T11:05:49.993-0800: 6.472: [Full GC (System.gc()) 2020-11-18T11:05:49.993-0800: 6.472: [CMS: 3726K->3729K(6848K), 0.0036714 secs] 3781K->3729K(9920K), [Metaspace: 4890K->4890K(139264K)], 0.0037451 secs] [Times: user=0.00 sys=0.00, real=0.00 secs] 
2020-11-18T11:05:49.999-0800: 6.477: [Full GC (System.gc()) 2020-11-18T11:05:49.999-0800: 6.477: [CMS: 3729K->3731K(6848K), 0.0043554 secs] 3783K->3731K(9920K), [Metaspace: 4890K->4890K(139264K)], 0.0044386 secs] [Times: user=0.00 sys=0.00, real=0.01 secs] 
2020-11-18T11:05:50.004-0800: 6.483: [Full GC (System.gc()) 2020-11-18T11:05:50.005-0800: 6.483: [CMS: 3731K->3733K(6848K), 0.0044040 secs] 3785K->3733K(9920K), [Metaspace: 4890K->4890K(139264K)], 0.0044820 secs] [Times: user=0.01 sys=0.01, real=0.00 secs] 
2020-11-18T11:05:50.010-0800: 6.489: [Full GC (System.gc()) 2020-11-18T11:05:50.010-0800: 6.489: [CMS: 3733K->3736K(6848K), 0.0038689 secs] 3788K->3736K(9920K), [Metaspace: 4890K->4890K(139264K)], 0.0039412 secs] [Times: user=0.00 sys=0.00, real=0.00 secs] 
2020-11-18T11:05:50.016-0800: 6.494: [Full GC (System.gc()) 2020-11-18T11:05:50.016-0800: 6.494: [CMS: 3736K->3738K(6848K), 0.0036673 secs] 3790K->3738K(9920K), [Metaspace: 4890K->4890K(139264K)], 0.0037338 secs] [Times: user=0.01 sys=0.00, real=0.00 secs] 
2020-11-18T11:05:50.021-0800: 6.500: [Full GC (System.gc()) 2020-11-18T11:05:50.021-0800: 6.500: [CMS: 3738K->3741K(6848K), 0.0043881 secs] 3793K->3741K(9920K), [Metaspace: 4890K->4890K(139264K)], 0.0044681 secs] [Times: user=0.00 sys=0.00, real=0.00 secs] 
2020-11-18T11:05:50.027-0800: 6.505: [Full GC (System.gc()) 2020-11-18T11:05:50.027-0800: 6.505: [CMS: 3741K->3743K(6848K), 0.0037128 secs] 3795K->3743K(9920K), [Metaspace: 4890K->4890K(139264K)], 0.0037864 secs] [Times: user=0.00 sys=0.00, real=0.01 secs] 
2020-11-18T11:05:50.032-0800: 6.511: [Full GC (System.gc()) 2020-11-18T11:05:50.032-0800: 6.511: [CMS: 3743K->3746K(6848K), 0.0035077 secs] 3798K->3746K(9920K), [Metaspace: 4890K->4890K(139264K)], 0.0035663 secs] [Times: user=0.01 sys=0.00, real=0.00 secs] 
2020-11-18T11:05:50.037-0800: 6.516: [Full GC (System.gc()) 2020-11-18T11:05:50.037-0800: 6.516: [CMS: 3746K->3748K(6848K), 0.0044184 secs] 3800K->3748K(9920K), [Metaspace: 4890K->4890K(139264K)], 0.0044984 secs] [Times: user=0.00 sys=0.00, real=0.01 secs] 
2020-11-18T11:05:50.043-0800: 6.522: [Full GC (System.gc()) 2020-11-18T11:05:50.043-0800: 6.522: [CMS: 3748K->3750K(6848K), 0.0037791 secs] 3802K->3750K(9920K), [Metaspace: 4890K->4890K(139264K)], 0.0038497 secs] [Times: user=0.01 sys=0.00, real=0.00 secs] 
2020-11-18T11:05:50.048-0800: 6.527: [Full GC (System.gc()) 2020-11-18T11:05:50.048-0800: 6.527: [CMS: 3750K->3753K(6848K), 0.0036580 secs] 3805K->3753K(9920K), [Metaspace: 4890K->4890K(139264K)], 0.0037088 secs] [Times: user=0.00 sys=0.00, real=0.01 secs] 
2020-11-18T11:05:50.054-0800: 6.532: [Full GC (System.gc()) 2020-11-18T11:05:50.054-0800: 6.532: [CMS: 3753K->3755K(6848K), 0.0043967 secs] 3807K->3755K(9920K), [Metaspace: 4890K->4890K(139264K)], 0.0044746 secs] [Times: user=0.00 sys=0.00, real=0.00 secs] 
2020-11-18T11:05:50.060-0800: 6.538: [Full GC (System.gc()) 2020-11-18T11:05:50.060-0800: 6.538: [CMS: 3755K->3758K(6848K), 0.0042759 secs] 3810K->3758K(9920K), [Metaspace: 4890K->4890K(139264K)], 0.0043837 secs] [Times: user=0.01 sys=0.00, real=0.00 secs] 
2020-11-18T11:05:50.065-0800: 6.544: [Full GC (System.gc()) 2020-11-18T11:05:50.065-0800: 6.544: [CMS: 3758K->3760K(6848K), 0.0039836 secs] 3812K->3760K(9920K), [Metaspace: 4890K->4890K(139264K)], 0.0040563 secs] [Times: user=0.00 sys=0.00, real=0.00 secs] 
2020-11-18T11:05:50.071-0800: 6.549: [Full GC (System.gc()) 2020-11-18T11:05:50.071-0800: 6.549: [CMS: 3760K->3762K(6848K), 0.0045088 secs] 3814K->3762K(9920K), [Metaspace: 4890K->4890K(139264K)], 0.0046054 secs] [Times: user=0.01 sys=0.00, real=0.00 secs] 
2020-11-18T11:05:50.077-0800: 6.555: [Full GC (System.gc()) 2020-11-18T11:05:50.077-0800: 6.555: [CMS: 3762K->3765K(6848K), 0.0045839 secs] 3817K->3765K(9920K), [Metaspace: 4890K->4890K(139264K)], 0.0046663 secs] [Times: user=0.00 sys=0.00, real=0.01 secs] 
2020-11-18T11:05:50.083-0800: 6.561: [Full GC (System.gc()) 2020-11-18T11:05:50.083-0800: 6.561: [CMS: 3765K->3767K(6848K), 0.0039544 secs] 3819K->3767K(9920K), [Metaspace: 4890K->4890K(139264K)], 0.0040312 secs] [Times: user=0.00 sys=0.00, real=0.00 secs] 
2020-11-18T11:05:50.088-0800: 6.567: [Full GC (System.gc()) 2020-11-18T11:05:50.088-0800: 6.567: [CMS: 3767K->3770K(6848K), 0.0039198 secs] 3822K->3770K(9920K), [Metaspace: 4890K->4890K(139264K)], 0.0039986 secs] [Times: user=0.01 sys=0.00, real=0.01 secs] 
2020-11-18T11:05:50.094-0800: 6.572: [Full GC (System.gc()) 2020-11-18T11:05:50.094-0800: 6.572: [CMS: 3770K->3772K(6848K), 0.0046041 secs] 3824K->3772K(9920K), [Metaspace: 4890K->4890K(139264K)], 0.0046822 secs] [Times: user=0.00 sys=0.00, real=0.00 secs] 
2020-11-18T11:05:50.100-0800: 6.578: [Full GC (System.gc()) 2020-11-18T11:05:50.100-0800: 6.578: [CMS: 3772K->3775K(6848K), 0.0043321 secs] 3827K->3775K(9920K), [Metaspace: 4890K->4890K(139264K)], 0.0044180 secs] [Times: user=0.01 sys=0.00, real=0.00 secs] 
2020-11-18T11:05:50.106-0800: 6.584: [Full GC (System.gc()) 2020-11-18T11:05:50.106-0800: 6.584: [CMS: 3775K->3777K(6848K), 0.0039291 secs] 3829K->3777K(9920K), [Metaspace: 4890K->4890K(139264K)], 0.0039991 secs] [Times: user=0.00 sys=0.00, real=0.01 secs] 
2020-11-18T11:05:50.111-0800: 6.590: [Full GC (System.gc()) 2020-11-18T11:05:50.111-0800: 6.590: [CMS: 3777K->3779K(6848K), 0.0044831 secs] 3831K->3779K(9920K), [Metaspace: 4890K->4890K(139264K)], 0.0045653 secs] [Times: user=0.01 sys=0.00, real=0.00 secs] 
2020-11-18T11:05:50.117-0800: 6.596: [Full GC (System.gc()) 2020-11-18T11:05:50.117-0800: 6.596: [CMS: 3779K->3782K(6848K), 0.0044592 secs] 3834K->3782K(9920K), [Metaspace: 4890K->4890K(139264K)], 0.0045409 secs] [Times: user=0.00 sys=0.00, real=0.01 secs] 
2020-11-18T11:05:50.123-0800: 6.602: [Full GC (System.gc()) 2020-11-18T11:05:50.123-0800: 6.602: [CMS: 3782K->3784K(6848K), 0.0039097 secs] 3836K->3784K(9920K), [Metaspace: 4890K->4890K(139264K)], 0.0039835 secs] [Times: user=0.00 sys=0.00, real=0.00 secs] 
2020-11-18T11:05:50.129-0800: 6.607: [Full GC (System.gc()) 2020-11-18T11:05:50.129-0800: 6.607: [CMS: 3784K->3787K(6848K), 0.0041192 secs] 3839K->3787K(9920K), [Metaspace: 4890K->4890K(139264K)], 0.0042014 secs] [Times: user=0.01 sys=0.00, real=0.01 secs] 
2020-11-18T11:05:50.134-0800: 6.613: [Full GC (System.gc()) 2020-11-18T11:05:50.134-0800: 6.613: [CMS: 3787K->3789K(6848K), 0.0038996 secs] 3841K->3789K(9920K), [Metaspace: 4890K->4890K(139264K)], 0.0039587 secs] [Times: user=0.00 sys=0.00, real=0.00 secs] 
2020-11-18T11:05:50.140-0800: 6.618: [Full GC (System.gc()) 2020-11-18T11:05:50.140-0800: 6.618: [CMS: 3789K->3791K(6848K), 0.0042991 secs] 3843K->3791K(9920K), [Metaspace: 4890K->4890K(139264K)], 0.0043667 secs] [Times: user=0.01 sys=0.00, real=0.00 secs] 
2020-11-18T11:05:50.145-0800: 6.624: [Full GC (System.gc()) 2020-11-18T11:05:50.145-0800: 6.624: [CMS: 3791K->3796K(6848K), 0.0039728 secs] 3846K->3796K(9920K), [Metaspace: 4890K->4890K(139264K)], 0.0040321 secs] [Times: user=0.00 sys=0.00, real=0.00 secs] 
2020-11-18T11:05:50.151-0800: 6.629: [Full GC (System.gc()) 2020-11-18T11:05:50.151-0800: 6.629: [CMS: 3796K->3799K(6848K), 0.0036027 secs] 3851K->3799K(9920K), [Metaspace: 4890K->4890K(139264K)], 0.0036613 secs] [Times: user=0.00 sys=0.00, real=0.00 secs] 
2020-11-18T11:05:50.156-0800: 6.634: [Full GC (System.gc()) 2020-11-18T11:05:50.156-0800: 6.634: [CMS: 3799K->3801K(6848K), 0.0034302 secs] 3853K->3801K(9920K), [Metaspace: 4890K->4890K(139264K)], 0.0034843 secs] [Times: user=0.01 sys=0.00, real=0.00 secs] 
2020-11-18T11:05:50.160-0800: 6.639: [Full GC (System.gc()) 2020-11-18T11:05:50.160-0800: 6.639: [CMS: 3801K->3803K(6848K), 0.0032936 secs] 3855K->3803K(9920K), [Metaspace: 4890K->4890K(139264K)], 0.0033414 secs] [Times: user=0.00 sys=0.00, real=0.00 secs] 
2020-11-18T11:05:50.165-0800: 6.644: [Full GC (System.gc()) 2020-11-18T11:05:50.165-0800: 6.644: [CMS: 3803K->3806K(6848K), 0.0031860 secs] 3858K->3806K(9920K), [Metaspace: 4890K->4890K(139264K)], 0.0032313 secs] [Times: user=0.01 sys=0.00, real=0.00 secs] 
2020-11-18T11:05:50.170-0800: 6.648: [Full GC (System.gc()) 2020-11-18T11:05:50.170-0800: 6.648: [CMS: 3806K->3808K(6848K), 0.0031961 secs] 3860K->3808K(9920K), [Metaspace: 4890K->4890K(139264K)], 0.0032401 secs] [Times: user=0.00 sys=0.00, real=0.00 secs] 
2020-11-18T11:05:50.174-0800: 6.653: [Full GC (System.gc()) 2020-11-18T11:05:50.174-0800: 6.653: [CMS: 3808K->3811K(6848K), 0.0037269 secs] 3863K->3811K(9920K), [Metaspace: 4890K->4890K(139264K)], 0.0038018 secs] [Times: user=0.00 sys=0.00, real=0.00 secs] 
2020-11-18T11:05:50.180-0800: 6.658: [Full GC (System.gc()) 2020-11-18T11:05:50.180-0800: 6.658: [CMS: 3811K->3813K(6848K), 0.0038132 secs] 3865K->3813K(9920K), [Metaspace: 4890K->4890K(139264K)], 0.0038790 secs] [Times: user=0.01 sys=0.00, real=0.00 secs] 
2020-11-18T11:05:50.185-0800: 6.664: [Full GC (System.gc()) 2020-11-18T11:05:50.185-0800: 6.664: [CMS: 3813K->3816K(6848K), 0.0038560 secs] 3868K->3816K(9920K), [Metaspace: 4890K->4890K(139264K)], 0.0039255 secs] [Times: user=0.00 sys=0.00, real=0.00 secs] 
2020-11-18T11:05:50.190-0800: 6.669: [Full GC (System.gc()) 2020-11-18T11:05:50.190-0800: 6.669: [CMS: 3816K->3818K(6848K), 0.0038020 secs] 3870K->3818K(9920K), [Metaspace: 4890K->4890K(139264K)], 0.0038773 secs] [Times: user=0.00 sys=0.00, real=0.00 secs] 
2020-11-18T11:05:50.196-0800: 6.674: [Full GC (System.gc()) 2020-11-18T11:05:50.196-0800: 6.674: [CMS: 3818K->3820K(6848K), 0.0037548 secs] 3872K->3820K(9920K), [Metaspace: 4890K->4890K(139264K)], 0.0038287 secs] [Times: user=0.01 sys=0.00, real=0.01 secs] 
2020-11-18T11:05:50.201-0800: 6.680: [Full GC (System.gc()) 2020-11-18T11:05:50.201-0800: 6.680: [CMS: 3820K->3823K(6848K), 0.0037368 secs] 3875K->3823K(9920K), [Metaspace: 4890K->4890K(139264K)], 0.0038072 secs] [Times: user=0.00 sys=0.00, real=0.00 secs] 
2020-11-18T11:05:50.206-0800: 6.685: [Full GC (System.gc()) 2020-11-18T11:05:50.206-0800: 6.685: [CMS: 3823K->3825K(6848K), 0.0032566 secs] 3877K->3825K(9920K), [Metaspace: 4890K->4890K(139264K)], 0.0033044 secs] [Times: user=0.01 sys=0.00, real=0.01 secs] 
2020-11-18T11:05:50.211-0800: 6.690: [Full GC (System.gc()) 2020-11-18T11:05:50.211-0800: 6.690: [CMS: 3825K->3828K(6848K), 0.0050073 secs] 3880K->3828K(9920K), [Metaspace: 4890K->4890K(139264K)], 0.0050789 secs] [Times: user=0.00 sys=0.00, real=0.00 secs] 
2020-11-18T11:05:50.218-0800: 6.696: [Full GC (System.gc()) 2020-11-18T11:05:50.218-0800: 6.696: [CMS: 3828K->3830K(6848K), 0.0036929 secs] 3882K->3830K(9920K), [Metaspace: 4890K->4890K(139264K)], 0.0037598 secs] [Times: user=0.00 sys=0.00, real=0.01 secs] 
2020-11-18T11:05:50.223-0800: 6.701: [Full GC (System.gc()) 2020-11-18T11:05:50.223-0800: 6.701: [CMS: 3830K->3832K(6848K), 0.0038129 secs] 3884K->3832K(9920K), [Metaspace: 4890K->4890K(139264K)], 0.0038739 secs] [Times: user=0.01 sys=0.00, real=0.00 secs] 
2020-11-18T11:05:50.228-0800: 6.707: [Full GC (System.gc()) 2020-11-18T11:05:50.228-0800: 6.707: [CMS: 3832K->3835K(6848K), 0.0039754 secs] 3887K->3835K(9920K), [Metaspace: 4890K->4890K(139264K)], 0.0040677 secs] [Times: user=0.00 sys=0.00, real=0.01 secs] 
2020-11-18T11:05:50.233-0800: 6.712: [Full GC (System.gc()) 2020-11-18T11:05:50.233-0800: 6.712: [CMS: 3835K->3837K(6848K), 0.0034030 secs] 3889K->3837K(9920K), [Metaspace: 4890K->4890K(139264K)], 0.0034552 secs] [Times: user=0.01 sys=0.00, real=0.00 secs] 
2020-11-18T11:05:50.238-0800: 6.716: [Full GC (System.gc()) 2020-11-18T11:05:50.238-0800: 6.716: [CMS: 3837K->3840K(6848K), 0.0043062 secs] 3892K->3840K(9920K), [Metaspace: 4890K->4890K(139264K)], 0.0043678 secs] [Times: user=0.00 sys=0.00, real=0.01 secs] 
2020-11-18T11:05:50.243-0800: 6.722: [Full GC (System.gc()) 2020-11-18T11:05:50.243-0800: 6.722: [CMS: 3840K->3842K(6848K), 0.0034067 secs] 3894K->3842K(9920K), [Metaspace: 4890K->4890K(139264K)], 0.0034582 secs] [Times: user=0.00 sys=0.00, real=0.00 secs] 
2020-11-18T11:05:50.248-0800: 6.727: [Full GC (System.gc()) 2020-11-18T11:05:50.248-0800: 6.727: [CMS: 3842K->3845K(6848K), 0.0037592 secs] 3897K->3845K(9920K), [Metaspace: 4890K->4890K(139264K)], 0.0038302 secs] [Times: user=0.01 sys=0.00, real=0.01 secs] 
2020-11-18T11:05:50.253-0800: 6.732: [Full GC (System.gc()) 2020-11-18T11:05:50.253-0800: 6.732: [CMS: 3845K->3847K(6848K), 0.0036844 secs] 3899K->3847K(9920K), [Metaspace: 4890K->4890K(139264K)], 0.0037564 secs] [Times: user=0.00 sys=0.00, real=0.00 secs] 
2020-11-18T11:05:50.259-0800: 6.737: [Full GC (System.gc()) 2020-11-18T11:05:50.259-0800: 6.737: [CMS: 3847K->3849K(6848K), 0.0037521 secs] 3901K->3849K(9920K), [Metaspace: 4890K->4890K(139264K)], 0.0038245 secs] [Times: user=0.01 sys=0.00, real=0.01 secs] 
2020-11-18T11:05:50.264-0800: 6.742: [Full GC (System.gc()) 2020-11-18T11:05:50.264-0800: 6.742: [CMS: 3849K->3852K(6848K), 0.0037244 secs] 3904K->3852K(9920K), [Metaspace: 4890K->4890K(139264K)], 0.0037945 secs] [Times: user=0.00 sys=0.00, real=0.00 secs] 
2020-11-18T11:05:50.269-0800: 6.747: [Full GC (System.gc()) 2020-11-18T11:05:50.269-0800: 6.747: [CMS: 3852K->3854K(6848K), 0.0037464 secs] 3906K->3854K(9920K), [Metaspace: 4890K->4890K(139264K)], 0.0038209 secs] [Times: user=0.00 sys=0.00, real=0.01 secs] 
2020-11-18T11:05:50.274-0800: 6.753: [Full GC (System.gc()) 2020-11-18T11:05:50.274-0800: 6.753: [CMS: 3854K->3857K(6848K), 0.0037234 secs] 3909K->3857K(9920K), [Metaspace: 4890K->4890K(139264K)], 0.0037962 secs] [Times: user=0.01 sys=0.00, real=0.00 secs] 
2020-11-18T11:05:50.279-0800: 6.758: [Full GC (System.gc()) 2020-11-18T11:05:50.279-0800: 6.758: [CMS: 3857K->3859K(6848K), 0.0037198 secs] 3911K->3859K(9920K), [Metaspace: 4890K->4890K(139264K)], 0.0038079 secs] [Times: user=0.00 sys=0.00, real=0.01 secs] 
2020-11-18T11:05:50.284-0800: 6.763: [Full GC (System.gc()) 2020-11-18T11:05:50.284-0800: 6.763: [CMS: 3859K->3861K(6848K), 0.0035284 secs] 3913K->3861K(9920K), [Metaspace: 4890K->4890K(139264K)], 0.0035842 secs] [Times: user=0.00 sys=0.00, real=0.00 secs] 
2020-11-18T11:05:50.289-0800: 6.768: [Full GC (System.gc()) 2020-11-18T11:05:50.289-0800: 6.768: [CMS: 3861K->3864K(6848K), 0.0035981 secs] 3916K->3864K(9920K), [Metaspace: 4890K->4890K(139264K)], 0.0036498 secs] [Times: user=0.01 sys=0.00, real=0.01 secs] 
2020-11-18T11:05:50.294-0800: 6.773: [Full GC (System.gc()) 2020-11-18T11:05:50.294-0800: 6.773: [CMS: 3864K->3866K(6848K), 0.0033142 secs] 3918K->3866K(9920K), [Metaspace: 4890K->4890K(139264K)], 0.0033641 secs] [Times: user=0.00 sys=0.00, real=0.00 secs] 
2020-11-18T11:05:50.299-0800: 6.778: [Full GC (System.gc()) 2020-11-18T11:05:50.299-0800: 6.778: [CMS: 3866K->3869K(6848K), 0.0036964 secs] 3921K->3869K(9920K), [Metaspace: 4890K->4890K(139264K)], 0.0037743 secs] [Times: user=0.01 sys=0.00, real=0.01 secs] 
2020-11-18T11:05:50.304-0800: 6.783: [Full GC (System.gc()) 2020-11-18T11:05:50.304-0800: 6.783: [CMS: 3869K->3871K(6848K), 0.0038213 secs] 3923K->3871K(9920K), [Metaspace: 4890K->4890K(139264K)], 0.0038929 secs] [Times: user=0.00 sys=0.00, real=0.00 secs] 
2020-11-18T11:05:50.309-0800: 6.788: [Full GC (System.gc()) 2020-11-18T11:05:50.310-0800: 6.788: [CMS: 3871K->3873K(6848K), 0.0043617 secs] 3925K->3873K(9920K), [Metaspace: 4890K->4890K(139264K)], 0.0044427 secs] [Times: user=0.00 sys=0.00, real=0.01 secs] 
2020-11-18T11:05:50.315-0800: 6.794: [Full GC (System.gc()) 2020-11-18T11:05:50.315-0800: 6.794: [CMS: 3873K->3876K(6848K), 0.0035374 secs] 3928K->3876K(9920K), [Metaspace: 4890K->4890K(139264K)], 0.0035888 secs] [Times: user=0.01 sys=0.00, real=0.00 secs] 
2020-11-18T11:05:50.320-0800: 6.799: [Full GC (System.gc()) 2020-11-18T11:05:50.320-0800: 6.799: [CMS: 3876K->3878K(6848K), 0.0031926 secs] 3930K->3878K(9920K), [Metaspace: 4890K->4890K(139264K)], 0.0032388 secs] [Times: user=0.00 sys=0.00, real=0.00 secs] 
2020-11-18T11:05:50.325-0800: 6.803: [Full GC (System.gc()) 2020-11-18T11:05:50.325-0800: 6.803: [CMS: 3878K->3881K(6848K), 0.0031424 secs] 3933K->3881K(9920K), [Metaspace: 4890K->4890K(139264K)], 0.0031869 secs] [Times: user=0.00 sys=0.00, real=0.00 secs] 
2020-11-18T11:05:50.329-0800: 6.808: [Full GC (System.gc()) 2020-11-18T11:05:50.329-0800: 6.808: [CMS: 3881K->3883K(6848K), 0.0035616 secs] 3935K->3883K(9920K), [Metaspace: 4890K->4890K(139264K)], 0.0036314 secs] [Times: user=0.01 sys=0.00, real=0.01 secs] 
2020-11-18T11:05:50.334-0800: 6.813: [Full GC (System.gc()) 2020-11-18T11:05:50.334-0800: 6.813: [CMS: 3883K->3886K(6848K), 0.0038413 secs] 3938K->3886K(9920K), [Metaspace: 4890K->4890K(139264K)], 0.0039188 secs] [Times: user=0.00 sys=0.00, real=0.00 secs] 
2020-11-18T11:05:50.340-0800: 6.818: [Full GC (System.gc()) 2020-11-18T11:05:50.340-0800: 6.818: [CMS: 3886K->3888K(6848K), 0.0038754 secs] 3940K->3888K(9920K), [Metaspace: 4890K->4890K(139264K)], 0.0039473 secs] [Times: user=0.01 sys=0.00, real=0.00 secs] 
2020-11-18T11:05:50.345-0800: 6.824: [Full GC (System.gc()) 2020-11-18T11:05:50.345-0800: 6.824: [CMS: 3888K->3890K(6848K), 0.0040666 secs] 3942K->3890K(9920K), [Metaspace: 4890K->4890K(139264K)], 0.0041407 secs] [Times: user=0.00 sys=0.00, real=0.00 secs] 
2020-11-18T11:05:50.351-0800: 6.829: [Full GC (System.gc()) 2020-11-18T11:05:50.351-0800: 6.829: [CMS: 3890K->3893K(6848K), 0.0037065 secs] 3945K->3893K(9920K), [Metaspace: 4890K->4890K(139264K)], 0.0037796 secs] [Times: user=0.00 sys=0.00, real=0.00 secs] 
2020-11-18T11:05:50.356-0800: 6.835: [Full GC (System.gc()) 2020-11-18T11:05:50.356-0800: 6.835: [CMS: 3893K->3895K(6848K), 0.0043497 secs] 3947K->3895K(9920K), [Metaspace: 4890K->4890K(139264K)], 0.0044328 secs] [Times: user=0.01 sys=0.00, real=0.01 secs] 
2020-11-18T11:05:50.362-0800: 6.841: [Full GC (System.gc()) 2020-11-18T11:05:50.362-0800: 6.841: [CMS: 3895K->3898K(6848K), 0.0035511 secs] 3950K->3898K(9920K), [Metaspace: 4890K->4890K(139264K)], 0.0036024 secs] [Times: user=0.00 sys=0.00, real=0.00 secs] 
2020-11-18T11:05:50.367-0800: 6.845: [Full GC (System.gc()) 2020-11-18T11:05:50.367-0800: 6.845: [CMS: 3898K->3900K(6848K), 0.0033465 secs] 3952K->3900K(9920K), [Metaspace: 4890K->4890K(139264K)], 0.0033946 secs] [Times: user=0.01 sys=0.00, real=0.01 secs] 
2020-11-18T11:05:50.372-0800: 6.850: [Full GC (System.gc()) 2020-11-18T11:05:50.372-0800: 6.850: [CMS: 3900K->3902K(6848K), 0.0033058 secs] 3954K->3902K(9920K), [Metaspace: 4890K->4890K(139264K)], 0.0033555 secs] [Times: user=0.00 sys=0.00, real=0.00 secs] 
2020-11-18T11:05:50.376-0800: 6.855: [Full GC (System.gc()) 2020-11-18T11:05:50.376-0800: 6.855: [CMS: 3902K->3905K(6848K), 0.0032799 secs] 3957K->3905K(9920K), [Metaspace: 4890K->4890K(139264K)], 0.0033268 secs] [Times: user=0.00 sys=0.00, real=0.01 secs] 
2020-11-18T11:05:50.381-0800: 6.859: [Full GC (System.gc()) 2020-11-18T11:05:50.381-0800: 6.860: [CMS: 3905K->3907K(6848K), 0.0032319 secs] 3959K->3907K(9920K), [Metaspace: 4890K->4890K(139264K)], 0.0032814 secs] [Times: user=0.01 sys=0.00, real=0.00 secs] 
2020-11-18T11:05:50.386-0800: 6.864: [Full GC (System.gc()) 2020-11-18T11:05:50.386-0800: 6.864: [CMS: 3907K->3910K(6848K), 0.0037121 secs] 3962K->3910K(9920K), [Metaspace: 4890K->4890K(139264K)], 0.0037852 secs] [Times: user=0.00 sys=0.00, real=0.01 secs] 
2020-11-18T11:05:50.391-0800: 6.869: [Full GC (System.gc()) 2020-11-18T11:05:50.391-0800: 6.869: [CMS: 3910K->3912K(6848K), 0.0041425 secs] 3964K->3912K(9920K), [Metaspace: 4890K->4890K(139264K)], 0.0042422 secs] [Times: user=0.00 sys=0.00, real=0.00 secs] 
2020-11-18T11:05:50.396-0800: 6.875: [Full GC (System.gc()) 2020-11-18T11:05:50.396-0800: 6.875: [CMS: 3912K->3915K(6848K), 0.0039829 secs] 3967K->3915K(9920K), [Metaspace: 4890K->4890K(139264K)], 0.0040578 secs] [Times: user=0.01 sys=0.00, real=0.01 secs] 
2020-11-18T11:05:50.402-0800: 6.880: [Full GC (System.gc()) 2020-11-18T11:05:50.402-0800: 6.880: [CMS: 3915K->3917K(6848K), 0.0042370 secs] 3969K->3917K(9920K), [Metaspace: 4890K->4890K(139264K)], 0.0043126 secs] [Times: user=0.00 sys=0.00, real=0.00 secs] 
2020-11-18T11:05:50.407-0800: 6.886: [Full GC (System.gc()) 2020-11-18T11:05:50.407-0800: 6.886: [CMS: 3917K->3919K(6848K), 0.0037094 secs] 3971K->3919K(9920K), [Metaspace: 4890K->4890K(139264K)], 0.0037844 secs] [Times: user=0.01 sys=0.00, real=0.01 secs] 
2020-11-18T11:05:50.413-0800: 6.891: [Full GC (System.gc()) 2020-11-18T11:05:50.413-0800: 6.891: [CMS: 3919K->3922K(6848K), 0.0040247 secs] 3974K->3922K(9920K), [Metaspace: 4890K->4890K(139264K)], 0.0041028 secs] [Times: user=0.00 sys=0.00, real=0.00 secs] 
2020-11-18T11:05:50.418-0800: 6.897: [Full GC (System.gc()) 2020-11-18T11:05:50.418-0800: 6.897: [CMS: 3922K->3924K(6848K), 0.0034479 secs] 3976K->3924K(9920K), [Metaspace: 4890K->4890K(139264K)], 0.0034962 secs] [Times: user=0.00 sys=0.00, real=0.01 secs] 
2020-11-18T11:05:50.423-0800: 6.902: [Full GC (System.gc()) 2020-11-18T11:05:50.423-0800: 6.902: [CMS: 3924K->3927K(6848K), 0.0038543 secs] 3979K->3927K(9920K), [Metaspace: 4890K->4890K(139264K)], 0.0039349 secs] [Times: user=0.01 sys=0.00, real=0.00 secs] 
2020-11-18T11:05:50.428-0800: 6.907: [Full GC (System.gc()) 2020-11-18T11:05:50.428-0800: 6.907: [CMS: 3927K->3929K(6848K), 0.0033180 secs] 3981K->3929K(9920K), [Metaspace: 4890K->4890K(139264K)], 0.0033724 secs] [Times: user=0.00 sys=0.00, real=0.01 secs] 
2020-11-18T11:05:50.433-0800: 6.912: [Full GC (System.gc()) 2020-11-18T11:05:50.433-0800: 6.912: [CMS: 3929K->3931K(6848K), 0.0032888 secs] 3983K->3931K(9920K), [Metaspace: 4890K->4890K(139264K)], 0.0033355 secs] [Times: user=0.00 sys=0.00, real=0.00 secs] 
2020-11-18T11:05:50.438-0800: 6.917: [Full GC (System.gc()) 2020-11-18T11:05:50.438-0800: 6.917: [CMS: 3931K->3934K(6848K), 0.0038998 secs] 3986K->3934K(9920K), [Metaspace: 4890K->4890K(139264K)], 0.0039785 secs] [Times: user=0.01 sys=0.00, real=0.01 secs] 
2020-11-18T11:05:50.443-0800: 6.922: [Full GC (System.gc()) 2020-11-18T11:05:50.443-0800: 6.922: [CMS: 3934K->3936K(6848K), 0.0032374 secs] 3988K->3936K(9920K), [Metaspace: 4890K->4890K(139264K)], 0.0032838 secs] [Times: user=0.00 sys=0.00, real=0.00 secs] 
2020-11-18T11:05:50.448-0800: 6.926: [Full GC (System.gc()) 2020-11-18T11:05:50.448-0800: 6.926: [CMS: 3936K->3939K(6848K), 0.0032867 secs] 3991K->3939K(9920K), [Metaspace: 4890K->4890K(139264K)], 0.0033342 secs] [Times: user=0.01 sys=0.00, real=0.01 secs] 
2020-11-18T11:05:50.453-0800: 6.931: [Full GC (System.gc()) 2020-11-18T11:05:50.453-0800: 6.931: [CMS: 3939K->3941K(6848K), 0.0031979 secs] 3993K->3941K(9920K), [Metaspace: 4890K->4890K(139264K)], 0.0032449 secs] [Times: user=0.00 sys=0.00, real=0.00 secs] 
2020-11-18T11:05:50.457-0800: 6.936: [Full GC (System.gc()) 2020-11-18T11:05:50.457-0800: 6.936: [CMS: 3941K->3944K(6848K), 0.0036686 secs] 3995K->3944K(9920K), [Metaspace: 4890K->4890K(139264K)], 0.0037517 secs] [Times: user=0.00 sys=0.00, real=0.01 secs] 
2020-11-18T11:05:50.463-0800: 6.941: [Full GC (System.gc()) 2020-11-18T11:05:50.463-0800: 6.941: [CMS: 3944K->3946K(6848K), 0.0040574 secs] 3998K->3946K(9920K), [Metaspace: 4890K->4890K(139264K)], 0.0041410 secs] [Times: user=0.01 sys=0.00, real=0.00 secs] 
2020-11-18T11:05:50.468-0800: 6.947: [Full GC (System.gc()) 2020-11-18T11:05:50.468-0800: 6.947: [CMS: 3946K->3948K(6848K), 0.0038260 secs] 4000K->3948K(9920K), [Metaspace: 4890K->4890K(139264K)], 0.0038970 secs] [Times: user=0.00 sys=0.00, real=0.01 secs] 
2020-11-18T11:05:50.473-0800: 6.952: [Full GC (System.gc()) 2020-11-18T11:05:50.473-0800: 6.952: [CMS: 3948K->3951K(6848K), 0.0037117 secs] 4003K->3951K(9920K), [Metaspace: 4890K->4890K(139264K)], 0.0037954 secs] [Times: user=0.00 sys=0.00, real=0.00 secs] 
2020-11-18T11:05:50.479-0800: 6.957: [Full GC (System.gc()) 2020-11-18T11:05:50.479-0800: 6.957: [CMS: 3951K->3953K(6848K), 0.0037862 secs] 4005K->3953K(9920K), [Metaspace: 4890K->4890K(139264K)], 0.0038623 secs] [Times: user=0.01 sys=0.00, real=0.01 secs] 
2020-11-18T11:05:50.484-0800: 6.962: [Full GC (System.gc()) 2020-11-18T11:05:50.484-0800: 6.963: [CMS: 3953K->3956K(6848K), 0.0036762 secs] 4008K->3956K(9920K), [Metaspace: 4890K->4890K(139264K)], 0.0037488 secs] [Times: user=0.00 sys=0.00, real=0.00 secs] 
2020-11-18T11:05:50.489-0800: 6.967: [Full GC (System.gc()) 2020-11-18T11:05:50.489-0800: 6.967: [CMS: 3956K->3958K(6848K), 0.0038816 secs] 4010K->3958K(9920K), [Metaspace: 4890K->4890K(139264K)], 0.0039530 secs] [Times: user=0.01 sys=0.00, real=0.01 secs] 
2020-11-18T11:05:50.494-0800: 6.973: [Full GC (System.gc()) 2020-11-18T11:05:50.494-0800: 6.973: [CMS: 3958K->3960K(6848K), 0.0039098 secs] 4012K->3960K(9920K), [Metaspace: 4890K->4890K(139264K)], 0.0039874 secs] [Times: user=0.00 sys=0.00, real=0.00 secs] 
2020-11-18T11:05:50.500-0800: 6.978: [Full GC (System.gc()) 2020-11-18T11:05:50.500-0800: 6.978: [CMS: 3960K->3963K(6848K), 0.0038077 secs] 4015K->3963K(9920K), [Metaspace: 4890K->4890K(139264K)], 0.0038828 secs] [Times: user=0.00 sys=0.00, real=0.00 secs] 
2020-11-18T11:05:50.505-0800: 6.984: [Full GC (System.gc()) 2020-11-18T11:05:50.505-0800: 6.984: [CMS: 3963K->3965K(6848K), 0.0033479 secs] 4017K->3965K(9920K), [Metaspace: 4890K->4890K(139264K)], 0.0033961 secs] [Times: user=0.01 sys=0.00, real=0.00 secs] 
2020-11-18T11:05:50.510-0800: 6.988: [Full GC (System.gc()) 2020-11-18T11:05:50.510-0800: 6.988: [CMS: 3965K->3968K(6848K), 0.0038523 secs] 4020K->3968K(9920K), [Metaspace: 4890K->4890K(139264K)], 0.0039287 secs] [Times: user=0.00 sys=0.00, real=0.00 secs] 
2020-11-18T11:05:50.515-0800: 6.993: [Full GC (System.gc()) 2020-11-18T11:05:50.515-0800: 6.993: [CMS: 3968K->3970K(6848K), 0.0036791 secs] 4022K->3970K(9920K), [Metaspace: 4890K->4890K(139264K)], 0.0037610 secs] [Times: user=0.01 sys=0.00, real=0.00 secs] 
2020-11-18T11:05:50.520-0800: 6.999: [Full GC (System.gc()) 2020-11-18T11:05:50.520-0800: 6.999: [CMS: 3970K->3972K(6848K), 0.0036918 secs] 4024K->3972K(9920K), [Metaspace: 4890K->4890K(139264K)], 0.0037628 secs] [Times: user=0.00 sys=0.00, real=0.00 secs] 
2020-11-18T11:05:50.525-0800: 7.004: [Full GC (System.gc()) 2020-11-18T11:05:50.525-0800: 7.004: [CMS: 3972K->3975K(6848K), 0.0040385 secs] 4027K->3975K(9920K), [Metaspace: 4890K->4890K(139264K)], 0.0041317 secs] [Times: user=0.00 sys=0.00, real=0.00 secs] 
2020-11-18T11:05:50.531-0800: 7.009: [Full GC (System.gc()) 2020-11-18T11:05:50.531-0800: 7.009: [CMS: 3975K->3977K(6848K), 0.0039102 secs] 4029K->3977K(9920K), [Metaspace: 4890K->4890K(139264K)], 0.0039866 secs] [Times: user=0.01 sys=0.00, real=0.00 secs] 
2020-11-18T11:05:50.536-0800: 7.015: [Full GC (System.gc()) 2020-11-18T11:05:50.536-0800: 7.015: [CMS: 3977K->3980K(6848K), 0.0038289 secs] 4032K->3980K(9920K), [Metaspace: 4890K->4890K(139264K)], 0.0039041 secs] [Times: user=0.00 sys=0.00, real=0.01 secs] 
2020-11-18T11:05:50.541-0800: 7.020: [Full GC (System.gc()) 2020-11-18T11:05:50.541-0800: 7.020: [CMS: 3980K->3982K(6848K), 0.0032406 secs] 4034K->3982K(9920K), [Metaspace: 4890K->4890K(139264K)], 0.0032879 secs] [Times: user=0.00 sys=0.00, real=0.00 secs] 
2020-11-18T11:05:50.546-0800: 7.024: [Full GC (System.gc()) 2020-11-18T11:05:50.546-0800: 7.024: [CMS: 3982K->3985K(6848K), 0.0034370 secs] 4037K->3985K(9920K), [Metaspace: 4890K->4890K(139264K)], 0.0034907 secs] [Times: user=0.01 sys=0.00, real=0.00 secs] 
2020-11-18T11:05:50.551-0800: 7.029: [Full GC (System.gc()) 2020-11-18T11:05:50.551-0800: 7.029: [CMS: 3985K->3987K(6848K), 0.0039370 secs] 4039K->3987K(9920K), [Metaspace: 4890K->4890K(139264K)], 0.0040153 secs] [Times: user=0.00 sys=0.00, real=0.00 secs] 
2020-11-18T11:05:50.556-0800: 7.035: [Full GC (System.gc()) 2020-11-18T11:05:50.556-0800: 7.035: [CMS: 3987K->3989K(6848K), 0.0038938 secs] 4041K->3989K(9920K), [Metaspace: 4890K->4890K(139264K)], 0.0039662 secs] [Times: user=0.01 sys=0.00, real=0.01 secs] 
2020-11-18T11:05:50.562-0800: 7.040: [Full GC (System.gc()) 2020-11-18T11:05:50.562-0800: 7.040: [CMS: 3989K->3992K(6848K), 0.0040022 secs] 4044K->3992K(9920K), [Metaspace: 4890K->4890K(139264K)], 0.0040703 secs] [Times: user=0.00 sys=0.00, real=0.00 secs] 
2020-11-18T11:05:50.567-0800: 7.045: [Full GC (System.gc()) 2020-11-18T11:05:50.567-0800: 7.046: [CMS: 3992K->3994K(6848K), 0.0035875 secs] 4046K->3994K(9920K), [Metaspace: 4890K->4890K(139264K)], 0.0036415 secs] [Times: user=0.00 sys=0.00, real=0.01 secs] 
2020-11-18T11:05:50.572-0800: 7.050: [Full GC (System.gc()) 2020-11-18T11:05:50.572-0800: 7.050: [CMS: 3994K->3997K(6848K), 0.0033784 secs] 4049K->3997K(9920K), [Metaspace: 4890K->4890K(139264K)], 0.0034297 secs] [Times: user=0.01 sys=0.00, real=0.00 secs] 
2020-11-18T11:05:50.577-0800: 7.055: [Full GC (System.gc()) 2020-11-18T11:05:50.577-0800: 7.055: [CMS: 3997K->3999K(6848K), 0.0037585 secs] 4051K->3999K(9920K), [Metaspace: 4890K->4890K(139264K)], 0.0038317 secs] [Times: user=0.00 sys=0.00, real=0.01 secs] 
2020-11-18T11:05:50.582-0800: 7.061: [Full GC (System.gc()) 2020-11-18T11:05:50.582-0800: 7.061: [CMS: 3999K->4001K(6848K), 0.0038385 secs] 4053K->4001K(9920K), [Metaspace: 4890K->4890K(139264K)], 0.0039146 secs] [Times: user=0.01 sys=0.00, real=0.00 secs] 
2020-11-18T11:05:50.587-0800: 7.066: [Full GC (System.gc()) 2020-11-18T11:05:50.587-0800: 7.066: [CMS: 4001K->4004K(6848K), 0.0039182 secs] 4056K->4004K(9920K), [Metaspace: 4890K->4890K(139264K)], 0.0039906 secs] [Times: user=0.00 sys=0.00, real=0.01 secs] 
2020-11-18T11:05:50.593-0800: 7.071: [Full GC (System.gc()) 2020-11-18T11:05:50.593-0800: 7.071: [CMS: 4004K->4006K(6848K), 0.0038478 secs] 4058K->4006K(9920K), [Metaspace: 4890K->4890K(139264K)], 0.0039183 secs] [Times: user=0.00 sys=0.00, real=0.00 secs] 
2020-11-18T11:05:50.598-0800: 7.076: [Full GC (System.gc()) 2020-11-18T11:05:50.598-0800: 7.076: [CMS: 4006K->4009K(6848K), 0.0035030 secs] 4061K->4009K(9920K), [Metaspace: 4890K->4890K(139264K)], 0.0035537 secs] [Times: user=0.01 sys=0.00, real=0.01 secs] 
2020-11-18T11:05:50.603-0800: 7.081: [Full GC (System.gc()) 2020-11-18T11:05:50.603-0800: 7.081: [CMS: 4009K->4011K(6848K), 0.0037910 secs] 4063K->4011K(9920K), [Metaspace: 4890K->4890K(139264K)], 0.0038600 secs] [Times: user=0.00 sys=0.00, real=0.00 secs] 
2020-11-18T11:05:50.608-0800: 7.087: [Full GC (System.gc()) 2020-11-18T11:05:50.608-0800: 7.087: [CMS: 4011K->4014K(6848K), 0.0037515 secs] 4065K->4014K(9920K), [Metaspace: 4890K->4890K(139264K)], 0.0038203 secs] [Times: user=0.01 sys=0.00, real=0.01 secs] 
2020-11-18T11:05:50.613-0800: 7.092: [Full GC (System.gc()) 2020-11-18T11:05:50.613-0800: 7.092: [CMS: 4014K->4016K(6848K), 0.0038328 secs] 4068K->4016K(9920K), [Metaspace: 4890K->4890K(139264K)], 0.0039039 secs] [Times: user=0.00 sys=0.00, real=0.00 secs] 
2020-11-18T11:05:50.619-0800: 7.097: [Full GC (System.gc()) 2020-11-18T11:05:50.619-0800: 7.097: [CMS: 4016K->4018K(6848K), 0.0038435 secs] 4070K->4018K(9920K), [Metaspace: 4890K->4890K(139264K)], 0.0039136 secs] [Times: user=0.00 sys=0.00, real=0.01 secs] 
2020-11-18T11:05:50.624-0800: 7.103: [Full GC (System.gc()) 2020-11-18T11:05:50.624-0800: 7.103: [CMS: 4018K->4021K(6848K), 0.0037654 secs] 4073K->4021K(9920K), [Metaspace: 4890K->4890K(139264K)], 0.0038399 secs] [Times: user=0.01 sys=0.00, real=0.00 secs] 
2020-11-18T11:05:50.630-0800: 7.108: [Full GC (System.gc()) 2020-11-18T11:05:50.630-0800: 7.108: [CMS: 4021K->4023K(6848K), 0.0037491 secs] 4075K->4023K(9920K), [Metaspace: 4890K->4890K(139264K)], 0.0038280 secs] [Times: user=0.00 sys=0.00, real=0.00 secs] 
2020-11-18T11:05:50.635-0800: 7.113: [Full GC (System.gc()) 2020-11-18T11:05:50.635-0800: 7.113: [CMS: 4023K->4026K(6848K), 0.0037207 secs] 4078K->4026K(9920K), [Metaspace: 4890K->4890K(139264K)], 0.0037803 secs] [Times: user=0.00 sys=0.00, real=0.00 secs] 
2020-11-18T11:05:50.640-0800: 7.118: [Full GC (System.gc()) 2020-11-18T11:05:50.640-0800: 7.118: [CMS: 4026K->4028K(6848K), 0.0042474 secs] 4080K->4028K(9920K), [Metaspace: 4890K->4890K(139264K)], 0.0043173 secs] [Times: user=0.00 sys=0.00, real=0.00 secs] 
2020-11-18T11:05:50.646-0800: 7.124: [Full GC (System.gc()) 2020-11-18T11:05:50.646-0800: 7.124: [CMS: 4028K->4030K(6848K), 0.0039925 secs] 4082K->4030K(9920K), [Metaspace: 4890K->4890K(139264K)], 0.0040586 secs] [Times: user=0.00 sys=0.00, real=0.01 secs] 
2020-11-18T11:05:50.651-0800: 7.129: [Full GC (System.gc()) 2020-11-18T11:05:50.651-0800: 7.129: [CMS: 4030K->4033K(6848K), 0.0034879 secs] 4085K->4033K(9920K), [Metaspace: 4890K->4890K(139264K)], 0.0035388 secs] [Times: user=0.01 sys=0.00, real=0.00 secs] 
2020-11-18T11:05:50.656-0800: 7.134: [Full GC (System.gc()) 2020-11-18T11:05:50.656-0800: 7.134: [CMS: 4033K->4035K(6848K), 0.0044426 secs] 4087K->4035K(9920K), [Metaspace: 4890K->4890K(139264K)], 0.0045095 secs] [Times: user=0.00 sys=0.00, real=0.01 secs] 
2020-11-18T11:05:50.662-0800: 7.140: [Full GC (System.gc()) 2020-11-18T11:05:50.662-0800: 7.140: [CMS: 4035K->4038K(6848K), 0.0035363 secs] 4090K->4038K(9920K), [Metaspace: 4890K->4890K(139264K)], 0.0035868 secs] [Times: user=0.01 sys=0.00, real=0.00 secs] 
2020-11-18T11:05:50.667-0800: 7.145: [Full GC (System.gc()) 2020-11-18T11:05:50.667-0800: 7.145: [CMS: 4038K->4040K(6848K), 0.0032769 secs] 4092K->4040K(9920K), [Metaspace: 4890K->4890K(139264K)], 0.0033216 secs] [Times: user=0.00 sys=0.00, real=0.01 secs] 
2020-11-18T11:05:50.671-0800: 7.150: [Full GC (System.gc()) 2020-11-18T11:05:50.671-0800: 7.150: [CMS: 4040K->4042K(6848K), 0.0032326 secs] 4094K->4042K(9920K), [Metaspace: 4890K->4890K(139264K)], 0.0032779 secs] [Times: user=0.00 sys=0.00, real=0.00 secs] 
2020-11-18T11:05:50.676-0800: 7.155: [Full GC (System.gc()) 2020-11-18T11:05:50.676-0800: 7.155: [CMS: 4042K->4045K(6848K), 0.0033944 secs] 4097K->4045K(9920K), [Metaspace: 4890K->4890K(139264K)], 0.0034465 secs] [Times: user=0.01 sys=0.00, real=0.01 secs] 
2020-11-18T11:05:50.681-0800: 7.159: [Full GC (System.gc()) 2020-11-18T11:05:50.681-0800: 7.159: [CMS: 4045K->4047K(6848K), 0.0033908 secs] 4099K->4047K(9920K), [Metaspace: 4890K->4890K(139264K)], 0.0034368 secs] [Times: user=0.00 sys=0.00, real=0.00 secs] 
2020-11-18T11:05:50.686-0800: 7.164: [Full GC (System.gc()) 2020-11-18T11:05:50.686-0800: 7.164: [CMS: 4047K->4050K(6848K), 0.0038348 secs] 4102K->4050K(9920K), [Metaspace: 4890K->4890K(139264K)], 0.0039058 secs] [Times: user=0.00 sys=0.00, real=0.01 secs] 
2020-11-18T11:05:50.691-0800: 7.169: [Full GC (System.gc()) 2020-11-18T11:05:50.691-0800: 7.169: [CMS: 4050K->4052K(6848K), 0.0036976 secs] 4104K->4052K(9920K), [Metaspace: 4890K->4890K(139264K)], 0.0037602 secs] [Times: user=0.01 sys=0.01, real=0.00 secs] 
2020-11-18T11:05:50.696-0800: 7.175: [Full GC (System.gc()) 2020-11-18T11:05:50.696-0800: 7.175: [CMS: 4052K->4055K(6848K), 0.0033102 secs] 4107K->4055K(9920K), [Metaspace: 4890K->4890K(139264K)], 0.0033570 secs] [Times: user=0.00 sys=0.00, real=0.00 secs] 
2020-11-18T11:05:50.701-0800: 7.179: [Full GC (System.gc()) 2020-11-18T11:05:50.701-0800: 7.179: [CMS: 4055K->4057K(6848K), 0.0038696 secs] 4109K->4057K(9920K), [Metaspace: 4890K->4890K(139264K)], 0.0039384 secs] [Times: user=0.00 sys=0.00, real=0.00 secs] 
2020-11-18T11:05:50.706-0800: 7.185: [Full GC (System.gc()) 2020-11-18T11:05:50.706-0800: 7.185: [CMS: 4057K->4059K(6848K), 0.0037760 secs] 4111K->4059K(9920K), [Metaspace: 4890K->4890K(139264K)], 0.0038473 secs] [Times: user=0.01 sys=0.00, real=0.01 secs] 
2020-11-18T11:05:50.711-0800: 7.190: [Full GC (System.gc()) 2020-11-18T11:05:50.711-0800: 7.190: [CMS: 4059K->4062K(6848K), 0.0036606 secs] 4114K->4062K(9920K), [Metaspace: 4890K->4890K(139264K)], 0.0037299 secs] [Times: user=0.00 sys=0.00, real=0.00 secs] 
2020-11-18T11:05:50.717-0800: 7.195: [Full GC (System.gc()) 2020-11-18T11:05:50.717-0800: 7.195: [CMS: 4062K->4064K(6848K), 0.0043495 secs] 4116K->4064K(9920K), [Metaspace: 4890K->4890K(139264K)], 0.0044325 secs] [Times: user=0.01 sys=0.00, real=0.01 secs] 
2020-11-18T11:05:50.722-0800: 7.201: [Full GC (System.gc()) 2020-11-18T11:05:50.722-0800: 7.201: [CMS: 4064K->4067K(6848K), 0.0036615 secs] 4119K->4067K(9920K), [Metaspace: 4890K->4890K(139264K)], 0.0037130 secs] [Times: user=0.00 sys=0.00, real=0.00 secs] 
2020-11-18T11:05:50.728-0800: 7.206: [Full GC (System.gc()) 2020-11-18T11:05:50.728-0800: 7.206: [CMS: 4067K->4069K(6848K), 0.0038265 secs] 4121K->4069K(9920K), [Metaspace: 4890K->4890K(139264K)], 0.0038950 secs] [Times: user=0.00 sys=0.00, real=0.01 secs] 
2020-11-18T11:05:50.733-0800: 7.211: [Full GC (System.gc()) 2020-11-18T11:05:50.733-0800: 7.211: [CMS: 4069K->4071K(6848K), 0.0033838 secs] 4123K->4071K(9920K), [Metaspace: 4890K->4890K(139264K)], 0.0034330 secs] [Times: user=0.01 sys=0.00, real=0.00 secs] 
2020-11-18T11:05:50.737-0800: 7.216: [Full GC (System.gc()) 2020-11-18T11:05:50.737-0800: 7.216: [CMS: 4071K->4074K(6848K), 0.0034612 secs] 4126K->4074K(9920K), [Metaspace: 4890K->4890K(139264K)], 0.0035134 secs] [Times: user=0.00 sys=0.00, real=0.01 secs] 
2020-11-18T11:05:50.742-0800: 7.221: [Full GC (System.gc()) 2020-11-18T11:05:50.742-0800: 7.221: [CMS: 4074K->4076K(6848K), 0.0032896 secs] 4128K->4076K(9920K), [Metaspace: 4890K->4890K(139264K)], 0.0033361 secs] [Times: user=0.00 sys=0.00, real=0.00 secs] 
2020-11-18T11:05:50.747-0800: 7.225: [Full GC (System.gc()) 2020-11-18T11:05:50.747-0800: 7.225: [CMS: 4076K->4079K(6848K), 0.0038221 secs] 4131K->4079K(9920K), [Metaspace: 4890K->4890K(139264K)], 0.0038936 secs] [Times: user=0.01 sys=0.00, real=0.01 secs] 
2020-11-18T11:05:50.752-0800: 7.231: [Full GC (System.gc()) 2020-11-18T11:05:50.752-0800: 7.231: [CMS: 4079K->4081K(6848K), 0.0038049 secs] 4133K->4081K(9920K), [Metaspace: 4890K->4890K(139264K)], 0.0038775 secs] [Times: user=0.00 sys=0.00, real=0.00 secs] 
2020-11-18T11:05:50.757-0800: 7.236: [Full GC (System.gc()) 2020-11-18T11:05:50.757-0800: 7.236: [CMS: 4081K->4084K(6848K), 0.0039214 secs] 4136K->4084K(9920K), [Metaspace: 4890K->4890K(139264K)], 0.0039939 secs] [Times: user=0.01 sys=0.00, real=0.01 secs] 
2020-11-18T11:05:50.763-0800: 7.241: [Full GC (System.gc()) 2020-11-18T11:05:50.763-0800: 7.241: [CMS: 4084K->4086K(6848K), 0.0036668 secs] 4138K->4086K(9920K), [Metaspace: 4890K->4890K(139264K)], 0.0037391 secs] [Times: user=0.00 sys=0.00, real=0.00 secs] 
2020-11-18T11:05:50.768-0800: 7.246: [Full GC (System.gc()) 2020-11-18T11:05:50.768-0800: 7.246: [CMS: 4086K->4088K(6848K), 0.0037278 secs] 4140K->4088K(9920K), [Metaspace: 4890K->4890K(139264K)], 0.0037973 secs] [Times: user=0.00 sys=0.00, real=0.01 secs] 
2020-11-18T11:05:50.773-0800: 7.251: [Full GC (System.gc()) 2020-11-18T11:05:50.773-0800: 7.251: [CMS: 4088K->4091K(6848K), 0.0036898 secs] 4143K->4091K(9920K), [Metaspace: 4890K->4890K(139264K)], 0.0037596 secs] [Times: user=0.01 sys=0.00, real=0.00 secs] 
2020-11-18T11:05:50.778-0800: 7.256: [Full GC (System.gc()) 2020-11-18T11:05:50.778-0800: 7.256: [CMS: 4091K->4093K(6848K), 0.0038159 secs] 4145K->4093K(9920K), [Metaspace: 4890K->4890K(139264K)], 0.0038879 secs] [Times: user=0.00 sys=0.00, real=0.01 secs] 
2020-11-18T11:05:50.783-0800: 7.262: [Full GC (System.gc()) 2020-11-18T11:05:50.783-0800: 7.262: [CMS: 4093K->4096K(6848K), 0.0036746 secs] 4148K->4096K(9920K), [Metaspace: 4890K->4890K(139264K)], 0.0037503 secs] [Times: user=0.01 sys=0.00, real=0.00 secs] 
2020-11-18T11:05:50.788-0800: 7.267: [Full GC (System.gc()) 2020-11-18T11:05:50.788-0800: 7.267: [CMS: 4096K->4098K(6848K), 0.0038830 secs] 4150K->4098K(9920K), [Metaspace: 4890K->4890K(139264K)], 0.0039540 secs] [Times: user=0.00 sys=0.00, real=0.01 secs] 
2020-11-18T11:05:50.794-0800: 7.272: [Full GC (System.gc()) 2020-11-18T11:05:50.794-0800: 7.272: [CMS: 4098K->4100K(6848K), 0.0037747 secs] 4152K->4100K(9920K), [Metaspace: 4890K->4890K(139264K)], 0.0038434 secs] [Times: user=0.00 sys=0.00, real=0.00 secs] 
2020-11-18T11:05:50.799-0800: 7.277: [Full GC (System.gc()) 2020-11-18T11:05:50.799-0800: 7.277: [CMS: 4100K->4103K(6848K), 0.0036998 secs] 4155K->4103K(9920K), [Metaspace: 4890K->4890K(139264K)], 0.0037688 secs] [Times: user=0.01 sys=0.00, real=0.01 secs] 
2020-11-18T11:05:50.804-0800: 7.283: [Full GC (System.gc()) 2020-11-18T11:05:50.804-0800: 7.283: [CMS: 4103K->4105K(6848K), 0.0038665 secs] 4157K->4105K(9920K), [Metaspace: 4890K->4890K(139264K)], 0.0039395 secs] [Times: user=0.00 sys=0.00, real=0.00 secs] 
2020-11-18T11:05:50.809-0800: 7.288: [Full GC (System.gc()) 2020-11-18T11:05:50.810-0800: 7.288: [CMS: 4105K->4108K(6848K), 0.0043141 secs] 4160K->4108K(9920K), [Metaspace: 4890K->4890K(139264K)], 0.0044090 secs] [Times: user=0.01 sys=0.00, real=0.01 secs] 
2020-11-18T11:05:50.815-0800: 7.294: [Full GC (System.gc()) 2020-11-18T11:05:50.815-0800: 7.294: [CMS: 4108K->4110K(6848K), 0.0034124 secs] 4162K->4110K(9920K), [Metaspace: 4890K->4890K(139264K)], 0.0034597 secs] [Times: user=0.00 sys=0.00, real=0.00 secs] 
2020-11-18T11:05:50.820-0800: 7.299: [Full GC (System.gc()) 2020-11-18T11:05:50.820-0800: 7.299: [CMS: 4110K->4112K(6848K), 0.0033202 secs] 4164K->4112K(9920K), [Metaspace: 4890K->4890K(139264K)], 0.0033684 secs] [Times: user=0.00 sys=0.00, real=0.00 secs] 
2020-11-18T11:05:50.825-0800: 7.303: [Full GC (System.gc()) 2020-11-18T11:05:50.825-0800: 7.303: [CMS: 4112K->4115K(6848K), 0.0032834 secs] 4167K->4115K(9920K), [Metaspace: 4890K->4890K(139264K)], 0.0033294 secs] [Times: user=0.01 sys=0.00, real=0.00 secs] 
2020-11-18T11:05:50.829-0800: 7.308: [Full GC (System.gc()) 2020-11-18T11:05:50.829-0800: 7.308: [CMS: 4115K->4117K(6848K), 0.0032542 secs] 4169K->4117K(9920K), [Metaspace: 4890K->4890K(139264K)], 0.0033040 secs] [Times: user=0.00 sys=0.00, real=0.01 secs] 
2020-11-18T11:05:50.834-0800: 7.313: [Full GC (System.gc()) 2020-11-18T11:05:50.834-0800: 7.313: [CMS: 4117K->4120K(6848K), 0.0033101 secs] 4172K->4120K(9920K), [Metaspace: 4890K->4890K(139264K)], 0.0033643 secs] [Times: user=0.00 sys=0.00, real=0.00 secs] 
2020-11-18T11:05:50.839-0800: 7.317: [Full GC (System.gc()) 2020-11-18T11:05:50.839-0800: 7.317: [CMS: 4120K->4122K(6848K), 0.0037639 secs] 4174K->4122K(9920K), [Metaspace: 4890K->4890K(139264K)], 0.0038463 secs] [Times: user=0.01 sys=0.00, real=0.01 secs] 
2020-11-18T11:05:50.844-0800: 7.322: [Full GC (System.gc()) 2020-11-18T11:05:50.844-0800: 7.322: [CMS: 4122K->4125K(6848K), 0.0037950 secs] 4177K->4125K(9920K), [Metaspace: 4890K->4890K(139264K)], 0.0038666 secs] [Times: user=0.00 sys=0.00, real=0.00 secs] 
2020-11-18T11:05:50.849-0800: 7.328: [Full GC (System.gc()) 2020-11-18T11:05:50.849-0800: 7.328: [CMS: 4125K->4127K(6848K), 0.0035658 secs] 4179K->4127K(9920K), [Metaspace: 4890K->4890K(139264K)], 0.0036279 secs] [Times: user=0.00 sys=0.00, real=0.01 secs] 
2020-11-18T11:05:50.854-0800: 7.333: [Full GC (System.gc()) 2020-11-18T11:05:50.854-0800: 7.333: [CMS: 4127K->4129K(6848K), 0.0040012 secs] 4181K->4129K(9920K), [Metaspace: 4890K->4890K(139264K)], 0.0040645 secs] [Times: user=0.01 sys=0.00, real=0.00 secs] 
2020-11-18T11:05:50.860-0800: 7.338: [Full GC (System.gc()) 2020-11-18T11:05:50.860-0800: 7.338: [CMS: 4129K->4132K(6848K), 0.0040861 secs] 4184K->4132K(9920K), [Metaspace: 4890K->4890K(139264K)], 0.0041577 secs] [Times: user=0.00 sys=0.00, real=0.00 secs] 
2020-11-18T11:05:50.865-0800: 7.344: [Full GC (System.gc()) 2020-11-18T11:05:50.865-0800: 7.344: [CMS: 4132K->4134K(6848K), 0.0038924 secs] 4186K->4134K(9920K), [Metaspace: 4890K->4890K(139264K)], 0.0039513 secs] [Times: user=0.01 sys=0.00, real=0.00 secs] 
2020-11-18T11:05:50.871-0800: 7.349: [Full GC (System.gc()) 2020-11-18T11:05:50.871-0800: 7.349: [CMS: 4134K->4137K(6848K), 0.0038513 secs] 4189K->4137K(9920K), [Metaspace: 4890K->4890K(139264K)], 0.0039293 secs] [Times: user=0.00 sys=0.00, real=0.00 secs] 
2020-11-18T11:05:50.876-0800: 7.355: [Full GC (System.gc()) 2020-11-18T11:05:50.876-0800: 7.355: [CMS: 4137K->4139K(6848K), 0.0038992 secs] 4191K->4139K(9920K), [Metaspace: 4890K->4890K(139264K)], 0.0039754 secs] [Times: user=0.00 sys=0.00, real=0.01 secs] 
2020-11-18T11:05:50.882-0800: 7.360: [Full GC (System.gc()) 2020-11-18T11:05:50.882-0800: 7.360: [CMS: 4139K->4141K(6848K), 0.0038700 secs] 4193K->4141K(9920K), [Metaspace: 4890K->4890K(139264K)], 0.0039407 secs] [Times: user=0.01 sys=0.00, real=0.00 secs] 
2020-11-18T11:05:50.887-0800: 7.366: [Full GC (System.gc()) 2020-11-18T11:05:50.887-0800: 7.366: [CMS: 4141K->4144K(6848K), 0.0038722 secs] 4196K->4144K(9920K), [Metaspace: 4890K->4890K(139264K)], 0.0039473 secs] [Times: user=0.00 sys=0.00, real=0.01 secs] 
2020-11-18T11:05:50.892-0800: 7.371: [Full GC (System.gc()) 2020-11-18T11:05:50.892-0800: 7.371: [CMS: 4144K->4146K(6848K), 0.0039763 secs] 4198K->4146K(9920K), [Metaspace: 4890K->4890K(139264K)], 0.0040452 secs] [Times: user=0.01 sys=0.00, real=0.00 secs] 
2020-11-18T11:05:50.898-0800: 7.377: [Full GC (System.gc()) 2020-11-18T11:05:50.898-0800: 7.377: [CMS: 4146K->4149K(6848K), 0.0038273 secs] 4201K->4149K(9920K), [Metaspace: 4890K->4890K(139264K)], 0.0039009 secs] [Times: user=0.00 sys=0.00, real=0.01 secs] 
2020-11-18T11:05:50.903-0800: 7.382: [Full GC (System.gc()) 2020-11-18T11:05:50.903-0800: 7.382: [CMS: 4149K->4151K(6848K), 0.0039945 secs] 4203K->4151K(9920K), [Metaspace: 4890K->4890K(139264K)], 0.0040641 secs] [Times: user=0.01 sys=0.00, real=0.00 secs] 
2020-11-18T11:05:50.908-0800: 7.387: [Full GC (System.gc()) 2020-11-18T11:05:50.908-0800: 7.387: [CMS: 4151K->4154K(6848K), 0.0036537 secs] 4206K->4154K(9920K), [Metaspace: 4890K->4890K(139264K)], 0.0037219 secs] [Times: user=0.00 sys=0.00, real=0.01 secs] 
2020-11-18T11:05:50.914-0800: 7.392: [Full GC (System.gc()) 2020-11-18T11:05:50.914-0800: 7.392: [CMS: 4154K->4156K(6848K), 0.0038510 secs] 4208K->4156K(9920K), [Metaspace: 4890K->4890K(139264K)], 0.0039203 secs] [Times: user=0.00 sys=0.00, real=0.00 secs] 
2020-11-18T11:05:50.919-0800: 7.398: [Full GC (System.gc()) 2020-11-18T11:05:50.919-0800: 7.398: [CMS: 4156K->4158K(6848K), 0.0036961 secs] 4210K->4158K(9920K), [Metaspace: 4890K->4890K(139264K)], 0.0037994 secs] [Times: user=0.01 sys=0.00, real=0.01 secs] 
2020-11-18T11:05:50.924-0800: 7.403: [Full GC (System.gc()) 2020-11-18T11:05:50.924-0800: 7.403: [CMS: 4158K->4161K(6848K), 0.0039377 secs] 4213K->4161K(9920K), [Metaspace: 4890K->4890K(139264K)], 0.0040084 secs] [Times: user=0.00 sys=0.00, real=0.00 secs] 
2020-11-18T11:05:50.930-0800: 7.408: [Full GC (System.gc()) 2020-11-18T11:05:50.930-0800: 7.408: [CMS: 4161K->4163K(6848K), 0.0036783 secs] 4215K->4163K(9920K), [Metaspace: 4890K->4890K(139264K)], 0.0037534 secs] [Times: user=0.00 sys=0.00, real=0.00 secs] 
2020-11-18T11:05:50.935-0800: 7.413: [Full GC (System.gc()) 2020-11-18T11:05:50.935-0800: 7.413: [CMS: 4163K->4166K(6848K), 0.0038550 secs] 4218K->4166K(9920K), [Metaspace: 4890K->4890K(139264K)], 0.0039255 secs] [Times: user=0.01 sys=0.00, real=0.00 secs] 
2020-11-18T11:05:50.940-0800: 7.419: [Full GC (System.gc()) 2020-11-18T11:05:50.940-0800: 7.419: [CMS: 4166K->4168K(6848K), 0.0042273 secs] 4220K->4168K(9920K), [Metaspace: 4890K->4890K(139264K)], 0.0043056 secs] [Times: user=0.00 sys=0.00, real=0.00 secs] 
2020-11-18T11:05:50.946-0800: 7.424: [Full GC (System.gc()) 2020-11-18T11:05:50.946-0800: 7.424: [CMS: 4168K->4170K(6848K), 0.0038387 secs] 4222K->4170K(9920K), [Metaspace: 4890K->4890K(139264K)], 0.0039104 secs] [Times: user=0.01 sys=0.00, real=0.01 secs] 
2020-11-18T11:05:50.951-0800: 7.430: [Full GC (System.gc()) 2020-11-18T11:05:50.951-0800: 7.430: [CMS: 4170K->4173K(6848K), 0.0036858 secs] 4225K->4173K(9920K), [Metaspace: 4890K->4890K(139264K)], 0.0037588 secs] [Times: user=0.00 sys=0.00, real=0.00 secs] 
2020-11-18T11:05:50.956-0800: 7.435: [Full GC (System.gc()) 2020-11-18T11:05:50.957-0800: 7.435: [CMS: 4173K->4175K(6848K), 0.0037915 secs] 4227K->4175K(9920K), [Metaspace: 4890K->4890K(139264K)], 0.0038660 secs] [Times: user=0.00 sys=0.00, real=0.01 secs] 
2020-11-18T11:05:50.962-0800: 7.440: [Full GC (System.gc()) 2020-11-18T11:05:50.962-0800: 7.440: [CMS: 4175K->4178K(6848K), 0.0038616 secs] 4230K->4178K(9920K), [Metaspace: 4890K->4890K(139264K)], 0.0039318 secs] [Times: user=0.00 sys=0.00, real=0.00 secs] 
2020-11-18T11:05:50.967-0800: 7.446: [Full GC (System.gc()) 2020-11-18T11:05:50.967-0800: 7.446: [CMS: 4178K->4180K(6848K), 0.0038777 secs] 4232K->4180K(9920K), [Metaspace: 4890K->4890K(139264K)], 0.0039494 secs] [Times: user=0.00 sys=0.00, real=0.01 secs] 
2020-11-18T11:05:50.972-0800: 7.451: [Full GC (System.gc()) 2020-11-18T11:05:50.973-0800: 7.451: [CMS: 4180K->4182K(6848K), 0.0039264 secs] 4234K->4182K(9920K), [Metaspace: 4890K->4890K(139264K)], 0.0040008 secs] [Times: user=0.01 sys=0.00, real=0.00 secs] 
2020-11-18T11:05:50.978-0800: 7.456: [Full GC (System.gc()) 2020-11-18T11:05:50.978-0800: 7.456: [CMS: 4182K->4185K(6848K), 0.0036797 secs] 4237K->4185K(9920K), [Metaspace: 4890K->4890K(139264K)], 0.0037501 secs] [Times: user=0.00 sys=0.00, real=0.01 secs] 
2020-11-18T11:05:50.983-0800: 7.462: [Full GC (System.gc()) 2020-11-18T11:05:50.983-0800: 7.462: [CMS: 4185K->4187K(6848K), 0.0041676 secs] 4239K->4187K(9920K), [Metaspace: 4890K->4890K(139264K)], 0.0042469 secs] [Times: user=0.01 sys=0.00, real=0.00 secs] 
2020-11-18T11:05:50.989-0800: 7.467: [Full GC (System.gc()) 2020-11-18T11:05:50.989-0800: 7.467: [CMS: 4187K->4190K(6848K), 0.0037642 secs] 4242K->4190K(9920K), [Metaspace: 4890K->4890K(139264K)], 0.0038346 secs] [Times: user=0.00 sys=0.00, real=0.01 secs] 
2020-11-18T11:05:50.994-0800: 7.472: [Full GC (System.gc()) 2020-11-18T11:05:50.994-0800: 7.472: [CMS: 4190K->4192K(6848K), 0.0038845 secs] 4244K->4192K(9920K), [Metaspace: 4890K->4890K(139264K)], 0.0039598 secs] [Times: user=0.00 sys=0.00, real=0.00 secs] 
2020-11-18T11:05:50.999-0800: 7.478: [Full GC (System.gc()) 2020-11-18T11:05:50.999-0800: 7.478: [CMS: 4192K->4195K(6848K), 0.0037066 secs] 4247K->4195K(9920K), [Metaspace: 4890K->4890K(139264K)], 0.0037859 secs] [Times: user=0.01 sys=0.00, real=0.01 secs] 
2020-11-18T11:05:51.004-0800: 7.483: [Full GC (System.gc()) 2020-11-18T11:05:51.004-0800: 7.483: [CMS: 4195K->4197K(6848K), 0.0038399 secs] 4249K->4197K(9920K), [Metaspace: 4890K->4890K(139264K)], 0.0039080 secs] [Times: user=0.00 sys=0.00, real=0.00 secs] 
2020-11-18T11:05:51.009-0800: 7.488: [Full GC (System.gc()) 2020-11-18T11:05:51.009-0800: 7.488: [CMS: 4197K->4199K(6848K), 0.0038390 secs] 4251K->4199K(9920K), [Metaspace: 4890K->4890K(139264K)], 0.0039091 secs] [Times: user=0.00 sys=0.00, real=0.01 secs] 
2020-11-18T11:05:51.015-0800: 7.493: [Full GC (System.gc()) 2020-11-18T11:05:51.015-0800: 7.493: [CMS: 4199K->4202K(6848K), 0.0037616 secs] 4254K->4202K(9920K), [Metaspace: 4890K->4890K(139264K)], 0.0038365 secs] [Times: user=0.00 sys=0.00, real=0.00 secs] 
2020-11-18T11:05:51.020-0800: 7.498: [Full GC (System.gc()) 2020-11-18T11:05:51.020-0800: 7.498: [CMS: 4202K->4204K(6848K), 0.0037746 secs] 4256K->4204K(9920K), [Metaspace: 4890K->4890K(139264K)], 0.0038413 secs] [Times: user=0.00 sys=0.00, real=0.00 secs] 
2020-11-18T11:05:51.025-0800: 7.504: [Full GC (System.gc()) 2020-11-18T11:05:51.025-0800: 7.504: [CMS: 4204K->4207K(6848K), 0.0061311 secs] 4259K->4207K(9920K), [Metaspace: 4890K->4890K(139264K)], 0.0062246 secs] [Times: user=0.01 sys=0.00, real=0.01 secs] 
2020-11-18T11:05:51.033-0800: 7.511: [Full GC (System.gc()) 2020-11-18T11:05:51.033-0800: 7.511: [CMS: 4207K->4209K(6848K), 0.0043525 secs] 4261K->4209K(9920K), [Metaspace: 4890K->4890K(139264K)], 0.0044306 secs] [Times: user=0.00 sys=0.00, real=0.00 secs] 
2020-11-18T11:05:51.038-0800: 7.517: [Full GC (System.gc()) 2020-11-18T11:05:51.038-0800: 7.517: [CMS: 4209K->4211K(6848K), 0.0040505 secs] 4263K->4211K(9920K), [Metaspace: 4890K->4890K(139264K)], 0.0041245 secs] [Times: user=0.01 sys=0.00, real=0.01 secs] 
2020-11-18T11:05:51.044-0800: 7.523: [Full GC (System.gc()) 2020-11-18T11:05:51.044-0800: 7.523: [CMS: 4211K->4214K(6848K), 0.0045964 secs] 4266K->4214K(9920K), [Metaspace: 4890K->4890K(139264K)], 0.0046732 secs] [Times: user=0.00 sys=0.00, real=0.00 secs] 
2020-11-18T11:05:51.050-0800: 7.529: [Full GC (System.gc()) 2020-11-18T11:05:51.050-0800: 7.529: [CMS: 4214K->4216K(6848K), 0.0045702 secs] 4268K->4216K(9920K), [Metaspace: 4890K->4890K(139264K)], 0.0046544 secs] [Times: user=0.01 sys=0.00, real=0.00 secs] 
2020-11-18T11:05:51.056-0800: 7.535: [Full GC (System.gc()) 2020-11-18T11:05:51.056-0800: 7.535: [CMS: 4216K->4219K(6848K), 0.0062777 secs] 4271K->4219K(9920K), [Metaspace: 4890K->4890K(139264K)], 0.0063671 secs] [Times: user=0.00 sys=0.00, real=0.01 secs] 
2020-11-18T11:05:51.064-0800: 7.542: [Full GC (System.gc()) 2020-11-18T11:05:51.064-0800: 7.543: [CMS: 4219K->4221K(6848K), 0.0040832 secs] 4273K->4221K(9920K), [Metaspace: 4890K->4890K(139264K)], 0.0042021 secs] [Times: user=0.01 sys=0.00, real=0.00 secs] 
2020-11-18T11:05:51.070-0800: 7.548: [Full GC (System.gc()) 2020-11-18T11:05:51.070-0800: 7.548: [CMS: 4221K->4224K(6848K), 0.0048591 secs] 4276K->4224K(9920K), [Metaspace: 4890K->4890K(139264K)], 0.0049452 secs] [Times: user=0.00 sys=0.00, real=0.00 secs] 
2020-11-18T11:05:51.076-0800: 7.554: [Full GC (System.gc()) 2020-11-18T11:05:51.076-0800: 7.554: [CMS: 4224K->4226K(6848K), 0.0045990 secs] 4278K->4226K(9920K), [Metaspace: 4890K->4890K(139264K)], 0.0046735 secs] [Times: user=0.01 sys=0.00, real=0.01 secs] 
2020-11-18T11:05:51.082-0800: 7.561: [Full GC (System.gc()) 2020-11-18T11:05:51.082-0800: 7.561: [CMS: 4226K->4228K(6848K), 0.0040298 secs] 4280K->4228K(9920K), [Metaspace: 4890K->4890K(139264K)], 0.0040894 secs] [Times: user=0.00 sys=0.00, real=0.00 secs] 
2020-11-18T11:05:51.087-0800: 7.566: [Full GC (System.gc()) 2020-11-18T11:05:51.087-0800: 7.566: [CMS: 4228K->4231K(6848K), 0.0046506 secs] 4283K->4231K(9920K), [Metaspace: 4890K->4890K(139264K)], 0.0047226 secs] [Times: user=0.01 sys=0.00, real=0.01 secs] 
2020-11-18T11:05:51.094-0800: 7.572: [Full GC (System.gc()) 2020-11-18T11:05:51.094-0800: 7.572: [CMS: 4231K->4233K(6848K), 0.0045206 secs] 4285K->4233K(9920K), [Metaspace: 4890K->4890K(139264K)], 0.0045912 secs] [Times: user=0.00 sys=0.00, real=0.00 secs] 
2020-11-18T11:05:51.100-0800: 7.578: [Full GC (System.gc()) 2020-11-18T11:05:51.100-0800: 7.578: [CMS: 4233K->4236K(6848K), 0.0040678 secs] 4288K->4236K(9920K), [Metaspace: 4890K->4890K(139264K)], 0.0041478 secs] [Times: user=0.00 sys=0.00, real=0.00 secs] 
2020-11-18T11:05:51.105-0800: 7.584: [Full GC (System.gc()) 2020-11-18T11:05:51.105-0800: 7.584: [CMS: 4236K->4238K(6848K), 0.0039480 secs] 4290K->4238K(9920K), [Metaspace: 4890K->4890K(139264K)], 0.0040091 secs] [Times: user=0.01 sys=0.00, real=0.00 secs] 
2020-11-18T11:05:51.111-0800: 7.589: [Full GC (System.gc()) 2020-11-18T11:05:51.111-0800: 7.589: [CMS: 4238K->4240K(6848K), 0.0044736 secs] 4292K->4240K(9920K), [Metaspace: 4890K->4890K(139264K)], 0.0045360 secs] [Times: user=0.00 sys=0.00, real=0.00 secs] 
2020-11-18T11:05:51.117-0800: 7.595: [Full GC (System.gc()) 2020-11-18T11:05:51.117-0800: 7.595: [CMS: 4240K->4243K(6848K), 0.0044479 secs] 4295K->4243K(9920K), [Metaspace: 4890K->4890K(139264K)], 0.0045100 secs] [Times: user=0.01 sys=0.00, real=0.01 secs] 
2020-11-18T11:05:51.123-0800: 7.601: [Full GC (System.gc()) 2020-11-18T11:05:51.123-0800: 7.601: [CMS: 4243K->4245K(6848K), 0.0040632 secs] 4297K->4245K(9920K), [Metaspace: 4890K->4890K(139264K)], 0.0041313 secs] [Times: user=0.00 sys=0.00, real=0.00 secs] 
2020-11-18T11:05:51.128-0800: 7.606: [Full GC (System.gc()) 2020-11-18T11:05:51.128-0800: 7.606: [CMS: 4245K->4248K(6848K), 0.0039769 secs] 4300K->4248K(9920K), [Metaspace: 4890K->4890K(139264K)], 0.0040690 secs] [Times: user=0.01 sys=0.00, real=0.01 secs] 
2020-11-18T11:05:51.133-0800: 7.612: [Full GC (System.gc()) 2020-11-18T11:05:51.133-0800: 7.612: [CMS: 4248K->4250K(6848K), 0.0049134 secs] 4302K->4250K(9920K), [Metaspace: 4890K->4890K(139264K)], 0.0049877 secs] [Times: user=0.00 sys=0.00, real=0.00 secs] 
2020-11-18T11:05:51.140-0800: 7.618: [Full GC (System.gc()) 2020-11-18T11:05:51.140-0800: 7.618: [CMS: 4250K->4253K(6848K), 0.0048253 secs] 4304K->4253K(9920K), [Metaspace: 4890K->4890K(139264K)], 0.0048947 secs] [Times: user=0.01 sys=0.00, real=0.00 secs] 
2020-11-18T11:05:51.146-0800: 7.625: [Full GC (System.gc()) 2020-11-18T11:05:51.146-0800: 7.625: [CMS: 4253K->4255K(6848K), 0.0043949 secs] 4307K->4255K(9920K), [Metaspace: 4890K->4890K(139264K)], 0.0044772 secs] [Times: user=0.00 sys=0.00, real=0.01 secs] 
2020-11-18T11:05:51.152-0800: 7.631: [Full GC (System.gc()) 2020-11-18T11:05:51.152-0800: 7.631: [CMS: 4255K->4257K(6848K), 0.0041307 secs] 4309K->4257K(9920K), [Metaspace: 4890K->4890K(139264K)], 0.0043069 secs] [Times: user=0.00 sys=0.00, real=0.00 secs] 
2020-11-18T11:05:51.158-0800: 7.636: [Full GC (System.gc()) 2020-11-18T11:05:51.158-0800: 7.636: [CMS: 4257K->4260K(6848K), 0.0045930 secs] 4312K->4260K(9920K), [Metaspace: 4890K->4890K(139264K)], 0.0046610 secs] [Times: user=0.01 sys=0.00, real=0.01 secs] 
2020-11-18T11:05:51.164-0800: 7.642: [Full GC (System.gc()) 2020-11-18T11:05:51.164-0800: 7.642: [CMS: 4260K->4262K(6848K), 0.0039424 secs] 4314K->4262K(9920K), [Metaspace: 4890K->4890K(139264K)], 0.0040280 secs] [Times: user=0.00 sys=0.00, real=0.00 secs] 
2020-11-18T11:05:51.169-0800: 7.648: [Full GC (System.gc()) 2020-11-18T11:05:51.169-0800: 7.648: [CMS: 4262K->4265K(6848K), 0.0040420 secs] 4317K->4265K(9920K), [Metaspace: 4890K->4890K(139264K)], 0.0041104 secs] [Times: user=0.01 sys=0.00, real=0.01 secs] 
2020-11-18T11:05:51.175-0800: 7.653: [Full GC (System.gc()) 2020-11-18T11:05:51.175-0800: 7.653: [CMS: 4265K->4267K(6848K), 0.0044942 secs] 4319K->4267K(9920K), [Metaspace: 4890K->4890K(139264K)], 0.0045626 secs] [Times: user=0.00 sys=0.00, real=0.00 secs] 
2020-11-18T11:05:51.181-0800: 7.659: [Full GC (System.gc()) 2020-11-18T11:05:51.181-0800: 7.659: [CMS: 4267K->4269K(6848K), 0.0038805 secs] 4321K->4269K(9920K), [Metaspace: 4890K->4890K(139264K)], 0.0039422 secs] [Times: user=0.01 sys=0.00, real=0.00 secs] 
2020-11-18T11:05:51.186-0800: 7.665: [Full GC (System.gc()) 2020-11-18T11:05:51.186-0800: 7.665: [CMS: 4269K->4272K(6848K), 0.0038127 secs] 4324K->4272K(9920K), [Metaspace: 4890K->4890K(139264K)], 0.0038823 secs] [Times: user=0.00 sys=0.00, real=0.01 secs] 
2020-11-18T11:05:51.191-0800: 7.670: [Full GC (System.gc()) 2020-11-18T11:05:51.191-0800: 7.670: [CMS: 4272K->4274K(6848K), 0.0039290 secs] 4326K->4274K(9920K), [Metaspace: 4890K->4890K(139264K)], 0.0040015 secs] [Times: user=0.00 sys=0.00, real=0.00 secs] 
2020-11-18T11:05:51.197-0800: 7.675: [Full GC (System.gc()) 2020-11-18T11:05:51.197-0800: 7.675: [CMS: 4274K->4277K(6848K), 0.0048578 secs] 4329K->4277K(9920K), [Metaspace: 4890K->4890K(139264K)], 0.0049250 secs] [Times: user=0.01 sys=0.00, real=0.01 secs] 
2020-11-18T11:05:51.203-0800: 7.681: [Full GC (System.gc()) 2020-11-18T11:05:51.203-0800: 7.681: [CMS: 4277K->4279K(6848K), 0.0037632 secs] 4331K->4279K(9920K), [Metaspace: 4890K->4890K(139264K)], 0.0038228 secs] [Times: user=0.00 sys=0.00, real=0.00 secs] 
2020-11-18T11:05:51.208-0800: 7.687: [Full GC (System.gc()) 2020-11-18T11:05:51.208-0800: 7.687: [CMS: 4279K->4281K(6848K), 0.0040403 secs] 4333K->4281K(9920K), [Metaspace: 4890K->4890K(139264K)], 0.0041220 secs] [Times: user=0.01 sys=0.00, real=0.01 secs] 
2020-11-18T11:05:51.214-0800: 7.692: [Full GC (System.gc()) 2020-11-18T11:05:51.214-0800: 7.692: [CMS: 4281K->4284K(6848K), 0.0037138 secs] 4336K->4284K(9920K), [Metaspace: 4890K->4890K(139264K)], 0.0037762 secs] [Times: user=0.00 sys=0.00, real=0.00 secs] 
2020-11-18T11:05:51.219-0800: 7.697: [Full GC (System.gc()) 2020-11-18T11:05:51.219-0800: 7.697: [CMS: 4284K->4286K(6848K), 0.0042746 secs] 4338K->4286K(9920K), [Metaspace: 4890K->4890K(139264K)], 0.0043679 secs] [Times: user=0.00 sys=0.00, real=0.01 secs] 
2020-11-18T11:05:51.225-0800: 7.703: [Full GC (System.gc()) 2020-11-18T11:05:51.225-0800: 7.703: [CMS: 4286K->4289K(6848K), 0.0041114 secs] 4341K->4289K(9920K), [Metaspace: 4890K->4890K(139264K)], 0.0041919 secs] [Times: user=0.01 sys=0.00, real=0.00 secs] 
2020-11-18T11:05:51.230-0800: 7.708: [Full GC (System.gc()) 2020-11-18T11:05:51.230-0800: 7.709: [CMS: 4289K->4291K(6848K), 0.0044901 secs] 4343K->4291K(9920K), [Metaspace: 4890K->4890K(139264K)], 0.0045576 secs] [Times: user=0.00 sys=0.00, real=0.00 secs] 
2020-11-18T11:05:51.236-0800: 7.714: [Full GC (System.gc()) 2020-11-18T11:05:51.236-0800: 7.715: [CMS: 4291K->4294K(6848K), 0.0045253 secs] 4346K->4294K(9920K), [Metaspace: 4890K->4890K(139264K)], 0.0046050 secs] [Times: user=0.01 sys=0.00, real=0.01 secs] 
2020-11-18T11:05:51.242-0800: 7.720: [Full GC (System.gc()) 2020-11-18T11:05:51.242-0800: 7.720: [CMS: 4294K->4296K(6848K), 0.0037919 secs] 4348K->4296K(9920K), [Metaspace: 4890K->4890K(139264K)], 0.0038486 secs] [Times: user=0.00 sys=0.00, real=0.00 secs] 
2020-11-18T11:05:51.247-0800: 7.726: [Full GC (System.gc()) 2020-11-18T11:05:51.247-0800: 7.726: [CMS: 4296K->4298K(6848K), 0.0041443 secs] 4350K->4298K(9920K), [Metaspace: 4890K->4890K(139264K)], 0.0042129 secs] [Times: user=0.00 sys=0.00, real=0.01 secs] 
2020-11-18T11:05:51.253-0800: 7.731: [Full GC (System.gc()) 2020-11-18T11:05:51.253-0800: 7.731: [CMS: 4298K->4301K(6848K), 0.0045500 secs] 4353K->4301K(9920K), [Metaspace: 4890K->4890K(139264K)], 0.0046449 secs] [Times: user=0.00 sys=0.00, real=0.00 secs] 
2020-11-18T11:05:51.259-0800: 7.737: [Full GC (System.gc()) 2020-11-18T11:05:51.259-0800: 7.737: [CMS: 4301K->4303K(6848K), 0.0038397 secs] 4355K->4303K(9920K), [Metaspace: 4890K->4890K(139264K)], 0.0039180 secs] [Times: user=0.00 sys=0.00, real=0.01 secs] 
2020-11-18T11:05:51.264-0800: 7.743: [Full GC (System.gc()) 2020-11-18T11:05:51.264-0800: 7.743: [CMS: 4303K->4306K(6848K), 0.0036157 secs] 4358K->4306K(9920K), [Metaspace: 4890K->4890K(139264K)], 0.0036713 secs] [Times: user=0.01 sys=0.00, real=0.00 secs] 
2020-11-18T11:05:51.269-0800: 7.748: [Full GC (System.gc()) 2020-11-18T11:05:51.269-0800: 7.748: [CMS: 4306K->4308K(6848K), 0.0043917 secs] 4360K->4308K(9920K), [Metaspace: 4890K->4890K(139264K)], 0.0044709 secs] [Times: user=0.00 sys=0.00, real=0.01 secs] 
2020-11-18T11:05:51.275-0800: 7.754: [Full GC (System.gc()) 2020-11-18T11:05:51.275-0800: 7.754: [CMS: 4308K->4310K(6848K), 0.0038867 secs] 4362K->4310K(9920K), [Metaspace: 4890K->4890K(139264K)], 0.0039697 secs] [Times: user=0.01 sys=0.00, real=0.00 secs] 
2020-11-18T11:05:51.280-0800: 7.759: [Full GC (System.gc()) 2020-11-18T11:05:51.280-0800: 7.759: [CMS: 4310K->4313K(6848K), 0.0035212 secs] 4365K->4313K(9920K), [Metaspace: 4890K->4890K(139264K)], 0.0035738 secs] [Times: user=0.00 sys=0.00, real=0.00 secs] 
2020-11-18T11:05:51.285-0800: 7.764: [Full GC (System.gc()) 2020-11-18T11:05:51.285-0800: 7.764: [CMS: 4313K->4315K(6848K), 0.0043933 secs] 4367K->4315K(9920K), [Metaspace: 4890K->4890K(139264K)], 0.0044724 secs] [Times: user=0.00 sys=0.00, real=0.01 secs] 
2020-11-18T11:05:51.291-0800: 7.770: [Full GC (System.gc()) 2020-11-18T11:05:51.291-0800: 7.770: [CMS: 4315K->4318K(6848K), 0.0039058 secs] 4370K->4318K(9920K), [Metaspace: 4890K->4890K(139264K)], 0.0040206 secs] [Times: user=0.01 sys=0.00, real=0.00 secs] 
2020-11-18T11:05:51.297-0800: 7.775: [Full GC (System.gc()) 2020-11-18T11:05:51.297-0800: 7.775: [CMS: 4318K->4320K(6848K), 0.0040122 secs] 4372K->4320K(9920K), [Metaspace: 4890K->4890K(139264K)], 0.0040743 secs] [Times: user=0.00 sys=0.00, real=0.01 secs] 
2020-11-18T11:05:51.302-0800: 7.781: [Full GC (System.gc()) 2020-11-18T11:05:51.302-0800: 7.781: [CMS: 4320K->4323K(6848K), 0.0047243 secs] 4374K->4323K(9920K), [Metaspace: 4890K->4890K(139264K)], 0.0047927 secs] [Times: user=0.01 sys=0.00, real=0.00 secs] 
2020-11-18T11:05:51.308-0800: 7.787: [Full GC (System.gc()) 2020-11-18T11:05:51.311-0800: 7.790: [CMS: 4323K->4325K(6848K), 0.0048021 secs] 4377K->4325K(9920K), [Metaspace: 4890K->4890K(139264K)], 0.0077651 secs] [Times: user=0.00 sys=0.01, real=0.01 secs] 
2020-11-18T11:05:51.318-0800: 7.796: [Full GC (System.gc()) 2020-11-18T11:05:51.318-0800: 7.796: [CMS: 4325K->4327K(6848K), 0.0053145 secs] 4379K->4327K(9920K), [Metaspace: 4890K->4890K(139264K)], 0.0053820 secs] [Times: user=0.01 sys=0.00, real=0.01 secs] 
2020-11-18T11:05:51.324-0800: 7.803: [Full GC (System.gc()) 2020-11-18T11:05:51.324-0800: 7.803: [CMS: 4327K->4330K(6848K), 0.0043564 secs] 4382K->4330K(9920K), [Metaspace: 4890K->4890K(139264K)], 0.0044167 secs] [Times: user=0.00 sys=0.00, real=0.00 secs] 
2020-11-18T11:05:51.330-0800: 7.808: [Full GC (System.gc()) 2020-11-18T11:05:51.330-0800: 7.808: [CMS: 4330K->4332K(6848K), 0.0034986 secs] 4384K->4332K(9920K), [Metaspace: 4890K->4890K(139264K)], 0.0035458 secs] [Times: user=0.00 sys=0.00, real=0.00 secs] 
2020-11-18T11:05:51.334-0800: 7.813: [Full GC (System.gc()) 2020-11-18T11:05:51.335-0800: 7.813: [CMS: 4332K->4335K(6848K), 0.0038539 secs] 4387K->4335K(9920K), [Metaspace: 4890K->4890K(139264K)], 0.0039109 secs] [Times: user=0.01 sys=0.00, real=0.00 secs] 
2020-11-18T11:05:51.340-0800: 7.818: [Full GC (System.gc()) 2020-11-18T11:05:51.340-0800: 7.818: [CMS: 4335K->4337K(6848K), 0.0037024 secs] 4389K->4337K(9920K), [Metaspace: 4890K->4890K(139264K)], 0.0037766 secs] [Times: user=0.00 sys=0.00, real=0.00 secs] 
2020-11-18T11:05:51.345-0800: 7.823: [Full GC (System.gc()) 2020-11-18T11:05:51.345-0800: 7.823: [CMS: 4337K->4339K(6848K), 0.0036491 secs] 4391K->4339K(9920K), [Metaspace: 4890K->4890K(139264K)], 0.0037028 secs] [Times: user=0.01 sys=0.00, real=0.00 secs] 
2020-11-18T11:05:51.350-0800: 7.829: [Full GC (System.gc()) 2020-11-18T11:05:51.350-0800: 7.829: [CMS: 4339K->4342K(6848K), 0.0039416 secs] 4394K->4342K(9920K), [Metaspace: 4890K->4890K(139264K)], 0.0040012 secs] [Times: user=0.00 sys=0.00, real=0.00 secs] 
2020-11-18T11:05:51.355-0800: 7.834: [Full GC (System.gc()) 2020-11-18T11:05:51.355-0800: 7.834: [CMS: 4342K->4344K(6848K), 0.0035290 secs] 4396K->4344K(9920K), [Metaspace: 4890K->4890K(139264K)], 0.0035825 secs] [Times: user=0.00 sys=0.00, real=0.00 secs] 
2020-11-18T11:05:51.360-0800: 7.839: [Full GC (System.gc()) 2020-11-18T11:05:51.360-0800: 7.839: [CMS: 4344K->4347K(6848K), 0.0035353 secs] 4399K->4347K(9920K), [Metaspace: 4890K->4890K(139264K)], 0.0035883 secs] [Times: user=0.01 sys=0.00, real=0.00 secs] 
2020-11-18T11:05:51.365-0800: 7.844: [Full GC (System.gc()) 2020-11-18T11:05:51.365-0800: 7.844: [CMS: 4347K->4349K(6848K), 0.0044134 secs] 4401K->4349K(9920K), [Metaspace: 4890K->4890K(139264K)], 0.0044931 secs] [Times: user=0.00 sys=0.00, real=0.01 secs] 
2020-11-18T11:05:51.371-0800: 7.850: [Full GC (System.gc()) 2020-11-18T11:05:51.371-0800: 7.850: [CMS: 4349K->4351K(6848K), 0.0037520 secs] 4403K->4351K(9920K), [Metaspace: 4890K->4890K(139264K)], 0.0038253 secs] [Times: user=0.00 sys=0.00, real=0.00 secs] 
2020-11-18T11:05:51.376-0800: 7.855: [Full GC (System.gc()) 2020-11-18T11:05:51.376-0800: 7.855: [CMS: 4351K->4354K(6848K), 0.0036418 secs] 4406K->4354K(9920K), [Metaspace: 4890K->4890K(139264K)], 0.0036981 secs] [Times: user=0.01 sys=0.00, real=0.01 secs] 
2020-11-18T11:05:51.382-0800: 7.860: [Full GC (System.gc()) 2020-11-18T11:05:51.382-0800: 7.860: [CMS: 4354K->4356K(6848K), 0.0045448 secs] 4408K->4356K(9920K), [Metaspace: 4890K->4890K(139264K)], 0.0046243 secs] [Times: user=0.00 sys=0.00, real=0.00 secs] 
2020-11-18T11:05:51.388-0800: 7.866: [Full GC (System.gc()) 2020-11-18T11:05:51.388-0800: 7.866: [CMS: 4356K->4359K(6848K), 0.0042470 secs] 4411K->4359K(9920K), [Metaspace: 4890K->4890K(139264K)], 0.0043539 secs] [Times: user=0.01 sys=0.00, real=0.01 secs] 
2020-11-18T11:05:51.394-0800: 7.872: [Full GC (System.gc()) 2020-11-18T11:05:51.394-0800: 7.872: [CMS: 4359K->4361K(6848K), 0.0037451 secs] 4413K->4361K(9920K), [Metaspace: 4890K->4890K(139264K)], 0.0038172 secs] [Times: user=0.00 sys=0.00, real=0.00 secs] 
2020-11-18T11:05:51.399-0800: 7.877: [Full GC (System.gc()) 2020-11-18T11:05:51.399-0800: 7.878: [CMS: 4361K->4364K(6848K), 0.0045668 secs] 4416K->4364K(9920K), [Metaspace: 4890K->4890K(139264K)], 0.0046526 secs] [Times: user=0.01 sys=0.00, real=0.01 secs] 
2020-11-18T11:05:51.405-0800: 7.883: [Full GC (System.gc()) 2020-11-18T11:05:51.405-0800: 7.883: [CMS: 4364K->4366K(6848K), 0.0043932 secs] 4418K->4366K(9920K), [Metaspace: 4890K->4890K(139264K)], 0.0044729 secs] [Times: user=0.00 sys=0.00, real=0.00 secs] 
2020-11-18T11:05:51.411-0800: 7.889: [Full GC (System.gc()) 2020-11-18T11:05:51.411-0800: 7.889: [CMS: 4366K->4368K(6848K), 0.0037331 secs] 4420K->4368K(9920K), [Metaspace: 4890K->4890K(139264K)], 0.0038086 secs] [Times: user=0.00 sys=0.00, real=0.00 secs] 
2020-11-18T11:05:51.416-0800: 7.894: [Full GC (System.gc()) 2020-11-18T11:05:51.416-0800: 7.895: [CMS: 4368K->4371K(6848K), 0.0035647 secs] 4423K->4371K(9920K), [Metaspace: 4890K->4890K(139264K)], 0.0036748 secs] [Times: user=0.01 sys=0.00, real=0.01 secs] 
2020-11-18T11:05:51.421-0800: 7.900: [Full GC (System.gc()) 2020-11-18T11:05:51.421-0800: 7.900: [CMS: 4371K->4373K(6848K), 0.0044906 secs] 4425K->4373K(9920K), [Metaspace: 4890K->4890K(139264K)], 0.0045661 secs] [Times: user=0.00 sys=0.00, real=0.00 secs] 
2020-11-18T11:05:51.427-0800: 7.905: [Full GC (System.gc()) 2020-11-18T11:05:51.427-0800: 7.906: [CMS: 4373K->4376K(6848K), 0.0035097 secs] 4428K->4376K(9920K), [Metaspace: 4890K->4890K(139264K)], 0.0035561 secs] [Times: user=0.01 sys=0.00, real=0.01 secs] 
2020-11-18T11:05:51.432-0800: 7.911: [Full GC (System.gc()) 2020-11-18T11:05:51.432-0800: 7.911: [CMS: 4376K->4378K(6848K), 0.0038274 secs] 4430K->4378K(9920K), [Metaspace: 4890K->4890K(139264K)], 0.0039212 secs] [Times: user=0.00 sys=0.00, real=0.00 secs] 
2020-11-18T11:05:51.438-0800: 7.916: [Full GC (System.gc()) 2020-11-18T11:05:51.438-0800: 7.916: [CMS: 4378K->4380K(6848K), 0.0044982 secs] 4432K->4380K(9920K), [Metaspace: 4890K->4890K(139264K)], 0.0045784 secs] [Times: user=0.00 sys=0.00, real=0.01 secs] 
2020-11-18T11:05:51.443-0800: 7.922: [Full GC (System.gc()) 2020-11-18T11:05:51.444-0800: 7.922: [CMS: 4380K->4383K(6848K), 0.0037670 secs] 4435K->4383K(9920K), [Metaspace: 4890K->4890K(139264K)], 0.0038417 secs] [Times: user=0.01 sys=0.00, real=0.00 secs] 
2020-11-18T11:05:51.449-0800: 7.927: [Full GC (System.gc()) 2020-11-18T11:05:51.449-0800: 7.927: [CMS: 4383K->4385K(6848K), 0.0035568 secs] 4437K->4385K(9920K), [Metaspace: 4890K->4890K(139264K)], 0.0036111 secs] [Times: user=0.00 sys=0.00, real=0.01 secs] 
2020-11-18T11:05:51.454-0800: 7.932: [Full GC (System.gc()) 2020-11-18T11:05:51.454-0800: 7.932: [CMS: 4385K->4388K(6848K), 0.0045040 secs] 4440K->4388K(9920K), [Metaspace: 4890K->4890K(139264K)], 0.0045836 secs] [Times: user=0.01 sys=0.00, real=0.00 secs] 
2020-11-18T11:05:51.460-0800: 7.938: [Full GC (System.gc()) 2020-11-18T11:05:51.460-0800: 7.938: [CMS: 4388K->4390K(6848K), 0.0040120 secs] 4442K->4390K(9920K), [Metaspace: 4890K->4890K(139264K)], 0.0041221 secs] [Times: user=0.00 sys=0.00, real=0.00 secs] 
2020-11-18T11:05:51.465-0800: 7.944: [Full GC (System.gc()) 2020-11-18T11:05:51.465-0800: 7.944: [CMS: 4390K->4393K(6848K), 0.0036897 secs] 4445K->4393K(9920K), [Metaspace: 4890K->4890K(139264K)], 0.0037607 secs] [Times: user=0.00 sys=0.00, real=0.00 secs] 
2020-11-18T11:05:51.471-0800: 7.949: [Full GC (System.gc()) 2020-11-18T11:05:51.471-0800: 7.949: [CMS: 4393K->4395K(6848K), 0.0039735 secs] 4447K->4395K(9920K), [Metaspace: 4890K->4890K(139264K)], 0.0040522 secs] [Times: user=0.01 sys=0.00, real=0.00 secs] 
2020-11-18T11:05:51.476-0800: 7.955: [Full GC (System.gc()) 2020-11-18T11:05:51.476-0800: 7.955: [CMS: 4395K->4397K(6848K), 0.0034397 secs] 4449K->4397K(9920K), [Metaspace: 4890K->4890K(139264K)], 0.0034900 secs] [Times: user=0.00 sys=0.00, real=0.01 secs] 
2020-11-18T11:05:51.481-0800: 7.960: [Full GC (System.gc()) 2020-11-18T11:05:51.481-0800: 7.960: [CMS: 4397K->4400K(6848K), 0.0038346 secs] 4452K->4400K(9920K), [Metaspace: 4890K->4890K(139264K)], 0.0039063 secs] [Times: user=0.01 sys=0.00, real=0.00 secs] 
2020-11-18T11:05:51.486-0800: 7.965: [Full GC (System.gc()) 2020-11-18T11:05:51.487-0800: 7.965: [CMS: 4400K->4402K(6848K), 0.0038257 secs] 4454K->4402K(9920K), [Metaspace: 4890K->4890K(139264K)], 0.0039000 secs] [Times: user=0.00 sys=0.00, real=0.01 secs] 
2020-11-18T11:05:51.492-0800: 7.970: [Full GC (System.gc()) 2020-11-18T11:05:51.492-0800: 7.970: [CMS: 4402K->4405K(6848K), 0.0036605 secs] 4457K->4405K(9920K), [Metaspace: 4890K->4890K(139264K)], 0.0037302 secs] [Times: user=0.00 sys=0.00, real=0.00 secs] 
2020-11-18T11:05:51.497-0800: 7.975: [Full GC (System.gc()) 2020-11-18T11:05:51.497-0800: 7.975: [CMS: 4405K->4407K(6848K), 0.0038050 secs] 4459K->4407K(9920K), [Metaspace: 4890K->4890K(139264K)], 0.0038823 secs] [Times: user=0.01 sys=0.00, real=0.01 secs] 
2020-11-18T11:05:51.502-0800: 7.981: [Full GC (System.gc()) 2020-11-18T11:05:51.502-0800: 7.981: [CMS: 4407K->4409K(6848K), 0.0037995 secs] 4461K->4409K(9920K), [Metaspace: 4890K->4890K(139264K)], 0.0038690 secs] [Times: user=0.00 sys=0.00, real=0.00 secs] 
2020-11-18T11:05:51.507-0800: 7.986: [Full GC (System.gc()) 2020-11-18T11:05:51.507-0800: 7.986: [CMS: 4409K->4412K(6848K), 0.0038079 secs] 4464K->4412K(9920K), [Metaspace: 4890K->4890K(139264K)], 0.0038703 secs] [Times: user=0.01 sys=0.00, real=0.01 secs] 
2020-11-18T11:05:51.513-0800: 7.991: [Full GC (System.gc()) 2020-11-18T11:05:51.513-0800: 7.991: [CMS: 4412K->4414K(6848K), 0.0038885 secs] 4466K->4414K(9920K), [Metaspace: 4890K->4890K(139264K)], 0.0039666 secs] [Times: user=0.00 sys=0.00, real=0.00 secs] 
2020-11-18T11:05:51.518-0800: 7.997: [Full GC (System.gc()) 2020-11-18T11:05:51.518-0800: 7.997: [CMS: 4414K->4417K(6848K), 0.0039128 secs] 4469K->4417K(9920K), [Metaspace: 4890K->4890K(139264K)], 0.0039888 secs] [Times: user=0.00 sys=0.00, real=0.01 secs] 
2020-11-18T11:05:51.524-0800: 8.002: [Full GC (System.gc()) 2020-11-18T11:05:51.524-0800: 8.002: [CMS: 4417K->4419K(6848K), 0.0039205 secs] 4471K->4419K(9920K), [Metaspace: 4890K->4890K(139264K)], 0.0039920 secs] [Times: user=0.01 sys=0.00, real=0.00 secs] 
2020-11-18T11:05:51.529-0800: 8.008: [Full GC (System.gc()) 2020-11-18T11:05:51.529-0800: 8.008: [CMS: 4419K->4421K(6848K), 0.0038035 secs] 4473K->4421K(9920K), [Metaspace: 4890K->4890K(139264K)], 0.0038735 secs] [Times: user=0.00 sys=0.00, real=0.01 secs] 
2020-11-18T11:05:51.534-0800: 8.013: [Full GC (System.gc()) 2020-11-18T11:05:51.534-0800: 8.013: [CMS: 4421K->4424K(6848K), 0.0037563 secs] 4476K->4424K(9920K), [Metaspace: 4890K->4890K(139264K)], 0.0038249 secs] [Times: user=0.01 sys=0.00, real=0.00 secs] 
2020-11-18T11:05:51.539-0800: 8.018: [Full GC (System.gc()) 2020-11-18T11:05:51.539-0800: 8.018: [CMS: 4424K->4426K(6848K), 0.0039179 secs] 4478K->4426K(9920K), [Metaspace: 4890K->4890K(139264K)], 0.0039886 secs] [Times: user=0.00 sys=0.00, real=0.01 secs] 
2020-11-18T11:05:51.545-0800: 8.023: [Full GC (System.gc()) 2020-11-18T11:05:51.545-0800: 8.023: [CMS: 4426K->4429K(6848K), 0.0041154 secs] 4481K->4429K(9920K), [Metaspace: 4890K->4890K(139264K)], 0.0042093 secs] [Times: user=0.00 sys=0.00, real=0.00 secs] 
2020-11-18T11:05:51.550-0800: 8.029: [Full GC (System.gc()) 2020-11-18T11:05:51.550-0800: 8.029: [CMS: 4429K->4431K(6848K), 0.0036201 secs] 4483K->4431K(9920K), [Metaspace: 4890K->4890K(139264K)], 0.0036718 secs] [Times: user=0.01 sys=0.00, real=0.00 secs] 
2020-11-18T11:05:51.555-0800: 8.034: [Full GC (System.gc()) 2020-11-18T11:05:51.555-0800: 8.034: [CMS: 4431K->4434K(6848K), 0.0035554 secs] 4486K->4434K(9920K), [Metaspace: 4890K->4890K(139264K)], 0.0036063 secs] [Times: user=0.00 sys=0.00, real=0.00 secs] 
2020-11-18T11:05:51.560-0800: 8.039: [Full GC (System.gc()) 2020-11-18T11:05:51.560-0800: 8.039: [CMS: 4434K->4436K(6848K), 0.0038682 secs] 4488K->4436K(9920K), [Metaspace: 4890K->4890K(139264K)], 0.0039385 secs] [Times: user=0.01 sys=0.00, real=0.00 secs] 
2020-11-18T11:05:51.566-0800: 8.044: [Full GC (System.gc()) 2020-11-18T11:05:51.566-0800: 8.044: [CMS: 4436K->4438K(6848K), 0.0041376 secs] 4490K->4438K(9920K), [Metaspace: 4890K->4890K(139264K)], 0.0042076 secs] [Times: user=0.00 sys=0.00, real=0.01 secs] 
2020-11-18T11:05:51.572-0800: 8.050: [Full GC (System.gc()) 2020-11-18T11:05:51.572-0800: 8.050: [CMS: 4438K->4441K(6848K), 0.0033993 secs] 4493K->4441K(9920K), [Metaspace: 4890K->4890K(139264K)], 0.0034471 secs] [Times: user=0.00 sys=0.00, real=0.00 secs] 
2020-11-18T11:05:51.576-0800: 8.055: [Full GC (System.gc()) 2020-11-18T11:05:51.576-0800: 8.055: [CMS: 4441K->4443K(6848K), 0.0032518 secs] 4495K->4443K(9920K), [Metaspace: 4890K->4890K(139264K)], 0.0033002 secs] [Times: user=0.01 sys=0.00, real=0.01 secs] 
2020-11-18T11:05:51.581-0800: 8.060: [Full GC (System.gc()) 2020-11-18T11:05:51.581-0800: 8.060: [CMS: 4443K->4446K(6848K), 0.0032420 secs] 4498K->4446K(9920K), [Metaspace: 4890K->4890K(139264K)], 0.0032883 secs] [Times: user=0.00 sys=0.00, real=0.00 secs] 
2020-11-18T11:05:51.586-0800: 8.064: [Full GC (System.gc()) 2020-11-18T11:05:51.586-0800: 8.064: [CMS: 4446K->4448K(6848K), 0.0031106 secs] 4500K->4448K(9920K), [Metaspace: 4890K->4890K(139264K)], 0.0031540 secs] [Times: user=0.00 sys=0.00, real=0.00 secs] 
2020-11-18T11:05:51.590-0800: 8.069: [Full GC (System.gc()) 2020-11-18T11:05:51.590-0800: 8.069: [CMS: 4448K->4450K(6848K), 0.0035945 secs] 4502K->4450K(9920K), [Metaspace: 4890K->4890K(139264K)], 0.0036665 secs] [Times: user=0.01 sys=0.00, real=0.00 secs] 
2020-11-18T11:05:51.595-0800: 8.074: [Full GC (System.gc()) 2020-11-18T11:05:51.595-0800: 8.074: [CMS: 4450K->4453K(6848K), 0.0037201 secs] 4505K->4453K(9920K), [Metaspace: 4890K->4890K(139264K)], 0.0037934 secs] [Times: user=0.00 sys=0.00, real=0.00 secs] 
2020-11-18T11:05:51.600-0800: 8.079: [Full GC (System.gc()) 2020-11-18T11:05:51.601-0800: 8.079: [CMS: 4453K->4455K(6848K), 0.0037120 secs] 4507K->4455K(9920K), [Metaspace: 4890K->4890K(139264K)], 0.0037867 secs] [Times: user=0.00 sys=0.00, real=0.00 secs] 
2020-11-18T11:05:51.606-0800: 8.084: [Full GC (System.gc()) 2020-11-18T11:05:51.606-0800: 8.084: [CMS: 4455K->4458K(6848K), 0.0037461 secs] 4510K->4458K(9920K), [Metaspace: 4890K->4890K(139264K)], 0.0038200 secs] [Times: user=0.01 sys=0.00, real=0.00 secs] 
2020-11-18T11:05:51.611-0800: 8.089: [Full GC (System.gc()) 2020-11-18T11:05:51.611-0800: 8.089: [CMS: 4458K->4460K(6848K), 0.0037727 secs] 4512K->4460K(9920K), [Metaspace: 4890K->4890K(139264K)], 0.0038420 secs] [Times: user=0.00 sys=0.00, real=0.00 secs] 
2020-11-18T11:05:51.616-0800: 8.095: [Full GC (System.gc()) 2020-11-18T11:05:51.616-0800: 8.095: [CMS: 4460K->4463K(6848K), 0.0038486 secs] 4515K->4463K(9920K), [Metaspace: 4890K->4890K(139264K)], 0.0039173 secs] [Times: user=0.01 sys=0.00, real=0.01 secs] 
2020-11-18T11:05:51.621-0800: 8.100: [Full GC (System.gc()) 2020-11-18T11:05:51.621-0800: 8.100: [CMS: 4463K->4465K(6848K), 0.0038285 secs] 4517K->4465K(9920K), [Metaspace: 4890K->4890K(139264K)], 0.0039038 secs] [Times: user=0.00 sys=0.00, real=0.00 secs] 
2020-11-18T11:05:51.626-0800: 8.105: [Full GC (System.gc()) 2020-11-18T11:05:51.626-0800: 8.105: [CMS: 4465K->4467K(6848K), 0.0036414 secs] 4519K->4467K(9920K), [Metaspace: 4890K->4890K(139264K)], 0.0037075 secs] [Times: user=0.00 sys=0.00, real=0.01 secs] 
2020-11-18T11:05:51.632-0800: 8.110: [Full GC (System.gc()) 2020-11-18T11:05:51.632-0800: 8.110: [CMS: 4467K->4470K(6848K), 0.0041095 secs] 4522K->4470K(9920K), [Metaspace: 4890K->4890K(139264K)], 0.0041799 secs] [Times: user=0.01 sys=0.00, real=0.00 secs] 
2020-11-18T11:05:51.637-0800: 8.116: [Full GC (System.gc()) 2020-11-18T11:05:51.637-0800: 8.116: [CMS: 4470K->4472K(6848K), 0.0037598 secs] 4524K->4472K(9920K), [Metaspace: 4890K->4890K(139264K)], 0.0038205 secs] [Times: user=0.00 sys=0.00, real=0.01 secs] 
2020-11-18T11:05:51.642-0800: 8.121: [Full GC (System.gc()) 2020-11-18T11:05:51.642-0800: 8.121: [CMS: 4472K->4475K(6848K), 0.0042310 secs] 4527K->4475K(9920K), [Metaspace: 4890K->4890K(139264K)], 0.0043012 secs] [Times: user=0.01 sys=0.00, real=0.00 secs] 
2020-11-18T11:05:51.648-0800: 8.126: [Full GC (System.gc()) 2020-11-18T11:05:51.648-0800: 8.126: [CMS: 4475K->4477K(6848K), 0.0040004 secs] 4529K->4477K(9920K), [Metaspace: 4890K->4890K(139264K)], 0.0040589 secs] [Times: user=0.00 sys=0.00, real=0.01 secs] 
2020-11-18T11:05:51.653-0800: 8.132: [Full GC (System.gc()) 2020-11-18T11:05:51.653-0800: 8.132: [CMS: 4477K->4479K(6848K), 0.0033036 secs] 4531K->4479K(9920K), [Metaspace: 4890K->4890K(139264K)], 0.0033522 secs] [Times: user=0.00 sys=0.00, real=0.00 secs] 
2020-11-18T11:05:51.658-0800: 8.136: [Full GC (System.gc()) 2020-11-18T11:05:51.658-0800: 8.136: [CMS: 4479K->4482K(6848K), 0.0032943 secs] 4534K->4482K(9920K), [Metaspace: 4890K->4890K(139264K)], 0.0033413 secs] [Times: user=0.01 sys=0.00, real=0.01 secs] 
2020-11-18T11:05:51.662-0800: 8.141: [Full GC (System.gc()) 2020-11-18T11:05:51.662-0800: 8.141: [CMS: 4482K->4484K(6848K), 0.0036863 secs] 4536K->4484K(9920K), [Metaspace: 4890K->4890K(139264K)], 0.0037600 secs] [Times: user=0.00 sys=0.00, real=0.00 secs] 
2020-11-18T11:05:51.667-0800: 8.146: [Full GC (System.gc()) 2020-11-18T11:05:51.668-0800: 8.146: [CMS: 4484K->4487K(6848K), 0.0031790 secs] 4539K->4487K(9920K), [Metaspace: 4890K->4890K(139264K)], 0.0032264 secs] [Times: user=0.00 sys=0.00, real=0.01 secs] 
2020-11-18T11:05:51.672-0800: 8.151: [Full GC (System.gc()) 2020-11-18T11:05:51.672-0800: 8.151: [CMS: 4487K->4489K(6848K), 0.0038353 secs] 4541K->4489K(9920K), [Metaspace: 4890K->4890K(139264K)], 0.0039087 secs] [Times: user=0.01 sys=0.00, real=0.00 secs] 
2020-11-18T11:05:51.678-0800: 8.156: [Full GC (System.gc()) 2020-11-18T11:05:51.678-0800: 8.156: [CMS: 4489K->4491K(6848K), 0.0037746 secs] 4543K->4491K(9920K), [Metaspace: 4890K->4890K(139264K)], 0.0038480 secs] [Times: user=0.00 sys=0.00, real=0.01 secs] 
2020-11-18T11:05:51.683-0800: 8.161: [Full GC (System.gc()) 2020-11-18T11:05:51.683-0800: 8.161: [CMS: 4491K->4494K(6848K), 0.0038449 secs] 4546K->4494K(9920K), [Metaspace: 4890K->4890K(139264K)], 0.0039158 secs] [Times: user=0.01 sys=0.00, real=0.00 secs] 
2020-11-18T11:05:51.688-0800: 8.167: [Full GC (System.gc()) 2020-11-18T11:05:51.688-0800: 8.167: [CMS: 4494K->4496K(6848K), 0.0039624 secs] 4548K->4496K(9920K), [Metaspace: 4890K->4890K(139264K)], 0.0040281 secs] [Times: user=0.00 sys=0.00, real=0.01 secs] 
2020-11-18T11:05:51.694-0800: 8.172: [Full GC (System.gc()) 2020-11-18T11:05:51.694-0800: 8.172: [CMS: 4496K->4499K(6848K), 0.0037143 secs] 4551K->4499K(9920K), [Metaspace: 4890K->4890K(139264K)], 0.0037872 secs] [Times: user=0.00 sys=0.00, real=0.00 secs] 
2020-11-18T11:05:51.699-0800: 8.178: [Full GC (System.gc()) 2020-11-18T11:05:51.699-0800: 8.178: [CMS: 4499K->4501K(6848K), 0.0039319 secs] 4553K->4501K(9920K), [Metaspace: 4890K->4890K(139264K)], 0.0040005 secs] [Times: user=0.01 sys=0.00, real=0.01 secs] 
2020-11-18T11:05:51.705-0800: 8.183: [Full GC (System.gc()) 2020-11-18T11:05:51.705-0800: 8.183: [CMS: 4501K->4504K(6848K), 0.0038684 secs] 4556K->4504K(9920K), [Metaspace: 4890K->4890K(139264K)], 0.0039392 secs] [Times: user=0.00 sys=0.00, real=0.00 secs] 
2020-11-18T11:05:51.710-0800: 8.189: [Full GC (System.gc()) 2020-11-18T11:05:51.710-0800: 8.189: [CMS: 4504K->4506K(6848K), 0.0040956 secs] 4558K->4506K(9920K), [Metaspace: 4890K->4890K(139264K)], 0.0041762 secs] [Times: user=0.01 sys=0.00, real=0.00 secs] 
2020-11-18T11:05:51.716-0800: 8.194: [Full GC (System.gc()) 2020-11-18T11:05:51.716-0800: 8.194: [CMS: 4506K->4508K(6848K), 0.0041943 secs] 4560K->4508K(9920K), [Metaspace: 4890K->4890K(139264K)], 0.0042828 secs] [Times: user=0.00 sys=0.00, real=0.01 secs] 
2020-11-18T11:05:51.721-0800: 8.200: [Full GC (System.gc()) 2020-11-18T11:05:51.721-0800: 8.200: [CMS: 4508K->4511K(6848K), 0.0038534 secs] 4563K->4511K(9920K), [Metaspace: 4890K->4890K(139264K)], 0.0039191 secs] [Times: user=0.00 sys=0.00, real=0.00 secs] 
2020-11-18T11:05:51.727-0800: 8.205: [Full GC (System.gc()) 2020-11-18T11:05:51.727-0800: 8.205: [CMS: 4511K->4513K(6848K), 0.0035453 secs] 4565K->4513K(9920K), [Metaspace: 4890K->4890K(139264K)], 0.0035966 secs] [Times: user=0.01 sys=0.00, real=0.01 secs] 
2020-11-18T11:05:51.731-0800: 8.210: [Full GC (System.gc()) 2020-11-18T11:05:51.731-0800: 8.210: [CMS: 4513K->4516K(6848K), 0.0034788 secs] 4568K->4516K(9920K), [Metaspace: 4890K->4890K(139264K)], 0.0035370 secs] [Times: user=0.00 sys=0.00, real=0.00 secs] 
2020-11-18T11:05:51.736-0800: 8.215: [Full GC (System.gc()) 2020-11-18T11:05:51.736-0800: 8.215: [CMS: 4516K->4518K(6848K), 0.0049097 secs] 4570K->4518K(9920K), [Metaspace: 4890K->4890K(139264K)], 0.0049805 secs] [Times: user=0.01 sys=0.00, real=0.01 secs] 
2020-11-18T11:05:51.743-0800: 8.221: [Full GC (System.gc()) 2020-11-18T11:05:51.743-0800: 8.221: [CMS: 4518K->4520K(6848K), 0.0037030 secs] 4572K->4520K(9920K), [Metaspace: 4890K->4890K(139264K)], 0.0037522 secs] [Times: user=0.00 sys=0.00, real=0.00 secs] 
2020-11-18T11:05:51.748-0800: 8.226: [Full GC (System.gc()) 2020-11-18T11:05:51.748-0800: 8.226: [CMS: 4520K->4523K(6848K), 0.0037427 secs] 4575K->4523K(9920K), [Metaspace: 4890K->4890K(139264K)], 0.0038029 secs] [Times: user=0.00 sys=0.00, real=0.01 secs] 
2020-11-18T11:05:51.753-0800: 8.231: [Full GC (System.gc()) 2020-11-18T11:05:51.753-0800: 8.231: [CMS: 4523K->4525K(6848K), 0.0042998 secs] 4577K->4525K(9920K), [Metaspace: 4890K->4890K(139264K)], 0.0043823 secs] [Times: user=0.01 sys=0.00, real=0.00 secs] 
2020-11-18T11:05:51.759-0800: 8.237: [Full GC (System.gc()) 2020-11-18T11:05:51.759-0800: 8.237: [CMS: 4525K->4528K(6848K), 0.0038285 secs] 4580K->4528K(9920K), [Metaspace: 4890K->4890K(139264K)], 0.0038995 secs] [Times: user=0.00 sys=0.00, real=0.01 secs] 
2020-11-18T11:05:51.764-0800: 8.242: [Full GC (System.gc()) 2020-11-18T11:05:51.764-0800: 8.242: [CMS: 4528K->4530K(6848K), 0.0036791 secs] 4582K->4530K(9920K), [Metaspace: 4890K->4890K(139264K)], 0.0037618 secs] [Times: user=0.01 sys=0.00, real=0.00 secs] 
2020-11-18T11:05:51.769-0800: 8.248: [Full GC (System.gc()) 2020-11-18T11:05:51.769-0800: 8.248: [CMS: 4530K->4533K(6848K), 0.0039461 secs] 4585K->4533K(9920K), [Metaspace: 4890K->4890K(139264K)], 0.0040055 secs] [Times: user=0.00 sys=0.00, real=0.01 secs] 
2020-11-18T11:05:51.775-0800: 8.253: [Full GC (System.gc()) 2020-11-18T11:05:51.775-0800: 8.253: [CMS: 4533K->4535K(6848K), 0.0039228 secs] 4587K->4535K(9920K), [Metaspace: 4890K->4890K(139264K)], 0.0039934 secs] [Times: user=0.00 sys=0.00, real=0.00 secs] 
2020-11-18T11:05:51.780-0800: 8.259: [Full GC (System.gc()) 2020-11-18T11:05:51.780-0800: 8.259: [CMS: 4535K->4537K(6848K), 0.0036164 secs] 4589K->4537K(9920K), [Metaspace: 4890K->4890K(139264K)], 0.0036804 secs] [Times: user=0.01 sys=0.00, real=0.00 secs] 
2020-11-18T11:05:51.785-0800: 8.264: [Full GC (System.gc()) 2020-11-18T11:05:51.785-0800: 8.264: [CMS: 4537K->4540K(6848K), 0.0045180 secs] 4592K->4540K(9920K), [Metaspace: 4890K->4890K(139264K)], 0.0045981 secs] [Times: user=0.00 sys=0.00, real=0.01 secs] 
2020-11-18T11:05:51.791-0800: 8.270: [Full GC (System.gc()) 2020-11-18T11:05:51.791-0800: 8.270: [CMS: 4540K->4542K(6848K), 0.0039676 secs] 4594K->4542K(9920K), [Metaspace: 4890K->4890K(139264K)], 0.0040410 secs] [Times: user=0.01 sys=0.00, real=0.00 secs] 
2020-11-18T11:05:51.797-0800: 8.275: [Full GC (System.gc()) 2020-11-18T11:05:51.797-0800: 8.275: [CMS: 4542K->4545K(6848K), 0.0035679 secs] 4597K->4545K(9920K), [Metaspace: 4890K->4890K(139264K)], 0.0036204 secs] [Times: user=0.00 sys=0.00, real=0.01 secs] 
2020-11-18T11:05:51.802-0800: 8.280: [Full GC (System.gc()) 2020-11-18T11:05:51.802-0800: 8.280: [CMS: 4545K->4547K(6848K), 0.0045086 secs] 4599K->4547K(9920K), [Metaspace: 4890K->4890K(139264K)], 0.0045927 secs] [Times: user=0.00 sys=0.00, real=0.00 secs] 
2020-11-18T11:05:51.808-0800: 8.286: [Full GC (System.gc()) 2020-11-18T11:05:51.808-0800: 8.286: [CMS: 4547K->4549K(6848K), 0.0038657 secs] 4601K->4549K(9920K), [Metaspace: 4890K->4890K(139264K)], 0.0039382 secs] [Times: user=0.01 sys=0.00, real=0.01 secs] 
2020-11-18T11:05:51.813-0800: 8.291: [Full GC (System.gc()) 2020-11-18T11:05:51.813-0800: 8.291: [CMS: 4549K->4552K(6848K), 0.0038394 secs] 4604K->4552K(9920K), [Metaspace: 4890K->4890K(139264K)], 0.0038976 secs] [Times: user=0.00 sys=0.00, real=0.00 secs] 
2020-11-18T11:05:51.818-0800: 8.297: [Full GC (System.gc()) 2020-11-18T11:05:51.818-0800: 8.297: [CMS: 4552K->4554K(6848K), 0.0040062 secs] 4606K->4554K(9920K), [Metaspace: 4890K->4890K(139264K)], 0.0040651 secs] [Times: user=0.01 sys=0.00, real=0.01 secs] 
2020-11-18T11:05:51.823-0800: 8.302: [Full GC (System.gc()) 2020-11-18T11:05:51.824-0800: 8.302: [CMS: 4554K->4557K(6848K), 0.0033324 secs] 4609K->4557K(9920K), [Metaspace: 4890K->4890K(139264K)], 0.0033774 secs] [Times: user=0.00 sys=0.00, real=0.00 secs] 
2020-11-18T11:05:51.828-0800: 8.307: [Full GC (System.gc()) 2020-11-18T11:05:51.828-0800: 8.307: [CMS: 4557K->4559K(6848K), 0.0034887 secs] 4611K->4559K(9920K), [Metaspace: 4890K->4890K(139264K)], 0.0035427 secs] [Times: user=0.00 sys=0.00, real=0.01 secs] 
2020-11-18T11:05:51.833-0800: 8.312: [Full GC (System.gc()) 2020-11-18T11:05:51.833-0800: 8.312: [CMS: 4559K->4562K(6848K), 0.0044363 secs] 4613K->4562K(9920K), [Metaspace: 4890K->4890K(139264K)], 0.0045151 secs] [Times: user=0.01 sys=0.00, real=0.00 secs] 
2020-11-18T11:05:51.839-0800: 8.318: [Full GC (System.gc()) 2020-11-18T11:05:51.839-0800: 8.318: [CMS: 4562K->4564K(6848K), 0.0037946 secs] 4616K->4564K(9920K), [Metaspace: 4890K->4890K(139264K)], 0.0038834 secs] [Times: user=0.00 sys=0.00, real=0.01 secs] 
2020-11-18T11:05:51.845-0800: 8.323: [Full GC (System.gc()) 2020-11-18T11:05:51.845-0800: 8.323: [CMS: 4564K->4566K(6848K), 0.0037173 secs] 4618K->4566K(9920K), [Metaspace: 4890K->4890K(139264K)], 0.0037687 secs] [Times: user=0.01 sys=0.00, real=0.00 secs] 
2020-11-18T11:05:51.850-0800: 8.328: [Full GC (System.gc()) 2020-11-18T11:05:51.850-0800: 8.328: [CMS: 4566K->4569K(6848K), 0.0045776 secs] 4621K->4569K(9920K), [Metaspace: 4890K->4890K(139264K)], 0.0046575 secs] [Times: user=0.00 sys=0.00, real=0.00 secs] 
2020-11-18T11:05:51.856-0800: 8.335: [Full GC (System.gc()) 2020-11-18T11:05:51.856-0800: 8.335: [CMS: 4569K->4571K(6848K), 0.0045020 secs] 4623K->4571K(9920K), [Metaspace: 4890K->4890K(139264K)], 0.0045817 secs] [Times: user=0.00 sys=0.00, real=0.01 secs] 
2020-11-18T11:05:51.862-0800: 8.341: [Full GC (System.gc()) 2020-11-18T11:05:51.862-0800: 8.341: [CMS: 4571K->4574K(6848K), 0.0038279 secs] 4626K->4574K(9920K), [Metaspace: 4890K->4890K(139264K)], 0.0038966 secs] [Times: user=0.01 sys=0.00, real=0.00 secs] 
2020-11-18T11:05:51.867-0800: 8.346: [Full GC (System.gc()) 2020-11-18T11:05:51.867-0800: 8.346: [CMS: 4574K->4576K(6848K), 0.0045405 secs] 4628K->4576K(9920K), [Metaspace: 4890K->4890K(139264K)], 0.0046237 secs] [Times: user=0.00 sys=0.00, real=0.01 secs] 
2020-11-18T11:05:51.873-0800: 8.352: [Full GC (System.gc()) 2020-11-18T11:05:51.873-0800: 8.352: [CMS: 4576K->4578K(6848K), 0.0047168 secs] 4630K->4578K(9920K), [Metaspace: 4890K->4890K(139264K)], 0.0048053 secs] [Times: user=0.01 sys=0.00, real=0.00 secs] 
2020-11-18T11:05:51.880-0800: 8.358: [Full GC (System.gc()) 2020-11-18T11:05:51.880-0800: 8.358: [CMS: 4578K->4581K(6848K), 0.0037214 secs] 4633K->4581K(9920K), [Metaspace: 4890K->4890K(139264K)], 0.0037939 secs] [Times: user=0.00 sys=0.00, real=0.00 secs] 
2020-11-18T11:05:51.885-0800: 8.363: [Full GC (System.gc()) 2020-11-18T11:05:51.885-0800: 8.363: [CMS: 4581K->4583K(6848K), 0.0035100 secs] 4635K->4583K(9920K), [Metaspace: 4890K->4890K(139264K)], 0.0035629 secs] [Times: user=0.00 sys=0.00, real=0.00 secs] 
2020-11-18T11:05:51.890-0800: 8.368: [Full GC (System.gc()) 2020-11-18T11:05:51.890-0800: 8.368: [CMS: 4583K->4586K(6848K), 0.0045045 secs] 4638K->4586K(9920K), [Metaspace: 4890K->4890K(139264K)], 0.0045843 secs] [Times: user=0.01 sys=0.00, real=0.00 secs] 
2020-11-18T11:05:51.896-0800: 8.374: [Full GC (System.gc()) 2020-11-18T11:05:51.896-0800: 8.374: [CMS: 4586K->4588K(6848K), 0.0043116 secs] 4640K->4588K(9920K), [Metaspace: 4890K->4890K(139264K)], 0.0044323 secs] [Times: user=0.00 sys=0.00, real=0.01 secs] 
2020-11-18T11:05:51.902-0800: 8.380: [Full GC (System.gc()) 2020-11-18T11:05:51.902-0800: 8.380: [CMS: 4588K->4590K(6848K), 0.0036445 secs] 4642K->4590K(9920K), [Metaspace: 4890K->4890K(139264K)], 0.0036922 secs] [Times: user=0.01 sys=0.00, real=0.00 secs] 
2020-11-18T11:05:51.907-0800: 8.385: [Full GC (System.gc()) 2020-11-18T11:05:51.907-0800: 8.385: [CMS: 4590K->4593K(6848K), 0.0045205 secs] 4645K->4593K(9920K), [Metaspace: 4890K->4890K(139264K)], 0.0046086 secs] [Times: user=0.00 sys=0.00, real=0.01 secs] 
2020-11-18T11:05:51.913-0800: 8.392: [Full GC (System.gc()) 2020-11-18T11:05:51.913-0800: 8.392: [CMS: 4593K->4595K(6848K), 0.0045363 secs] 4647K->4595K(9920K), [Metaspace: 4890K->4890K(139264K)], 0.0046168 secs] [Times: user=0.01 sys=0.00, real=0.00 secs] 
2020-11-18T11:05:51.919-0800: 8.398: [Full GC (System.gc()) 2020-11-18T11:05:51.919-0800: 8.398: [CMS: 4595K->4598K(6848K), 0.0038348 secs] 4650K->4598K(9920K), [Metaspace: 4890K->4890K(139264K)], 0.0039074 secs] [Times: user=0.00 sys=0.00, real=0.01 secs] 
2020-11-18T11:05:51.924-0800: 8.403: [Full GC (System.gc()) 2020-11-18T11:05:51.924-0800: 8.403: [CMS: 4598K->4600K(6848K), 0.0036545 secs] 4652K->4600K(9920K), [Metaspace: 4890K->4890K(139264K)], 0.0037133 secs] [Times: user=0.00 sys=0.00, real=0.00 secs] 
2020-11-18T11:05:51.929-0800: 8.408: [Full GC (System.gc()) 2020-11-18T11:05:51.929-0800: 8.408: [CMS: 4600K->4603K(6848K), 0.0044697 secs] 4655K->4603K(9920K), [Metaspace: 4890K->4890K(139264K)], 0.0045486 secs] [Times: user=0.01 sys=0.00, real=0.01 secs] 
2020-11-18T11:05:51.935-0800: 8.414: [Full GC (System.gc()) 2020-11-18T11:05:51.935-0800: 8.414: [CMS: 4603K->4605K(6848K), 0.0038303 secs] 4657K->4605K(9920K), [Metaspace: 4890K->4890K(139264K)], 0.0039013 secs] [Times: user=0.00 sys=0.01, real=0.00 secs] 
2020-11-18T11:05:51.940-0800: 8.419: [Full GC (System.gc()) 2020-11-18T11:05:51.940-0800: 8.419: [CMS: 4605K->4607K(6848K), 0.0035685 secs] 4659K->4607K(9920K), [Metaspace: 4890K->4890K(139264K)], 0.0036224 secs] [Times: user=0.01 sys=0.00, real=0.00 secs] 
2020-11-18T11:05:51.945-0800: 8.424: [Full GC (System.gc()) 2020-11-18T11:05:51.945-0800: 8.424: [CMS: 4607K->4610K(6848K), 0.0044056 secs] 4662K->4610K(9920K), [Metaspace: 4890K->4890K(139264K)], 0.0044835 secs] [Times: user=0.00 sys=0.00, real=0.01 secs] 
2020-11-18T11:05:51.951-0800: 8.430: [Full GC (System.gc()) 2020-11-18T11:05:51.951-0800: 8.430: [CMS: 4610K->4612K(6848K), 0.0038265 secs] 4664K->4612K(9920K), [Metaspace: 4890K->4890K(139264K)], 0.0038983 secs] [Times: user=0.00 sys=0.00, real=0.00 secs] 
2020-11-18T11:05:51.956-0800: 8.435: [Full GC (System.gc()) 2020-11-18T11:05:51.957-0800: 8.435: [CMS: 4612K->4615K(6848K), 0.0035636 secs] 4667K->4615K(9920K), [Metaspace: 4890K->4890K(139264K)], 0.0036187 secs] [Times: user=0.01 sys=0.00, real=0.01 secs] 
2020-11-18T11:05:51.962-0800: 8.440: [Full GC (System.gc()) 2020-11-18T11:05:51.962-0800: 8.440: [CMS: 4615K->4617K(6848K), 0.0044618 secs] 4669K->4617K(9920K), [Metaspace: 4890K->4890K(139264K)], 0.0045399 secs] [Times: user=0.00 sys=0.00, real=0.00 secs] 
2020-11-18T11:05:51.968-0800: 8.446: [Full GC (System.gc()) 2020-11-18T11:05:51.968-0800: 8.446: [CMS: 4617K->4619K(6848K), 0.0038798 secs] 4671K->4619K(9920K), [Metaspace: 4890K->4890K(139264K)], 0.0039513 secs] [Times: user=0.01 sys=0.00, real=0.01 secs] 
2020-11-18T11:05:51.973-0800: 8.452: [Full GC (System.gc()) 2020-11-18T11:05:51.973-0800: 8.452: [CMS: 4619K->4622K(6848K), 0.0036139 secs] 4674K->4622K(9920K), [Metaspace: 4890K->4890K(139264K)], 0.0036733 secs] [Times: user=0.00 sys=0.00, real=0.00 secs] 
2020-11-18T11:05:51.978-0800: 8.457: [Full GC (System.gc()) 2020-11-18T11:05:51.978-0800: 8.457: [CMS: 4622K->4624K(6848K), 0.0043754 secs] 4676K->4624K(9920K), [Metaspace: 4890K->4890K(139264K)], 0.0044569 secs] [Times: user=0.00 sys=0.00, real=0.01 secs] 
2020-11-18T11:05:51.984-0800: 8.463: [Full GC (System.gc()) 2020-11-18T11:05:51.984-0800: 8.463: [CMS: 4624K->4627K(6848K), 0.0043819 secs] 4679K->4627K(9920K), [Metaspace: 4890K->4890K(139264K)], 0.0044619 secs] [Times: user=0.01 sys=0.00, real=0.00 secs] 
2020-11-18T11:05:51.990-0800: 8.469: [Full GC (System.gc()) 2020-11-18T11:05:51.990-0800: 8.469: [CMS: 4627K->4629K(6848K), 0.0038275 secs] 4681K->4629K(9920K), [Metaspace: 4890K->4890K(139264K)], 0.0038985 secs] [Times: user=0.00 sys=0.00, real=0.00 secs] 
2020-11-18T11:05:51.995-0800: 8.474: [Full GC (System.gc()) 2020-11-18T11:05:51.995-0800: 8.474: [CMS: 4629K->4632K(6848K), 0.0042578 secs] 4683K->4632K(9920K), [Metaspace: 4890K->4890K(139264K)], 0.0043380 secs] [Times: user=0.01 sys=0.00, real=0.01 secs] 
2020-11-18T11:05:52.001-0800: 8.480: [Full GC (System.gc()) 2020-11-18T11:05:52.001-0800: 8.480: [CMS: 4632K->4634K(6848K), 0.0052956 secs] 4686K->4634K(9920K), [Metaspace: 4890K->4890K(139264K)], 0.0053711 secs] [Times: user=0.00 sys=0.00, real=0.00 secs] 
2020-11-18T11:05:52.008-0800: 8.486: [Full GC (System.gc()) 2020-11-18T11:05:52.008-0800: 8.486: [CMS: 4634K->4636K(6848K), 0.0044899 secs] 4688K->4636K(9920K), [Metaspace: 4890K->4890K(139264K)], 0.0045780 secs] [Times: user=0.01 sys=0.00, real=0.01 secs] 
2020-11-18T11:05:52.014-0800: 8.492: [Full GC (System.gc()) 2020-11-18T11:05:52.014-0800: 8.492: [CMS: 4636K->4639K(6848K), 0.0037216 secs] 4691K->4639K(9920K), [Metaspace: 4890K->4890K(139264K)], 0.0037752 secs] [Times: user=0.00 sys=0.00, real=0.00 secs] 
2020-11-18T11:05:52.019-0800: 8.498: [Full GC (System.gc()) 2020-11-18T11:05:52.019-0800: 8.498: [CMS: 4639K->4641K(6848K), 0.0046057 secs] 4693K->4641K(9920K), [Metaspace: 4890K->4890K(139264K)], 0.0046891 secs] [Times: user=0.00 sys=0.00, real=0.01 secs] 
2020-11-18T11:05:52.025-0800: 8.504: [Full GC (System.gc()) 2020-11-18T11:05:52.025-0800: 8.504: [CMS: 4641K->4644K(6848K), 0.0045483 secs] 4696K->4644K(9920K), [Metaspace: 4890K->4890K(139264K)], 0.0046269 secs] [Times: user=0.01 sys=0.00, real=0.01 secs] 
2020-11-18T11:05:52.031-0800: 8.510: [Full GC (System.gc()) 2020-11-18T11:05:52.031-0800: 8.510: [CMS: 4644K->4646K(6848K), 0.0034335 secs] 4698K->4646K(9920K), [Metaspace: 4890K->4890K(139264K)], 0.0034825 secs] [Times: user=0.00 sys=0.00, real=0.00 secs] 
2020-11-18T11:05:52.036-0800: 8.515: [Full GC (System.gc()) 2020-11-18T11:05:52.036-0800: 8.515: [CMS: 4646K->4648K(6848K), 0.0038070 secs] 4700K->4648K(9920K), [Metaspace: 4890K->4890K(139264K)], 0.0038986 secs] [Times: user=0.01 sys=0.00, real=0.01 secs] 
2020-11-18T11:05:52.041-0800: 8.520: [Full GC (System.gc()) 2020-11-18T11:05:52.041-0800: 8.520: [CMS: 4648K->4651K(6848K), 0.0040616 secs] 4703K->4651K(9920K), [Metaspace: 4890K->4890K(139264K)], 0.0041219 secs] [Times: user=0.00 sys=0.00, real=0.00 secs] 
2020-11-18T11:05:52.047-0800: 8.525: [Full GC (System.gc()) 2020-11-18T11:05:52.047-0800: 8.525: [CMS: 4651K->4653K(6848K), 0.0035634 secs] 4705K->4653K(9920K), [Metaspace: 4890K->4890K(139264K)], 0.0036104 secs] [Times: user=0.00 sys=0.00, real=0.01 secs] 
2020-11-18T11:05:52.052-0800: 8.531: [Full GC (System.gc()) 2020-11-18T11:05:52.052-0800: 8.531: [CMS: 4653K->4656K(6848K), 0.0036543 secs] 4708K->4656K(9920K), [Metaspace: 4890K->4890K(139264K)], 0.0037246 secs] [Times: user=0.01 sys=0.00, real=0.00 secs] 
2020-11-18T11:05:52.057-0800: 8.536: [Full GC (System.gc()) 2020-11-18T11:05:52.057-0800: 8.536: [CMS: 4656K->4658K(6848K), 0.0040883 secs] 4710K->4658K(9920K), [Metaspace: 4890K->4890K(139264K)], 0.0041470 secs] [Times: user=0.00 sys=0.00, real=0.01 secs] 
2020-11-18T11:05:52.063-0800: 8.541: [Full GC (System.gc()) 2020-11-18T11:05:52.063-0800: 8.541: [CMS: 4658K->4660K(6848K), 0.0034312 secs] 4712K->4660K(9920K), [Metaspace: 4890K->4890K(139264K)], 0.0034777 secs] [Times: user=0.00 sys=0.00, real=0.00 secs] 
2020-11-18T11:05:52.067-0800: 8.546: [Full GC (System.gc()) 2020-11-18T11:05:52.068-0800: 8.546: [CMS: 4660K->4663K(6848K), 0.0044142 secs] 4715K->4663K(9920K), [Metaspace: 4890K->4890K(139264K)], 0.0044928 secs] [Times: user=0.00 sys=0.00, real=0.01 secs] 
2020-11-18T11:05:52.073-0800: 8.552: [Full GC (System.gc()) 2020-11-18T11:05:52.073-0800: 8.552: [CMS: 4663K->4665K(6848K), 0.0038818 secs] 4717K->4665K(9920K), [Metaspace: 4890K->4890K(139264K)], 0.0039417 secs] [Times: user=0.00 sys=0.00, real=0.00 secs] 
2020-11-18T11:05:52.079-0800: 8.557: [Full GC (System.gc()) 2020-11-18T11:05:52.079-0800: 8.557: [CMS: 4665K->4668K(6848K), 0.0036979 secs] 4720K->4668K(9920K), [Metaspace: 4890K->4890K(139264K)], 0.0037688 secs] [Times: user=0.01 sys=0.00, real=0.01 secs] 
2020-11-18T11:05:52.084-0800: 8.563: [Full GC (System.gc()) 2020-11-18T11:05:52.084-0800: 8.563: [CMS: 4668K->4670K(6848K), 0.0038232 secs] 4722K->4670K(9920K), [Metaspace: 4890K->4890K(139264K)], 0.0039699 secs] [Times: user=0.00 sys=0.00, real=0.00 secs] 
2020-11-18T11:05:52.090-0800: 8.568: [Full GC (System.gc()) 2020-11-18T11:05:52.090-0800: 8.568: [CMS: 4670K->4673K(6848K), 0.0045636 secs] 4725K->4673K(9920K), [Metaspace: 4890K->4890K(139264K)], 0.0046417 secs] [Times: user=0.01 sys=0.00, real=0.00 secs] 
2020-11-18T11:05:52.096-0800: 8.574: [Full GC (System.gc()) 2020-11-18T11:05:52.096-0800: 8.574: [CMS: 4673K->4675K(6848K), 0.0042809 secs] 4727K->4675K(9920K), [Metaspace: 4890K->4890K(139264K)], 0.0044386 secs] [Times: user=0.00 sys=0.00, real=0.01 secs] 
2020-11-18T11:05:52.102-0800: 8.580: [Full GC (System.gc()) 2020-11-18T11:05:52.102-0800: 8.580: [CMS: 4675K->4677K(6848K), 0.0036880 secs] 4729K->4677K(9920K), [Metaspace: 4890K->4890K(139264K)], 0.0037575 secs] [Times: user=0.00 sys=0.00, real=0.00 secs] 
2020-11-18T11:05:52.107-0800: 8.586: [Full GC (System.gc()) 2020-11-18T11:05:52.107-0800: 8.586: [CMS: 4677K->4680K(6848K), 0.0045516 secs] 4732K->4680K(9920K), [Metaspace: 4890K->4890K(139264K)], 0.0046338 secs] [Times: user=0.01 sys=0.00, real=0.01 secs] 
2020-11-18T11:05:52.113-0800: 8.592: [Full GC (System.gc()) 2020-11-18T11:05:52.113-0800: 8.592: [CMS: 4680K->4682K(6848K), 0.0045255 secs] 4734K->4682K(9920K), [Metaspace: 4890K->4890K(139264K)], 0.0046036 secs] [Times: user=0.00 sys=0.00, real=0.00 secs] 
2020-11-18T11:05:52.119-0800: 8.598: [Full GC (System.gc()) 2020-11-18T11:05:52.119-0800: 8.598: [CMS: 4682K->4685K(6848K), 0.0039062 secs] 4737K->4685K(9920K), [Metaspace: 4890K->4890K(139264K)], 0.0039778 secs] [Times: user=0.01 sys=0.00, real=0.01 secs] 
2020-11-18T11:05:52.125-0800: 8.603: [Full GC (System.gc()) 2020-11-18T11:05:52.125-0800: 8.603: [CMS: 4685K->4687K(6848K), 0.0036221 secs] 4739K->4687K(9920K), [Metaspace: 4890K->4890K(139264K)], 0.0036760 secs] [Times: user=0.00 sys=0.00, real=0.00 secs] 
2020-11-18T11:05:52.130-0800: 8.608: [Full GC (System.gc()) 2020-11-18T11:05:52.130-0800: 8.608: [CMS: 4687K->4689K(6848K), 0.0046123 secs] 4741K->4689K(9920K), [Metaspace: 4890K->4890K(139264K)], 0.0046907 secs] [Times: user=0.00 sys=0.00, real=0.00 secs] 
2020-11-18T11:05:52.136-0800: 8.614: [Full GC (System.gc()) 2020-11-18T11:05:52.136-0800: 8.614: [CMS: 4689K->4692K(6848K), 0.0050255 secs] 4744K->4692K(9920K), [Metaspace: 4890K->4890K(139264K)], 0.0051070 secs] [Times: user=0.01 sys=0.00, real=0.01 secs] 
2020-11-18T11:05:52.142-0800: 8.621: [Full GC (System.gc()) 2020-11-18T11:05:52.142-0800: 8.621: [CMS: 4692K->4694K(6848K), 0.0036978 secs] 4746K->4694K(9920K), [Metaspace: 4890K->4890K(139264K)], 0.0037486 secs] [Times: user=0.00 sys=0.00, real=0.00 secs] 
2020-11-18T11:05:52.147-0800: 8.626: [Full GC (System.gc()) 2020-11-18T11:05:52.147-0800: 8.626: [CMS: 4694K->4697K(6848K), 0.0041187 secs] 4749K->4697K(9920K), [Metaspace: 4890K->4890K(139264K)], 0.0041751 secs] [Times: user=0.01 sys=0.00, real=0.01 secs] 
2020-11-18T11:05:52.153-0800: 8.631: [Full GC (System.gc()) 2020-11-18T11:05:52.153-0800: 8.631: [CMS: 4697K->4699K(6848K), 0.0038005 secs] 4751K->4699K(9920K), [Metaspace: 4890K->4890K(139264K)], 0.0038580 secs] [Times: user=0.00 sys=0.00, real=0.00 secs] 
2020-11-18T11:05:52.158-0800: 8.637: [Full GC (System.gc()) 2020-11-18T11:05:52.158-0800: 8.637: [CMS: 4699K->4702K(6848K), 0.0034508 secs] 4754K->4702K(9920K), [Metaspace: 4890K->4890K(139264K)], 0.0034983 secs] [Times: user=0.00 sys=0.00, real=0.01 secs] 
2020-11-18T11:05:52.163-0800: 8.642: [Full GC (System.gc()) 2020-11-18T11:05:52.163-0800: 8.642: [CMS: 4702K->4704K(6848K), 0.0039224 secs] 4756K->4704K(9920K), [Metaspace: 4890K->4890K(139264K)], 0.0039781 secs] [Times: user=0.01 sys=0.00, real=0.00 secs] 
2020-11-18T11:05:52.168-0800: 8.647: [Full GC (System.gc()) 2020-11-18T11:05:52.169-0800: 8.647: [CMS: 4704K->4706K(6848K), 0.0037609 secs] 4758K->4706K(9920K), [Metaspace: 4890K->4890K(139264K)], 0.0038462 secs] [Times: user=0.00 sys=0.00, real=0.01 secs] 
2020-11-18T11:05:52.174-0800: 8.652: [Full GC (System.gc()) 2020-11-18T11:05:52.174-0800: 8.652: [CMS: 4706K->4709K(6848K), 0.0035511 secs] 4761K->4709K(9920K), [Metaspace: 4890K->4890K(139264K)], 0.0035967 secs] [Times: user=0.01 sys=0.00, real=0.00 secs] 
2020-11-18T11:05:52.179-0800: 8.657: [Full GC (System.gc()) 2020-11-18T11:05:52.179-0800: 8.657: [CMS: 4709K->4711K(6848K), 0.0044732 secs] 4763K->4711K(9920K), [Metaspace: 4890K->4890K(139264K)], 0.0045554 secs] [Times: user=0.00 sys=0.00, real=0.01 secs] 
2020-11-18T11:05:52.185-0800: 8.663: [Full GC (System.gc()) 2020-11-18T11:05:52.185-0800: 8.663: [CMS: 4711K->4714K(6848K), 0.0043453 secs] 4766K->4714K(9920K), [Metaspace: 4890K->4890K(139264K)], 0.0044246 secs] [Times: user=0.00 sys=0.00, real=0.00 secs] 
2020-11-18T11:05:52.190-0800: 8.669: [Full GC (System.gc()) 2020-11-18T11:05:52.191-0800: 8.669: [CMS: 4714K->4716K(6848K), 0.0038114 secs] 4768K->4716K(9920K), [Metaspace: 4890K->4890K(139264K)], 0.0038864 secs] [Times: user=0.01 sys=0.00, real=0.00 secs] 
2020-11-18T11:05:52.196-0800: 8.674: [Full GC (System.gc()) 2020-11-18T11:05:52.196-0800: 8.674: [CMS: 4716K->4718K(6848K), 0.0042135 secs] 4770K->4718K(9920K), [Metaspace: 4890K->4890K(139264K)], 0.0043567 secs] [Times: user=0.00 sys=0.00, real=0.01 secs] 
2020-11-18T11:05:52.202-0800: 8.680: [Full GC (System.gc()) 2020-11-18T11:05:52.202-0800: 8.680: [CMS: 4718K->4721K(6848K), 0.0044792 secs] 4773K->4721K(9920K), [Metaspace: 4890K->4890K(139264K)], 0.0045609 secs] [Times: user=0.01 sys=0.00, real=0.00 secs] 
2020-11-18T11:05:52.208-0800: 8.686: [Full GC (System.gc()) 2020-11-18T11:05:52.208-0800: 8.686: [CMS: 4721K->4723K(6848K), 0.0038477 secs] 4775K->4723K(9920K), [Metaspace: 4890K->4890K(139264K)], 0.0039362 secs] [Times: user=0.00 sys=0.00, real=0.01 secs] 
2020-11-18T11:05:52.213-0800: 8.692: [Full GC (System.gc()) 2020-11-18T11:05:52.213-0800: 8.692: [CMS: 4723K->4726K(6848K), 0.0036628 secs] 4778K->4726K(9920K), [Metaspace: 4890K->4890K(139264K)], 0.0037191 secs] [Times: user=0.00 sys=0.00, real=0.00 secs] 
2020-11-18T11:05:52.218-0800: 8.697: [Full GC (System.gc()) 2020-11-18T11:05:52.218-0800: 8.697: [CMS: 4726K->4728K(6848K), 0.0049690 secs] 4780K->4728K(9920K), [Metaspace: 4890K->4890K(139264K)], 0.0050509 secs] [Times: user=0.01 sys=0.00, real=0.01 secs] 
2020-11-18T11:05:52.225-0800: 8.703: [Full GC (System.gc()) 2020-11-18T11:05:52.225-0800: 8.703: [CMS: 4728K->4730K(6848K), 0.0042135 secs] 4782K->4730K(9920K), [Metaspace: 4890K->4890K(139264K)], 0.0042769 secs] [Times: user=0.00 sys=0.00, real=0.00 secs] 
2020-11-18T11:05:52.230-0800: 8.709: [Full GC (System.gc()) 2020-11-18T11:05:52.230-0800: 8.709: [CMS: 4730K->4733K(6848K), 0.0041309 secs] 4785K->4733K(9920K), [Metaspace: 4890K->4890K(139264K)], 0.0041818 secs] [Times: user=0.01 sys=0.01, real=0.00 secs] 
2020-11-18T11:05:52.236-0800: 8.714: [Full GC (System.gc()) 2020-11-18T11:05:52.236-0800: 8.714: [CMS: 4733K->4735K(6848K), 0.0041615 secs] 4787K->4735K(9920K), [Metaspace: 4890K->4890K(139264K)], 0.0042480 secs] [Times: user=0.00 sys=0.00, real=0.01 secs] 
2020-11-18T11:05:52.241-0800: 8.720: [Full GC (System.gc()) 2020-11-18T11:05:52.241-0800: 8.720: [CMS: 4735K->4738K(6848K), 0.0041368 secs] 4790K->4738K(9920K), [Metaspace: 4890K->4890K(139264K)], 0.0042011 secs] [Times: user=0.01 sys=0.00, real=0.00 secs] 
2020-11-18T11:05:52.247-0800: 8.725: [Full GC (System.gc()) 2020-11-18T11:05:52.247-0800: 8.725: [CMS: 4738K->4740K(6848K), 0.0034267 secs] 4792K->4740K(9920K), [Metaspace: 4890K->4890K(139264K)], 0.0034694 secs] [Times: user=0.00 sys=0.00, real=0.01 secs] 
2020-11-18T11:05:52.251-0800: 8.730: [Full GC (System.gc()) 2020-11-18T11:05:52.252-0800: 8.730: [CMS: 4740K->4743K(6848K), 0.0045241 secs] 4795K->4743K(9920K), [Metaspace: 4890K->4890K(139264K)], 0.0046094 secs] [Times: user=0.00 sys=0.00, real=0.00 secs] 
2020-11-18T11:05:52.258-0800: 8.736: [Full GC (System.gc()) 2020-11-18T11:05:52.258-0800: 8.736: [CMS: 4743K->4745K(6848K), 0.0039188 secs] 4797K->4745K(9920K), [Metaspace: 4890K->4890K(139264K)], 0.0039990 secs] [Times: user=0.01 sys=0.00, real=0.01 secs] 
2020-11-18T11:05:52.263-0800: 8.742: [Full GC (System.gc()) 2020-11-18T11:05:52.263-0800: 8.742: [CMS: 4745K->4747K(6848K), 0.0038634 secs] 4799K->4747K(9920K), [Metaspace: 4890K->4890K(139264K)], 0.0039318 secs] [Times: user=0.00 sys=0.00, real=0.00 secs] 
2020-11-18T11:05:52.268-0800: 8.747: [Full GC (System.gc()) 2020-11-18T11:05:52.268-0800: 8.747: [CMS: 4747K->4750K(6848K), 0.0037318 secs] 4802K->4750K(9920K), [Metaspace: 4890K->4890K(139264K)], 0.0037986 secs] [Times: user=0.01 sys=0.00, real=0.01 secs] 
2020-11-18T11:05:52.274-0800: 8.752: [Full GC (System.gc()) 2020-11-18T11:05:52.274-0800: 8.752: [CMS: 4750K->4752K(6848K), 0.0042219 secs] 4804K->4752K(9920K), [Metaspace: 4890K->4890K(139264K)], 0.0042878 secs] [Times: user=0.00 sys=0.00, real=0.00 secs] 
2020-11-18T11:05:52.279-0800: 8.758: [Full GC (System.gc()) 2020-11-18T11:05:52.279-0800: 8.758: [CMS: 4752K->4755K(6848K), 0.0034893 secs] 4807K->4755K(9920K), [Metaspace: 4890K->4890K(139264K)], 0.0035391 secs] [Times: user=0.00 sys=0.00, real=0.01 secs] 
2020-11-18T11:05:52.284-0800: 8.763: [Full GC (System.gc()) 2020-11-18T11:05:52.284-0800: 8.763: [CMS: 4755K->4757K(6848K), 0.0032816 secs] 4809K->4757K(9920K), [Metaspace: 4890K->4890K(139264K)], 0.0033265 secs] [Times: user=0.01 sys=0.00, real=0.00 secs] 
2020-11-18T11:05:52.289-0800: 8.767: [Full GC (System.gc()) 2020-11-18T11:05:52.289-0800: 8.767: [CMS: 4757K->4759K(6848K), 0.0032712 secs] 4811K->4759K(9920K), [Metaspace: 4890K->4890K(139264K)], 0.0033255 secs] [Times: user=0.00 sys=0.00, real=0.01 secs] 
2020-11-18T11:05:52.293-0800: 8.772: [Full GC (System.gc()) 2020-11-18T11:05:52.293-0800: 8.772: [CMS: 4759K->4762K(6848K), 0.0031466 secs] 4814K->4762K(9920K), [Metaspace: 4890K->4890K(139264K)], 0.0031905 secs] [Times: user=0.00 sys=0.00, real=0.00 secs] 
2020-11-18T11:05:52.298-0800: 8.776: [Full GC (System.gc()) 2020-11-18T11:05:52.298-0800: 8.776: [CMS: 4762K->4764K(6848K), 0.0032560 secs] 4816K->4764K(9920K), [Metaspace: 4890K->4890K(139264K)], 0.0033033 secs] [Times: user=0.01 sys=0.00, real=0.01 secs] 
2020-11-18T11:05:52.302-0800: 8.781: [Full GC (System.gc()) 2020-11-18T11:05:52.302-0800: 8.781: [CMS: 4764K->4767K(6848K), 0.0036209 secs] 4819K->4767K(9920K), [Metaspace: 4890K->4890K(139264K)], 0.0036894 secs] [Times: user=0.00 sys=0.00, real=0.00 secs] 
2020-11-18T11:05:52.307-0800: 8.786: [Full GC (System.gc()) 2020-11-18T11:05:52.308-0800: 8.786: [CMS: 4767K->4769K(6848K), 0.0041350 secs] 4821K->4769K(9920K), [Metaspace: 4890K->4890K(139264K)], 0.0042073 secs] [Times: user=0.00 sys=0.00, real=0.01 secs] 
2020-11-18T11:05:52.313-0800: 8.792: [Full GC (System.gc()) 2020-11-18T11:05:52.313-0800: 8.792: [CMS: 4769K->4772K(6848K), 0.0038818 secs] 4824K->4772K(9920K), [Metaspace: 4890K->4890K(139264K)], 0.0039541 secs] [Times: user=0.01 sys=0.00, real=0.00 secs] 
2020-11-18T11:05:52.318-0800: 8.797: [Full GC (System.gc()) 2020-11-18T11:05:52.318-0800: 8.797: [CMS: 4772K->4774K(6848K), 0.0039570 secs] 4826K->4774K(9920K), [Metaspace: 4890K->4890K(139264K)], 0.0040296 secs] [Times: user=0.00 sys=0.00, real=0.01 secs] 
2020-11-18T11:05:52.324-0800: 8.802: [Full GC (System.gc()) 2020-11-18T11:05:52.324-0800: 8.802: [CMS: 4774K->4776K(6848K), 0.0038653 secs] 4828K->4776K(9920K), [Metaspace: 4890K->4890K(139264K)], 0.0039339 secs] [Times: user=0.01 sys=0.00, real=0.00 secs] 
2020-11-18T11:05:52.329-0800: 8.808: [Full GC (System.gc()) 2020-11-18T11:05:52.329-0800: 8.808: [CMS: 4776K->4779K(6848K), 0.0035478 secs] 4831K->4779K(9920K), [Metaspace: 4890K->4890K(139264K)], 0.0036029 secs] [Times: user=0.00 sys=0.00, real=0.01 secs] 
2020-11-18T11:05:52.334-0800: 8.813: [Full GC (System.gc()) 2020-11-18T11:05:52.334-0800: 8.813: [CMS: 4779K->4781K(6848K), 0.0032181 secs] 4833K->4781K(9920K), [Metaspace: 4890K->4890K(139264K)], 0.0032627 secs] [Times: user=0.00 sys=0.00, real=0.00 secs] 
2020-11-18T11:05:52.338-0800: 8.817: [Full GC (System.gc()) 2020-11-18T11:05:52.338-0800: 8.817: [CMS: 4781K->4784K(6848K), 0.0031774 secs] 4836K->4784K(9920K), [Metaspace: 4890K->4890K(139264K)], 0.0032255 secs] [Times: user=0.01 sys=0.00, real=0.01 secs] 
2020-11-18T11:05:52.343-0800: 8.822: [Full GC (System.gc()) 2020-11-18T11:05:52.343-0800: 8.822: [CMS: 4784K->4786K(6848K), 0.0038655 secs] 4838K->4786K(9920K), [Metaspace: 4890K->4890K(139264K)], 0.0039438 secs] [Times: user=0.00 sys=0.00, real=0.00 secs] 
2020-11-18T11:05:52.349-0800: 8.827: [Full GC (System.gc()) 2020-11-18T11:05:52.349-0800: 8.827: [CMS: 4786K->4788K(6848K), 0.0039325 secs] 4840K->4788K(9920K), [Metaspace: 4890K->4890K(139264K)], 0.0040027 secs] [Times: user=0.00 sys=0.00, real=0.01 secs] 
2020-11-18T11:05:52.354-0800: 8.832: [Full GC (System.gc()) 2020-11-18T11:05:52.354-0800: 8.832: [CMS: 4788K->4791K(6848K), 0.0037623 secs] 4843K->4791K(9920K), [Metaspace: 4890K->4890K(139264K)], 0.0038324 secs] [Times: user=0.00 sys=0.00, real=0.00 secs] 
2020-11-18T11:05:52.359-0800: 8.837: [Full GC (System.gc()) 2020-11-18T11:05:52.359-0800: 8.837: [CMS: 4791K->4793K(6848K), 0.0037100 secs] 4845K->4793K(9920K), [Metaspace: 4890K->4890K(139264K)], 0.0037804 secs] [Times: user=0.00 sys=0.00, real=0.01 secs] 
2020-11-18T11:05:52.364-0800: 8.842: [Full GC (System.gc()) 2020-11-18T11:05:52.364-0800: 8.842: [CMS: 4793K->4796K(6848K), 0.0039176 secs] 4848K->4796K(9920K), [Metaspace: 4890K->4890K(139264K)], 0.0039848 secs] [Times: user=0.01 sys=0.00, real=0.00 secs] 
2020-11-18T11:05:52.369-0800: 8.848: [Full GC (System.gc()) 2020-11-18T11:05:52.369-0800: 8.848: [CMS: 4796K->4798K(6848K), 0.0038725 secs] 4850K->4798K(9920K), [Metaspace: 4890K->4890K(139264K)], 0.0039419 secs] [Times: user=0.00 sys=0.00, real=0.01 secs] 
2020-11-18T11:05:52.375-0800: 8.853: [Full GC (System.gc()) 2020-11-18T11:05:52.375-0800: 8.853: [CMS: 4798K->4800K(6848K), 0.0036992 secs] 4852K->4800K(9920K), [Metaspace: 4890K->4890K(139264K)], 0.0037691 secs] [Times: user=0.00 sys=0.00, real=0.00 secs] 
2020-11-18T11:05:52.380-0800: 8.858: [Full GC (System.gc()) 2020-11-18T11:05:52.380-0800: 8.858: [CMS: 4800K->4803K(6848K), 0.0038330 secs] 4855K->4803K(9920K), [Metaspace: 4890K->4890K(139264K)], 0.0039063 secs] [Times: user=0.01 sys=0.00, real=0.00 secs] 
2020-11-18T11:05:52.385-0800: 8.864: [Full GC (System.gc()) 2020-11-18T11:05:52.385-0800: 8.864: [CMS: 4803K->4805K(6848K), 0.0038544 secs] 4857K->4805K(9920K), [Metaspace: 4890K->4890K(139264K)], 0.0039266 secs] [Times: user=0.00 sys=0.00, real=0.00 secs] 
2020-11-18T11:05:52.391-0800: 8.869: [Full GC (System.gc()) 2020-11-18T11:05:52.391-0800: 8.869: [CMS: 4805K->4808K(6848K), 0.0039399 secs] 4860K->4808K(9920K), [Metaspace: 4890K->4890K(139264K)], 0.0040109 secs] [Times: user=0.01 sys=0.00, real=0.00 secs] 
2020-11-18T11:05:52.396-0800: 8.875: [Full GC (System.gc()) 2020-11-18T11:05:52.396-0800: 8.875: [CMS: 4808K->4810K(6848K), 0.0039673 secs] 4862K->4810K(9920K), [Metaspace: 4890K->4890K(139264K)], 0.0040482 secs] [Times: user=0.00 sys=0.00, real=0.01 secs] 
2020-11-18T11:05:52.402-0800: 8.880: [Full GC (System.gc()) 2020-11-18T11:05:52.402-0800: 8.880: [CMS: 4810K->4813K(6848K), 0.0045808 secs] 4865K->4813K(9920K), [Metaspace: 4890K->4890K(139264K)], 0.0046603 secs] [Times: user=0.01 sys=0.00, real=0.00 secs] 
2020-11-18T11:05:52.408-0800: 8.886: [Full GC (System.gc()) 2020-11-18T11:05:52.408-0800: 8.886: [CMS: 4813K->4815K(6848K), 0.0047424 secs] 4867K->4815K(9920K), [Metaspace: 4890K->4890K(139264K)], 0.0048217 secs] [Times: user=0.00 sys=0.00, real=0.01 secs] 
2020-11-18T11:05:52.414-0800: 8.893: [Full GC (System.gc()) 2020-11-18T11:05:52.414-0800: 8.893: [CMS: 4815K->4817K(6848K), 0.0035748 secs] 4869K->4817K(9920K), [Metaspace: 4890K->4890K(139264K)], 0.0036238 secs] [Times: user=0.00 sys=0.00, real=0.00 secs] 
2020-11-18T11:05:52.419-0800: 8.897: [Full GC (System.gc()) 2020-11-18T11:05:52.419-0800: 8.897: [CMS: 4817K->4820K(6848K), 0.0045338 secs] 4872K->4820K(9920K), [Metaspace: 4890K->4890K(139264K)], 0.0046151 secs] [Times: user=0.01 sys=0.00, real=0.01 secs] 
2020-11-18T11:05:52.425-0800: 8.904: [Full GC (System.gc()) 2020-11-18T11:05:52.425-0800: 8.904: [CMS: 4820K->4822K(6848K), 0.0045853 secs] 4874K->4822K(9920K), [Metaspace: 4890K->4890K(139264K)], 0.0046659 secs] [Times: user=0.00 sys=0.00, real=0.01 secs] 
2020-11-18T11:05:52.431-0800: 8.909: [Full GC (System.gc()) 2020-11-18T11:05:52.431-0800: 8.909: [CMS: 4822K->4825K(6848K), 0.0037342 secs] 4877K->4825K(9920K), [Metaspace: 4890K->4890K(139264K)], 0.0038033 secs] [Times: user=0.01 sys=0.00, real=0.00 secs] 
2020-11-18T11:05:52.436-0800: 8.915: [Full GC (System.gc()) 2020-11-18T11:05:52.436-0800: 8.915: [CMS: 4825K->4827K(6848K), 0.0040400 secs] 4879K->4827K(9920K), [Metaspace: 4890K->4890K(139264K)], 0.0041464 secs] [Times: user=0.00 sys=0.00, real=0.01 secs] 
2020-11-18T11:05:52.442-0800: 8.920: [Full GC (System.gc()) 2020-11-18T11:05:52.442-0800: 8.920: [CMS: 4827K->4829K(6848K), 0.0045637 secs] 4881K->4829K(9920K), [Metaspace: 4890K->4890K(139264K)], 0.0046462 secs] [Times: user=0.00 sys=0.00, real=0.00 secs] 
2020-11-18T11:05:52.448-0800: 8.926: [Full GC (System.gc()) 2020-11-18T11:05:52.448-0800: 8.926: [CMS: 4829K->4832K(6848K), 0.0042878 secs] 4884K->4832K(9920K), [Metaspace: 4890K->4890K(139264K)], 0.0044359 secs] [Times: user=0.00 sys=0.00, real=0.01 secs] 
2020-11-18T11:05:52.454-0800: 8.932: [Full GC (System.gc()) 2020-11-18T11:05:52.454-0800: 8.932: [CMS: 4832K->4834K(6848K), 0.0037720 secs] 4886K->4834K(9920K), [Metaspace: 4890K->4890K(139264K)], 0.0038485 secs] [Times: user=0.00 sys=0.00, real=0.00 secs] 
2020-11-18T11:05:52.459-0800: 8.938: [Full GC (System.gc()) 2020-11-18T11:05:52.459-0800: 8.938: [CMS: 4834K->4837K(6848K), 0.0046799 secs] 4889K->4837K(9920K), [Metaspace: 4890K->4890K(139264K)], 0.0047659 secs] [Times: user=0.01 sys=0.00, real=0.01 secs] 
2020-11-18T11:05:52.465-0800: 8.944: [Full GC (System.gc()) 2020-11-18T11:05:52.465-0800: 8.944: [CMS: 4837K->4839K(6848K), 0.0046056 secs] 4891K->4839K(9920K), [Metaspace: 4890K->4890K(139264K)], 0.0046788 secs] [Times: user=0.00 sys=0.00, real=0.01 secs] 
2020-11-18T11:05:52.471-0800: 8.950: [Full GC (System.gc()) 2020-11-18T11:05:52.471-0800: 8.950: [CMS: 4839K->4842K(6848K), 0.0035848 secs] 4894K->4842K(9920K), [Metaspace: 4890K->4890K(139264K)], 0.0036350 secs] [Times: user=0.01 sys=0.00, real=0.00 secs] 
2020-11-18T11:05:52.476-0800: 8.955: [Full GC (System.gc()) 2020-11-18T11:05:52.476-0800: 8.955: [CMS: 4842K->4844K(6848K), 0.0035729 secs] 4896K->4844K(9920K), [Metaspace: 4890K->4890K(139264K)], 0.0036247 secs] [Times: user=0.00 sys=0.00, real=0.01 secs] 
2020-11-18T11:05:52.481-0800: 8.960: [Full GC (System.gc()) 2020-11-18T11:05:52.481-0800: 8.960: [CMS: 4844K->4846K(6848K), 0.0045726 secs] 4898K->4846K(9920K), [Metaspace: 4890K->4890K(139264K)], 0.0046516 secs] [Times: user=0.00 sys=0.00, real=0.00 secs] 
2020-11-18T11:05:52.487-0800: 8.966: [Full GC (System.gc()) 2020-11-18T11:05:52.488-0800: 8.966: [CMS: 4846K->4849K(6848K), 0.0039747 secs] 4901K->4849K(9920K), [Metaspace: 4890K->4890K(139264K)], 0.0040468 secs] [Times: user=0.01 sys=0.00, real=0.01 secs] 
2020-11-18T11:05:52.493-0800: 8.971: [Full GC (System.gc()) 2020-11-18T11:05:52.493-0800: 8.971: [CMS: 4849K->4851K(6848K), 0.0035268 secs] 4903K->4851K(9920K), [Metaspace: 4890K->4890K(139264K)], 0.0035785 secs] [Times: user=0.00 sys=0.00, real=0.00 secs] 
2020-11-18T11:05:52.498-0800: 8.976: [Full GC (System.gc()) 2020-11-18T11:05:52.498-0800: 8.976: [CMS: 4851K->4854K(6848K), 0.0046067 secs] 4906K->4854K(9920K), [Metaspace: 4890K->4890K(139264K)], 0.0046845 secs] [Times: user=0.01 sys=0.00, real=0.01 secs] 
2020-11-18T11:05:52.504-0800: 8.982: [Full GC (System.gc()) 2020-11-18T11:05:52.504-0800: 8.982: [CMS: 4854K->4856K(6848K), 0.0042679 secs] 4908K->4856K(9920K), [Metaspace: 4890K->4890K(139264K)], 0.0043798 secs] [Times: user=0.00 sys=0.00, real=0.00 secs] 
2020-11-18T11:05:52.510-0800: 8.988: [Full GC (System.gc()) 2020-11-18T11:05:52.510-0800: 8.988: [CMS: 4856K->4858K(6848K), 0.0037483 secs] 4910K->4858K(9920K), [Metaspace: 4890K->4890K(139264K)], 0.0038198 secs] [Times: user=0.00 sys=0.00, real=0.00 secs] 
2020-11-18T11:05:52.515-0800: 8.993: [Full GC (System.gc()) 2020-11-18T11:05:52.515-0800: 8.993: [CMS: 4858K->4861K(6848K), 0.0044537 secs] 4913K->4861K(9920K), [Metaspace: 4890K->4890K(139264K)], 0.0045353 secs] [Times: user=0.01 sys=0.00, real=0.00 secs] 
2020-11-18T11:05:52.521-0800: 8.999: [Full GC (System.gc()) 2020-11-18T11:05:52.521-0800: 8.999: [CMS: 4861K->4863K(6848K), 0.0046260 secs] 4915K->4863K(9920K), [Metaspace: 4890K->4890K(139264K)], 0.0047022 secs] [Times: user=0.00 sys=0.00, real=0.00 secs] 
2020-11-18T11:05:52.527-0800: 9.006: [Full GC (System.gc()) 2020-11-18T11:05:52.527-0800: 9.006: [CMS: 4863K->4866K(6848K), 0.0037216 secs] 4918K->4866K(9920K), [Metaspace: 4890K->4890K(139264K)], 0.0037975 secs] [Times: user=0.01 sys=0.00, real=0.01 secs] 
2020-11-18T11:05:52.532-0800: 9.011: [Full GC (System.gc()) 2020-11-18T11:05:52.532-0800: 9.011: [CMS: 4866K->4868K(6848K), 0.0040655 secs] 4920K->4868K(9920K), [Metaspace: 4890K->4890K(139264K)], 0.0041503 secs] [Times: user=0.00 sys=0.00, real=0.00 secs] 
2020-11-18T11:05:52.538-0800: 9.016: [Full GC (System.gc()) 2020-11-18T11:05:52.538-0800: 9.016: [CMS: 4868K->4871K(6848K), 0.0040061 secs] 4922K->4871K(9920K), [Metaspace: 4890K->4890K(139264K)], 0.0040676 secs] [Times: user=0.00 sys=0.00, real=0.01 secs] 
2020-11-18T11:05:52.543-0800: 9.022: [Full GC (System.gc()) 2020-11-18T11:05:52.543-0800: 9.022: [CMS: 4871K->4873K(6848K), 0.0039946 secs] 4925K->4873K(9920K), [Metaspace: 4890K->4890K(139264K)], 0.0040736 secs] [Times: user=0.00 sys=0.00, real=0.00 secs] 
2020-11-18T11:05:52.549-0800: 9.027: [Full GC (System.gc()) 2020-11-18T11:05:52.549-0800: 9.027: [CMS: 4873K->4875K(6848K), 0.0039016 secs] 4927K->4875K(9920K), [Metaspace: 4890K->4890K(139264K)], 0.0039611 secs] [Times: user=0.00 sys=0.00, real=0.01 secs] 
2020-11-18T11:05:52.554-0800: 9.033: [Full GC (System.gc()) 2020-11-18T11:05:52.554-0800: 9.033: [CMS: 4875K->4878K(6848K), 0.0046094 secs] 4930K->4878K(9920K), [Metaspace: 4890K->4890K(139264K)], 0.0046893 secs] [Times: user=0.01 sys=0.00, real=0.00 secs] 
2020-11-18T11:05:52.560-0800: 9.039: [Full GC (System.gc()) 2020-11-18T11:05:52.560-0800: 9.039: [CMS: 4878K->4880K(6848K), 0.0039317 secs] 4932K->4880K(9920K), [Metaspace: 4890K->4890K(139264K)], 0.0040253 secs] [Times: user=0.00 sys=0.00, real=0.00 secs] 
2020-11-18T11:05:52.566-0800: 9.044: [Full GC (System.gc()) 2020-11-18T11:05:52.566-0800: 9.044: [CMS: 4880K->4883K(6848K), 0.0035581 secs] 4935K->4883K(9920K), [Metaspace: 4890K->4890K(139264K)], 0.0036070 secs] [Times: user=0.01 sys=0.00, real=0.00 secs] 
2020-11-18T11:05:52.571-0800: 9.049: [Full GC (System.gc()) 2020-11-18T11:05:52.571-0800: 9.049: [CMS: 4883K->4885K(6848K), 0.0039479 secs] 4937K->4885K(9920K), [Metaspace: 4890K->4890K(139264K)], 0.0040062 secs] [Times: user=0.00 sys=0.00, real=0.00 secs] 
2020-11-18T11:05:52.576-0800: 9.055: [Full GC (System.gc()) 2020-11-18T11:05:52.576-0800: 9.055: [CMS: 4885K->4887K(6848K), 0.0040874 secs] 4939K->4887K(9920K), [Metaspace: 4890K->4890K(139264K)], 0.0041465 secs] [Times: user=0.00 sys=0.00, real=0.01 secs] 
2020-11-18T11:05:52.582-0800: 9.060: [Full GC (System.gc()) 2020-11-18T11:05:52.582-0800: 9.060: [CMS: 4887K->4890K(6848K), 0.0038458 secs] 4942K->4890K(9920K), [Metaspace: 4890K->4890K(139264K)], 0.0039150 secs] [Times: user=0.01 sys=0.00, real=0.00 secs] 
2020-11-18T11:05:52.587-0800: 9.065: [Full GC (System.gc()) 2020-11-18T11:05:52.587-0800: 9.065: [CMS: 4890K->4892K(6848K), 0.0047266 secs] 4944K->4892K(9920K), [Metaspace: 4890K->4890K(139264K)], 0.0048083 secs] [Times: user=0.00 sys=0.00, real=0.01 secs] 
2020-11-18T11:05:52.593-0800: 9.072: [Full GC (System.gc()) 2020-11-18T11:05:52.593-0800: 9.072: [CMS: 4892K->4895K(6848K), 0.0043966 secs] 4947K->4895K(9920K), [Metaspace: 4890K->4890K(139264K)], 0.0044754 secs] [Times: user=0.01 sys=0.00, real=0.00 secs] 
2020-11-18T11:05:52.599-0800: 9.078: [Full GC (System.gc()) 2020-11-18T11:05:52.599-0800: 9.078: [CMS: 4895K->4897K(6848K), 0.0040707 secs] 4949K->4897K(9920K), [Metaspace: 4890K->4890K(139264K)], 0.0041497 secs] [Times: user=0.00 sys=0.00, real=0.01 secs] 
2020-11-18T11:05:52.604-0800: 9.083: [Full GC (System.gc()) 2020-11-18T11:05:52.604-0800: 9.083: [CMS: 4897K->4899K(6848K), 0.0035554 secs] 4951K->4899K(9920K), [Metaspace: 4890K->4890K(139264K)], 0.0036089 secs] [Times: user=0.00 sys=0.00, real=0.00 secs] 
2020-11-18T11:05:52.609-0800: 9.088: [Full GC (System.gc()) 2020-11-18T11:05:52.609-0800: 9.088: [CMS: 4899K->4902K(6848K), 0.0044320 secs] 4954K->4902K(9920K), [Metaspace: 4890K->4890K(139264K)], 0.0045145 secs] [Times: user=0.01 sys=0.00, real=0.01 secs] 
2020-11-18T11:05:52.615-0800: 9.094: [Full GC (System.gc()) 2020-11-18T11:05:52.615-0800: 9.094: [CMS: 4902K->4904K(6848K), 0.0039188 secs] 4956K->4904K(9920K), [Metaspace: 4890K->4890K(139264K)], 0.0039951 secs] [Times: user=0.00 sys=0.00, real=0.00 secs] 
2020-11-18T11:05:52.621-0800: 9.099: [Full GC (System.gc()) 2020-11-18T11:05:52.621-0800: 9.099: [CMS: 4904K->4907K(6848K), 0.0035497 secs] 4959K->4907K(9920K), [Metaspace: 4890K->4890K(139264K)], 0.0036043 secs] [Times: user=0.01 sys=0.00, real=0.00 secs] 
2020-11-18T11:05:52.626-0800: 9.104: [Full GC (System.gc()) 2020-11-18T11:05:52.626-0800: 9.104: [CMS: 4907K->4909K(6848K), 0.0045694 secs] 4961K->4909K(9920K), [Metaspace: 4890K->4890K(139264K)], 0.0046471 secs] [Times: user=0.00 sys=0.00, real=0.01 secs] 
2020-11-18T11:05:52.632-0800: 9.110: [Full GC (System.gc()) 2020-11-18T11:05:52.632-0800: 9.110: [CMS: 4909K->4912K(6848K), 0.0040981 secs] 4964K->4912K(9920K), [Metaspace: 4890K->4890K(139264K)], 0.0041951 secs] [Times: user=0.00 sys=0.00, real=0.00 secs] 
2020-11-18T11:05:52.637-0800: 9.116: [Full GC (System.gc()) 2020-11-18T11:05:52.637-0800: 9.116: [CMS: 4912K->4914K(6848K), 0.0039688 secs] 4966K->4914K(9920K), [Metaspace: 4890K->4890K(139264K)], 0.0040367 secs] [Times: user=0.01 sys=0.00, real=0.01 secs] 
2020-11-18T11:05:52.643-0800: 9.121: [Full GC (System.gc()) 2020-11-18T11:05:52.643-0800: 9.121: [CMS: 4914K->4916K(6848K), 0.0040429 secs] 4968K->4916K(9920K), [Metaspace: 4890K->4890K(139264K)], 0.0041212 secs] [Times: user=0.00 sys=0.00, real=0.00 secs] 
2020-11-18T11:05:52.648-0800: 9.127: [Full GC (System.gc()) 2020-11-18T11:05:52.648-0800: 9.127: [CMS: 4916K->4919K(6848K), 0.0037295 secs] 4971K->4919K(9920K), [Metaspace: 4890K->4890K(139264K)], 0.0037991 secs] [Times: user=0.01 sys=0.00, real=0.01 secs] 
2020-11-18T11:05:52.653-0800: 9.132: [Full GC (System.gc()) 2020-11-18T11:05:52.654-0800: 9.132: [CMS: 4919K->4921K(6848K), 0.0038128 secs] 4973K->4921K(9920K), [Metaspace: 4890K->4890K(139264K)], 0.0038833 secs] [Times: user=0.00 sys=0.00, real=0.00 secs] 
2020-11-18T11:05:52.659-0800: 9.137: [Full GC (System.gc()) 2020-11-18T11:05:52.659-0800: 9.137: [CMS: 4921K->4924K(6848K), 0.0035876 secs] 4976K->4924K(9920K), [Metaspace: 4890K->4890K(139264K)], 0.0036413 secs] [Times: user=0.00 sys=0.00, real=0.01 secs] 
2020-11-18T11:05:52.664-0800: 9.142: [Full GC (System.gc()) 2020-11-18T11:05:52.664-0800: 9.142: [CMS: 4924K->4926K(6848K), 0.0039107 secs] 4978K->4926K(9920K), [Metaspace: 4890K->4890K(139264K)], 0.0039889 secs] [Times: user=0.01 sys=0.00, real=0.00 secs] 
2020-11-18T11:05:52.669-0800: 9.148: [Full GC (System.gc()) 2020-11-18T11:05:52.669-0800: 9.148: [CMS: 4926K->4928K(6848K), 0.0033080 secs] 4980K->4928K(9920K), [Metaspace: 4890K->4890K(139264K)], 0.0033569 secs] [Times: user=0.00 sys=0.00, real=0.01 secs] 
2020-11-18T11:05:52.674-0800: 9.153: [Full GC (System.gc()) 2020-11-18T11:05:52.674-0800: 9.153: [CMS: 4928K->4931K(6848K), 0.0038764 secs] 4983K->4931K(9920K), [Metaspace: 4890K->4890K(139264K)], 0.0039491 secs] [Times: user=0.01 sys=0.00, real=0.00 secs] 
2020-11-18T11:05:52.679-0800: 9.158: [Full GC (System.gc()) 2020-11-18T11:05:52.679-0800: 9.158: [CMS: 4931K->4933K(6848K), 0.0038900 secs] 4985K->4933K(9920K), [Metaspace: 4890K->4890K(139264K)], 0.0039637 secs] [Times: user=0.00 sys=0.00, real=0.01 secs] 
2020-11-18T11:05:52.685-0800: 9.163: [Full GC (System.gc()) 2020-11-18T11:05:52.685-0800: 9.163: [CMS: 4933K->4936K(6848K), 0.0038747 secs] 4988K->4936K(9920K), [Metaspace: 4890K->4890K(139264K)], 0.0039476 secs] [Times: user=0.00 sys=0.00, real=0.00 secs] 
2020-11-18T11:05:52.690-0800: 9.169: [Full GC (System.gc()) 2020-11-18T11:05:52.690-0800: 9.169: [CMS: 4936K->4938K(6848K), 0.0037884 secs] 4990K->4938K(9920K), [Metaspace: 4890K->4890K(139264K)], 0.0038586 secs] [Times: user=0.01 sys=0.00, real=0.00 secs] 
2020-11-18T11:05:52.695-0800: 9.174: [Full GC (System.gc()) 2020-11-18T11:05:52.695-0800: 9.174: [CMS: 4938K->4941K(6848K), 0.0040026 secs] 4992K->4941K(9920K), [Metaspace: 4890K->4890K(139264K)], 0.0040798 secs] [Times: user=0.00 sys=0.00, real=0.00 secs] 
2020-11-18T11:05:52.701-0800: 9.179: [Full GC (System.gc()) 2020-11-18T11:05:52.701-0800: 9.179: [CMS: 4941K->4943K(6848K), 0.0038522 secs] 4995K->4943K(9920K), [Metaspace: 4890K->4890K(139264K)], 0.0039233 secs] [Times: user=0.01 sys=0.00, real=0.00 secs] 
2020-11-18T11:05:52.706-0800: 9.185: [Full GC (System.gc()) 2020-11-18T11:05:52.706-0800: 9.185: [CMS: 4943K->4945K(6848K), 0.0040034 secs] 4997K->4945K(9920K), [Metaspace: 4890K->4890K(139264K)], 0.0040729 secs] [Times: user=0.00 sys=0.00, real=0.01 secs] 
2020-11-18T11:05:52.712-0800: 9.190: [Full GC (System.gc()) 2020-11-18T11:05:52.712-0800: 9.190: [CMS: 4945K->4948K(6848K), 0.0038692 secs] 5000K->4948K(9920K), [Metaspace: 4890K->4890K(139264K)], 0.0039473 secs] [Times: user=0.00 sys=0.00, real=0.00 secs] 
2020-11-18T11:05:52.717-0800: 9.195: [Full GC (System.gc()) 2020-11-18T11:05:52.717-0800: 9.196: [CMS: 4948K->4950K(6848K), 0.0041373 secs] 5002K->4950K(9920K), [Metaspace: 4890K->4890K(139264K)], 0.0042128 secs] [Times: user=0.01 sys=0.00, real=0.01 secs] 
2020-11-18T11:05:52.722-0800: 9.201: [Full GC (System.gc()) 2020-11-18T11:05:52.723-0800: 9.201: [CMS: 4950K->4953K(6848K), 0.0039897 secs] 5005K->4953K(9920K), [Metaspace: 4890K->4890K(139264K)], 0.0040574 secs] [Times: user=0.00 sys=0.00, real=0.00 secs] 
2020-11-18T11:05:52.728-0800: 9.206: [Full GC (System.gc()) 2020-11-18T11:05:52.728-0800: 9.206: [CMS: 4953K->4955K(6848K), 0.0035803 secs] 5007K->4955K(9920K), [Metaspace: 4890K->4890K(139264K)], 0.0036807 secs] [Times: user=0.01 sys=0.00, real=0.01 secs] 
2020-11-18T11:05:52.733-0800: 9.211: [Full GC (System.gc()) 2020-11-18T11:05:52.733-0800: 9.211: [CMS: 4955K->4957K(6848K), 0.0036413 secs] 5009K->4957K(9920K), [Metaspace: 4890K->4890K(139264K)], 0.0036901 secs] [Times: user=0.00 sys=0.00, real=0.00 secs] 
2020-11-18T11:05:52.738-0800: 9.216: [Full GC (System.gc()) 2020-11-18T11:05:52.738-0800: 9.216: [CMS: 4957K->4960K(6848K), 0.0035349 secs] 5012K->4960K(9920K), [Metaspace: 4890K->4890K(139264K)], 0.0035865 secs] [Times: user=0.00 sys=0.00, real=0.01 secs] 
2020-11-18T11:05:52.742-0800: 9.221: [Full GC (System.gc()) 2020-11-18T11:05:52.742-0800: 9.221: [CMS: 4960K->4962K(6848K), 0.0033961 secs] 5014K->4962K(9920K), [Metaspace: 4890K->4890K(139264K)], 0.0034452 secs] [Times: user=0.01 sys=0.00, real=0.00 secs] 
2020-11-18T11:05:52.747-0800: 9.226: [Full GC (System.gc()) 2020-11-18T11:05:52.747-0800: 9.226: [CMS: 4962K->4965K(6848K), 0.0038286 secs] 5017K->4965K(9920K), [Metaspace: 4890K->4890K(139264K)], 0.0039042 secs] [Times: user=0.00 sys=0.00, real=0.01 secs] 
2020-11-18T11:05:52.752-0800: 9.231: [Full GC (System.gc()) 2020-11-18T11:05:52.753-0800: 9.231: [CMS: 4965K->4967K(6848K), 0.0038363 secs] 5019K->4967K(9920K), [Metaspace: 4890K->4890K(139264K)], 0.0039184 secs] [Times: user=0.00 sys=0.00, real=0.00 secs] 
2020-11-18T11:05:52.758-0800: 9.236: [Full GC (System.gc()) 2020-11-18T11:05:52.758-0800: 9.236: [CMS: 4967K->4969K(6848K), 0.0038122 secs] 5021K->4969K(9920K), [Metaspace: 4890K->4890K(139264K)], 0.0038840 secs] [Times: user=0.00 sys=0.00, real=0.01 secs] 
2020-11-18T11:05:52.763-0800: 9.241: [Full GC (System.gc()) 2020-11-18T11:05:52.763-0800: 9.242: [CMS: 4969K->4972K(6848K), 0.0038635 secs] 5024K->4972K(9920K), [Metaspace: 4890K->4890K(139264K)], 0.0039567 secs] [Times: user=0.00 sys=0.00, real=0.00 secs] 
2020-11-18T11:05:52.768-0800: 9.247: [Full GC (System.gc()) 2020-11-18T11:05:52.768-0800: 9.247: [CMS: 4972K->4974K(6848K), 0.0038990 secs] 5026K->4974K(9920K), [Metaspace: 4890K->4890K(139264K)], 0.0039685 secs] [Times: user=0.01 sys=0.00, real=0.01 secs] 
2020-11-18T11:05:52.774-0800: 9.252: [Full GC (System.gc()) 2020-11-18T11:05:52.774-0800: 9.252: [CMS: 4974K->4977K(6848K), 0.0037895 secs] 5029K->4977K(9920K), [Metaspace: 4890K->4890K(139264K)], 0.0038590 secs] [Times: user=0.00 sys=0.00, real=0.00 secs] 
2020-11-18T11:05:52.779-0800: 9.257: [Full GC (System.gc()) 2020-11-18T11:05:52.779-0800: 9.257: [CMS: 4977K->4979K(6848K), 0.0038478 secs] 5031K->4979K(9920K), [Metaspace: 4890K->4890K(139264K)], 0.0039220 secs] [Times: user=0.00 sys=0.00, real=0.01 secs] 
2020-11-18T11:05:52.784-0800: 9.263: [Full GC (System.gc()) 2020-11-18T11:05:52.784-0800: 9.263: [CMS: 4979K->4982K(6848K), 0.0044387 secs] 5034K->4982K(9920K), [Metaspace: 4890K->4890K(139264K)], 0.0045860 secs] [Times: user=0.00 sys=0.00, real=0.00 secs] 
2020-11-18T11:05:52.790-0800: 9.269: [Full GC (System.gc()) 2020-11-18T11:05:52.790-0800: 9.269: [CMS: 4982K->4984K(6848K), 0.0038004 secs] 5036K->4984K(9920K), [Metaspace: 4890K->4890K(139264K)], 0.0038551 secs] [Times: user=0.00 sys=0.00, real=0.00 secs] 
2020-11-18T11:05:52.795-0800: 9.274: [Full GC (System.gc()) 2020-11-18T11:05:52.795-0800: 9.274: [CMS: 4984K->4986K(6848K), 0.0042352 secs] 5038K->4986K(9920K), [Metaspace: 4890K->4890K(139264K)], 0.0042998 secs] [Times: user=0.01 sys=0.00, real=0.01 secs] 
2020-11-18T11:05:52.801-0800: 9.280: [Full GC (System.gc()) 2020-11-18T11:05:52.801-0800: 9.280: [CMS: 4986K->4989K(6848K), 0.0041153 secs] 5041K->4989K(9920K), [Metaspace: 4890K->4890K(139264K)], 0.0041762 secs] [Times: user=0.00 sys=0.00, real=0.00 secs] 
2020-11-18T11:05:52.807-0800: 9.285: [Full GC (System.gc()) 2020-11-18T11:05:52.807-0800: 9.285: [CMS: 4989K->4991K(6848K), 0.0041112 secs] 5043K->4991K(9920K), [Metaspace: 4890K->4890K(139264K)], 0.0041884 secs] [Times: user=0.01 sys=0.00, real=0.01 secs] 
2020-11-18T11:05:52.812-0800: 9.291: [Full GC (System.gc()) 2020-11-18T11:05:52.812-0800: 9.291: [CMS: 4991K->4994K(6848K), 0.0036610 secs] 5046K->4994K(9920K), [Metaspace: 4890K->4890K(139264K)], 0.0038007 secs] [Times: user=0.00 sys=0.00, real=0.00 secs] 
2020-11-18T11:05:52.817-0800: 9.296: [Full GC (System.gc()) 2020-11-18T11:05:52.817-0800: 9.296: [CMS: 4994K->4996K(6848K), 0.0045717 secs] 5048K->4996K(9920K), [Metaspace: 4890K->4890K(139264K)], 0.0046567 secs] [Times: user=0.00 sys=0.00, real=0.01 secs] 
2020-11-18T11:05:52.824-0800: 9.302: [Full GC (System.gc()) 2020-11-18T11:05:52.824-0800: 9.302: [CMS: 4996K->4998K(6848K), 0.0039712 secs] 5050K->4998K(9920K), [Metaspace: 4890K->4890K(139264K)], 0.0040512 secs] [Times: user=0.01 sys=0.00, real=0.00 secs] 
2020-11-18T11:05:52.829-0800: 9.307: [Full GC (System.gc()) 2020-11-18T11:05:52.829-0800: 9.307: [CMS: 4998K->5001K(6848K), 0.0036404 secs] 5053K->5001K(9920K), [Metaspace: 4890K->4890K(139264K)], 0.0036907 secs] [Times: user=0.00 sys=0.00, real=0.01 secs] 
2020-11-18T11:05:52.834-0800: 9.312: [Full GC (System.gc()) 2020-11-18T11:05:52.834-0800: 9.312: [CMS: 5001K->5003K(6848K), 0.0040617 secs] 5055K->5003K(9920K), [Metaspace: 4890K->4890K(139264K)], 0.0041205 secs] [Times: user=0.01 sys=0.00, real=0.00 secs] 
2020-11-18T11:05:52.839-0800: 9.318: [Full GC (System.gc()) 2020-11-18T11:05:52.839-0800: 9.318: [CMS: 5003K->5006K(6848K), 0.0034124 secs] 5058K->5006K(9920K), [Metaspace: 4890K->4890K(139264K)], 0.0034577 secs] [Times: user=0.00 sys=0.00, real=0.01 secs] 
2020-11-18T11:05:52.844-0800: 9.323: [Full GC (System.gc()) 2020-11-18T11:05:52.844-0800: 9.323: [CMS: 5006K->5008K(6848K), 0.0037143 secs] 5060K->5008K(9920K), [Metaspace: 4890K->4890K(139264K)], 0.0038176 secs] [Times: user=0.00 sys=0.00, real=0.00 secs] 
2020-11-18T11:05:52.849-0800: 9.328: [Full GC (System.gc()) 2020-11-18T11:05:52.849-0800: 9.328: [CMS: 5008K->5011K(6848K), 0.0044384 secs] 5063K->5011K(9920K), [Metaspace: 4890K->4890K(139264K)], 0.0045176 secs] [Times: user=0.01 sys=0.00, real=0.01 secs] 
2020-11-18T11:05:52.855-0800: 9.334: [Full GC (System.gc()) 2020-11-18T11:05:52.855-0800: 9.334: [CMS: 5011K->5013K(6848K), 0.0039210 secs] 5065K->5013K(9920K), [Metaspace: 4890K->4890K(139264K)], 0.0039910 secs] [Times: user=0.00 sys=0.00, real=0.00 secs] 
2020-11-18T11:05:52.861-0800: 9.339: [Full GC (System.gc()) 2020-11-18T11:05:52.861-0800: 9.339: [CMS: 5013K->5015K(6848K), 0.0036574 secs] 5067K->5015K(9920K), [Metaspace: 4890K->4890K(139264K)], 0.0037138 secs] [Times: user=0.01 sys=0.00, real=0.00 secs] 
2020-11-18T11:05:52.866-0800: 9.344: [Full GC (System.gc()) 2020-11-18T11:05:52.866-0800: 9.344: [CMS: 5015K->5018K(6848K), 0.0037658 secs] 5070K->5018K(9920K), [Metaspace: 4890K->4890K(139264K)], 0.0038392 secs] [Times: user=0.00 sys=0.01, real=0.00 secs] 
2020-11-18T11:05:52.871-0800: 9.349: [Full GC (System.gc()) 2020-11-18T11:05:52.871-0800: 9.349: [CMS: 5018K->5020K(6848K), 0.0042213 secs] 5072K->5020K(9920K), [Metaspace: 4890K->4890K(139264K)], 0.0043027 secs] [Times: user=0.00 sys=0.00, real=0.00 secs] 
2020-11-18T11:05:52.877-0800: 9.355: [Full GC (System.gc()) 2020-11-18T11:05:52.877-0800: 9.355: [CMS: 5020K->5023K(6848K), 0.0053819 secs] 5075K->5023K(9920K), [Metaspace: 4890K->4890K(139264K)], 0.0054498 secs] [Times: user=0.01 sys=0.00, real=0.01 secs] 
2020-11-18T11:05:52.883-0800: 9.362: [Full GC (System.gc()) 2020-11-18T11:05:52.883-0800: 9.362: [CMS: 5023K->5025K(6848K), 0.0039378 secs] 5077K->5025K(9920K), [Metaspace: 4890K->4890K(139264K)], 0.0040299 secs] [Times: user=0.00 sys=0.00, real=0.00 secs] 
2020-11-18T11:05:52.889-0800: 9.367: [Full GC (System.gc()) 2020-11-18T11:05:52.889-0800: 9.367: [CMS: 5025K->5027K(6848K), 0.0035652 secs] 5079K->5027K(9920K), [Metaspace: 4890K->4890K(139264K)], 0.0036215 secs] [Times: user=0.01 sys=0.00, real=0.01 secs] 
2020-11-18T11:05:52.894-0800: 9.373: [Full GC (System.gc()) 2020-11-18T11:05:52.894-0800: 9.373: [CMS: 5027K->5030K(6848K), 0.0042937 secs] 5082K->5030K(9920K), [Metaspace: 4890K->4890K(139264K)], 0.0043574 secs] [Times: user=0.00 sys=0.00, real=0.00 secs] 
2020-11-18T11:05:52.900-0800: 9.378: [Full GC (System.gc()) 2020-11-18T11:05:52.900-0800: 9.378: [CMS: 5030K->5032K(6848K), 0.0038344 secs] 5084K->5032K(9920K), [Metaspace: 4890K->4890K(139264K)], 0.0038929 secs] [Times: user=0.00 sys=0.00, real=0.00 secs] 
2020-11-18T11:05:52.905-0800: 9.384: [Full GC (System.gc()) 2020-11-18T11:05:52.905-0800: 9.384: [CMS: 5032K->5035K(6848K), 0.0062692 secs] 5087K->5035K(9920K), [Metaspace: 4890K->4890K(139264K)], 0.0063319 secs] [Times: user=0.01 sys=0.00, real=0.01 secs] 
2020-11-18T11:05:52.913-0800: 9.391: [Full GC (System.gc()) 2020-11-18T11:05:52.913-0800: 9.391: [CMS: 5035K->5037K(6848K), 0.0049993 secs] 5089K->5037K(9920K), [Metaspace: 4890K->4890K(139264K)], 0.0050666 secs] [Times: user=0.00 sys=0.00, real=0.00 secs] 
2020-11-18T11:05:52.919-0800: 9.398: [Full GC (System.gc()) 2020-11-18T11:05:52.919-0800: 9.398: [CMS: 5037K->5039K(6848K), 0.0044970 secs] 5091K->5039K(9920K), [Metaspace: 4890K->4890K(139264K)], 0.0045652 secs] [Times: user=0.01 sys=0.00, real=0.01 secs] 
2020-11-18T11:05:52.925-0800: 9.404: [Full GC (System.gc()) 2020-11-18T11:05:52.925-0800: 9.404: [CMS: 5039K->5042K(6848K), 0.0044405 secs] 5094K->5042K(9920K), [Metaspace: 4890K->4890K(139264K)], 0.0045074 secs] [Times: user=0.00 sys=0.00, real=0.01 secs] 
2020-11-18T11:05:52.931-0800: 9.410: [Full GC (System.gc()) 2020-11-18T11:05:52.931-0800: 9.410: [CMS: 5042K->5044K(6848K), 0.0042262 secs] 5096K->5044K(9920K), [Metaspace: 4890K->4890K(139264K)], 0.0042974 secs] [Times: user=0.01 sys=0.00, real=0.00 secs] 
2020-11-18T11:05:52.937-0800: 9.415: [Full GC (System.gc()) 2020-11-18T11:05:52.937-0800: 9.415: [CMS: 5044K->5047K(6848K), 0.0041419 secs] 5099K->5047K(9920K), [Metaspace: 4890K->4890K(139264K)], 0.0042085 secs] [Times: user=0.00 sys=0.00, real=0.01 secs] 
2020-11-18T11:05:52.942-0800: 9.421: [Full GC (System.gc()) 2020-11-18T11:05:52.942-0800: 9.421: [CMS: 5047K->5049K(6848K), 0.0039750 secs] 5101K->5049K(9920K), [Metaspace: 4890K->4890K(139264K)], 0.0040385 secs] [Times: user=0.01 sys=0.00, real=0.00 secs] 
2020-11-18T11:05:52.947-0800: 9.426: [Full GC (System.gc()) 2020-11-18T11:05:52.948-0800: 9.426: [CMS: 5049K->5052K(6848K), 0.0037700 secs] 5104K->5052K(9920K), [Metaspace: 4890K->4890K(139264K)], 0.0038329 secs] [Times: user=0.00 sys=0.00, real=0.01 secs] 
2020-11-18T11:05:52.953-0800: 9.431: [Full GC (System.gc()) 2020-11-18T11:05:52.953-0800: 9.431: [CMS: 5052K->5054K(6848K), 0.0054503 secs] 5106K->5054K(9920K), [Metaspace: 4890K->4890K(139264K)], 0.0055492 secs] [Times: user=0.00 sys=0.00, real=0.00 secs] 
2020-11-18T11:05:52.960-0800: 9.438: [Full GC (System.gc()) 2020-11-18T11:05:52.960-0800: 9.438: [CMS: 5054K->5056K(6848K), 0.0068545 secs] 5108K->5056K(9920K), [Metaspace: 4890K->4890K(139264K)], 0.0069160 secs] [Times: user=0.01 sys=0.00, real=0.00 secs] 
2020-11-18T11:05:52.968-0800: 9.446: [Full GC (System.gc()) 2020-11-18T11:05:52.968-0800: 9.446: [CMS: 5056K->5059K(6848K), 0.0038600 secs] 5111K->5059K(9920K), [Metaspace: 4890K->4890K(139264K)], 0.0039178 secs] [Times: user=0.00 sys=0.00, real=0.01 secs] 
2020-11-18T11:05:52.973-0800: 9.452: [Full GC (System.gc()) 2020-11-18T11:05:52.973-0800: 9.452: [CMS: 5059K->5061K(6848K), 0.0041206 secs] 5113K->5061K(9920K), [Metaspace: 4890K->4890K(139264K)], 0.0041868 secs] [Times: user=0.01 sys=0.00, real=0.00 secs] 
2020-11-18T11:05:52.979-0800: 9.457: [Full GC (System.gc()) 2020-11-18T11:05:52.979-0800: 9.457: [CMS: 5061K->5064K(6848K), 0.0040077 secs] 5116K->5064K(9920K), [Metaspace: 4890K->4890K(139264K)], 0.0040929 secs] [Times: user=0.00 sys=0.00, real=0.01 secs] 
2020-11-18T11:05:52.984-0800: 9.463: [Full GC (System.gc()) 2020-11-18T11:05:52.984-0800: 9.463: [CMS: 5064K->5066K(6848K), 0.0055122 secs] 5118K->5066K(9920K), [Metaspace: 4890K->4890K(139264K)], 0.0055795 secs] [Times: user=0.01 sys=0.00, real=0.01 secs] 
2020-11-18T11:05:52.991-0800: 9.470: [Full GC (System.gc()) 2020-11-18T11:05:52.991-0800: 9.470: [CMS: 5066K->5068K(6848K), 0.0050111 secs] 5120K->5068K(9920K), [Metaspace: 4890K->4890K(139264K)], 0.0050827 secs] [Times: user=0.00 sys=0.00, real=0.00 secs] 
2020-11-18T11:05:52.997-0800: 9.476: [Full GC (System.gc()) 2020-11-18T11:05:52.997-0800: 9.476: [CMS: 5068K->5071K(6848K), 0.0040201 secs] 5123K->5071K(9920K), [Metaspace: 4890K->4890K(139264K)], 0.0040869 secs] [Times: user=0.01 sys=0.00, real=0.01 secs] 
2020-11-18T11:05:53.003-0800: 9.481: [Full GC (System.gc()) 2020-11-18T11:05:53.003-0800: 9.481: [CMS: 5071K->5073K(6848K), 0.0039823 secs] 5125K->5073K(9920K), [Metaspace: 4890K->4890K(139264K)], 0.0040474 secs] [Times: user=0.00 sys=0.00, real=0.00 secs] 
2020-11-18T11:05:53.008-0800: 9.487: [Full GC (System.gc()) 2020-11-18T11:05:53.008-0800: 9.487: [CMS: 5073K->5076K(6848K), 0.0036626 secs] 5128K->5076K(9920K), [Metaspace: 4890K->4890K(139264K)], 0.0037195 secs] [Times: user=0.00 sys=0.00, real=0.01 secs] 
2020-11-18T11:05:53.013-0800: 9.492: [Full GC (System.gc()) 2020-11-18T11:05:53.013-0800: 9.492: [CMS: 5076K->5078K(6848K), 0.0035532 secs] 5130K->5078K(9920K), [Metaspace: 4890K->4890K(139264K)], 0.0036035 secs] [Times: user=0.01 sys=0.00, real=0.00 secs] 
2020-11-18T11:05:53.018-0800: 9.497: [Full GC (System.gc()) 2020-11-18T11:05:53.018-0800: 9.497: [CMS: 5078K->5081K(6848K), 0.0033123 secs] 5133K->5081K(9920K), [Metaspace: 4890K->4890K(139264K)], 0.0033588 secs] [Times: user=0.00 sys=0.00, real=0.01 secs] 
2020-11-18T11:05:53.023-0800: 9.501: [Full GC (System.gc()) 2020-11-18T11:05:53.023-0800: 9.501: [CMS: 5081K->5083K(6848K), 0.0043583 secs] 5135K->5083K(9920K), [Metaspace: 4890K->4890K(139264K)], 0.0044409 secs] [Times: user=0.01 sys=0.00, real=0.00 secs] 
2020-11-18T11:05:53.028-0800: 9.507: [Full GC (System.gc()) 2020-11-18T11:05:53.028-0800: 9.507: [CMS: 5083K->5085K(6848K), 0.0040915 secs] 5137K->5085K(9920K), [Metaspace: 4890K->4890K(139264K)], 0.0041544 secs] [Times: user=0.00 sys=0.00, real=0.01 secs] 
2020-11-18T11:05:53.034-0800: 9.512: [Full GC (System.gc()) 2020-11-18T11:05:53.034-0800: 9.512: [CMS: 5085K->5088K(6848K), 0.0037834 secs] 5140K->5088K(9920K), [Metaspace: 4890K->4890K(139264K)], 0.0038420 secs] [Times: user=0.00 sys=0.00, real=0.00 secs] 
2020-11-18T11:05:53.039-0800: 9.517: [Full GC (System.gc()) 2020-11-18T11:05:53.039-0800: 9.517: [CMS: 5088K->5090K(6848K), 0.0038139 secs] 5142K->5090K(9920K), [Metaspace: 4890K->4890K(139264K)], 0.0038608 secs] [Times: user=0.01 sys=0.00, real=0.01 secs] 
2020-11-18T11:05:53.044-0800: 9.523: [Full GC (System.gc()) 2020-11-18T11:05:53.044-0800: 9.523: [CMS: 5090K->5093K(6848K), 0.0036008 secs] 5145K->5093K(9920K), [Metaspace: 4890K->4890K(139264K)], 0.0036592 secs] [Times: user=0.00 sys=0.00, real=0.00 secs] 
2020-11-18T11:05:53.049-0800: 9.528: [Full GC (System.gc()) 2020-11-18T11:05:53.049-0800: 9.528: [CMS: 5093K->5095K(6848K), 0.0039401 secs] 5147K->5095K(9920K), [Metaspace: 4890K->4890K(139264K)], 0.0040203 secs] [Times: user=0.00 sys=0.00, real=0.01 secs] 
2020-11-18T11:05:53.055-0800: 9.533: [Full GC (System.gc()) 2020-11-18T11:05:53.055-0800: 9.533: [CMS: 5095K->5097K(6848K), 0.0034376 secs] 5149K->5097K(9920K), [Metaspace: 4890K->4890K(139264K)], 0.0034879 secs] [Times: user=0.01 sys=0.00, real=0.00 secs] 
2020-11-18T11:05:53.060-0800: 9.538: [Full GC (System.gc()) 2020-11-18T11:05:53.060-0800: 9.538: [CMS: 5097K->5100K(6848K), 0.0042502 secs] 5152K->5100K(9920K), [Metaspace: 4890K->4890K(139264K)], 0.0043367 secs] [Times: user=0.00 sys=0.00, real=0.00 secs] 
2020-11-18T11:05:53.065-0800: 9.544: [Full GC (System.gc()) 2020-11-18T11:05:53.065-0800: 9.544: [CMS: 5100K->5102K(6848K), 0.0035142 secs] 5154K->5102K(9920K), [Metaspace: 4890K->4890K(139264K)], 0.0035624 secs] [Times: user=0.01 sys=0.00, real=0.00 secs] 
2020-11-18T11:05:53.070-0800: 9.549: [Full GC (System.gc()) 2020-11-18T11:05:53.070-0800: 9.549: [CMS: 5102K->5105K(6848K), 0.0040076 secs] 5157K->5105K(9920K), [Metaspace: 4890K->4890K(139264K)], 0.0040800 secs] [Times: user=0.00 sys=0.00, real=0.00 secs] 
2020-11-18T11:05:53.076-0800: 9.554: [Full GC (System.gc()) 2020-11-18T11:05:53.076-0800: 9.554: [CMS: 5105K->5107K(6848K), 0.0036637 secs] 5159K->5107K(9920K), [Metaspace: 4890K->4890K(139264K)], 0.0037166 secs] [Times: user=0.00 sys=0.00, real=0.00 secs] 
2020-11-18T11:05:53.081-0800: 9.559: [Full GC (System.gc()) 2020-11-18T11:05:53.081-0800: 9.559: [CMS: 5107K->5109K(6848K), 0.0033880 secs] 5161K->5109K(9920K), [Metaspace: 4890K->4890K(139264K)], 0.0034458 secs] [Times: user=0.01 sys=0.00, real=0.00 secs] 
2020-11-18T11:05:53.086-0800: 9.564: [Full GC (System.gc()) 2020-11-18T11:05:53.086-0800: 9.564: [CMS: 5109K->5112K(6848K), 0.0033369 secs] 5164K->5112K(9920K), [Metaspace: 4890K->4890K(139264K)], 0.0033807 secs] [Times: user=0.00 sys=0.00, real=0.00 secs] 
2020-11-18T11:05:53.090-0800: 9.569: [Full GC (System.gc()) 2020-11-18T11:05:53.090-0800: 9.569: [CMS: 5112K->5114K(6848K), 0.0037539 secs] 5166K->5114K(9920K), [Metaspace: 4890K->4890K(139264K)], 0.0038064 secs] [Times: user=0.00 sys=0.00, real=0.00 secs] 
2020-11-18T11:05:53.095-0800: 9.574: [Full GC (System.gc()) 2020-11-18T11:05:53.095-0800: 9.574: [CMS: 5114K->5117K(6848K), 0.0041487 secs] 5169K->5117K(9920K), [Metaspace: 4890K->4890K(139264K)], 0.0042318 secs] [Times: user=0.01 sys=0.00, real=0.01 secs] 
2020-11-18T11:05:53.101-0800: 9.580: [Full GC (System.gc()) 2020-11-18T11:05:53.101-0800: 9.580: [CMS: 5117K->5119K(6848K), 0.0037113 secs] 5171K->5119K(9920K), [Metaspace: 4890K->4890K(139264K)], 0.0037628 secs] [Times: user=0.00 sys=0.00, real=0.00 secs] 
2020-11-18T11:05:53.106-0800: 9.585: [Full GC (System.gc()) 2020-11-18T11:05:53.106-0800: 9.585: [CMS: 5119K->5122K(6848K), 0.0044360 secs] 5174K->5122K(9920K), [Metaspace: 4890K->4890K(139264K)], 0.0045158 secs] [Times: user=0.01 sys=0.00, real=0.01 secs] 
2020-11-18T11:05:53.112-0800: 9.591: [Full GC (System.gc()) 2020-11-18T11:05:53.112-0800: 9.591: [CMS: 5122K->5124K(6848K), 0.0034135 secs] 5176K->5124K(9920K), [Metaspace: 4890K->4890K(139264K)], 0.0034620 secs] [Times: user=0.00 sys=0.00, real=0.00 secs] 
2020-11-18T11:05:53.117-0800: 9.595: [Full GC (System.gc()) 2020-11-18T11:05:53.117-0800: 9.595: [CMS: 5124K->5126K(6848K), 0.0036205 secs] 5178K->5126K(9920K), [Metaspace: 4890K->4890K(139264K)], 0.0036754 secs] [Times: user=0.00 sys=0.00, real=0.01 secs] 
2020-11-18T11:05:53.122-0800: 9.600: [Full GC (System.gc()) 2020-11-18T11:05:53.122-0800: 9.600: [CMS: 5126K->5129K(6848K), 0.0044740 secs] 5181K->5129K(9920K), [Metaspace: 4890K->4890K(139264K)], 0.0045511 secs] [Times: user=0.01 sys=0.00, real=0.00 secs] 
2020-11-18T11:05:53.128-0800: 9.606: [Full GC (System.gc()) 2020-11-18T11:05:53.128-0800: 9.606: [CMS: 5129K->5131K(6848K), 0.0034707 secs] 5183K->5131K(9920K), [Metaspace: 4890K->4890K(139264K)], 0.0035172 secs] [Times: user=0.00 sys=0.00, real=0.01 secs] 
2020-11-18T11:05:53.133-0800: 9.611: [Full GC (System.gc()) 2020-11-18T11:05:53.133-0800: 9.611: [CMS: 5131K->5134K(6848K), 0.0036707 secs] 5186K->5134K(9920K), [Metaspace: 4890K->4890K(139264K)], 0.0037314 secs] [Times: user=0.01 sys=0.00, real=0.00 secs] 
2020-11-18T11:05:53.138-0800: 9.616: [Full GC (System.gc()) 2020-11-18T11:05:53.138-0800: 9.616: [CMS: 5134K->5136K(6848K), 0.0044565 secs] 5188K->5136K(9920K), [Metaspace: 4890K->4890K(139264K)], 0.0045199 secs] [Times: user=0.00 sys=0.00, real=0.01 secs] 
2020-11-18T11:05:53.143-0800: 9.621: [GC (CMS Initial Mark) [1 CMS-initial-mark: 5136K(6848K)] 5136K(9920K), 0.0002052 secs] [Times: user=0.00 sys=0.00, real=0.00 secs] 
2020-11-18T11:05:53.143-0800: 9.621: [CMS-concurrent-mark-start]
2020-11-18T11:05:53.144-0800: 9.622: [Full GC (System.gc()) 2020-11-18T11:05:53.144-0800: 9.622: [CMS2020-11-18T11:05:53.146-0800: 9.624: [CMS-concurrent-mark: 0.002/0.003 secs] [Times: user=0.01 sys=0.00, real=0.00 secs] 
 (concurrent mode interrupted): 5136K->5138K(6848K), 0.0068250 secs] 5190K->5138K(9920K), [Metaspace: 4890K->4890K(139264K)], 0.0068860 secs] [Times: user=0.01 sys=0.00, real=0.01 secs] 
2020-11-18T11:05:53.152-0800: 9.631: [Full GC (System.gc()) 2020-11-18T11:05:53.152-0800: 9.631: [CMS: 5138K->5141K(6848K), 0.0044338 secs] 5193K->5141K(9920K), [Metaspace: 4890K->4890K(139264K)], 0.0044978 secs] [Times: user=0.00 sys=0.00, real=0.00 secs] 
2020-11-18T11:05:53.157-0800: 9.635: [GC (CMS Initial Mark) [1 CMS-initial-mark: 5141K(6848K)] 5141K(9920K), 0.0002005 secs] [Times: user=0.00 sys=0.00, real=0.00 secs] 
2020-11-18T11:05:53.157-0800: 9.636: [CMS-concurrent-mark-start]
2020-11-18T11:05:53.158-0800: 9.636: [Full GC (System.gc()) 2020-11-18T11:05:53.158-0800: 9.636: [CMS2020-11-18T11:05:53.160-0800: 9.639: [CMS-concurrent-mark: 0.002/0.003 secs] [Times: user=0.01 sys=0.00, real=0.01 secs] 
 (concurrent mode interrupted): 5141K->5143K(6848K), 0.0061673 secs] 5195K->5143K(9920K), [Metaspace: 4890K->4890K(139264K)], 0.0062364 secs] [Times: user=0.00 sys=0.00, real=0.01 secs] 
2020-11-18T11:05:53.165-0800: 9.644: [Full GC (System.gc()) 2020-11-18T11:05:53.165-0800: 9.644: [CMS: 5143K->5146K(6848K), 0.0035944 secs] 5198K->5146K(9920K), [Metaspace: 4890K->4890K(139264K)], 0.0036387 secs] [Times: user=0.01 sys=0.00, real=0.00 secs] 
2020-11-18T11:05:53.169-0800: 9.648: [GC (CMS Initial Mark) [1 CMS-initial-mark: 5146K(6848K)] 5146K(9920K), 0.0001820 secs] [Times: user=0.00 sys=0.00, real=0.00 secs] 
2020-11-18T11:05:53.169-0800: 9.648: [CMS-concurrent-mark-start]
2020-11-18T11:05:53.170-0800: 9.649: [Full GC (System.gc()) 2020-11-18T11:05:53.170-0800: 9.649: [CMS2020-11-18T11:05:53.172-0800: 9.651: [CMS-concurrent-mark: 0.002/0.003 secs] [Times: user=0.00 sys=0.00, real=0.01 secs] 
 (concurrent mode interrupted): 5146K->5148K(6848K), 0.0063045 secs] 5200K->5148K(9920K), [Metaspace: 4890K->4890K(139264K)], 0.0063656 secs] [Times: user=0.01 sys=0.00, real=0.00 secs] 
2020-11-18T11:05:53.178-0800: 9.657: [Full GC (System.gc()) 2020-11-18T11:05:53.178-0800: 9.657: [CMS: 5148K->5151K(6848K), 0.0045637 secs] 5203K->5151K(9920K), [Metaspace: 4890K->4890K(139264K)], 0.0046221 secs] [Times: user=0.00 sys=0.00, real=0.01 secs] 
2020-11-18T11:05:53.183-0800: 9.661: [GC (CMS Initial Mark) [1 CMS-initial-mark: 5151K(6848K)] 5151K(9920K), 0.0001697 secs] [Times: user=0.00 sys=0.00, real=0.00 secs] 
2020-11-18T11:05:53.183-0800: 9.662: [CMS-concurrent-mark-start]
2020-11-18T11:05:53.184-0800: 9.663: [Full GC (System.gc()) 2020-11-18T11:05:53.184-0800: 9.663: [CMS2020-11-18T11:05:53.186-0800: 9.664: [CMS-concurrent-mark: 0.002/0.003 secs] [Times: user=0.01 sys=0.00, real=0.00 secs] 
 (concurrent mode interrupted): 5151K->5153K(6848K), 0.0064913 secs] 5205K->5153K(9920K), [Metaspace: 4890K->4890K(139264K)], 0.0065510 secs] [Times: user=0.01 sys=0.00, real=0.01 secs] 
2020-11-18T11:05:53.192-0800: 9.670: [Full GC (System.gc()) 2020-11-18T11:05:53.192-0800: 9.670: [CMS: 5153K->5155K(6848K), 0.0039100 secs] 5207K->5155K(9920K), [Metaspace: 4890K->4890K(139264K)], 0.0039758 secs] [Times: user=0.00 sys=0.00, real=0.00 secs] 
2020-11-18T11:05:53.196-0800: 9.674: [GC (CMS Initial Mark) [1 CMS-initial-mark: 5155K(6848K)] 5155K(9920K), 0.0004158 secs] [Times: user=0.01 sys=0.00, real=0.00 secs] 
2020-11-18T11:05:53.196-0800: 9.675: [CMS-concurrent-mark-start]
2020-11-18T11:05:53.197-0800: 9.676: [Full GC (System.gc()) 2020-11-18T11:05:53.197-0800: 9.676: [CMS2020-11-18T11:05:53.199-0800: 9.678: [CMS-concurrent-mark: 0.002/0.003 secs] [Times: user=0.00 sys=0.00, real=0.00 secs] 
 (concurrent mode interrupted): 5155K->5158K(6848K), 0.0075284 secs] 5210K->5158K(9920K), [Metaspace: 4890K->4890K(139264K)], 0.0076103 secs] [Times: user=0.01 sys=0.00, real=0.01 secs] 
2020-11-18T11:05:53.206-0800: 9.685: [Full GC (System.gc()) 2020-11-18T11:05:53.206-0800: 9.685: [CMS: 5158K->5160K(6848K), 0.0040467 secs] 5212K->5160K(9920K), [Metaspace: 4890K->4890K(139264K)], 0.0041080 secs] [Times: user=0.00 sys=0.00, real=0.01 secs] 
2020-11-18T11:05:53.210-0800: 9.689: [GC (CMS Initial Mark) [1 CMS-initial-mark: 5160K(6848K)] 5160K(9920K), 0.0001857 secs] [Times: user=0.00 sys=0.00, real=0.00 secs] 
2020-11-18T11:05:53.211-0800: 9.689: [CMS-concurrent-mark-start]
2020-11-18T11:05:53.212-0800: 9.690: [Full GC (System.gc()) 2020-11-18T11:05:53.212-0800: 9.690: [CMS2020-11-18T11:05:53.213-0800: 9.692: [CMS-concurrent-mark: 0.002/0.003 secs] [Times: user=0.00 sys=0.00, real=0.00 secs] 
 (concurrent mode interrupted): 5160K->5163K(6848K), 0.0057206 secs] 5215K->5163K(9920K), [Metaspace: 4890K->4890K(139264K)], 0.0057952 secs] [Times: user=0.01 sys=0.00, real=0.00 secs] 
2020-11-18T11:05:53.219-0800: 9.697: [Full GC (System.gc()) 2020-11-18T11:05:53.219-0800: 9.697: [CMS: 5163K->5165K(6848K), 0.0051991 secs] 5217K->5165K(9920K), [Metaspace: 4890K->4890K(139264K)], 0.0052817 secs] [Times: user=0.00 sys=0.00, real=0.01 secs] 
2020-11-18T11:05:53.224-0800: 9.703: [GC (CMS Initial Mark) [1 CMS-initial-mark: 5165K(6848K)] 5165K(9920K), 0.0002219 secs] [Times: user=0.00 sys=0.00, real=0.00 secs] 
2020-11-18T11:05:53.224-0800: 9.703: [CMS-concurrent-mark-start]
2020-11-18T11:05:53.225-0800: 9.704: [Full GC (System.gc()) 2020-11-18T11:05:53.225-0800: 9.704: [CMS2020-11-18T11:05:53.228-0800: 9.706: [CMS-concurrent-mark: 0.002/0.003 secs] [Times: user=0.01 sys=0.00, real=0.00 secs] 
 (concurrent mode interrupted): 5165K->5167K(6848K), 0.0078150 secs] 5219K->5167K(9920K), [Metaspace: 4890K->4890K(139264K)], 0.0078790 secs] [Times: user=0.00 sys=0.00, real=0.01 secs] 
2020-11-18T11:05:53.235-0800: 9.713: [Full GC (System.gc()) 2020-11-18T11:05:53.235-0800: 9.713: [CMS: 5167K->5170K(6848K), 0.0056438 secs] 5222K->5170K(9920K), [Metaspace: 4890K->4890K(139264K)], 0.0057318 secs] [Times: user=0.00 sys=0.00, real=0.01 secs] 
2020-11-18T11:05:53.240-0800: 9.719: [GC (CMS Initial Mark) [1 CMS-initial-mark: 5170K(6848K)] 5170K(9920K), 0.0003601 secs] [Times: user=0.00 sys=0.00, real=0.00 secs] 
2020-11-18T11:05:53.241-0800: 9.719: [CMS-concurrent-mark-start]
2020-11-18T11:05:53.242-0800: 9.720: [Full GC (System.gc()) 2020-11-18T11:05:53.242-0800: 9.720: [CMS2020-11-18T11:05:53.244-0800: 9.723: [CMS-concurrent-mark: 0.002/0.004 secs] [Times: user=0.01 sys=0.00, real=0.00 secs] 
 (concurrent mode interrupted): 5170K->5172K(6848K), 0.0075002 secs] 5224K->5172K(9920K), [Metaspace: 4890K->4890K(139264K)], 0.0075550 secs] [Times: user=0.01 sys=0.00, real=0.00 secs] 
2020-11-18T11:05:53.251-0800: 9.729: [Full GC (System.gc()) 2020-11-18T11:05:53.251-0800: 9.729: [CMS: 5172K->5175K(6848K), 0.0045688 secs] 5227K->5175K(9920K), [Metaspace: 4890K->4890K(139264K)], 0.0046209 secs] [Times: user=0.00 sys=0.00, real=0.00 secs] 
2020-11-18T11:05:53.256-0800: 9.734: [GC (CMS Initial Mark) [1 CMS-initial-mark: 5175K(6848K)] 5175K(9920K), 0.0001832 secs] [Times: user=0.01 sys=0.00, real=0.00 secs] 
2020-11-18T11:05:53.256-0800: 9.734: [CMS-concurrent-mark-start]
2020-11-18T11:05:53.257-0800: 9.736: [Full GC (System.gc()) 2020-11-18T11:05:53.257-0800: 9.736: [CMS2020-11-18T11:05:53.259-0800: 9.737: [CMS-concurrent-mark: 0.002/0.003 secs] [Times: user=0.00 sys=0.00, real=0.00 secs] 
 (concurrent mode interrupted): 5175K->5177K(6848K), 0.0062938 secs] 5229K->5177K(9920K), [Metaspace: 4890K->4890K(139264K)], 0.0063484 secs] [Times: user=0.00 sys=0.00, real=0.01 secs] 
2020-11-18T11:05:53.265-0800: 9.743: [Full GC (System.gc()) 2020-11-18T11:05:53.265-0800: 9.743: [CMS: 5177K->5180K(6848K), 0.0044245 secs] 5231K->5180K(9920K), [Metaspace: 4890K->4890K(139264K)], 0.0044759 secs] [Times: user=0.01 sys=0.00, real=0.00 secs] 
2020-11-18T11:05:53.269-0800: 9.748: [GC (CMS Initial Mark) [1 CMS-initial-mark: 5180K(6848K)] 5180K(9920K), 0.0001655 secs] [Times: user=0.00 sys=0.00, real=0.00 secs] 
2020-11-18T11:05:53.269-0800: 9.748: [CMS-concurrent-mark-start]
2020-11-18T11:05:53.271-0800: 9.749: [Full GC (System.gc()) 2020-11-18T11:05:53.271-0800: 9.749: [CMS2020-11-18T11:05:53.272-0800: 9.751: [CMS-concurrent-mark: 0.002/0.003 secs] [Times: user=0.00 sys=0.00, real=0.01 secs] 
 (concurrent mode interrupted): 5180K->5182K(6848K), 0.0061768 secs] 5234K->5182K(9920K), [Metaspace: 4890K->4890K(139264K)], 0.0062472 secs] [Times: user=0.01 sys=0.00, real=0.00 secs] 
2020-11-18T11:05:53.278-0800: 9.757: [Full GC (System.gc()) 2020-11-18T11:05:53.278-0800: 9.757: [CMS: 5182K->5184K(6848K), 0.0043223 secs] 5236K->5184K(9920K), [Metaspace: 4890K->4890K(139264K)], 0.0043680 secs] [Times: user=0.00 sys=0.00, real=0.01 secs] 
2020-11-18T11:05:53.283-0800: 9.761: [GC (CMS Initial Mark) [1 CMS-initial-mark: 5184K(6848K)] 5184K(9920K), 0.0001877 secs] [Times: user=0.00 sys=0.00, real=0.00 secs] 
2020-11-18T11:05:53.283-0800: 9.761: [CMS-concurrent-mark-start]
2020-11-18T11:05:53.285-0800: 9.763: [Full GC (System.gc()) 2020-11-18T11:05:53.285-0800: 9.763: [CMS2020-11-18T11:05:53.286-0800: 9.765: [CMS-concurrent-mark: 0.002/0.003 secs] [Times: user=0.01 sys=0.00, real=0.00 secs] 
 (concurrent mode interrupted): 5184K->5187K(6848K), 0.0053640 secs] 5239K->5187K(9920K), [Metaspace: 4890K->4890K(139264K)], 0.0054108 secs] [Times: user=0.00 sys=0.00, real=0.01 secs] 
2020-11-18T11:05:53.291-0800: 9.770: [Full GC (System.gc()) 2020-11-18T11:05:53.291-0800: 9.770: [CMS: 5187K->5189K(6848K), 0.0038669 secs] 5241K->5189K(9920K), [Metaspace: 4890K->4890K(139264K)], 0.0039110 secs] [Times: user=0.00 sys=0.00, real=0.00 secs] 
2020-11-18T11:05:53.295-0800: 9.774: [GC (CMS Initial Mark) [1 CMS-initial-mark: 5189K(6848K)] 5189K(9920K), 0.0001476 secs] [Times: user=0.00 sys=0.00, real=0.00 secs] 
2020-11-18T11:05:53.296-0800: 9.774: [CMS-concurrent-mark-start]
2020-11-18T11:05:53.297-0800: 9.775: [Full GC (System.gc()) 2020-11-18T11:05:53.297-0800: 9.775: [CMS2020-11-18T11:05:53.298-0800: 9.777: [CMS-concurrent-mark: 0.002/0.003 secs] [Times: user=0.01 sys=0.00, real=0.00 secs] 
 (concurrent mode interrupted): 5189K->5192K(6848K), 0.0050662 secs] 5244K->5192K(9920K), [Metaspace: 4890K->4890K(139264K)], 0.0051026 secs] [Times: user=0.00 sys=0.00, real=0.01 secs] 
2020-11-18T11:05:53.303-0800: 9.782: [Full GC (System.gc()) 2020-11-18T11:05:53.303-0800: 9.782: [CMS: 5192K->5194K(6848K), 0.0032231 secs] 5246K->5194K(9920K), [Metaspace: 4890K->4890K(139264K)], 0.0032621 secs] [Times: user=0.01 sys=0.00, real=0.00 secs] 
2020-11-18T11:05:53.306-0800: 9.785: [GC (CMS Initial Mark) [1 CMS-initial-mark: 5194K(6848K)] 5194K(9920K), 0.0001184 secs] [Times: user=0.00 sys=0.00, real=0.00 secs] 
2020-11-18T11:05:53.307-0800: 9.785: [CMS-concurrent-mark-start]
2020-11-18T11:05:53.308-0800: 9.786: [Full GC (System.gc()) 2020-11-18T11:05:53.308-0800: 9.786: [CMS2020-11-18T11:05:53.309-0800: 9.788: [CMS-concurrent-mark: 0.002/0.003 secs] [Times: user=0.00 sys=0.00, real=0.00 secs] 
 (concurrent mode interrupted): 5194K->5196K(6848K), 0.0051678 secs] 5248K->5196K(9920K), [Metaspace: 4890K->4890K(139264K)], 0.0052074 secs] [Times: user=0.00 sys=0.00, real=0.01 secs] 
2020-11-18T11:05:53.314-0800: 9.792: [Full GC (System.gc()) 2020-11-18T11:05:53.314-0800: 9.792: [CMS: 5196K->5199K(6848K), 0.0033961 secs] 5251K->5199K(9920K), [Metaspace: 4890K->4890K(139264K)], 0.0034419 secs] [Times: user=0.01 sys=0.00, real=0.00 secs] 
2020-11-18T11:05:53.317-0800: 9.796: [GC (CMS Initial Mark) [1 CMS-initial-mark: 5199K(6848K)] 5199K(9920K), 0.0001622 secs] [Times: user=0.00 sys=0.00, real=0.00 secs] 
2020-11-18T11:05:53.318-0800: 9.796: [CMS-concurrent-mark-start]
2020-11-18T11:05:53.319-0800: 9.797: [CMS-concurrent-mark: 0.001/0.001 secs] [Times: user=0.00 sys=0.00, real=0.00 secs] 
2020-11-18T11:05:53.319-0800: 9.797: [Full GC (System.gc()) 2020-11-18T11:05:53.319-0800: 9.797: [CMS (concurrent mode interrupted): 5199K->5201K(6848K), 0.0030257 secs] 5253K->5201K(9920K), [Metaspace: 4890K->4890K(139264K)], 0.0030605 secs] [Times: user=0.00 sys=0.00, real=0.01 secs] 
2020-11-18T11:05:53.323-0800: 9.802: [Full GC (System.gc()) 2020-11-18T11:05:53.323-0800: 9.802: [CMS: 5201K->5204K(6848K), 0.0030511 secs] 5256K->5204K(9920K), [Metaspace: 4890K->4890K(139264K)], 0.0030922 secs] [Times: user=0.01 sys=0.00, real=0.00 secs] 
2020-11-18T11:05:53.326-0800: 9.805: [GC (CMS Initial Mark) [1 CMS-initial-mark: 5204K(6848K)] 5204K(9920K), 0.0001927 secs] [Times: user=0.00 sys=0.00, real=0.00 secs] 
2020-11-18T11:05:53.327-0800: 9.805: [CMS-concurrent-mark-start]
2020-11-18T11:05:53.328-0800: 9.806: [Full GC (System.gc()) 2020-11-18T11:05:53.328-0800: 9.806: [CMS2020-11-18T11:05:53.329-0800: 9.808: [CMS-concurrent-mark: 0.001/0.003 secs] [Times: user=0.00 sys=0.00, real=0.00 secs] 
 (concurrent mode interrupted): 5204K->5206K(6848K), 0.0051729 secs] 5258K->5206K(9920K), [Metaspace: 4890K->4890K(139264K)], 0.0052243 secs] [Times: user=0.00 sys=0.00, real=0.01 secs] 
2020-11-18T11:05:53.334-0800: 9.813: [Full GC (System.gc()) 2020-11-18T11:05:53.334-0800: 9.813: [CMS: 5206K->5208K(6848K), 0.0030809 secs] 5260K->5208K(9920K), [Metaspace: 4890K->4890K(139264K)], 0.0031363 secs] [Times: user=0.01 sys=0.00, real=0.00 secs] 
2020-11-18T11:05:53.337-0800: 9.816: [GC (CMS Initial Mark) [1 CMS-initial-mark: 5208K(6848K)] 5208K(9920K), 0.0001581 secs] [Times: user=0.00 sys=0.00, real=0.00 secs] 
2020-11-18T11:05:53.338-0800: 9.816: [CMS-concurrent-mark-start]
2020-11-18T11:05:53.339-0800: 9.817: [CMS-concurrent-mark: 0.001/0.001 secs] [Times: user=0.00 sys=0.00, real=0.00 secs] 
2020-11-18T11:05:53.339-0800: 9.817: [Full GC (System.gc()) 2020-11-18T11:05:53.339-0800: 9.817: [CMS (concurrent mode interrupted): 5208K->5211K(6848K), 0.0026730 secs] 5263K->5211K(9920K), [Metaspace: 4890K->4890K(139264K)], 0.0027032 secs] [Times: user=0.00 sys=0.00, real=0.01 secs] 
2020-11-18T11:05:53.343-0800: 9.821: [Full GC (System.gc()) 2020-11-18T11:05:53.343-0800: 9.821: [CMS: 5211K->5213K(6848K), 0.0025066 secs] 5265K->5213K(9920K), [Metaspace: 4890K->4890K(139264K)], 0.0025399 secs] [Times: user=0.01 sys=0.00, real=0.00 secs] 
2020-11-18T11:05:53.345-0800: 9.824: [GC (CMS Initial Mark) [1 CMS-initial-mark: 5213K(6848K)] 5213K(9920K), 0.0001406 secs] [Times: user=0.00 sys=0.00, real=0.00 secs] 
2020-11-18T11:05:53.345-0800: 9.824: [CMS-concurrent-mark-start]
2020-11-18T11:05:53.347-0800: 9.825: [CMS-concurrent-mark: 0.001/0.001 secs] [Times: user=0.00 sys=0.00, real=0.00 secs] 
2020-11-18T11:05:53.347-0800: 9.825: [CMS-concurrent-preclean-start]
2020-11-18T11:05:53.347-0800: 9.825: [CMS-concurrent-preclean: 0.000/0.000 secs] [Times: user=0.00 sys=0.00, real=0.00 secs] 
2020-11-18T11:05:53.347-0800: 9.825: [Full GC (System.gc()) 2020-11-18T11:05:53.347-0800: 9.825: [CMS (concurrent mode interrupted): 5213K->5216K(6848K), 0.0028917 secs] 5268K->5216K(9920K), [Metaspace: 4890K->4890K(139264K)], 0.0029350 secs] [Times: user=0.00 sys=0.00, real=0.01 secs] 
2020-11-18T11:05:53.351-0800: 9.829: [Full GC (System.gc()) 2020-11-18T11:05:53.351-0800: 9.829: [CMS: 5216K->5218K(6848K), 0.0025906 secs] 5270K->5218K(9920K), [Metaspace: 4890K->4890K(139264K)], 0.0026266 secs] [Times: user=0.00 sys=0.00, real=0.00 secs] 
2020-11-18T11:05:53.354-0800: 9.832: [GC (CMS Initial Mark) [1 CMS-initial-mark: 5218K(6848K)] 5218K(9920K), 0.0001357 secs] [Times: user=0.00 sys=0.00, real=0.00 secs] 
2020-11-18T11:05:53.354-0800: 9.832: [CMS-concurrent-mark-start]
2020-11-18T11:05:53.355-0800: 9.833: [Full GC (System.gc()) 2020-11-18T11:05:53.355-0800: 9.833: [CMS2020-11-18T11:05:53.356-0800: 9.835: [CMS-concurrent-mark: 0.001/0.002 secs] [Times: user=0.01 sys=0.00, real=0.00 secs] 
 (concurrent mode interrupted): 5218K->5221K(6848K), 0.0047756 secs] 5273K->5221K(9920K), [Metaspace: 4890K->4890K(139264K)], 0.0048323 secs] [Times: user=0.00 sys=0.00, real=0.01 secs] 
2020-11-18T11:05:53.361-0800: 9.839: [Full GC (System.gc()) 2020-11-18T11:05:53.361-0800: 9.839: [CMS: 5221K->5223K(6848K), 0.0031556 secs] 5275K->5223K(9920K), [Metaspace: 4890K->4890K(139264K)], 0.0032043 secs] [Times: user=0.00 sys=0.00, real=0.00 secs] 
2020-11-18T11:05:53.364-0800: 9.843: [GC (CMS Initial Mark) [1 CMS-initial-mark: 5223K(6848K)] 5223K(9920K), 0.0002109 secs] [Times: user=0.00 sys=0.00, real=0.00 secs] 
2020-11-18T11:05:53.364-0800: 9.843: [CMS-concurrent-mark-start]
2020-11-18T11:05:53.366-0800: 9.844: [Full GC (System.gc()) 2020-11-18T11:05:53.366-0800: 9.844: [CMS2020-11-18T11:05:53.367-0800: 9.846: [CMS-concurrent-mark: 0.001/0.003 secs] [Times: user=0.01 sys=0.00, real=0.00 secs] 
 (concurrent mode interrupted): 5223K->5225K(6848K), 0.0047748 secs] 5277K->5225K(9920K), [Metaspace: 4890K->4890K(139264K)], 0.0048195 secs] [Times: user=0.00 sys=0.00, real=0.01 secs] 
2020-11-18T11:05:53.372-0800: 9.850: [Full GC (System.gc()) 2020-11-18T11:05:53.372-0800: 9.850: [CMS: 5225K->5228K(6848K), 0.0042204 secs] 5280K->5228K(9920K), [Metaspace: 4890K->4890K(139264K)], 0.0042850 secs] [Times: user=0.01 sys=0.00, real=0.00 secs] 
2020-11-18T11:05:53.376-0800: 9.855: [GC (CMS Initial Mark) [1 CMS-initial-mark: 5228K(6848K)] 5228K(9920K), 0.0001796 secs] [Times: user=0.00 sys=0.00, real=0.00 secs] 
2020-11-18T11:05:53.376-0800: 9.855: [CMS-concurrent-mark-start]
2020-11-18T11:05:53.377-0800: 9.856: [Full GC (System.gc()) 2020-11-18T11:05:53.377-0800: 9.856: [CMS2020-11-18T11:05:53.379-0800: 9.857: [CMS-concurrent-mark: 0.001/0.003 secs] [Times: user=0.00 sys=0.01, real=0.00 secs] 
 (concurrent mode interrupted): 5228K->5230K(6848K), 0.0049033 secs] 5282K->5230K(9920K), [Metaspace: 4890K->4890K(139264K)], 0.0049588 secs] [Times: user=0.00 sys=0.00, real=0.01 secs] 
2020-11-18T11:05:53.384-0800: 9.862: [Full GC (System.gc()) 2020-11-18T11:05:53.384-0800: 9.862: [CMS: 5230K->5233K(6848K), 0.0033135 secs] 5285K->5233K(9920K), [Metaspace: 4890K->4890K(139264K)], 0.0033632 secs] [Times: user=0.01 sys=0.00, real=0.00 secs] 
2020-11-18T11:05:53.387-0800: 9.866: [GC (CMS Initial Mark) [1 CMS-initial-mark: 5233K(6848K)] 5233K(9920K), 0.0001819 secs] [Times: user=0.00 sys=0.00, real=0.00 secs] 
2020-11-18T11:05:53.387-0800: 9.866: [CMS-concurrent-mark-start]
2020-11-18T11:05:53.388-0800: 9.867: [Full GC (System.gc()) 2020-11-18T11:05:53.388-0800: 9.867: [CMS2020-11-18T11:05:53.390-0800: 9.869: [CMS-concurrent-mark: 0.002/0.003 secs] [Times: user=0.00 sys=0.00, real=0.01 secs] 
 (concurrent mode interrupted): 5233K->5235K(6848K), 0.0056751 secs] 5287K->5235K(9920K), [Metaspace: 4890K->4890K(139264K)], 0.0057862 secs] [Times: user=0.01 sys=0.00, real=0.01 secs] 
2020-11-18T11:05:53.396-0800: 9.874: [Full GC (System.gc()) 2020-11-18T11:05:53.396-0800: 9.874: [CMS: 5235K->5237K(6848K), 0.0043686 secs] 5289K->5237K(9920K), [Metaspace: 4890K->4890K(139264K)], 0.0044329 secs] [Times: user=0.00 sys=0.00, real=0.01 secs] 
2020-11-18T11:05:53.400-0800: 9.879: [GC (CMS Initial Mark) [1 CMS-initial-mark: 5237K(6848K)] 5237K(9920K), 0.0002608 secs] [Times: user=0.00 sys=0.00, real=0.00 secs] 
2020-11-18T11:05:53.400-0800: 9.879: [CMS-concurrent-mark-start]
2020-11-18T11:05:53.401-0800: 9.880: [Full GC (System.gc()) 2020-11-18T11:05:53.402-0800: 9.880: [CMS2020-11-18T11:05:53.403-0800: 9.882: [CMS-concurrent-mark: 0.002/0.003 secs] [Times: user=0.01 sys=0.00, real=0.00 secs] 
 (concurrent mode interrupted): 5237K->5240K(6848K), 0.0067421 secs] 5292K->5240K(9920K), [Metaspace: 4890K->4890K(139264K)], 0.0068035 secs] [Times: user=0.01 sys=0.00, real=0.00 secs] 
2020-11-18T11:05:53.410-0800: 9.888: [Full GC (System.gc()) 2020-11-18T11:05:53.410-0800: 9.888: [CMS: 5240K->5242K(6848K), 0.0048170 secs] 5294K->5242K(9920K), [Metaspace: 4890K->4890K(139264K)], 0.0048860 secs] [Times: user=0.00 sys=0.00, real=0.00 secs] 
2020-11-18T11:05:53.415-0800: 9.893: [GC (CMS Initial Mark) [1 CMS-initial-mark: 5242K(6848K)] 5242K(9920K), 0.0002791 secs] [Times: user=0.01 sys=0.00, real=0.00 secs] 
2020-11-18T11:05:53.415-0800: 9.894: [CMS-concurrent-mark-start]
2020-11-18T11:05:53.416-0800: 9.895: [Full GC (System.gc()) 2020-11-18T11:05:53.416-0800: 9.895: [CMS2020-11-18T11:05:53.418-0800: 9.897: [CMS-concurrent-mark: 0.002/0.003 secs] [Times: user=0.00 sys=0.00, real=0.00 secs] 
 (concurrent mode interrupted): 5242K->5245K(6848K), 0.0065129 secs] 5297K->5245K(9920K), [Metaspace: 4890K->4890K(139264K)], 0.0065763 secs] [Times: user=0.00 sys=0.00, real=0.01 secs] 
2020-11-18T11:05:53.424-0800: 9.902: [Full GC (System.gc()) 2020-11-18T11:05:53.424-0800: 9.902: [CMS: 5245K->5247K(6848K), 0.0039834 secs] 5299K->5247K(9920K), [Metaspace: 4890K->4890K(139264K)], 0.0041149 secs] [Times: user=0.01 sys=0.00, real=0.00 secs] 
2020-11-18T11:05:53.428-0800: 9.907: [GC (CMS Initial Mark) [1 CMS-initial-mark: 5247K(6848K)] 5247K(9920K), 0.0002375 secs] [Times: user=0.00 sys=0.00, real=0.00 secs] 
2020-11-18T11:05:53.429-0800: 9.907: [CMS-concurrent-mark-start]
2020-11-18T11:05:53.430-0800: 9.908: [Full GC (System.gc()) 2020-11-18T11:05:53.430-0800: 9.908: [CMS2020-11-18T11:05:53.431-0800: 9.910: [CMS-concurrent-mark: 0.002/0.003 secs] [Times: user=0.00 sys=0.00, real=0.01 secs] 
 (concurrent mode interrupted): 5247K->5250K(6848K), 0.0054297 secs] 5301K->5250K(9920K), [Metaspace: 4890K->4890K(139264K)], 0.0054811 secs] [Times: user=0.01 sys=0.00, real=0.00 secs] 
2020-11-18T11:05:53.436-0800: 9.915: [Full GC (System.gc()) 2020-11-18T11:05:53.436-0800: 9.915: [CMS: 5250K->5252K(6848K), 0.0039019 secs] 5304K->5252K(9920K), [Metaspace: 4890K->4890K(139264K)], 0.0039846 secs] [Times: user=0.00 sys=0.00, real=0.01 secs] 
2020-11-18T11:05:53.441-0800: 9.919: [GC (CMS Initial Mark) [1 CMS-initial-mark: 5252K(6848K)] 5252K(9920K), 0.0002114 secs] [Times: user=0.00 sys=0.00, real=0.00 secs] 
2020-11-18T11:05:53.441-0800: 9.919: [CMS-concurrent-mark-start]
2020-11-18T11:05:53.442-0800: 9.920: [Full GC (System.gc()) 2020-11-18T11:05:53.442-0800: 9.920: [CMS2020-11-18T11:05:53.444-0800: 9.922: [CMS-concurrent-mark: 0.002/0.003 secs] [Times: user=0.01 sys=0.00, real=0.00 secs] 
 (concurrent mode interrupted): 5252K->5254K(6848K), 0.0061711 secs] 5306K->5254K(9920K), [Metaspace: 4890K->4890K(139264K)], 0.0062292 secs] [Times: user=0.01 sys=0.00, real=0.00 secs] 
2020-11-18T11:05:53.450-0800: 9.928: [Full GC (System.gc()) 2020-11-18T11:05:53.450-0800: 9.928: [CMS: 5254K->5257K(6848K), 0.0045861 secs] 5309K->5257K(9920K), [Metaspace: 4890K->4890K(139264K)], 0.0046683 secs] [Times: user=0.01 sys=0.00, real=0.00 secs] 
2020-11-18T11:05:53.454-0800: 9.933: [GC (CMS Initial Mark) [1 CMS-initial-mark: 5257K(6848K)] 5257K(9920K), 0.0001950 secs] [Times: user=0.00 sys=0.00, real=0.00 secs] 
2020-11-18T11:05:53.455-0800: 9.933: [CMS-concurrent-mark-start]
2020-11-18T11:05:53.456-0800: 9.934: [Full GC (System.gc()) 2020-11-18T11:05:53.456-0800: 9.934: [CMS2020-11-18T11:05:53.458-0800: 9.936: [CMS-concurrent-mark: 0.002/0.003 secs] [Times: user=0.00 sys=0.00, real=0.00 secs] 
 (concurrent mode interrupted): 5257K->5259K(6848K), 0.0065181 secs] 5311K->5259K(9920K), [Metaspace: 4890K->4890K(139264K)], 0.0065817 secs] [Times: user=0.00 sys=0.00, real=0.01 secs] 
2020-11-18T11:05:53.464-0800: 9.942: [Full GC (System.gc()) 2020-11-18T11:05:53.464-0800: 9.942: [CMS: 5259K->5262K(6848K), 0.0039180 secs] 5314K->5262K(9920K), [Metaspace: 4890K->4890K(139264K)], 0.0039986 secs] [Times: user=0.01 sys=0.00, real=0.00 secs] 
2020-11-18T11:05:53.468-0800: 9.946: [GC (CMS Initial Mark) [1 CMS-initial-mark: 5262K(6848K)] 5262K(9920K), 0.0003611 secs] [Times: user=0.00 sys=0.00, real=0.00 secs] 
2020-11-18T11:05:53.468-0800: 9.947: [CMS-concurrent-mark-start]
2020-11-18T11:05:53.469-0800: 9.948: [Full GC (System.gc()) 2020-11-18T11:05:53.469-0800: 9.948: [CMS2020-11-18T11:05:53.472-0800: 9.950: [CMS-concurrent-mark: 0.002/0.003 secs] [Times: user=0.00 sys=0.00, real=0.01 secs] 
 (concurrent mode interrupted): 5262K->5264K(6848K), 0.0059645 secs] 5316K->5264K(9920K), [Metaspace: 4890K->4890K(139264K)], 0.0060118 secs] [Times: user=0.01 sys=0.00, real=0.01 secs] 
2020-11-18T11:05:53.477-0800: 9.955: [Full GC (System.gc()) 2020-11-18T11:05:53.477-0800: 9.955: [CMS: 5264K->5266K(6848K), 0.0038139 secs] 5318K->5266K(9920K), [Metaspace: 4890K->4890K(139264K)], 0.0039136 secs] [Times: user=0.00 sys=0.00, real=0.01 secs] 
2020-11-18T11:05:53.481-0800: 9.959: [GC (CMS Initial Mark) [1 CMS-initial-mark: 5266K(6848K)] 5266K(9920K), 0.0002088 secs] [Times: user=0.00 sys=0.00, real=0.00 secs] 
2020-11-18T11:05:53.481-0800: 9.959: [CMS-concurrent-mark-start]
2020-11-18T11:05:53.482-0800: 9.960: [Full GC (System.gc()) 2020-11-18T11:05:53.482-0800: 9.960: [CMS2020-11-18T11:05:53.484-0800: 9.962: [CMS-concurrent-mark: 0.002/0.003 secs] [Times: user=0.01 sys=0.00, real=0.00 secs] 
 (concurrent mode interrupted): 5266K->5269K(6848K), 0.0061572 secs] 5321K->5269K(9920K), [Metaspace: 4890K->4890K(139264K)], 0.0062153 secs] [Times: user=0.00 sys=0.00, real=0.00 secs] 
2020-11-18T11:05:53.490-0800: 9.968: [Full GC (System.gc()) 2020-11-18T11:05:53.490-0800: 9.968: [CMS: 5269K->5271K(6848K), 0.0046238 secs] 5323K->5271K(9920K), [Metaspace: 4890K->4890K(139264K)], 0.0047052 secs] [Times: user=0.01 sys=0.00, real=0.00 secs] 
2020-11-18T11:05:53.494-0800: 9.973: [GC (CMS Initial Mark) [1 CMS-initial-mark: 5271K(6848K)] 5271K(9920K), 0.0002579 secs] [Times: user=0.00 sys=0.00, real=0.00 secs] 
2020-11-18T11:05:53.495-0800: 9.973: [CMS-concurrent-mark-start]
2020-11-18T11:05:53.496-0800: 9.974: [Full GC (System.gc()) 2020-11-18T11:05:53.496-0800: 9.974: [CMS2020-11-18T11:05:53.497-0800: 9.976: [CMS-concurrent-mark: 0.002/0.003 secs] [Times: user=0.00 sys=0.00, real=0.00 secs] 
 (concurrent mode interrupted): 5271K->5274K(6848K), 0.0061942 secs] 5326K->5274K(9920K), [Metaspace: 4890K->4890K(139264K)], 0.0062534 secs] [Times: user=0.00 sys=0.00, real=0.01 secs] 
2020-11-18T11:05:53.503-0800: 9.982: [Full GC (System.gc()) 2020-11-18T11:05:53.503-0800: 9.982: [CMS: 5274K->5276K(6848K), 0.0038791 secs] 5328K->5276K(9920K), [Metaspace: 4890K->4890K(139264K)], 0.0039513 secs] [Times: user=0.01 sys=0.00, real=0.00 secs] 
2020-11-18T11:05:53.507-0800: 9.986: [GC (CMS Initial Mark) [1 CMS-initial-mark: 5276K(6848K)] 5276K(9920K), 0.0002373 secs] [Times: user=0.00 sys=0.00, real=0.00 secs] 
2020-11-18T11:05:53.508-0800: 9.986: [CMS-concurrent-mark-start]
2020-11-18T11:05:53.509-0800: 9.987: [Full GC (System.gc()) 2020-11-18T11:05:53.509-0800: 9.987: [CMS2020-11-18T11:05:53.511-0800: 9.990: [CMS-concurrent-mark: 0.002/0.003 secs] [Times: user=0.00 sys=0.00, real=0.01 secs] 
 (concurrent mode interrupted): 5276K->5278K(6848K), 0.0061973 secs] 5330K->5278K(9920K), [Metaspace: 4890K->4890K(139264K)], 0.0062479 secs] [Times: user=0.01 sys=0.00, real=0.01 secs] 
2020-11-18T11:05:53.516-0800: 9.995: [Full GC (System.gc()) 2020-11-18T11:05:53.516-0800: 9.995: [CMS: 5278K->5281K(6848K), 0.0042637 secs] 5333K->5281K(9920K), [Metaspace: 4890K->4890K(139264K)], 0.0043577 secs] [Times: user=0.00 sys=0.00, real=0.01 secs] 
2020-11-18T11:05:53.521-0800: 9.999: [GC (CMS Initial Mark) [1 CMS-initial-mark: 5281K(6848K)] 5281K(9920K), 0.0002115 secs] [Times: user=0.00 sys=0.00, real=0.00 secs] 
2020-11-18T11:05:53.521-0800: 10.000: [CMS-concurrent-mark-start]
2020-11-18T11:05:53.522-0800: 10.001: [Full GC (System.gc()) 2020-11-18T11:05:53.522-0800: 10.001: [CMS2020-11-18T11:05:53.524-0800: 10.002: [CMS-concurrent-mark: 0.002/0.003 secs] [Times: user=0.01 sys=0.00, real=0.00 secs] 
 (concurrent mode interrupted): 5281K->5283K(6848K), 0.0056132 secs] 5335K->5283K(9920K), [Metaspace: 4890K->4890K(139264K)], 0.0056706 secs] [Times: user=0.00 sys=0.00, real=0.00 secs] 
2020-11-18T11:05:53.529-0800: 10.008: [Full GC (System.gc()) 2020-11-18T11:05:53.529-0800: 10.008: [CMS: 5283K->5289K(6848K), 0.0045917 secs] 5338K->5289K(9920K), [Metaspace: 4890K->4890K(139264K)], 0.0046707 secs] [Times: user=0.01 sys=0.00, real=0.01 secs] 
2020-11-18T11:05:53.534-0800: 10.013: [GC (CMS Initial Mark) [1 CMS-initial-mark: 5289K(6848K)] 5289K(9920K), 0.0002022 secs] [Times: user=0.00 sys=0.00, real=0.00 secs] 
2020-11-18T11:05:53.534-0800: 10.013: [CMS-concurrent-mark-start]
2020-11-18T11:05:53.535-0800: 10.014: [Full GC (System.gc()) 2020-11-18T11:05:53.535-0800: 10.014: [CMS2020-11-18T11:05:53.537-0800: 10.016: [CMS-concurrent-mark: 0.002/0.003 secs] [Times: user=0.00 sys=0.00, real=0.00 secs] 
 (concurrent mode interrupted): 5289K->5292K(6848K), 0.0061267 secs] 5344K->5292K(9920K), [Metaspace: 4890K->4890K(139264K)], 0.0061806 secs] [Times: user=0.00 sys=0.00, real=0.01 secs] 
2020-11-18T11:05:53.543-0800: 10.021: [Full GC (System.gc()) 2020-11-18T11:05:53.543-0800: 10.021: [CMS: 5292K->5294K(6848K), 0.0035643 secs] 5346K->5294K(9920K), [Metaspace: 4890K->4890K(139264K)], 0.0036110 secs] [Times: user=0.01 sys=0.00, real=0.00 secs] 
2020-11-18T11:05:53.547-0800: 10.025: [GC (CMS Initial Mark) [1 CMS-initial-mark: 5294K(6848K)] 5294K(9920K), 0.0001973 secs] [Times: user=0.00 sys=0.00, real=0.00 secs] 
2020-11-18T11:05:53.547-0800: 10.025: [CMS-concurrent-mark-start]
2020-11-18T11:05:53.548-0800: 10.026: [Full GC (System.gc()) 2020-11-18T11:05:53.548-0800: 10.027: [CMS2020-11-18T11:05:53.550-0800: 10.028: [CMS-concurrent-mark: 0.002/0.003 secs] [Times: user=0.00 sys=0.00, real=0.01 secs] 
 (concurrent mode interrupted): 5294K->5297K(6848K), 0.0057253 secs] 5349K->5297K(9920K), [Metaspace: 4890K->4890K(139264K)], 0.0059878 secs] [Times: user=0.01 sys=0.00, real=0.01 secs] 
2020-11-18T11:05:53.555-0800: 10.034: [Full GC (System.gc()) 2020-11-18T11:05:53.555-0800: 10.034: [CMS: 5297K->5299K(6848K), 0.0041383 secs] 5351K->5299K(9920K), [Metaspace: 4890K->4890K(139264K)], 0.0042021 secs] [Times: user=0.00 sys=0.00, real=0.01 secs] 
2020-11-18T11:05:53.560-0800: 10.038: [GC (CMS Initial Mark) [1 CMS-initial-mark: 5299K(6848K)] 5299K(9920K), 0.0002508 secs] [Times: user=0.00 sys=0.01, real=0.00 secs] 
2020-11-18T11:05:53.560-0800: 10.039: [CMS-concurrent-mark-start]
2020-11-18T11:05:53.561-0800: 10.040: [Full GC (System.gc()) 2020-11-18T11:05:53.561-0800: 10.040: [CMS2020-11-18T11:05:53.563-0800: 10.041: [CMS-concurrent-mark: 0.002/0.003 secs] [Times: user=0.01 sys=0.00, real=0.00 secs] 
 (concurrent mode interrupted): 5299K->5301K(6848K), 0.0059810 secs] 5353K->5301K(9920K), [Metaspace: 4890K->4890K(139264K)], 0.0060377 secs] [Times: user=0.01 sys=0.00, real=0.00 secs] 
2020-11-18T11:05:53.568-0800: 10.047: [Full GC (System.gc()) 2020-11-18T11:05:53.568-0800: 10.047: [CMS: 5301K->5304K(6848K), 0.0035445 secs] 5356K->5304K(9920K), [Metaspace: 4890K->4890K(139264K)], 0.0035948 secs] [Times: user=0.00 sys=0.00, real=0.01 secs] 
2020-11-18T11:05:53.572-0800: 10.051: [GC (CMS Initial Mark) [1 CMS-initial-mark: 5304K(6848K)] 5304K(9920K), 0.0002817 secs] [Times: user=0.00 sys=0.00, real=0.00 secs] 
2020-11-18T11:05:53.572-0800: 10.051: [CMS-concurrent-mark-start]
2020-11-18T11:05:53.573-0800: 10.052: [Full GC (System.gc()) 2020-11-18T11:05:53.573-0800: 10.052: [CMS2020-11-18T11:05:53.576-0800: 10.054: [CMS-concurrent-mark: 0.002/0.003 secs] [Times: user=0.01 sys=0.00, real=0.00 secs] 
 (concurrent mode interrupted): 5304K->5306K(6848K), 0.0058027 secs] 5358K->5306K(9920K), [Metaspace: 4890K->4890K(139264K)], 0.0058494 secs] [Times: user=0.00 sys=0.00, real=0.00 secs] 
2020-11-18T11:05:53.581-0800: 10.059: [Full GC (System.gc()) 2020-11-18T11:05:53.581-0800: 10.059: [CMS: 5306K->5309K(6848K), 0.0035990 secs] 5361K->5309K(9920K), [Metaspace: 4890K->4890K(139264K)], 0.0036672 secs] [Times: user=0.01 sys=0.00, real=0.00 secs] 
2020-11-18T11:05:53.584-0800: 10.063: [GC (CMS Initial Mark) [1 CMS-initial-mark: 5309K(6848K)] 5309K(9920K), 0.0001899 secs] [Times: user=0.00 sys=0.00, real=0.00 secs] 
2020-11-18T11:05:53.585-0800: 10.063: [CMS-concurrent-mark-start]
2020-11-18T11:05:53.586-0800: 10.064: [Full GC (System.gc()) 2020-11-18T11:05:53.586-0800: 10.064: [CMS2020-11-18T11:05:53.587-0800: 10.066: [CMS-concurrent-mark: 0.002/0.003 secs] [Times: user=0.00 sys=0.00, real=0.00 secs] 
 (concurrent mode interrupted): 5309K->5311K(6848K), 0.0061739 secs] 5363K->5311K(9920K), [Metaspace: 4890K->4890K(139264K)], 0.0062383 secs] [Times: user=0.01 sys=0.00, real=0.01 secs] 
2020-11-18T11:05:53.593-0800: 10.072: [Full GC (System.gc()) 2020-11-18T11:05:53.593-0800: 10.072: [CMS: 5311K->5313K(6848K), 0.0045708 secs] 5365K->5313K(9920K), [Metaspace: 4890K->4890K(139264K)], 0.0046480 secs] [Times: user=0.00 sys=0.00, real=0.00 secs] 
2020-11-18T11:05:53.598-0800: 10.077: [GC (CMS Initial Mark) [1 CMS-initial-mark: 5313K(6848K)] 5313K(9920K), 0.0002012 secs] [Times: user=0.00 sys=0.00, real=0.00 secs] 
2020-11-18T11:05:53.598-0800: 10.077: [CMS-concurrent-mark-start]
2020-11-18T11:05:53.599-0800: 10.078: [Full GC (System.gc()) 2020-11-18T11:05:53.599-0800: 10.078: [CMS2020-11-18T11:05:53.601-0800: 10.080: [CMS-concurrent-mark: 0.002/0.003 secs] [Times: user=0.01 sys=0.00, real=0.01 secs] 
 (concurrent mode interrupted): 5313K->5316K(6848K), 0.0056797 secs] 5368K->5316K(9920K), [Metaspace: 4890K->4890K(139264K)], 0.0057327 secs] [Times: user=0.01 sys=0.00, real=0.01 secs] 
2020-11-18T11:05:53.606-0800: 10.085: [Full GC (System.gc()) 2020-11-18T11:05:53.606-0800: 10.085: [CMS: 5316K->5318K(6848K), 0.0037338 secs] 5370K->5318K(9920K), [Metaspace: 4890K->4890K(139264K)], 0.0038058 secs] [Times: user=0.00 sys=0.00, real=0.01 secs] 
2020-11-18T11:05:53.610-0800: 10.089: [GC (CMS Initial Mark) [1 CMS-initial-mark: 5318K(6848K)] 5318K(9920K), 0.0001948 secs] [Times: user=0.00 sys=0.00, real=0.00 secs] 
2020-11-18T11:05:53.611-0800: 10.089: [CMS-concurrent-mark-start]
2020-11-18T11:05:53.612-0800: 10.090: [Full GC (System.gc()) 2020-11-18T11:05:53.612-0800: 10.090: [CMS2020-11-18T11:05:53.613-0800: 10.092: [CMS-concurrent-mark: 0.002/0.003 secs] [Times: user=0.01 sys=0.00, real=0.00 secs] 
 (concurrent mode interrupted): 5318K->5321K(6848K), 0.0051153 secs] 5373K->5321K(9920K), [Metaspace: 4890K->4890K(139264K)], 0.0051592 secs] [Times: user=0.00 sys=0.00, real=0.00 secs] 
2020-11-18T11:05:53.618-0800: 10.097: [Full GC (System.gc()) 2020-11-18T11:05:53.618-0800: 10.097: [CMS: 5321K->5323K(6848K), 0.0047356 secs] 5375K->5323K(9920K), [Metaspace: 4890K->4890K(139264K)], 0.0048193 secs] [Times: user=0.01 sys=0.00, real=0.01 secs] 
2020-11-18T11:05:53.623-0800: 10.102: [GC (CMS Initial Mark) [1 CMS-initial-mark: 5323K(6848K)] 5323K(9920K), 0.0001972 secs] [Times: user=0.00 sys=0.00, real=0.00 secs] 
2020-11-18T11:05:53.624-0800: 10.102: [CMS-concurrent-mark-start]
2020-11-18T11:05:53.625-0800: 10.103: [Full GC (System.gc()) 2020-11-18T11:05:53.625-0800: 10.103: [CMS2020-11-18T11:05:53.626-0800: 10.105: [CMS-concurrent-mark: 0.002/0.003 secs] [Times: user=0.00 sys=0.00, real=0.00 secs] 
 (concurrent mode interrupted): 5323K->5326K(6848K), 0.0057287 secs] 5378K->5326K(9920K), [Metaspace: 4890K->4890K(139264K)], 0.0057838 secs] [Times: user=0.00 sys=0.00, real=0.01 secs] 
2020-11-18T11:05:53.632-0800: 10.110: [Full GC (System.gc()) 2020-11-18T11:05:53.632-0800: 10.110: [CMS: 5326K->5328K(6848K), 0.0035593 secs] 5380K->5328K(9920K), [Metaspace: 4890K->4890K(139264K)], 0.0036169 secs] [Times: user=0.01 sys=0.00, real=0.00 secs] 
2020-11-18T11:05:53.635-0800: 10.114: [GC (CMS Initial Mark) [1 CMS-initial-mark: 5328K(6848K)] 5328K(9920K), 0.0002144 secs] [Times: user=0.00 sys=0.00, real=0.00 secs] 
2020-11-18T11:05:53.636-0800: 10.114: [CMS-concurrent-mark-start]
2020-11-18T11:05:53.637-0800: 10.115: [Full GC (System.gc()) 2020-11-18T11:05:53.637-0800: 10.115: [CMS2020-11-18T11:05:53.639-0800: 10.117: [CMS-concurrent-mark: 0.002/0.003 secs] [Times: user=0.00 sys=0.00, real=0.00 secs] 
 (concurrent mode interrupted): 5328K->5330K(6848K), 0.0062387 secs] 5382K->5330K(9920K), [Metaspace: 4890K->4890K(139264K)], 0.0063029 secs] [Times: user=0.01 sys=0.00, real=0.01 secs] 
2020-11-18T11:05:53.644-0800: 10.123: [Full GC (System.gc()) 2020-11-18T11:05:53.644-0800: 10.123: [CMS: 5330K->5333K(6848K), 0.0037726 secs] 5385K->5333K(9920K), [Metaspace: 4890K->4890K(139264K)], 0.0038274 secs] [Times: user=0.00 sys=0.00, real=0.00 secs] 
2020-11-18T11:05:53.648-0800: 10.127: [GC (CMS Initial Mark) [1 CMS-initial-mark: 5333K(6848K)] 5333K(9920K), 0.0001913 secs] [Times: user=0.00 sys=0.00, real=0.00 secs] 
2020-11-18T11:05:53.648-0800: 10.127: [CMS-concurrent-mark-start]
2020-11-18T11:05:53.650-0800: 10.128: [Full GC (System.gc()) 2020-11-18T11:05:53.650-0800: 10.128: [CMS2020-11-18T11:05:53.651-0800: 10.130: [CMS-concurrent-mark: 0.001/0.003 secs] [Times: user=0.01 sys=0.00, real=0.01 secs] 
 (concurrent mode interrupted): 5333K->5335K(6848K), 0.0051735 secs] 5387K->5335K(9920K), [Metaspace: 4890K->4890K(139264K)], 0.0052272 secs] [Times: user=0.01 sys=0.00, real=0.00 secs] 
2020-11-18T11:05:53.656-0800: 10.135: [Full GC (System.gc()) 2020-11-18T11:05:53.656-0800: 10.135: [CMS: 5335K->5338K(6848K), 0.0036213 secs] 5390K->5338K(9920K), [Metaspace: 4890K->4890K(139264K)], 0.0036724 secs] [Times: user=0.00 sys=0.00, real=0.01 secs] 
2020-11-18T11:05:53.660-0800: 10.138: [GC (CMS Initial Mark) [1 CMS-initial-mark: 5338K(6848K)] 5338K(9920K), 0.0001813 secs] [Times: user=0.00 sys=0.00, real=0.00 secs] 
2020-11-18T11:05:53.660-0800: 10.139: [CMS-concurrent-mark-start]
2020-11-18T11:05:53.661-0800: 10.140: [Full GC (System.gc()) 2020-11-18T11:05:53.661-0800: 10.140: [CMS2020-11-18T11:05:53.663-0800: 10.142: [CMS-concurrent-mark: 0.002/0.003 secs] [Times: user=0.01 sys=0.00, real=0.00 secs] 
 (concurrent mode interrupted): 5338K->5340K(6848K), 0.0056021 secs] 5392K->5340K(9920K), [Metaspace: 4890K->4890K(139264K)], 0.0056495 secs] [Times: user=0.00 sys=0.00, real=0.00 secs] 
2020-11-18T11:05:53.668-0800: 10.146: [Full GC (System.gc()) 2020-11-18T11:05:53.668-0800: 10.146: [CMS: 5340K->5342K(6848K), 0.0037066 secs] 5394K->5342K(9920K), [Metaspace: 4890K->4890K(139264K)], 0.0037604 secs] [Times: user=0.01 sys=0.00, real=0.01 secs] 
2020-11-18T11:05:53.672-0800: 10.150: [GC (CMS Initial Mark) [1 CMS-initial-mark: 5342K(6848K)] 5342K(9920K), 0.0002349 secs] [Times: user=0.00 sys=0.00, real=0.00 secs] 
2020-11-18T11:05:53.672-0800: 10.151: [CMS-concurrent-mark-start]
2020-11-18T11:05:53.673-0800: 10.152: [Full GC (System.gc()) 2020-11-18T11:05:53.673-0800: 10.152: [CMS2020-11-18T11:05:53.675-0800: 10.154: [CMS-concurrent-mark: 0.002/0.003 secs] [Times: user=0.00 sys=0.00, real=0.00 secs] 
 (concurrent mode interrupted): 5342K->5345K(6848K), 0.0056299 secs] 5397K->5345K(9920K), [Metaspace: 4890K->4890K(139264K)], 0.0056805 secs] [Times: user=0.00 sys=0.00, real=0.00 secs] 
2020-11-18T11:05:53.680-0800: 10.159: [Full GC (System.gc()) 2020-11-18T11:05:53.680-0800: 10.159: [CMS: 5345K->5347K(6848K), 0.0033535 secs] 5399K->5347K(9920K), [Metaspace: 4890K->4890K(139264K)], 0.0034025 secs] [Times: user=0.01 sys=0.00, real=0.00 secs] 
2020-11-18T11:05:53.684-0800: 10.162: [GC (CMS Initial Mark) [1 CMS-initial-mark: 5347K(6848K)] 5347K(9920K), 0.0001703 secs] [Times: user=0.00 sys=0.00, real=0.00 secs] 
2020-11-18T11:05:53.684-0800: 10.162: [CMS-concurrent-mark-start]
2020-11-18T11:05:53.685-0800: 10.163: [Full GC (System.gc()) 2020-11-18T11:05:53.685-0800: 10.163: [CMS2020-11-18T11:05:53.686-0800: 10.165: [CMS-concurrent-mark: 0.002/0.003 secs] [Times: user=0.00 sys=0.00, real=0.00 secs] 
 (concurrent mode interrupted): 5347K->5350K(6848K), 0.0056425 secs] 5402K->5350K(9920K), [Metaspace: 4890K->4890K(139264K)], 0.0056981 secs] [Times: user=0.01 sys=0.00, real=0.01 secs] 
2020-11-18T11:05:53.692-0800: 10.170: [Full GC (System.gc()) 2020-11-18T11:05:53.692-0800: 10.170: [CMS: 5350K->5352K(6848K), 0.0042222 secs] 5404K->5352K(9920K), [Metaspace: 4890K->4890K(139264K)], 0.0042968 secs] [Times: user=0.00 sys=0.00, real=0.00 secs] 
2020-11-18T11:05:53.696-0800: 10.175: [GC (CMS Initial Mark) [1 CMS-initial-mark: 5352K(6848K)] 5352K(9920K), 0.0001792 secs] [Times: user=0.00 sys=0.00, real=0.00 secs] 
2020-11-18T11:05:53.696-0800: 10.175: [CMS-concurrent-mark-start]
2020-11-18T11:05:53.697-0800: 10.176: [Full GC (System.gc()) 2020-11-18T11:05:53.697-0800: 10.176: [CMS2020-11-18T11:05:53.699-0800: 10.178: [CMS-concurrent-mark: 0.002/0.003 secs] [Times: user=0.01 sys=0.00, real=0.00 secs] 
 (concurrent mode interrupted): 5352K->5355K(6848K), 0.0056174 secs] 5406K->5355K(9920K), [Metaspace: 4890K->4890K(139264K)], 0.0056695 secs] [Times: user=0.01 sys=0.00, real=0.01 secs] 
2020-11-18T11:05:53.704-0800: 10.183: [Full GC (System.gc()) 2020-11-18T11:05:53.705-0800: 10.183: [CMS: 5355K->5357K(6848K), 0.0039691 secs] 5409K->5357K(9920K), [Metaspace: 4890K->4890K(139264K)], 0.0040252 secs] [Times: user=0.00 sys=0.00, real=0.00 secs] 
2020-11-18T11:05:53.709-0800: 10.187: [GC (CMS Initial Mark) [1 CMS-initial-mark: 5357K(6848K)] 5357K(9920K), 0.0001944 secs] [Times: user=0.00 sys=0.00, real=0.00 secs] 
2020-11-18T11:05:53.709-0800: 10.187: [CMS-concurrent-mark-start]
2020-11-18T11:05:53.710-0800: 10.188: [Full GC (System.gc()) 2020-11-18T11:05:53.710-0800: 10.188: [CMS2020-11-18T11:05:53.712-0800: 10.190: [CMS-concurrent-mark: 0.002/0.003 secs] [Times: user=0.01 sys=0.00, real=0.01 secs] 
 (concurrent mode interrupted): 5357K->5359K(6848K), 0.0056932 secs] 5411K->5359K(9920K), [Metaspace: 4890K->4890K(139264K)], 0.0057420 secs] [Times: user=0.00 sys=0.00, real=0.00 secs] 
2020-11-18T11:05:53.717-0800: 10.196: [Full GC (System.gc()) 2020-11-18T11:05:53.717-0800: 10.196: [CMS: 5359K->5362K(6848K), 0.0034318 secs] 5414K->5362K(9920K), [Metaspace: 4890K->4890K(139264K)], 0.0035292 secs] [Times: user=0.01 sys=0.00, real=0.01 secs] 
2020-11-18T11:05:53.721-0800: 10.199: [GC (CMS Initial Mark) [1 CMS-initial-mark: 5362K(6848K)] 5362K(9920K), 0.0002633 secs] [Times: user=0.00 sys=0.00, real=0.00 secs] 
2020-11-18T11:05:53.721-0800: 10.200: [CMS-concurrent-mark-start]
2020-11-18T11:05:53.722-0800: 10.201: [Full GC (System.gc()) 2020-11-18T11:05:53.722-0800: 10.201: [CMS2020-11-18T11:05:53.724-0800: 10.203: [CMS-concurrent-mark: 0.002/0.003 secs] [Times: user=0.00 sys=0.00, real=0.00 secs] 
 (concurrent mode interrupted): 5362K->5364K(6848K), 0.0059982 secs] 5416K->5364K(9920K), [Metaspace: 4890K->4890K(139264K)], 0.0060564 secs] [Times: user=0.00 sys=0.00, real=0.00 secs] 
2020-11-18T11:05:53.729-0800: 10.208: [Full GC (System.gc()) 2020-11-18T11:05:53.729-0800: 10.208: [CMS: 5364K->5367K(6848K), 0.0034473 secs] 5419K->5367K(9920K), [Metaspace: 4890K->4890K(139264K)], 0.0035010 secs] [Times: user=0.01 sys=0.00, real=0.01 secs] 
2020-11-18T11:05:53.733-0800: 10.212: [GC (CMS Initial Mark) [1 CMS-initial-mark: 5367K(6848K)] 5367K(9920K), 0.0001767 secs] [Times: user=0.00 sys=0.00, real=0.00 secs] 
2020-11-18T11:05:53.733-0800: 10.212: [CMS-concurrent-mark-start]
2020-11-18T11:05:53.734-0800: 10.213: [Full GC (System.gc()) 2020-11-18T11:05:53.734-0800: 10.213: [CMS2020-11-18T11:05:53.736-0800: 10.215: [CMS-concurrent-mark: 0.002/0.003 secs] [Times: user=0.00 sys=0.00, real=0.00 secs] 
 (concurrent mode interrupted): 5367K->5369K(6848K), 0.0050814 secs] 5421K->5369K(9920K), [Metaspace: 4890K->4890K(139264K)], 0.0051312 secs] [Times: user=0.01 sys=0.00, real=0.00 secs] 
2020-11-18T11:05:53.741-0800: 10.219: [Full GC (System.gc()) 2020-11-18T11:05:53.741-0800: 10.219: [CMS: 5369K->5371K(6848K), 0.0036139 secs] 5423K->5371K(9920K), [Metaspace: 4890K->4890K(139264K)], 0.0036663 secs] [Times: user=0.00 sys=0.00, real=0.00 secs] 
2020-11-18T11:05:53.745-0800: 10.223: [GC (CMS Initial Mark) [1 CMS-initial-mark: 5371K(6848K)] 5371K(9920K), 0.0001595 secs] [Times: user=0.00 sys=0.00, real=0.00 secs] 
2020-11-18T11:05:53.745-0800: 10.223: [CMS-concurrent-mark-start]
2020-11-18T11:05:53.746-0800: 10.224: [Full GC (System.gc()) 2020-11-18T11:05:53.746-0800: 10.224: [CMS2020-11-18T11:05:53.747-0800: 10.226: [CMS-concurrent-mark: 0.001/0.003 secs] [Times: user=0.00 sys=0.00, real=0.00 secs] 
 (concurrent mode interrupted): 5371K->5374K(6848K), 0.0049022 secs] 5426K->5374K(9920K), [Metaspace: 4890K->4890K(139264K)], 0.0049498 secs] [Times: user=0.01 sys=0.00, real=0.01 secs] 
2020-11-18T11:05:53.752-0800: 10.231: [Full GC (System.gc()) 2020-11-18T11:05:53.752-0800: 10.231: [CMS: 5374K->5376K(6848K), 0.0033510 secs] 5428K->5376K(9920K), [Metaspace: 4890K->4890K(139264K)], 0.0034032 secs] [Times: user=0.00 sys=0.00, real=0.00 secs] 
2020-11-18T11:05:53.756-0800: 10.234: [GC (CMS Initial Mark) [1 CMS-initial-mark: 5376K(6848K)] 5376K(9920K), 0.0001814 secs] [Times: user=0.00 sys=0.00, real=0.00 secs] 
2020-11-18T11:05:53.756-0800: 10.234: [CMS-concurrent-mark-start]
2020-11-18T11:05:53.757-0800: 10.235: [Full GC (System.gc()) 2020-11-18T11:05:53.757-0800: 10.235: [CMS2020-11-18T11:05:53.759-0800: 10.237: [CMS-concurrent-mark: 0.001/0.003 secs] [Times: user=0.01 sys=0.01, real=0.00 secs] 
 (concurrent mode interrupted): 5376K->5379K(6848K), 0.0055357 secs] 5431K->5379K(9920K), [Metaspace: 4890K->4890K(139264K)], 0.0055841 secs] [Times: user=0.01 sys=0.01, real=0.01 secs] 
2020-11-18T11:05:53.764-0800: 10.242: [Full GC (System.gc()) 2020-11-18T11:05:53.764-0800: 10.242: [CMS: 5379K->5381K(6848K), 0.0033561 secs] 5433K->5381K(9920K), [Metaspace: 4890K->4890K(139264K)], 0.0034045 secs] [Times: user=0.00 sys=0.00, real=0.00 secs] 
2020-11-18T11:05:53.767-0800: 10.246: [GC (CMS Initial Mark) [1 CMS-initial-mark: 5381K(6848K)] 5381K(9920K), 0.0002101 secs] [Times: user=0.00 sys=0.00, real=0.00 secs] 
2020-11-18T11:05:53.767-0800: 10.246: [CMS-concurrent-mark-start]
2020-11-18T11:05:53.768-0800: 10.247: [Full GC (System.gc()) 2020-11-18T11:05:53.768-0800: 10.247: [CMS2020-11-18T11:05:53.770-0800: 10.248: [CMS-concurrent-mark: 0.001/0.003 secs] [Times: user=0.01 sys=0.00, real=0.01 secs] 
 (concurrent mode interrupted): 5381K->5383K(6848K), 0.0045561 secs] 5435K->5383K(9920K), [Metaspace: 4890K->4890K(139264K)], 0.0045993 secs] [Times: user=0.00 sys=0.00, real=0.01 secs] 
2020-11-18T11:05:53.774-0800: 10.253: [Full GC (System.gc()) 2020-11-18T11:05:53.774-0800: 10.253: [CMS: 5383K->5386K(6848K), 0.0033048 secs] 5438K->5386K(9920K), [Metaspace: 4890K->4890K(139264K)], 0.0033590 secs] [Times: user=0.00 sys=0.00, real=0.00 secs] 
2020-11-18T11:05:53.778-0800: 10.256: [GC (CMS Initial Mark) [1 CMS-initial-mark: 5386K(6848K)] 5386K(9920K), 0.0002149 secs] [Times: user=0.00 sys=0.00, real=0.00 secs] 
2020-11-18T11:05:53.778-0800: 10.257: [CMS-concurrent-mark-start]
2020-11-18T11:05:53.779-0800: 10.258: [Full GC (System.gc()) 2020-11-18T11:05:53.779-0800: 10.258: [CMS2020-11-18T11:05:53.781-0800: 10.259: [CMS-concurrent-mark: 0.002/0.003 secs] [Times: user=0.01 sys=0.00, real=0.01 secs] 
 (concurrent mode interrupted): 5386K->5388K(6848K), 0.0049622 secs] 5440K->5388K(9920K), [Metaspace: 4890K->4890K(139264K)], 0.0050062 secs] [Times: user=0.00 sys=0.00, real=0.01 secs] 
2020-11-18T11:05:53.786-0800: 10.264: [Full GC (System.gc()) 2020-11-18T11:05:53.786-0800: 10.264: [CMS: 5388K->5391K(6848K), 0.0032750 secs] 5443K->5391K(9920K), [Metaspace: 4890K->4890K(139264K)], 0.0033223 secs] [Times: user=0.00 sys=0.00, real=0.00 secs] 
2020-11-18T11:05:53.789-0800: 10.268: [GC (CMS Initial Mark) [1 CMS-initial-mark: 5391K(6848K)] 5391K(9920K), 0.0002471 secs] [Times: user=0.01 sys=0.00, real=0.00 secs] 
2020-11-18T11:05:53.789-0800: 10.268: [CMS-concurrent-mark-start]
2020-11-18T11:05:53.790-0800: 10.269: [Full GC (System.gc()) 2020-11-18T11:05:53.790-0800: 10.269: [CMS2020-11-18T11:05:53.792-0800: 10.271: [CMS-concurrent-mark: 0.002/0.003 secs] [Times: user=0.00 sys=0.00, real=0.01 secs] 
 (concurrent mode interrupted): 5391K->5393K(6848K), 0.0052103 secs] 5445K->5393K(9920K), [Metaspace: 4890K->4890K(139264K)], 0.0052574 secs] [Times: user=0.00 sys=0.00, real=0.00 secs] 
2020-11-18T11:05:53.797-0800: 10.275: [Full GC (System.gc()) 2020-11-18T11:05:53.797-0800: 10.275: [CMS: 5393K->5396K(6848K), 0.0033224 secs] 5448K->5396K(9920K), [Metaspace: 4890K->4890K(139264K)], 0.0033730 secs] [Times: user=0.01 sys=0.00, real=0.01 secs] 
2020-11-18T11:05:53.800-0800: 10.279: [GC (CMS Initial Mark) [1 CMS-initial-mark: 5396K(6848K)] 5396K(9920K), 0.0001951 secs] [Times: user=0.00 sys=0.00, real=0.00 secs] 
2020-11-18T11:05:53.800-0800: 10.279: [CMS-concurrent-mark-start]
2020-11-18T11:05:53.802-0800: 10.280: [Full GC (System.gc()) 2020-11-18T11:05:53.802-0800: 10.280: [CMS2020-11-18T11:05:53.803-0800: 10.282: [CMS-concurrent-mark: 0.001/0.003 secs] [Times: user=0.00 sys=0.00, real=0.00 secs] 
 (concurrent mode interrupted): 5396K->5398K(6848K), 0.0055562 secs] 5450K->5398K(9920K), [Metaspace: 4890K->4890K(139264K)], 0.0056261 secs] [Times: user=0.00 sys=0.00, real=0.00 secs] 
2020-11-18T11:05:53.809-0800: 10.287: [Full GC (System.gc()) 2020-11-18T11:05:53.809-0800: 10.287: [CMS: 5398K->5400K(6848K), 0.0039182 secs] 5452K->5400K(9920K), [Metaspace: 4890K->4890K(139264K)], 0.0039768 secs] [Times: user=0.01 sys=0.00, real=0.01 secs] 
2020-11-18T11:05:53.813-0800: 10.291: [GC (CMS Initial Mark) [1 CMS-initial-mark: 5400K(6848K)] 5400K(9920K), 0.0001841 secs] [Times: user=0.00 sys=0.00, real=0.00 secs] 
2020-11-18T11:05:53.813-0800: 10.291: [CMS-concurrent-mark-start]
2020-11-18T11:05:53.814-0800: 10.292: [Full GC (System.gc()) 2020-11-18T11:05:53.814-0800: 10.292: [CMS2020-11-18T11:05:53.816-0800: 10.294: [CMS-concurrent-mark: 0.002/0.003 secs] [Times: user=0.00 sys=0.00, real=0.00 secs] 
 (concurrent mode interrupted): 5400K->5403K(6848K), 0.0053049 secs] 5455K->5403K(9920K), [Metaspace: 4890K->4890K(139264K)], 0.0053493 secs] [Times: user=0.01 sys=0.00, real=0.00 secs] 
2020-11-18T11:05:53.821-0800: 10.299: [Full GC (System.gc()) 2020-11-18T11:05:53.821-0800: 10.299: [CMS: 5403K->5405K(6848K), 0.0040030 secs] 5457K->5405K(9920K), [Metaspace: 4890K->4890K(139264K)], 0.0040791 secs] [Times: user=0.00 sys=0.00, real=0.00 secs] 
2020-11-18T11:05:53.825-0800: 10.304: [GC (CMS Initial Mark) [1 CMS-initial-mark: 5405K(6848K)] 5405K(9920K), 0.0002123 secs] [Times: user=0.00 sys=0.00, real=0.00 secs] 
2020-11-18T11:05:53.825-0800: 10.304: [CMS-concurrent-mark-start]
2020-11-18T11:05:53.826-0800: 10.305: [Full GC (System.gc()) 2020-11-18T11:05:53.826-0800: 10.305: [CMS2020-11-18T11:05:53.828-0800: 10.307: [CMS-concurrent-mark: 0.002/0.003 secs] [Times: user=0.01 sys=0.00, real=0.00 secs] 
 (concurrent mode interrupted): 5405K->5408K(6848K), 0.0053387 secs] 5460K->5408K(9920K), [Metaspace: 4890K->4890K(139264K)], 0.0053853 secs] [Times: user=0.01 sys=0.00, real=0.01 secs] 
2020-11-18T11:05:53.833-0800: 10.312: [Full GC (System.gc()) 2020-11-18T11:05:53.833-0800: 10.312: [CMS: 5408K->5410K(6848K), 0.0040149 secs] 5462K->5410K(9920K), [Metaspace: 4890K->4890K(139264K)], 0.0040914 secs] [Times: user=0.00 sys=0.00, real=0.00 secs] 
2020-11-18T11:05:53.837-0800: 10.316: [GC (CMS Initial Mark) [1 CMS-initial-mark: 5410K(6848K)] 5410K(9920K), 0.0002130 secs] [Times: user=0.00 sys=0.00, real=0.00 secs] 
2020-11-18T11:05:53.838-0800: 10.316: [CMS-concurrent-mark-start]
2020-11-18T11:05:53.839-0800: 10.317: [Full GC (System.gc()) 2020-11-18T11:05:53.839-0800: 10.317: [CMS2020-11-18T11:05:53.840-0800: 10.319: [CMS-concurrent-mark: 0.002/0.003 secs] [Times: user=0.01 sys=0.00, real=0.01 secs] 
 (concurrent mode interrupted): 5410K->5412K(6848K), 0.0051430 secs] 5464K->5412K(9920K), [Metaspace: 4890K->4890K(139264K)], 0.0051955 secs] [Times: user=0.00 sys=0.00, real=0.01 secs] 
2020-11-18T11:05:53.845-0800: 10.324: [Full GC (System.gc()) 2020-11-18T11:05:53.845-0800: 10.324: [CMS: 5412K->5415K(6848K), 0.0033863 secs] 5467K->5415K(9920K), [Metaspace: 4890K->4890K(139264K)], 0.0034345 secs] [Times: user=0.01 sys=0.00, real=0.00 secs] 
2020-11-18T11:05:53.849-0800: 10.327: [GC (CMS Initial Mark) [1 CMS-initial-mark: 5415K(6848K)] 5415K(9920K), 0.0001619 secs] [Times: user=0.00 sys=0.00, real=0.00 secs] 
2020-11-18T11:05:53.849-0800: 10.327: [CMS-concurrent-mark-start]
2020-11-18T11:05:53.850-0800: 10.328: [Full GC (System.gc()) 2020-11-18T11:05:53.850-0800: 10.329: [CMS2020-11-18T11:05:53.851-0800: 10.330: [CMS-concurrent-mark: 0.002/0.003 secs] [Times: user=0.00 sys=0.00, real=0.01 secs] 
 (concurrent mode interrupted): 5415K->5417K(6848K), 0.0046331 secs] 5469K->5417K(9920K), [Metaspace: 4890K->4890K(139264K)], 0.0046758 secs] [Times: user=0.00 sys=0.00, real=0.00 secs] 
2020-11-18T11:05:53.856-0800: 10.335: [Full GC (System.gc()) 2020-11-18T11:05:53.856-0800: 10.335: [CMS: 5417K->5420K(6848K), 0.0030785 secs] 5472K->5420K(9920K), [Metaspace: 4890K->4890K(139264K)], 0.0031209 secs] [Times: user=0.01 sys=0.00, real=0.00 secs] 
2020-11-18T11:05:53.859-0800: 10.338: [GC (CMS Initial Mark) [1 CMS-initial-mark: 5420K(6848K)] 5420K(9920K), 0.0001726 secs] [Times: user=0.00 sys=0.00, real=0.00 secs] 
2020-11-18T11:05:53.860-0800: 10.338: [CMS-concurrent-mark-start]
2020-11-18T11:05:53.861-0800: 10.339: [Full GC (System.gc()) 2020-11-18T11:05:53.861-0800: 10.339: [CMS2020-11-18T11:05:53.862-0800: 10.341: [CMS-concurrent-mark: 0.002/0.003 secs] [Times: user=0.00 sys=0.00, real=0.00 secs] 
 (concurrent mode interrupted): 5420K->5422K(6848K), 0.0045620 secs] 5474K->5422K(9920K), [Metaspace: 4890K->4890K(139264K)], 0.0046012 secs] [Times: user=0.00 sys=0.00, real=0.00 secs] 
2020-11-18T11:05:53.867-0800: 10.345: [Full GC (System.gc()) 2020-11-18T11:05:53.867-0800: 10.345: [CMS: 5422K->5425K(6848K), 0.0038171 secs] 5477K->5425K(9920K), [Metaspace: 4890K->4890K(139264K)], 0.0038878 secs] [Times: user=0.01 sys=0.00, real=0.01 secs] 
2020-11-18T11:05:53.871-0800: 10.349: [GC (CMS Initial Mark) [1 CMS-initial-mark: 5425K(6848K)] 5425K(9920K), 0.0001999 secs] [Times: user=0.00 sys=0.00, real=0.00 secs] 
2020-11-18T11:05:53.871-0800: 10.349: [CMS-concurrent-mark-start]
2020-11-18T11:05:53.872-0800: 10.351: [Full GC (System.gc()) 2020-11-18T11:05:53.872-0800: 10.351: [CMS2020-11-18T11:05:53.874-0800: 10.352: [CMS-concurrent-mark: 0.002/0.003 secs] [Times: user=0.00 sys=0.00, real=0.00 secs] 
 (concurrent mode interrupted): 5425K->5427K(6848K), 0.0048603 secs] 5479K->5427K(9920K), [Metaspace: 4890K->4890K(139264K)], 0.0049081 secs] [Times: user=0.01 sys=0.00, real=0.00 secs] 
2020-11-18T11:05:53.878-0800: 10.357: [Full GC (System.gc()) 2020-11-18T11:05:53.878-0800: 10.357: [CMS: 5427K->5429K(6848K), 0.0030867 secs] 5481K->5429K(9920K), [Metaspace: 4890K->4890K(139264K)], 0.0031306 secs] [Times: user=0.00 sys=0.00, real=0.01 secs] 
2020-11-18T11:05:53.881-0800: 10.360: [GC (CMS Initial Mark) [1 CMS-initial-mark: 5429K(6848K)] 5429K(9920K), 0.0002235 secs] [Times: user=0.00 sys=0.00, real=0.00 secs] 
2020-11-18T11:05:53.882-0800: 10.360: [CMS-concurrent-mark-start]
2020-11-18T11:05:53.883-0800: 10.361: [Full GC (System.gc()) 2020-11-18T11:05:53.883-0800: 10.361: [CMS2020-11-18T11:05:53.884-0800: 10.363: [CMS-concurrent-mark: 0.002/0.003 secs] [Times: user=0.00 sys=0.00, real=0.00 secs] 
 (concurrent mode interrupted): 5429K->5432K(6848K), 0.0053237 secs] 5484K->5432K(9920K), [Metaspace: 4890K->4890K(139264K)], 0.0053888 secs] [Times: user=0.01 sys=0.00, real=0.00 secs] 
2020-11-18T11:05:53.889-0800: 10.368: [Full GC (System.gc()) 2020-11-18T11:05:53.889-0800: 10.368: [CMS: 5432K->5434K(6848K), 0.0038569 secs] 5486K->5434K(9920K), [Metaspace: 4890K->4890K(139264K)], 0.0039164 secs] [Times: user=0.00 sys=0.00, real=0.01 secs] 
2020-11-18T11:05:53.893-0800: 10.372: [GC (CMS Initial Mark) [1 CMS-initial-mark: 5434K(6848K)] 5434K(9920K), 0.0002106 secs] [Times: user=0.00 sys=0.00, real=0.00 secs] 
2020-11-18T11:05:53.893-0800: 10.372: [CMS-concurrent-mark-start]
2020-11-18T11:05:53.894-0800: 10.373: [Full GC (System.gc()) 2020-11-18T11:05:53.894-0800: 10.373: [CMS2020-11-18T11:05:53.896-0800: 10.375: [CMS-concurrent-mark: 0.001/0.003 secs] [Times: user=0.00 sys=0.00, real=0.00 secs] 
 (concurrent mode interrupted): 5434K->5437K(6848K), 0.0051740 secs] 5489K->5437K(9920K), [Metaspace: 4890K->4890K(139264K)], 0.0052271 secs] [Times: user=0.01 sys=0.00, real=0.01 secs] 
2020-11-18T11:05:53.901-0800: 10.380: [Full GC (System.gc()) 2020-11-18T11:05:53.901-0800: 10.380: [CMS: 5437K->5439K(6848K), 0.0043128 secs] 5491K->5439K(9920K), [Metaspace: 4890K->4890K(139264K)], 0.0043938 secs] [Times: user=0.00 sys=0.00, real=0.00 secs] 
2020-11-18T11:05:53.906-0800: 10.384: [GC (CMS Initial Mark) [1 CMS-initial-mark: 5439K(6848K)] 5439K(9920K), 0.0002096 secs] [Times: user=0.00 sys=0.00, real=0.00 secs] 
2020-11-18T11:05:53.906-0800: 10.384: [CMS-concurrent-mark-start]
2020-11-18T11:05:53.907-0800: 10.385: [Full GC (System.gc()) 2020-11-18T11:05:53.907-0800: 10.385: [CMS2020-11-18T11:05:53.909-0800: 10.387: [CMS-concurrent-mark: 0.002/0.003 secs] [Times: user=0.01 sys=0.00, real=0.00 secs] 
 (concurrent mode interrupted): 5439K->5441K(6848K), 0.0060120 secs] 5493K->5441K(9920K), [Metaspace: 4890K->4890K(139264K)], 0.0060703 secs] [Times: user=0.00 sys=0.00, real=0.01 secs] 
2020-11-18T11:05:53.914-0800: 10.393: [Full GC (System.gc()) 2020-11-18T11:05:53.914-0800: 10.393: [CMS: 5441K->5444K(6848K), 0.0039473 secs] 5496K->5444K(9920K), [Metaspace: 4890K->4890K(139264K)], 0.0040116 secs] [Times: user=0.01 sys=0.00, real=0.00 secs] 
2020-11-18T11:05:53.918-0800: 10.397: [GC (CMS Initial Mark) [1 CMS-initial-mark: 5444K(6848K)] 5444K(9920K), 0.0001847 secs] [Times: user=0.00 sys=0.00, real=0.00 secs] 
2020-11-18T11:05:53.919-0800: 10.397: [CMS-concurrent-mark-start]
2020-11-18T11:05:53.920-0800: 10.398: [Full GC (System.gc()) 2020-11-18T11:05:53.920-0800: 10.398: [CMS2020-11-18T11:05:53.921-0800: 10.400: [CMS-concurrent-mark: 0.001/0.003 secs] [Times: user=0.00 sys=0.00, real=0.01 secs] 
 (concurrent mode interrupted): 5444K->5446K(6848K), 0.0054062 secs] 5498K->5446K(9920K), [Metaspace: 4890K->4890K(139264K)], 0.0054668 secs] [Times: user=0.00 sys=0.00, real=0.00 secs] 
2020-11-18T11:05:53.927-0800: 10.405: [Full GC (System.gc()) 2020-11-18T11:05:53.927-0800: 10.405: [CMS: 5446K->5449K(6848K), 0.0041670 secs] 5501K->5449K(9920K), [Metaspace: 4890K->4890K(139264K)], 0.0042436 secs] [Times: user=0.01 sys=0.00, real=0.01 secs] 
2020-11-18T11:05:53.931-0800: 10.409: [GC (CMS Initial Mark) [1 CMS-initial-mark: 5449K(6848K)] 5449K(9920K), 0.0001843 secs] [Times: user=0.00 sys=0.00, real=0.00 secs] 
2020-11-18T11:05:53.931-0800: 10.410: [CMS-concurrent-mark-start]
2020-11-18T11:05:53.932-0800: 10.411: [Full GC (System.gc()) 2020-11-18T11:05:53.932-0800: 10.411: [CMS2020-11-18T11:05:53.934-0800: 10.413: [CMS-concurrent-mark: 0.002/0.003 secs] [Times: user=0.00 sys=0.00, real=0.00 secs] 
 (concurrent mode interrupted): 5449K->5451K(6848K), 0.0056720 secs] 5503K->5451K(9920K), [Metaspace: 4890K->4890K(139264K)], 0.0057297 secs] [Times: user=0.01 sys=0.00, real=0.00 secs] 
2020-11-18T11:05:53.939-0800: 10.418: [Full GC (System.gc()) 2020-11-18T11:05:53.939-0800: 10.418: [CMS: 5451K->5453K(6848K), 0.0038889 secs] 5505K->5453K(9920K), [Metaspace: 4890K->4890K(139264K)], 0.0039538 secs] [Times: user=0.00 sys=0.00, real=0.01 secs] 
2020-11-18T11:05:53.943-0800: 10.422: [GC (CMS Initial Mark) [1 CMS-initial-mark: 5453K(6848K)] 5453K(9920K), 0.0002096 secs] [Times: user=0.00 sys=0.00, real=0.00 secs] 
2020-11-18T11:05:53.944-0800: 10.422: [CMS-concurrent-mark-start]
2020-11-18T11:05:53.945-0800: 10.423: [Full GC (System.gc()) 2020-11-18T11:05:53.945-0800: 10.423: [CMS2020-11-18T11:05:53.947-0800: 10.425: [CMS-concurrent-mark: 0.002/0.003 secs] [Times: user=0.01 sys=0.00, real=0.00 secs] 
 (concurrent mode interrupted): 5453K->5456K(6848K), 0.0056986 secs] 5508K->5456K(9920K), [Metaspace: 4890K->4890K(139264K)], 0.0057554 secs] [Times: user=0.01 sys=0.00, real=0.01 secs] 
2020-11-18T11:05:53.952-0800: 10.431: [Full GC (System.gc()) 2020-11-18T11:05:53.952-0800: 10.431: [CMS: 5456K->5458K(6848K), 0.0037411 secs] 5510K->5458K(9920K), [Metaspace: 4890K->4890K(139264K)], 0.0037964 secs] [Times: user=0.00 sys=0.00, real=0.00 secs] 
2020-11-18T11:05:53.956-0800: 10.434: [GC (CMS Initial Mark) [1 CMS-initial-mark: 5458K(6848K)] 5458K(9920K), 0.0001841 secs] [Times: user=0.00 sys=0.00, real=0.00 secs] 
2020-11-18T11:05:53.956-0800: 10.435: [CMS-concurrent-mark-start]
2020-11-18T11:05:53.957-0800: 10.436: [Full GC (System.gc()) 2020-11-18T11:05:53.957-0800: 10.436: [CMS2020-11-18T11:05:53.959-0800: 10.438: [CMS-concurrent-mark: 0.002/0.003 secs] [Times: user=0.01 sys=0.00, real=0.00 secs] 
 (concurrent mode interrupted): 5458K->5461K(6848K), 0.0057384 secs] 5513K->5461K(9920K), [Metaspace: 4890K->4890K(139264K)], 0.0057940 secs] [Times: user=0.00 sys=0.00, real=0.01 secs] 
2020-11-18T11:05:53.964-0800: 10.443: [Full GC (System.gc()) 2020-11-18T11:05:53.965-0800: 10.443: [CMS: 5461K->5463K(6848K), 0.0040466 secs] 5515K->5463K(9920K), [Metaspace: 4890K->4890K(139264K)], 0.0041051 secs] [Times: user=0.01 sys=0.00, real=0.00 secs] 
2020-11-18T11:05:53.969-0800: 10.447: [GC (CMS Initial Mark) [1 CMS-initial-mark: 5463K(6848K)] 5463K(9920K), 0.0002187 secs] [Times: user=0.00 sys=0.00, real=0.00 secs] 
2020-11-18T11:05:53.969-0800: 10.447: [CMS-concurrent-mark-start]
2020-11-18T11:05:53.970-0800: 10.448: [Full GC (System.gc()) 2020-11-18T11:05:53.970-0800: 10.449: [CMS2020-11-18T11:05:53.972-0800: 10.450: [CMS-concurrent-mark: 0.002/0.003 secs] [Times: user=0.00 sys=0.00, real=0.01 secs] 
 (concurrent mode interrupted): 5463K->5466K(6848K), 0.0054914 secs] 5518K->5466K(9920K), [Metaspace: 4890K->4890K(139264K)], 0.0055486 secs] [Times: user=0.01 sys=0.00, real=0.00 secs] 
2020-11-18T11:05:53.977-0800: 10.455: [Full GC (System.gc()) 2020-11-18T11:05:53.977-0800: 10.455: [CMS: 5466K->5468K(6848K), 0.0038640 secs] 5520K->5468K(9920K), [Metaspace: 4890K->4890K(139264K)], 0.0039242 secs] [Times: user=0.00 sys=0.00, real=0.01 secs] 
2020-11-18T11:05:53.981-0800: 10.460: [GC (CMS Initial Mark) [1 CMS-initial-mark: 5468K(6848K)] 5468K(9920K), 0.0002431 secs] [Times: user=0.00 sys=0.01, real=0.00 secs] 
2020-11-18T11:05:53.981-0800: 10.460: [CMS-concurrent-mark-start]
2020-11-18T11:05:53.982-0800: 10.461: [Full GC (System.gc()) 2020-11-18T11:05:53.982-0800: 10.461: [CMS2020-11-18T11:05:53.984-0800: 10.462: [CMS-concurrent-mark: 0.002/0.003 secs] [Times: user=0.00 sys=0.00, real=0.00 secs] 
 (concurrent mode interrupted): 5468K->5470K(6848K), 0.0051888 secs] 5522K->5470K(9920K), [Metaspace: 4890K->4890K(139264K)], 0.0052373 secs] [Times: user=0.01 sys=0.00, real=0.00 secs] 
2020-11-18T11:05:53.989-0800: 10.467: [Full GC (System.gc()) 2020-11-18T11:05:53.989-0800: 10.467: [CMS: 5470K->5473K(6848K), 0.0034465 secs] 5525K->5473K(9920K), [Metaspace: 4890K->4890K(139264K)], 0.0034969 secs] [Times: user=0.00 sys=0.00, real=0.01 secs] 
2020-11-18T11:05:53.992-0800: 10.471: [GC (CMS Initial Mark) [1 CMS-initial-mark: 5473K(6848K)] 5473K(9920K), 0.0002894 secs] [Times: user=0.00 sys=0.00, real=0.00 secs] 
2020-11-18T11:05:53.993-0800: 10.471: [CMS-concurrent-mark-start]
2020-11-18T11:05:53.994-0800: 10.472: [Full GC (System.gc()) 2020-11-18T11:05:53.994-0800: 10.472: [CMS2020-11-18T11:05:53.996-0800: 10.474: [CMS-concurrent-mark: 0.001/0.003 secs] [Times: user=0.01 sys=0.00, real=0.00 secs] 
 (concurrent mode interrupted): 5473K->5475K(6848K), 0.0052630 secs] 5527K->5475K(9920K), [Metaspace: 4890K->4890K(139264K)], 0.0053146 secs] [Times: user=0.01 sys=0.00, real=0.00 secs] 
2020-11-18T11:05:54.000-0800: 10.479: [Full GC (System.gc()) 2020-11-18T11:05:54.000-0800: 10.479: [CMS: 5475K->5478K(6848K), 0.0036638 secs] 5530K->5478K(9920K), [Metaspace: 4890K->4890K(139264K)], 0.0037202 secs] [Times: user=0.00 sys=0.00, real=0.00 secs] 
2020-11-18T11:05:54.004-0800: 10.483: [GC (CMS Initial Mark) [1 CMS-initial-mark: 5478K(6848K)] 5478K(9920K), 0.0001914 secs] [Times: user=0.00 sys=0.00, real=0.00 secs] 
2020-11-18T11:05:54.004-0800: 10.483: [CMS-concurrent-mark-start]
2020-11-18T11:05:54.005-0800: 10.484: [Full GC (System.gc()) 2020-11-18T11:05:54.005-0800: 10.484: [CMS2020-11-18T11:05:54.007-0800: 10.486: [CMS-concurrent-mark: 0.002/0.003 secs] [Times: user=0.01 sys=0.00, real=0.00 secs] 
 (concurrent mode interrupted): 5478K->5480K(6848K), 0.0059579 secs] 5532K->5480K(9920K), [Metaspace: 4890K->4890K(139264K)], 0.0060135 secs] [Times: user=0.00 sys=0.00, real=0.01 secs] 
2020-11-18T11:05:54.013-0800: 10.491: [Full GC (System.gc()) 2020-11-18T11:05:54.013-0800: 10.491: [CMS: 5480K->5482K(6848K), 0.0035077 secs] 5534K->5482K(9920K), [Metaspace: 4890K->4890K(139264K)], 0.0035590 secs] [Times: user=0.01 sys=0.00, real=0.00 secs] 
2020-11-18T11:05:54.016-0800: 10.495: [GC (CMS Initial Mark) [1 CMS-initial-mark: 5482K(6848K)] 5482K(9920K), 0.0001646 secs] [Times: user=0.00 sys=0.00, real=0.00 secs] 
2020-11-18T11:05:54.017-0800: 10.495: [CMS-concurrent-mark-start]
2020-11-18T11:05:54.018-0800: 10.496: [Full GC (System.gc()) 2020-11-18T11:05:54.018-0800: 10.496: [CMS2020-11-18T11:05:54.019-0800: 10.498: [CMS-concurrent-mark: 0.002/0.003 secs] [Times: user=0.00 sys=0.00, real=0.00 secs] 
 (concurrent mode interrupted): 5482K->5485K(6848K), 0.0060323 secs] 5537K->5485K(9920K), [Metaspace: 4890K->4890K(139264K)], 0.0061076 secs] [Times: user=0.00 sys=0.00, real=0.01 secs] 
2020-11-18T11:05:54.025-0800: 10.504: [Full GC (System.gc()) 2020-11-18T11:05:54.025-0800: 10.504: [CMS: 5485K->5487K(6848K), 0.0043267 secs] 5539K->5487K(9920K), [Metaspace: 4890K->4890K(139264K)], 0.0043913 secs] [Times: user=0.01 sys=0.00, real=0.00 secs] 
2020-11-18T11:05:54.030-0800: 10.508: [GC (CMS Initial Mark) [1 CMS-initial-mark: 5487K(6848K)] 5487K(9920K), 0.0002255 secs] [Times: user=0.00 sys=0.00, real=0.00 secs] 
2020-11-18T11:05:54.030-0800: 10.508: [CMS-concurrent-mark-start]
2020-11-18T11:05:54.031-0800: 10.509: [Full GC (System.gc()) 2020-11-18T11:05:54.031-0800: 10.509: [CMS2020-11-18T11:05:54.032-0800: 10.511: [CMS-concurrent-mark: 0.001/0.003 secs] [Times: user=0.00 sys=0.00, real=0.00 secs] 
 (concurrent mode interrupted): 5487K->5490K(6848K), 0.0054479 secs] 5542K->5490K(9920K), [Metaspace: 4890K->4890K(139264K)], 0.0055079 secs] [Times: user=0.01 sys=0.00, real=0.00 secs] 
2020-11-18T11:05:54.038-0800: 10.516: [Full GC (System.gc()) 2020-11-18T11:05:54.038-0800: 10.516: [CMS: 5490K->5492K(6848K), 0.0038845 secs] 5544K->5492K(9920K), [Metaspace: 4890K->4890K(139264K)], 0.0039404 secs] [Times: user=0.00 sys=0.00, real=0.01 secs] 
2020-11-18T11:05:54.042-0800: 10.520: [GC (CMS Initial Mark) [1 CMS-initial-mark: 5492K(6848K)] 5492K(9920K), 0.0002062 secs] [Times: user=0.00 sys=0.00, real=0.00 secs] 
2020-11-18T11:05:54.042-0800: 10.521: [CMS-concurrent-mark-start]
2020-11-18T11:05:54.043-0800: 10.522: [Full GC (System.gc()) 2020-11-18T11:05:54.043-0800: 10.522: [CMS2020-11-18T11:05:54.045-0800: 10.523: [CMS-concurrent-mark: 0.002/0.003 secs] [Times: user=0.01 sys=0.00, real=0.00 secs] 
 (concurrent mode interrupted): 5492K->5495K(6848K), 0.0070008 secs] 5547K->5495K(9920K), [Metaspace: 4890K->4890K(139264K)], 0.0070666 secs] [Times: user=0.01 sys=0.00, real=0.01 secs] 
2020-11-18T11:05:54.052-0800: 10.530: [Full GC (System.gc()) 2020-11-18T11:05:54.052-0800: 10.530: [CMS: 5495K->5497K(6848K), 0.0042926 secs] 5549K->5497K(9920K), [Metaspace: 4890K->4890K(139264K)], 0.0043607 secs] [Times: user=0.00 sys=0.00, real=0.00 secs] 
2020-11-18T11:05:54.056-0800: 10.535: [GC (CMS Initial Mark) [1 CMS-initial-mark: 5497K(6848K)] 5497K(9920K), 0.0002076 secs] [Times: user=0.01 sys=0.00, real=0.00 secs] 
2020-11-18T11:05:54.056-0800: 10.535: [CMS-concurrent-mark-start]
2020-11-18T11:05:54.057-0800: 10.536: [Full GC (System.gc()) 2020-11-18T11:05:54.057-0800: 10.536: [CMS2020-11-18T11:05:54.059-0800: 10.538: [CMS-concurrent-mark: 0.002/0.003 secs] [Times: user=0.00 sys=0.00, real=0.00 secs] 
 (concurrent mode interrupted): 5497K->5499K(6848K), 0.0064957 secs] 5551K->5499K(9920K), [Metaspace: 4890K->4890K(139264K)], 0.0065458 secs] [Times: user=0.00 sys=0.00, real=0.01 secs] 
2020-11-18T11:05:54.065-0800: 10.544: [Full GC (System.gc()) 2020-11-18T11:05:54.065-0800: 10.544: [CMS: 5499K->5502K(6848K), 0.0036572 secs] 5554K->5502K(9920K), [Metaspace: 4890K->4890K(139264K)], 0.0037099 secs] [Times: user=0.01 sys=0.00, real=0.00 secs] 
2020-11-18T11:05:54.069-0800: 10.548: [GC (CMS Initial Mark) [1 CMS-initial-mark: 5502K(6848K)] 5502K(9920K), 0.0001792 secs] [Times: user=0.00 sys=0.00, real=0.00 secs] 
2020-11-18T11:05:54.069-0800: 10.548: [CMS-concurrent-mark-start]
2020-11-18T11:05:54.070-0800: 10.549: [Full GC (System.gc()) 2020-11-18T11:05:54.070-0800: 10.549: [CMS2020-11-18T11:05:54.072-0800: 10.551: [CMS-concurrent-mark: 0.002/0.003 secs] [Times: user=0.00 sys=0.00, real=0.01 secs] 
 (concurrent mode interrupted): 5502K->5504K(6848K), 0.0057280 secs] 5556K->5504K(9920K), [Metaspace: 4890K->4890K(139264K)], 0.0057807 secs] [Times: user=0.01 sys=0.00, real=0.00 secs] 
2020-11-18T11:05:54.077-0800: 10.556: [Full GC (System.gc()) 2020-11-18T11:05:54.077-0800: 10.556: [CMS: 5504K->5507K(6848K), 0.0036528 secs] 5559K->5507K(9920K), [Metaspace: 4890K->4890K(139264K)], 0.0037268 secs] [Times: user=0.00 sys=0.00, real=0.01 secs] 
2020-11-18T11:05:54.081-0800: 10.560: [GC (CMS Initial Mark) [1 CMS-initial-mark: 5507K(6848K)] 5507K(9920K), 0.0002220 secs] [Times: user=0.00 sys=0.00, real=0.00 secs] 
2020-11-18T11:05:54.081-0800: 10.560: [CMS-concurrent-mark-start]
2020-11-18T11:05:54.082-0800: 10.561: [Full GC (System.gc()) 2020-11-18T11:05:54.082-0800: 10.561: [CMS2020-11-18T11:05:54.085-0800: 10.563: [CMS-concurrent-mark: 0.002/0.003 secs] [Times: user=0.01 sys=0.00, real=0.00 secs] 
 (concurrent mode interrupted): 5507K->5509K(6848K), 0.0082754 secs] 5561K->5509K(9920K), [Metaspace: 4890K->4890K(139264K)], 0.0083486 secs] [Times: user=0.01 sys=0.00, real=0.01 secs] 
2020-11-18T11:05:54.092-0800: 10.571: [Full GC (System.gc()) 2020-11-18T11:05:54.092-0800: 10.571: [CMS: 5509K->5511K(6848K), 0.0045527 secs] 5563K->5511K(9920K), [Metaspace: 4890K->4890K(139264K)], 0.0046243 secs] [Times: user=0.01 sys=0.00, real=0.00 secs] 
2020-11-18T11:05:54.097-0800: 10.575: [GC (CMS Initial Mark) [1 CMS-initial-mark: 5511K(6848K)] 5511K(9920K), 0.0001708 secs] [Times: user=0.00 sys=0.00, real=0.00 secs] 
2020-11-18T11:05:54.097-0800: 10.576: [CMS-concurrent-mark-start]
2020-11-18T11:05:54.098-0800: 10.577: [Full GC (System.gc()) 2020-11-18T11:05:54.098-0800: 10.577: [CMS2020-11-18T11:05:54.100-0800: 10.578: [CMS-concurrent-mark: 0.002/0.003 secs] [Times: user=0.00 sys=0.00, real=0.01 secs] 
 (concurrent mode interrupted): 5511K->5514K(6848K), 0.0056161 secs] 5566K->5514K(9920K), [Metaspace: 4890K->4890K(139264K)], 0.0056769 secs] [Times: user=0.00 sys=0.00, real=0.01 secs] 
2020-11-18T11:05:54.105-0800: 10.584: [Full GC (System.gc()) 2020-11-18T11:05:54.105-0800: 10.584: [CMS: 5514K->5516K(6848K), 0.0039607 secs] 5568K->5516K(9920K), [Metaspace: 4890K->4890K(139264K)], 0.0040153 secs] [Times: user=0.01 sys=0.00, real=0.00 secs] 
2020-11-18T11:05:54.109-0800: 10.588: [GC (CMS Initial Mark) [1 CMS-initial-mark: 5516K(6848K)] 5516K(9920K), 0.0001689 secs] [Times: user=0.00 sys=0.00, real=0.00 secs] 
2020-11-18T11:05:54.109-0800: 10.588: [CMS-concurrent-mark-start]
2020-11-18T11:05:54.110-0800: 10.589: [Full GC (System.gc()) 2020-11-18T11:05:54.110-0800: 10.589: [CMS2020-11-18T11:05:54.112-0800: 10.591: [CMS-concurrent-mark: 0.002/0.003 secs] [Times: user=0.00 sys=0.00, real=0.01 secs] 
 (concurrent mode interrupted): 5516K->5519K(6848K), 0.0056617 secs] 5571K->5519K(9920K), [Metaspace: 4890K->4890K(139264K)], 0.0057106 secs] [Times: user=0.01 sys=0.00, real=0.00 secs] 
2020-11-18T11:05:54.117-0800: 10.596: [Full GC (System.gc()) 2020-11-18T11:05:54.117-0800: 10.596: [CMS: 5519K->5521K(6848K), 0.0040226 secs] 5573K->5521K(9920K), [Metaspace: 4890K->4890K(139264K)], 0.0040937 secs] [Times: user=0.00 sys=0.00, real=0.01 secs] 
2020-11-18T11:05:54.122-0800: 10.600: [GC (CMS Initial Mark) [1 CMS-initial-mark: 5521K(6848K)] 5521K(9920K), 0.0001985 secs] [Times: user=0.00 sys=0.00, real=0.00 secs] 
2020-11-18T11:05:54.122-0800: 10.600: [CMS-concurrent-mark-start]
2020-11-18T11:05:54.123-0800: 10.602: [Full GC (System.gc()) 2020-11-18T11:05:54.123-0800: 10.602: [CMS2020-11-18T11:05:54.125-0800: 10.603: [CMS-concurrent-mark: 0.002/0.003 secs] [Times: user=0.01 sys=0.00, real=0.00 secs] 
 (concurrent mode interrupted): 5521K->5523K(6848K), 0.0054437 secs] 5575K->5523K(9920K), [Metaspace: 4890K->4890K(139264K)], 0.0054889 secs] [Times: user=0.01 sys=0.00, real=0.00 secs] 
2020-11-18T11:05:54.130-0800: 10.608: [Full GC (System.gc()) 2020-11-18T11:05:54.130-0800: 10.608: [CMS: 5523K->5526K(6848K), 0.0039516 secs] 5578K->5526K(9920K), [Metaspace: 4890K->4890K(139264K)], 0.0040242 secs] [Times: user=0.00 sys=0.00, real=0.00 secs] 
2020-11-18T11:05:54.134-0800: 10.612: [GC (CMS Initial Mark) [1 CMS-initial-mark: 5526K(6848K)] 5526K(9920K), 0.0002105 secs] [Times: user=0.00 sys=0.00, real=0.00 secs] 
2020-11-18T11:05:54.134-0800: 10.613: [CMS-concurrent-mark-start]
2020-11-18T11:05:54.135-0800: 10.614: [Full GC (System.gc()) 2020-11-18T11:05:54.135-0800: 10.614: [CMS2020-11-18T11:05:54.137-0800: 10.615: [CMS-concurrent-mark: 0.002/0.003 secs] [Times: user=0.01 sys=0.00, real=0.00 secs] 
 (concurrent mode interrupted): 5526K->5528K(6848K), 0.0053485 secs] 5580K->5528K(9920K), [Metaspace: 4890K->4890K(139264K)], 0.0054033 secs] [Times: user=0.00 sys=0.00, real=0.01 secs] 
2020-11-18T11:05:54.142-0800: 10.621: [Full GC (System.gc()) 2020-11-18T11:05:54.142-0800: 10.621: [CMS: 5528K->5531K(6848K), 0.0039618 secs] 5583K->5531K(9920K), [Metaspace: 4890K->4890K(139264K)], 0.0040318 secs] [Times: user=0.01 sys=0.00, real=0.00 secs] 
2020-11-18T11:05:54.146-0800: 10.625: [GC (CMS Initial Mark) [1 CMS-initial-mark: 5531K(6848K)] 5531K(9920K), 0.0001838 secs] [Times: user=0.00 sys=0.00, real=0.00 secs] 
2020-11-18T11:05:54.146-0800: 10.625: [CMS-concurrent-mark-start]
2020-11-18T11:05:54.147-0800: 10.626: [Full GC (System.gc()) 2020-11-18T11:05:54.148-0800: 10.626: [CMS2020-11-18T11:05:54.149-0800: 10.628: [CMS-concurrent-mark: 0.002/0.003 secs] [Times: user=0.00 sys=0.00, real=0.00 secs] 
 (concurrent mode interrupted): 5531K->5533K(6848K), 0.0056246 secs] 5585K->5533K(9920K), [Metaspace: 4890K->4890K(139264K)], 0.0056765 secs] [Times: user=0.01 sys=0.00, real=0.01 secs] 
2020-11-18T11:05:54.155-0800: 10.633: [Full GC (System.gc()) 2020-11-18T11:05:54.155-0800: 10.633: [CMS: 5533K->5536K(6848K), 0.0045519 secs] 5588K->5536K(9920K), [Metaspace: 4890K->4890K(139264K)], 0.0046353 secs] [Times: user=0.00 sys=0.00, real=0.00 secs] 
2020-11-18T11:05:54.159-0800: 10.638: [GC (CMS Initial Mark) [1 CMS-initial-mark: 5536K(6848K)] 5536K(9920K), 0.0001790 secs] [Times: user=0.00 sys=0.00, real=0.01 secs] 
2020-11-18T11:05:54.160-0800: 10.638: [CMS-concurrent-mark-start]
2020-11-18T11:05:54.161-0800: 10.639: [Full GC (System.gc()) 2020-11-18T11:05:54.161-0800: 10.639: [CMS2020-11-18T11:05:54.162-0800: 10.641: [CMS-concurrent-mark: 0.002/0.003 secs] [Times: user=0.00 sys=0.00, real=0.00 secs] 
 (concurrent mode interrupted): 5536K->5538K(6848K), 0.0051137 secs] 5590K->5538K(9920K), [Metaspace: 4890K->4890K(139264K)], 0.0051650 secs] [Times: user=0.01 sys=0.00, real=0.00 secs] 
2020-11-18T11:05:54.167-0800: 10.646: [Full GC (System.gc()) 2020-11-18T11:05:54.167-0800: 10.646: [CMS: 5538K->5540K(6848K), 0.0038859 secs] 5592K->5540K(9920K), [Metaspace: 4890K->4890K(139264K)], 0.0039555 secs] [Times: user=0.00 sys=0.00, real=0.01 secs] 
2020-11-18T11:05:54.171-0800: 10.650: [GC (CMS Initial Mark) [1 CMS-initial-mark: 5540K(6848K)] 5540K(9920K), 0.0002154 secs] [Times: user=0.00 sys=0.00, real=0.00 secs] 
2020-11-18T11:05:54.172-0800: 10.650: [CMS-concurrent-mark-start]
2020-11-18T11:05:54.173-0800: 10.651: [Full GC (System.gc()) 2020-11-18T11:05:54.173-0800: 10.651: [CMS2020-11-18T11:05:54.174-0800: 10.653: [CMS-concurrent-mark: 0.002/0.003 secs] [Times: user=0.01 sys=0.00, real=0.00 secs] 
 (concurrent mode interrupted): 5540K->5543K(6848K), 0.0052897 secs] 5595K->5543K(9920K), [Metaspace: 4890K->4890K(139264K)], 0.0053418 secs] [Times: user=0.00 sys=0.00, real=0.00 secs] 
2020-11-18T11:05:54.180-0800: 10.658: [Full GC (System.gc()) 2020-11-18T11:05:54.180-0800: 10.658: [CMS: 5543K->5545K(6848K), 0.0038902 secs] 5597K->5545K(9920K), [Metaspace: 4890K->4890K(139264K)], 0.0039690 secs] [Times: user=0.00 sys=0.01, real=0.00 secs] 
2020-11-18T11:05:54.184-0800: 10.662: [GC (CMS Initial Mark) [1 CMS-initial-mark: 5545K(6848K)] 5545K(9920K), 0.0002579 secs] [Times: user=0.00 sys=0.00, real=0.00 secs] 
2020-11-18T11:05:54.184-0800: 10.662: [CMS-concurrent-mark-start]
2020-11-18T11:05:54.185-0800: 10.664: [Full GC (System.gc()) 2020-11-18T11:05:54.185-0800: 10.664: [CMS2020-11-18T11:05:54.187-0800: 10.665: [CMS-concurrent-mark: 0.002/0.003 secs] [Times: user=0.01 sys=0.00, real=0.00 secs] 
 (concurrent mode interrupted): 5545K->5548K(6848K), 0.0055282 secs] 5600K->5548K(9920K), [Metaspace: 4890K->4890K(139264K)], 0.0055773 secs] [Times: user=0.00 sys=0.00, real=0.01 secs] 
2020-11-18T11:05:54.192-0800: 10.671: [Full GC (System.gc()) 2020-11-18T11:05:54.192-0800: 10.671: [CMS: 5548K->5550K(6848K), 0.0039554 secs] 5602K->5550K(9920K), [Metaspace: 4890K->4890K(139264K)], 0.0040309 secs] [Times: user=0.01 sys=0.00, real=0.00 secs] 
2020-11-18T11:05:54.196-0800: 10.675: [GC (CMS Initial Mark) [1 CMS-initial-mark: 5550K(6848K)] 5550K(9920K), 0.0001906 secs] [Times: user=0.00 sys=0.00, real=0.00 secs] 
2020-11-18T11:05:54.196-0800: 10.675: [CMS-concurrent-mark-start]
2020-11-18T11:05:54.198-0800: 10.676: [Full GC (System.gc()) 2020-11-18T11:05:54.198-0800: 10.676: [CMS2020-11-18T11:05:54.199-0800: 10.678: [CMS-concurrent-mark: 0.002/0.003 secs] [Times: user=0.00 sys=0.00, real=0.00 secs] 
 (concurrent mode interrupted): 5550K->5552K(6848K), 0.0054014 secs] 5604K->5552K(9920K), [Metaspace: 4890K->4890K(139264K)], 0.0054522 secs] [Times: user=0.01 sys=0.00, real=0.01 secs] 
2020-11-18T11:05:54.205-0800: 10.683: [Full GC (System.gc()) 2020-11-18T11:05:54.205-0800: 10.683: [CMS: 5552K->5555K(6848K), 0.0039305 secs] 5607K->5555K(9920K), [Metaspace: 4890K->4890K(139264K)], 0.0040061 secs] [Times: user=0.00 sys=0.00, real=0.00 secs] 
2020-11-18T11:05:54.209-0800: 10.687: [GC (CMS Initial Mark) [1 CMS-initial-mark: 5555K(6848K)] 5555K(9920K), 0.0002044 secs] [Times: user=0.00 sys=0.00, real=0.00 secs] 
2020-11-18T11:05:54.209-0800: 10.687: [CMS-concurrent-mark-start]
2020-11-18T11:05:54.210-0800: 10.689: [Full GC (System.gc()) 2020-11-18T11:05:54.210-0800: 10.689: [CMS2020-11-18T11:05:54.212-0800: 10.690: [CMS-concurrent-mark: 0.002/0.003 secs] [Times: user=0.00 sys=0.00, real=0.01 secs] 
 (concurrent mode interrupted): 5555K->5557K(6848K), 0.0054786 secs] 5609K->5557K(9920K), [Metaspace: 4890K->4890K(139264K)], 0.0055316 secs] [Times: user=0.01 sys=0.00, real=0.00 secs] 
2020-11-18T11:05:54.217-0800: 10.695: [Full GC (System.gc()) 2020-11-18T11:05:54.217-0800: 10.695: [CMS: 5557K->5560K(6848K), 0.0039672 secs] 5612K->5560K(9920K), [Metaspace: 4890K->4890K(139264K)], 0.0040369 secs] [Times: user=0.00 sys=0.00, real=0.01 secs] 
2020-11-18T11:05:54.221-0800: 10.699: [GC (CMS Initial Mark) [1 CMS-initial-mark: 5560K(6848K)] 5560K(9920K), 0.0002264 secs] [Times: user=0.00 sys=0.00, real=0.00 secs] 
2020-11-18T11:05:54.221-0800: 10.700: [CMS-concurrent-mark-start]
2020-11-18T11:05:54.222-0800: 10.701: [Full GC (System.gc()) 2020-11-18T11:05:54.222-0800: 10.701: [CMS2020-11-18T11:05:54.224-0800: 10.703: [CMS-concurrent-mark: 0.002/0.003 secs] [Times: user=0.01 sys=0.00, real=0.00 secs] 
 (concurrent mode interrupted): 5560K->5562K(6848K), 0.0060307 secs] 5614K->5562K(9920K), [Metaspace: 4890K->4890K(139264K)], 0.0060920 secs] [Times: user=0.00 sys=0.00, real=0.00 secs] 
2020-11-18T11:05:54.230-0800: 10.708: [Full GC (System.gc()) 2020-11-18T11:05:54.230-0800: 10.708: [CMS: 5562K->5565K(6848K), 0.0041222 secs] 5617K->5565K(9920K), [Metaspace: 4890K->4890K(139264K)], 0.0041995 secs] [Times: user=0.01 sys=0.00, real=0.00 secs] 
2020-11-18T11:05:54.234-0800: 10.713: [GC (CMS Initial Mark) [1 CMS-initial-mark: 5565K(6848K)] 5565K(9920K), 0.0001952 secs] [Times: user=0.00 sys=0.00, real=0.00 secs] 
2020-11-18T11:05:54.234-0800: 10.713: [CMS-concurrent-mark-start]
2020-11-18T11:05:54.235-0800: 10.714: [Full GC (System.gc()) 2020-11-18T11:05:54.235-0800: 10.714: [CMS2020-11-18T11:05:54.237-0800: 10.715: [CMS-concurrent-mark: 0.002/0.003 secs] [Times: user=0.00 sys=0.00, real=0.00 secs] 
 (concurrent mode interrupted): 5565K->5567K(6848K), 0.0054730 secs] 5619K->5567K(9920K), [Metaspace: 4890K->4890K(139264K)], 0.0055303 secs] [Times: user=0.01 sys=0.00, real=0.01 secs] 
2020-11-18T11:05:54.242-0800: 10.721: [Full GC (System.gc()) 2020-11-18T11:05:54.242-0800: 10.721: [CMS: 5567K->5569K(6848K), 0.0047343 secs] 5621K->5569K(9920K), [Metaspace: 4890K->4890K(139264K)], 0.0048113 secs] [Times: user=0.00 sys=0.00, real=0.00 secs] 
2020-11-18T11:05:54.247-0800: 10.726: [GC (CMS Initial Mark) [1 CMS-initial-mark: 5569K(6848K)] 5569K(9920K), 0.0002079 secs] [Times: user=0.00 sys=0.00, real=0.00 secs] 
2020-11-18T11:05:54.248-0800: 10.726: [CMS-concurrent-mark-start]
2020-11-18T11:05:54.249-0800: 10.727: [Full GC (System.gc()) 2020-11-18T11:05:54.249-0800: 10.727: [CMS2020-11-18T11:05:54.251-0800: 10.729: [CMS-concurrent-mark: 0.002/0.003 secs] [Times: user=0.01 sys=0.00, real=0.01 secs] 
 (concurrent mode interrupted): 5569K->5572K(6848K), 0.0077051 secs] 5624K->5572K(9920K), [Metaspace: 4890K->4890K(139264K)], 0.0078007 secs] [Times: user=0.01 sys=0.00, real=0.01 secs] 
2020-11-18T11:05:54.258-0800: 10.736: [Full GC (System.gc()) 2020-11-18T11:05:54.258-0800: 10.736: [CMS: 5572K->5574K(6848K), 0.0064703 secs] 5626K->5574K(9920K), [Metaspace: 4890K->4890K(139264K)], 0.0066176 secs] [Times: user=0.01 sys=0.00, real=0.01 secs] 
2020-11-18T11:05:54.265-0800: 10.743: [GC (CMS Initial Mark) [1 CMS-initial-mark: 5574K(6848K)] 5574K(9920K), 0.0002187 secs] [Times: user=0.00 sys=0.00, real=0.00 secs] 
2020-11-18T11:05:54.265-0800: 10.744: [CMS-concurrent-mark-start]
2020-11-18T11:05:54.266-0800: 10.745: [Full GC (System.gc()) 2020-11-18T11:05:54.266-0800: 10.745: [CMS2020-11-18T11:05:54.268-0800: 10.747: [CMS-concurrent-mark: 0.002/0.003 secs] [Times: user=0.00 sys=0.00, real=0.00 secs] 
 (concurrent mode interrupted): 5574K->5577K(6848K), 0.0067907 secs] 5629K->5577K(9920K), [Metaspace: 4890K->4890K(139264K)], 0.0068585 secs] [Times: user=0.01 sys=0.00, real=0.01 secs] 
2020-11-18T11:05:54.274-0800: 10.753: [Full GC (System.gc()) 2020-11-18T11:05:54.274-0800: 10.753: [CMS: 5577K->5579K(6848K), 0.0046099 secs] 5631K->5579K(9920K), [Metaspace: 4890K->4890K(139264K)], 0.0047171 secs] [Times: user=0.00 sys=0.00, real=0.00 secs] 
2020-11-18T11:05:54.279-0800: 10.758: [GC (CMS Initial Mark) [1 CMS-initial-mark: 5579K(6848K)] 5579K(9920K), 0.0002248 secs] [Times: user=0.00 sys=0.00, real=0.00 secs] 
2020-11-18T11:05:54.279-0800: 10.758: [CMS-concurrent-mark-start]
2020-11-18T11:05:54.281-0800: 10.759: [Full GC (System.gc()) 2020-11-18T11:05:54.281-0800: 10.759: [CMS2020-11-18T11:05:54.282-0800: 10.761: [CMS-concurrent-mark: 0.002/0.003 secs] [Times: user=0.01 sys=0.00, real=0.01 secs] 
 (concurrent mode interrupted): 5579K->5581K(6848K), 0.0068946 secs] 5633K->5581K(9920K), [Metaspace: 4890K->4890K(139264K)], 0.0069921 secs] [Times: user=0.00 sys=0.00, real=0.00 secs] 
2020-11-18T11:05:54.289-0800: 10.768: [Full GC (System.gc()) 2020-11-18T11:05:54.289-0800: 10.768: [CMS: 5581K->5584K(6848K), 0.0050843 secs] 5636K->5584K(9920K), [Metaspace: 4890K->4890K(139264K)], 0.0051660 secs] [Times: user=0.01 sys=0.00, real=0.01 secs] 
2020-11-18T11:05:54.294-0800: 10.773: [GC (CMS Initial Mark) [1 CMS-initial-mark: 5584K(6848K)] 5584K(9920K), 0.0002298 secs] [Times: user=0.00 sys=0.00, real=0.00 secs] 
2020-11-18T11:05:54.295-0800: 10.773: [CMS-concurrent-mark-start]
2020-11-18T11:05:54.296-0800: 10.774: [Full GC (System.gc()) 2020-11-18T11:05:54.296-0800: 10.774: [CMS2020-11-18T11:05:54.297-0800: 10.776: [CMS-concurrent-mark: 0.002/0.003 secs] [Times: user=0.00 sys=0.00, real=0.00 secs] 
 (concurrent mode interrupted): 5584K->5586K(6848K), 0.0053378 secs] 5638K->5586K(9920K), [Metaspace: 4890K->4890K(139264K)], 0.0053958 secs] [Times: user=0.01 sys=0.00, real=0.01 secs] 
2020-11-18T11:05:54.302-0800: 10.781: [Full GC (System.gc()) 2020-11-18T11:05:54.302-0800: 10.781: [CMS: 5586K->5589K(6848K), 0.0036995 secs] 5641K->5589K(9920K), [Metaspace: 4890K->4890K(139264K)], 0.0037516 secs] [Times: user=0.00 sys=0.00, real=0.00 secs] 
2020-11-18T11:05:54.306-0800: 10.785: [GC (CMS Initial Mark) [1 CMS-initial-mark: 5589K(6848K)] 5589K(9920K), 0.0001983 secs] [Times: user=0.00 sys=0.00, real=0.00 secs] 
2020-11-18T11:05:54.306-0800: 10.785: [CMS-concurrent-mark-start]
2020-11-18T11:05:54.307-0800: 10.786: [Full GC (System.gc()) 2020-11-18T11:05:54.307-0800: 10.786: [CMS2020-11-18T11:05:54.309-0800: 10.788: [CMS-concurrent-mark: 0.001/0.003 secs] [Times: user=0.00 sys=0.00, real=0.00 secs] 
 (concurrent mode interrupted): 5589K->5591K(6848K), 0.0055946 secs] 5643K->5591K(9920K), [Metaspace: 4890K->4890K(139264K)], 0.0056483 secs] [Times: user=0.01 sys=0.00, real=0.01 secs] 
2020-11-18T11:05:54.315-0800: 10.793: [Full GC (System.gc()) 2020-11-18T11:05:54.315-0800: 10.793: [CMS: 5591K->5594K(6848K), 0.0038702 secs] 5645K->5594K(9920K), [Metaspace: 4890K->4890K(139264K)], 0.0039290 secs] [Times: user=0.00 sys=0.00, real=0.00 secs] 
2020-11-18T11:05:54.319-0800: 10.797: [GC (CMS Initial Mark) [1 CMS-initial-mark: 5594K(6848K)] 5594K(9920K), 0.0001944 secs] [Times: user=0.00 sys=0.00, real=0.00 secs] 
2020-11-18T11:05:54.319-0800: 10.797: [CMS-concurrent-mark-start]
2020-11-18T11:05:54.320-0800: 10.798: [Full GC (System.gc()) 2020-11-18T11:05:54.320-0800: 10.798: [CMS2020-11-18T11:05:54.322-0800: 10.800: [CMS-concurrent-mark: 0.002/0.003 secs] [Times: user=0.01 sys=0.00, real=0.01 secs] 
 (concurrent mode interrupted): 5594K->5596K(6848K), 0.0057632 secs] 5648K->5596K(9920K), [Metaspace: 4890K->4890K(139264K)], 0.0058163 secs] [Times: user=0.00 sys=0.00, real=0.00 secs] 
2020-11-18T11:05:54.327-0800: 10.806: [Full GC (System.gc()) 2020-11-18T11:05:54.327-0800: 10.806: [CMS: 5596K->5598K(6848K), 0.0040367 secs] 5650K->5598K(9920K), [Metaspace: 4890K->4890K(139264K)], 0.0041028 secs] [Times: user=0.01 sys=0.00, real=0.01 secs] 
2020-11-18T11:05:54.331-0800: 10.810: [GC (CMS Initial Mark) [1 CMS-initial-mark: 5598K(6848K)] 5598K(9920K), 0.0001860 secs] [Times: user=0.00 sys=0.00, real=0.00 secs] 
2020-11-18T11:05:54.332-0800: 10.810: [CMS-concurrent-mark-start]
2020-11-18T11:05:54.333-0800: 10.811: [Full GC (System.gc()) 2020-11-18T11:05:54.333-0800: 10.811: [CMS2020-11-18T11:05:54.335-0800: 10.813: [CMS-concurrent-mark: 0.002/0.003 secs] [Times: user=0.00 sys=0.00, real=0.00 secs] 
 (concurrent mode interrupted): 5598K->5601K(6848K), 0.0060626 secs] 5653K->5601K(9920K), [Metaspace: 4890K->4890K(139264K)], 0.0061190 secs] [Times: user=0.01 sys=0.00, real=0.00 secs] 
2020-11-18T11:05:54.340-0800: 10.819: [Full GC (System.gc()) 2020-11-18T11:05:54.340-0800: 10.819: [CMS: 5601K->5603K(6848K), 0.0052684 secs] 5655K->5603K(9920K), [Metaspace: 4890K->4890K(139264K)], 0.0053455 secs] [Times: user=0.00 sys=0.00, real=0.00 secs] 
2020-11-18T11:05:54.345-0800: 10.824: [GC (CMS Initial Mark) [1 CMS-initial-mark: 5603K(6848K)] 5603K(9920K), 0.0002072 secs] [Times: user=0.00 sys=0.00, real=0.00 secs] 
2020-11-18T11:05:54.346-0800: 10.824: [CMS-concurrent-mark-start]
2020-11-18T11:05:54.347-0800: 10.825: [Full GC (System.gc()) 2020-11-18T11:05:54.347-0800: 10.825: [CMS2020-11-18T11:05:54.349-0800: 10.827: [CMS-concurrent-mark: 0.002/0.003 secs] [Times: user=0.01 sys=0.00, real=0.00 secs] 
 (concurrent mode interrupted): 5603K->5606K(6848K), 0.0059758 secs] 5658K->5606K(9920K), [Metaspace: 4890K->4890K(139264K)], 0.0060348 secs] [Times: user=0.01 sys=0.00, real=0.01 secs] 
2020-11-18T11:05:54.354-0800: 10.833: [Full GC (System.gc()) 2020-11-18T11:05:54.354-0800: 10.833: [CMS: 5606K->5608K(6848K), 0.0040882 secs] 5660K->5608K(9920K), [Metaspace: 4890K->4890K(139264K)], 0.0041558 secs] [Times: user=0.00 sys=0.00, real=0.00 secs] 
2020-11-18T11:05:54.359-0800: 10.837: [GC (CMS Initial Mark) [1 CMS-initial-mark: 5608K(6848K)] 5608K(9920K), 0.0001938 secs] [Times: user=0.00 sys=0.00, real=0.00 secs] 
2020-11-18T11:05:54.359-0800: 10.837: [CMS-concurrent-mark-start]
2020-11-18T11:05:54.360-0800: 10.838: [Full GC (System.gc()) 2020-11-18T11:05:54.360-0800: 10.838: [CMS2020-11-18T11:05:54.362-0800: 10.840: [CMS-concurrent-mark: 0.002/0.003 secs] [Times: user=0.01 sys=0.00, real=0.01 secs] 
 (concurrent mode interrupted): 5608K->5610K(6848K), 0.0059336 secs] 5662K->5610K(9920K), [Metaspace: 4890K->4890K(139264K)], 0.0059941 secs] [Times: user=0.00 sys=0.00, real=0.00 secs] 
2020-11-18T11:05:54.367-0800: 10.846: [Full GC (System.gc()) 2020-11-18T11:05:54.367-0800: 10.846: [CMS: 5610K->5613K(6848K), 0.0040086 secs] 5665K->5613K(9920K), [Metaspace: 4890K->4890K(139264K)], 0.0040630 secs] [Times: user=0.01 sys=0.00, real=0.01 secs] 
2020-11-18T11:05:54.371-0800: 10.850: [GC (CMS Initial Mark) [1 CMS-initial-mark: 5613K(6848K)] 5613K(9920K), 0.0002301 secs] [Times: user=0.00 sys=0.00, real=0.00 secs] 
2020-11-18T11:05:54.372-0800: 10.850: [CMS-concurrent-mark-start]
2020-11-18T11:05:54.373-0800: 10.851: [Full GC (System.gc()) 2020-11-18T11:05:54.373-0800: 10.851: [CMS2020-11-18T11:05:54.375-0800: 10.853: [CMS-concurrent-mark: 0.002/0.003 secs] [Times: user=0.00 sys=0.00, real=0.00 secs] 
 (concurrent mode interrupted): 5613K->5615K(6848K), 0.0060924 secs] 5667K->5615K(9920K), [Metaspace: 4890K->4890K(139264K)], 0.0061481 secs] [Times: user=0.01 sys=0.00, real=0.00 secs] 
2020-11-18T11:05:54.380-0800: 10.859: [Full GC (System.gc()) 2020-11-18T11:05:54.380-0800: 10.859: [CMS: 5615K->5618K(6848K), 0.0042606 secs] 5670K->5618K(9920K), [Metaspace: 4890K->4890K(139264K)], 0.0043196 secs] [Times: user=0.00 sys=0.00, real=0.00 secs] 
2020-11-18T11:05:54.385-0800: 10.863: [GC (CMS Initial Mark) [1 CMS-initial-mark: 5618K(6848K)] 5618K(9920K), 0.0003014 secs] [Times: user=0.00 sys=0.00, real=0.00 secs] 
2020-11-18T11:05:54.385-0800: 10.864: [CMS-concurrent-mark-start]
2020-11-18T11:05:54.386-0800: 10.865: [Full GC (System.gc()) 2020-11-18T11:05:54.386-0800: 10.865: [CMS2020-11-18T11:05:54.388-0800: 10.867: [CMS-concurrent-mark: 0.002/0.003 secs] [Times: user=0.01 sys=0.01, real=0.00 secs] 
 (concurrent mode interrupted): 5618K->5620K(6848K), 0.0065370 secs] 5672K->5620K(9920K), [Metaspace: 4890K->4890K(139264K)], 0.0065914 secs] [Times: user=0.01 sys=0.00, real=0.01 secs] 
2020-11-18T11:05:54.394-0800: 10.873: [Full GC (System.gc()) 2020-11-18T11:05:54.394-0800: 10.873: [CMS: 5620K->5622K(6848K), 0.0049120 secs] 5674K->5622K(9920K), [Metaspace: 4890K->4890K(139264K)], 0.0049713 secs] [Times: user=0.01 sys=0.00, real=0.00 secs] 
2020-11-18T11:05:54.399-0800: 10.878: [GC (CMS Initial Mark) [1 CMS-initial-mark: 5622K(6848K)] 5622K(9920K), 0.0002529 secs] [Times: user=0.00 sys=0.00, real=0.01 secs] 
2020-11-18T11:05:54.400-0800: 10.878: [CMS-concurrent-mark-start]
2020-11-18T11:05:54.401-0800: 10.879: [Full GC (System.gc()) 2020-11-18T11:05:54.401-0800: 10.879: [CMS2020-11-18T11:05:54.403-0800: 10.881: [CMS-concurrent-mark: 0.002/0.003 secs] [Times: user=0.00 sys=0.00, real=0.00 secs] 
 (concurrent mode interrupted): 5622K->5625K(6848K), 0.0069202 secs] 5677K->5625K(9920K), [Metaspace: 4890K->4890K(139264K)], 0.0069854 secs] [Times: user=0.01 sys=0.00, real=0.00 secs] 
2020-11-18T11:05:54.409-0800: 10.888: [Full GC (System.gc()) 2020-11-18T11:05:54.409-0800: 10.888: [CMS: 5625K->5627K(6848K), 0.0049826 secs] 5679K->5627K(9920K), [Metaspace: 4890K->4890K(139264K)], 0.0050480 secs] [Times: user=0.00 sys=0.00, real=0.01 secs] 
2020-11-18T11:05:54.414-0800: 10.893: [GC (CMS Initial Mark) [1 CMS-initial-mark: 5627K(6848K)] 5627K(9920K), 0.0002076 secs] [Times: user=0.00 sys=0.00, real=0.00 secs] 
2020-11-18T11:05:54.414-0800: 10.893: [CMS-concurrent-mark-start]
2020-11-18T11:05:54.416-0800: 10.894: [Full GC (System.gc()) 2020-11-18T11:05:54.416-0800: 10.894: [CMS2020-11-18T11:05:54.417-0800: 10.896: [CMS-concurrent-mark: 0.002/0.003 secs] [Times: user=0.01 sys=0.00, real=0.00 secs] 
 (concurrent mode interrupted): 5627K->5630K(6848K), 0.0065561 secs] 5682K->5630K(9920K), [Metaspace: 4890K->4890K(139264K)], 0.0066107 secs] [Times: user=0.01 sys=0.00, real=0.01 secs] 
2020-11-18T11:05:54.424-0800: 10.902: [Full GC (System.gc()) 2020-11-18T11:05:54.424-0800: 10.902: [CMS: 5630K->5632K(6848K), 0.0041030 secs] 5684K->5632K(9920K), [Metaspace: 4890K->4890K(139264K)], 0.0041658 secs] [Times: user=0.01 sys=0.00, real=0.00 secs] 
2020-11-18T11:05:54.428-0800: 10.906: [GC (CMS Initial Mark) [1 CMS-initial-mark: 5632K(6848K)] 5632K(9920K), 0.0002145 secs] [Times: user=0.00 sys=0.00, real=0.00 secs] 
2020-11-18T11:05:54.428-0800: 10.907: [CMS-concurrent-mark-start]
2020-11-18T11:05:54.429-0800: 10.908: [Full GC (System.gc()) 2020-11-18T11:05:54.429-0800: 10.908: [CMS2020-11-18T11:05:54.431-0800: 10.910: [CMS-concurrent-mark: 0.002/0.003 secs] [Times: user=0.00 sys=0.00, real=0.01 secs] 
 (concurrent mode interrupted): 5632K->5635K(6848K), 0.0072590 secs] 5687K->5635K(9920K), [Metaspace: 4890K->4890K(139264K)], 0.0073607 secs] [Times: user=0.01 sys=0.00, real=0.01 secs] 
2020-11-18T11:05:54.438-0800: 10.917: [Full GC (System.gc()) 2020-11-18T11:05:54.438-0800: 10.917: [CMS: 5635K->5637K(6848K), 0.0041762 secs] 5689K->5637K(9920K), [Metaspace: 4890K->4890K(139264K)], 0.0042409 secs] [Times: user=0.00 sys=0.00, real=0.01 secs] 
2020-11-18T11:05:54.442-0800: 10.921: [GC (CMS Initial Mark) [1 CMS-initial-mark: 5637K(6848K)] 5637K(9920K), 0.0002164 secs] [Times: user=0.00 sys=0.00, real=0.00 secs] 
2020-11-18T11:05:54.443-0800: 10.921: [CMS-concurrent-mark-start]
2020-11-18T11:05:54.444-0800: 10.922: [Full GC (System.gc()) 2020-11-18T11:05:54.444-0800: 10.922: [CMS2020-11-18T11:05:54.445-0800: 10.924: [CMS-concurrent-mark: 0.002/0.003 secs] [Times: user=0.01 sys=0.00, real=0.00 secs] 
 (concurrent mode interrupted): 5637K->5639K(6848K), 0.0060272 secs] 5691K->5639K(9920K), [Metaspace: 4890K->4890K(139264K)], 0.0060864 secs] [Times: user=0.01 sys=0.00, real=0.01 secs] 
2020-11-18T11:05:54.451-0800: 10.930: [Full GC (System.gc()) 2020-11-18T11:05:54.451-0800: 10.930: [CMS: 5639K->5642K(6848K), 0.0039258 secs] 5694K->5642K(9920K), [Metaspace: 4890K->4890K(139264K)], 0.0039951 secs] [Times: user=0.00 sys=0.00, real=0.00 secs] 
2020-11-18T11:05:54.455-0800: 10.934: [GC (CMS Initial Mark) [1 CMS-initial-mark: 5642K(6848K)] 5642K(9920K), 0.0002381 secs] [Times: user=0.00 sys=0.00, real=0.00 secs] 
2020-11-18T11:05:54.455-0800: 10.934: [CMS-concurrent-mark-start]
2020-11-18T11:05:54.456-0800: 10.935: [Full GC (System.gc()) 2020-11-18T11:05:54.456-0800: 10.935: [CMS2020-11-18T11:05:54.458-0800: 10.937: [CMS-concurrent-mark: 0.001/0.003 secs] [Times: user=0.01 sys=0.00, real=0.00 secs] 
 (concurrent mode interrupted): 5642K->5644K(6848K), 0.0054946 secs] 5696K->5644K(9920K), [Metaspace: 4890K->4890K(139264K)], 0.0055485 secs] [Times: user=0.00 sys=0.00, real=0.01 secs] 
2020-11-18T11:05:54.463-0800: 10.942: [Full GC (System.gc()) 2020-11-18T11:05:54.463-0800: 10.942: [CMS: 5644K->5647K(6848K), 0.0038205 secs] 5699K->5647K(9920K), [Metaspace: 4890K->4890K(139264K)], 0.0038802 secs] [Times: user=0.01 sys=0.00, real=0.00 secs] 
2020-11-18T11:05:54.467-0800: 10.946: [GC (CMS Initial Mark) [1 CMS-initial-mark: 5647K(6848K)] 5647K(9920K), 0.0002138 secs] [Times: user=0.00 sys=0.00, real=0.00 secs] 
2020-11-18T11:05:54.467-0800: 10.946: [CMS-concurrent-mark-start]
2020-11-18T11:05:54.469-0800: 10.947: [Full GC (System.gc()) 2020-11-18T11:05:54.469-0800: 10.947: [CMS2020-11-18T11:05:54.471-0800: 10.949: [CMS-concurrent-mark: 0.002/0.003 secs] [Times: user=0.00 sys=0.00, real=0.01 secs] 
 (concurrent mode interrupted): 5647K->5649K(6848K), 0.0055714 secs] 5701K->5649K(9920K), [Metaspace: 4890K->4890K(139264K)], 0.0056278 secs] [Times: user=0.00 sys=0.00, real=0.01 secs] 
2020-11-18T11:05:54.476-0800: 10.954: [Full GC (System.gc()) 2020-11-18T11:05:54.476-0800: 10.954: [CMS: 5649K->5651K(6848K), 0.0042156 secs] 5703K->5651K(9920K), [Metaspace: 4890K->4890K(139264K)], 0.0042778 secs] [Times: user=0.01 sys=0.00, real=0.01 secs] 
2020-11-18T11:05:54.480-0800: 10.959: [GC (CMS Initial Mark) [1 CMS-initial-mark: 5651K(6848K)] 5651K(9920K), 0.0001647 secs] [Times: user=0.00 sys=0.00, real=0.00 secs] 
2020-11-18T11:05:54.480-0800: 10.959: [CMS-concurrent-mark-start]
2020-11-18T11:05:54.482-0800: 10.960: [Full GC (System.gc()) 2020-11-18T11:05:54.482-0800: 10.960: [CMS2020-11-18T11:05:54.483-0800: 10.962: [CMS-concurrent-mark: 0.002/0.003 secs] [Times: user=0.00 sys=0.00, real=0.00 secs] 
 (concurrent mode interrupted): 5651K->5654K(6848K), 0.0060246 secs] 5706K->5654K(9920K), [Metaspace: 4890K->4890K(139264K)], 0.0060806 secs] [Times: user=0.01 sys=0.00, real=0.00 secs] 
2020-11-18T11:05:54.489-0800: 10.968: [Full GC (System.gc()) 2020-11-18T11:05:54.489-0800: 10.968: [CMS: 5654K->5656K(6848K), 0.0045016 secs] 5708K->5656K(9920K), [Metaspace: 4890K->4890K(139264K)], 0.0045795 secs] [Times: user=0.00 sys=0.00, real=0.01 secs] 
2020-11-18T11:05:54.494-0800: 10.972: [GC (CMS Initial Mark) [1 CMS-initial-mark: 5656K(6848K)] 5656K(9920K), 0.0002055 secs] [Times: user=0.00 sys=0.00, real=0.00 secs] 
2020-11-18T11:05:54.494-0800: 10.972: [CMS-concurrent-mark-start]
2020-11-18T11:05:54.495-0800: 10.974: [Full GC (System.gc()) 2020-11-18T11:05:54.495-0800: 10.974: [CMS2020-11-18T11:05:54.497-0800: 10.975: [CMS-concurrent-mark: 0.002/0.003 secs] [Times: user=0.01 sys=0.00, real=0.00 secs] 
 (concurrent mode interrupted): 5656K->5659K(6848K), 0.0056788 secs] 5711K->5659K(9920K), [Metaspace: 4890K->4890K(139264K)], 0.0057362 secs] [Times: user=0.00 sys=0.00, real=0.01 secs] 
2020-11-18T11:05:54.502-0800: 10.981: [Full GC (System.gc()) 2020-11-18T11:05:54.502-0800: 10.981: [CMS: 5659K->5661K(6848K), 0.0039499 secs] 5713K->5661K(9920K), [Metaspace: 4890K->4890K(139264K)], 0.0040256 secs] [Times: user=0.00 sys=0.00, real=0.00 secs] 
2020-11-18T11:05:54.506-0800: 10.985: [GC (CMS Initial Mark) [1 CMS-initial-mark: 5661K(6848K)] 5661K(9920K), 0.0002026 secs] [Times: user=0.00 sys=0.00, real=0.00 secs] 
2020-11-18T11:05:54.507-0800: 10.985: [CMS-concurrent-mark-start]
2020-11-18T11:05:54.508-0800: 10.986: [Full GC (System.gc()) 2020-11-18T11:05:54.508-0800: 10.986: [CMS2020-11-18T11:05:54.510-0800: 10.988: [CMS-concurrent-mark: 0.002/0.003 secs] [Times: user=0.01 sys=0.00, real=0.01 secs] 
 (concurrent mode interrupted): 5661K->5664K(6848K), 0.0054324 secs] 5715K->5664K(9920K), [Metaspace: 4890K->4890K(139264K)], 0.0054813 secs] [Times: user=0.00 sys=0.00, real=0.01 secs] 
2020-11-18T11:05:54.514-0800: 10.993: [Full GC (System.gc()) 2020-11-18T11:05:54.514-0800: 10.993: [CMS: 5664K->5666K(6848K), 0.0044669 secs] 5718K->5666K(9920K), [Metaspace: 4890K->4890K(139264K)], 0.0045469 secs] [Times: user=0.01 sys=0.00, real=0.00 secs] 
2020-11-18T11:05:54.519-0800: 10.998: [GC (CMS Initial Mark) [1 CMS-initial-mark: 5666K(6848K)] 5666K(9920K), 0.0002156 secs] [Times: user=0.00 sys=0.00, real=0.00 secs] 
2020-11-18T11:05:54.519-0800: 10.998: [CMS-concurrent-mark-start]
2020-11-18T11:05:54.520-0800: 10.999: [Full GC (System.gc()) 2020-11-18T11:05:54.520-0800: 10.999: [CMS2020-11-18T11:05:54.522-0800: 11.001: [CMS-concurrent-mark: 0.002/0.003 secs] [Times: user=0.00 sys=0.00, real=0.01 secs] 
 (concurrent mode interrupted): 5666K->5668K(6848K), 0.0063647 secs] 5720K->5668K(9920K), [Metaspace: 4890K->4890K(139264K)], 0.0064230 secs] [Times: user=0.01 sys=0.00, real=0.00 secs] 
2020-11-18T11:05:54.528-0800: 11.007: [Full GC (System.gc()) 2020-11-18T11:05:54.528-0800: 11.007: [CMS: 5668K->5671K(6848K), 0.0040801 secs] 5723K->5671K(9920K), [Metaspace: 4890K->4890K(139264K)], 0.0042222 secs] [Times: user=0.00 sys=0.00, real=0.01 secs] 
2020-11-18T11:05:54.533-0800: 11.011: [GC (CMS Initial Mark) [1 CMS-initial-mark: 5671K(6848K)] 5671K(9920K), 0.0002591 secs] [Times: user=0.00 sys=0.00, real=0.00 secs] 
2020-11-18T11:05:54.533-0800: 11.012: [CMS-concurrent-mark-start]
2020-11-18T11:05:54.534-0800: 11.013: [Full GC (System.gc()) 2020-11-18T11:05:54.534-0800: 11.013: [CMS2020-11-18T11:05:54.536-0800: 11.014: [CMS-concurrent-mark: 0.002/0.003 secs] [Times: user=0.01 sys=0.00, real=0.00 secs] 
 (concurrent mode interrupted): 5671K->5673K(6848K), 0.0055208 secs] 5725K->5673K(9920K), [Metaspace: 4890K->4890K(139264K)], 0.0055724 secs] [Times: user=0.01 sys=0.00, real=0.01 secs] 
2020-11-18T11:05:54.541-0800: 11.019: [Full GC (System.gc()) 2020-11-18T11:05:54.541-0800: 11.019: [CMS: 5673K->5676K(6848K), 0.0036093 secs] 5728K->5676K(9920K), [Metaspace: 4890K->4890K(139264K)], 0.0036619 secs] [Times: user=0.00 sys=0.00, real=0.00 secs] 
2020-11-18T11:05:54.545-0800: 11.023: [GC (CMS Initial Mark) [1 CMS-initial-mark: 5676K(6848K)] 5676K(9920K), 0.0002255 secs] [Times: user=0.00 sys=0.00, real=0.00 secs] 
2020-11-18T11:05:54.545-0800: 11.023: [CMS-concurrent-mark-start]
2020-11-18T11:05:54.546-0800: 11.025: [Full GC (System.gc()) 2020-11-18T11:05:54.546-0800: 11.025: [CMS2020-11-18T11:05:54.549-0800: 11.027: [CMS-concurrent-mark: 0.002/0.004 secs] [Times: user=0.01 sys=0.00, real=0.00 secs] 
 (concurrent mode interrupted): 5676K->5678K(6848K), 0.0069670 secs] 5730K->5678K(9920K), [Metaspace: 4890K->4890K(139264K)], 0.0070321 secs] [Times: user=0.00 sys=0.00, real=0.01 secs] 
2020-11-18T11:05:54.555-0800: 11.033: [Full GC (System.gc()) 2020-11-18T11:05:54.555-0800: 11.033: [CMS: 5678K->5680K(6848K), 0.0046107 secs] 5732K->5680K(9920K), [Metaspace: 4890K->4890K(139264K)], 0.0046894 secs] [Times: user=0.01 sys=0.00, real=0.00 secs] 
2020-11-18T11:05:54.559-0800: 11.038: [GC (CMS Initial Mark) [1 CMS-initial-mark: 5680K(6848K)] 5680K(9920K), 0.0002079 secs] [Times: user=0.00 sys=0.00, real=0.01 secs] 
2020-11-18T11:05:54.560-0800: 11.038: [CMS-concurrent-mark-start]
2020-11-18T11:05:54.561-0800: 11.039: [Full GC (System.gc()) 2020-11-18T11:05:54.561-0800: 11.039: [CMS2020-11-18T11:05:54.563-0800: 11.041: [CMS-concurrent-mark: 0.002/0.003 secs] [Times: user=0.00 sys=0.00, real=0.00 secs] 
 (concurrent mode interrupted): 5680K->5683K(6848K), 0.0061926 secs] 5735K->5683K(9920K), [Metaspace: 4890K->4890K(139264K)], 0.0062501 secs] [Times: user=0.01 sys=0.00, real=0.00 secs] 
2020-11-18T11:05:54.568-0800: 11.047: [Full GC (System.gc()) 2020-11-18T11:05:54.568-0800: 11.047: [CMS: 5683K->5685K(6848K), 0.0038575 secs] 5737K->5685K(9920K), [Metaspace: 4890K->4890K(139264K)], 0.0039484 secs] [Times: user=0.00 sys=0.00, real=0.01 secs] 
2020-11-18T11:05:54.572-0800: 11.051: [GC (CMS Initial Mark) [1 CMS-initial-mark: 5685K(6848K)] 5685K(9920K), 0.0004879 secs] [Times: user=0.00 sys=0.00, real=0.00 secs] 
2020-11-18T11:05:54.573-0800: 11.051: [CMS-concurrent-mark-start]
2020-11-18T11:05:54.574-0800: 11.052: [Full GC (System.gc()) 2020-11-18T11:05:54.574-0800: 11.052: [CMS2020-11-18T11:05:54.576-0800: 11.054: [CMS-concurrent-mark: 0.002/0.003 secs] [Times: user=0.01 sys=0.00, real=0.00 secs] 
 (concurrent mode interrupted): 5685K->5688K(6848K), 0.0055112 secs] 5740K->5688K(9920K), [Metaspace: 4890K->4890K(139264K)], 0.0055610 secs] [Times: user=0.01 sys=0.00, real=0.00 secs] 
2020-11-18T11:05:54.581-0800: 11.059: [Full GC (System.gc()) 2020-11-18T11:05:54.581-0800: 11.059: [CMS: 5688K->5690K(6848K), 0.0036816 secs] 5742K->5690K(9920K), [Metaspace: 4890K->4890K(139264K)], 0.0037385 secs] [Times: user=0.00 sys=0.00, real=0.00 secs] 
2020-11-18T11:05:54.584-0800: 11.063: [GC (CMS Initial Mark) [1 CMS-initial-mark: 5690K(6848K)] 5690K(9920K), 0.0001955 secs] [Times: user=0.00 sys=0.00, real=0.00 secs] 
2020-11-18T11:05:54.585-0800: 11.063: [CMS-concurrent-mark-start]
2020-11-18T11:05:54.586-0800: 11.064: [Full GC (System.gc()) 2020-11-18T11:05:54.586-0800: 11.064: [CMS2020-11-18T11:05:54.588-0800: 11.066: [CMS-concurrent-mark: 0.002/0.003 secs] [Times: user=0.01 sys=0.00, real=0.00 secs] 
 (concurrent mode interrupted): 5690K->5692K(6848K), 0.0062946 secs] 5744K->5692K(9920K), [Metaspace: 4890K->4890K(139264K)], 0.0063546 secs] [Times: user=0.00 sys=0.00, real=0.01 secs] 
2020-11-18T11:05:54.594-0800: 11.072: [Full GC (System.gc()) 2020-11-18T11:05:54.594-0800: 11.072: [CMS: 5692K->5695K(6848K), 0.0046830 secs] 5747K->5695K(9920K), [Metaspace: 4890K->4890K(139264K)], 0.0047611 secs] [Times: user=0.01 sys=0.00, real=0.00 secs] 
2020-11-18T11:05:54.599-0800: 11.077: [GC (CMS Initial Mark) [1 CMS-initial-mark: 5695K(6848K)] 5695K(9920K), 0.0001916 secs] [Times: user=0.00 sys=0.00, real=0.00 secs] 
2020-11-18T11:05:54.599-0800: 11.077: [CMS-concurrent-mark-start]
2020-11-18T11:05:54.600-0800: 11.078: [Full GC (System.gc()) 2020-11-18T11:05:54.600-0800: 11.078: [CMS2020-11-18T11:05:54.602-0800: 11.080: [CMS-concurrent-mark: 0.002/0.003 secs] [Times: user=0.00 sys=0.00, real=0.01 secs] 
 (concurrent mode interrupted): 5695K->5697K(6848K), 0.0064719 secs] 5749K->5697K(9920K), [Metaspace: 4890K->4890K(139264K)], 0.0065347 secs] [Times: user=0.01 sys=0.00, real=0.00 secs] 
2020-11-18T11:05:54.608-0800: 11.086: [Full GC (System.gc()) 2020-11-18T11:05:54.608-0800: 11.086: [CMS: 5697K->5700K(6848K), 0.0035737 secs] 5752K->5700K(9920K), [Metaspace: 4890K->4890K(139264K)], 0.0036277 secs] [Times: user=0.00 sys=0.00, real=0.01 secs] 
2020-11-18T11:05:54.611-0800: 11.090: [GC (CMS Initial Mark) [1 CMS-initial-mark: 5700K(6848K)] 5700K(9920K), 0.0002302 secs] [Times: user=0.00 sys=0.00, real=0.00 secs] 
2020-11-18T11:05:54.612-0800: 11.090: [CMS-concurrent-mark-start]
2020-11-18T11:05:54.613-0800: 11.091: [Full GC (System.gc()) 2020-11-18T11:05:54.613-0800: 11.091: [CMS2020-11-18T11:05:54.615-0800: 11.093: [CMS-concurrent-mark: 0.002/0.003 secs] [Times: user=0.01 sys=0.00, real=0.00 secs] 
 (concurrent mode interrupted): 5700K->5702K(6848K), 0.0058753 secs] 5754K->5702K(9920K), [Metaspace: 4890K->4890K(139264K)], 0.0059300 secs] [Times: user=0.01 sys=0.00, real=0.00 secs] 
2020-11-18T11:05:54.620-0800: 11.099: [Full GC (System.gc()) 2020-11-18T11:05:54.620-0800: 11.099: [CMS: 5702K->5705K(6848K), 0.0038399 secs] 5757K->5705K(9920K), [Metaspace: 4890K->4890K(139264K)], 0.0039011 secs] [Times: user=0.00 sys=0.00, real=0.00 secs] 
2020-11-18T11:05:54.624-0800: 11.103: [GC (CMS Initial Mark) [1 CMS-initial-mark: 5705K(6848K)] 5705K(9920K), 0.0001825 secs] [Times: user=0.00 sys=0.00, real=0.00 secs] 
2020-11-18T11:05:54.624-0800: 11.103: [CMS-concurrent-mark-start]
2020-11-18T11:05:54.626-0800: 11.104: [Full GC (System.gc()) 2020-11-18T11:05:54.626-0800: 11.104: [CMS2020-11-18T11:05:54.627-0800: 11.106: [CMS-concurrent-mark: 0.002/0.003 secs] [Times: user=0.01 sys=0.00, real=0.00 secs] 
 (concurrent mode interrupted): 5705K->5707K(6848K), 0.0061341 secs] 5759K->5707K(9920K), [Metaspace: 4890K->4890K(139264K)], 0.0061881 secs] [Times: user=0.00 sys=0.00, real=0.01 secs] 
2020-11-18T11:05:54.633-0800: 11.112: [Full GC (System.gc()) 2020-11-18T11:05:54.633-0800: 11.112: [CMS: 5707K->5709K(6848K), 0.0044966 secs] 5761K->5709K(9920K), [Metaspace: 4890K->4890K(139264K)], 0.0045785 secs] [Times: user=0.01 sys=0.00, real=0.00 secs] 
2020-11-18T11:05:54.638-0800: 11.117: [GC (CMS Initial Mark) [1 CMS-initial-mark: 5709K(6848K)] 5709K(9920K), 0.0002289 secs] [Times: user=0.00 sys=0.00, real=0.00 secs] 
2020-11-18T11:05:54.638-0800: 11.117: [CMS-concurrent-mark-start]
2020-11-18T11:05:54.639-0800: 11.118: [Full GC (System.gc()) 2020-11-18T11:05:54.639-0800: 11.118: [CMS2020-11-18T11:05:54.641-0800: 11.120: [CMS-concurrent-mark: 0.002/0.003 secs] [Times: user=0.00 sys=0.00, real=0.01 secs] 
 (concurrent mode interrupted): 5709K->5712K(6848K), 0.0062245 secs] 5764K->5712K(9920K), [Metaspace: 4890K->4890K(139264K)], 0.0062834 secs] [Times: user=0.01 sys=0.00, real=0.01 secs] 
2020-11-18T11:05:54.647-0800: 11.126: [Full GC (System.gc()) 2020-11-18T11:05:54.647-0800: 11.126: [CMS: 5712K->5714K(6848K), 0.0040353 secs] 5766K->5714K(9920K), [Metaspace: 4890K->4890K(139264K)], 0.0041100 secs] [Times: user=0.00 sys=0.00, real=0.01 secs] 
2020-11-18T11:05:54.651-0800: 11.130: [GC (CMS Initial Mark) [1 CMS-initial-mark: 5714K(6848K)] 5714K(9920K), 0.0001785 secs] [Times: user=0.00 sys=0.00, real=0.00 secs] 
2020-11-18T11:05:54.652-0800: 11.130: [CMS-concurrent-mark-start]
2020-11-18T11:05:54.653-0800: 11.131: [Full GC (System.gc()) 2020-11-18T11:05:54.653-0800: 11.131: [CMS2020-11-18T11:05:54.655-0800: 11.133: [CMS-concurrent-mark: 0.002/0.003 secs] [Times: user=0.01 sys=0.00, real=0.00 secs] 
 (concurrent mode interrupted): 5714K->5717K(6848K), 0.0055859 secs] 5769K->5717K(9920K), [Metaspace: 4890K->4890K(139264K)], 0.0056460 secs] [Times: user=0.01 sys=0.00, real=0.00 secs] 
2020-11-18T11:05:54.660-0800: 11.138: [Full GC (System.gc()) 2020-11-18T11:05:54.660-0800: 11.138: [CMS: 5717K->5719K(6848K), 0.0044053 secs] 5771K->5719K(9920K), [Metaspace: 4890K->4890K(139264K)], 0.0044859 secs] [Times: user=0.00 sys=0.00, real=0.00 secs] 
2020-11-18T11:05:54.664-0800: 11.143: [GC (CMS Initial Mark) [1 CMS-initial-mark: 5719K(6848K)] 5719K(9920K), 0.0001993 secs] [Times: user=0.00 sys=0.00, real=0.00 secs] 
2020-11-18T11:05:54.665-0800: 11.143: [CMS-concurrent-mark-start]
2020-11-18T11:05:54.666-0800: 11.144: [Full GC (System.gc()) 2020-11-18T11:05:54.666-0800: 11.144: [CMS2020-11-18T11:05:54.668-0800: 11.146: [CMS-concurrent-mark: 0.002/0.003 secs] [Times: user=0.01 sys=0.00, real=0.00 secs] 
 (concurrent mode interrupted): 5719K->5721K(6848K), 0.0063565 secs] 5773K->5721K(9920K), [Metaspace: 4890K->4890K(139264K)], 0.0064146 secs] [Times: user=0.00 sys=0.00, real=0.01 secs] 
2020-11-18T11:05:54.674-0800: 11.152: [Full GC (System.gc()) 2020-11-18T11:05:54.674-0800: 11.152: [CMS: 5721K->5724K(6848K), 0.0038994 secs] 5776K->5724K(9920K), [Metaspace: 4890K->4890K(139264K)], 0.0039599 secs] [Times: user=0.01 sys=0.00, real=0.00 secs] 
2020-11-18T11:05:54.678-0800: 11.156: [GC (CMS Initial Mark) [1 CMS-initial-mark: 5724K(6848K)] 5724K(9920K), 0.0002238 secs] [Times: user=0.00 sys=0.00, real=0.00 secs] 
2020-11-18T11:05:54.678-0800: 11.156: [CMS-concurrent-mark-start]
2020-11-18T11:05:54.679-0800: 11.157: [Full GC (System.gc()) 2020-11-18T11:05:54.679-0800: 11.157: [CMS2020-11-18T11:05:54.681-0800: 11.159: [CMS-concurrent-mark: 0.002/0.003 secs] [Times: user=0.00 sys=0.00, real=0.01 secs] 
 (concurrent mode interrupted): 5724K->5726K(6848K), 0.0058198 secs] 5778K->5726K(9920K), [Metaspace: 4890K->4890K(139264K)], 0.0058887 secs] [Times: user=0.01 sys=0.00, real=0.01 secs] 
2020-11-18T11:05:54.686-0800: 11.165: [Full GC (System.gc()) 2020-11-18T11:05:54.686-0800: 11.165: [CMS: 5726K->5729K(6848K), 0.0036375 secs] 5781K->5729K(9920K), [Metaspace: 4890K->4890K(139264K)], 0.0036906 secs] [Times: user=0.00 sys=0.00, real=0.01 secs] 
2020-11-18T11:05:54.690-0800: 11.169: [GC (CMS Initial Mark) [1 CMS-initial-mark: 5729K(6848K)] 5729K(9920K), 0.0002010 secs] [Times: user=0.00 sys=0.00, real=0.00 secs] 
2020-11-18T11:05:54.690-0800: 11.169: [CMS-concurrent-mark-start]
2020-11-18T11:05:54.691-0800: 11.170: [Full GC (System.gc()) 2020-11-18T11:05:54.691-0800: 11.170: [CMS2020-11-18T11:05:54.693-0800: 11.172: [CMS-concurrent-mark: 0.002/0.003 secs] [Times: user=0.00 sys=0.00, real=0.00 secs] 
 (concurrent mode interrupted): 5729K->5731K(6848K), 0.0060511 secs] 5783K->5731K(9920K), [Metaspace: 4890K->4890K(139264K)], 0.0061051 secs] [Times: user=0.01 sys=0.00, real=0.00 secs] 
2020-11-18T11:05:54.699-0800: 11.177: [Full GC (System.gc()) 2020-11-18T11:05:54.699-0800: 11.177: [CMS: 5731K->5734K(6848K), 0.0039861 secs] 5786K->5734K(9920K), [Metaspace: 4890K->4890K(139264K)], 0.0040434 secs] [Times: user=0.00 sys=0.00, real=0.01 secs] 
2020-11-18T11:05:54.703-0800: 11.181: [GC (CMS Initial Mark) [1 CMS-initial-mark: 5734K(6848K)] 5734K(9920K), 0.0001677 secs] [Times: user=0.00 sys=0.00, real=0.00 secs] 
2020-11-18T11:05:54.703-0800: 11.181: [CMS-concurrent-mark-start]
2020-11-18T11:05:54.704-0800: 11.183: [Full GC (System.gc()) 2020-11-18T11:05:54.704-0800: 11.183: [CMS2020-11-18T11:05:54.706-0800: 11.184: [CMS-concurrent-mark: 0.002/0.003 secs] [Times: user=0.01 sys=0.00, real=0.00 secs] 
 (concurrent mode interrupted): 5734K->5736K(6848K), 0.0054509 secs] 5788K->5736K(9920K), [Metaspace: 4890K->4890K(139264K)], 0.0055007 secs] [Times: user=0.00 sys=0.00, real=0.01 secs] 
2020-11-18T11:05:54.711-0800: 11.190: [Full GC (System.gc()) 2020-11-18T11:05:54.711-0800: 11.190: [CMS: 5736K->5738K(6848K), 0.0035770 secs] 5790K->5738K(9920K), [Metaspace: 4890K->4890K(139264K)], 0.0036233 secs] [Times: user=0.00 sys=0.00, real=0.00 secs] 
2020-11-18T11:05:54.715-0800: 11.193: [GC (CMS Initial Mark) [1 CMS-initial-mark: 5738K(6848K)] 5738K(9920K), 0.0002180 secs] [Times: user=0.00 sys=0.00, real=0.00 secs] 
2020-11-18T11:05:54.715-0800: 11.194: [CMS-concurrent-mark-start]
2020-11-18T11:05:54.716-0800: 11.195: [Full GC (System.gc()) 2020-11-18T11:05:54.716-0800: 11.195: [CMS2020-11-18T11:05:54.718-0800: 11.196: [CMS-concurrent-mark: 0.002/0.003 secs] [Times: user=0.01 sys=0.00, real=0.00 secs] 
 (concurrent mode interrupted): 5738K->5741K(6848K), 0.0050431 secs] 5793K->5741K(9920K), [Metaspace: 4890K->4890K(139264K)], 0.0051456 secs] [Times: user=0.00 sys=0.00, real=0.01 secs] 
2020-11-18T11:05:54.723-0800: 11.201: [Full GC (System.gc()) 2020-11-18T11:05:54.723-0800: 11.201: [CMS: 5741K->5743K(6848K), 0.0045296 secs] 5795K->5743K(9920K), [Metaspace: 4890K->4890K(139264K)], 0.0045959 secs] [Times: user=0.01 sys=0.00, real=0.00 secs] 
2020-11-18T11:05:54.727-0800: 11.206: [GC (CMS Initial Mark) [1 CMS-initial-mark: 5743K(6848K)] 5743K(9920K), 0.0002245 secs] [Times: user=0.00 sys=0.00, real=0.00 secs] 
2020-11-18T11:05:54.728-0800: 11.206: [CMS-concurrent-mark-start]
2020-11-18T11:05:54.728-0800: 11.207: [Full GC (System.gc()) 2020-11-18T11:05:54.728-0800: 11.207: [CMS2020-11-18T11:05:54.730-0800: 11.209: [CMS-concurrent-mark: 0.001/0.003 secs] [Times: user=0.00 sys=0.00, real=0.01 secs] 
 (concurrent mode interrupted): 5743K->5746K(6848K), 0.0056985 secs] 5798K->5746K(9920K), [Metaspace: 4890K->4890K(139264K)], 0.0057595 secs] [Times: user=0.00 sys=0.00, real=0.01 secs] 
2020-11-18T11:05:54.735-0800: 11.214: [Full GC (System.gc()) 2020-11-18T11:05:54.735-0800: 11.214: [CMS: 5746K->5748K(6848K), 0.0037149 secs] 5800K->5748K(9920K), [Metaspace: 4890K->4890K(139264K)], 0.0037746 secs] [Times: user=0.01 sys=0.00, real=0.00 secs] 
2020-11-18T11:05:54.739-0800: 11.218: [GC (CMS Initial Mark) [1 CMS-initial-mark: 5748K(6848K)] 5748K(9920K), 0.0002121 secs] [Times: user=0.00 sys=0.00, real=0.00 secs] 
2020-11-18T11:05:54.740-0800: 11.218: [CMS-concurrent-mark-start]
2020-11-18T11:05:54.740-0800: 11.219: [Full GC (System.gc()) 2020-11-18T11:05:54.740-0800: 11.219: [CMS2020-11-18T11:05:54.743-0800: 11.221: [CMS-concurrent-mark: 0.002/0.003 secs] [Times: user=0.00 sys=0.00, real=0.00 secs] 
 (concurrent mode interrupted): 5748K->5750K(6848K), 0.0061889 secs] 5802K->5750K(9920K), [Metaspace: 4890K->4890K(139264K)], 0.0062608 secs] [Times: user=0.01 sys=0.00, real=0.00 secs] 
2020-11-18T11:05:54.748-0800: 11.226: [Full GC (System.gc()) 2020-11-18T11:05:54.748-0800: 11.226: [CMS: 5750K->5753K(6848K), 0.0039370 secs] 5805K->5753K(9920K), [Metaspace: 4890K->4890K(139264K)], 0.0039994 secs] [Times: user=0.00 sys=0.00, real=0.01 secs] 
2020-11-18T11:05:54.752-0800: 11.231: [GC (CMS Initial Mark) [1 CMS-initial-mark: 5753K(6848K)] 5753K(9920K), 0.0001877 secs] [Times: user=0.00 sys=0.00, real=0.00 secs] 
2020-11-18T11:05:54.752-0800: 11.231: [CMS-concurrent-mark-start]
2020-11-18T11:05:54.753-0800: 11.232: [Full GC (System.gc()) 2020-11-18T11:05:54.753-0800: 11.232: [CMS2020-11-18T11:05:54.755-0800: 11.234: [CMS-concurrent-mark: 0.001/0.003 secs] [Times: user=0.01 sys=0.00, real=0.00 secs] 
 (concurrent mode interrupted): 5753K->5755K(6848K), 0.0054423 secs] 5807K->5755K(9920K), [Metaspace: 4890K->4890K(139264K)], 0.0054966 secs] [Times: user=0.00 sys=0.00, real=0.00 secs] 
2020-11-18T11:05:54.760-0800: 11.239: [Full GC (System.gc()) 2020-11-18T11:05:54.760-0800: 11.239: [CMS: 5755K->5758K(6848K), 0.0033794 secs] 5810K->5758K(9920K), [Metaspace: 4890K->4890K(139264K)], 0.0034264 secs] [Times: user=0.00 sys=0.00, real=0.00 secs] 
2020-11-18T11:05:54.764-0800: 11.242: [GC (CMS Initial Mark) [1 CMS-initial-mark: 5758K(6848K)] 5758K(9920K), 0.0002571 secs] [Times: user=0.00 sys=0.01, real=0.00 secs] 
2020-11-18T11:05:54.764-0800: 11.243: [CMS-concurrent-mark-start]
2020-11-18T11:05:54.765-0800: 11.244: [Full GC (System.gc()) 2020-11-18T11:05:54.765-0800: 11.244: [CMS2020-11-18T11:05:54.767-0800: 11.246: [CMS-concurrent-mark: 0.002/0.003 secs] [Times: user=0.01 sys=0.00, real=0.00 secs] 
 (concurrent mode interrupted): 5758K->5760K(6848K), 0.0054576 secs] 5812K->5760K(9920K), [Metaspace: 4890K->4890K(139264K)], 0.0055028 secs] [Times: user=0.00 sys=0.00, real=0.01 secs] 
2020-11-18T11:05:54.772-0800: 11.250: [Full GC (System.gc()) 2020-11-18T11:05:54.772-0800: 11.250: [CMS: 5760K->5762K(6848K), 0.0036697 secs] 5814K->5762K(9920K), [Metaspace: 4890K->4890K(139264K)], 0.0037176 secs] [Times: user=0.01 sys=0.00, real=0.00 secs] 
2020-11-18T11:05:54.776-0800: 11.254: [GC (CMS Initial Mark) [1 CMS-initial-mark: 5762K(6848K)] 5762K(9920K), 0.0002218 secs] [Times: user=0.00 sys=0.00, real=0.00 secs] 
2020-11-18T11:05:54.776-0800: 11.254: [CMS-concurrent-mark-start]
2020-11-18T11:05:54.777-0800: 11.255: [Full GC (System.gc()) 2020-11-18T11:05:54.777-0800: 11.255: [CMS2020-11-18T11:05:54.779-0800: 11.257: [CMS-concurrent-mark: 0.002/0.003 secs] [Times: user=0.00 sys=0.00, real=0.00 secs] 
 (concurrent mode interrupted): 5762K->5765K(6848K), 0.0061084 secs] 5817K->5765K(9920K), [Metaspace: 4890K->4890K(139264K)], 0.0061688 secs] [Times: user=0.00 sys=0.00, real=0.01 secs] 
2020-11-18T11:05:54.784-0800: 11.263: [Full GC (System.gc()) 2020-11-18T11:05:54.785-0800: 11.263: [CMS: 5765K->5767K(6848K), 0.0043484 secs] 5819K->5767K(9920K), [Metaspace: 4890K->4890K(139264K)], 0.0044282 secs] [Times: user=0.01 sys=0.00, real=0.00 secs] 
2020-11-18T11:05:54.789-0800: 11.268: [GC (CMS Initial Mark) [1 CMS-initial-mark: 5767K(6848K)] 5767K(9920K), 0.0001640 secs] [Times: user=0.00 sys=0.00, real=0.00 secs] 
2020-11-18T11:05:54.789-0800: 11.268: [CMS-concurrent-mark-start]
2020-11-18T11:05:54.790-0800: 11.269: [Full GC (System.gc()) 2020-11-18T11:05:54.790-0800: 11.269: [CMS2020-11-18T11:05:54.792-0800: 11.270: [CMS-concurrent-mark: 0.001/0.003 secs] [Times: user=0.00 sys=0.00, real=0.01 secs] 
 (concurrent mode interrupted): 5767K->5770K(6848K), 0.0052947 secs] 5822K->5770K(9920K), [Metaspace: 4890K->4890K(139264K)], 0.0053466 secs] [Times: user=0.01 sys=0.00, real=0.00 secs] 
2020-11-18T11:05:54.797-0800: 11.276: [Full GC (System.gc()) 2020-11-18T11:05:54.797-0800: 11.276: [CMS: 5770K->5772K(6848K), 0.0037389 secs] 5824K->5772K(9920K), [Metaspace: 4890K->4890K(139264K)], 0.0037909 secs] [Times: user=0.00 sys=0.00, real=0.01 secs] 
2020-11-18T11:05:54.801-0800: 11.280: [GC (CMS Initial Mark) [1 CMS-initial-mark: 5772K(6848K)] 5772K(9920K), 0.0002017 secs] [Times: user=0.00 sys=0.00, real=0.00 secs] 
2020-11-18T11:05:54.801-0800: 11.280: [CMS-concurrent-mark-start]
2020-11-18T11:05:54.802-0800: 11.281: [Full GC (System.gc()) 2020-11-18T11:05:54.802-0800: 11.281: [CMS2020-11-18T11:05:54.804-0800: 11.283: [CMS-concurrent-mark: 0.002/0.003 secs] [Times: user=0.01 sys=0.00, real=0.00 secs] 
 (concurrent mode interrupted): 5772K->5775K(6848K), 0.0059117 secs] 5827K->5775K(9920K), [Metaspace: 4890K->4890K(139264K)], 0.0059747 secs] [Times: user=0.01 sys=0.00, real=0.00 secs] 
2020-11-18T11:05:54.810-0800: 11.288: [Full GC (System.gc()) 2020-11-18T11:05:54.810-0800: 11.288: [CMS: 5775K->5777K(6848K), 0.0044222 secs] 5829K->5777K(9920K), [Metaspace: 4890K->4890K(139264K)], 0.0045000 secs] [Times: user=0.00 sys=0.00, real=0.00 secs] 
2020-11-18T11:05:54.815-0800: 11.293: [GC (CMS Initial Mark) [1 CMS-initial-mark: 5777K(6848K)] 5777K(9920K), 0.0001837 secs] [Times: user=0.00 sys=0.00, real=0.00 secs] 
2020-11-18T11:05:54.815-0800: 11.293: [CMS-concurrent-mark-start]
2020-11-18T11:05:54.816-0800: 11.294: [Full GC (System.gc()) 2020-11-18T11:05:54.816-0800: 11.294: [CMS2020-11-18T11:05:54.818-0800: 11.296: [CMS-concurrent-mark: 0.002/0.003 secs] [Times: user=0.01 sys=0.00, real=0.00 secs] 
 (concurrent mode interrupted): 5777K->5779K(6848K), 0.0063572 secs] 5831K->5779K(9920K), [Metaspace: 4890K->4890K(139264K)], 0.0064217 secs] [Times: user=0.00 sys=0.00, real=0.01 secs] 
2020-11-18T11:05:54.824-0800: 11.302: [Full GC (System.gc()) 2020-11-18T11:05:54.824-0800: 11.302: [CMS: 5779K->5782K(6848K), 0.0037198 secs] 5834K->5782K(9920K), [Metaspace: 4890K->4890K(139264K)], 0.0037744 secs] [Times: user=0.01 sys=0.00, real=0.00 secs] 
2020-11-18T11:05:54.827-0800: 11.306: [GC (CMS Initial Mark) [1 CMS-initial-mark: 5782K(6848K)] 5782K(9920K), 0.0002140 secs] [Times: user=0.00 sys=0.00, real=0.00 secs] 
2020-11-18T11:05:54.828-0800: 11.306: [CMS-concurrent-mark-start]
2020-11-18T11:05:54.829-0800: 11.307: [Full GC (System.gc()) 2020-11-18T11:05:54.829-0800: 11.307: [CMS2020-11-18T11:05:54.831-0800: 11.310: [CMS-concurrent-mark: 0.002/0.003 secs] [Times: user=0.00 sys=0.00, real=0.01 secs] 
 (concurrent mode interrupted): 5782K->5784K(6848K), 0.0060798 secs] 5836K->5784K(9920K), [Metaspace: 4890K->4890K(139264K)], 0.0061275 secs] [Times: user=0.01 sys=0.00, real=0.01 secs] 
2020-11-18T11:05:54.836-0800: 11.315: [Full GC (System.gc()) 2020-11-18T11:05:54.836-0800: 11.315: [CMS: 5784K->5787K(6848K), 0.0038688 secs] 5839K->5787K(9920K), [Metaspace: 4890K->4890K(139264K)], 0.0039515 secs] [Times: user=0.00 sys=0.00, real=0.01 secs] 
2020-11-18T11:05:54.840-0800: 11.319: [GC (CMS Initial Mark) [1 CMS-initial-mark: 5787K(6848K)] 5787K(9920K), 0.0001715 secs] [Times: user=0.00 sys=0.00, real=0.00 secs] 
2020-11-18T11:05:54.841-0800: 11.319: [CMS-concurrent-mark-start]
2020-11-18T11:05:54.842-0800: 11.320: [Full GC (System.gc()) 2020-11-18T11:05:54.842-0800: 11.320: [CMS2020-11-18T11:05:54.843-0800: 11.322: [CMS-concurrent-mark: 0.002/0.003 secs] [Times: user=0.00 sys=0.00, real=0.00 secs] 
 (concurrent mode interrupted): 5787K->5789K(6848K), 0.0056313 secs] 5841K->5789K(9920K), [Metaspace: 4890K->4890K(139264K)], 0.0056862 secs] [Times: user=0.01 sys=0.00, real=0.00 secs] 
2020-11-18T11:05:54.849-0800: 11.327: [Full GC (System.gc()) 2020-11-18T11:05:54.849-0800: 11.327: [CMS: 5789K->5791K(6848K), 0.0038773 secs] 5843K->5791K(9920K), [Metaspace: 4890K->4890K(139264K)], 0.0039591 secs] [Times: user=0.00 sys=0.00, real=0.01 secs] 
2020-11-18T11:05:54.853-0800: 11.331: [GC (CMS Initial Mark) [1 CMS-initial-mark: 5791K(6848K)] 5791K(9920K), 0.0002706 secs] [Times: user=0.00 sys=0.00, real=0.00 secs] 
2020-11-18T11:05:54.853-0800: 11.332: [CMS-concurrent-mark-start]
2020-11-18T11:05:54.854-0800: 11.333: [Full GC (System.gc()) 2020-11-18T11:05:54.854-0800: 11.333: [CMS2020-11-18T11:05:54.856-0800: 11.335: [CMS-concurrent-mark: 0.002/0.003 secs] [Times: user=0.01 sys=0.00, real=0.00 secs] 
 (concurrent mode interrupted): 5791K->5794K(6848K), 0.0054284 secs] 5846K->5794K(9920K), [Metaspace: 4890K->4890K(139264K)], 0.0054738 secs] [Times: user=0.00 sys=0.00, real=0.01 secs] 
2020-11-18T11:05:54.861-0800: 11.339: [Full GC (System.gc()) 2020-11-18T11:05:54.861-0800: 11.339: [CMS: 5794K->5796K(6848K), 0.0035424 secs] 5848K->5796K(9920K), [Metaspace: 4890K->4890K(139264K)], 0.0035943 secs] [Times: user=0.00 sys=0.00, real=0.00 secs] 
2020-11-18T11:05:54.865-0800: 11.343: [GC (CMS Initial Mark) [1 CMS-initial-mark: 5796K(6848K)] 5796K(9920K), 0.0002096 secs] [Times: user=0.00 sys=0.00, real=0.00 secs] 
2020-11-18T11:05:54.865-0800: 11.343: [CMS-concurrent-mark-start]
2020-11-18T11:05:54.866-0800: 11.344: [Full GC (System.gc()) 2020-11-18T11:05:54.866-0800: 11.344: [CMS2020-11-18T11:05:54.868-0800: 11.346: [CMS-concurrent-mark: 0.002/0.003 secs] [Times: user=0.01 sys=0.00, real=0.00 secs] 
 (concurrent mode interrupted): 5796K->5799K(6848K), 0.0060133 secs] 5851K->5799K(9920K), [Metaspace: 4890K->4890K(139264K)], 0.0060747 secs] [Times: user=0.00 sys=0.00, real=0.01 secs] 
2020-11-18T11:05:54.873-0800: 11.352: [Full GC (System.gc()) 2020-11-18T11:05:54.874-0800: 11.352: [CMS: 5799K->5801K(6848K), 0.0043783 secs] 5853K->5801K(9920K), [Metaspace: 4890K->4890K(139264K)], 0.0044582 secs] [Times: user=0.01 sys=0.00, real=0.00 secs] 
2020-11-18T11:05:54.878-0800: 11.357: [GC (CMS Initial Mark) [1 CMS-initial-mark: 5801K(6848K)] 5801K(9920K), 0.0002071 secs] [Times: user=0.00 sys=0.00, real=0.00 secs] 
2020-11-18T11:05:54.878-0800: 11.357: [CMS-concurrent-mark-start]
2020-11-18T11:05:54.879-0800: 11.358: [Full GC (System.gc()) 2020-11-18T11:05:54.879-0800: 11.358: [CMS2020-11-18T11:05:54.881-0800: 11.360: [CMS-concurrent-mark: 0.002/0.003 secs] [Times: user=0.00 sys=0.00, real=0.01 secs] 
 (concurrent mode interrupted): 5801K->5804K(6848K), 0.0060857 secs] 5856K->5804K(9920K), [Metaspace: 4890K->4890K(139264K)], 0.0061497 secs] [Times: user=0.01 sys=0.00, real=0.01 secs] 
2020-11-18T11:05:54.887-0800: 11.365: [Full GC (System.gc()) 2020-11-18T11:05:54.887-0800: 11.365: [CMS: 5804K->5806K(6848K), 0.0039049 secs] 5858K->5806K(9920K), [Metaspace: 4890K->4890K(139264K)], 0.0039788 secs] [Times: user=0.00 sys=0.00, real=0.01 secs] 
2020-11-18T11:05:54.891-0800: 11.369: [GC (CMS Initial Mark) [1 CMS-initial-mark: 5806K(6848K)] 5806K(9920K), 0.0002541 secs] [Times: user=0.00 sys=0.00, real=0.00 secs] 
2020-11-18T11:05:54.891-0800: 11.370: [CMS-concurrent-mark-start]
2020-11-18T11:05:54.892-0800: 11.371: [Full GC (System.gc()) 2020-11-18T11:05:54.892-0800: 11.371: [CMS2020-11-18T11:05:54.895-0800: 11.373: [CMS-concurrent-mark: 0.002/0.003 secs] [Times: user=0.01 sys=0.00, real=0.00 secs] 
 (concurrent mode interrupted): 5806K->5808K(6848K), 0.0057156 secs] 5860K->5808K(9920K), [Metaspace: 4890K->4890K(139264K)], 0.0057858 secs] [Times: user=0.01 sys=0.00, real=0.00 secs] 
2020-11-18T11:05:54.899-0800: 11.378: [Full GC (System.gc()) 2020-11-18T11:05:54.899-0800: 11.378: [CMS: 5808K->5811K(6848K), 0.0045863 secs] 5863K->5811K(9920K), [Metaspace: 4890K->4890K(139264K)], 0.0046702 secs] [Times: user=0.00 sys=0.00, real=0.01 secs] 
2020-11-18T11:05:54.904-0800: 11.383: [GC (CMS Initial Mark) [1 CMS-initial-mark: 5811K(6848K)] 5811K(9920K), 0.0001894 secs] [Times: user=0.00 sys=0.00, real=0.00 secs] 
2020-11-18T11:05:54.904-0800: 11.383: [CMS-concurrent-mark-start]
2020-11-18T11:05:54.906-0800: 11.384: [Full GC (System.gc()) 2020-11-18T11:05:54.906-0800: 11.384: [CMS2020-11-18T11:05:54.907-0800: 11.386: [CMS-concurrent-mark: 0.002/0.003 secs] [Times: user=0.01 sys=0.00, real=0.00 secs] 
 (concurrent mode interrupted): 5811K->5813K(6848K), 0.0059508 secs] 5865K->5813K(9920K), [Metaspace: 4890K->4890K(139264K)], 0.0060080 secs] [Times: user=0.00 sys=0.00, real=0.01 secs] 
2020-11-18T11:05:54.913-0800: 11.391: [Full GC (System.gc()) 2020-11-18T11:05:54.913-0800: 11.392: [CMS: 5813K->5816K(6848K), 0.0034157 secs] 5868K->5816K(9920K), [Metaspace: 4890K->4890K(139264K)], 0.0034607 secs] [Times: user=0.01 sys=0.00, real=0.00 secs] 
2020-11-18T11:05:54.917-0800: 11.395: [GC (CMS Initial Mark) [1 CMS-initial-mark: 5816K(6848K)] 5816K(9920K), 0.0001877 secs] [Times: user=0.00 sys=0.00, real=0.00 secs] 
2020-11-18T11:05:54.917-0800: 11.395: [CMS-concurrent-mark-start]
2020-11-18T11:05:54.918-0800: 11.396: [Full GC (System.gc()) 2020-11-18T11:05:54.918-0800: 11.396: [CMS2020-11-18T11:05:54.920-0800: 11.398: [CMS-concurrent-mark: 0.001/0.003 secs] [Times: user=0.00 sys=0.00, real=0.01 secs] 
 (concurrent mode interrupted): 5816K->5818K(6848K), 0.0053322 secs] 5870K->5818K(9920K), [Metaspace: 4890K->4890K(139264K)], 0.0053848 secs] [Times: user=0.00 sys=0.00, real=0.01 secs] 
2020-11-18T11:05:54.924-0800: 11.403: [Full GC (System.gc()) 2020-11-18T11:05:54.924-0800: 11.403: [CMS: 5818K->5820K(6848K), 0.0033682 secs] 5872K->5820K(9920K), [Metaspace: 4890K->4890K(139264K)], 0.0034155 secs] [Times: user=0.01 sys=0.00, real=0.00 secs] 
2020-11-18T11:05:54.928-0800: 11.406: [GC (CMS Initial Mark) [1 CMS-initial-mark: 5820K(6848K)] 5820K(9920K), 0.0001677 secs] [Times: user=0.00 sys=0.00, real=0.00 secs] 
2020-11-18T11:05:54.928-0800: 11.407: [CMS-concurrent-mark-start]
2020-11-18T11:05:54.929-0800: 11.408: [Full GC (System.gc()) 2020-11-18T11:05:54.929-0800: 11.408: [CMS2020-11-18T11:05:54.931-0800: 11.410: [CMS-concurrent-mark: 0.002/0.003 secs] [Times: user=0.00 sys=0.00, real=0.01 secs] 
 (concurrent mode interrupted): 5820K->5823K(6848K), 0.0062057 secs] 5875K->5823K(9920K), [Metaspace: 4890K->4890K(139264K)], 0.0062646 secs] [Times: user=0.01 sys=0.00, real=0.01 secs] 
2020-11-18T11:05:54.937-0800: 11.416: [Full GC (System.gc()) 2020-11-18T11:05:54.937-0800: 11.416: [CMS: 5823K->5825K(6848K), 0.0044573 secs] 5877K->5825K(9920K), [Metaspace: 4890K->4890K(139264K)], 0.0045373 secs] [Times: user=0.00 sys=0.00, real=0.01 secs] 
2020-11-18T11:05:54.942-0800: 11.420: [GC (CMS Initial Mark) [1 CMS-initial-mark: 5825K(6848K)] 5825K(9920K), 0.0002389 secs] [Times: user=0.00 sys=0.00, real=0.00 secs] 
2020-11-18T11:05:54.942-0800: 11.421: [CMS-concurrent-mark-start]
2020-11-18T11:05:54.943-0800: 11.422: [Full GC (System.gc()) 2020-11-18T11:05:54.943-0800: 11.422: [CMS2020-11-18T11:05:54.945-0800: 11.423: [CMS-concurrent-mark: 0.002/0.003 secs] [Times: user=0.01 sys=0.00, real=0.00 secs] 
 (concurrent mode interrupted): 5825K->5828K(6848K), 0.0059119 secs] 5880K->5828K(9920K), [Metaspace: 4890K->4890K(139264K)], 0.0059602 secs] [Times: user=0.01 sys=0.00, real=0.00 secs] 
2020-11-18T11:05:54.950-0800: 11.429: [Full GC (System.gc()) 2020-11-18T11:05:54.951-0800: 11.429: [CMS: 5828K->5830K(6848K), 0.0039303 secs] 5882K->5830K(9920K), [Metaspace: 4890K->4890K(139264K)], 0.0040044 secs] [Times: user=0.00 sys=0.00, real=0.00 secs] 
2020-11-18T11:05:54.955-0800: 11.433: [GC (CMS Initial Mark) [1 CMS-initial-mark: 5830K(6848K)] 5830K(9920K), 0.0001811 secs] [Times: user=0.00 sys=0.00, real=0.00 secs] 
2020-11-18T11:05:54.955-0800: 11.433: [CMS-concurrent-mark-start]
2020-11-18T11:05:54.956-0800: 11.434: [Full GC (System.gc()) 2020-11-18T11:05:54.956-0800: 11.434: [CMS2020-11-18T11:05:54.958-0800: 11.436: [CMS-concurrent-mark: 0.002/0.003 secs] [Times: user=0.01 sys=0.00, real=0.00 secs] 
 (concurrent mode interrupted): 5830K->5832K(6848K), 0.0061274 secs] 5884K->5832K(9920K), [Metaspace: 4890K->4890K(139264K)], 0.0062099 secs] [Times: user=0.00 sys=0.00, real=0.01 secs] 
2020-11-18T11:05:54.963-0800: 11.442: [Full GC (System.gc()) 2020-11-18T11:05:54.963-0800: 11.442: [CMS: 5832K->5835K(6848K), 0.0040829 secs] 5887K->5835K(9920K), [Metaspace: 4890K->4890K(139264K)], 0.0041419 secs] [Times: user=0.01 sys=0.00, real=0.00 secs] 
2020-11-18T11:05:54.968-0800: 11.446: [GC (CMS Initial Mark) [1 CMS-initial-mark: 5835K(6848K)] 5835K(9920K), 0.0001855 secs] [Times: user=0.00 sys=0.00, real=0.00 secs] 
2020-11-18T11:05:54.968-0800: 11.446: [CMS-concurrent-mark-start]
2020-11-18T11:05:54.969-0800: 11.447: [Full GC (System.gc()) 2020-11-18T11:05:54.969-0800: 11.448: [CMS2020-11-18T11:05:54.971-0800: 11.449: [CMS-concurrent-mark: 0.002/0.003 secs] [Times: user=0.00 sys=0.00, real=0.01 secs] 
 (concurrent mode interrupted): 5835K->5837K(6848K), 0.0055096 secs] 5889K->5837K(9920K), [Metaspace: 4890K->4890K(139264K)], 0.0055645 secs] [Times: user=0.01 sys=0.00, real=0.01 secs] 
2020-11-18T11:05:54.976-0800: 11.455: [Full GC (System.gc()) 2020-11-18T11:05:54.976-0800: 11.455: [CMS: 5837K->5840K(6848K), 0.0041313 secs] 5892K->5840K(9920K), [Metaspace: 4890K->4890K(139264K)], 0.0042322 secs] [Times: user=0.00 sys=0.00, real=0.01 secs] 
2020-11-18T11:05:54.980-0800: 11.459: [GC (CMS Initial Mark) [1 CMS-initial-mark: 5840K(6848K)] 5840K(9920K), 0.0003240 secs] [Times: user=0.00 sys=0.00, real=0.00 secs] 
2020-11-18T11:05:54.981-0800: 11.459: [CMS-concurrent-mark-start]
2020-11-18T11:05:54.982-0800: 11.460: [Full GC (System.gc()) 2020-11-18T11:05:54.982-0800: 11.460: [CMS2020-11-18T11:05:54.984-0800: 11.462: [CMS-concurrent-mark: 0.002/0.003 secs] [Times: user=0.01 sys=0.00, real=0.00 secs] 
 (concurrent mode interrupted): 5840K->5842K(6848K), 0.0059739 secs] 5894K->5842K(9920K), [Metaspace: 4890K->4890K(139264K)], 0.0060302 secs] [Times: user=0.01 sys=0.00, real=0.00 secs] 
2020-11-18T11:05:54.989-0800: 11.468: [Full GC (System.gc()) 2020-11-18T11:05:54.989-0800: 11.468: [CMS: 5842K->5845K(6848K), 0.0036656 secs] 5897K->5845K(9920K), [Metaspace: 4890K->4890K(139264K)], 0.0037229 secs] [Times: user=0.00 sys=0.00, real=0.01 secs] 
2020-11-18T11:05:54.993-0800: 11.471: [GC (CMS Initial Mark) [1 CMS-initial-mark: 5845K(6848K)] 5845K(9920K), 0.0002006 secs] [Times: user=0.00 sys=0.00, real=0.00 secs] 
2020-11-18T11:05:54.993-0800: 11.472: [CMS-concurrent-mark-start]
2020-11-18T11:05:54.994-0800: 11.473: [Full GC (System.gc()) 2020-11-18T11:05:54.994-0800: 11.473: [CMS2020-11-18T11:05:54.996-0800: 11.474: [CMS-concurrent-mark: 0.002/0.003 secs] [Times: user=0.01 sys=0.00, real=0.00 secs] 
 (concurrent mode interrupted): 5845K->5847K(6848K), 0.0061069 secs] 5899K->5847K(9920K), [Metaspace: 4890K->4890K(139264K)], 0.0061722 secs] [Times: user=0.00 sys=0.00, real=0.01 secs] 
2020-11-18T11:05:55.002-0800: 11.480: [Full GC (System.gc()) 2020-11-18T11:05:55.002-0800: 11.480: [CMS: 5847K->5849K(6848K), 0.0045937 secs] 5901K->5849K(9920K), [Metaspace: 4890K->4890K(139264K)], 0.0046714 secs] [Times: user=0.01 sys=0.00, real=0.00 secs] 
2020-11-18T11:05:55.007-0800: 11.485: [GC (CMS Initial Mark) [1 CMS-initial-mark: 5849K(6848K)] 5849K(9920K), 0.0001971 secs] [Times: user=0.00 sys=0.00, real=0.00 secs] 
2020-11-18T11:05:55.007-0800: 11.485: [CMS-concurrent-mark-start]
2020-11-18T11:05:55.008-0800: 11.486: [Full GC (System.gc()) 2020-11-18T11:05:55.008-0800: 11.487: [CMS2020-11-18T11:05:55.010-0800: 11.488: [CMS-concurrent-mark: 0.002/0.003 secs] [Times: user=0.00 sys=0.00, real=0.01 secs] 
 (concurrent mode interrupted): 5849K->5852K(6848K), 0.0064260 secs] 5904K->5852K(9920K), [Metaspace: 4890K->4890K(139264K)], 0.0064854 secs] [Times: user=0.01 sys=0.00, real=0.01 secs] 
2020-11-18T11:05:55.016-0800: 11.494: [Full GC (System.gc()) 2020-11-18T11:05:55.016-0800: 11.495: [CMS: 5852K->5854K(6848K), 0.0039070 secs] 5906K->5854K(9920K), [Metaspace: 4890K->4890K(139264K)], 0.0039772 secs] [Times: user=0.00 sys=0.00, real=0.01 secs] 
2020-11-18T11:05:55.020-0800: 11.499: [GC (CMS Initial Mark) [1 CMS-initial-mark: 5854K(6848K)] 5854K(9920K), 0.0003174 secs] [Times: user=0.00 sys=0.00, real=0.00 secs] 
2020-11-18T11:05:55.020-0800: 11.499: [CMS-concurrent-mark-start]
2020-11-18T11:05:55.022-0800: 11.500: [Full GC (System.gc()) 2020-11-18T11:05:55.022-0800: 11.500: [CMS2020-11-18T11:05:55.024-0800: 11.502: [CMS-concurrent-mark: 0.002/0.003 secs] [Times: user=0.00 sys=0.00, real=0.00 secs] 
 (concurrent mode interrupted): 5854K->5857K(6848K), 0.0055948 secs] 5909K->5857K(9920K), [Metaspace: 4890K->4890K(139264K)], 0.0056423 secs] [Times: user=0.01 sys=0.00, real=0.00 secs] 
2020-11-18T11:05:55.028-0800: 11.507: [Full GC (System.gc()) 2020-11-18T11:05:55.029-0800: 11.507: [CMS: 5857K->5859K(6848K), 0.0037740 secs] 5911K->5859K(9920K), [Metaspace: 4890K->4890K(139264K)], 0.0038866 secs] [Times: user=0.00 sys=0.00, real=0.01 secs] 
2020-11-18T11:05:55.032-0800: 11.511: [GC (CMS Initial Mark) [1 CMS-initial-mark: 5859K(6848K)] 5859K(9920K), 0.0002363 secs] [Times: user=0.00 sys=0.00, real=0.00 secs] 
2020-11-18T11:05:55.033-0800: 11.511: [CMS-concurrent-mark-start]
2020-11-18T11:05:55.034-0800: 11.512: [Full GC (System.gc()) 2020-11-18T11:05:55.034-0800: 11.512: [CMS2020-11-18T11:05:55.035-0800: 11.514: [CMS-concurrent-mark: 0.002/0.003 secs] [Times: user=0.01 sys=0.00, real=0.00 secs] 
 (concurrent mode interrupted): 5859K->5861K(6848K), 0.0055519 secs] 5913K->5861K(9920K), [Metaspace: 4890K->4890K(139264K)], 0.0056072 secs] [Times: user=0.00 sys=0.00, real=0.00 secs] 
2020-11-18T11:05:55.041-0800: 11.519: [Full GC (System.gc()) 2020-11-18T11:05:55.041-0800: 11.519: [CMS: 5861K->5864K(6848K), 0.0038684 secs] 5916K->5864K(9920K), [Metaspace: 4890K->4890K(139264K)], 0.0039267 secs] [Times: user=0.00 sys=0.00, real=0.00 secs] 
2020-11-18T11:05:55.045-0800: 11.523: [GC (CMS Initial Mark) [1 CMS-initial-mark: 5864K(6848K)] 5864K(9920K), 0.0002086 secs] [Times: user=0.00 sys=0.00, real=0.00 secs] 
2020-11-18T11:05:55.045-0800: 11.524: [CMS-concurrent-mark-start]
2020-11-18T11:05:55.046-0800: 11.525: [Full GC (System.gc()) 2020-11-18T11:05:55.046-0800: 11.525: [CMS2020-11-18T11:05:55.048-0800: 11.527: [CMS-concurrent-mark: 0.002/0.003 secs] [Times: user=0.01 sys=0.00, real=0.00 secs] 
 (concurrent mode interrupted): 5864K->5866K(6848K), 0.0061289 secs] 5918K->5866K(9920K), [Metaspace: 4890K->4890K(139264K)], 0.0062248 secs] [Times: user=0.00 sys=0.00, real=0.01 secs] 
2020-11-18T11:05:55.054-0800: 11.532: [Full GC (System.gc()) 2020-11-18T11:05:55.054-0800: 11.532: [CMS: 5866K->5869K(6848K), 0.0037349 secs] 5921K->5869K(9920K), [Metaspace: 4890K->4890K(139264K)], 0.0037838 secs] [Times: user=0.01 sys=0.00, real=0.00 secs] 
2020-11-18T11:05:55.058-0800: 11.536: [GC (CMS Initial Mark) [1 CMS-initial-mark: 5869K(6848K)] 5869K(9920K), 0.0001975 secs] [Times: user=0.00 sys=0.00, real=0.00 secs] 
2020-11-18T11:05:55.058-0800: 11.537: [CMS-concurrent-mark-start]
2020-11-18T11:05:55.059-0800: 11.537: [Full GC (System.gc()) 2020-11-18T11:05:55.059-0800: 11.538: [CMS2020-11-18T11:05:55.061-0800: 11.540: [CMS-concurrent-mark: 0.002/0.003 secs] [Times: user=0.00 sys=0.00, real=0.01 secs] 
 (concurrent mode interrupted): 5869K->5871K(6848K), 0.0056501 secs] 5923K->5871K(9920K), [Metaspace: 4890K->4890K(139264K)], 0.0056939 secs] [Times: user=0.01 sys=0.00, real=0.01 secs] 
2020-11-18T11:05:55.066-0800: 11.545: [Full GC (System.gc()) 2020-11-18T11:05:55.066-0800: 11.545: [CMS: 5871K->5874K(6848K), 0.0046179 secs] 5926K->5874K(9920K), [Metaspace: 4890K->4890K(139264K)], 0.0046967 secs] [Times: user=0.00 sys=0.00, real=0.01 secs] 
2020-11-18T11:05:55.071-0800: 11.549: [GC (CMS Initial Mark) [1 CMS-initial-mark: 5874K(6848K)] 5874K(9920K), 0.0001740 secs] [Times: user=0.00 sys=0.00, real=0.00 secs] 
2020-11-18T11:05:55.071-0800: 11.550: [CMS-concurrent-mark-start]
2020-11-18T11:05:55.072-0800: 11.551: [Full GC (System.gc()) 2020-11-18T11:05:55.072-0800: 11.551: [CMS2020-11-18T11:05:55.074-0800: 11.553: [CMS-concurrent-mark: 0.002/0.003 secs] [Times: user=0.01 sys=0.00, real=0.00 secs] 
 (concurrent mode interrupted): 5874K->5876K(6848K), 0.0057570 secs] 5928K->5876K(9920K), [Metaspace: 4890K->4890K(139264K)], 0.0058146 secs] [Times: user=0.01 sys=0.00, real=0.00 secs] 
2020-11-18T11:05:55.080-0800: 11.558: [Full GC (System.gc()) 2020-11-18T11:05:55.080-0800: 11.558: [CMS: 5876K->5878K(6848K), 0.0040248 secs] 5930K->5878K(9920K), [Metaspace: 4890K->4890K(139264K)], 0.0040976 secs] [Times: user=0.00 sys=0.00, real=0.00 secs] 
2020-11-18T11:05:55.084-0800: 11.562: [GC (CMS Initial Mark) [1 CMS-initial-mark: 5878K(6848K)] 5878K(9920K), 0.0002380 secs] [Times: user=0.00 sys=0.00, real=0.00 secs] 
2020-11-18T11:05:55.084-0800: 11.563: [CMS-concurrent-mark-start]
2020-11-18T11:05:55.085-0800: 11.563: [Full GC (System.gc()) 2020-11-18T11:05:55.085-0800: 11.564: [CMS2020-11-18T11:05:55.088-0800: 11.566: [CMS-concurrent-mark: 0.002/0.003 secs] [Times: user=0.01 sys=0.00, real=0.00 secs] 
 (concurrent mode interrupted): 5878K->5881K(6848K), 0.0064452 secs] 5933K->5881K(9920K), [Metaspace: 4890K->4890K(139264K)], 0.0064989 secs] [Times: user=0.00 sys=0.00, real=0.01 secs] 
2020-11-18T11:05:55.093-0800: 11.572: [Full GC (System.gc()) 2020-11-18T11:05:55.093-0800: 11.572: [CMS: 5881K->5883K(6848K), 0.0040605 secs] 5935K->5883K(9920K), [Metaspace: 4890K->4890K(139264K)], 0.0041280 secs] [Times: user=0.01 sys=0.00, real=0.00 secs] 
2020-11-18T11:05:55.097-0800: 11.576: [GC (CMS Initial Mark) [1 CMS-initial-mark: 5883K(6848K)] 5883K(9920K), 0.0001911 secs] [Times: user=0.00 sys=0.00, real=0.00 secs] 
2020-11-18T11:05:55.097-0800: 11.576: [CMS-concurrent-mark-start]
2020-11-18T11:05:55.099-0800: 11.577: [Full GC (System.gc()) 2020-11-18T11:05:55.099-0800: 11.577: [CMS2020-11-18T11:05:55.100-0800: 11.579: [CMS-concurrent-mark: 0.002/0.003 secs] [Times: user=0.00 sys=0.00, real=0.01 secs] 
 (concurrent mode interrupted): 5883K->5886K(6848K), 0.0055771 secs] 5938K->5886K(9920K), [Metaspace: 4890K->4890K(139264K)], 0.0056366 secs] [Times: user=0.01 sys=0.00, real=0.01 secs] 
2020-11-18T11:05:55.106-0800: 11.584: [Full GC (System.gc()) 2020-11-18T11:05:55.106-0800: 11.584: [CMS: 5886K->5888K(6848K), 0.0040649 secs] 5940K->5888K(9920K), [Metaspace: 4890K->4890K(139264K)], 0.0041260 secs] [Times: user=0.00 sys=0.00, real=0.01 secs] 
2020-11-18T11:05:55.110-0800: 11.588: [GC (CMS Initial Mark) [1 CMS-initial-mark: 5888K(6848K)] 5888K(9920K), 0.0001938 secs] [Times: user=0.00 sys=0.00, real=0.00 secs] 
2020-11-18T11:05:55.110-0800: 11.589: [CMS-concurrent-mark-start]
2020-11-18T11:05:55.111-0800: 11.590: [Full GC (System.gc()) 2020-11-18T11:05:55.111-0800: 11.590: [CMS2020-11-18T11:05:55.113-0800: 11.591: [CMS-concurrent-mark: 0.001/0.003 secs] [Times: user=0.00 sys=0.00, real=0.00 secs] 
 (concurrent mode interrupted): 5888K->5890K(6848K), 0.0056049 secs] 5942K->5890K(9920K), [Metaspace: 4890K->4890K(139264K)], 0.0056616 secs] [Times: user=0.01 sys=0.00, real=0.00 secs] 
2020-11-18T11:05:55.118-0800: 11.597: [Full GC (System.gc()) 2020-11-18T11:05:55.118-0800: 11.597: [CMS: 5890K->5893K(6848K), 0.0035474 secs] 5945K->5893K(9920K), [Metaspace: 4890K->4890K(139264K)], 0.0035960 secs] [Times: user=0.00 sys=0.00, real=0.01 secs] 
2020-11-18T11:05:55.122-0800: 11.601: [GC (CMS Initial Mark) [1 CMS-initial-mark: 5893K(6848K)] 5893K(9920K), 0.0001924 secs] [Times: user=0.00 sys=0.00, real=0.00 secs] 
2020-11-18T11:05:55.122-0800: 11.601: [CMS-concurrent-mark-start]
2020-11-18T11:05:55.123-0800: 11.602: [Full GC (System.gc()) 2020-11-18T11:05:55.123-0800: 11.602: [CMS2020-11-18T11:05:55.125-0800: 11.604: [CMS-concurrent-mark: 0.002/0.003 secs] [Times: user=0.01 sys=0.00, real=0.00 secs] 
 (concurrent mode interrupted): 5893K->5895K(6848K), 0.0052381 secs] 5947K->5895K(9920K), [Metaspace: 4890K->4890K(139264K)], 0.0052855 secs] [Times: user=0.00 sys=0.00, real=0.00 secs] 
2020-11-18T11:05:55.130-0800: 11.609: [Full GC (System.gc()) 2020-11-18T11:05:55.130-0800: 11.609: [CMS: 5895K->5898K(6848K), 0.0045347 secs] 5950K->5898K(9920K), [Metaspace: 4890K->4890K(139264K)], 0.0046129 secs] [Times: user=0.01 sys=0.00, real=0.00 secs] 
2020-11-18T11:05:55.135-0800: 11.613: [GC (CMS Initial Mark) [1 CMS-initial-mark: 5898K(6848K)] 5898K(9920K), 0.0002165 secs] [Times: user=0.00 sys=0.01, real=0.00 secs] 
2020-11-18T11:05:55.135-0800: 11.614: [CMS-concurrent-mark-start]
2020-11-18T11:05:55.136-0800: 11.615: [Full GC (System.gc()) 2020-11-18T11:05:55.136-0800: 11.615: [CMS2020-11-18T11:05:55.138-0800: 11.616: [CMS-concurrent-mark: 0.002/0.003 secs] [Times: user=0.00 sys=0.00, real=0.00 secs] 
 (concurrent mode interrupted): 5898K->5900K(6848K), 0.0061064 secs] 5952K->5900K(9920K), [Metaspace: 4890K->4890K(139264K)], 0.0061661 secs] [Times: user=0.00 sys=0.00, real=0.01 secs] 
2020-11-18T11:05:55.144-0800: 11.622: [Full GC (System.gc()) 2020-11-18T11:05:55.144-0800: 11.622: [CMS: 5900K->5903K(6848K), 0.0035261 secs] 5954K->5903K(9920K), [Metaspace: 4890K->4890K(139264K)], 0.0035748 secs] [Times: user=0.01 sys=0.00, real=0.00 secs] 
2020-11-18T11:05:55.147-0800: 11.626: [GC (CMS Initial Mark) [1 CMS-initial-mark: 5903K(6848K)] 5903K(9920K), 0.0002032 secs] [Times: user=0.00 sys=0.00, real=0.00 secs] 
2020-11-18T11:05:55.148-0800: 11.626: [CMS-concurrent-mark-start]
2020-11-18T11:05:55.149-0800: 11.627: [Full GC (System.gc()) 2020-11-18T11:05:55.149-0800: 11.628: [CMS2020-11-18T11:05:55.151-0800: 11.629: [CMS-concurrent-mark: 0.002/0.003 secs] [Times: user=0.00 sys=0.00, real=0.01 secs] 
 (concurrent mode interrupted): 5903K->5905K(6848K), 0.0055121 secs] 5957K->5905K(9920K), [Metaspace: 4890K->4890K(139264K)], 0.0058722 secs] [Times: user=0.01 sys=0.00, real=0.01 secs] 
2020-11-18T11:05:55.156-0800: 11.635: [Full GC (System.gc()) 2020-11-18T11:05:55.156-0800: 11.635: [CMS: 5905K->5907K(6848K), 0.0048111 secs] 5959K->5907K(9920K), [Metaspace: 4890K->4890K(139264K)], 0.0048878 secs] [Times: user=0.00 sys=0.00, real=0.01 secs] 
2020-11-18T11:05:55.161-0800: 11.640: [GC (CMS Initial Mark) [1 CMS-initial-mark: 5907K(6848K)] 5907K(9920K), 0.0002060 secs] [Times: user=0.00 sys=0.00, real=0.00 secs] 
2020-11-18T11:05:55.161-0800: 11.640: [CMS-concurrent-mark-start]
2020-11-18T11:05:55.162-0800: 11.641: [Full GC (System.gc()) 2020-11-18T11:05:55.162-0800: 11.641: [CMS2020-11-18T11:05:55.164-0800: 11.643: [CMS-concurrent-mark: 0.002/0.003 secs] [Times: user=0.01 sys=0.00, real=0.00 secs] 
 (concurrent mode interrupted): 5907K->5910K(6848K), 0.0061932 secs] 5962K->5910K(9920K), [Metaspace: 4890K->4890K(139264K)], 0.0062473 secs] [Times: user=0.00 sys=0.00, real=0.00 secs] 
2020-11-18T11:05:55.170-0800: 11.649: [Full GC (System.gc()) 2020-11-18T11:05:55.170-0800: 11.649: [CMS: 5910K->5912K(6848K), 0.0043962 secs] 5964K->5912K(9920K), [Metaspace: 4890K->4890K(139264K)], 0.0044525 secs] [Times: user=0.01 sys=0.00, real=0.00 secs] 
2020-11-18T11:05:55.175-0800: 11.653: [GC (CMS Initial Mark) [1 CMS-initial-mark: 5912K(6848K)] 5912K(9920K), 0.0002055 secs] [Times: user=0.00 sys=0.00, real=0.00 secs] 
2020-11-18T11:05:55.175-0800: 11.653: [CMS-concurrent-mark-start]
2020-11-18T11:05:55.176-0800: 11.655: [Full GC (System.gc()) 2020-11-18T11:05:55.176-0800: 11.655: [CMS2020-11-18T11:05:55.178-0800: 11.656: [CMS-concurrent-mark: 0.002/0.003 secs] [Times: user=0.00 sys=0.00, real=0.00 secs] 
 (concurrent mode interrupted): 5912K->5915K(6848K), 0.0062535 secs] 5967K->5915K(9920K), [Metaspace: 4890K->4890K(139264K)], 0.0063162 secs] [Times: user=0.00 sys=0.00, real=0.01 secs] 
2020-11-18T11:05:55.184-0800: 11.662: [Full GC (System.gc()) 2020-11-18T11:05:55.184-0800: 11.662: [CMS: 5915K->5917K(6848K), 0.0040186 secs] 5969K->5917K(9920K), [Metaspace: 4890K->4890K(139264K)], 0.0040916 secs] [Times: user=0.01 sys=0.00, real=0.00 secs] 
2020-11-18T11:05:55.188-0800: 11.667: [GC (CMS Initial Mark) [1 CMS-initial-mark: 5917K(6848K)] 5917K(9920K), 0.0003266 secs] [Times: user=0.00 sys=0.00, real=0.00 secs] 
2020-11-18T11:05:55.188-0800: 11.667: [CMS-concurrent-mark-start]
2020-11-18T11:05:55.190-0800: 11.668: [Full GC (System.gc()) 2020-11-18T11:05:55.190-0800: 11.668: [CMS2020-11-18T11:05:55.192-0800: 11.670: [CMS-concurrent-mark: 0.002/0.003 secs] [Times: user=0.00 sys=0.00, real=0.01 secs] 
 (concurrent mode interrupted): 5917K->5919K(6848K), 0.0064660 secs] 5971K->5919K(9920K), [Metaspace: 4890K->4890K(139264K)], 0.0066032 secs] [Times: user=0.01 sys=0.00, real=0.00 secs] 
2020-11-18T11:05:55.198-0800: 11.676: [Full GC (System.gc()) 2020-11-18T11:05:55.198-0800: 11.676: [CMS: 5919K->5922K(6848K), 0.0038714 secs] 5974K->5922K(9920K), [Metaspace: 4890K->4890K(139264K)], 0.0039417 secs] [Times: user=0.00 sys=0.00, real=0.01 secs] 
2020-11-18T11:05:55.202-0800: 11.680: [GC (CMS Initial Mark) [1 CMS-initial-mark: 5922K(6848K)] 5922K(9920K), 0.0002016 secs] [Times: user=0.00 sys=0.00, real=0.00 secs] 
2020-11-18T11:05:55.202-0800: 11.681: [CMS-concurrent-mark-start]
2020-11-18T11:05:55.203-0800: 11.682: [Full GC (System.gc()) 2020-11-18T11:05:55.203-0800: 11.682: [CMS2020-11-18T11:05:55.205-0800: 11.683: [CMS-concurrent-mark: 0.002/0.003 secs] [Times: user=0.01 sys=0.00, real=0.00 secs] 
 (concurrent mode interrupted): 5922K->5924K(6848K), 0.0052952 secs] 5976K->5924K(9920K), [Metaspace: 4890K->4890K(139264K)], 0.0053439 secs] [Times: user=0.00 sys=0.00, real=0.00 secs] 
2020-11-18T11:05:55.210-0800: 11.688: [Full GC (System.gc()) 2020-11-18T11:05:55.210-0800: 11.688: [CMS: 5924K->5927K(6848K), 0.0040472 secs] 5979K->5927K(9920K), [Metaspace: 4890K->4890K(139264K)], 0.0041101 secs] [Times: user=0.01 sys=0.00, real=0.00 secs] 
2020-11-18T11:05:55.214-0800: 11.692: [GC (CMS Initial Mark) [1 CMS-initial-mark: 5927K(6848K)] 5927K(9920K), 0.0001897 secs] [Times: user=0.00 sys=0.00, real=0.00 secs] 
2020-11-18T11:05:55.214-0800: 11.693: [CMS-concurrent-mark-start]
2020-11-18T11:05:55.215-0800: 11.694: [Full GC (System.gc()) 2020-11-18T11:05:55.215-0800: 11.694: [CMS2020-11-18T11:05:55.217-0800: 11.695: [CMS-concurrent-mark: 0.002/0.003 secs] [Times: user=0.00 sys=0.00, real=0.00 secs] 
 (concurrent mode interrupted): 5927K->5929K(6848K), 0.0062310 secs] 5981K->5929K(9920K), [Metaspace: 4890K->4890K(139264K)], 0.0062923 secs] [Times: user=0.00 sys=0.00, real=0.01 secs] 
2020-11-18T11:05:55.223-0800: 11.701: [Full GC (System.gc()) 2020-11-18T11:05:55.223-0800: 11.701: [CMS: 5929K->5931K(6848K), 0.0048100 secs] 5983K->5931K(9920K), [Metaspace: 4890K->4890K(139264K)], 0.0049260 secs] [Times: user=0.01 sys=0.00, real=0.00 secs] 
2020-11-18T11:05:55.228-0800: 11.706: [GC (CMS Initial Mark) [1 CMS-initial-mark: 5931K(6848K)] 5931K(9920K), 0.0002278 secs] [Times: user=0.00 sys=0.00, real=0.00 secs] 
2020-11-18T11:05:55.228-0800: 11.707: [CMS-concurrent-mark-start]
2020-11-18T11:05:55.229-0800: 11.708: [Full GC (System.gc()) 2020-11-18T11:05:55.229-0800: 11.708: [CMS2020-11-18T11:05:55.231-0800: 11.710: [CMS-concurrent-mark: 0.002/0.003 secs] [Times: user=0.00 sys=0.00, real=0.01 secs] 
 (concurrent mode interrupted): 5931K->5934K(6848K), 0.0058365 secs] 5986K->5934K(9920K), [Metaspace: 4890K->4890K(139264K)], 0.0058942 secs] [Times: user=0.01 sys=0.00, real=0.01 secs] 
2020-11-18T11:05:55.236-0800: 11.715: [Full GC (System.gc()) 2020-11-18T11:05:55.236-0800: 11.715: [CMS: 5934K->5936K(6848K), 0.0038667 secs] 5988K->5936K(9920K), [Metaspace: 4890K->4890K(139264K)], 0.0039249 secs] [Times: user=0.00 sys=0.00, real=0.01 secs] 
2020-11-18T11:05:55.240-0800: 11.719: [GC (CMS Initial Mark) [1 CMS-initial-mark: 5936K(6848K)] 5936K(9920K), 0.0001710 secs] [Times: user=0.00 sys=0.00, real=0.00 secs] 
2020-11-18T11:05:55.241-0800: 11.719: [CMS-concurrent-mark-start]
2020-11-18T11:05:55.242-0800: 11.720: [Full GC (System.gc()) 2020-11-18T11:05:55.242-0800: 11.720: [CMS2020-11-18T11:05:55.244-0800: 11.722: [CMS-concurrent-mark: 0.002/0.003 secs] [Times: user=0.01 sys=0.00, real=0.00 secs] 
 (concurrent mode interrupted): 5936K->5939K(6848K), 0.0060669 secs] 5991K->5939K(9920K), [Metaspace: 4890K->4890K(139264K)], 0.0061226 secs] [Times: user=0.01 sys=0.00, real=0.00 secs] 
2020-11-18T11:05:55.249-0800: 11.728: [Full GC (System.gc()) 2020-11-18T11:05:55.249-0800: 11.728: [CMS: 5939K->5941K(6848K), 0.0038835 secs] 5993K->5941K(9920K), [Metaspace: 4890K->4890K(139264K)], 0.0039420 secs] [Times: user=0.01 sys=0.00, real=0.01 secs] 
2020-11-18T11:05:55.253-0800: 11.732: [GC (CMS Initial Mark) [1 CMS-initial-mark: 5941K(6848K)] 5941K(9920K), 0.0001972 secs] [Times: user=0.00 sys=0.00, real=0.00 secs] 
2020-11-18T11:05:55.253-0800: 11.732: [CMS-concurrent-mark-start]
2020-11-18T11:05:55.254-0800: 11.733: [Full GC (System.gc()) 2020-11-18T11:05:55.255-0800: 11.733: [CMS2020-11-18T11:05:55.256-0800: 11.735: [CMS-concurrent-mark: 0.002/0.003 secs] [Times: user=0.00 sys=0.00, real=0.00 secs] 
 (concurrent mode interrupted): 5941K->5944K(6848K), 0.0057766 secs] 5996K->5944K(9920K), [Metaspace: 4890K->4890K(139264K)], 0.0058332 secs] [Times: user=0.00 sys=0.00, real=0.01 secs] 
2020-11-18T11:05:55.262-0800: 11.740: [Full GC (System.gc()) 2020-11-18T11:05:55.262-0800: 11.740: [CMS: 5944K->5946K(6848K), 0.0038809 secs] 5998K->5946K(9920K), [Metaspace: 4890K->4890K(139264K)], 0.0039525 secs] [Times: user=0.01 sys=0.00, real=0.00 secs] 
2020-11-18T11:05:55.266-0800: 11.744: [GC (CMS Initial Mark) [1 CMS-initial-mark: 5946K(6848K)] 5946K(9920K), 0.0001811 secs] [Times: user=0.00 sys=0.00, real=0.00 secs] 
2020-11-18T11:05:55.266-0800: 11.745: [CMS-concurrent-mark-start]
2020-11-18T11:05:55.267-0800: 11.746: [Full GC (System.gc()) 2020-11-18T11:05:55.267-0800: 11.746: [CMS2020-11-18T11:05:55.269-0800: 11.747: [CMS-concurrent-mark: 0.002/0.003 secs] [Times: user=0.00 sys=0.00, real=0.00 secs] 
 (concurrent mode interrupted): 5946K->5948K(6848K), 0.0053063 secs] 6000K->5948K(9920K), [Metaspace: 4890K->4890K(139264K)], 0.0053547 secs] [Times: user=0.01 sys=0.00, real=0.01 secs] 
2020-11-18T11:05:55.274-0800: 11.752: [Full GC (System.gc()) 2020-11-18T11:05:55.274-0800: 11.752: [CMS: 5948K->5951K(6848K), 0.0039743 secs] 6003K->5951K(9920K), [Metaspace: 4890K->4890K(139264K)], 0.0040332 secs] [Times: user=0.00 sys=0.00, real=0.00 secs] 
2020-11-18T11:05:55.278-0800: 11.756: [GC (CMS Initial Mark) [1 CMS-initial-mark: 5951K(6848K)] 5951K(9920K), 0.0001800 secs] [Times: user=0.00 sys=0.00, real=0.00 secs] 
2020-11-18T11:05:55.278-0800: 11.757: [CMS-concurrent-mark-start]
2020-11-18T11:05:55.279-0800: 11.758: [Full GC (System.gc()) 2020-11-18T11:05:55.279-0800: 11.758: [CMS2020-11-18T11:05:55.281-0800: 11.760: [CMS-concurrent-mark: 0.002/0.003 secs] [Times: user=0.01 sys=0.00, real=0.01 secs] 
 (concurrent mode interrupted): 5951K->5953K(6848K), 0.0065985 secs] 6005K->5953K(9920K), [Metaspace: 4890K->4890K(139264K)], 0.0066542 secs] [Times: user=0.01 sys=0.00, real=0.01 secs] 
2020-11-18T11:05:55.287-0800: 11.766: [Full GC (System.gc()) 2020-11-18T11:05:55.287-0800: 11.766: [CMS: 5953K->5956K(6848K), 0.0039069 secs] 6008K->5956K(9920K), [Metaspace: 4890K->4890K(139264K)], 0.0039798 secs] [Times: user=0.00 sys=0.00, real=0.01 secs] 
2020-11-18T11:05:55.291-0800: 11.770: [GC (CMS Initial Mark) [1 CMS-initial-mark: 5956K(6848K)] 5956K(9920K), 0.0002385 secs] [Times: user=0.00 sys=0.00, real=0.00 secs] 
2020-11-18T11:05:55.292-0800: 11.770: [CMS-concurrent-mark-start]
2020-11-18T11:05:55.293-0800: 11.771: [Full GC (System.gc()) 2020-11-18T11:05:55.293-0800: 11.771: [CMS2020-11-18T11:05:55.295-0800: 11.774: [CMS-concurrent-mark: 0.002/0.003 secs] [Times: user=0.01 sys=0.00, real=0.00 secs] 
 (concurrent mode interrupted): 5956K->5958K(6848K), 0.0062986 secs] 6010K->5958K(9920K), [Metaspace: 4890K->4890K(139264K)], 0.0063537 secs] [Times: user=0.00 sys=0.00, real=0.00 secs] 
2020-11-18T11:05:55.300-0800: 11.779: [Full GC (System.gc()) 2020-11-18T11:05:55.300-0800: 11.779: [CMS: 5958K->5960K(6848K), 0.0036736 secs] 6012K->5960K(9920K), [Metaspace: 4890K->4890K(139264K)], 0.0037269 secs] [Times: user=0.01 sys=0.00, real=0.00 secs] 
2020-11-18T11:05:55.304-0800: 11.783: [GC (CMS Initial Mark) [1 CMS-initial-mark: 5960K(6848K)] 5960K(9920K), 0.0001715 secs] [Times: user=0.00 sys=0.00, real=0.00 secs] 
2020-11-18T11:05:55.304-0800: 11.783: [CMS-concurrent-mark-start]
2020-11-18T11:05:55.305-0800: 11.784: [Full GC (System.gc()) 2020-11-18T11:05:55.305-0800: 11.784: [CMS2020-11-18T11:05:55.307-0800: 11.786: [CMS-concurrent-mark: 0.002/0.003 secs] [Times: user=0.00 sys=0.00, real=0.00 secs] 
 (concurrent mode interrupted): 5960K->5963K(6848K), 0.0061976 secs] 6015K->5963K(9920K), [Metaspace: 4890K->4890K(139264K)], 0.0062583 secs] [Times: user=0.01 sys=0.00, real=0.01 secs] 
2020-11-18T11:05:55.313-0800: 11.792: [Full GC (System.gc()) 2020-11-18T11:05:55.313-0800: 11.792: [CMS: 5963K->5965K(6848K), 0.0044402 secs] 6017K->5965K(9920K), [Metaspace: 4890K->4890K(139264K)], 0.0045187 secs] [Times: user=0.00 sys=0.01, real=0.00 secs] 
2020-11-18T11:05:55.318-0800: 11.796: [GC (CMS Initial Mark) [1 CMS-initial-mark: 5965K(6848K)] 5965K(9920K), 0.0002050 secs] [Times: user=0.00 sys=0.00, real=0.00 secs] 
2020-11-18T11:05:55.318-0800: 11.796: [CMS-concurrent-mark-start]
2020-11-18T11:05:55.319-0800: 11.798: [Full GC (System.gc()) 2020-11-18T11:05:55.319-0800: 11.798: [CMS2020-11-18T11:05:55.321-0800: 11.799: [CMS-concurrent-mark: 0.001/0.003 secs] [Times: user=0.01 sys=0.00, real=0.01 secs] 
 (concurrent mode interrupted): 5965K->5968K(6848K), 0.0060061 secs] 6020K->5968K(9920K), [Metaspace: 4890K->4890K(139264K)], 0.0060605 secs] [Times: user=0.01 sys=0.00, real=0.01 secs] 
2020-11-18T11:05:55.327-0800: 11.805: [Full GC (System.gc()) 2020-11-18T11:05:55.327-0800: 11.805: [CMS: 5968K->5970K(6848K), 0.0035797 secs] 6022K->5970K(9920K), [Metaspace: 4890K->4890K(139264K)], 0.0036316 secs] [Times: user=0.00 sys=0.00, real=0.01 secs] 
2020-11-18T11:05:55.330-0800: 11.809: [GC (CMS Initial Mark) [1 CMS-initial-mark: 5970K(6848K)] 5970K(9920K), 0.0002010 secs] [Times: user=0.00 sys=0.00, real=0.00 secs] 
2020-11-18T11:05:55.331-0800: 11.809: [CMS-concurrent-mark-start]
2020-11-18T11:05:55.331-0800: 11.810: [Full GC (System.gc()) 2020-11-18T11:05:55.332-0800: 11.810: [CMS2020-11-18T11:05:55.334-0800: 11.812: [CMS-concurrent-mark: 0.002/0.003 secs] [Times: user=0.01 sys=0.00, real=0.00 secs] 
 (concurrent mode interrupted): 5970K->5973K(6848K), 0.0057650 secs] 6024K->5973K(9920K), [Metaspace: 4890K->4890K(139264K)], 0.0058114 secs] [Times: user=0.00 sys=0.00, real=0.00 secs] 
2020-11-18T11:05:55.339-0800: 11.817: [Full GC (System.gc()) 2020-11-18T11:05:55.339-0800: 11.817: [CMS: 5973K->5975K(6848K), 0.0040520 secs] 6027K->5975K(9920K), [Metaspace: 4890K->4890K(139264K)], 0.0041138 secs] [Times: user=0.01 sys=0.00, real=0.01 secs] 
2020-11-18T11:05:55.343-0800: 11.821: [GC (CMS Initial Mark) [1 CMS-initial-mark: 5975K(6848K)] 5975K(9920K), 0.0001905 secs] [Times: user=0.00 sys=0.00, real=0.00 secs] 
2020-11-18T11:05:55.343-0800: 11.822: [CMS-concurrent-mark-start]
2020-11-18T11:05:55.344-0800: 11.823: [Full GC (System.gc()) 2020-11-18T11:05:55.344-0800: 11.823: [CMS2020-11-18T11:05:55.346-0800: 11.825: [CMS-concurrent-mark: 0.002/0.003 secs] [Times: user=0.00 sys=0.00, real=0.00 secs] 
 (concurrent mode interrupted): 5975K->5977K(6848K), 0.0073000 secs] 6029K->5977K(9920K), [Metaspace: 4890K->4890K(139264K)], 0.0073662 secs] [Times: user=0.01 sys=0.00, real=0.01 secs] 
2020-11-18T11:05:55.353-0800: 11.831: [Full GC (System.gc()) 2020-11-18T11:05:55.353-0800: 11.831: [CMS: 5977K->5980K(6848K), 0.0042004 secs] 6032K->5980K(9920K), [Metaspace: 4890K->4890K(139264K)], 0.0042635 secs] [Times: user=0.00 sys=0.00, real=0.00 secs] 
2020-11-18T11:05:55.357-0800: 11.836: [GC (CMS Initial Mark) [1 CMS-initial-mark: 5980K(6848K)] 5980K(9920K), 0.0001910 secs] [Times: user=0.00 sys=0.00, real=0.00 secs] 
2020-11-18T11:05:55.357-0800: 11.836: [CMS-concurrent-mark-start]
2020-11-18T11:05:55.358-0800: 11.837: [Full GC (System.gc()) 2020-11-18T11:05:55.359-0800: 11.837: [CMS2020-11-18T11:05:55.360-0800: 11.839: [CMS-concurrent-mark: 0.002/0.003 secs] [Times: user=0.01 sys=0.00, real=0.01 secs] 
 (concurrent mode interrupted): 5980K->5982K(6848K), 0.0055288 secs] 6034K->5982K(9920K), [Metaspace: 4890K->4890K(139264K)], 0.0056153 secs] [Times: user=0.01 sys=0.00, real=0.01 secs] 
2020-11-18T11:05:55.365-0800: 11.844: [Full GC (System.gc()) 2020-11-18T11:05:55.366-0800: 11.844: [CMS: 5982K->5985K(6848K), 0.0035440 secs] 6037K->5985K(9920K), [Metaspace: 4890K->4890K(139264K)], 0.0035923 secs] [Times: user=0.00 sys=0.00, real=0.00 secs] 
2020-11-18T11:05:55.369-0800: 11.848: [GC (CMS Initial Mark) [1 CMS-initial-mark: 5985K(6848K)] 5985K(9920K), 0.0001656 secs] [Times: user=0.00 sys=0.00, real=0.00 secs] 
2020-11-18T11:05:55.369-0800: 11.848: [CMS-concurrent-mark-start]
2020-11-18T11:05:55.371-0800: 11.849: [Full GC (System.gc()) 2020-11-18T11:05:55.371-0800: 11.849: [CMS2020-11-18T11:05:55.373-0800: 11.851: [CMS-concurrent-mark: 0.002/0.003 secs] [Times: user=0.01 sys=0.00, real=0.01 secs] 
 (concurrent mode interrupted): 5985K->5987K(6848K), 0.0059138 secs] 6039K->5987K(9920K), [Metaspace: 4890K->4890K(139264K)], 0.0059681 secs] [Times: user=0.00 sys=0.00, real=0.00 secs] 
2020-11-18T11:05:55.378-0800: 11.856: [Full GC (System.gc()) 2020-11-18T11:05:55.378-0800: 11.856: [CMS: 5987K->5989K(6848K), 0.0045699 secs] 6041K->5989K(9920K), [Metaspace: 4890K->4890K(139264K)], 0.0046493 secs] [Times: user=0.01 sys=0.00, real=0.01 secs] 
2020-11-18T11:05:55.383-0800: 11.861: [GC (CMS Initial Mark) [1 CMS-initial-mark: 5989K(6848K)] 5989K(9920K), 0.0001908 secs] [Times: user=0.00 sys=0.00, real=0.00 secs] 
2020-11-18T11:05:55.383-0800: 11.861: [CMS-concurrent-mark-start]
2020-11-18T11:05:55.384-0800: 11.862: [Full GC (System.gc()) 2020-11-18T11:05:55.384-0800: 11.862: [CMS2020-11-18T11:05:55.386-0800: 11.864: [CMS-concurrent-mark: 0.002/0.003 secs] [Times: user=0.00 sys=0.00, real=0.00 secs] 
 (concurrent mode interrupted): 5989K->5992K(6848K), 0.0062704 secs] 6044K->5992K(9920K), [Metaspace: 4890K->4890K(139264K)], 0.0063302 secs] [Times: user=0.01 sys=0.00, real=0.01 secs] 
2020-11-18T11:05:55.392-0800: 11.870: [Full GC (System.gc()) 2020-11-18T11:05:55.392-0800: 11.870: [CMS: 5992K->5994K(6848K), 0.0038932 secs] 6046K->5994K(9920K), [Metaspace: 4890K->4890K(139264K)], 0.0039659 secs] [Times: user=0.00 sys=0.00, real=0.00 secs] 
2020-11-18T11:05:55.396-0800: 11.874: [GC (CMS Initial Mark) [1 CMS-initial-mark: 5994K(6848K)] 5994K(9920K), 0.0002585 secs] [Times: user=0.00 sys=0.00, real=0.00 secs] 
2020-11-18T11:05:55.396-0800: 11.875: [CMS-concurrent-mark-start]
2020-11-18T11:05:55.397-0800: 11.876: [Full GC (System.gc()) 2020-11-18T11:05:55.397-0800: 11.876: [CMS2020-11-18T11:05:55.399-0800: 11.878: [CMS-concurrent-mark: 0.002/0.003 secs] [Times: user=0.01 sys=0.00, real=0.00 secs] 
 (concurrent mode interrupted): 5994K->5997K(6848K), 0.0057940 secs] 6049K->5997K(9920K), [Metaspace: 4890K->4890K(139264K)], 0.0058427 secs] [Times: user=0.01 sys=0.00, real=0.01 secs] 
2020-11-18T11:05:55.404-0800: 11.883: [Full GC (System.gc()) 2020-11-18T11:05:55.404-0800: 11.883: [CMS: 5997K->5999K(6848K), 0.0042074 secs] 6051K->5999K(9920K), [Metaspace: 4890K->4890K(139264K)], 0.0043523 secs] [Times: user=0.00 sys=0.00, real=0.00 secs] 
2020-11-18T11:05:55.409-0800: 11.887: [GC (CMS Initial Mark) [1 CMS-initial-mark: 5999K(6848K)] 5999K(9920K), 0.0002249 secs] [Times: user=0.00 sys=0.00, real=0.00 secs] 
2020-11-18T11:05:55.409-0800: 11.888: [CMS-concurrent-mark-start]
2020-11-18T11:05:55.410-0800: 11.889: [Full GC (System.gc()) 2020-11-18T11:05:55.410-0800: 11.889: [CMS2020-11-18T11:05:55.412-0800: 11.890: [CMS-concurrent-mark: 0.002/0.003 secs] [Times: user=0.01 sys=0.00, real=0.01 secs] 
 (concurrent mode interrupted): 5999K->6001K(6848K), 0.0061987 secs] 6053K->6001K(9920K), [Metaspace: 4890K->4890K(139264K)], 0.0062621 secs] [Times: user=0.00 sys=0.00, real=0.00 secs] 
2020-11-18T11:05:55.418-0800: 11.896: [Full GC (System.gc()) 2020-11-18T11:05:55.418-0800: 11.896: [CMS: 6001K->6004K(6848K), 0.0045523 secs] 6056K->6004K(9920K), [Metaspace: 4890K->4890K(139264K)], 0.0046294 secs] [Times: user=0.01 sys=0.00, real=0.01 secs] 
2020-11-18T11:05:55.423-0800: 11.901: [GC (CMS Initial Mark) [1 CMS-initial-mark: 6004K(6848K)] 6004K(9920K), 0.0001988 secs] [Times: user=0.00 sys=0.00, real=0.00 secs] 
2020-11-18T11:05:55.423-0800: 11.901: [CMS-concurrent-mark-start]
2020-11-18T11:05:55.424-0800: 11.902: [Full GC (System.gc()) 2020-11-18T11:05:55.424-0800: 11.902: [CMS2020-11-18T11:05:55.425-0800: 11.904: [CMS-concurrent-mark: 0.001/0.003 secs] [Times: user=0.00 sys=0.00, real=0.00 secs] 
 (concurrent mode interrupted): 6004K->6006K(6848K), 0.0060681 secs] 6058K->6006K(9920K), [Metaspace: 4890K->4890K(139264K)], 0.0061290 secs] [Times: user=0.01 sys=0.00, real=0.01 secs] 
2020-11-18T11:05:55.431-0800: 11.910: [Full GC (System.gc()) 2020-11-18T11:05:55.431-0800: 11.910: [CMS: 6006K->6009K(6848K), 0.0040274 secs] 6061K->6009K(9920K), [Metaspace: 4890K->4890K(139264K)], 0.0041068 secs] [Times: user=0.00 sys=0.00, real=0.00 secs] 
2020-11-18T11:05:55.436-0800: 11.914: [GC (CMS Initial Mark) [1 CMS-initial-mark: 6009K(6848K)] 6009K(9920K), 0.0002210 secs] [Times: user=0.00 sys=0.00, real=0.00 secs] 
2020-11-18T11:05:55.436-0800: 11.914: [CMS-concurrent-mark-start]
2020-11-18T11:05:55.437-0800: 11.916: [Full GC (System.gc()) 2020-11-18T11:05:55.437-0800: 11.916: [CMS2020-11-18T11:05:55.439-0800: 11.918: [CMS-concurrent-mark: 0.002/0.003 secs] [Times: user=0.01 sys=0.00, real=0.00 secs] 
 (concurrent mode interrupted): 6009K->6011K(6848K), 0.0058524 secs] 6063K->6011K(9920K), [Metaspace: 4890K->4890K(139264K)], 0.0059065 secs] [Times: user=0.01 sys=0.00, real=0.01 secs] 
2020-11-18T11:05:55.444-0800: 11.923: [Full GC (System.gc()) 2020-11-18T11:05:55.444-0800: 11.923: [CMS: 6011K->6014K(6848K), 0.0039389 secs] 6066K->6014K(9920K), [Metaspace: 4890K->4890K(139264K)], 0.0040112 secs] [Times: user=0.00 sys=0.00, real=0.00 secs] 
2020-11-18T11:05:55.449-0800: 11.927: [GC (CMS Initial Mark) [1 CMS-initial-mark: 6014K(6848K)] 6014K(9920K), 0.0001902 secs] [Times: user=0.00 sys=0.00, real=0.00 secs] 
2020-11-18T11:05:55.449-0800: 11.927: [CMS-concurrent-mark-start]
2020-11-18T11:05:55.450-0800: 11.928: [Full GC (System.gc()) 2020-11-18T11:05:55.450-0800: 11.928: [CMS2020-11-18T11:05:55.452-0800: 11.930: [CMS-concurrent-mark: 0.002/0.003 secs] [Times: user=0.01 sys=0.00, real=0.01 secs] 
 (concurrent mode interrupted): 6014K->6016K(6848K), 0.0062834 secs] 6068K->6016K(9920K), [Metaspace: 4890K->4890K(139264K)], 0.0063457 secs] [Times: user=0.00 sys=0.00, real=0.00 secs] 
2020-11-18T11:05:55.458-0800: 11.936: [Full GC (System.gc()) 2020-11-18T11:05:55.458-0800: 11.936: [CMS: 6016K->6018K(6848K), 0.0045093 secs] 6070K->6018K(9920K), [Metaspace: 4890K->4890K(139264K)], 0.0045860 secs] [Times: user=0.01 sys=0.00, real=0.01 secs] 
2020-11-18T11:05:55.462-0800: 11.941: [GC (CMS Initial Mark) [1 CMS-initial-mark: 6018K(6848K)] 6018K(9920K), 0.0003111 secs] [Times: user=0.00 sys=0.00, real=0.00 secs] 
2020-11-18T11:05:55.463-0800: 11.941: [CMS-concurrent-mark-start]
2020-11-18T11:05:55.464-0800: 11.942: [Full GC (System.gc()) 2020-11-18T11:05:55.464-0800: 11.942: [CMS2020-11-18T11:05:55.466-0800: 11.944: [CMS-concurrent-mark: 0.002/0.003 secs] [Times: user=0.00 sys=0.00, real=0.00 secs] 
 (concurrent mode interrupted): 6018K->6021K(6848K), 0.0056948 secs] 6073K->6021K(9920K), [Metaspace: 4890K->4890K(139264K)], 0.0057471 secs] [Times: user=0.01 sys=0.00, real=0.00 secs] 
2020-11-18T11:05:55.471-0800: 11.949: [Full GC (System.gc()) 2020-11-18T11:05:55.471-0800: 11.949: [CMS: 6021K->6023K(6848K), 0.0033651 secs] 6075K->6023K(9920K), [Metaspace: 4890K->4890K(139264K)], 0.0034112 secs] [Times: user=0.00 sys=0.00, real=0.00 secs] 
2020-11-18T11:05:55.474-0800: 11.953: [GC (CMS Initial Mark) [1 CMS-initial-mark: 6023K(6848K)] 6023K(9920K), 0.0002027 secs] [Times: user=0.00 sys=0.00, real=0.00 secs] 
2020-11-18T11:05:55.474-0800: 11.953: [CMS-concurrent-mark-start]
2020-11-18T11:05:55.476-0800: 11.954: [Full GC (System.gc()) 2020-11-18T11:05:55.476-0800: 11.954: [CMS2020-11-18T11:05:55.477-0800: 11.956: [CMS-concurrent-mark: 0.002/0.003 secs] [Times: user=0.00 sys=0.00, real=0.00 secs] 
 (concurrent mode interrupted): 6023K->6026K(6848K), 0.0055195 secs] 6078K->6026K(9920K), [Metaspace: 4890K->4890K(139264K)], 0.0055714 secs] [Times: user=0.01 sys=0.00, real=0.01 secs] 
2020-11-18T11:05:55.483-0800: 11.961: [Full GC (System.gc()) 2020-11-18T11:05:55.483-0800: 11.961: [CMS: 6026K->6028K(6848K), 0.0039538 secs] 6080K->6028K(9920K), [Metaspace: 4890K->4890K(139264K)], 0.0040268 secs] [Times: user=0.00 sys=0.00, real=0.00 secs] 
2020-11-18T11:05:55.487-0800: 11.965: [GC (CMS Initial Mark) [1 CMS-initial-mark: 6028K(6848K)] 6028K(9920K), 0.0001931 secs] [Times: user=0.00 sys=0.00, real=0.00 secs] 
2020-11-18T11:05:55.487-0800: 11.965: [CMS-concurrent-mark-start]
2020-11-18T11:05:55.488-0800: 11.967: [Full GC (System.gc()) 2020-11-18T11:05:55.488-0800: 11.967: [CMS2020-11-18T11:05:55.489-0800: 11.968: [CMS-concurrent-mark: 0.002/0.003 secs] [Times: user=0.01 sys=0.00, real=0.00 secs] 
 (concurrent mode interrupted): 6028K->6030K(6848K), 0.0051217 secs] 6082K->6030K(9920K), [Metaspace: 4890K->4890K(139264K)], 0.0051725 secs] [Times: user=0.00 sys=0.00, real=0.01 secs] 
2020-11-18T11:05:55.495-0800: 11.973: [Full GC (System.gc()) 2020-11-18T11:05:55.495-0800: 11.973: [CMS: 6030K->6033K(6848K), 0.0033896 secs] 6085K->6033K(9920K), [Metaspace: 4890K->4890K(139264K)], 0.0034359 secs] [Times: user=0.00 sys=0.00, real=0.00 secs] 
2020-11-18T11:05:55.498-0800: 11.977: [GC (CMS Initial Mark) [1 CMS-initial-mark: 6033K(6848K)] 6033K(9920K), 0.0001880 secs] [Times: user=0.00 sys=0.00, real=0.00 secs] 
2020-11-18T11:05:55.498-0800: 11.977: [CMS-concurrent-mark-start]
2020-11-18T11:05:55.500-0800: 11.978: [Full GC (System.gc()) 2020-11-18T11:05:55.500-0800: 11.978: [CMS2020-11-18T11:05:55.501-0800: 11.980: [CMS-concurrent-mark: 0.002/0.003 secs] [Times: user=0.01 sys=0.00, real=0.01 secs] 
 (concurrent mode interrupted): 6033K->6035K(6848K), 0.0055414 secs] 6087K->6035K(9920K), [Metaspace: 4890K->4890K(139264K)], 0.0055994 secs] [Times: user=0.00 sys=0.01, real=0.00 secs] 
2020-11-18T11:05:55.507-0800: 11.985: [Full GC (System.gc()) 2020-11-18T11:05:55.507-0800: 11.985: [CMS: 6035K->6038K(6848K), 0.0046147 secs] 6090K->6038K(9920K), [Metaspace: 4890K->4890K(139264K)], 0.0046924 secs] [Times: user=0.01 sys=0.00, real=0.01 secs] 
2020-11-18T11:05:55.511-0800: 11.990: [GC (CMS Initial Mark) [1 CMS-initial-mark: 6038K(6848K)] 6038K(9920K), 0.0002140 secs] [Times: user=0.00 sys=0.00, real=0.00 secs] 
2020-11-18T11:05:55.512-0800: 11.990: [CMS-concurrent-mark-start]
2020-11-18T11:05:55.513-0800: 11.991: [Full GC (System.gc()) 2020-11-18T11:05:55.513-0800: 11.991: [CMS2020-11-18T11:05:55.514-0800: 11.993: [CMS-concurrent-mark: 0.002/0.003 secs] [Times: user=0.00 sys=0.00, real=0.00 secs] 
 (concurrent mode interrupted): 6038K->6040K(6848K), 0.0051606 secs] 6092K->6040K(9920K), [Metaspace: 4890K->4890K(139264K)], 0.0052000 secs] [Times: user=0.01 sys=0.00, real=0.00 secs] 
2020-11-18T11:05:55.519-0800: 11.998: [Full GC (System.gc()) 2020-11-18T11:05:55.519-0800: 11.998: [CMS: 6040K->6043K(6848K), 0.0033787 secs] 6095K->6043K(9920K), [Metaspace: 4890K->4890K(139264K)], 0.0034240 secs] [Times: user=0.00 sys=0.00, real=0.01 secs] 
2020-11-18T11:05:55.523-0800: 12.001: [GC (CMS Initial Mark) [1 CMS-initial-mark: 6043K(6848K)] 6043K(9920K), 0.0001925 secs] [Times: user=0.00 sys=0.00, real=0.00 secs] 
2020-11-18T11:05:55.523-0800: 12.002: [CMS-concurrent-mark-start]
2020-11-18T11:05:55.524-0800: 12.003: [Full GC (System.gc()) 2020-11-18T11:05:55.524-0800: 12.003: [CMS2020-11-18T11:05:55.526-0800: 12.004: [CMS-concurrent-mark: 0.002/0.003 secs] [Times: user=0.00 sys=0.00, real=0.00 secs] 
 (concurrent mode interrupted): 6043K->6045K(6848K), 0.0052282 secs] 6097K->6045K(9920K), [Metaspace: 4890K->4890K(139264K)], 0.0052764 secs] [Times: user=0.01 sys=0.00, real=0.00 secs] 
2020-11-18T11:05:55.531-0800: 12.009: [Full GC (System.gc()) 2020-11-18T11:05:55.531-0800: 12.009: [CMS: 6045K->6047K(6848K), 0.0038736 secs] 6099K->6047K(9920K), [Metaspace: 4890K->4890K(139264K)], 0.0039639 secs] [Times: user=0.00 sys=0.00, real=0.00 secs] 
2020-11-18T11:05:55.535-0800: 12.013: [GC (CMS Initial Mark) [1 CMS-initial-mark: 6047K(6848K)] 6047K(9920K), 0.0002048 secs] [Times: user=0.00 sys=0.00, real=0.00 secs] 
2020-11-18T11:05:55.535-0800: 12.014: [CMS-concurrent-mark-start]
2020-11-18T11:05:55.536-0800: 12.015: [Full GC (System.gc()) 2020-11-18T11:05:55.536-0800: 12.015: [CMS2020-11-18T11:05:55.538-0800: 12.016: [CMS-concurrent-mark: 0.002/0.003 secs] [Times: user=0.01 sys=0.00, real=0.00 secs] 
 (concurrent mode interrupted): 6047K->6050K(6848K), 0.0054060 secs] 6102K->6050K(9920K), [Metaspace: 4890K->4890K(139264K)], 0.0054572 secs] [Times: user=0.01 sys=0.00, real=0.01 secs] 
2020-11-18T11:05:55.543-0800: 12.021: [Full GC (System.gc()) 2020-11-18T11:05:55.543-0800: 12.021: [CMS: 6050K->6052K(6848K), 0.0038400 secs] 6104K->6052K(9920K), [Metaspace: 4890K->4890K(139264K)], 0.0039146 secs] [Times: user=0.00 sys=0.00, real=0.00 secs] 
2020-11-18T11:05:55.547-0800: 12.025: [GC (CMS Initial Mark) [1 CMS-initial-mark: 6052K(6848K)] 6052K(9920K), 0.0002513 secs] [Times: user=0.00 sys=0.00, real=0.00 secs] 
2020-11-18T11:05:55.547-0800: 12.026: [CMS-concurrent-mark-start]
2020-11-18T11:05:55.548-0800: 12.027: [Full GC (System.gc()) 2020-11-18T11:05:55.548-0800: 12.027: [CMS2020-11-18T11:05:55.550-0800: 12.029: [CMS-concurrent-mark: 0.002/0.003 secs] [Times: user=0.01 sys=0.00, real=0.01 secs] 
 (concurrent mode interrupted): 6052K->6055K(6848K), 0.0060398 secs] 6107K->6055K(9920K), [Metaspace: 4890K->4890K(139264K)], 0.0060946 secs] [Times: user=0.00 sys=0.00, real=0.01 secs] 
2020-11-18T11:05:55.556-0800: 12.034: [Full GC (System.gc()) 2020-11-18T11:05:55.556-0800: 12.034: [CMS: 6055K->6057K(6848K), 0.0041151 secs] 6109K->6057K(9920K), [Metaspace: 4890K->4890K(139264K)], 0.0041975 secs] [Times: user=0.01 sys=0.00, real=0.01 secs] 
2020-11-18T11:05:55.560-0800: 12.039: [GC (CMS Initial Mark) [1 CMS-initial-mark: 6057K(6848K)] 6057K(9920K), 0.0001884 secs] [Times: user=0.00 sys=0.00, real=0.00 secs] 
2020-11-18T11:05:55.560-0800: 12.039: [CMS-concurrent-mark-start]
2020-11-18T11:05:55.561-0800: 12.040: [Full GC (System.gc()) 2020-11-18T11:05:55.561-0800: 12.040: [CMS2020-11-18T11:05:55.563-0800: 12.042: [CMS-concurrent-mark: 0.002/0.003 secs] [Times: user=0.00 sys=0.00, real=0.00 secs] 
 (concurrent mode interrupted): 6057K->6059K(6848K), 0.0055863 secs] 6111K->6059K(9920K), [Metaspace: 4890K->4890K(139264K)], 0.0056428 secs] [Times: user=0.01 sys=0.00, real=0.00 secs] 
2020-11-18T11:05:55.568-0800: 12.047: [Full GC (System.gc()) 2020-11-18T11:05:55.568-0800: 12.047: [CMS: 6059K->6062K(6848K), 0.0034055 secs] 6114K->6062K(9920K), [Metaspace: 4890K->4890K(139264K)], 0.0034566 secs] [Times: user=0.00 sys=0.00, real=0.01 secs] 
2020-11-18T11:05:55.572-0800: 12.050: [GC (CMS Initial Mark) [1 CMS-initial-mark: 6062K(6848K)] 6062K(9920K), 0.0001959 secs] [Times: user=0.00 sys=0.00, real=0.00 secs] 
2020-11-18T11:05:55.572-0800: 12.051: [CMS-concurrent-mark-start]
2020-11-18T11:05:55.573-0800: 12.052: [Full GC (System.gc()) 2020-11-18T11:05:55.573-0800: 12.052: [CMS2020-11-18T11:05:55.575-0800: 12.053: [CMS-concurrent-mark: 0.002/0.003 secs] [Times: user=0.00 sys=0.00, real=0.00 secs] 
 (concurrent mode interrupted): 6062K->6064K(6848K), 0.0054992 secs] 6116K->6064K(9920K), [Metaspace: 4890K->4890K(139264K)], 0.0055499 secs] [Times: user=0.01 sys=0.00, real=0.00 secs] 
2020-11-18T11:05:55.580-0800: 12.058: [Full GC (System.gc()) 2020-11-18T11:05:55.580-0800: 12.058: [CMS: 6064K->6067K(6848K), 0.0037319 secs] 6119K->6067K(9920K), [Metaspace: 4890K->4890K(139264K)], 0.0038172 secs] [Times: user=0.00 sys=0.00, real=0.00 secs] 
2020-11-18T11:05:55.584-0800: 12.062: [GC (CMS Initial Mark) [1 CMS-initial-mark: 6067K(6848K)] 6067K(9920K), 0.0001935 secs] [Times: user=0.00 sys=0.00, real=0.00 secs] 
2020-11-18T11:05:55.584-0800: 12.063: [CMS-concurrent-mark-start]
2020-11-18T11:05:55.585-0800: 12.064: [Full GC (System.gc()) 2020-11-18T11:05:55.585-0800: 12.064: [CMS2020-11-18T11:05:55.587-0800: 12.065: [CMS-concurrent-mark: 0.002/0.003 secs] [Times: user=0.01 sys=0.00, real=0.00 secs] 
 (concurrent mode interrupted): 6067K->6069K(6848K), 0.0054089 secs] 6121K->6069K(9920K), [Metaspace: 4890K->4890K(139264K)], 0.0054625 secs] [Times: user=0.00 sys=0.00, real=0.01 secs] 
2020-11-18T11:05:55.592-0800: 12.071: [Full GC (System.gc()) 2020-11-18T11:05:55.592-0800: 12.071: [CMS: 6069K->6071K(6848K), 0.0039275 secs] 6123K->6071K(9920K), [Metaspace: 4890K->4890K(139264K)], 0.0040005 secs] [Times: user=0.00 sys=0.00, real=0.00 secs] 
2020-11-18T11:05:55.596-0800: 12.075: [GC (CMS Initial Mark) [1 CMS-initial-mark: 6071K(6848K)] 6071K(9920K), 0.0002779 secs] [Times: user=0.00 sys=0.00, real=0.00 secs] 
2020-11-18T11:05:55.596-0800: 12.075: [CMS-concurrent-mark-start]
2020-11-18T11:05:55.598-0800: 12.076: [Full GC (System.gc()) 2020-11-18T11:05:55.598-0800: 12.076: [CMS2020-11-18T11:05:55.599-0800: 12.078: [CMS-concurrent-mark: 0.002/0.003 secs] [Times: user=0.01 sys=0.00, real=0.00 secs] 
 (concurrent mode interrupted): 6071K->6074K(6848K), 0.0055767 secs] 6126K->6074K(9920K), [Metaspace: 4890K->4890K(139264K)], 0.0056281 secs] [Times: user=0.00 sys=0.00, real=0.01 secs] 
2020-11-18T11:05:55.605-0800: 12.083: [Full GC (System.gc()) 2020-11-18T11:05:55.605-0800: 12.083: [CMS: 6074K->6076K(6848K), 0.0040879 secs] 6128K->6076K(9920K), [Metaspace: 4890K->4890K(139264K)], 0.0041685 secs] [Times: user=0.01 sys=0.00, real=0.00 secs] 
2020-11-18T11:05:55.609-0800: 12.087: [GC (CMS Initial Mark) [1 CMS-initial-mark: 6076K(6848K)] 6076K(9920K), 0.0001940 secs] [Times: user=0.00 sys=0.00, real=0.00 secs] 
2020-11-18T11:05:55.609-0800: 12.088: [CMS-concurrent-mark-start]
2020-11-18T11:05:55.610-0800: 12.089: [Full GC (System.gc()) 2020-11-18T11:05:55.610-0800: 12.089: [CMS2020-11-18T11:05:55.612-0800: 12.090: [CMS-concurrent-mark: 0.002/0.003 secs] [Times: user=0.00 sys=0.00, real=0.01 secs] 
 (concurrent mode interrupted): 6076K->6079K(6848K), 0.0054926 secs] 6131K->6079K(9920K), [Metaspace: 4890K->4890K(139264K)], 0.0055412 secs] [Times: user=0.01 sys=0.00, real=0.00 secs] 
2020-11-18T11:05:55.617-0800: 12.096: [Full GC (System.gc()) 2020-11-18T11:05:55.617-0800: 12.096: [CMS: 6079K->6081K(6848K), 0.0040075 secs] 6133K->6081K(9920K), [Metaspace: 4890K->4890K(139264K)], 0.0040830 secs] [Times: user=0.00 sys=0.00, real=0.01 secs] 
2020-11-18T11:05:55.621-0800: 12.100: [GC (CMS Initial Mark) [1 CMS-initial-mark: 6081K(6848K)] 6081K(9920K), 0.0002184 secs] [Times: user=0.00 sys=0.00, real=0.00 secs] 
2020-11-18T11:05:55.622-0800: 12.100: [CMS-concurrent-mark-start]
2020-11-18T11:05:55.623-0800: 12.101: [Full GC (System.gc()) 2020-11-18T11:05:55.623-0800: 12.101: [CMS2020-11-18T11:05:55.625-0800: 12.103: [CMS-concurrent-mark: 0.002/0.003 secs] [Times: user=0.01 sys=0.00, real=0.00 secs] 
 (concurrent mode interrupted): 6081K->6084K(6848K), 0.0057854 secs] 6136K->6084K(9920K), [Metaspace: 4890K->4890K(139264K)], 0.0058337 secs] [Times: user=0.01 sys=0.00, real=0.00 secs] 
2020-11-18T11:05:55.630-0800: 12.109: [Full GC (System.gc()) 2020-11-18T11:05:55.630-0800: 12.109: [CMS: 6084K->6086K(6848K), 0.0039378 secs] 6138K->6086K(9920K), [Metaspace: 4890K->4890K(139264K)], 0.0040140 secs] [Times: user=0.00 sys=0.00, real=0.00 secs] 
2020-11-18T11:05:55.634-0800: 12.113: [GC (CMS Initial Mark) [1 CMS-initial-mark: 6086K(6848K)] 6086K(9920K), 0.0002605 secs] [Times: user=0.00 sys=0.00, real=0.00 secs] 
2020-11-18T11:05:55.635-0800: 12.113: [CMS-concurrent-mark-start]
2020-11-18T11:05:55.636-0800: 12.114: [Full GC (System.gc()) 2020-11-18T11:05:55.636-0800: 12.114: [CMS2020-11-18T11:05:55.637-0800: 12.116: [CMS-concurrent-mark: 0.002/0.003 secs] [Times: user=0.01 sys=0.00, real=0.00 secs] 
 (concurrent mode interrupted): 6086K->6088K(6848K), 0.0056381 secs] 6140K->6088K(9920K), [Metaspace: 4890K->4890K(139264K)], 0.0056925 secs] [Times: user=0.00 sys=0.00, real=0.01 secs] 
2020-11-18T11:05:55.643-0800: 12.121: [Full GC (System.gc()) 2020-11-18T11:05:55.643-0800: 12.121: [CMS: 6088K->6091K(6848K), 0.0040185 secs] 6143K->6091K(9920K), [Metaspace: 4890K->4890K(139264K)], 0.0040914 secs] [Times: user=0.01 sys=0.00, real=0.00 secs] 
2020-11-18T11:05:55.647-0800: 12.125: [GC (CMS Initial Mark) [1 CMS-initial-mark: 6091K(6848K)] 6091K(9920K), 0.0001846 secs] [Times: user=0.00 sys=0.00, real=0.00 secs] 
2020-11-18T11:05:55.647-0800: 12.126: [CMS-concurrent-mark-start]
2020-11-18T11:05:55.648-0800: 12.127: [Full GC (System.gc()) 2020-11-18T11:05:55.648-0800: 12.127: [CMS2020-11-18T11:05:55.650-0800: 12.128: [CMS-concurrent-mark: 0.002/0.003 secs] [Times: user=0.00 sys=0.00, real=0.01 secs] 
 (concurrent mode interrupted): 6091K->6093K(6848K), 0.0054410 secs] 6145K->6093K(9920K), [Metaspace: 4890K->4890K(139264K)], 0.0054938 secs] [Times: user=0.01 sys=0.00, real=0.01 secs] 
2020-11-18T11:05:55.655-0800: 12.134: [Full GC (System.gc()) 2020-11-18T11:05:55.655-0800: 12.134: [CMS: 6093K->6096K(6848K), 0.0040076 secs] 6148K->6096K(9920K), [Metaspace: 4890K->4890K(139264K)], 0.0040808 secs] [Times: user=0.00 sys=0.00, real=0.00 secs] 
2020-11-18T11:05:55.660-0800: 12.138: [GC (CMS Initial Mark) [1 CMS-initial-mark: 6096K(6848K)] 6096K(9920K), 0.0002393 secs] [Times: user=0.00 sys=0.00, real=0.00 secs] 
2020-11-18T11:05:55.660-0800: 12.138: [CMS-concurrent-mark-start]
2020-11-18T11:05:55.661-0800: 12.139: [Full GC (System.gc()) 2020-11-18T11:05:55.661-0800: 12.139: [CMS2020-11-18T11:05:55.662-0800: 12.141: [CMS-concurrent-mark: 0.002/0.003 secs] [Times: user=0.00 sys=0.00, real=0.00 secs] 
 (concurrent mode interrupted): 6096K->6098K(6848K), 0.0050852 secs] 6150K->6098K(9920K), [Metaspace: 4890K->4890K(139264K)], 0.0051272 secs] [Times: user=0.01 sys=0.00, real=0.00 secs] 
2020-11-18T11:05:55.667-0800: 12.146: [Full GC (System.gc()) 2020-11-18T11:05:55.667-0800: 12.146: [CMS: 6098K->6100K(6848K), 0.0040102 secs] 6152K->6100K(9920K), [Metaspace: 4890K->4890K(139264K)], 0.0040825 secs] [Times: user=0.00 sys=0.00, real=0.01 secs] 
2020-11-18T11:05:55.672-0800: 12.150: [GC (CMS Initial Mark) [1 CMS-initial-mark: 6100K(6848K)] 6100K(9920K), 0.0001874 secs] [Times: user=0.00 sys=0.00, real=0.00 secs] 
2020-11-18T11:05:55.672-0800: 12.150: [CMS-concurrent-mark-start]
2020-11-18T11:05:55.673-0800: 12.151: [Full GC (System.gc()) 2020-11-18T11:05:55.673-0800: 12.152: [CMS2020-11-18T11:05:55.675-0800: 12.153: [CMS-concurrent-mark: 0.002/0.003 secs] [Times: user=0.01 sys=0.00, real=0.00 secs] 
 (concurrent mode interrupted): 6100K->6103K(6848K), 0.0056818 secs] 6155K->6103K(9920K), [Metaspace: 4890K->4890K(139264K)], 0.0057338 secs] [Times: user=0.00 sys=0.00, real=0.00 secs] 
2020-11-18T11:05:55.680-0800: 12.159: [Full GC (System.gc()) 2020-11-18T11:05:55.680-0800: 12.159: [CMS: 6103K->6105K(6848K), 0.0038264 secs] 6157K->6105K(9920K), [Metaspace: 4890K->4890K(139264K)], 0.0038961 secs] [Times: user=0.00 sys=0.00, real=0.00 secs] 
2020-11-18T11:05:55.684-0800: 12.163: [GC (CMS Initial Mark) [1 CMS-initial-mark: 6105K(6848K)] 6105K(9920K), 0.0001923 secs] [Times: user=0.01 sys=0.00, real=0.00 secs] 
2020-11-18T11:05:55.684-0800: 12.163: [CMS-concurrent-mark-start]
2020-11-18T11:05:55.685-0800: 12.164: [Full GC (System.gc()) 2020-11-18T11:05:55.685-0800: 12.164: [CMS2020-11-18T11:05:55.687-0800: 12.166: [CMS-concurrent-mark: 0.002/0.003 secs] [Times: user=0.00 sys=0.00, real=0.00 secs] 
 (concurrent mode interrupted): 6105K->6108K(6848K), 0.0050002 secs] 6160K->6108K(9920K), [Metaspace: 4890K->4890K(139264K)], 0.0050445 secs] [Times: user=0.00 sys=0.00, real=0.01 secs] 
2020-11-18T11:05:55.692-0800: 12.170: [Full GC (System.gc()) 2020-11-18T11:05:55.692-0800: 12.170: [CMS: 6108K->6110K(6848K), 0.0041944 secs] 6162K->6110K(9920K), [Metaspace: 4890K->4890K(139264K)], 0.0042779 secs] [Times: user=0.01 sys=0.00, real=0.00 secs] 
2020-11-18T11:05:55.696-0800: 12.175: [GC (CMS Initial Mark) [1 CMS-initial-mark: 6110K(6848K)] 6110K(9920K), 0.0001768 secs] [Times: user=0.00 sys=0.00, real=0.00 secs] 
2020-11-18T11:05:55.696-0800: 12.175: [CMS-concurrent-mark-start]
2020-11-18T11:05:55.697-0800: 12.176: [Full GC (System.gc()) 2020-11-18T11:05:55.697-0800: 12.176: [CMS2020-11-18T11:05:55.699-0800: 12.178: [CMS-concurrent-mark: 0.002/0.003 secs] [Times: user=0.00 sys=0.00, real=0.00 secs] 
 (concurrent mode interrupted): 6110K->6113K(6848K), 0.0056592 secs] 6165K->6113K(9920K), [Metaspace: 4890K->4890K(139264K)], 0.0057065 secs] [Times: user=0.01 sys=0.00, real=0.01 secs] 
2020-11-18T11:05:55.704-0800: 12.183: [Full GC (System.gc()) 2020-11-18T11:05:55.704-0800: 12.183: [CMS: 6113K->6115K(6848K), 0.0040642 secs] 6167K->6115K(9920K), [Metaspace: 4890K->4890K(139264K)], 0.0041320 secs] [Times: user=0.00 sys=0.00, real=0.00 secs] 
2020-11-18T11:05:55.709-0800: 12.187: [GC (CMS Initial Mark) [1 CMS-initial-mark: 6115K(6848K)] 6115K(9920K), 0.0001940 secs] [Times: user=0.00 sys=0.00, real=0.00 secs] 
2020-11-18T11:05:55.709-0800: 12.187: [CMS-concurrent-mark-start]
2020-11-18T11:05:55.710-0800: 12.188: [Full GC (System.gc()) 2020-11-18T11:05:55.710-0800: 12.188: [CMS2020-11-18T11:05:55.712-0800: 12.190: [CMS-concurrent-mark: 0.002/0.003 secs] [Times: user=0.01 sys=0.00, real=0.01 secs] 
 (concurrent mode interrupted): 6115K->6117K(6848K), 0.0053698 secs] 6169K->6117K(9920K), [Metaspace: 4890K->4890K(139264K)], 0.0054128 secs] [Times: user=0.01 sys=0.00, real=0.00 secs] 
2020-11-18T11:05:55.717-0800: 12.195: [Full GC (System.gc()) 2020-11-18T11:05:55.717-0800: 12.195: [CMS: 6117K->6120K(6848K), 0.0034204 secs] 6172K->6120K(9920K), [Metaspace: 4890K->4890K(139264K)], 0.0034693 secs] [Times: user=0.00 sys=0.00, real=0.01 secs] 
2020-11-18T11:05:55.720-0800: 12.199: [GC (CMS Initial Mark) [1 CMS-initial-mark: 6120K(6848K)] 6120K(9920K), 0.0001857 secs] [Times: user=0.00 sys=0.00, real=0.00 secs] 
2020-11-18T11:05:55.721-0800: 12.199: [CMS-concurrent-mark-start]
2020-11-18T11:05:55.722-0800: 12.200: [Full GC (System.gc()) 2020-11-18T11:05:55.722-0800: 12.200: [CMS2020-11-18T11:05:55.723-0800: 12.202: [CMS-concurrent-mark: 0.002/0.003 secs] [Times: user=0.01 sys=0.00, real=0.00 secs] 
 (concurrent mode interrupted): 6120K->6122K(6848K), 0.0062097 secs] 6174K->6122K(9920K), [Metaspace: 4890K->4890K(139264K)], 0.0062720 secs] [Times: user=0.00 sys=0.00, real=0.00 secs] 
2020-11-18T11:05:55.729-0800: 12.208: [Full GC (System.gc()) 2020-11-18T11:05:55.729-0800: 12.208: [CMS: 6122K->6125K(6848K), 0.0036189 secs] 6177K->6125K(9920K), [Metaspace: 4890K->4890K(139264K)], 0.0036713 secs] [Times: user=0.00 sys=0.00, real=0.01 secs] 
2020-11-18T11:05:55.733-0800: 12.211: [GC (CMS Initial Mark) [1 CMS-initial-mark: 6125K(6848K)] 6125K(9920K), 0.0001853 secs] [Times: user=0.01 sys=0.00, real=0.00 secs] 
2020-11-18T11:05:55.733-0800: 12.212: [CMS-concurrent-mark-start]
2020-11-18T11:05:55.734-0800: 12.213: [Full GC (System.gc()) 2020-11-18T11:05:55.734-0800: 12.213: [CMS2020-11-18T11:05:55.736-0800: 12.214: [CMS-concurrent-mark: 0.002/0.003 secs] [Times: user=0.00 sys=0.00, real=0.00 secs] 
 (concurrent mode interrupted): 6125K->6127K(6848K), 0.0057351 secs] 6179K->6127K(9920K), [Metaspace: 4890K->4890K(139264K)], 0.0057878 secs] [Times: user=0.00 sys=0.00, real=0.01 secs] 
2020-11-18T11:05:55.741-0800: 12.220: [Full GC (System.gc()) 2020-11-18T11:05:55.741-0800: 12.220: [CMS: 6127K->6129K(6848K), 0.0033731 secs] 6181K->6129K(9920K), [Metaspace: 4890K->4890K(139264K)], 0.0034253 secs] [Times: user=0.01 sys=0.00, real=0.00 secs] 
2020-11-18T11:05:55.745-0800: 12.223: [GC (CMS Initial Mark) [1 CMS-initial-mark: 6129K(6848K)] 6129K(9920K), 0.0001539 secs] [Times: user=0.00 sys=0.00, real=0.00 secs] 
2020-11-18T11:05:55.745-0800: 12.223: [CMS-concurrent-mark-start]
2020-11-18T11:05:55.746-0800: 12.224: [Full GC (System.gc()) 2020-11-18T11:05:55.746-0800: 12.224: [CMS2020-11-18T11:05:55.747-0800: 12.226: [CMS-concurrent-mark: 0.001/0.003 secs] [Times: user=0.00 sys=0.00, real=0.00 secs] 
 (concurrent mode interrupted): 6129K->6132K(6848K), 0.0048815 secs] 6184K->6132K(9920K), [Metaspace: 4890K->4890K(139264K)], 0.0049265 secs] [Times: user=0.00 sys=0.00, real=0.01 secs] 
2020-11-18T11:05:55.752-0800: 12.231: [Full GC (System.gc()) 2020-11-18T11:05:55.752-0800: 12.231: [CMS: 6132K->6134K(6848K), 0.0033453 secs] 6186K->6134K(9920K), [Metaspace: 4890K->4890K(139264K)], 0.0033966 secs] [Times: user=0.01 sys=0.00, real=0.00 secs] 
2020-11-18T11:05:55.756-0800: 12.234: [GC (CMS Initial Mark) [1 CMS-initial-mark: 6134K(6848K)] 6134K(9920K), 0.0002176 secs] [Times: user=0.00 sys=0.00, real=0.00 secs] 
2020-11-18T11:05:55.756-0800: 12.234: [CMS-concurrent-mark-start]
2020-11-18T11:05:55.757-0800: 12.236: [Full GC (System.gc()) 2020-11-18T11:05:55.757-0800: 12.236: [CMS2020-11-18T11:05:55.759-0800: 12.237: [CMS-concurrent-mark: 0.002/0.003 secs] [Times: user=0.00 sys=0.00, real=0.00 secs] 
 (concurrent mode interrupted): 6134K->6137K(6848K), 0.0048362 secs] 6189K->6137K(9920K), [Metaspace: 4890K->4890K(139264K)], 0.0048819 secs] [Times: user=0.01 sys=0.00, real=0.01 secs] 
2020-11-18T11:05:55.763-0800: 12.242: [Full GC (System.gc()) 2020-11-18T11:05:55.764-0800: 12.242: [CMS: 6137K->6139K(6848K), 0.0037068 secs] 6191K->6139K(9920K), [Metaspace: 4890K->4890K(139264K)], 0.0037780 secs] [Times: user=0.00 sys=0.00, real=0.00 secs] 
2020-11-18T11:05:55.767-0800: 12.246: [GC (CMS Initial Mark) [1 CMS-initial-mark: 6139K(6848K)] 6139K(9920K), 0.0002372 secs] [Times: user=0.00 sys=0.00, real=0.00 secs] 
2020-11-18T11:05:55.768-0800: 12.246: [CMS-concurrent-mark-start]
2020-11-18T11:05:55.769-0800: 12.247: [Full GC (System.gc()) 2020-11-18T11:05:55.769-0800: 12.247: [CMS2020-11-18T11:05:55.771-0800: 12.249: [CMS-concurrent-mark: 0.002/0.003 secs] [Times: user=0.00 sys=0.00, real=0.01 secs] 
 (concurrent mode interrupted): 6139K->6141K(6848K), 0.0055004 secs] 6193K->6141K(9920K), [Metaspace: 4890K->4890K(139264K)], 0.0055488 secs] [Times: user=0.01 sys=0.00, real=0.01 secs] 
2020-11-18T11:05:55.775-0800: 12.254: [Full GC (System.gc()) 2020-11-18T11:05:55.776-0800: 12.254: [CMS: 6141K->6144K(6848K), 0.0038287 secs] 6196K->6144K(9920K), [Metaspace: 4890K->4890K(139264K)], 0.0038993 secs] [Times: user=0.00 sys=0.00, real=0.00 secs] 
2020-11-18T11:05:55.779-0800: 12.258: [GC (CMS Initial Mark) [1 CMS-initial-mark: 6144K(6848K)] 6144K(9920K), 0.0001908 secs] [Times: user=0.00 sys=0.00, real=0.01 secs] 
2020-11-18T11:05:55.780-0800: 12.258: [CMS-concurrent-mark-start]
2020-11-18T11:05:55.781-0800: 12.259: [Full GC (System.gc()) 2020-11-18T11:05:55.781-0800: 12.259: [CMS2020-11-18T11:05:55.782-0800: 12.261: [CMS-concurrent-mark: 0.002/0.003 secs] [Times: user=0.01 sys=0.00, real=0.00 secs] 
 (concurrent mode interrupted): 6144K->6146K(6848K), 0.0053674 secs] 6198K->6146K(9920K), [Metaspace: 4890K->4890K(139264K)], 0.0054181 secs] [Times: user=0.01 sys=0.00, real=0.00 secs] 
2020-11-18T11:05:55.788-0800: 12.266: [Full GC (System.gc()) 2020-11-18T11:05:55.788-0800: 12.266: [CMS: 6146K->6149K(6848K), 0.0038368 secs] 6201K->6149K(9920K), [Metaspace: 4890K->4890K(139264K)], 0.0039327 secs] [Times: user=0.00 sys=0.00, real=0.01 secs] 
2020-11-18T11:05:55.792-0800: 12.270: [GC (CMS Initial Mark) [1 CMS-initial-mark: 6149K(6848K)] 6149K(9920K), 0.0001866 secs] [Times: user=0.00 sys=0.00, real=0.00 secs] 
2020-11-18T11:05:55.792-0800: 12.271: [CMS-concurrent-mark-start]
2020-11-18T11:05:55.793-0800: 12.271: [Full GC (System.gc()) 2020-11-18T11:05:55.793-0800: 12.271: [CMS2020-11-18T11:05:55.795-0800: 12.274: [CMS-concurrent-mark: 0.002/0.003 secs] [Times: user=0.01 sys=0.00, real=0.00 secs] 
 (concurrent mode interrupted): 6149K->6151K(6848K), 0.0061240 secs] 6203K->6151K(9920K), [Metaspace: 4890K->4890K(139264K)], 0.0061759 secs] [Times: user=0.00 sys=0.00, real=0.00 secs] 
2020-11-18T11:05:55.801-0800: 12.279: [Full GC (System.gc()) 2020-11-18T11:05:55.801-0800: 12.279: [CMS: 6151K->6154K(6848K), 0.0038210 secs] 6206K->6154K(9920K), [Metaspace: 4890K->4890K(139264K)], 0.0038921 secs] [Times: user=0.01 sys=0.00, real=0.00 secs] 
2020-11-18T11:05:55.805-0800: 12.283: [GC (CMS Initial Mark) [1 CMS-initial-mark: 6154K(6848K)] 6154K(9920K), 0.0002022 secs] [Times: user=0.00 sys=0.00, real=0.00 secs] 
2020-11-18T11:05:55.805-0800: 12.283: [CMS-concurrent-mark-start]
2020-11-18T11:05:55.806-0800: 12.284: [Full GC (System.gc()) 2020-11-18T11:05:55.806-0800: 12.284: [CMS2020-11-18T11:05:55.807-0800: 12.286: [CMS-concurrent-mark: 0.002/0.003 secs] [Times: user=0.00 sys=0.00, real=0.00 secs] 
 (concurrent mode interrupted): 6154K->6156K(6848K), 0.0054174 secs] 6208K->6156K(9920K), [Metaspace: 4890K->4890K(139264K)], 0.0054717 secs] [Times: user=0.01 sys=0.00, real=0.01 secs] 
2020-11-18T11:05:55.813-0800: 12.291: [Full GC (System.gc()) 2020-11-18T11:05:55.813-0800: 12.291: [CMS: 6156K->6158K(6848K), 0.0034336 secs] 6210K->6158K(9920K), [Metaspace: 4890K->4890K(139264K)], 0.0034803 secs] [Times: user=0.00 sys=0.00, real=0.00 secs] 
2020-11-18T11:05:55.816-0800: 12.295: [GC (CMS Initial Mark) [1 CMS-initial-mark: 6158K(6848K)] 6158K(9920K), 0.0002224 secs] [Times: user=0.00 sys=0.00, real=0.00 secs] 
2020-11-18T11:05:55.817-0800: 12.295: [CMS-concurrent-mark-start]
2020-11-18T11:05:55.818-0800: 12.296: [Full GC (System.gc()) 2020-11-18T11:05:55.818-0800: 12.296: [CMS2020-11-18T11:05:55.819-0800: 12.298: [CMS-concurrent-mark: 0.001/0.003 secs] [Times: user=0.00 sys=0.00, real=0.00 secs] 
 (concurrent mode interrupted): 6158K->6161K(6848K), 0.0049850 secs] 6213K->6161K(9920K), [Metaspace: 4890K->4890K(139264K)], 0.0050311 secs] [Times: user=0.01 sys=0.00, real=0.01 secs] 
2020-11-18T11:05:55.824-0800: 12.303: [Full GC (System.gc()) 2020-11-18T11:05:55.824-0800: 12.303: [CMS: 6161K->6163K(6848K), 0.0038003 secs] 6215K->6163K(9920K), [Metaspace: 4890K->4890K(139264K)], 0.0038700 secs] [Times: user=0.00 sys=0.00, real=0.00 secs] 
2020-11-18T11:05:55.828-0800: 12.307: [GC (CMS Initial Mark) [1 CMS-initial-mark: 6163K(6848K)] 6163K(9920K), 0.0001698 secs] [Times: user=0.00 sys=0.00, real=0.00 secs] 
2020-11-18T11:05:55.828-0800: 12.307: [CMS-concurrent-mark-start]
2020-11-18T11:05:55.829-0800: 12.308: [Full GC (System.gc()) 2020-11-18T11:05:55.830-0800: 12.308: [CMS2020-11-18T11:05:55.831-0800: 12.310: [CMS-concurrent-mark: 0.002/0.003 secs] [Times: user=0.01 sys=0.00, real=0.01 secs] 
 (concurrent mode interrupted): 6163K->6166K(6848K), 0.0054729 secs] 6218K->6166K(9920K), [Metaspace: 4890K->4890K(139264K)], 0.0055237 secs] [Times: user=0.01 sys=0.00, real=0.01 secs] 
2020-11-18T11:05:55.836-0800: 12.315: [Full GC (System.gc()) 2020-11-18T11:05:55.836-0800: 12.315: [CMS: 6166K->6168K(6848K), 0.0037421 secs] 6220K->6168K(9920K), [Metaspace: 4890K->4890K(139264K)], 0.0038116 secs] [Times: user=0.00 sys=0.00, real=0.01 secs] 
2020-11-18T11:05:55.840-0800: 12.319: [GC (CMS Initial Mark) [1 CMS-initial-mark: 6168K(6848K)] 6168K(9920K), 0.0001879 secs] [Times: user=0.00 sys=0.00, real=0.00 secs] 
2020-11-18T11:05:55.840-0800: 12.319: [CMS-concurrent-mark-start]
2020-11-18T11:05:55.842-0800: 12.320: [Full GC (System.gc()) 2020-11-18T11:05:55.842-0800: 12.320: [CMS2020-11-18T11:05:55.843-0800: 12.322: [CMS-concurrent-mark: 0.002/0.003 secs] [Times: user=0.01 sys=0.00, real=0.00 secs] 
 (concurrent mode interrupted): 6168K->6170K(6848K), 0.0056672 secs] 6222K->6170K(9920K), [Metaspace: 4890K->4890K(139264K)], 0.0057197 secs] [Times: user=0.00 sys=0.00, real=0.00 secs] 
2020-11-18T11:05:55.849-0800: 12.327: [Full GC (System.gc()) 2020-11-18T11:05:55.849-0800: 12.327: [CMS: 6170K->6173K(6848K), 0.0041045 secs] 6225K->6173K(9920K), [Metaspace: 4890K->4890K(139264K)], 0.0041910 secs] [Times: user=0.01 sys=0.00, real=0.01 secs] 
2020-11-18T11:05:55.853-0800: 12.331: [GC (CMS Initial Mark) [1 CMS-initial-mark: 6173K(6848K)] 6173K(9920K), 0.0001657 secs] [Times: user=0.00 sys=0.00, real=0.00 secs] 
2020-11-18T11:05:55.853-0800: 12.332: [CMS-concurrent-mark-start]
2020-11-18T11:05:55.854-0800: 12.332: [Full GC (System.gc()) 2020-11-18T11:05:55.854-0800: 12.332: [CMS2020-11-18T11:05:55.856-0800: 12.334: [CMS-concurrent-mark: 0.002/0.003 secs] [Times: user=0.00 sys=0.00, real=0.00 secs] 
 (concurrent mode interrupted): 6173K->6175K(6848K), 0.0051780 secs] 6227K->6175K(9920K), [Metaspace: 4890K->4890K(139264K)], 0.0052272 secs] [Times: user=0.00 sys=0.00, real=0.00 secs] 
2020-11-18T11:05:55.860-0800: 12.339: [Full GC (System.gc()) 2020-11-18T11:05:55.860-0800: 12.339: [CMS: 6175K->6178K(6848K), 0.0032717 secs] 6230K->6178K(9920K), [Metaspace: 4890K->4890K(139264K)], 0.0033155 secs] [Times: user=0.01 sys=0.00, real=0.00 secs] 
2020-11-18T11:05:55.864-0800: 12.342: [GC (CMS Initial Mark) [1 CMS-initial-mark: 6178K(6848K)] 6178K(9920K), 0.0001644 secs] [Times: user=0.00 sys=0.00, real=0.00 secs] 
2020-11-18T11:05:55.864-0800: 12.343: [CMS-concurrent-mark-start]
2020-11-18T11:05:55.865-0800: 12.344: [Full GC (System.gc()) 2020-11-18T11:05:55.865-0800: 12.344: [CMS2020-11-18T11:05:55.867-0800: 12.345: [CMS-concurrent-mark: 0.002/0.003 secs] [Times: user=0.00 sys=0.00, real=0.00 secs] 
 (concurrent mode interrupted): 6178K->6180K(6848K), 0.0049003 secs] 6232K->6180K(9920K), [Metaspace: 4890K->4890K(139264K)], 0.0049627 secs] [Times: user=0.01 sys=0.00, real=0.01 secs] 
2020-11-18T11:05:55.872-0800: 12.350: [Full GC (System.gc()) 2020-11-18T11:05:55.872-0800: 12.350: [CMS: 6180K->6183K(6848K), 0.0030912 secs] 6235K->6183K(9920K), [Metaspace: 4890K->4890K(139264K)], 0.0031312 secs] [Times: user=0.00 sys=0.00, real=0.00 secs] 
2020-11-18T11:05:55.875-0800: 12.353: [GC (CMS Initial Mark) [1 CMS-initial-mark: 6183K(6848K)] 6183K(9920K), 0.0001819 secs] [Times: user=0.00 sys=0.00, real=0.00 secs] 
2020-11-18T11:05:55.875-0800: 12.354: [CMS-concurrent-mark-start]
2020-11-18T11:05:55.876-0800: 12.355: [Full GC (System.gc()) 2020-11-18T11:05:55.876-0800: 12.355: [CMS2020-11-18T11:05:55.878-0800: 12.356: [CMS-concurrent-mark: 0.001/0.003 secs] [Times: user=0.00 sys=0.00, real=0.00 secs] 
 (concurrent mode interrupted): 6183K->6185K(6848K), 0.0044912 secs] 6237K->6185K(9920K), [Metaspace: 4890K->4890K(139264K)], 0.0045303 secs] [Times: user=0.01 sys=0.00, real=0.01 secs] 
2020-11-18T11:05:55.882-0800: 12.361: [Full GC (System.gc()) 2020-11-18T11:05:55.882-0800: 12.361: [CMS: 6185K->6187K(6848K), 0.0029445 secs] 6239K->6187K(9920K), [Metaspace: 4890K->4890K(139264K)], 0.0029840 secs] [Times: user=0.00 sys=0.00, real=0.00 secs] 
2020-11-18T11:05:55.885-0800: 12.364: [GC (CMS Initial Mark) [1 CMS-initial-mark: 6187K(6848K)] 6187K(9920K), 0.0001804 secs] [Times: user=0.00 sys=0.00, real=0.00 secs] 
2020-11-18T11:05:55.885-0800: 12.364: [CMS-concurrent-mark-start]
2020-11-18T11:05:55.886-0800: 12.365: [Full GC (System.gc()) 2020-11-18T11:05:55.886-0800: 12.365: [CMS2020-11-18T11:05:55.888-0800: 12.367: [CMS-concurrent-mark: 0.001/0.003 secs] [Times: user=0.00 sys=0.00, real=0.00 secs] 
 (concurrent mode interrupted): 6187K->6190K(6848K), 0.0049651 secs] 6242K->6190K(9920K), [Metaspace: 4890K->4890K(139264K)], 0.0050077 secs] [Times: user=0.01 sys=0.00, real=0.01 secs] 
2020-11-18T11:05:55.893-0800: 12.371: [Full GC (System.gc()) 2020-11-18T11:05:55.893-0800: 12.371: [CMS: 6190K->6192K(6848K), 0.0034851 secs] 6244K->6192K(9920K), [Metaspace: 4890K->4890K(139264K)], 0.0035471 secs] [Times: user=0.00 sys=0.00, real=0.00 secs] 
2020-11-18T11:05:55.896-0800: 12.375: [GC (CMS Initial Mark) [1 CMS-initial-mark: 6192K(6848K)] 6192K(9920K), 0.0001774 secs] [Times: user=0.00 sys=0.00, real=0.00 secs] 
2020-11-18T11:05:55.897-0800: 12.375: [CMS-concurrent-mark-start]
2020-11-18T11:05:55.898-0800: 12.376: [Full GC (System.gc()) 2020-11-18T11:05:55.898-0800: 12.376: [CMS2020-11-18T11:05:55.899-0800: 12.378: [CMS-concurrent-mark: 0.001/0.003 secs] [Times: user=0.00 sys=0.00, real=0.00 secs] 
 (concurrent mode interrupted): 6192K->6195K(6848K), 0.0044676 secs] 6247K->6195K(9920K), [Metaspace: 4890K->4890K(139264K)], 0.0045112 secs] [Times: user=0.01 sys=0.00, real=0.01 secs] 
2020-11-18T11:05:55.903-0800: 12.382: [Full GC (System.gc()) 2020-11-18T11:05:55.903-0800: 12.382: [CMS: 6195K->6197K(6848K), 0.0039698 secs] 6249K->6197K(9920K), [Metaspace: 4890K->4890K(139264K)], 0.0040361 secs] [Times: user=0.00 sys=0.00, real=0.00 secs] 
2020-11-18T11:05:55.908-0800: 12.386: [GC (CMS Initial Mark) [1 CMS-initial-mark: 6197K(6848K)] 6197K(9920K), 0.0002116 secs] [Times: user=0.00 sys=0.00, real=0.00 secs] 
2020-11-18T11:05:55.908-0800: 12.386: [CMS-concurrent-mark-start]
2020-11-18T11:05:55.909-0800: 12.387: [Full GC (System.gc()) 2020-11-18T11:05:55.909-0800: 12.387: [CMS2020-11-18T11:05:55.911-0800: 12.389: [CMS-concurrent-mark: 0.002/0.003 secs] [Times: user=0.01 sys=0.00, real=0.01 secs] 
 (concurrent mode interrupted): 6197K->6199K(6848K), 0.0056654 secs] 6251K->6199K(9920K), [Metaspace: 4890K->4890K(139264K)], 0.0057163 secs] [Times: user=0.01 sys=0.00, real=0.01 secs] 
2020-11-18T11:05:55.916-0800: 12.394: [Full GC (System.gc()) 2020-11-18T11:05:55.916-0800: 12.394: [CMS: 6199K->6202K(6848K), 0.0039544 secs] 6254K->6202K(9920K), [Metaspace: 4890K->4890K(139264K)], 0.0040442 secs] [Times: user=0.00 sys=0.00, real=0.01 secs] 
2020-11-18T11:05:55.920-0800: 12.398: [GC (CMS Initial Mark) [1 CMS-initial-mark: 6202K(6848K)] 6202K(9920K), 0.0002570 secs] [Times: user=0.00 sys=0.00, real=0.00 secs] 
2020-11-18T11:05:55.920-0800: 12.399: [CMS-concurrent-mark-start]
2020-11-18T11:05:55.921-0800: 12.400: [Full GC (System.gc()) 2020-11-18T11:05:55.921-0800: 12.400: [CMS2020-11-18T11:05:55.923-0800: 12.402: [CMS-concurrent-mark: 0.002/0.003 secs] [Times: user=0.01 sys=0.00, real=0.00 secs] 
 (concurrent mode interrupted): 6202K->6204K(6848K), 0.0057227 secs] 6256K->6204K(9920K), [Metaspace: 4890K->4890K(139264K)], 0.0057733 secs] [Times: user=0.00 sys=0.00, real=0.00 secs] 
2020-11-18T11:05:55.929-0800: 12.407: [Full GC (System.gc()) 2020-11-18T11:05:55.929-0800: 12.407: [CMS: 6204K->6207K(6848K), 0.0039403 secs] 6259K->6207K(9920K), [Metaspace: 4890K->4890K(139264K)], 0.0040140 secs] [Times: user=0.01 sys=0.00, real=0.01 secs] 
2020-11-18T11:05:55.933-0800: 12.411: [GC (CMS Initial Mark) [1 CMS-initial-mark: 6207K(6848K)] 6207K(9920K), 0.0002020 secs] [Times: user=0.00 sys=0.00, real=0.00 secs] 
2020-11-18T11:05:55.933-0800: 12.411: [CMS-concurrent-mark-start]
2020-11-18T11:05:55.934-0800: 12.412: [Full GC (System.gc()) 2020-11-18T11:05:55.934-0800: 12.412: [CMS2020-11-18T11:05:55.936-0800: 12.414: [CMS-concurrent-mark: 0.002/0.003 secs] [Times: user=0.00 sys=0.01, real=0.00 secs] 
 (concurrent mode interrupted): 6207K->6209K(6848K), 0.0058012 secs] 6261K->6209K(9920K), [Metaspace: 4890K->4890K(139264K)], 0.0058569 secs] [Times: user=0.01 sys=0.00, real=0.01 secs] 
2020-11-18T11:05:55.941-0800: 12.420: [Full GC (System.gc()) 2020-11-18T11:05:55.941-0800: 12.420: [CMS: 6209K->6212K(6848K), 0.0038914 secs] 6263K->6212K(9920K), [Metaspace: 4890K->4890K(139264K)], 0.0039602 secs] [Times: user=0.00 sys=0.00, real=0.00 secs] 
2020-11-18T11:05:55.945-0800: 12.424: [GC (CMS Initial Mark) [1 CMS-initial-mark: 6212K(6848K)] 6212K(9920K), 0.0001819 secs] [Times: user=0.00 sys=0.00, real=0.00 secs] 
2020-11-18T11:05:55.945-0800: 12.424: [CMS-concurrent-mark-start]
2020-11-18T11:05:55.946-0800: 12.425: [Full GC (System.gc()) 2020-11-18T11:05:55.946-0800: 12.425: [CMS2020-11-18T11:05:55.948-0800: 12.427: [CMS-concurrent-mark: 0.002/0.003 secs] [Times: user=0.00 sys=0.00, real=0.00 secs] 
 (concurrent mode interrupted): 6212K->6214K(6848K), 0.0052183 secs] 6266K->6214K(9920K), [Metaspace: 4890K->4890K(139264K)], 0.0052559 secs] [Times: user=0.01 sys=0.00, real=0.01 secs] 
2020-11-18T11:05:55.953-0800: 12.432: [Full GC (System.gc()) 2020-11-18T11:05:55.953-0800: 12.432: [CMS: 6214K->6216K(6848K), 0.0032699 secs] 6268K->6216K(9920K), [Metaspace: 4890K->4890K(139264K)], 0.0033164 secs] [Times: user=0.00 sys=0.00, real=0.00 secs] 
2020-11-18T11:05:55.957-0800: 12.435: [GC (CMS Initial Mark) [1 CMS-initial-mark: 6216K(6848K)] 6216K(9920K), 0.0001973 secs] [Times: user=0.00 sys=0.00, real=0.00 secs] 
2020-11-18T11:05:55.957-0800: 12.435: [CMS-concurrent-mark-start]
2020-11-18T11:05:55.958-0800: 12.436: [Full GC (System.gc()) 2020-11-18T11:05:55.958-0800: 12.436: [CMS2020-11-18T11:05:55.960-0800: 12.438: [CMS-concurrent-mark: 0.002/0.003 secs] [Times: user=0.01 sys=0.00, real=0.01 secs] 
 (concurrent mode interrupted): 6216K->6219K(6848K), 0.0056885 secs] 6271K->6219K(9920K), [Metaspace: 4890K->4890K(139264K)], 0.0057406 secs] [Times: user=0.01 sys=0.00, real=0.01 secs] 
2020-11-18T11:05:55.965-0800: 12.443: [Full GC (System.gc()) 2020-11-18T11:05:55.965-0800: 12.443: [CMS: 6219K->6221K(6848K), 0.0038378 secs] 6273K->6221K(9920K), [Metaspace: 4890K->4890K(139264K)], 0.0039073 secs] [Times: user=0.00 sys=0.00, real=0.00 secs] 
2020-11-18T11:05:55.969-0800: 12.447: [GC (CMS Initial Mark) [1 CMS-initial-mark: 6221K(6848K)] 6221K(9920K), 0.0001805 secs] [Times: user=0.00 sys=0.00, real=0.00 secs] 
2020-11-18T11:05:55.969-0800: 12.448: [CMS-concurrent-mark-start]
2020-11-18T11:05:55.970-0800: 12.449: [Full GC (System.gc()) 2020-11-18T11:05:55.970-0800: 12.449: [CMS2020-11-18T11:05:55.972-0800: 12.450: [CMS-concurrent-mark: 0.002/0.003 secs] [Times: user=0.01 sys=0.00, real=0.01 secs] 
 (concurrent mode interrupted): 6221K->6224K(6848K), 0.0054704 secs] 6276K->6224K(9920K), [Metaspace: 4890K->4890K(139264K)], 0.0055288 secs] [Times: user=0.00 sys=0.00, real=0.00 secs] 
2020-11-18T11:05:55.977-0800: 12.455: [Full GC (System.gc()) 2020-11-18T11:05:55.977-0800: 12.456: [CMS: 6224K->6226K(6848K), 0.0039509 secs] 6278K->6226K(9920K), [Metaspace: 4890K->4890K(139264K)], 0.0040248 secs] [Times: user=0.01 sys=0.00, real=0.01 secs] 
2020-11-18T11:05:55.981-0800: 12.460: [GC (CMS Initial Mark) [1 CMS-initial-mark: 6226K(6848K)] 6226K(9920K), 0.0001889 secs] [Times: user=0.00 sys=0.00, real=0.00 secs] 
2020-11-18T11:05:55.981-0800: 12.460: [CMS-concurrent-mark-start]
2020-11-18T11:05:55.982-0800: 12.461: [Full GC (System.gc()) 2020-11-18T11:05:55.983-0800: 12.461: [CMS2020-11-18T11:05:55.984-0800: 12.463: [CMS-concurrent-mark: 0.002/0.003 secs] [Times: user=0.00 sys=0.00, real=0.00 secs] 
 (concurrent mode interrupted): 6226K->6228K(6848K), 0.0055975 secs] 6280K->6228K(9920K), [Metaspace: 4890K->4890K(139264K)], 0.0056442 secs] [Times: user=0.00 sys=0.00, real=0.00 secs] 
2020-11-18T11:05:55.990-0800: 12.468: [Full GC (System.gc()) 2020-11-18T11:05:55.990-0800: 12.468: [CMS: 6228K->6231K(6848K), 0.0038921 secs] 6283K->6231K(9920K), [Metaspace: 4890K->4890K(139264K)], 0.0039661 secs] [Times: user=0.01 sys=0.00, real=0.00 secs] 
2020-11-18T11:05:55.994-0800: 12.472: [GC (CMS Initial Mark) [1 CMS-initial-mark: 6231K(6848K)] 6231K(9920K), 0.0002106 secs] [Times: user=0.00 sys=0.00, real=0.00 secs] 
2020-11-18T11:05:55.994-0800: 12.472: [CMS-concurrent-mark-start]
2020-11-18T11:05:55.995-0800: 12.474: [Full GC (System.gc()) 2020-11-18T11:05:55.995-0800: 12.474: [CMS2020-11-18T11:05:55.997-0800: 12.476: [CMS-concurrent-mark: 0.002/0.003 secs] [Times: user=0.00 sys=0.00, real=0.00 secs] 
 (concurrent mode interrupted): 6231K->6233K(6848K), 0.0059344 secs] 6285K->6233K(9920K), [Metaspace: 4890K->4890K(139264K)], 0.0059858 secs] [Times: user=0.01 sys=0.00, real=0.01 secs] 
2020-11-18T11:05:56.003-0800: 12.481: [Full GC (System.gc()) 2020-11-18T11:05:56.003-0800: 12.481: [CMS: 6233K->6236K(6848K), 0.0041353 secs] 6288K->6236K(9920K), [Metaspace: 4890K->4890K(139264K)], 0.0042130 secs] [Times: user=0.00 sys=0.00, real=0.00 secs] 
2020-11-18T11:05:56.007-0800: 12.485: [GC (CMS Initial Mark) [1 CMS-initial-mark: 6236K(6848K)] 6236K(9920K), 0.0001952 secs] [Times: user=0.00 sys=0.00, real=0.00 secs] 
2020-11-18T11:05:56.007-0800: 12.486: [CMS-concurrent-mark-start]
2020-11-18T11:05:56.008-0800: 12.487: [Full GC (System.gc()) 2020-11-18T11:05:56.008-0800: 12.487: [CMS2020-11-18T11:05:56.010-0800: 12.489: [CMS-concurrent-mark: 0.002/0.003 secs] [Times: user=0.01 sys=0.00, real=0.01 secs] 
 (concurrent mode interrupted): 6236K->6238K(6848K), 0.0054019 secs] 6290K->6238K(9920K), [Metaspace: 4890K->4890K(139264K)], 0.0054536 secs] [Times: user=0.00 sys=0.00, real=0.01 secs] 
2020-11-18T11:05:56.015-0800: 12.493: [Full GC (System.gc()) 2020-11-18T11:05:56.015-0800: 12.493: [CMS: 6238K->6240K(6848K), 0.0032854 secs] 6292K->6240K(9920K), [Metaspace: 4890K->4890K(139264K)], 0.0033307 secs] [Times: user=0.00 sys=0.00, real=0.00 secs] 
2020-11-18T11:05:56.018-0800: 12.497: [GC (CMS Initial Mark) [1 CMS-initial-mark: 6240K(6848K)] 6240K(9920K), 0.0002011 secs] [Times: user=0.00 sys=0.00, real=0.00 secs] 
2020-11-18T11:05:56.018-0800: 12.497: [CMS-concurrent-mark-start]
2020-11-18T11:05:56.020-0800: 12.498: [Full GC (System.gc()) 2020-11-18T11:05:56.020-0800: 12.498: [CMS2020-11-18T11:05:56.021-0800: 12.500: [CMS-concurrent-mark: 0.002/0.003 secs] [Times: user=0.01 sys=0.00, real=0.01 secs] 
 (concurrent mode interrupted): 6240K->6243K(6848K), 0.0048550 secs] 6295K->6243K(9920K), [Metaspace: 4890K->4890K(139264K)], 0.0048983 secs] [Times: user=0.00 sys=0.00, real=0.00 secs] 
2020-11-18T11:05:56.026-0800: 12.504: [Full GC (System.gc()) 2020-11-18T11:05:56.026-0800: 12.504: [CMS: 6243K->6245K(6848K), 0.0034007 secs] 6297K->6245K(9920K), [Metaspace: 4890K->4890K(139264K)], 0.0034487 secs] [Times: user=0.01 sys=0.00, real=0.00 secs] 
2020-11-18T11:05:56.029-0800: 12.508: [GC (CMS Initial Mark) [1 CMS-initial-mark: 6245K(6848K)] 6245K(9920K), 0.0001693 secs] [Times: user=0.00 sys=0.00, real=0.00 secs] 
2020-11-18T11:05:56.029-0800: 12.508: [CMS-concurrent-mark-start]
2020-11-18T11:05:56.031-0800: 12.509: [Full GC (System.gc()) 2020-11-18T11:05:56.031-0800: 12.509: [CMS2020-11-18T11:05:56.032-0800: 12.511: [CMS-concurrent-mark: 0.002/0.003 secs] [Times: user=0.00 sys=0.00, real=0.01 secs] 
 (concurrent mode interrupted): 6245K->6248K(6848K), 0.0054057 secs] 6300K->6248K(9920K), [Metaspace: 4890K->4890K(139264K)], 0.0054556 secs] [Times: user=0.00 sys=0.00, real=0.00 secs] 
2020-11-18T11:05:56.037-0800: 12.516: [Full GC (System.gc()) 2020-11-18T11:05:56.037-0800: 12.516: [CMS: 6248K->6250K(6848K), 0.0037885 secs] 6302K->6250K(9920K), [Metaspace: 4890K->4890K(139264K)], 0.0038608 secs] [Times: user=0.01 sys=0.00, real=0.01 secs] 
2020-11-18T11:05:56.041-0800: 12.520: [GC (CMS Initial Mark) [1 CMS-initial-mark: 6250K(6848K)] 6250K(9920K), 0.0001950 secs] [Times: user=0.00 sys=0.00, real=0.00 secs] 
2020-11-18T11:05:56.041-0800: 12.520: [CMS-concurrent-mark-start]
2020-11-18T11:05:56.042-0800: 12.521: [Full GC (System.gc()) 2020-11-18T11:05:56.042-0800: 12.521: [CMS2020-11-18T11:05:56.044-0800: 12.523: [CMS-concurrent-mark: 0.002/0.003 secs] [Times: user=0.00 sys=0.00, real=0.00 secs] 
 (concurrent mode interrupted): 6250K->6253K(6848K), 0.0056918 secs] 6305K->6253K(9920K), [Metaspace: 4890K->4890K(139264K)], 0.0057439 secs] [Times: user=0.01 sys=0.00, real=0.00 secs] 
2020-11-18T11:05:56.050-0800: 12.528: [Full GC (System.gc()) 2020-11-18T11:05:56.050-0800: 12.528: [CMS: 6253K->6255K(6848K), 0.0039762 secs] 6307K->6255K(9920K), [Metaspace: 4890K->4890K(139264K)], 0.0040518 secs] [Times: user=0.00 sys=0.00, real=0.00 secs] 
2020-11-18T11:05:56.054-0800: 12.532: [GC (CMS Initial Mark) [1 CMS-initial-mark: 6255K(6848K)] 6255K(9920K), 0.0001862 secs] [Times: user=0.00 sys=0.00, real=0.00 secs] 
2020-11-18T11:05:56.054-0800: 12.532: [CMS-concurrent-mark-start]
2020-11-18T11:05:56.055-0800: 12.533: [Full GC (System.gc()) 2020-11-18T11:05:56.055-0800: 12.533: [CMS2020-11-18T11:05:56.057-0800: 12.536: [CMS-concurrent-mark: 0.002/0.003 secs] [Times: user=0.01 sys=0.00, real=0.00 secs] 
 (concurrent mode interrupted): 6255K->6257K(6848K), 0.0059871 secs] 6309K->6257K(9920K), [Metaspace: 4890K->4890K(139264K)], 0.0060436 secs] [Times: user=0.01 sys=0.00, real=0.01 secs] 
2020-11-18T11:05:56.062-0800: 12.541: [Full GC (System.gc()) 2020-11-18T11:05:56.062-0800: 12.541: [CMS: 6257K->6260K(6848K), 0.0039501 secs] 6312K->6260K(9920K), [Metaspace: 4890K->4890K(139264K)], 0.0040222 secs] [Times: user=0.00 sys=0.00, real=0.00 secs] 
2020-11-18T11:05:56.066-0800: 12.545: [GC (CMS Initial Mark) [1 CMS-initial-mark: 6260K(6848K)] 6260K(9920K), 0.0002205 secs] [Times: user=0.00 sys=0.00, real=0.00 secs] 
2020-11-18T11:05:56.067-0800: 12.545: [CMS-concurrent-mark-start]
2020-11-18T11:05:56.068-0800: 12.546: [Full GC (System.gc()) 2020-11-18T11:05:56.068-0800: 12.546: [CMS2020-11-18T11:05:56.070-0800: 12.548: [CMS-concurrent-mark: 0.002/0.003 secs] [Times: user=0.01 sys=0.00, real=0.01 secs] 
 (concurrent mode interrupted): 6260K->6262K(6848K), 0.0052224 secs] 6314K->6262K(9920K), [Metaspace: 4890K->4890K(139264K)], 0.0052633 secs] [Times: user=0.00 sys=0.00, real=0.01 secs] 
2020-11-18T11:05:56.074-0800: 12.553: [Full GC (System.gc()) 2020-11-18T11:05:56.074-0800: 12.553: [CMS: 6262K->6265K(6848K), 0.0033427 secs] 6317K->6265K(9920K), [Metaspace: 4890K->4890K(139264K)], 0.0033878 secs] [Times: user=0.01 sys=0.00, real=0.00 secs] 
2020-11-18T11:05:56.078-0800: 12.556: [GC (CMS Initial Mark) [1 CMS-initial-mark: 6265K(6848K)] 6265K(9920K), 0.0001862 secs] [Times: user=0.00 sys=0.00, real=0.00 secs] 
2020-11-18T11:05:56.078-0800: 12.556: [CMS-concurrent-mark-start]
2020-11-18T11:05:56.079-0800: 12.557: [Full GC (System.gc()) 2020-11-18T11:05:56.079-0800: 12.557: [CMS2020-11-18T11:05:56.081-0800: 12.559: [CMS-concurrent-mark: 0.002/0.003 secs] [Times: user=0.00 sys=0.00, real=0.01 secs] 
 (concurrent mode interrupted): 6265K->6267K(6848K), 0.0058138 secs] 6319K->6267K(9920K), [Metaspace: 4890K->4890K(139264K)], 0.0058640 secs] [Times: user=0.00 sys=0.00, real=0.01 secs] 
2020-11-18T11:05:56.086-0800: 12.565: [Full GC (System.gc()) 2020-11-18T11:05:56.086-0800: 12.565: [CMS: 6267K->6269K(6848K), 0.0038747 secs] 6321K->6269K(9920K), [Metaspace: 4890K->4890K(139264K)], 0.0039455 secs] [Times: user=0.01 sys=0.00, real=0.01 secs] 
2020-11-18T11:05:56.090-0800: 12.569: [GC (CMS Initial Mark) [1 CMS-initial-mark: 6269K(6848K)] 6269K(9920K), 0.0002055 secs] [Times: user=0.00 sys=0.00, real=0.00 secs] 
2020-11-18T11:05:56.090-0800: 12.569: [CMS-concurrent-mark-start]
2020-11-18T11:05:56.091-0800: 12.570: [Full GC (System.gc()) 2020-11-18T11:05:56.091-0800: 12.570: [CMS2020-11-18T11:05:56.094-0800: 12.572: [CMS-concurrent-mark: 0.002/0.003 secs] [Times: user=0.00 sys=0.00, real=0.00 secs] 
 (concurrent mode interrupted): 6269K->6272K(6848K), 0.0058622 secs] 6324K->6272K(9920K), [Metaspace: 4890K->4890K(139264K)], 0.0059128 secs] [Times: user=0.01 sys=0.00, real=0.00 secs] 
2020-11-18T11:05:56.099-0800: 12.577: [Full GC (System.gc()) 2020-11-18T11:05:56.099-0800: 12.577: [CMS: 6272K->6274K(6848K), 0.0038651 secs] 6326K->6274K(9920K), [Metaspace: 4890K->4890K(139264K)], 0.0039345 secs] [Times: user=0.00 sys=0.00, real=0.01 secs] 
2020-11-18T11:05:56.103-0800: 12.581: [GC (CMS Initial Mark) [1 CMS-initial-mark: 6274K(6848K)] 6274K(9920K), 0.0001958 secs] [Times: user=0.00 sys=0.00, real=0.00 secs] 
2020-11-18T11:05:56.103-0800: 12.581: [CMS-concurrent-mark-start]
2020-11-18T11:05:56.104-0800: 12.582: [Full GC (System.gc()) 2020-11-18T11:05:56.104-0800: 12.582: [CMS2020-11-18T11:05:56.106-0800: 12.584: [CMS-concurrent-mark: 0.002/0.003 secs] [Times: user=0.01 sys=0.00, real=0.00 secs] 
 (concurrent mode interrupted): 6274K->6277K(6848K), 0.0064472 secs] 6329K->6277K(9920K), [Metaspace: 4890K->4890K(139264K)], 0.0065095 secs] [Times: user=0.01 sys=0.00, real=0.01 secs] 
2020-11-18T11:05:56.112-0800: 12.590: [Full GC (System.gc()) 2020-11-18T11:05:56.112-0800: 12.591: [CMS: 6277K->6279K(6848K), 0.0038733 secs] 6331K->6279K(9920K), [Metaspace: 4890K->4890K(139264K)], 0.0039546 secs] [Times: user=0.00 sys=0.00, real=0.00 secs] 
2020-11-18T11:05:56.116-0800: 12.595: [GC (CMS Initial Mark) [1 CMS-initial-mark: 6279K(6848K)] 6279K(9920K), 0.0002099 secs] [Times: user=0.01 sys=0.00, real=0.00 secs] 
2020-11-18T11:05:56.116-0800: 12.595: [CMS-concurrent-mark-start]
2020-11-18T11:05:56.117-0800: 12.596: [Full GC (System.gc()) 2020-11-18T11:05:56.117-0800: 12.596: [CMS2020-11-18T11:05:56.119-0800: 12.598: [CMS-concurrent-mark: 0.002/0.003 secs] [Times: user=0.00 sys=0.00, real=0.00 secs] 
 (concurrent mode interrupted): 6279K->6282K(6848K), 0.0052062 secs] 6333K->6282K(9920K), [Metaspace: 4890K->4890K(139264K)], 0.0052653 secs] [Times: user=0.00 sys=0.00, real=0.01 secs] 
2020-11-18T11:05:56.124-0800: 12.602: [Full GC (System.gc()) 2020-11-18T11:05:56.124-0800: 12.603: [CMS: 6282K->6284K(6848K), 0.0045358 secs] 6336K->6284K(9920K), [Metaspace: 4890K->4890K(139264K)], 0.0046189 secs] [Times: user=0.01 sys=0.00, real=0.00 secs] 
2020-11-18T11:05:56.129-0800: 12.607: [GC (CMS Initial Mark) [1 CMS-initial-mark: 6284K(6848K)] 6284K(9920K), 0.0002005 secs] [Times: user=0.00 sys=0.00, real=0.00 secs] 
2020-11-18T11:05:56.129-0800: 12.608: [CMS-concurrent-mark-start]
2020-11-18T11:05:56.130-0800: 12.609: [Full GC (System.gc()) 2020-11-18T11:05:56.130-0800: 12.609: [CMS2020-11-18T11:05:56.132-0800: 12.610: [CMS-concurrent-mark: 0.002/0.003 secs] [Times: user=0.00 sys=0.00, real=0.01 secs] 
 (concurrent mode interrupted): 6284K->6286K(6848K), 0.0064503 secs] 6338K->6286K(9920K), [Metaspace: 4890K->4890K(139264K)], 0.0065109 secs] [Times: user=0.01 sys=0.00, real=0.00 secs] 
2020-11-18T11:05:56.138-0800: 12.616: [Full GC (System.gc()) 2020-11-18T11:05:56.138-0800: 12.616: [CMS: 6286K->6289K(6848K), 0.0045652 secs] 6341K->6289K(9920K), [Metaspace: 4890K->4890K(139264K)], 0.0046450 secs] [Times: user=0.00 sys=0.00, real=0.01 secs] 
2020-11-18T11:05:56.143-0800: 12.621: [GC (CMS Initial Mark) [1 CMS-initial-mark: 6289K(6848K)] 6289K(9920K), 0.0001944 secs] [Times: user=0.00 sys=0.00, real=0.00 secs] 
2020-11-18T11:05:56.143-0800: 12.621: [CMS-concurrent-mark-start]
2020-11-18T11:05:56.144-0800: 12.622: [Full GC (System.gc()) 2020-11-18T11:05:56.144-0800: 12.622: [CMS2020-11-18T11:05:56.146-0800: 12.624: [CMS-concurrent-mark: 0.002/0.003 secs] [Times: user=0.01 sys=0.00, real=0.00 secs] 
 (concurrent mode interrupted): 6289K->6291K(6848K), 0.0063183 secs] 6343K->6291K(9920K), [Metaspace: 4890K->4890K(139264K)], 0.0063791 secs] [Times: user=0.01 sys=0.00, real=0.01 secs] 
2020-11-18T11:05:56.152-0800: 12.630: [Full GC (System.gc()) 2020-11-18T11:05:56.152-0800: 12.630: [CMS: 6291K->6294K(6848K), 0.0047028 secs] 6346K->6294K(9920K), [Metaspace: 4890K->4890K(139264K)], 0.0048297 secs] [Times: user=0.01 sys=0.00, real=0.00 secs] 
2020-11-18T11:05:56.157-0800: 12.635: [GC (CMS Initial Mark) [1 CMS-initial-mark: 6294K(6848K)] 6294K(9920K), 0.0002210 secs] [Times: user=0.00 sys=0.00, real=0.00 secs] 
2020-11-18T11:05:56.157-0800: 12.636: [CMS-concurrent-mark-start]
2020-11-18T11:05:56.158-0800: 12.637: [Full GC (System.gc()) 2020-11-18T11:05:56.158-0800: 12.637: [CMS2020-11-18T11:05:56.160-0800: 12.639: [CMS-concurrent-mark: 0.002/0.003 secs] [Times: user=0.00 sys=0.00, real=0.01 secs] 
 (concurrent mode interrupted): 6294K->6296K(6848K), 0.0059885 secs] 6348K->6296K(9920K), [Metaspace: 4890K->4890K(139264K)], 0.0060437 secs] [Times: user=0.00 sys=0.00, real=0.01 secs] 
2020-11-18T11:05:56.165-0800: 12.644: [Full GC (System.gc()) 2020-11-18T11:05:56.165-0800: 12.644: [CMS: 6296K->6298K(6848K), 0.0040732 secs] 6350K->6298K(9920K), [Metaspace: 4890K->4890K(139264K)], 0.0041368 secs] [Times: user=0.01 sys=0.00, real=0.00 secs] 
2020-11-18T11:05:56.170-0800: 12.648: [GC (CMS Initial Mark) [1 CMS-initial-mark: 6298K(6848K)] 6298K(9920K), 0.0001929 secs] [Times: user=0.00 sys=0.00, real=0.00 secs] 
2020-11-18T11:05:56.170-0800: 12.648: [CMS-concurrent-mark-start]
2020-11-18T11:05:56.171-0800: 12.649: [Full GC (System.gc()) 2020-11-18T11:05:56.171-0800: 12.649: [CMS2020-11-18T11:05:56.173-0800: 12.651: [CMS-concurrent-mark: 0.002/0.003 secs] [Times: user=0.00 sys=0.00, real=0.00 secs] 
 (concurrent mode interrupted): 6298K->6301K(6848K), 0.0061739 secs] 6353K->6301K(9920K), [Metaspace: 4890K->4890K(139264K)], 0.0062278 secs] [Times: user=0.01 sys=0.00, real=0.00 secs] 
2020-11-18T11:05:56.178-0800: 12.657: [Full GC (System.gc()) 2020-11-18T11:05:56.178-0800: 12.657: [CMS: 6301K->6303K(6848K), 0.0041665 secs] 6355K->6303K(9920K), [Metaspace: 4890K->4890K(139264K)], 0.0042214 secs] [Times: user=0.00 sys=0.00, real=0.01 secs] 
2020-11-18T11:05:56.183-0800: 12.661: [GC (CMS Initial Mark) [1 CMS-initial-mark: 6303K(6848K)] 6303K(9920K), 0.0001588 secs] [Times: user=0.00 sys=0.00, real=0.00 secs] 
2020-11-18T11:05:56.183-0800: 12.661: [CMS-concurrent-mark-start]
2020-11-18T11:05:56.184-0800: 12.663: [Full GC (System.gc()) 2020-11-18T11:05:56.184-0800: 12.663: [CMS2020-11-18T11:05:56.186-0800: 12.664: [CMS-concurrent-mark: 0.002/0.003 secs] [Times: user=0.01 sys=0.00, real=0.00 secs] 
 (concurrent mode interrupted): 6303K->6306K(6848K), 0.0056720 secs] 6358K->6306K(9920K), [Metaspace: 4890K->4890K(139264K)], 0.0057265 secs] [Times: user=0.00 sys=0.00, real=0.01 secs] 
2020-11-18T11:05:56.191-0800: 12.669: [Full GC (System.gc()) 2020-11-18T11:05:56.191-0800: 12.670: [CMS: 6306K->6308K(6848K), 0.0039125 secs] 6360K->6308K(9920K), [Metaspace: 4890K->4890K(139264K)], 0.0039940 secs] [Times: user=0.01 sys=0.00, real=0.00 secs] 
2020-11-18T11:05:56.195-0800: 12.674: [GC (CMS Initial Mark) [1 CMS-initial-mark: 6308K(6848K)] 6308K(9920K), 0.0002005 secs] [Times: user=0.00 sys=0.00, real=0.00 secs] 
2020-11-18T11:05:56.195-0800: 12.674: [CMS-concurrent-mark-start]
2020-11-18T11:05:56.196-0800: 12.675: [Full GC (System.gc()) 2020-11-18T11:05:56.196-0800: 12.675: [CMS2020-11-18T11:05:56.198-0800: 12.677: [CMS-concurrent-mark: 0.002/0.003 secs] [Times: user=0.00 sys=0.00, real=0.00 secs] 
 (concurrent mode interrupted): 6308K->6310K(6848K), 0.0055827 secs] 6362K->6310K(9920K), [Metaspace: 4890K->4890K(139264K)], 0.0056282 secs] [Times: user=0.00 sys=0.00, real=0.01 secs] 
2020-11-18T11:05:56.203-0800: 12.682: [Full GC (System.gc()) 2020-11-18T11:05:56.203-0800: 12.682: [CMS: 6310K->6313K(6848K), 0.0046702 secs] 6365K->6313K(9920K), [Metaspace: 4890K->4890K(139264K)], 0.0047532 secs] [Times: user=0.01 sys=0.00, real=0.00 secs] 
2020-11-18T11:05:56.208-0800: 12.687: [GC (CMS Initial Mark) [1 CMS-initial-mark: 6313K(6848K)] 6313K(9920K), 0.0001817 secs] [Times: user=0.00 sys=0.00, real=0.00 secs] 
2020-11-18T11:05:56.208-0800: 12.687: [CMS-concurrent-mark-start]
2020-11-18T11:05:56.209-0800: 12.688: [Full GC (System.gc()) 2020-11-18T11:05:56.210-0800: 12.688: [CMS2020-11-18T11:05:56.211-0800: 12.690: [CMS-concurrent-mark: 0.002/0.003 secs] [Times: user=0.00 sys=0.00, real=0.01 secs] 
 (concurrent mode interrupted): 6313K->6315K(6848K), 0.0061762 secs] 6367K->6315K(9920K), [Metaspace: 4890K->4890K(139264K)], 0.0062368 secs] [Times: user=0.01 sys=0.00, real=0.01 secs] 
2020-11-18T11:05:56.217-0800: 12.696: [Full GC (System.gc()) 2020-11-18T11:05:56.217-0800: 12.696: [CMS: 6315K->6318K(6848K), 0.0044529 secs] 6370K->6318K(9920K), [Metaspace: 4890K->4890K(139264K)], 0.0045321 secs] [Times: user=0.00 sys=0.00, real=0.01 secs] 
2020-11-18T11:05:56.222-0800: 12.700: [GC (CMS Initial Mark) [1 CMS-initial-mark: 6318K(6848K)] 6318K(9920K), 0.0001979 secs] [Times: user=0.00 sys=0.00, real=0.00 secs] 
2020-11-18T11:05:56.222-0800: 12.701: [CMS-concurrent-mark-start]
2020-11-18T11:05:56.223-0800: 12.702: [Full GC (System.gc()) 2020-11-18T11:05:56.223-0800: 12.702: [CMS2020-11-18T11:05:56.225-0800: 12.703: [CMS-concurrent-mark: 0.002/0.003 secs] [Times: user=0.01 sys=0.00, real=0.00 secs] 
 (concurrent mode interrupted): 6318K->6320K(6848K), 0.0062414 secs] 6372K->6320K(9920K), [Metaspace: 4890K->4890K(139264K)], 0.0063049 secs] [Times: user=0.00 sys=0.00, real=0.01 secs] 
2020-11-18T11:05:56.231-0800: 12.709: [Full GC (System.gc()) 2020-11-18T11:05:56.231-0800: 12.709: [CMS: 6320K->6323K(6848K), 0.0038738 secs] 6375K->6323K(9920K), [Metaspace: 4890K->4890K(139264K)], 0.0039264 secs] [Times: user=0.01 sys=0.00, real=0.00 secs] 
2020-11-18T11:05:56.235-0800: 12.713: [GC (CMS Initial Mark) [1 CMS-initial-mark: 6323K(6848K)] 6323K(9920K), 0.0001922 secs] [Times: user=0.00 sys=0.00, real=0.00 secs] 
2020-11-18T11:05:56.235-0800: 12.713: [CMS-concurrent-mark-start]
2020-11-18T11:05:56.236-0800: 12.714: [Full GC (System.gc()) 2020-11-18T11:05:56.236-0800: 12.714: [CMS2020-11-18T11:05:56.238-0800: 12.716: [CMS-concurrent-mark: 0.002/0.003 secs] [Times: user=0.00 sys=0.00, real=0.00 secs] 
 (concurrent mode interrupted): 6323K->6325K(6848K), 0.0058804 secs] 6377K->6325K(9920K), [Metaspace: 4890K->4890K(139264K)], 0.0059385 secs] [Times: user=0.00 sys=0.00, real=0.01 secs] 
2020-11-18T11:05:56.243-0800: 12.722: [Full GC (System.gc()) 2020-11-18T11:05:56.243-0800: 12.722: [CMS: 6325K->6327K(6848K), 0.0043615 secs] 6379K->6327K(9920K), [Metaspace: 4890K->4890K(139264K)], 0.0044218 secs] [Times: user=0.01 sys=0.00, real=0.00 secs] 
2020-11-18T11:05:56.248-0800: 12.726: [GC (CMS Initial Mark) [1 CMS-initial-mark: 6327K(6848K)] 6327K(9920K), 0.0001550 secs] [Times: user=0.00 sys=0.00, real=0.00 secs] 
2020-11-18T11:05:56.248-0800: 12.726: [CMS-concurrent-mark-start]
2020-11-18T11:05:56.249-0800: 12.727: [Full GC (System.gc()) 2020-11-18T11:05:56.249-0800: 12.727: [CMS2020-11-18T11:05:56.250-0800: 12.729: [CMS-concurrent-mark: 0.002/0.003 secs] [Times: user=0.00 sys=0.00, real=0.01 secs] 
 (concurrent mode interrupted): 6327K->6330K(6848K), 0.0059064 secs] 6382K->6330K(9920K), [Metaspace: 4890K->4890K(139264K)], 0.0059660 secs] [Times: user=0.01 sys=0.00, real=0.01 secs] 
2020-11-18T11:05:56.256-0800: 12.735: [Full GC (System.gc()) 2020-11-18T11:05:56.256-0800: 12.735: [CMS: 6330K->6332K(6848K), 0.0035520 secs] 6384K->6332K(9920K), [Metaspace: 4890K->4890K(139264K)], 0.0036039 secs] [Times: user=0.00 sys=0.00, real=0.01 secs] 
2020-11-18T11:05:56.260-0800: 12.738: [GC (CMS Initial Mark) [1 CMS-initial-mark: 6332K(6848K)] 6332K(9920K), 0.0002214 secs] [Times: user=0.00 sys=0.00, real=0.00 secs] 
2020-11-18T11:05:56.260-0800: 12.739: [CMS-concurrent-mark-start]
2020-11-18T11:05:56.261-0800: 12.740: [Full GC (System.gc()) 2020-11-18T11:05:56.261-0800: 12.740: [CMS2020-11-18T11:05:56.263-0800: 12.742: [CMS-concurrent-mark: 0.002/0.003 secs] [Times: user=0.01 sys=0.00, real=0.00 secs] 
 (concurrent mode interrupted): 6332K->6335K(6848K), 0.0061783 secs] 6387K->6335K(9920K), [Metaspace: 4890K->4890K(139264K)], 0.0062300 secs] [Times: user=0.01 sys=0.00, real=0.00 secs] 
2020-11-18T11:05:56.269-0800: 12.747: [Full GC (System.gc()) 2020-11-18T11:05:56.269-0800: 12.747: [CMS: 6335K->6337K(6848K), 0.0041149 secs] 6389K->6337K(9920K), [Metaspace: 4890K->4890K(139264K)], 0.0041894 secs] [Times: user=0.01 sys=0.00, real=0.01 secs] 
2020-11-18T11:05:56.273-0800: 12.752: [GC (CMS Initial Mark) [1 CMS-initial-mark: 6337K(6848K)] 6337K(9920K), 0.0001936 secs] [Times: user=0.00 sys=0.00, real=0.00 secs] 
2020-11-18T11:05:56.273-0800: 12.752: [CMS-concurrent-mark-start]
2020-11-18T11:05:56.274-0800: 12.753: [Full GC (System.gc()) 2020-11-18T11:05:56.274-0800: 12.753: [CMS2020-11-18T11:05:56.276-0800: 12.754: [CMS-concurrent-mark: 0.002/0.003 secs] [Times: user=0.00 sys=0.00, real=0.00 secs] 
 (concurrent mode interrupted): 6337K->6339K(6848K), 0.0056694 secs] 6391K->6339K(9920K), [Metaspace: 4890K->4890K(139264K)], 0.0057252 secs] [Times: user=0.00 sys=0.00, real=0.01 secs] 
2020-11-18T11:05:56.282-0800: 12.760: [Full GC (System.gc()) 2020-11-18T11:05:56.282-0800: 12.760: [CMS: 6339K->6342K(6848K), 0.0045530 secs] 6394K->6342K(9920K), [Metaspace: 4890K->4890K(139264K)], 0.0046341 secs] [Times: user=0.01 sys=0.00, real=0.00 secs] 
2020-11-18T11:05:56.286-0800: 12.765: [GC (CMS Initial Mark) [1 CMS-initial-mark: 6342K(6848K)] 6342K(9920K), 0.0002749 secs] [Times: user=0.00 sys=0.00, real=0.00 secs] 
2020-11-18T11:05:56.287-0800: 12.765: [CMS-concurrent-mark-start]
2020-11-18T11:05:56.288-0800: 12.766: [Full GC (System.gc()) 2020-11-18T11:05:56.288-0800: 12.766: [CMS2020-11-18T11:05:56.289-0800: 12.768: [CMS-concurrent-mark: 0.002/0.003 secs] [Times: user=0.00 sys=0.00, real=0.00 secs] 
 (concurrent mode interrupted): 6342K->6344K(6848K), 0.0052736 secs] 6396K->6344K(9920K), [Metaspace: 4890K->4890K(139264K)], 0.0053299 secs] [Times: user=0.01 sys=0.00, real=0.01 secs] 
2020-11-18T11:05:56.294-0800: 12.773: [Full GC (System.gc()) 2020-11-18T11:05:56.294-0800: 12.773: [CMS: 6344K->6347K(6848K), 0.0038134 secs] 6399K->6347K(9920K), [Metaspace: 4890K->4890K(139264K)], 0.0038679 secs] [Times: user=0.00 sys=0.00, real=0.00 secs] 
2020-11-18T11:05:56.298-0800: 12.777: [GC (CMS Initial Mark) [1 CMS-initial-mark: 6347K(6848K)] 6347K(9920K), 0.0002005 secs] [Times: user=0.00 sys=0.00, real=0.00 secs] 
2020-11-18T11:05:56.298-0800: 12.777: [CMS-concurrent-mark-start]
2020-11-18T11:05:56.299-0800: 12.778: [Full GC (System.gc()) 2020-11-18T11:05:56.299-0800: 12.778: [CMS2020-11-18T11:05:56.301-0800: 12.780: [CMS-concurrent-mark: 0.002/0.003 secs] [Times: user=0.01 sys=0.00, real=0.01 secs] 
 (concurrent mode interrupted): 6347K->6349K(6848K), 0.0056255 secs] 6401K->6349K(9920K), [Metaspace: 4890K->4890K(139264K)], 0.0056686 secs] [Times: user=0.01 sys=0.00, real=0.01 secs] 
2020-11-18T11:05:56.306-0800: 12.785: [Full GC (System.gc()) 2020-11-18T11:05:56.306-0800: 12.785: [CMS: 6349K->6352K(6848K), 0.0047220 secs] 6404K->6352K(9920K), [Metaspace: 4890K->4890K(139264K)], 0.0047975 secs] [Times: user=0.00 sys=0.00, real=0.01 secs] 
2020-11-18T11:05:56.311-0800: 12.790: [GC (CMS Initial Mark) [1 CMS-initial-mark: 6352K(6848K)] 6352K(9920K), 0.0002198 secs] [Times: user=0.00 sys=0.00, real=0.00 secs] 
2020-11-18T11:05:56.312-0800: 12.790: [CMS-concurrent-mark-start]
2020-11-18T11:05:56.313-0800: 12.791: [Full GC (System.gc()) 2020-11-18T11:05:56.313-0800: 12.791: [CMS2020-11-18T11:05:56.315-0800: 12.793: [CMS-concurrent-mark: 0.002/0.003 secs] [Times: user=0.01 sys=0.00, real=0.00 secs] 
 (concurrent mode interrupted): 6352K->6354K(6848K), 0.0065040 secs] 6406K->6354K(9920K), [Metaspace: 4890K->4890K(139264K)], 0.0065658 secs] [Times: user=0.00 sys=0.00, real=0.00 secs] 
2020-11-18T11:05:56.321-0800: 12.799: [Full GC (System.gc()) 2020-11-18T11:05:56.321-0800: 12.799: [CMS: 6354K->6356K(6848K), 0.0042320 secs] 6408K->6356K(9920K), [Metaspace: 4890K->4890K(139264K)], 0.0043755 secs] [Times: user=0.01 sys=0.00, real=0.00 secs] 
2020-11-18T11:05:56.325-0800: 12.804: [GC (CMS Initial Mark) [1 CMS-initial-mark: 6356K(6848K)] 6356K(9920K), 0.0002380 secs] [Times: user=0.00 sys=0.00, real=0.00 secs] 
2020-11-18T11:05:56.325-0800: 12.804: [CMS-concurrent-mark-start]
2020-11-18T11:05:56.327-0800: 12.805: [Full GC (System.gc()) 2020-11-18T11:05:56.327-0800: 12.805: [CMS2020-11-18T11:05:56.328-0800: 12.807: [CMS-concurrent-mark: 0.002/0.003 secs] [Times: user=0.00 sys=0.00, real=0.00 secs] 
 (concurrent mode interrupted): 6356K->6359K(6848K), 0.0055999 secs] 6411K->6359K(9920K), [Metaspace: 4890K->4890K(139264K)], 0.0056481 secs] [Times: user=0.01 sys=0.00, real=0.01 secs] 
2020-11-18T11:05:56.334-0800: 12.812: [Full GC (System.gc()) 2020-11-18T11:05:56.334-0800: 12.812: [CMS: 6359K->6361K(6848K), 0.0037751 secs] 6413K->6361K(9920K), [Metaspace: 4890K->4890K(139264K)], 0.0038264 secs] [Times: user=0.00 sys=0.00, real=0.00 secs] 
2020-11-18T11:05:56.337-0800: 12.816: [GC (CMS Initial Mark) [1 CMS-initial-mark: 6361K(6848K)] 6361K(9920K), 0.0001995 secs] [Times: user=0.00 sys=0.00, real=0.00 secs] 
2020-11-18T11:05:56.338-0800: 12.816: [CMS-concurrent-mark-start]
2020-11-18T11:05:56.339-0800: 12.817: [Full GC (System.gc()) 2020-11-18T11:05:56.339-0800: 12.817: [CMS2020-11-18T11:05:56.340-0800: 12.819: [CMS-concurrent-mark: 0.002/0.003 secs] [Times: user=0.01 sys=0.01, real=0.01 secs] 
 (concurrent mode interrupted): 6361K->6364K(6848K), 0.0060336 secs] 6416K->6364K(9920K), [Metaspace: 4890K->4890K(139264K)], 0.0060904 secs] [Times: user=0.01 sys=0.01, real=0.01 secs] 
2020-11-18T11:05:56.346-0800: 12.825: [Full GC (System.gc()) 2020-11-18T11:05:56.346-0800: 12.825: [CMS: 6364K->6366K(6848K), 0.0041343 secs] 6418K->6366K(9920K), [Metaspace: 4890K->4890K(139264K)], 0.0041996 secs] [Times: user=0.00 sys=0.00, real=0.01 secs] 
2020-11-18T11:05:56.350-0800: 12.829: [GC (CMS Initial Mark) [1 CMS-initial-mark: 6366K(6848K)] 6366K(9920K), 0.0001906 secs] [Times: user=0.00 sys=0.00, real=0.00 secs] 
2020-11-18T11:05:56.351-0800: 12.829: [CMS-concurrent-mark-start]
2020-11-18T11:05:56.352-0800: 12.830: [Full GC (System.gc()) 2020-11-18T11:05:56.352-0800: 12.830: [CMS2020-11-18T11:05:56.354-0800: 12.832: [CMS-concurrent-mark: 0.002/0.003 secs] [Times: user=0.01 sys=0.00, real=0.00 secs] 
 (concurrent mode interrupted): 6366K->6368K(6848K), 0.0072357 secs] 6420K->6368K(9920K), [Metaspace: 4890K->4890K(139264K)], 0.0073044 secs] [Times: user=0.00 sys=0.00, real=0.00 secs] 
2020-11-18T11:05:56.360-0800: 12.839: [Full GC (System.gc()) 2020-11-18T11:05:56.360-0800: 12.839: [CMS: 6368K->6371K(6848K), 0.0037191 secs] 6423K->6371K(9920K), [Metaspace: 4890K->4890K(139264K)], 0.0038302 secs] [Times: user=0.01 sys=0.00, real=0.00 secs] 
2020-11-18T11:05:56.364-0800: 12.843: [GC (CMS Initial Mark) [1 CMS-initial-mark: 6371K(6848K)] 6371K(9920K), 0.0003879 secs] [Times: user=0.00 sys=0.00, real=0.00 secs] 
2020-11-18T11:05:56.365-0800: 12.843: [CMS-concurrent-mark-start]
2020-11-18T11:05:56.366-0800: 12.844: [Full GC (System.gc()) 2020-11-18T11:05:56.366-0800: 12.844: [CMS2020-11-18T11:05:56.368-0800: 12.846: [CMS-concurrent-mark: 0.002/0.003 secs] [Times: user=0.00 sys=0.00, real=0.00 secs] 
 (concurrent mode interrupted): 6371K->6373K(6848K), 0.0059559 secs] 6425K->6373K(9920K), [Metaspace: 4890K->4890K(139264K)], 0.0060090 secs] [Times: user=0.01 sys=0.00, real=0.01 secs] 
2020-11-18T11:05:56.373-0800: 12.852: [Full GC (System.gc()) 2020-11-18T11:05:56.373-0800: 12.852: [CMS: 6373K->6376K(6848K), 0.0040956 secs] 6428K->6376K(9920K), [Metaspace: 4890K->4890K(139264K)], 0.0041623 secs] [Times: user=0.00 sys=0.00, real=0.00 secs] 
2020-11-18T11:05:56.377-0800: 12.856: [GC (CMS Initial Mark) [1 CMS-initial-mark: 6376K(6848K)] 6376K(9920K), 0.0001854 secs] [Times: user=0.00 sys=0.00, real=0.00 secs] 
2020-11-18T11:05:56.378-0800: 12.856: [CMS-concurrent-mark-start]
2020-11-18T11:05:56.379-0800: 12.857: [Full GC (System.gc()) 2020-11-18T11:05:56.379-0800: 12.857: [CMS2020-11-18T11:05:56.381-0800: 12.859: [CMS-concurrent-mark: 0.002/0.003 secs] [Times: user=0.01 sys=0.00, real=0.01 secs] 
 (concurrent mode interrupted): 6376K->6378K(6848K), 0.0058066 secs] 6430K->6378K(9920K), [Metaspace: 4890K->4890K(139264K)], 0.0058590 secs] [Times: user=0.01 sys=0.00, real=0.01 secs] 
2020-11-18T11:05:56.386-0800: 12.864: [Full GC (System.gc()) 2020-11-18T11:05:56.386-0800: 12.865: [CMS: 6378K->6380K(6848K), 0.0047121 secs] 6432K->6380K(9920K), [Metaspace: 4890K->4890K(139264K)], 0.0047961 secs] [Times: user=0.00 sys=0.00, real=0.01 secs] 
2020-11-18T11:05:56.391-0800: 12.869: [GC (CMS Initial Mark) [1 CMS-initial-mark: 6380K(6848K)] 6380K(9920K), 0.0002010 secs] [Times: user=0.01 sys=0.00, real=0.00 secs] 
2020-11-18T11:05:56.391-0800: 12.870: [CMS-concurrent-mark-start]
2020-11-18T11:05:56.392-0800: 12.871: [Full GC (System.gc()) 2020-11-18T11:05:56.392-0800: 12.871: [CMS2020-11-18T11:05:56.394-0800: 12.872: [CMS-concurrent-mark: 0.002/0.003 secs] [Times: user=0.00 sys=0.00, real=0.00 secs] 
 (concurrent mode interrupted): 6380K->6383K(6848K), 0.0074454 secs] 6435K->6383K(9920K), [Metaspace: 4890K->4890K(139264K)], 0.0075167 secs] [Times: user=0.01 sys=0.00, real=0.01 secs] 
2020-11-18T11:05:56.401-0800: 12.880: [Full GC (System.gc()) 2020-11-18T11:05:56.401-0800: 12.880: [CMS: 6383K->6385K(6848K), 0.0043658 secs] 6437K->6385K(9920K), [Metaspace: 4890K->4890K(139264K)], 0.0044323 secs] [Times: user=0.00 sys=0.00, real=0.00 secs] 
2020-11-18T11:05:56.406-0800: 12.884: [GC (CMS Initial Mark) [1 CMS-initial-mark: 6385K(6848K)] 6385K(9920K), 0.0002164 secs] [Times: user=0.00 sys=0.00, real=0.00 secs] 
2020-11-18T11:05:56.406-0800: 12.884: [CMS-concurrent-mark-start]
2020-11-18T11:05:56.407-0800: 12.885: [Full GC (System.gc()) 2020-11-18T11:05:56.407-0800: 12.885: [CMS2020-11-18T11:05:56.409-0800: 12.887: [CMS-concurrent-mark: 0.002/0.003 secs] [Times: user=0.01 sys=0.00, real=0.00 secs] 
 (concurrent mode interrupted): 6385K->6388K(6848K), 0.0067648 secs] 6440K->6388K(9920K), [Metaspace: 4890K->4890K(139264K)], 0.0068298 secs] [Times: user=0.01 sys=0.00, real=0.01 secs] 
2020-11-18T11:05:56.415-0800: 12.894: [Full GC (System.gc()) 2020-11-18T11:05:56.415-0800: 12.894: [CMS: 6388K->6390K(6848K), 0.0043642 secs] 6442K->6390K(9920K), [Metaspace: 4890K->4890K(139264K)], 0.0044292 secs] [Times: user=0.00 sys=0.00, real=0.01 secs] 
2020-11-18T11:05:56.420-0800: 12.898: [GC (CMS Initial Mark) [1 CMS-initial-mark: 6390K(6848K)] 6390K(9920K), 0.0003032 secs] [Times: user=0.00 sys=0.00, real=0.00 secs] 
2020-11-18T11:05:56.420-0800: 12.899: [CMS-concurrent-mark-start]
2020-11-18T11:05:56.421-0800: 12.900: [Full GC (System.gc()) 2020-11-18T11:05:56.421-0800: 12.900: [CMS2020-11-18T11:05:56.423-0800: 12.902: [CMS-concurrent-mark: 0.002/0.003 secs] [Times: user=0.01 sys=0.00, real=0.00 secs] 
 (concurrent mode interrupted): 6390K->6393K(6848K), 0.0062398 secs] 6445K->6393K(9920K), [Metaspace: 4890K->4890K(139264K)], 0.0063036 secs] [Times: user=0.00 sys=0.00, real=0.00 secs] 
2020-11-18T11:05:56.429-0800: 12.908: [Full GC (System.gc()) 2020-11-18T11:05:56.429-0800: 12.908: [CMS: 6393K->6395K(6848K), 0.0044235 secs] 6447K->6395K(9920K), [Metaspace: 4890K->4890K(139264K)], 0.0045802 secs] [Times: user=0.01 sys=0.00, real=0.01 secs] 
2020-11-18T11:05:56.434-0800: 12.912: [GC (CMS Initial Mark) [1 CMS-initial-mark: 6395K(6848K)] 6395K(9920K), 0.0001796 secs] [Times: user=0.00 sys=0.00, real=0.00 secs] 
2020-11-18T11:05:56.434-0800: 12.913: [CMS-concurrent-mark-start]
2020-11-18T11:05:56.435-0800: 12.914: [Full GC (System.gc()) 2020-11-18T11:05:56.435-0800: 12.914: [CMS2020-11-18T11:05:56.437-0800: 12.916: [CMS-concurrent-mark: 0.002/0.003 secs] [Times: user=0.00 sys=0.00, real=0.00 secs] 
 (concurrent mode interrupted): 6395K->6397K(6848K), 0.0063691 secs] 6449K->6397K(9920K), [Metaspace: 4890K->4890K(139264K)], 0.0064254 secs] [Times: user=0.01 sys=0.00, real=0.01 secs] 
2020-11-18T11:05:56.443-0800: 12.921: [Full GC (System.gc()) 2020-11-18T11:05:56.443-0800: 12.921: [CMS: 6397K->6400K(6848K), 0.0037688 secs] 6452K->6400K(9920K), [Metaspace: 4890K->4890K(139264K)], 0.0038211 secs] [Times: user=0.00 sys=0.00, real=0.00 secs] 
2020-11-18T11:05:56.447-0800: 12.925: [GC (CMS Initial Mark) [1 CMS-initial-mark: 6400K(6848K)] 6400K(9920K), 0.0001856 secs] [Times: user=0.00 sys=0.00, real=0.00 secs] 
2020-11-18T11:05:56.447-0800: 12.926: [CMS-concurrent-mark-start]
2020-11-18T11:05:56.448-0800: 12.927: [Full GC (System.gc()) 2020-11-18T11:05:56.448-0800: 12.927: [CMS2020-11-18T11:05:56.450-0800: 12.929: [CMS-concurrent-mark: 0.002/0.003 secs] [Times: user=0.01 sys=0.00, real=0.01 secs] 
 (concurrent mode interrupted): 6400K->6402K(6848K), 0.0061832 secs] 6454K->6402K(9920K), [Metaspace: 4890K->4890K(139264K)], 0.0063207 secs] [Times: user=0.00 sys=0.00, real=0.01 secs] 
2020-11-18T11:05:56.456-0800: 12.934: [Full GC (System.gc()) 2020-11-18T11:05:56.456-0800: 12.934: [CMS: 6402K->6405K(6848K), 0.0036866 secs] 6457K->6405K(9920K), [Metaspace: 4890K->4890K(139264K)], 0.0037341 secs] [Times: user=0.01 sys=0.00, real=0.01 secs] 
2020-11-18T11:05:56.460-0800: 12.938: [GC (CMS Initial Mark) [1 CMS-initial-mark: 6405K(6848K)] 6405K(9920K), 0.0001820 secs] [Times: user=0.00 sys=0.00, real=0.00 secs] 
2020-11-18T11:05:56.460-0800: 12.938: [CMS-concurrent-mark-start]
2020-11-18T11:05:56.461-0800: 12.939: [Full GC (System.gc()) 2020-11-18T11:05:56.461-0800: 12.939: [CMS2020-11-18T11:05:56.463-0800: 12.942: [CMS-concurrent-mark: 0.002/0.003 secs] [Times: user=0.00 sys=0.00, real=0.00 secs] 
 (concurrent mode interrupted): 6405K->6407K(6848K), 0.0062082 secs] 6459K->6407K(9920K), [Metaspace: 4890K->4890K(139264K)], 0.0062753 secs] [Times: user=0.01 sys=0.00, real=0.00 secs] 
2020-11-18T11:05:56.469-0800: 12.947: [Full GC (System.gc()) 2020-11-18T11:05:56.469-0800: 12.947: [CMS: 6407K->6409K(6848K), 0.0044410 secs] 6461K->6409K(9920K), [Metaspace: 4890K->4890K(139264K)], 0.0045913 secs] [Times: user=0.00 sys=0.00, real=0.01 secs] 
2020-11-18T11:05:56.473-0800: 12.952: [GC (CMS Initial Mark) [1 CMS-initial-mark: 6409K(6848K)] 6409K(9920K), 0.0001667 secs] [Times: user=0.00 sys=0.00, real=0.00 secs] 
2020-11-18T11:05:56.474-0800: 12.952: [CMS-concurrent-mark-start]
2020-11-18T11:05:56.474-0800: 12.953: [Full GC (System.gc()) 2020-11-18T11:05:56.474-0800: 12.953: [CMS2020-11-18T11:05:56.477-0800: 12.955: [CMS-concurrent-mark: 0.002/0.003 secs] [Times: user=0.01 sys=0.00, real=0.00 secs] 
 (concurrent mode interrupted): 6409K->6412K(6848K), 0.0061151 secs] 6464K->6412K(9920K), [Metaspace: 4890K->4890K(139264K)], 0.0061653 secs] [Times: user=0.01 sys=0.00, real=0.01 secs] 
2020-11-18T11:05:56.482-0800: 12.961: [Full GC (System.gc()) 2020-11-18T11:05:56.482-0800: 12.961: [CMS: 6412K->6414K(6848K), 0.0039726 secs] 6466K->6414K(9920K), [Metaspace: 4890K->4890K(139264K)], 0.0040300 secs] [Times: user=0.00 sys=0.00, real=0.00 secs] 
2020-11-18T11:05:56.486-0800: 12.965: [GC (CMS Initial Mark) [1 CMS-initial-mark: 6414K(6848K)] 6414K(9920K), 0.0002121 secs] [Times: user=0.00 sys=0.00, real=0.00 secs] 
2020-11-18T11:05:56.487-0800: 12.965: [CMS-concurrent-mark-start]
2020-11-18T11:05:56.487-0800: 12.966: [Full GC (System.gc()) 2020-11-18T11:05:56.487-0800: 12.966: [CMS2020-11-18T11:05:56.489-0800: 12.968: [CMS-concurrent-mark: 0.002/0.003 secs] [Times: user=0.01 sys=0.00, real=0.00 secs] 
 (concurrent mode interrupted): 6414K->6417K(6848K), 0.0055264 secs] 6469K->6417K(9920K), [Metaspace: 4890K->4890K(139264K)], 0.0056346 secs] [Times: user=0.00 sys=0.00, real=0.01 secs] 
2020-11-18T11:05:56.495-0800: 12.973: [Full GC (System.gc()) 2020-11-18T11:05:56.495-0800: 12.973: [CMS: 6417K->6419K(6848K), 0.0038529 secs] 6471K->6419K(9920K), [Metaspace: 4890K->4890K(139264K)], 0.0039233 secs] [Times: user=0.01 sys=0.00, real=0.00 secs] 
2020-11-18T11:05:56.499-0800: 12.977: [GC (CMS Initial Mark) [1 CMS-initial-mark: 6419K(6848K)] 6419K(9920K), 0.0002160 secs] [Times: user=0.00 sys=0.00, real=0.00 secs] 
2020-11-18T11:05:56.499-0800: 12.977: [CMS-concurrent-mark-start]
2020-11-18T11:05:56.500-0800: 12.978: [Full GC (System.gc()) 2020-11-18T11:05:56.500-0800: 12.979: [CMS2020-11-18T11:05:56.502-0800: 12.980: [CMS-concurrent-mark: 0.002/0.003 secs] [Times: user=0.00 sys=0.00, real=0.01 secs] 
 (concurrent mode interrupted): 6419K->6422K(6848K), 0.0054385 secs] 6474K->6422K(9920K), [Metaspace: 4890K->4890K(139264K)], 0.0054900 secs] [Times: user=0.00 sys=0.00, real=0.00 secs] 
2020-11-18T11:05:56.507-0800: 12.985: [Full GC (System.gc()) 2020-11-18T11:05:56.507-0800: 12.986: [CMS: 6422K->6424K(6848K), 0.0047791 secs] 6476K->6424K(9920K), [Metaspace: 4890K->4890K(139264K)], 0.0048590 secs] [Times: user=0.01 sys=0.00, real=0.01 secs] 
2020-11-18T11:05:56.512-0800: 12.990: [GC (CMS Initial Mark) [1 CMS-initial-mark: 6424K(6848K)] 6424K(9920K), 0.0001882 secs] [Times: user=0.00 sys=0.00, real=0.00 secs] 
2020-11-18T11:05:56.512-0800: 12.991: [CMS-concurrent-mark-start]
2020-11-18T11:05:56.513-0800: 12.992: [Full GC (System.gc()) 2020-11-18T11:05:56.513-0800: 12.992: [CMS2020-11-18T11:05:56.515-0800: 12.994: [CMS-concurrent-mark: 0.002/0.003 secs] [Times: user=0.00 sys=0.00, real=0.00 secs] 
 (concurrent mode interrupted): 6424K->6426K(6848K), 0.0064832 secs] 6478K->6426K(9920K), [Metaspace: 4890K->4890K(139264K)], 0.0065460 secs] [Times: user=0.01 sys=0.00, real=0.01 secs] 
2020-11-18T11:05:56.521-0800: 13.000: [Full GC (System.gc()) 2020-11-18T11:05:56.521-0800: 13.000: [CMS: 6426K->6429K(6848K), 0.0044622 secs] 6481K->6429K(9920K), [Metaspace: 4890K->4890K(139264K)], 0.0045403 secs] [Times: user=0.00 sys=0.00, real=0.00 secs] 
2020-11-18T11:05:56.526-0800: 13.004: [GC (CMS Initial Mark) [1 CMS-initial-mark: 6429K(6848K)] 6429K(9920K), 0.0001852 secs] [Times: user=0.00 sys=0.00, real=0.00 secs] 
2020-11-18T11:05:56.526-0800: 13.005: [CMS-concurrent-mark-start]
2020-11-18T11:05:56.527-0800: 13.006: [Full GC (System.gc()) 2020-11-18T11:05:56.527-0800: 13.006: [CMS2020-11-18T11:05:56.529-0800: 13.007: [CMS-concurrent-mark: 0.002/0.003 secs] [Times: user=0.01 sys=0.00, real=0.00 secs] 
 (concurrent mode interrupted): 6429K->6431K(6848K), 0.0058587 secs] 6483K->6431K(9920K), [Metaspace: 4890K->4890K(139264K)], 0.0060724 secs] [Times: user=0.00 sys=0.00, real=0.01 secs] 
2020-11-18T11:05:56.535-0800: 13.013: [Full GC (System.gc()) 2020-11-18T11:05:56.535-0800: 13.013: [CMS: 6431K->6434K(6848K), 0.0039011 secs] 6486K->6434K(9920K), [Metaspace: 4890K->4890K(139264K)], 0.0039764 secs] [Times: user=0.01 sys=0.00, real=0.00 secs] 
2020-11-18T11:05:56.539-0800: 13.017: [GC (CMS Initial Mark) [1 CMS-initial-mark: 6434K(6848K)] 6434K(9920K), 0.0001869 secs] [Times: user=0.00 sys=0.00, real=0.00 secs] 
2020-11-18T11:05:56.539-0800: 13.018: [CMS-concurrent-mark-start]
2020-11-18T11:05:56.540-0800: 13.019: [Full GC (System.gc()) 2020-11-18T11:05:56.540-0800: 13.019: [CMS2020-11-18T11:05:56.542-0800: 13.020: [CMS-concurrent-mark: 0.002/0.003 secs] [Times: user=0.00 sys=0.00, real=0.01 secs] 
 (concurrent mode interrupted): 6434K->6436K(6848K), 0.0053944 secs] 6488K->6436K(9920K), [Metaspace: 4890K->4890K(139264K)], 0.0054437 secs] [Times: user=0.00 sys=0.00, real=0.00 secs] 
2020-11-18T11:05:56.547-0800: 13.025: [Full GC (System.gc()) 2020-11-18T11:05:56.547-0800: 13.026: [CMS: 6436K->6438K(6848K), 0.0056286 secs] 6490K->6438K(9920K), [Metaspace: 4890K->4890K(139264K)], 0.0057170 secs] [Times: user=0.01 sys=0.00, real=0.01 secs] 
2020-11-18T11:05:56.553-0800: 13.031: [GC (CMS Initial Mark) [1 CMS-initial-mark: 6438K(6848K)] 6438K(9920K), 0.0001867 secs] [Times: user=0.00 sys=0.00, real=0.00 secs] 
2020-11-18T11:05:56.553-0800: 13.032: [CMS-concurrent-mark-start]
2020-11-18T11:05:56.554-0800: 13.033: [Full GC (System.gc()) 2020-11-18T11:05:56.554-0800: 13.033: [CMS2020-11-18T11:05:56.556-0800: 13.035: [CMS-concurrent-mark: 0.002/0.003 secs] [Times: user=0.00 sys=0.00, real=0.00 secs] 
 (concurrent mode interrupted): 6438K->6441K(6848K), 0.0068745 secs] 6493K->6441K(9920K), [Metaspace: 4890K->4890K(139264K)], 0.0069373 secs] [Times: user=0.01 sys=0.00, real=0.01 secs] 
2020-11-18T11:05:56.562-0800: 13.041: [Full GC (System.gc()) 2020-11-18T11:05:56.563-0800: 13.041: [CMS: 6441K->6443K(6848K), 0.0043674 secs] 6495K->6443K(9920K), [Metaspace: 4890K->4890K(139264K)], 0.0044289 secs] [Times: user=0.00 sys=0.00, real=0.00 secs] 
2020-11-18T11:05:56.567-0800: 13.046: [GC (CMS Initial Mark) [1 CMS-initial-mark: 6443K(6848K)] 6443K(9920K), 0.0001904 secs] [Times: user=0.00 sys=0.00, real=0.00 secs] 
2020-11-18T11:05:56.567-0800: 13.046: [CMS-concurrent-mark-start]
2020-11-18T11:05:56.568-0800: 13.047: [Full GC (System.gc()) 2020-11-18T11:05:56.568-0800: 13.047: [CMS2020-11-18T11:05:56.570-0800: 13.049: [CMS-concurrent-mark: 0.002/0.003 secs] [Times: user=0.01 sys=0.00, real=0.01 secs] 
 (concurrent mode interrupted): 6443K->6446K(6848K), 0.0068397 secs] 6498K->6446K(9920K), [Metaspace: 4890K->4890K(139264K)], 0.0068985 secs] [Times: user=0.00 sys=0.00, real=0.01 secs] 
2020-11-18T11:05:56.577-0800: 13.055: [Full GC (System.gc()) 2020-11-18T11:05:56.577-0800: 13.055: [CMS: 6446K->6448K(6848K), 0.0035408 secs] 6500K->6448K(9920K), [Metaspace: 4890K->4890K(139264K)], 0.0035958 secs] [Times: user=0.01 sys=0.00, real=0.01 secs] 
2020-11-18T11:05:56.580-0800: 13.059: [GC (CMS Initial Mark) [1 CMS-initial-mark: 6448K(6848K)] 6448K(9920K), 0.0002764 secs] [Times: user=0.00 sys=0.00, real=0.00 secs] 
2020-11-18T11:05:56.581-0800: 13.059: [CMS-concurrent-mark-start]
2020-11-18T11:05:56.582-0800: 13.060: [Full GC (System.gc()) 2020-11-18T11:05:56.582-0800: 13.060: [CMS2020-11-18T11:05:56.584-0800: 13.063: [CMS-concurrent-mark: 0.002/0.003 secs] [Times: user=0.00 sys=0.00, real=0.00 secs] 
 (concurrent mode interrupted): 6448K->6450K(6848K), 0.0062481 secs] 6502K->6450K(9920K), [Metaspace: 4890K->4890K(139264K)], 0.0062966 secs] [Times: user=0.01 sys=0.00, real=0.00 secs] 
2020-11-18T11:05:56.589-0800: 13.068: [Full GC (System.gc()) 2020-11-18T11:05:56.589-0800: 13.068: [CMS: 6450K->6453K(6848K), 0.0038031 secs] 6505K->6453K(9920K), [Metaspace: 4890K->4890K(139264K)], 0.0038719 secs] [Times: user=0.00 sys=0.00, real=0.01 secs] 
2020-11-18T11:05:56.593-0800: 13.072: [GC (CMS Initial Mark) [1 CMS-initial-mark: 6453K(6848K)] 6453K(9920K), 0.0001969 secs] [Times: user=0.00 sys=0.00, real=0.00 secs] 
2020-11-18T11:05:56.593-0800: 13.072: [CMS-concurrent-mark-start]
2020-11-18T11:05:56.594-0800: 13.073: [Full GC (System.gc()) 2020-11-18T11:05:56.595-0800: 13.073: [CMS2020-11-18T11:05:56.596-0800: 13.075: [CMS-concurrent-mark: 0.002/0.003 secs] [Times: user=0.01 sys=0.00, real=0.00 secs] 
 (concurrent mode interrupted): 6453K->6455K(6848K), 0.0057740 secs] 6507K->6455K(9920K), [Metaspace: 4890K->4890K(139264K)], 0.0058272 secs] [Times: user=0.01 sys=0.00, real=0.01 secs] 
2020-11-18T11:05:56.602-0800: 13.080: [Full GC (System.gc()) 2020-11-18T11:05:56.602-0800: 13.080: [CMS: 6455K->6458K(6848K), 0.0039446 secs] 6510K->6458K(9920K), [Metaspace: 4890K->4890K(139264K)], 0.0040177 secs] [Times: user=0.00 sys=0.00, real=0.00 secs] 
2020-11-18T11:05:56.606-0800: 13.084: [GC (CMS Initial Mark) [1 CMS-initial-mark: 6458K(6848K)] 6458K(9920K), 0.0002195 secs] [Times: user=0.00 sys=0.00, real=0.00 secs] 
2020-11-18T11:05:56.606-0800: 13.085: [CMS-concurrent-mark-start]
2020-11-18T11:05:56.607-0800: 13.086: [Full GC (System.gc()) 2020-11-18T11:05:56.607-0800: 13.086: [CMS2020-11-18T11:05:56.609-0800: 13.088: [CMS-concurrent-mark: 0.002/0.003 secs] [Times: user=0.01 sys=0.00, real=0.00 secs] 
 (concurrent mode interrupted): 6458K->6460K(6848K), 0.0058958 secs] 6512K->6460K(9920K), [Metaspace: 4890K->4890K(139264K)], 0.0059463 secs] [Times: user=0.00 sys=0.00, real=0.01 secs] 
2020-11-18T11:05:56.615-0800: 13.093: [Full GC (System.gc()) 2020-11-18T11:05:56.615-0800: 13.093: [CMS: 6460K->6463K(6848K), 0.0040636 secs] 6515K->6463K(9920K), [Metaspace: 4890K->4890K(139264K)], 0.0041361 secs] [Times: user=0.01 sys=0.00, real=0.00 secs] 
2020-11-18T11:05:56.619-0800: 13.097: [GC (CMS Initial Mark) [1 CMS-initial-mark: 6463K(6848K)] 6463K(9920K), 0.0001854 secs] [Times: user=0.00 sys=0.00, real=0.00 secs] 
2020-11-18T11:05:56.619-0800: 13.097: [CMS-concurrent-mark-start]
2020-11-18T11:05:56.620-0800: 13.099: [Full GC (System.gc()) 2020-11-18T11:05:56.620-0800: 13.099: [CMS2020-11-18T11:05:56.622-0800: 13.100: [CMS-concurrent-mark: 0.002/0.003 secs] [Times: user=0.00 sys=0.00, real=0.01 secs] 
 (concurrent mode interrupted): 6463K->6465K(6848K), 0.0057348 secs] 6517K->6465K(9920K), [Metaspace: 4890K->4890K(139264K)], 0.0057884 secs] [Times: user=0.01 sys=0.00, real=0.00 secs] 
2020-11-18T11:05:56.627-0800: 13.106: [Full GC (System.gc()) 2020-11-18T11:05:56.627-0800: 13.106: [CMS: 6465K->6467K(6848K), 0.0040179 secs] 6519K->6467K(9920K), [Metaspace: 4890K->4890K(139264K)], 0.0040890 secs] [Times: user=0.00 sys=0.00, real=0.01 secs] 
2020-11-18T11:05:56.632-0800: 13.110: [GC (CMS Initial Mark) [1 CMS-initial-mark: 6467K(6848K)] 6467K(9920K), 0.0002136 secs] [Times: user=0.00 sys=0.00, real=0.00 secs] 
2020-11-18T11:05:56.632-0800: 13.110: [CMS-concurrent-mark-start]
2020-11-18T11:05:56.633-0800: 13.111: [Full GC (System.gc()) 2020-11-18T11:05:56.633-0800: 13.111: [CMS2020-11-18T11:05:56.635-0800: 13.113: [CMS-concurrent-mark: 0.002/0.003 secs] [Times: user=0.00 sys=0.00, real=0.00 secs] 
 (concurrent mode interrupted): 6467K->6470K(6848K), 0.0058489 secs] 6522K->6470K(9920K), [Metaspace: 4890K->4890K(139264K)], 0.0059033 secs] [Times: user=0.01 sys=0.00, real=0.00 secs] 
2020-11-18T11:05:56.640-0800: 13.119: [Full GC (System.gc()) 2020-11-18T11:05:56.640-0800: 13.119: [CMS: 6470K->6472K(6848K), 0.0039616 secs] 6524K->6472K(9920K), [Metaspace: 4890K->4890K(139264K)], 0.0040372 secs] [Times: user=0.00 sys=0.00, real=0.00 secs] 
2020-11-18T11:05:56.644-0800: 13.123: [GC (CMS Initial Mark) [1 CMS-initial-mark: 6472K(6848K)] 6472K(9920K), 0.0001884 secs] [Times: user=0.00 sys=0.00, real=0.00 secs] 
2020-11-18T11:05:56.645-0800: 13.123: [CMS-concurrent-mark-start]
2020-11-18T11:05:56.646-0800: 13.124: [Full GC (System.gc()) 2020-11-18T11:05:56.646-0800: 13.124: [CMS2020-11-18T11:05:56.647-0800: 13.126: [CMS-concurrent-mark: 0.002/0.003 secs] [Times: user=0.01 sys=0.00, real=0.00 secs] 
 (concurrent mode interrupted): 6472K->6475K(6848K), 0.0053247 secs] 6527K->6475K(9920K), [Metaspace: 4890K->4890K(139264K)], 0.0053728 secs] [Times: user=0.00 sys=0.00, real=0.01 secs] 
2020-11-18T11:05:56.653-0800: 13.131: [Full GC (System.gc()) 2020-11-18T11:05:56.653-0800: 13.131: [CMS: 6475K->6477K(6848K), 0.0040580 secs] 6529K->6477K(9920K), [Metaspace: 4890K->4890K(139264K)], 0.0041305 secs] [Times: user=0.01 sys=0.00, real=0.00 secs] 
2020-11-18T11:05:56.657-0800: 13.135: [GC (CMS Initial Mark) [1 CMS-initial-mark: 6477K(6848K)] 6477K(9920K), 0.0002009 secs] [Times: user=0.00 sys=0.00, real=0.00 secs] 
2020-11-18T11:05:56.657-0800: 13.136: [CMS-concurrent-mark-start]
2020-11-18T11:05:56.658-0800: 13.137: [Full GC (System.gc()) 2020-11-18T11:05:56.658-0800: 13.137: [CMS2020-11-18T11:05:56.660-0800: 13.138: [CMS-concurrent-mark: 0.002/0.003 secs] [Times: user=0.00 sys=0.00, real=0.01 secs] 
 (concurrent mode interrupted): 6477K->6479K(6848K), 0.0059274 secs] 6531K->6479K(9920K), [Metaspace: 4890K->4890K(139264K)], 0.0059778 secs] [Times: user=0.00 sys=0.00, real=0.01 secs] 
2020-11-18T11:05:56.665-0800: 13.144: [Full GC (System.gc()) 2020-11-18T11:05:56.665-0800: 13.144: [CMS: 6479K->6482K(6848K), 0.0038632 secs] 6534K->6482K(9920K), [Metaspace: 4890K->4890K(139264K)], 0.0039360 secs] [Times: user=0.01 sys=0.00, real=0.00 secs] 
2020-11-18T11:05:56.669-0800: 13.148: [GC (CMS Initial Mark) [1 CMS-initial-mark: 6482K(6848K)] 6482K(9920K), 0.0001875 secs] [Times: user=0.00 sys=0.00, real=0.01 secs] 
2020-11-18T11:05:56.670-0800: 13.148: [CMS-concurrent-mark-start]
2020-11-18T11:05:56.671-0800: 13.149: [Full GC (System.gc()) 2020-11-18T11:05:56.671-0800: 13.149: [CMS2020-11-18T11:05:56.673-0800: 13.151: [CMS-concurrent-mark: 0.002/0.003 secs] [Times: user=0.00 sys=0.00, real=0.00 secs] 
 (concurrent mode interrupted): 6482K->6484K(6848K), 0.0057341 secs] 6536K->6484K(9920K), [Metaspace: 4890K->4890K(139264K)], 0.0057911 secs] [Times: user=0.01 sys=0.00, real=0.00 secs] 
2020-11-18T11:05:56.678-0800: 13.156: [Full GC (System.gc()) 2020-11-18T11:05:56.678-0800: 13.156: [CMS: 6484K->6487K(6848K), 0.0040684 secs] 6539K->6487K(9920K), [Metaspace: 4890K->4890K(139264K)], 0.0041380 secs] [Times: user=0.00 sys=0.00, real=0.01 secs] 
2020-11-18T11:05:56.682-0800: 13.161: [GC (CMS Initial Mark) [1 CMS-initial-mark: 6487K(6848K)] 6487K(9920K), 0.0002080 secs] [Times: user=0.00 sys=0.00, real=0.00 secs] 
2020-11-18T11:05:56.682-0800: 13.161: [CMS-concurrent-mark-start]
2020-11-18T11:05:56.683-0800: 13.162: [Full GC (System.gc()) 2020-11-18T11:05:56.683-0800: 13.162: [CMS2020-11-18T11:05:56.685-0800: 13.164: [CMS-concurrent-mark: 0.002/0.003 secs] [Times: user=0.01 sys=0.00, real=0.00 secs] 
 (concurrent mode interrupted): 6487K->6489K(6848K), 0.0059089 secs] 6541K->6489K(9920K), [Metaspace: 4890K->4890K(139264K)], 0.0059653 secs] [Times: user=0.00 sys=0.00, real=0.00 secs] 
2020-11-18T11:05:56.691-0800: 13.169: [Full GC (System.gc()) 2020-11-18T11:05:56.691-0800: 13.169: [CMS: 6489K->6492K(6848K), 0.0040965 secs] 6544K->6492K(9920K), [Metaspace: 4890K->4890K(139264K)], 0.0041690 secs] [Times: user=0.00 sys=0.00, real=0.00 secs] 
2020-11-18T11:05:56.695-0800: 13.173: [GC (CMS Initial Mark) [1 CMS-initial-mark: 6492K(6848K)] 6492K(9920K), 0.0002014 secs] [Times: user=0.00 sys=0.00, real=0.00 secs] 
2020-11-18T11:05:56.695-0800: 13.174: [CMS-concurrent-mark-start]
2020-11-18T11:05:56.696-0800: 13.175: [Full GC (System.gc()) 2020-11-18T11:05:56.696-0800: 13.175: [CMS2020-11-18T11:05:56.698-0800: 13.177: [CMS-concurrent-mark: 0.002/0.003 secs] [Times: user=0.01 sys=0.00, real=0.00 secs] 
 (concurrent mode interrupted): 6492K->6494K(6848K), 0.0056834 secs] 6546K->6494K(9920K), [Metaspace: 4890K->4890K(139264K)], 0.0057356 secs] [Times: user=0.00 sys=0.00, real=0.01 secs] 
2020-11-18T11:05:56.703-0800: 13.182: [Full GC (System.gc()) 2020-11-18T11:05:56.704-0800: 13.182: [CMS: 6494K->6496K(6848K), 0.0039747 secs] 6548K->6496K(9920K), [Metaspace: 4890K->4890K(139264K)], 0.0040492 secs] [Times: user=0.01 sys=0.00, real=0.00 secs] 
2020-11-18T11:05:56.708-0800: 13.186: [GC (CMS Initial Mark) [1 CMS-initial-mark: 6496K(6848K)] 6496K(9920K), 0.0001886 secs] [Times: user=0.00 sys=0.00, real=0.00 secs] 
2020-11-18T11:05:56.708-0800: 13.186: [CMS-concurrent-mark-start]
2020-11-18T11:05:56.709-0800: 13.188: [Full GC (System.gc()) 2020-11-18T11:05:56.709-0800: 13.188: [CMS2020-11-18T11:05:56.711-0800: 13.189: [CMS-concurrent-mark: 0.002/0.003 secs] [Times: user=0.00 sys=0.00, real=0.01 secs] 
 (concurrent mode interrupted): 6496K->6499K(6848K), 0.0058245 secs] 6551K->6499K(9920K), [Metaspace: 4890K->4890K(139264K)], 0.0058752 secs] [Times: user=0.01 sys=0.00, real=0.01 secs] 
2020-11-18T11:05:56.716-0800: 13.195: [Full GC (System.gc()) 2020-11-18T11:05:56.716-0800: 13.195: [CMS: 6499K->6501K(6848K), 0.0040747 secs] 6553K->6501K(9920K), [Metaspace: 4890K->4890K(139264K)], 0.0041475 secs] [Times: user=0.00 sys=0.00, real=0.01 secs] 
2020-11-18T11:05:56.721-0800: 13.199: [GC (CMS Initial Mark) [1 CMS-initial-mark: 6501K(6848K)] 6501K(9920K), 0.0001859 secs] [Times: user=0.00 sys=0.00, real=0.00 secs] 
2020-11-18T11:05:56.721-0800: 13.199: [CMS-concurrent-mark-start]
2020-11-18T11:05:56.722-0800: 13.201: [Full GC (System.gc()) 2020-11-18T11:05:56.722-0800: 13.201: [CMS2020-11-18T11:05:56.724-0800: 13.202: [CMS-concurrent-mark: 0.002/0.003 secs] [Times: user=0.01 sys=0.01, real=0.00 secs] 
 (concurrent mode interrupted): 6501K->6504K(6848K), 0.0063803 secs] 6556K->6504K(9920K), [Metaspace: 4890K->4890K(139264K)], 0.0064434 secs] [Times: user=0.01 sys=0.01, real=0.00 secs] 
2020-11-18T11:05:56.730-0800: 13.208: [Full GC (System.gc()) 2020-11-18T11:05:56.730-0800: 13.208: [CMS: 6504K->6506K(6848K), 0.0038528 secs] 6558K->6506K(9920K), [Metaspace: 4890K->4890K(139264K)], 0.0039042 secs] [Times: user=0.00 sys=0.00, real=0.00 secs] 
2020-11-18T11:05:56.734-0800: 13.212: [GC (CMS Initial Mark) [1 CMS-initial-mark: 6506K(6848K)] 6506K(9920K), 0.0002139 secs] [Times: user=0.00 sys=0.00, real=0.00 secs] 
2020-11-18T11:05:56.734-0800: 13.213: [CMS-concurrent-mark-start]
2020-11-18T11:05:56.735-0800: 13.214: [Full GC (System.gc()) 2020-11-18T11:05:56.735-0800: 13.214: [CMS2020-11-18T11:05:56.737-0800: 13.215: [CMS-concurrent-mark: 0.002/0.003 secs] [Times: user=0.01 sys=0.00, real=0.00 secs] 
 (concurrent mode interrupted): 6506K->6508K(6848K), 0.0051768 secs] 6560K->6508K(9920K), [Metaspace: 4890K->4890K(139264K)], 0.0052373 secs] [Times: user=0.00 sys=0.00, real=0.01 secs] 
2020-11-18T11:05:56.742-0800: 13.220: [Full GC (System.gc()) 2020-11-18T11:05:56.742-0800: 13.220: [CMS: 6508K->6511K(6848K), 0.0035027 secs] 6563K->6511K(9920K), [Metaspace: 4890K->4890K(139264K)], 0.0035517 secs] [Times: user=0.01 sys=0.00, real=0.00 secs] 
2020-11-18T11:05:56.745-0800: 13.224: [GC (CMS Initial Mark) [1 CMS-initial-mark: 6511K(6848K)] 6511K(9920K), 0.0001855 secs] [Times: user=0.00 sys=0.00, real=0.00 secs] 
2020-11-18T11:05:56.746-0800: 13.224: [CMS-concurrent-mark-start]
2020-11-18T11:05:56.747-0800: 13.225: [Full GC (System.gc()) 2020-11-18T11:05:56.747-0800: 13.225: [CMS2020-11-18T11:05:56.748-0800: 13.227: [CMS-concurrent-mark: 0.002/0.003 secs] [Times: user=0.00 sys=0.00, real=0.00 secs] 
 (concurrent mode interrupted): 6511K->6513K(6848K), 0.0051858 secs] 6565K->6513K(9920K), [Metaspace: 4890K->4890K(139264K)], 0.0052310 secs] [Times: user=0.00 sys=0.00, real=0.01 secs] 
2020-11-18T11:05:56.753-0800: 13.232: [Full GC (System.gc()) 2020-11-18T11:05:56.753-0800: 13.232: [CMS: 6513K->6516K(6848K), 0.0031470 secs] 6568K->6516K(9920K), [Metaspace: 4890K->4890K(139264K)], 0.0031884 secs] [Times: user=0.01 sys=0.00, real=0.00 secs] 
2020-11-18T11:05:56.756-0800: 13.235: [GC (CMS Initial Mark) [1 CMS-initial-mark: 6516K(6848K)] 6516K(9920K), 0.0001800 secs] [Times: user=0.00 sys=0.00, real=0.00 secs] 
2020-11-18T11:05:56.757-0800: 13.235: [CMS-concurrent-mark-start]
2020-11-18T11:05:56.758-0800: 13.236: [Full GC (System.gc()) 2020-11-18T11:05:56.758-0800: 13.236: [CMS2020-11-18T11:05:56.759-0800: 13.238: [CMS-concurrent-mark: 0.001/0.003 secs] [Times: user=0.00 sys=0.00, real=0.00 secs] 
 (concurrent mode interrupted): 6516K->6518K(6848K), 0.0052622 secs] 6570K->6518K(9920K), [Metaspace: 4890K->4890K(139264K)], 0.0053126 secs] [Times: user=0.01 sys=0.00, real=0.01 secs] 
2020-11-18T11:05:56.765-0800: 13.243: [Full GC (System.gc()) 2020-11-18T11:05:56.765-0800: 13.243: [CMS: 6518K->6521K(6848K), 0.0039672 secs] 6572K->6521K(9920K), [Metaspace: 4890K->4890K(139264K)], 0.0040362 secs] [Times: user=0.00 sys=0.00, real=0.00 secs] 
2020-11-18T11:05:56.769-0800: 13.247: [GC (CMS Initial Mark) [1 CMS-initial-mark: 6521K(6848K)] 6521K(9920K), 0.0002008 secs] [Times: user=0.00 sys=0.00, real=0.00 secs] 
2020-11-18T11:05:56.769-0800: 13.247: [CMS-concurrent-mark-start]
2020-11-18T11:05:56.770-0800: 13.248: [Full GC (System.gc()) 2020-11-18T11:05:56.770-0800: 13.248: [CMS2020-11-18T11:05:56.772-0800: 13.250: [CMS-concurrent-mark: 0.002/0.003 secs] [Times: user=0.01 sys=0.00, real=0.01 secs] 
 (concurrent mode interrupted): 6521K->6523K(6848K), 0.0058006 secs] 6575K->6523K(9920K), [Metaspace: 4890K->4890K(139264K)], 0.0058510 secs] [Times: user=0.01 sys=0.00, real=0.00 secs] 
2020-11-18T11:05:56.777-0800: 13.256: [Full GC (System.gc()) 2020-11-18T11:05:56.777-0800: 13.256: [CMS: 6523K->6525K(6848K), 0.0040516 secs] 6577K->6525K(9920K), [Metaspace: 4890K->4890K(139264K)], 0.0041177 secs] [Times: user=0.00 sys=0.00, real=0.01 secs] 
2020-11-18T11:05:56.781-0800: 13.260: [GC (CMS Initial Mark) [1 CMS-initial-mark: 6525K(6848K)] 6525K(9920K), 0.0002405 secs] [Times: user=0.00 sys=0.00, real=0.00 secs] 
2020-11-18T11:05:56.782-0800: 13.260: [CMS-concurrent-mark-start]
2020-11-18T11:05:56.783-0800: 13.261: [Full GC (System.gc()) 2020-11-18T11:05:56.783-0800: 13.261: [CMS2020-11-18T11:05:56.785-0800: 13.263: [CMS-concurrent-mark: 0.002/0.003 secs] [Times: user=0.01 sys=0.00, real=0.00 secs] 
 (concurrent mode interrupted): 6525K->6528K(6848K), 0.0059840 secs] 6580K->6528K(9920K), [Metaspace: 4890K->4890K(139264K)], 0.0060367 secs] [Times: user=0.00 sys=0.00, real=0.00 secs] 
2020-11-18T11:05:56.790-0800: 13.269: [Full GC (System.gc()) 2020-11-18T11:05:56.790-0800: 13.269: [CMS: 6528K->6530K(6848K), 0.0042763 secs] 6582K->6530K(9920K), [Metaspace: 4890K->4890K(139264K)], 0.0043549 secs] [Times: user=0.01 sys=0.00, real=0.00 secs] 
2020-11-18T11:05:56.795-0800: 13.273: [GC (CMS Initial Mark) [1 CMS-initial-mark: 6530K(6848K)] 6530K(9920K), 0.0001944 secs] [Times: user=0.00 sys=0.00, real=0.00 secs] 
2020-11-18T11:05:56.795-0800: 13.274: [CMS-concurrent-mark-start]
2020-11-18T11:05:56.796-0800: 13.275: [Full GC (System.gc()) 2020-11-18T11:05:56.796-0800: 13.275: [CMS2020-11-18T11:05:56.798-0800: 13.276: [CMS-concurrent-mark: 0.002/0.003 secs] [Times: user=0.00 sys=0.00, real=0.00 secs] 
 (concurrent mode interrupted): 6530K->6533K(6848K), 0.0057566 secs] 6585K->6533K(9920K), [Metaspace: 4890K->4890K(139264K)], 0.0058133 secs] [Times: user=0.01 sys=0.00, real=0.01 secs] 
2020-11-18T11:05:56.804-0800: 13.282: [Full GC (System.gc()) 2020-11-18T11:05:56.804-0800: 13.282: [CMS: 6533K->6535K(6848K), 0.0040112 secs] 6587K->6535K(9920K), [Metaspace: 4890K->4890K(139264K)], 0.0040837 secs] [Times: user=0.00 sys=0.00, real=0.00 secs] 
2020-11-18T11:05:56.808-0800: 13.286: [GC (CMS Initial Mark) [1 CMS-initial-mark: 6535K(6848K)] 6535K(9920K), 0.0002485 secs] [Times: user=0.00 sys=0.00, real=0.00 secs] 
2020-11-18T11:05:56.808-0800: 13.287: [CMS-concurrent-mark-start]
2020-11-18T11:05:56.809-0800: 13.288: [Full GC (System.gc()) 2020-11-18T11:05:56.809-0800: 13.288: [CMS2020-11-18T11:05:56.811-0800: 13.289: [CMS-concurrent-mark: 0.002/0.003 secs] [Times: user=0.01 sys=0.00, real=0.01 secs] 
 (concurrent mode interrupted): 6535K->6537K(6848K), 0.0055952 secs] 6589K->6537K(9920K), [Metaspace: 4890K->4890K(139264K)], 0.0056466 secs] [Times: user=0.01 sys=0.00, real=0.01 secs] 
2020-11-18T11:05:56.816-0800: 13.295: [Full GC (System.gc()) 2020-11-18T11:05:56.816-0800: 13.295: [CMS: 6537K->6540K(6848K), 0.0041308 secs] 6592K->6540K(9920K), [Metaspace: 4890K->4890K(139264K)], 0.0042088 secs] [Times: user=0.00 sys=0.00, real=0.01 secs] 
2020-11-18T11:05:56.821-0800: 13.299: [GC (CMS Initial Mark) [1 CMS-initial-mark: 6540K(6848K)] 6540K(9920K), 0.0002163 secs] [Times: user=0.00 sys=0.00, real=0.00 secs] 
2020-11-18T11:05:56.821-0800: 13.299: [CMS-concurrent-mark-start]
2020-11-18T11:05:56.822-0800: 13.300: [Full GC (System.gc()) 2020-11-18T11:05:56.822-0800: 13.300: [CMS2020-11-18T11:05:56.824-0800: 13.302: [CMS-concurrent-mark: 0.002/0.003 secs] [Times: user=0.01 sys=0.00, real=0.00 secs] 
 (concurrent mode interrupted): 6540K->6542K(6848K), 0.0058437 secs] 6594K->6542K(9920K), [Metaspace: 4890K->4890K(139264K)], 0.0059001 secs] [Times: user=0.00 sys=0.00, real=0.00 secs] 
2020-11-18T11:05:56.829-0800: 13.308: [Full GC (System.gc()) 2020-11-18T11:05:56.829-0800: 13.308: [CMS: 6542K->6545K(6848K), 0.0041048 secs] 6597K->6545K(9920K), [Metaspace: 4890K->4890K(139264K)], 0.0041798 secs] [Times: user=0.01 sys=0.00, real=0.01 secs] 
2020-11-18T11:05:56.834-0800: 13.312: [GC (CMS Initial Mark) [1 CMS-initial-mark: 6545K(6848K)] 6545K(9920K), 0.0002099 secs] [Times: user=0.00 sys=0.00, real=0.00 secs] 
2020-11-18T11:05:56.834-0800: 13.312: [CMS-concurrent-mark-start]
2020-11-18T11:05:56.835-0800: 13.313: [Full GC (System.gc()) 2020-11-18T11:05:56.835-0800: 13.313: [CMS2020-11-18T11:05:56.837-0800: 13.315: [CMS-concurrent-mark: 0.002/0.003 secs] [Times: user=0.00 sys=0.00, real=0.00 secs] 
 (concurrent mode interrupted): 6545K->6547K(6848K), 0.0052263 secs] 6599K->6547K(9920K), [Metaspace: 4890K->4890K(139264K)], 0.0052694 secs] [Times: user=0.00 sys=0.00, real=0.01 secs] 
2020-11-18T11:05:56.841-0800: 13.320: [Full GC (System.gc()) 2020-11-18T11:05:56.842-0800: 13.320: [CMS: 6547K->6549K(6848K), 0.0037961 secs] 6601K->6549K(9920K), [Metaspace: 4890K->4890K(139264K)], 0.0038510 secs] [Times: user=0.01 sys=0.00, real=0.00 secs] 
2020-11-18T11:05:56.845-0800: 13.324: [GC (CMS Initial Mark) [1 CMS-initial-mark: 6549K(6848K)] 6549K(9920K), 0.0001911 secs] [Times: user=0.00 sys=0.00, real=0.00 secs] 
2020-11-18T11:05:56.846-0800: 13.324: [CMS-concurrent-mark-start]
2020-11-18T11:05:56.847-0800: 13.325: [Full GC (System.gc()) 2020-11-18T11:05:56.847-0800: 13.325: [CMS2020-11-18T11:05:56.849-0800: 13.327: [CMS-concurrent-mark: 0.002/0.003 secs] [Times: user=0.00 sys=0.00, real=0.00 secs] 
 (concurrent mode interrupted): 6549K->6552K(6848K), 0.0062532 secs] 6604K->6552K(9920K), [Metaspace: 4890K->4890K(139264K)], 0.0063143 secs] [Times: user=0.01 sys=0.00, real=0.01 secs] 
2020-11-18T11:05:56.855-0800: 13.333: [Full GC (System.gc()) 2020-11-18T11:05:56.855-0800: 13.333: [CMS: 6552K->6554K(6848K), 0.0048436 secs] 6606K->6554K(9920K), [Metaspace: 4890K->4890K(139264K)], 0.0049245 secs] [Times: user=0.00 sys=0.00, real=0.01 secs] 
2020-11-18T11:05:56.860-0800: 13.338: [GC (CMS Initial Mark) [1 CMS-initial-mark: 6554K(6848K)] 6554K(9920K), 0.0001642 secs] [Times: user=0.00 sys=0.00, real=0.00 secs] 
2020-11-18T11:05:56.860-0800: 13.338: [CMS-concurrent-mark-start]
2020-11-18T11:05:56.861-0800: 13.339: [Full GC (System.gc()) 2020-11-18T11:05:56.861-0800: 13.340: [CMS2020-11-18T11:05:56.863-0800: 13.341: [CMS-concurrent-mark: 0.002/0.003 secs] [Times: user=0.01 sys=0.00, real=0.00 secs] 
 (concurrent mode interrupted): 6554K->6557K(6848K), 0.0060349 secs] 6609K->6557K(9920K), [Metaspace: 4890K->4890K(139264K)], 0.0060969 secs] [Times: user=0.00 sys=0.00, real=0.00 secs] 
2020-11-18T11:05:56.868-0800: 13.347: [Full GC (System.gc()) 2020-11-18T11:05:56.868-0800: 13.347: [CMS: 6557K->6559K(6848K), 0.0042805 secs] 6611K->6559K(9920K), [Metaspace: 4890K->4890K(139264K)], 0.0044542 secs] [Times: user=0.01 sys=0.00, real=0.01 secs] 
2020-11-18T11:05:56.873-0800: 13.352: [GC (CMS Initial Mark) [1 CMS-initial-mark: 6559K(6848K)] 6559K(9920K), 0.0003356 secs] [Times: user=0.00 sys=0.00, real=0.00 secs] 
2020-11-18T11:05:56.873-0800: 13.352: [CMS-concurrent-mark-start]
2020-11-18T11:05:56.874-0800: 13.353: [Full GC (System.gc()) 2020-11-18T11:05:56.874-0800: 13.353: [CMS2020-11-18T11:05:56.877-0800: 13.355: [CMS-concurrent-mark: 0.002/0.003 secs] [Times: user=0.00 sys=0.00, real=0.00 secs] 
 (concurrent mode interrupted): 6559K->6562K(6848K), 0.0064359 secs] 6614K->6562K(9920K), [Metaspace: 4890K->4890K(139264K)], 0.0065147 secs] [Times: user=0.01 sys=0.00, real=0.01 secs] 
2020-11-18T11:05:56.883-0800: 13.361: [Full GC (System.gc()) 2020-11-18T11:05:56.883-0800: 13.361: [CMS: 6562K->6564K(6848K), 0.0037983 secs] 6616K->6564K(9920K), [Metaspace: 4890K->4890K(139264K)], 0.0038490 secs] [Times: user=0.00 sys=0.00, real=0.00 secs] 
2020-11-18T11:05:56.886-0800: 13.365: [GC (CMS Initial Mark) [1 CMS-initial-mark: 6564K(6848K)] 6564K(9920K), 0.0002187 secs] [Times: user=0.00 sys=0.00, real=0.00 secs] 
2020-11-18T11:05:56.887-0800: 13.365: [CMS-concurrent-mark-start]
2020-11-18T11:05:56.888-0800: 13.366: [Full GC (System.gc()) 2020-11-18T11:05:56.888-0800: 13.366: [CMS2020-11-18T11:05:56.890-0800: 13.368: [CMS-concurrent-mark: 0.002/0.003 secs] [Times: user=0.01 sys=0.00, real=0.01 secs] 
 (concurrent mode interrupted): 6564K->6566K(6848K), 0.0060277 secs] 6618K->6566K(9920K), [Metaspace: 4890K->4890K(139264K)], 0.0060739 secs] [Times: user=0.01 sys=0.00, real=0.01 secs] 
2020-11-18T11:05:56.895-0800: 13.374: [Full GC (System.gc()) 2020-11-18T11:05:56.895-0800: 13.374: [CMS: 6566K->6569K(6848K), 0.0049058 secs] 6621K->6569K(9920K), [Metaspace: 4890K->4890K(139264K)], 0.0049865 secs] [Times: user=0.00 sys=0.00, real=0.01 secs] 
2020-11-18T11:05:56.901-0800: 13.379: [GC (CMS Initial Mark) [1 CMS-initial-mark: 6569K(6848K)] 6569K(9920K), 0.0002149 secs] [Times: user=0.00 sys=0.00, real=0.00 secs] 
2020-11-18T11:05:56.901-0800: 13.379: [CMS-concurrent-mark-start]
2020-11-18T11:05:56.902-0800: 13.380: [Full GC (System.gc()) 2020-11-18T11:05:56.902-0800: 13.380: [CMS2020-11-18T11:05:56.904-0800: 13.382: [CMS-concurrent-mark: 0.002/0.003 secs] [Times: user=0.00 sys=0.00, real=0.00 secs] 
 (concurrent mode interrupted): 6569K->6571K(6848K), 0.0061950 secs] 6623K->6571K(9920K), [Metaspace: 4890K->4890K(139264K)], 0.0062542 secs] [Times: user=0.00 sys=0.00, real=0.00 secs] 
2020-11-18T11:05:56.909-0800: 13.388: [Full GC (System.gc()) 2020-11-18T11:05:56.909-0800: 13.388: [CMS: 6571K->6574K(6848K), 0.0040927 secs] 6626K->6574K(9920K), [Metaspace: 4890K->4890K(139264K)], 0.0041504 secs] [Times: user=0.01 sys=0.00, real=0.01 secs] 
2020-11-18T11:05:56.913-0800: 13.392: [GC (CMS Initial Mark) [1 CMS-initial-mark: 6574K(6848K)] 6574K(9920K), 0.0002252 secs] [Times: user=0.00 sys=0.00, real=0.00 secs] 
2020-11-18T11:05:56.914-0800: 13.392: [CMS-concurrent-mark-start]
2020-11-18T11:05:56.915-0800: 13.393: [Full GC (System.gc()) 2020-11-18T11:05:56.915-0800: 13.393: [CMS2020-11-18T11:05:56.917-0800: 13.395: [CMS-concurrent-mark: 0.002/0.003 secs] [Times: user=0.00 sys=0.00, real=0.00 secs] 
 (concurrent mode interrupted): 6574K->6576K(6848K), 0.0064623 secs] 6628K->6576K(9920K), [Metaspace: 4890K->4890K(139264K)], 0.0065254 secs] [Times: user=0.01 sys=0.00, real=0.01 secs] 
2020-11-18T11:05:56.923-0800: 13.401: [Full GC (System.gc()) 2020-11-18T11:05:56.923-0800: 13.401: [CMS: 6576K->6578K(6848K), 0.0040468 secs] 6630K->6578K(9920K), [Metaspace: 4890K->4890K(139264K)], 0.0041176 secs] [Times: user=0.00 sys=0.00, real=0.00 secs] 
2020-11-18T11:05:56.927-0800: 13.405: [GC (CMS Initial Mark) [1 CMS-initial-mark: 6578K(6848K)] 6578K(9920K), 0.0001935 secs] [Times: user=0.00 sys=0.00, real=0.00 secs] 
2020-11-18T11:05:56.927-0800: 13.406: [CMS-concurrent-mark-start]
2020-11-18T11:05:56.928-0800: 13.407: [Full GC (System.gc()) 2020-11-18T11:05:56.928-0800: 13.407: [CMS2020-11-18T11:05:56.930-0800: 13.409: [CMS-concurrent-mark: 0.002/0.003 secs] [Times: user=0.01 sys=0.01, real=0.01 secs] 
 (concurrent mode interrupted): 6578K->6581K(6848K), 0.0055988 secs] 6633K->6581K(9920K), [Metaspace: 4890K->4890K(139264K)], 0.0056458 secs] [Times: user=0.01 sys=0.00, real=0.01 secs] 
2020-11-18T11:05:56.935-0800: 13.414: [Full GC (System.gc()) 2020-11-18T11:05:56.936-0800: 13.414: [CMS: 6581K->6583K(6848K), 0.0047681 secs] 6635K->6583K(9920K), [Metaspace: 4890K->4890K(139264K)], 0.0048486 secs] [Times: user=0.01 sys=0.00, real=0.01 secs] 
2020-11-18T11:05:56.940-0800: 13.419: [GC (CMS Initial Mark) [1 CMS-initial-mark: 6583K(6848K)] 6583K(9920K), 0.0001869 secs] [Times: user=0.00 sys=0.00, real=0.00 secs] 
2020-11-18T11:05:56.941-0800: 13.419: [CMS-concurrent-mark-start]
2020-11-18T11:05:56.942-0800: 13.420: [Full GC (System.gc()) 2020-11-18T11:05:56.942-0800: 13.420: [CMS2020-11-18T11:05:56.944-0800: 13.422: [CMS-concurrent-mark: 0.002/0.003 secs] [Times: user=0.00 sys=0.00, real=0.00 secs] 
 (concurrent mode interrupted): 6583K->6586K(6848K), 0.0066075 secs] 6638K->6586K(9920K), [Metaspace: 4890K->4890K(139264K)], 0.0066695 secs] [Times: user=0.00 sys=0.00, real=0.00 secs] 
2020-11-18T11:05:56.950-0800: 13.428: [Full GC (System.gc()) 2020-11-18T11:05:56.950-0800: 13.429: [CMS: 6586K->6588K(6848K), 0.0049735 secs] 6640K->6588K(9920K), [Metaspace: 4890K->4890K(139264K)], 0.0050532 secs] [Times: user=0.01 sys=0.00, real=0.00 secs] 
2020-11-18T11:05:56.955-0800: 13.434: [GC (CMS Initial Mark) [1 CMS-initial-mark: 6588K(6848K)] 6588K(9920K), 0.0002173 secs] [Times: user=0.00 sys=0.00, real=0.00 secs] 
2020-11-18T11:05:56.955-0800: 13.434: [CMS-concurrent-mark-start]
2020-11-18T11:05:56.957-0800: 13.435: [Full GC (System.gc()) 2020-11-18T11:05:56.957-0800: 13.435: [CMS2020-11-18T11:05:56.958-0800: 13.437: [CMS-concurrent-mark: 0.002/0.003 secs] [Times: user=0.00 sys=0.00, real=0.00 secs] 
 (concurrent mode interrupted): 6588K->6591K(6848K), 0.0058393 secs] 6642K->6591K(9920K), [Metaspace: 4890K->4890K(139264K)], 0.0058995 secs] [Times: user=0.01 sys=0.00, real=0.01 secs] 
2020-11-18T11:05:56.964-0800: 13.442: [Full GC (System.gc()) 2020-11-18T11:05:56.964-0800: 13.442: [CMS: 6591K->6593K(6848K), 0.0043304 secs] 6645K->6593K(9920K), [Metaspace: 4890K->4890K(139264K)], 0.0043957 secs] [Times: user=0.00 sys=0.00, real=0.00 secs] 
2020-11-18T11:05:56.968-0800: 13.447: [GC (CMS Initial Mark) [1 CMS-initial-mark: 6593K(6848K)] 6593K(9920K), 0.0002635 secs] [Times: user=0.00 sys=0.00, real=0.00 secs] 
2020-11-18T11:05:56.969-0800: 13.447: [CMS-concurrent-mark-start]
2020-11-18T11:05:56.970-0800: 13.448: [Full GC (System.gc()) 2020-11-18T11:05:56.970-0800: 13.448: [CMS2020-11-18T11:05:56.972-0800: 13.450: [CMS-concurrent-mark: 0.002/0.003 secs] [Times: user=0.01 sys=0.00, real=0.01 secs] 
 (concurrent mode interrupted): 6593K->6595K(6848K), 0.0060009 secs] 6647K->6595K(9920K), [Metaspace: 4890K->4890K(139264K)], 0.0060490 secs] [Times: user=0.00 sys=0.00, real=0.00 secs] 
2020-11-18T11:05:56.977-0800: 13.456: [Full GC (System.gc()) 2020-11-18T11:05:56.977-0800: 13.456: [CMS: 6595K->6598K(6848K), 0.0038872 secs] 6650K->6598K(9920K), [Metaspace: 4890K->4890K(139264K)], 0.0039647 secs] [Times: user=0.01 sys=0.00, real=0.01 secs] 
2020-11-18T11:05:56.981-0800: 13.460: [GC (CMS Initial Mark) [1 CMS-initial-mark: 6598K(6848K)] 6598K(9920K), 0.0002073 secs] [Times: user=0.00 sys=0.00, real=0.00 secs] 
2020-11-18T11:05:56.981-0800: 13.460: [CMS-concurrent-mark-start]
2020-11-18T11:05:56.982-0800: 13.461: [Full GC (System.gc()) 2020-11-18T11:05:56.982-0800: 13.461: [CMS2020-11-18T11:05:56.984-0800: 13.463: [CMS-concurrent-mark: 0.002/0.003 secs] [Times: user=0.00 sys=0.00, real=0.00 secs] 
 (concurrent mode interrupted): 6598K->6600K(6848K), 0.0064001 secs] 6652K->6600K(9920K), [Metaspace: 4890K->4890K(139264K)], 0.0064626 secs] [Times: user=0.01 sys=0.00, real=0.00 secs] 
2020-11-18T11:05:56.990-0800: 13.469: [Full GC (System.gc()) 2020-11-18T11:05:56.991-0800: 13.469: [CMS: 6600K->6603K(6848K), 0.0046540 secs] 6655K->6603K(9920K), [Metaspace: 4890K->4890K(139264K)], 0.0047323 secs] [Times: user=0.00 sys=0.00, real=0.00 secs] 
2020-11-18T11:05:56.995-0800: 13.474: [GC (CMS Initial Mark) [1 CMS-initial-mark: 6603K(6848K)] 6603K(9920K), 0.0002633 secs] [Times: user=0.00 sys=0.00, real=0.00 secs] 
2020-11-18T11:05:56.996-0800: 13.474: [CMS-concurrent-mark-start]
2020-11-18T11:05:56.997-0800: 13.475: [Full GC (System.gc()) 2020-11-18T11:05:56.997-0800: 13.475: [CMS2020-11-18T11:05:56.999-0800: 13.477: [CMS-concurrent-mark: 0.002/0.003 secs] [Times: user=0.01 sys=0.00, real=0.00 secs] 
 (concurrent mode interrupted): 6603K->6605K(6848K), 0.0066834 secs] 6657K->6605K(9920K), [Metaspace: 4890K->4890K(139264K)], 0.0067416 secs] [Times: user=0.01 sys=0.00, real=0.01 secs] 
2020-11-18T11:05:57.005-0800: 13.483: [Full GC (System.gc()) 2020-11-18T11:05:57.005-0800: 13.483: [CMS: 6605K->6607K(6848K), 0.0045166 secs] 6659K->6607K(9920K), [Metaspace: 4890K->4890K(139264K)], 0.0046094 secs] [Times: user=0.01 sys=0.00, real=0.00 secs] 
2020-11-18T11:05:57.010-0800: 13.488: [GC (CMS Initial Mark) [1 CMS-initial-mark: 6607K(6848K)] 6607K(9920K), 0.0002004 secs] [Times: user=0.00 sys=0.00, real=0.00 secs] 
2020-11-18T11:05:57.010-0800: 13.488: [CMS-concurrent-mark-start]
2020-11-18T11:05:57.011-0800: 13.489: [Full GC (System.gc()) 2020-11-18T11:05:57.011-0800: 13.489: [CMS2020-11-18T11:05:57.013-0800: 13.491: [CMS-concurrent-mark: 0.002/0.003 secs] [Times: user=0.00 sys=0.00, real=0.00 secs] 
 (concurrent mode interrupted): 6607K->6610K(6848K), 0.0055632 secs] 6662K->6610K(9920K), [Metaspace: 4890K->4890K(139264K)], 0.0056129 secs] [Times: user=0.00 sys=0.00, real=0.00 secs] 
2020-11-18T11:05:57.018-0800: 13.496: [Full GC (System.gc()) 2020-11-18T11:05:57.018-0800: 13.496: [CMS: 6610K->6612K(6848K), 0.0037744 secs] 6664K->6612K(9920K), [Metaspace: 4890K->4890K(139264K)], 0.0038322 secs] [Times: user=0.01 sys=0.00, real=0.01 secs] 
2020-11-18T11:05:57.021-0800: 13.500: [GC (CMS Initial Mark) [1 CMS-initial-mark: 6612K(6848K)] 6612K(9920K), 0.0001850 secs] [Times: user=0.00 sys=0.00, real=0.00 secs] 
2020-11-18T11:05:57.022-0800: 13.500: [CMS-concurrent-mark-start]
2020-11-18T11:05:57.023-0800: 13.501: [Full GC (System.gc()) 2020-11-18T11:05:57.023-0800: 13.501: [CMS2020-11-18T11:05:57.024-0800: 13.503: [CMS-concurrent-mark: 0.002/0.003 secs] [Times: user=0.00 sys=0.00, real=0.00 secs] 
 (concurrent mode interrupted): 6612K->6615K(6848K), 0.0056255 secs] 6667K->6615K(9920K), [Metaspace: 4890K->4890K(139264K)], 0.0056762 secs] [Times: user=0.01 sys=0.00, real=0.00 secs] 
2020-11-18T11:05:57.030-0800: 13.509: [Full GC (System.gc()) 2020-11-18T11:05:57.030-0800: 13.509: [CMS: 6615K->6618K(6848K), 0.0042453 secs] 6669K->6618K(9920K), [Metaspace: 4890K->4890K(139264K)], 0.0043213 secs] [Times: user=0.00 sys=0.00, real=0.00 secs] 
2020-11-18T11:05:57.034-0800: 13.513: [GC (CMS Initial Mark) [1 CMS-initial-mark: 6618K(6848K)] 6618K(9920K), 0.0001900 secs] [Times: user=0.00 sys=0.00, real=0.00 secs] 
2020-11-18T11:05:57.035-0800: 13.513: [CMS-concurrent-mark-start]
2020-11-18T11:05:57.036-0800: 13.514: [Full GC (System.gc()) 2020-11-18T11:05:57.036-0800: 13.514: [CMS2020-11-18T11:05:57.038-0800: 13.516: [CMS-concurrent-mark: 0.002/0.003 secs] [Times: user=0.01 sys=0.00, real=0.00 secs] 
 (concurrent mode interrupted): 6618K->6620K(6848K), 0.0058961 secs] 6672K->6620K(9920K), [Metaspace: 4890K->4890K(139264K)], 0.0059463 secs] [Times: user=0.01 sys=0.00, real=0.01 secs] 
2020-11-18T11:05:57.043-0800: 13.522: [Full GC (System.gc()) 2020-11-18T11:05:57.043-0800: 13.522: [CMS: 6620K->6622K(6848K), 0.0034764 secs] 6674K->6622K(9920K), [Metaspace: 4890K->4890K(139264K)], 0.0035239 secs] [Times: user=0.00 sys=0.00, real=0.00 secs] 
2020-11-18T11:05:57.047-0800: 13.525: [GC (CMS Initial Mark) [1 CMS-initial-mark: 6622K(6848K)] 6622K(9920K), 0.0001999 secs] [Times: user=0.00 sys=0.00, real=0.00 secs] 
2020-11-18T11:05:57.047-0800: 13.525: [CMS-concurrent-mark-start]
2020-11-18T11:05:57.048-0800: 13.526: [Full GC (System.gc()) 2020-11-18T11:05:57.048-0800: 13.526: [CMS2020-11-18T11:05:57.050-0800: 13.528: [CMS-concurrent-mark: 0.002/0.003 secs] [Times: user=0.01 sys=0.00, real=0.01 secs] 
 (concurrent mode interrupted): 6622K->6625K(6848K), 0.0060072 secs] 6677K->6625K(9920K), [Metaspace: 4890K->4890K(139264K)], 0.0060561 secs] [Times: user=0.00 sys=0.00, real=0.01 secs] 
2020-11-18T11:05:57.055-0800: 13.534: [Full GC (System.gc()) 2020-11-18T11:05:57.056-0800: 13.534: [CMS: 6625K->6627K(6848K), 0.0039512 secs] 6679K->6627K(9920K), [Metaspace: 4890K->4890K(139264K)], 0.0040300 secs] [Times: user=0.01 sys=0.00, real=0.01 secs] 
2020-11-18T11:05:57.060-0800: 13.538: [GC (CMS Initial Mark) [1 CMS-initial-mark: 6627K(6848K)] 6627K(9920K), 0.0002394 secs] [Times: user=0.00 sys=0.00, real=0.00 secs] 
2020-11-18T11:05:57.060-0800: 13.538: [CMS-concurrent-mark-start]
2020-11-18T11:05:57.061-0800: 13.539: [Full GC (System.gc()) 2020-11-18T11:05:57.061-0800: 13.539: [CMS2020-11-18T11:05:57.063-0800: 13.541: [CMS-concurrent-mark: 0.002/0.003 secs] [Times: user=0.00 sys=0.00, real=0.00 secs] 
 (concurrent mode interrupted): 6627K->6630K(6848K), 0.0056405 secs] 6682K->6630K(9920K), [Metaspace: 4890K->4890K(139264K)], 0.0056908 secs] [Times: user=0.01 sys=0.00, real=0.00 secs] 
2020-11-18T11:05:57.068-0800: 13.547: [Full GC (System.gc()) 2020-11-18T11:05:57.068-0800: 13.547: [CMS: 6630K->6632K(6848K), 0.0039409 secs] 6684K->6632K(9920K), [Metaspace: 4890K->4890K(139264K)], 0.0040148 secs] [Times: user=0.00 sys=0.00, real=0.01 secs] 
2020-11-18T11:05:57.072-0800: 13.551: [GC (CMS Initial Mark) [1 CMS-initial-mark: 6632K(6848K)] 6632K(9920K), 0.0001618 secs] [Times: user=0.00 sys=0.00, real=0.00 secs] 
2020-11-18T11:05:57.072-0800: 13.551: [CMS-concurrent-mark-start]
2020-11-18T11:05:57.074-0800: 13.552: [Full GC (System.gc()) 2020-11-18T11:05:57.074-0800: 13.552: [CMS2020-11-18T11:05:57.075-0800: 13.554: [CMS-concurrent-mark: 0.002/0.003 secs] [Times: user=0.01 sys=0.00, real=0.00 secs] 
 (concurrent mode interrupted): 6632K->6634K(6848K), 0.0057951 secs] 6686K->6634K(9920K), [Metaspace: 4890K->4890K(139264K)], 0.0058465 secs] [Times: user=0.01 sys=0.00, real=0.00 secs] 
2020-11-18T11:05:57.081-0800: 13.559: [Full GC (System.gc()) 2020-11-18T11:05:57.081-0800: 13.559: [CMS: 6634K->6637K(6848K), 0.0039910 secs] 6689K->6637K(9920K), [Metaspace: 4890K->4890K(139264K)], 0.0040596 secs] [Times: user=0.00 sys=0.00, real=0.00 secs] 
2020-11-18T11:05:57.085-0800: 13.563: [GC (CMS Initial Mark) [1 CMS-initial-mark: 6637K(6848K)] 6637K(9920K), 0.0001872 secs] [Times: user=0.00 sys=0.00, real=0.00 secs] 
2020-11-18T11:05:57.085-0800: 13.564: [CMS-concurrent-mark-start]
2020-11-18T11:05:57.086-0800: 13.565: [Full GC (System.gc()) 2020-11-18T11:05:57.086-0800: 13.565: [CMS2020-11-18T11:05:57.088-0800: 13.566: [CMS-concurrent-mark: 0.002/0.003 secs] [Times: user=0.01 sys=0.00, real=0.00 secs] 
 (concurrent mode interrupted): 6637K->6639K(6848K), 0.0050468 secs] 6691K->6639K(9920K), [Metaspace: 4890K->4890K(139264K)], 0.0050929 secs] [Times: user=0.00 sys=0.00, real=0.01 secs] 
2020-11-18T11:05:57.093-0800: 13.571: [Full GC (System.gc()) 2020-11-18T11:05:57.093-0800: 13.571: [CMS: 6639K->6642K(6848K), 0.0038028 secs] 6694K->6642K(9920K), [Metaspace: 4890K->4890K(139264K)], 0.0038615 secs] [Times: user=0.01 sys=0.00, real=0.00 secs] 
2020-11-18T11:05:57.097-0800: 13.575: [GC (CMS Initial Mark) [1 CMS-initial-mark: 6642K(6848K)] 6642K(9920K), 0.0001809 secs] [Times: user=0.00 sys=0.00, real=0.00 secs] 
2020-11-18T11:05:57.097-0800: 13.575: [CMS-concurrent-mark-start]
2020-11-18T11:05:57.098-0800: 13.576: [Full GC (System.gc()) 2020-11-18T11:05:57.098-0800: 13.577: [CMS2020-11-18T11:05:57.100-0800: 13.578: [CMS-concurrent-mark: 0.002/0.003 secs] [Times: user=0.00 sys=0.00, real=0.01 secs] 
 (concurrent mode interrupted): 6642K->6644K(6848K), 0.0054724 secs] 6696K->6644K(9920K), [Metaspace: 4890K->4890K(139264K)], 0.0055214 secs] [Times: user=0.00 sys=0.00, real=0.01 secs] 
2020-11-18T11:05:57.105-0800: 13.583: [Full GC (System.gc()) 2020-11-18T11:05:57.105-0800: 13.584: [CMS: 6644K->6647K(6848K), 0.0041653 secs] 6699K->6647K(9920K), [Metaspace: 4890K->4890K(139264K)], 0.0042403 secs] [Times: user=0.01 sys=0.00, real=0.00 secs] 
2020-11-18T11:05:57.109-0800: 13.588: [GC (CMS Initial Mark) [1 CMS-initial-mark: 6647K(6848K)] 6647K(9920K), 0.0002052 secs] [Times: user=0.00 sys=0.00, real=0.01 secs] 
2020-11-18T11:05:57.110-0800: 13.588: [CMS-concurrent-mark-start]
2020-11-18T11:05:57.111-0800: 13.589: [Full GC (System.gc()) 2020-11-18T11:05:57.111-0800: 13.589: [CMS2020-11-18T11:05:57.113-0800: 13.591: [CMS-concurrent-mark: 0.002/0.003 secs] [Times: user=0.00 sys=0.00, real=0.00 secs] 
 (concurrent mode interrupted): 6647K->6649K(6848K), 0.0059870 secs] 6701K->6649K(9920K), [Metaspace: 4890K->4890K(139264K)], 0.0060400 secs] [Times: user=0.01 sys=0.00, real=0.00 secs] 
2020-11-18T11:05:57.118-0800: 13.597: [Full GC (System.gc()) 2020-11-18T11:05:57.118-0800: 13.597: [CMS: 6649K->6651K(6848K), 0.0040308 secs] 6703K->6651K(9920K), [Metaspace: 4890K->4890K(139264K)], 0.0041090 secs] [Times: user=0.00 sys=0.00, real=0.01 secs] 
2020-11-18T11:05:57.122-0800: 13.601: [GC (CMS Initial Mark) [1 CMS-initial-mark: 6651K(6848K)] 6651K(9920K), 0.0001760 secs] [Times: user=0.00 sys=0.00, real=0.00 secs] 
2020-11-18T11:05:57.123-0800: 13.601: [CMS-concurrent-mark-start]
2020-11-18T11:05:57.124-0800: 13.602: [Full GC (System.gc()) 2020-11-18T11:05:57.124-0800: 13.602: [CMS2020-11-18T11:05:57.126-0800: 13.604: [CMS-concurrent-mark: 0.002/0.003 secs] [Times: user=0.01 sys=0.00, real=0.00 secs] 
 (concurrent mode interrupted): 6651K->6654K(6848K), 0.0058099 secs] 6706K->6654K(9920K), [Metaspace: 4890K->4890K(139264K)], 0.0058609 secs] [Times: user=0.00 sys=0.00, real=0.00 secs] 
2020-11-18T11:05:57.131-0800: 13.609: [Full GC (System.gc()) 2020-11-18T11:05:57.131-0800: 13.609: [CMS: 6654K->6656K(6848K), 0.0038805 secs] 6708K->6656K(9920K), [Metaspace: 4890K->4890K(139264K)], 0.0039535 secs] [Times: user=0.00 sys=0.00, real=0.00 secs] 
2020-11-18T11:05:57.135-0800: 13.613: [GC (CMS Initial Mark) [1 CMS-initial-mark: 6656K(6848K)] 6656K(9920K), 0.0002625 secs] [Times: user=0.00 sys=0.01, real=0.00 secs] 
2020-11-18T11:05:57.135-0800: 13.614: [CMS-concurrent-mark-start]
2020-11-18T11:05:57.136-0800: 13.615: [Full GC (System.gc()) 2020-11-18T11:05:57.136-0800: 13.615: [CMS2020-11-18T11:05:57.138-0800: 13.617: [CMS-concurrent-mark: 0.002/0.003 secs] [Times: user=0.00 sys=0.00, real=0.00 secs] 
 (concurrent mode interrupted): 6656K->6659K(6848K), 0.0056962 secs] 6711K->6659K(9920K), [Metaspace: 4890K->4890K(139264K)], 0.0057487 secs] [Times: user=0.00 sys=0.00, real=0.01 secs] 
2020-11-18T11:05:57.144-0800: 13.622: [Full GC (System.gc()) 2020-11-18T11:05:57.144-0800: 13.622: [CMS: 6659K->6661K(6848K), 0.0040687 secs] 6713K->6661K(9920K), [Metaspace: 4890K->4890K(139264K)], 0.0041386 secs] [Times: user=0.01 sys=0.00, real=0.00 secs] 
2020-11-18T11:05:57.148-0800: 13.626: [GC (CMS Initial Mark) [1 CMS-initial-mark: 6661K(6848K)] 6661K(9920K), 0.0001998 secs] [Times: user=0.00 sys=0.00, real=0.00 secs] 
2020-11-18T11:05:57.148-0800: 13.627: [CMS-concurrent-mark-start]
2020-11-18T11:05:57.149-0800: 13.628: [Full GC (System.gc()) 2020-11-18T11:05:57.149-0800: 13.628: [CMS2020-11-18T11:05:57.151-0800: 13.629: [CMS-concurrent-mark: 0.002/0.003 secs] [Times: user=0.00 sys=0.00, real=0.01 secs] 
 (concurrent mode interrupted): 6661K->6663K(6848K), 0.0055546 secs] 6715K->6663K(9920K), [Metaspace: 4890K->4890K(139264K)], 0.0056003 secs] [Times: user=0.01 sys=0.00, real=0.01 secs] 
2020-11-18T11:05:57.156-0800: 13.635: [Full GC (System.gc()) 2020-11-18T11:05:57.156-0800: 13.635: [CMS: 6663K->6666K(6848K), 0.0040735 secs] 6718K->6666K(9920K), [Metaspace: 4890K->4890K(139264K)], 0.0041491 secs] [Times: user=0.00 sys=0.00, real=0.01 secs] 
2020-11-18T11:05:57.160-0800: 13.639: [GC (CMS Initial Mark) [1 CMS-initial-mark: 6666K(6848K)] 6666K(9920K), 0.0001851 secs] [Times: user=0.00 sys=0.00, real=0.00 secs] 
2020-11-18T11:05:57.161-0800: 13.639: [CMS-concurrent-mark-start]
2020-11-18T11:05:57.162-0800: 13.640: [Full GC (System.gc()) 2020-11-18T11:05:57.162-0800: 13.640: [CMS2020-11-18T11:05:57.163-0800: 13.642: [CMS-concurrent-mark: 0.002/0.003 secs] [Times: user=0.01 sys=0.00, real=0.00 secs] 
 (concurrent mode interrupted): 6666K->6668K(6848K), 0.0054173 secs] 6720K->6668K(9920K), [Metaspace: 4890K->4890K(139264K)], 0.0054649 secs] [Times: user=0.01 sys=0.00, real=0.00 secs] 
2020-11-18T11:05:57.168-0800: 13.647: [Full GC (System.gc()) 2020-11-18T11:05:57.169-0800: 13.647: [CMS: 6668K->6671K(6848K), 0.0040976 secs] 6723K->6671K(9920K), [Metaspace: 4890K->4890K(139264K)], 0.0041778 secs] [Times: user=0.00 sys=0.00, real=0.01 secs] 
2020-11-18T11:05:57.173-0800: 13.651: [GC (CMS Initial Mark) [1 CMS-initial-mark: 6671K(6848K)] 6671K(9920K), 0.0001934 secs] [Times: user=0.00 sys=0.00, real=0.00 secs] 
2020-11-18T11:05:57.173-0800: 13.651: [CMS-concurrent-mark-start]
2020-11-18T11:05:57.174-0800: 13.653: [Full GC (System.gc()) 2020-11-18T11:05:57.174-0800: 13.653: [CMS2020-11-18T11:05:57.176-0800: 13.655: [CMS-concurrent-mark: 0.002/0.003 secs] [Times: user=0.01 sys=0.00, real=0.00 secs] 
 (concurrent mode interrupted): 6671K->6673K(6848K), 0.0057842 secs] 6725K->6673K(9920K), [Metaspace: 4890K->4890K(139264K)], 0.0058361 secs] [Times: user=0.00 sys=0.00, real=0.01 secs] 
2020-11-18T11:05:57.181-0800: 13.660: [Full GC (System.gc()) 2020-11-18T11:05:57.181-0800: 13.660: [CMS: 6673K->6676K(6848K), 0.0039872 secs] 6727K->6676K(9920K), [Metaspace: 4890K->4890K(139264K)], 0.0040581 secs] [Times: user=0.01 sys=0.00, real=0.00 secs] 
2020-11-18T11:05:57.186-0800: 13.664: [GC (CMS Initial Mark) [1 CMS-initial-mark: 6676K(6848K)] 6676K(9920K), 0.0002130 secs] [Times: user=0.00 sys=0.00, real=0.00 secs] 
2020-11-18T11:05:57.186-0800: 13.664: [CMS-concurrent-mark-start]
2020-11-18T11:05:57.187-0800: 13.665: [Full GC (System.gc()) 2020-11-18T11:05:57.187-0800: 13.665: [CMS2020-11-18T11:05:57.189-0800: 13.667: [CMS-concurrent-mark: 0.002/0.003 secs] [Times: user=0.00 sys=0.00, real=0.00 secs] 
 (concurrent mode interrupted): 6676K->6678K(6848K), 0.0055074 secs] 6730K->6678K(9920K), [Metaspace: 4890K->4890K(139264K)], 0.0055581 secs] [Times: user=0.01 sys=0.00, real=0.01 secs] 
2020-11-18T11:05:57.194-0800: 13.672: [Full GC (System.gc()) 2020-11-18T11:05:57.194-0800: 13.672: [CMS: 6678K->6680K(6848K), 0.0039314 secs] 6732K->6680K(9920K), [Metaspace: 4890K->4890K(139264K)], 0.0040051 secs] [Times: user=0.00 sys=0.00, real=0.00 secs] 
2020-11-18T11:05:57.198-0800: 13.677: [GC (CMS Initial Mark) [1 CMS-initial-mark: 6680K(6848K)] 6680K(9920K), 0.0001991 secs] [Times: user=0.00 sys=0.00, real=0.00 secs] 
2020-11-18T11:05:57.198-0800: 13.677: [CMS-concurrent-mark-start]
2020-11-18T11:05:57.199-0800: 13.678: [Full GC (System.gc()) 2020-11-18T11:05:57.199-0800: 13.678: [CMS2020-11-18T11:05:57.201-0800: 13.679: [CMS-concurrent-mark: 0.002/0.003 secs] [Times: user=0.01 sys=0.00, real=0.01 secs] 
 (concurrent mode interrupted): 6680K->6683K(6848K), 0.0053904 secs] 6735K->6683K(9920K), [Metaspace: 4890K->4890K(139264K)], 0.0054389 secs] [Times: user=0.01 sys=0.00, real=0.01 secs] 
2020-11-18T11:05:57.206-0800: 13.685: [Full GC (System.gc()) 2020-11-18T11:05:57.206-0800: 13.685: [CMS: 6683K->6685K(6848K), 0.0040812 secs] 6737K->6685K(9920K), [Metaspace: 4890K->4890K(139264K)], 0.0041622 secs] [Times: user=0.00 sys=0.00, real=0.01 secs] 
2020-11-18T11:05:57.210-0800: 13.689: [GC (CMS Initial Mark) [1 CMS-initial-mark: 6685K(6848K)] 6685K(9920K), 0.0002043 secs] [Times: user=0.00 sys=0.00, real=0.00 secs] 
2020-11-18T11:05:57.211-0800: 13.689: [CMS-concurrent-mark-start]
2020-11-18T11:05:57.212-0800: 13.690: [Full GC (System.gc()) 2020-11-18T11:05:57.212-0800: 13.690: [CMS2020-11-18T11:05:57.214-0800: 13.692: [CMS-concurrent-mark: 0.002/0.003 secs] [Times: user=0.01 sys=0.00, real=0.00 secs] 
 (concurrent mode interrupted): 6685K->6688K(6848K), 0.0056656 secs] 6740K->6688K(9920K), [Metaspace: 4890K->4890K(139264K)], 0.0057185 secs] [Times: user=0.00 sys=0.00, real=0.00 secs] 
2020-11-18T11:05:57.219-0800: 13.698: [Full GC (System.gc()) 2020-11-18T11:05:57.219-0800: 13.698: [CMS: 6688K->6690K(6848K), 0.0041117 secs] 6742K->6690K(9920K), [Metaspace: 4890K->4890K(139264K)], 0.0041939 secs] [Times: user=0.01 sys=0.00, real=0.01 secs] 
2020-11-18T11:05:57.223-0800: 13.702: [GC (CMS Initial Mark) [1 CMS-initial-mark: 6690K(6848K)] 6690K(9920K), 0.0001870 secs] [Times: user=0.00 sys=0.00, real=0.00 secs] 
2020-11-18T11:05:57.224-0800: 13.702: [CMS-concurrent-mark-start]
2020-11-18T11:05:57.224-0800: 13.703: [Full GC (System.gc()) 2020-11-18T11:05:57.224-0800: 13.703: [CMS2020-11-18T11:05:57.227-0800: 13.705: [CMS-concurrent-mark: 0.002/0.003 secs] [Times: user=0.00 sys=0.00, real=0.00 secs] 
 (concurrent mode interrupted): 6690K->6692K(6848K), 0.0066331 secs] 6744K->6692K(9920K), [Metaspace: 4890K->4890K(139264K)], 0.0066946 secs] [Times: user=0.01 sys=0.00, real=0.01 secs] 
2020-11-18T11:05:57.232-0800: 13.711: [Full GC (System.gc()) 2020-11-18T11:05:57.232-0800: 13.711: [CMS: 6692K->6695K(6848K), 0.0037390 secs] 6747K->6695K(9920K), [Metaspace: 4890K->4890K(139264K)], 0.0037914 secs] [Times: user=0.00 sys=0.00, real=0.00 secs] 
2020-11-18T11:05:57.236-0800: 13.715: [GC (CMS Initial Mark) [1 CMS-initial-mark: 6695K(6848K)] 6695K(9920K), 0.0002277 secs] [Times: user=0.00 sys=0.00, real=0.00 secs] 
2020-11-18T11:05:57.237-0800: 13.715: [CMS-concurrent-mark-start]
2020-11-18T11:05:57.238-0800: 13.716: [Full GC (System.gc()) 2020-11-18T11:05:57.238-0800: 13.716: [CMS2020-11-18T11:05:57.240-0800: 13.718: [CMS-concurrent-mark: 0.002/0.003 secs] [Times: user=0.01 sys=0.00, real=0.01 secs] 
 (concurrent mode interrupted): 6695K->6697K(6848K), 0.0064837 secs] 6749K->6697K(9920K), [Metaspace: 4890K->4890K(139264K)], 0.0065445 secs] [Times: user=0.01 sys=0.00, real=0.01 secs] 
2020-11-18T11:05:57.245-0800: 13.724: [Full GC (System.gc()) 2020-11-18T11:05:57.245-0800: 13.724: [CMS: 6697K->6700K(6848K), 0.0040301 secs] 6752K->6700K(9920K), [Metaspace: 4890K->4890K(139264K)], 0.0040921 secs] [Times: user=0.00 sys=0.00, real=0.00 secs] 
2020-11-18T11:05:57.249-0800: 13.728: [GC (CMS Initial Mark) [1 CMS-initial-mark: 6700K(6848K)] 6700K(9920K), 0.0001766 secs] [Times: user=0.00 sys=0.00, real=0.01 secs] 
2020-11-18T11:05:57.250-0800: 13.728: [CMS-concurrent-mark-start]
2020-11-18T11:05:57.251-0800: 13.729: [Full GC (System.gc()) 2020-11-18T11:05:57.251-0800: 13.729: [CMS2020-11-18T11:05:57.253-0800: 13.731: [CMS-concurrent-mark: 0.002/0.003 secs] [Times: user=0.01 sys=0.00, real=0.00 secs] 
 (concurrent mode interrupted): 6700K->6702K(6848K), 0.0053755 secs] 6754K->6702K(9920K), [Metaspace: 4890K->4890K(139264K)], 0.0054249 secs] [Times: user=0.00 sys=0.00, real=0.00 secs] 
2020-11-18T11:05:57.258-0800: 13.736: [Full GC (System.gc()) 2020-11-18T11:05:57.258-0800: 13.736: [CMS: 6702K->6704K(6848K), 0.0037134 secs] 6756K->6704K(9920K), [Metaspace: 4890K->4890K(139264K)], 0.0037644 secs] [Times: user=0.01 sys=0.00, real=0.01 secs] 
2020-11-18T11:05:57.262-0800: 13.740: [GC (CMS Initial Mark) [1 CMS-initial-mark: 6704K(6848K)] 6704K(9920K), 0.0001882 secs] [Times: user=0.00 sys=0.00, real=0.00 secs] 
2020-11-18T11:05:57.262-0800: 13.740: [CMS-concurrent-mark-start]
2020-11-18T11:05:57.263-0800: 13.741: [Full GC (System.gc()) 2020-11-18T11:05:57.263-0800: 13.741: [CMS2020-11-18T11:05:57.265-0800: 13.743: [CMS-concurrent-mark: 0.002/0.003 secs] [Times: user=0.00 sys=0.00, real=0.00 secs] 
 (concurrent mode interrupted): 6704K->6707K(6848K), 0.0057527 secs] 6759K->6707K(9920K), [Metaspace: 4890K->4890K(139264K)], 0.0058054 secs] [Times: user=0.01 sys=0.00, real=0.00 secs] 
2020-11-18T11:05:57.270-0800: 13.749: [Full GC (System.gc()) 2020-11-18T11:05:57.270-0800: 13.749: [CMS: 6707K->6709K(6848K), 0.0038690 secs] 6761K->6709K(9920K), [Metaspace: 4890K->4890K(139264K)], 0.0039265 secs] [Times: user=0.00 sys=0.00, real=0.00 secs] 
2020-11-18T11:05:57.274-0800: 13.753: [GC (CMS Initial Mark) [1 CMS-initial-mark: 6709K(6848K)] 6709K(9920K), 0.0002176 secs] [Times: user=0.00 sys=0.00, real=0.00 secs] 
2020-11-18T11:05:57.274-0800: 13.753: [CMS-concurrent-mark-start]
2020-11-18T11:05:57.276-0800: 13.754: [Full GC (System.gc()) 2020-11-18T11:05:57.276-0800: 13.754: [CMS2020-11-18T11:05:57.277-0800: 13.756: [CMS-concurrent-mark: 0.002/0.003 secs] [Times: user=0.00 sys=0.00, real=0.00 secs] 
 (concurrent mode interrupted): 6709K->6712K(6848K), 0.0052611 secs] 6764K->6712K(9920K), [Metaspace: 4890K->4890K(139264K)], 0.0053248 secs] [Times: user=0.01 sys=0.00, real=0.01 secs] 
2020-11-18T11:05:57.282-0800: 13.761: [Full GC (System.gc()) 2020-11-18T11:05:57.282-0800: 13.761: [CMS: 6712K->6714K(6848K), 0.0038739 secs] 6766K->6714K(9920K), [Metaspace: 4890K->4890K(139264K)], 0.0039503 secs] [Times: user=0.00 sys=0.00, real=0.00 secs] 
2020-11-18T11:05:57.286-0800: 13.765: [GC (CMS Initial Mark) [1 CMS-initial-mark: 6714K(6848K)] 6714K(9920K), 0.0001894 secs] [Times: user=0.00 sys=0.00, real=0.00 secs] 
2020-11-18T11:05:57.287-0800: 13.765: [CMS-concurrent-mark-start]
2020-11-18T11:05:57.288-0800: 13.766: [Full GC (System.gc()) 2020-11-18T11:05:57.288-0800: 13.766: [CMS2020-11-18T11:05:57.290-0800: 13.768: [CMS-concurrent-mark: 0.002/0.003 secs] [Times: user=0.01 sys=0.00, real=0.01 secs] 
 (concurrent mode interrupted): 6714K->6717K(6848K), 0.0056147 secs] 6769K->6717K(9920K), [Metaspace: 4890K->4890K(139264K)], 0.0056645 secs] [Times: user=0.00 sys=0.00, real=0.01 secs] 
2020-11-18T11:05:57.295-0800: 13.773: [Full GC (System.gc()) 2020-11-18T11:05:57.295-0800: 13.773: [CMS: 6717K->6719K(6848K), 0.0047047 secs] 6771K->6719K(9920K), [Metaspace: 4890K->4890K(139264K)], 0.0047965 secs] [Times: user=0.01 sys=0.00, real=0.01 secs] 
2020-11-18T11:05:57.300-0800: 13.778: [GC (CMS Initial Mark) [1 CMS-initial-mark: 6719K(6848K)] 6719K(9920K), 0.0001962 secs] [Times: user=0.00 sys=0.00, real=0.00 secs] 
2020-11-18T11:05:57.300-0800: 13.778: [CMS-concurrent-mark-start]
2020-11-18T11:05:57.301-0800: 13.779: [Full GC (System.gc()) 2020-11-18T11:05:57.301-0800: 13.780: [CMS2020-11-18T11:05:57.303-0800: 13.781: [CMS-concurrent-mark: 0.002/0.003 secs] [Times: user=0.00 sys=0.00, real=0.00 secs] 
 (concurrent mode interrupted): 6719K->6721K(6848K), 0.0059241 secs] 6773K->6721K(9920K), [Metaspace: 4890K->4890K(139264K)], 0.0059807 secs] [Times: user=0.00 sys=0.00, real=0.00 secs] 
2020-11-18T11:05:57.308-0800: 13.787: [Full GC (System.gc()) 2020-11-18T11:05:57.308-0800: 13.787: [CMS: 6721K->6724K(6848K), 0.0036746 secs] 6776K->6724K(9920K), [Metaspace: 4890K->4890K(139264K)], 0.0037265 secs] [Times: user=0.01 sys=0.00, real=0.01 secs] 
2020-11-18T11:05:57.312-0800: 13.791: [GC (CMS Initial Mark) [1 CMS-initial-mark: 6724K(6848K)] 6724K(9920K), 0.0002439 secs] [Times: user=0.00 sys=0.00, real=0.00 secs] 
2020-11-18T11:05:57.313-0800: 13.791: [CMS-concurrent-mark-start]
2020-11-18T11:05:57.314-0800: 13.792: [Full GC (System.gc()) 2020-11-18T11:05:57.314-0800: 13.792: [CMS2020-11-18T11:05:57.316-0800: 13.794: [CMS-concurrent-mark: 0.002/0.003 secs] [Times: user=0.00 sys=0.00, real=0.00 secs] 
 (concurrent mode interrupted): 6724K->6726K(6848K), 0.0058605 secs] 6778K->6726K(9920K), [Metaspace: 4890K->4890K(139264K)], 0.0059095 secs] [Times: user=0.01 sys=0.00, real=0.01 secs] 
2020-11-18T11:05:57.321-0800: 13.799: [Full GC (System.gc()) 2020-11-18T11:05:57.321-0800: 13.799: [CMS: 6726K->6729K(6848K), 0.0039418 secs] 6781K->6729K(9920K), [Metaspace: 4890K->4890K(139264K)], 0.0040408 secs] [Times: user=0.00 sys=0.00, real=0.00 secs] 
2020-11-18T11:05:57.325-0800: 13.803: [GC (CMS Initial Mark) [1 CMS-initial-mark: 6729K(6848K)] 6729K(9920K), 0.0001877 secs] [Times: user=0.00 sys=0.00, real=0.00 secs] 
2020-11-18T11:05:57.325-0800: 13.804: [CMS-concurrent-mark-start]
2020-11-18T11:05:57.326-0800: 13.805: [Full GC (System.gc()) 2020-11-18T11:05:57.326-0800: 13.805: [CMS2020-11-18T11:05:57.328-0800: 13.807: [CMS-concurrent-mark: 0.002/0.003 secs] [Times: user=0.01 sys=0.00, real=0.00 secs] 
 (concurrent mode interrupted): 6729K->6731K(6848K), 0.0065533 secs] 6783K->6731K(9920K), [Metaspace: 4890K->4890K(139264K)], 0.0066103 secs] [Times: user=0.00 sys=0.00, real=0.01 secs] 
2020-11-18T11:05:57.334-0800: 13.813: [Full GC (System.gc()) 2020-11-18T11:05:57.334-0800: 13.813: [CMS: 6731K->6733K(6848K), 0.0047142 secs] 6785K->6733K(9920K), [Metaspace: 4890K->4890K(139264K)], 0.0047971 secs] [Times: user=0.01 sys=0.01, real=0.00 secs] 
2020-11-18T11:05:57.339-0800: 13.818: [GC (CMS Initial Mark) [1 CMS-initial-mark: 6733K(6848K)] 6733K(9920K), 0.0002135 secs] [Times: user=0.00 sys=0.00, real=0.01 secs] 
2020-11-18T11:05:57.340-0800: 13.818: [CMS-concurrent-mark-start]
2020-11-18T11:05:57.341-0800: 13.819: [Full GC (System.gc()) 2020-11-18T11:05:57.341-0800: 13.819: [CMS2020-11-18T11:05:57.343-0800: 13.821: [CMS-concurrent-mark: 0.002/0.003 secs] [Times: user=0.00 sys=0.00, real=0.00 secs] 
 (concurrent mode interrupted): 6733K->6736K(6848K), 0.0065562 secs] 6788K->6736K(9920K), [Metaspace: 4890K->4890K(139264K)], 0.0066182 secs] [Times: user=0.01 sys=0.00, real=0.00 secs] 
2020-11-18T11:05:57.349-0800: 13.827: [Full GC (System.gc()) 2020-11-18T11:05:57.349-0800: 13.827: [CMS: 6736K->6738K(6848K), 0.0048306 secs] 6790K->6738K(9920K), [Metaspace: 4890K->4890K(139264K)], 0.0049184 secs] [Times: user=0.00 sys=0.00, real=0.01 secs] 
2020-11-18T11:05:57.354-0800: 13.832: [GC (CMS Initial Mark) [1 CMS-initial-mark: 6738K(6848K)] 6738K(9920K), 0.0001898 secs] [Times: user=0.00 sys=0.00, real=0.00 secs] 
2020-11-18T11:05:57.354-0800: 13.833: [CMS-concurrent-mark-start]
2020-11-18T11:05:57.355-0800: 13.834: [Full GC (System.gc()) 2020-11-18T11:05:57.355-0800: 13.834: [CMS2020-11-18T11:05:57.357-0800: 13.836: [CMS-concurrent-mark: 0.002/0.003 secs] [Times: user=0.01 sys=0.00, real=0.00 secs] 
 (concurrent mode interrupted): 6738K->6741K(6848K), 0.0065692 secs] 6793K->6741K(9920K), [Metaspace: 4890K->4890K(139264K)], 0.0066313 secs] [Times: user=0.01 sys=0.00, real=0.01 secs] 
2020-11-18T11:05:57.363-0800: 13.842: [Full GC (System.gc()) 2020-11-18T11:05:57.363-0800: 13.842: [CMS: 6741K->6743K(6848K), 0.0053304 secs] 6795K->6743K(9920K), [Metaspace: 4890K->4890K(139264K)], 0.0054603 secs] [Times: user=0.01 sys=0.00, real=0.00 secs] 
2020-11-18T11:05:57.369-0800: 13.848: [GC (CMS Initial Mark) [1 CMS-initial-mark: 6743K(6848K)] 6743K(9920K), 0.0004819 secs] [Times: user=0.00 sys=0.00, real=0.01 secs] 
2020-11-18T11:05:57.370-0800: 13.848: [CMS-concurrent-mark-start]
2020-11-18T11:05:57.370-0800: 13.849: [Full GC (System.gc()) 2020-11-18T11:05:57.370-0800: 13.849: [CMS2020-11-18T11:05:57.373-0800: 13.851: [CMS-concurrent-mark: 0.002/0.003 secs] [Times: user=0.00 sys=0.00, real=0.00 secs] 
 (concurrent mode interrupted): 6743K->6746K(6848K), 0.0060820 secs] 6797K->6746K(9920K), [Metaspace: 4890K->4890K(139264K)], 0.0061392 secs] [Times: user=0.00 sys=0.00, real=0.00 secs] 
2020-11-18T11:05:57.378-0800: 13.856: [Full GC (System.gc()) 2020-11-18T11:05:57.378-0800: 13.856: [CMS: 6746K->6748K(6848K), 0.0037325 secs] 6800K->6748K(9920K), [Metaspace: 4890K->4890K(139264K)], 0.0037831 secs] [Times: user=0.01 sys=0.00, real=0.01 secs] 
2020-11-18T11:05:57.382-0800: 13.860: [GC (CMS Initial Mark) [1 CMS-initial-mark: 6748K(6848K)] 6748K(9920K), 0.0001560 secs] [Times: user=0.00 sys=0.00, real=0.00 secs] 
2020-11-18T11:05:57.382-0800: 13.860: [CMS-concurrent-mark-start]
2020-11-18T11:05:57.383-0800: 13.861: [Full GC (System.gc()) 2020-11-18T11:05:57.383-0800: 13.861: [CMS2020-11-18T11:05:57.385-0800: 13.863: [CMS-concurrent-mark: 0.002/0.003 secs] [Times: user=0.00 sys=0.00, real=0.00 secs] 
 (concurrent mode interrupted): 6748K->6750K(6848K), 0.0060038 secs] 6802K->6750K(9920K), [Metaspace: 4890K->4890K(139264K)], 0.0060605 secs] [Times: user=0.01 sys=0.00, real=0.00 secs] 
2020-11-18T11:05:57.390-0800: 13.869: [Full GC (System.gc()) 2020-11-18T11:05:57.390-0800: 13.869: [CMS: 6750K->6753K(6848K), 0.0041823 secs] 6805K->6753K(9920K), [Metaspace: 4890K->4890K(139264K)], 0.0042608 secs] [Times: user=0.00 sys=0.00, real=0.00 secs] 
2020-11-18T11:05:57.395-0800: 13.873: [GC (CMS Initial Mark) [1 CMS-initial-mark: 6753K(6848K)] 6753K(9920K), 0.0002311 secs] [Times: user=0.00 sys=0.00, real=0.00 secs] 
2020-11-18T11:05:57.395-0800: 13.873: [CMS-concurrent-mark-start]
2020-11-18T11:05:57.396-0800: 13.874: [Full GC (System.gc()) 2020-11-18T11:05:57.396-0800: 13.874: [CMS2020-11-18T11:05:57.398-0800: 13.876: [CMS-concurrent-mark: 0.002/0.003 secs] [Times: user=0.01 sys=0.00, real=0.00 secs] 
 (concurrent mode interrupted): 6753K->6755K(6848K), 0.0059526 secs] 6807K->6755K(9920K), [Metaspace: 4890K->4890K(139264K)], 0.0059981 secs] [Times: user=0.00 sys=0.00, real=0.01 secs] 
2020-11-18T11:05:57.403-0800: 13.882: [Full GC (System.gc()) 2020-11-18T11:05:57.403-0800: 13.882: [CMS: 6755K->6758K(6848K), 0.0039986 secs] 6810K->6758K(9920K), [Metaspace: 4890K->4890K(139264K)], 0.0040733 secs] [Times: user=0.01 sys=0.00, real=0.00 secs] 
2020-11-18T11:05:57.408-0800: 13.886: [GC (CMS Initial Mark) [1 CMS-initial-mark: 6758K(6848K)] 6758K(9920K), 0.0002369 secs] [Times: user=0.00 sys=0.00, real=0.00 secs] 
2020-11-18T11:05:57.408-0800: 13.886: [CMS-concurrent-mark-start]
2020-11-18T11:05:57.409-0800: 13.887: [Full GC (System.gc()) 2020-11-18T11:05:57.409-0800: 13.887: [CMS2020-11-18T11:05:57.411-0800: 13.889: [CMS-concurrent-mark: 0.002/0.003 secs] [Times: user=0.00 sys=0.00, real=0.01 secs] 
 (concurrent mode interrupted): 6758K->6760K(6848K), 0.0056254 secs] 6812K->6760K(9920K), [Metaspace: 4890K->4890K(139264K)], 0.0056725 secs] [Times: user=0.00 sys=0.00, real=0.01 secs] 
2020-11-18T11:05:57.416-0800: 13.894: [Full GC (System.gc()) 2020-11-18T11:05:57.416-0800: 13.894: [CMS: 6760K->6762K(6848K), 0.0042836 secs] 6814K->6762K(9920K), [Metaspace: 4890K->4890K(139264K)], 0.0043470 secs] [Times: user=0.01 sys=0.00, real=0.01 secs] 
2020-11-18T11:05:57.420-0800: 13.899: [GC (CMS Initial Mark) [1 CMS-initial-mark: 6762K(6848K)] 6762K(9920K), 0.0001923 secs] [Times: user=0.00 sys=0.00, real=0.00 secs] 
2020-11-18T11:05:57.421-0800: 13.899: [CMS-concurrent-mark-start]
2020-11-18T11:05:57.422-0800: 13.900: [Full GC (System.gc()) 2020-11-18T11:05:57.422-0800: 13.900: [CMS2020-11-18T11:05:57.424-0800: 13.902: [CMS-concurrent-mark: 0.002/0.003 secs] [Times: user=0.00 sys=0.00, real=0.00 secs] 
 (concurrent mode interrupted): 6762K->6765K(6848K), 0.0059439 secs] 6817K->6765K(9920K), [Metaspace: 4890K->4890K(139264K)], 0.0060010 secs] [Times: user=0.01 sys=0.00, real=0.00 secs] 
2020-11-18T11:05:57.429-0800: 13.908: [Full GC (System.gc()) 2020-11-18T11:05:57.429-0800: 13.908: [CMS: 6765K->6767K(6848K), 0.0035478 secs] 6819K->6767K(9920K), [Metaspace: 4890K->4890K(139264K)], 0.0036366 secs] [Times: user=0.00 sys=0.00, real=0.01 secs] 
2020-11-18T11:05:57.433-0800: 13.911: [GC (CMS Initial Mark) [1 CMS-initial-mark: 6767K(6848K)] 6767K(9920K), 0.0002738 secs] [Times: user=0.00 sys=0.00, real=0.00 secs] 
2020-11-18T11:05:57.433-0800: 13.912: [CMS-concurrent-mark-start]
2020-11-18T11:05:57.434-0800: 13.913: [Full GC (System.gc()) 2020-11-18T11:05:57.434-0800: 13.913: [CMS2020-11-18T11:05:57.436-0800: 13.914: [CMS-concurrent-mark: 0.002/0.003 secs] [Times: user=0.01 sys=0.00, real=0.00 secs] 
 (concurrent mode interrupted): 6767K->6770K(6848K), 0.0053233 secs] 6822K->6770K(9920K), [Metaspace: 4890K->4890K(139264K)], 0.0053731 secs] [Times: user=0.01 sys=0.00, real=0.01 secs] 
2020-11-18T11:05:57.441-0800: 13.919: [Full GC (System.gc()) 2020-11-18T11:05:57.441-0800: 13.919: [CMS: 6770K->6772K(6848K), 0.0038702 secs] 6824K->6772K(9920K), [Metaspace: 4890K->4890K(139264K)], 0.0039529 secs] [Times: user=0.00 sys=0.00, real=0.00 secs] 
2020-11-18T11:05:57.445-0800: 13.923: [GC (CMS Initial Mark) [1 CMS-initial-mark: 6772K(6848K)] 6772K(9920K), 0.0001810 secs] [Times: user=0.00 sys=0.00, real=0.00 secs] 
2020-11-18T11:05:57.445-0800: 13.924: [CMS-concurrent-mark-start]
2020-11-18T11:05:57.446-0800: 13.925: [Full GC (System.gc()) 2020-11-18T11:05:57.446-0800: 13.925: [CMS2020-11-18T11:05:57.448-0800: 13.926: [CMS-concurrent-mark: 0.002/0.003 secs] [Times: user=0.01 sys=0.00, real=0.00 secs] 
 (concurrent mode interrupted): 6772K->6774K(6848K), 0.0059642 secs] 6826K->6774K(9920K), [Metaspace: 4890K->4890K(139264K)], 0.0060214 secs] [Times: user=0.00 sys=0.00, real=0.01 secs] 
2020-11-18T11:05:57.454-0800: 13.932: [Full GC (System.gc()) 2020-11-18T11:05:57.454-0800: 13.932: [CMS: 6774K->6777K(6848K), 0.0047314 secs] 6829K->6777K(9920K), [Metaspace: 4890K->4890K(139264K)], 0.0048109 secs] [Times: user=0.01 sys=0.00, real=0.00 secs] 
2020-11-18T11:05:57.459-0800: 13.937: [GC (CMS Initial Mark) [1 CMS-initial-mark: 6777K(6848K)] 6777K(9920K), 0.0002084 secs] [Times: user=0.00 sys=0.00, real=0.00 secs] 
2020-11-18T11:05:57.459-0800: 13.937: [CMS-concurrent-mark-start]
2020-11-18T11:05:57.460-0800: 13.938: [Full GC (System.gc()) 2020-11-18T11:05:57.460-0800: 13.938: [CMS2020-11-18T11:05:57.462-0800: 13.940: [CMS-concurrent-mark: 0.002/0.003 secs] [Times: user=0.00 sys=0.00, real=0.01 secs] 
 (concurrent mode interrupted): 6777K->6779K(6848K), 0.0068463 secs] 6831K->6779K(9920K), [Metaspace: 4890K->4890K(139264K)], 0.0069065 secs] [Times: user=0.01 sys=0.00, real=0.00 secs] 
2020-11-18T11:05:57.468-0800: 13.947: [Full GC (System.gc()) 2020-11-18T11:05:57.468-0800: 13.947: [CMS: 6779K->6782K(6848K), 0.0039658 secs] 6834K->6782K(9920K), [Metaspace: 4890K->4890K(139264K)], 0.0040447 secs] [Times: user=0.00 sys=0.00, real=0.01 secs] 
2020-11-18T11:05:57.472-0800: 13.951: [GC (CMS Initial Mark) [1 CMS-initial-mark: 6782K(6848K)] 6782K(9920K), 0.0002934 secs] [Times: user=0.00 sys=0.00, real=0.00 secs] 
2020-11-18T11:05:57.473-0800: 13.951: [CMS-concurrent-mark-start]
2020-11-18T11:05:57.474-0800: 13.952: [Full GC (System.gc()) 2020-11-18T11:05:57.474-0800: 13.952: [CMS2020-11-18T11:05:57.476-0800: 13.955: [CMS-concurrent-mark: 0.002/0.003 secs] [Times: user=0.01 sys=0.00, real=0.00 secs] 
 (concurrent mode interrupted): 6782K->6784K(6848K), 0.0062763 secs] 6836K->6784K(9920K), [Metaspace: 4890K->4890K(139264K)], 0.0063263 secs] [Times: user=0.01 sys=0.00, real=0.01 secs] 
2020-11-18T11:05:57.481-0800: 13.960: [Full GC (System.gc()) 2020-11-18T11:05:57.481-0800: 13.960: [CMS: 6784K->6787K(6848K), 0.0037838 secs] 6839K->6787K(9920K), [Metaspace: 4890K->4890K(139264K)], 0.0038465 secs] [Times: user=0.00 sys=0.00, real=0.00 secs] 
2020-11-18T11:05:57.485-0800: 13.964: [GC (CMS Initial Mark) [1 CMS-initial-mark: 6787K(6848K)] 6787K(9920K), 0.0001790 secs] [Times: user=0.00 sys=0.00, real=0.00 secs] 
2020-11-18T11:05:57.485-0800: 13.964: [CMS-concurrent-mark-start]
2020-11-18T11:05:57.487-0800: 13.965: [Full GC (System.gc()) 2020-11-18T11:05:57.487-0800: 13.965: [CMS2020-11-18T11:05:57.488-0800: 13.967: [CMS-concurrent-mark: 0.002/0.003 secs] [Times: user=0.01 sys=0.00, real=0.00 secs] 
 (concurrent mode interrupted): 6787K->6789K(6848K), 0.0059330 secs] 6841K->6789K(9920K), [Metaspace: 4890K->4890K(139264K)], 0.0059947 secs] [Times: user=0.00 sys=0.00, real=0.01 secs] 
2020-11-18T11:05:57.494-0800: 13.972: [Full GC (System.gc()) 2020-11-18T11:05:57.494-0800: 13.973: [CMS: 6789K->6791K(6848K), 0.0045457 secs] 6843K->6791K(9920K), [Metaspace: 4890K->4890K(139264K)], 0.0046265 secs] [Times: user=0.01 sys=0.00, real=0.00 secs] 
2020-11-18T11:05:57.499-0800: 13.977: [GC (CMS Initial Mark) [1 CMS-initial-mark: 6791K(6848K)] 6791K(9920K), 0.0001983 secs] [Times: user=0.00 sys=0.00, real=0.00 secs] 
2020-11-18T11:05:57.499-0800: 13.977: [CMS-concurrent-mark-start]
2020-11-18T11:05:57.500-0800: 13.979: [Full GC (System.gc()) 2020-11-18T11:05:57.500-0800: 13.979: [CMS2020-11-18T11:05:57.502-0800: 13.980: [CMS-concurrent-mark: 0.002/0.003 secs] [Times: user=0.00 sys=0.00, real=0.01 secs] 
 (concurrent mode interrupted): 6791K->6794K(6848K), 0.0063611 secs] 6846K->6794K(9920K), [Metaspace: 4890K->4890K(139264K)], 0.0064230 secs] [Times: user=0.01 sys=0.00, real=0.00 secs] 
2020-11-18T11:05:57.508-0800: 13.986: [Full GC (System.gc()) 2020-11-18T11:05:57.508-0800: 13.986: [CMS: 6794K->6796K(6848K), 0.0038025 secs] 6848K->6796K(9920K), [Metaspace: 4890K->4890K(139264K)], 0.0038558 secs] [Times: user=0.00 sys=0.00, real=0.01 secs] 
2020-11-18T11:05:57.512-0800: 13.990: [GC (CMS Initial Mark) [1 CMS-initial-mark: 6796K(6848K)] 6796K(9920K), 0.0002449 secs] [Times: user=0.00 sys=0.00, real=0.00 secs] 
2020-11-18T11:05:57.512-0800: 13.991: [CMS-concurrent-mark-start]
2020-11-18T11:05:57.513-0800: 13.991: [Full GC (System.gc()) 2020-11-18T11:05:57.513-0800: 13.992: [CMS2020-11-18T11:05:57.515-0800: 13.994: [CMS-concurrent-mark: 0.002/0.003 secs] [Times: user=0.01 sys=0.00, real=0.00 secs] 
 (concurrent mode interrupted): 6796K->6799K(6848K), 0.0061644 secs] 6851K->6799K(9920K), [Metaspace: 4890K->4890K(139264K)], 0.0062244 secs] [Times: user=0.01 sys=0.00, real=0.00 secs] 
2020-11-18T11:05:57.520-0800: 13.999: [Full GC (System.gc()) 2020-11-18T11:05:57.521-0800: 13.999: [CMS: 6799K->6801K(6848K), 0.0045696 secs] 6853K->6801K(9920K), [Metaspace: 4890K->4890K(139264K)], 0.0046548 secs] [Times: user=0.00 sys=0.00, real=0.00 secs] 
2020-11-18T11:05:57.525-0800: 14.004: [GC (CMS Initial Mark) [1 CMS-initial-mark: 6801K(6848K)] 6801K(9920K), 0.0002024 secs] [Times: user=0.00 sys=0.00, real=0.00 secs] 
2020-11-18T11:05:57.525-0800: 14.004: [CMS-concurrent-mark-start]
2020-11-18T11:05:57.527-0800: 14.005: [Full GC (System.gc()) 2020-11-18T11:05:57.527-0800: 14.005: [CMS2020-11-18T11:05:57.529-0800: 14.007: [CMS-concurrent-mark: 0.002/0.003 secs] [Times: user=0.00 sys=0.01, real=0.00 secs] 
 (concurrent mode interrupted): 6801K->6803K(6848K), 0.0064879 secs] 6855K->6803K(9920K), [Metaspace: 4890K->4890K(139264K)], 0.0065423 secs] [Times: user=0.00 sys=0.00, real=0.01 secs] 
2020-11-18T11:05:57.535-0800: 14.013: [Full GC (System.gc()) 2020-11-18T11:05:57.535-0800: 14.013: [CMS: 6803K->6806K(6848K), 0.0047653 secs] 6858K->6806K(9920K), [Metaspace: 4890K->4890K(139264K)], 0.0048453 secs] [Times: user=0.01 sys=0.00, real=0.00 secs] 
2020-11-18T11:05:57.539-0800: 14.018: [GC (CMS Initial Mark) [1 CMS-initial-mark: 6806K(6848K)] 6806K(9920K), 0.0003159 secs] [Times: user=0.00 sys=0.00, real=0.01 secs] 
2020-11-18T11:05:57.540-0800: 14.018: [CMS-concurrent-mark-start]
2020-11-18T11:05:57.541-0800: 14.019: [Full GC (System.gc()) 2020-11-18T11:05:57.541-0800: 14.019: [CMS2020-11-18T11:05:57.543-0800: 14.021: [CMS-concurrent-mark: 0.002/0.003 secs] [Times: user=0.00 sys=0.00, real=0.00 secs] 
 (concurrent mode interrupted): 6806K->6808K(6848K), 0.0067828 secs] 6860K->6808K(9920K), [Metaspace: 4890K->4890K(139264K)], 0.0068460 secs] [Times: user=0.01 sys=0.00, real=0.00 secs] 
2020-11-18T11:05:57.549-0800: 14.027: [Full GC (System.gc()) 2020-11-18T11:05:57.549-0800: 14.027: [CMS: 6808K->6811K(6848K), 0.0038905 secs] 6863K->6811K(9920K), [Metaspace: 4890K->4890K(139264K)], 0.0040127 secs] [Times: user=0.00 sys=0.00, real=0.01 secs] 
2020-11-18T11:05:57.553-0800: 14.032: [GC (CMS Initial Mark) [1 CMS-initial-mark: 6811K(6848K)] 6811K(9920K), 0.0002599 secs] [Times: user=0.00 sys=0.00, real=0.00 secs] 
2020-11-18T11:05:57.553-0800: 14.032: [CMS-concurrent-mark-start]
2020-11-18T11:05:57.554-0800: 14.033: [Full GC (System.gc()) 2020-11-18T11:05:57.554-0800: 14.033: [CMS2020-11-18T11:05:57.557-0800: 14.035: [CMS-concurrent-mark: 0.002/0.003 secs] [Times: user=0.01 sys=0.00, real=0.00 secs] 
 (concurrent mode interrupted): 6811K->6813K(6848K), 0.0060165 secs] 6865K->6813K(9920K), [Metaspace: 4890K->4890K(139264K)], 0.0060725 secs] [Times: user=0.00 sys=0.00, real=0.01 secs] 
2020-11-18T11:05:57.562-0800: 14.041: [Full GC (System.gc()) 2020-11-18T11:05:57.562-0800: 14.041: [CMS: 6813K->6816K(6848K), 0.0040266 secs] 6868K->6816K(9920K), [Metaspace: 4890K->4890K(139264K)], 0.0041002 secs] [Times: user=0.01 sys=0.00, real=0.00 secs] 
2020-11-18T11:05:57.566-0800: 14.045: [GC (CMS Initial Mark) [1 CMS-initial-mark: 6816K(6848K)] 6816K(9920K), 0.0002136 secs] [Times: user=0.00 sys=0.00, real=0.00 secs] 
2020-11-18T11:05:57.566-0800: 14.045: [CMS-concurrent-mark-start]
2020-11-18T11:05:57.568-0800: 14.046: [Full GC (System.gc()) 2020-11-18T11:05:57.568-0800: 14.046: [CMS2020-11-18T11:05:57.570-0800: 14.048: [CMS-concurrent-mark: 0.002/0.003 secs] [Times: user=0.00 sys=0.00, real=0.01 secs] 
 (concurrent mode interrupted): 6816K->6818K(6848K), 0.0059818 secs] 6870K->6818K(9920K), [Metaspace: 4890K->4890K(139264K)], 0.0060360 secs] [Times: user=0.01 sys=0.00, real=0.01 secs] 
2020-11-18T11:05:57.575-0800: 14.054: [Full GC (System.gc()) 2020-11-18T11:05:57.575-0800: 14.054: [CMS: 6818K->6820K(6848K), 0.0046649 secs] 6872K->6820K(9920K), [Metaspace: 4890K->4890K(139264K)], 0.0047488 secs] [Times: user=0.00 sys=0.00, real=0.01 secs] 
2020-11-18T11:05:57.580-0800: 14.058: [GC (CMS Initial Mark) [1 CMS-initial-mark: 6820K(6848K)] 6820K(9920K), 0.0001978 secs] [Times: user=0.00 sys=0.00, real=0.00 secs] 
2020-11-18T11:05:57.580-0800: 14.059: [CMS-concurrent-mark-start]
2020-11-18T11:05:57.581-0800: 14.060: [Full GC (System.gc()) 2020-11-18T11:05:57.581-0800: 14.060: [CMS2020-11-18T11:05:57.583-0800: 14.061: [CMS-concurrent-mark: 0.002/0.003 secs] [Times: user=0.01 sys=0.00, real=0.00 secs] 
 (concurrent mode interrupted): 6820K->6823K(6848K), 0.0064873 secs] 6875K->6823K(9920K), [Metaspace: 4890K->4890K(139264K)], 0.0065454 secs] [Times: user=0.01 sys=0.00, real=0.00 secs] 
2020-11-18T11:05:57.589-0800: 14.068: [Full GC (System.gc()) 2020-11-18T11:05:57.589-0800: 14.068: [CMS: 6823K->6825K(6848K), 0.0046088 secs] 6877K->6825K(9920K), [Metaspace: 4890K->4890K(139264K)], 0.0046901 secs] [Times: user=0.00 sys=0.00, real=0.01 secs] 
2020-11-18T11:05:57.594-0800: 14.072: [GC (CMS Initial Mark) [1 CMS-initial-mark: 6825K(6848K)] 6825K(9920K), 0.0002406 secs] [Times: user=0.00 sys=0.00, real=0.00 secs] 
2020-11-18T11:05:57.594-0800: 14.073: [CMS-concurrent-mark-start]
2020-11-18T11:05:57.595-0800: 14.074: [Full GC (System.gc()) 2020-11-18T11:05:57.595-0800: 14.074: [CMS2020-11-18T11:05:57.597-0800: 14.076: [CMS-concurrent-mark: 0.002/0.003 secs] [Times: user=0.01 sys=0.00, real=0.00 secs] 
 (concurrent mode interrupted): 6825K->6828K(6848K), 0.0065610 secs] 6880K->6828K(9920K), [Metaspace: 4890K->4890K(139264K)], 0.0066236 secs] [Times: user=0.00 sys=0.00, real=0.01 secs] 
2020-11-18T11:05:57.603-0800: 14.082: [Full GC (System.gc()) 2020-11-18T11:05:57.604-0800: 14.082: [CMS: 6828K->6830K(6848K), 0.0042770 secs] 6882K->6830K(9920K), [Metaspace: 4890K->4890K(139264K)], 0.0043562 secs] [Times: user=0.01 sys=0.00, real=0.00 secs] 
2020-11-18T11:05:57.608-0800: 14.086: [GC (CMS Initial Mark) [1 CMS-initial-mark: 6830K(6848K)] 6830K(9920K), 0.0002425 secs] [Times: user=0.00 sys=0.00, real=0.00 secs] 
2020-11-18T11:05:57.608-0800: 14.087: [CMS-concurrent-mark-start]
2020-11-18T11:05:57.609-0800: 14.088: [Full GC (System.gc()) 2020-11-18T11:05:57.609-0800: 14.088: [CMS2020-11-18T11:05:57.612-0800: 14.090: [CMS-concurrent-mark: 0.002/0.004 secs] [Times: user=0.00 sys=0.00, real=0.01 secs] 
 (concurrent mode interrupted): 6830K->6832K(6848K), 0.0060735 secs] 6884K->6832K(9920K), [Metaspace: 4890K->4890K(139264K)], 0.0061270 secs] [Times: user=0.01 sys=0.00, real=0.01 secs] 
2020-11-18T11:05:57.617-0800: 14.096: [Full GC (System.gc()) 2020-11-18T11:05:57.617-0800: 14.096: [CMS: 6832K->6835K(6848K), 0.0042871 secs] 6887K->6835K(9920K), [Metaspace: 4890K->4890K(139264K)], 0.0044275 secs] [Times: user=0.00 sys=0.00, real=0.01 secs] 
2020-11-18T11:05:57.622-0800: 14.100: [GC (CMS Initial Mark) [1 CMS-initial-mark: 6835K(6848K)] 6835K(9920K), 0.0002704 secs] [Times: user=0.00 sys=0.00, real=0.00 secs] 
2020-11-18T11:05:57.622-0800: 14.100: [CMS-concurrent-mark-start]
2020-11-18T11:05:57.623-0800: 14.101: [Full GC (System.gc()) 2020-11-18T11:05:57.623-0800: 14.101: [CMS2020-11-18T11:05:57.625-0800: 14.103: [CMS-concurrent-mark: 0.002/0.003 secs] [Times: user=0.01 sys=0.00, real=0.00 secs] 
 (concurrent mode interrupted): 6835K->6837K(6848K), 0.0063869 secs] 6889K->6837K(9920K), [Metaspace: 4890K->4890K(139264K)], 0.0064434 secs] [Times: user=0.00 sys=0.00, real=0.00 secs] 
2020-11-18T11:05:57.631-0800: 14.109: [Full GC (System.gc()) 2020-11-18T11:05:57.631-0800: 14.109: [CMS: 6837K->6840K(6848K), 0.0047667 secs] 6892K->6840K(9920K), [Metaspace: 4890K->4890K(139264K)], 0.0048488 secs] [Times: user=0.01 sys=0.00, real=0.00 secs] 
2020-11-18T11:05:57.636-0800: 14.114: [GC (CMS Initial Mark) [1 CMS-initial-mark: 6840K(6848K)] 6840K(9920K), 0.0001511 secs] [Times: user=0.00 sys=0.00, real=0.00 secs] 
2020-11-18T11:05:57.636-0800: 14.114: [CMS-concurrent-mark-start]
2020-11-18T11:05:57.637-0800: 14.116: [Full GC (System.gc()) 2020-11-18T11:05:57.637-0800: 14.116: [CMS2020-11-18T11:05:57.639-0800: 14.117: [CMS-concurrent-mark: 0.002/0.003 secs] [Times: user=0.00 sys=0.00, real=0.00 secs] 
 (concurrent mode interrupted): 6840K->6842K(6848K), 0.0060836 secs] 6894K->6842K(9920K), [Metaspace: 4890K->4890K(139264K)], 0.0061452 secs] [Times: user=0.01 sys=0.00, real=0.01 secs] 
2020-11-18T11:05:57.645-0800: 14.123: [Full GC (System.gc()) 2020-11-18T11:05:57.645-0800: 14.123: [CMS: 6842K->6844K(6848K), 0.0037686 secs] 6896K->6844K(9920K), [Metaspace: 4890K->4890K(139264K)], 0.0038226 secs] [Times: user=0.00 sys=0.00, real=0.00 secs] 
2020-11-18T11:05:57.649-0800: 14.127: [GC (CMS Initial Mark) [1 CMS-initial-mark: 6844K(6848K)] 6844K(9920K), 0.0003854 secs] [Times: user=0.00 sys=0.00, real=0.00 secs] 
2020-11-18T11:05:57.649-0800: 14.128: [CMS-concurrent-mark-start]
2020-11-18T11:05:57.650-0800: 14.129: [Full GC (System.gc()) 2020-11-18T11:05:57.650-0800: 14.129: [CMS2020-11-18T11:05:57.652-0800: 14.131: [CMS-concurrent-mark: 0.002/0.003 secs] [Times: user=0.01 sys=0.00, real=0.01 secs] 
 (concurrent mode interrupted): 6844K->6847K(6848K), 0.0060162 secs] 6899K->6847K(9920K), [Metaspace: 4890K->4890K(139264K)], 0.0060650 secs] [Times: user=0.01 sys=0.00, real=0.00 secs] 
2020-11-18T11:05:57.658-0800: 14.136: [Full GC (System.gc()) 2020-11-18T11:05:57.658-0800: 14.136: [CMS: 6847K->6847K(6848K), 0.0039076 secs] 6901K->6849K(9920K), [Metaspace: 4890K->4890K(139264K)], 0.0039634 secs] [Times: user=0.00 sys=0.00, real=0.01 secs] 
2020-11-18T11:05:57.662-0800: 14.140: [GC (CMS Initial Mark) [1 CMS-initial-mark: 6847K(6848K)] 6849K(9920K), 0.0002053 secs] [Times: user=0.00 sys=0.00, real=0.00 secs] 
2020-11-18T11:05:57.662-0800: 14.140: [CMS-concurrent-mark-start]
2020-11-18T11:05:57.663-0800: 14.141: [Full GC (System.gc()) 2020-11-18T11:05:57.663-0800: 14.141: [CMS2020-11-18T11:05:57.665-0800: 14.144: [CMS-concurrent-mark: 0.002/0.003 secs] [Times: user=0.01 sys=0.00, real=0.00 secs] 
 (concurrent mode interrupted): 6847K->6847K(6848K), 0.0064353 secs] 6904K->6852K(9920K), [Metaspace: 4890K->4890K(139264K)], 0.0064887 secs] [Times: user=0.00 sys=0.00, real=0.00 secs] 
2020-11-18T11:05:57.671-0800: 14.149: [Full GC (System.gc()) 2020-11-18T11:05:57.671-0800: 14.149: [CMS: 6847K->6847K(6848K), 0.0046835 secs] 6906K->6854K(9920K), [Metaspace: 4890K->4890K(139264K)], 0.0047612 secs] [Times: user=0.01 sys=0.00, real=0.00 secs] 
2020-11-18T11:05:57.676-0800: 14.154: [GC (CMS Initial Mark) [1 CMS-initial-mark: 6847K(6848K)] 6854K(9920K), 0.0002764 secs] [Times: user=0.00 sys=0.00, real=0.00 secs] 
2020-11-18T11:05:57.676-0800: 14.154: [CMS-concurrent-mark-start]
2020-11-18T11:05:57.677-0800: 14.155: [Full GC (System.gc()) 2020-11-18T11:05:57.677-0800: 14.156: [CMS2020-11-18T11:05:57.679-0800: 14.157: [CMS-concurrent-mark: 0.002/0.003 secs] [Times: user=0.00 sys=0.00, real=0.00 secs] 
 (concurrent mode interrupted): 6847K->6847K(6848K), 0.0064592 secs] 6909K->6857K(9920K), [Metaspace: 4890K->4890K(139264K)], 0.0065172 secs] [Times: user=0.01 sys=0.00, real=0.01 secs] 
2020-11-18T11:05:57.685-0800: 14.163: [Full GC (System.gc()) 2020-11-18T11:05:57.685-0800: 14.163: [CMS: 6847K->6847K(6848K), 0.0046122 secs] 6911K->6859K(9920K), [Metaspace: 4890K->4890K(139264K)], 0.0046883 secs] [Times: user=0.00 sys=0.00, real=0.01 secs] 
2020-11-18T11:05:57.690-0800: 14.168: [GC (CMS Initial Mark) [1 CMS-initial-mark: 6847K(6848K)] 6859K(9920K), 0.0001948 secs] [Times: user=0.00 sys=0.00, real=0.00 secs] 
2020-11-18T11:05:57.690-0800: 14.168: [CMS-concurrent-mark-start]
2020-11-18T11:05:57.691-0800: 14.170: [Full GC (System.gc()) 2020-11-18T11:05:57.691-0800: 14.170: [CMS2020-11-18T11:05:57.693-0800: 14.172: [CMS-concurrent-mark: 0.002/0.003 secs] [Times: user=0.01 sys=0.00, real=0.00 secs] 
 (concurrent mode interrupted): 6847K->6847K(6848K), 0.0063953 secs] 6913K->6861K(9920K), [Metaspace: 4890K->4890K(139264K)], 0.0064502 secs] [Times: user=0.01 sys=0.00, real=0.00 secs] 
2020-11-18T11:05:57.699-0800: 14.177: [Full GC (System.gc()) 2020-11-18T11:05:57.699-0800: 14.177: [CMS: 6847K->6847K(6848K), 0.0038846 secs] 6916K->6864K(9920K), [Metaspace: 4890K->4890K(139264K)], 0.0039606 secs] [Times: user=0.00 sys=0.00, real=0.01 secs] 
2020-11-18T11:05:57.703-0800: 14.181: [GC (CMS Initial Mark) [1 CMS-initial-mark: 6847K(6848K)] 6864K(9920K), 0.0002089 secs] [Times: user=0.00 sys=0.00, real=0.00 secs] 
2020-11-18T11:05:57.703-0800: 14.182: [CMS-concurrent-mark-start]
2020-11-18T11:05:57.704-0800: 14.183: [Full GC (System.gc()) 2020-11-18T11:05:57.704-0800: 14.183: [CMS2020-11-18T11:05:57.706-0800: 14.184: [CMS-concurrent-mark: 0.002/0.003 secs] [Times: user=0.01 sys=0.00, real=0.00 secs] 
 (concurrent mode interrupted): 6847K->6847K(6848K), 0.0055503 secs] 6918K->6866K(9920K), [Metaspace: 4890K->4890K(139264K)], 0.0056024 secs] [Times: user=0.00 sys=0.01, real=0.01 secs] 
2020-11-18T11:05:57.711-0800: 14.190: [Full GC (System.gc()) 2020-11-18T11:05:57.711-0800: 14.190: [CMS: 6847K->6847K(6848K), 0.0047407 secs] 6921K->6869K(9920K), [Metaspace: 4890K->4890K(139264K)], 0.0048190 secs] [Times: user=0.01 sys=0.00, real=0.00 secs] 
2020-11-18T11:05:57.716-0800: 14.195: [GC (CMS Initial Mark) [1 CMS-initial-mark: 6847K(6848K)] 6869K(9920K), 0.0001918 secs] [Times: user=0.00 sys=0.00, real=0.00 secs] 
2020-11-18T11:05:57.716-0800: 14.195: [CMS-concurrent-mark-start]
2020-11-18T11:05:57.718-0800: 14.196: [Full GC (System.gc()) 2020-11-18T11:05:57.718-0800: 14.196: [CMS2020-11-18T11:05:57.719-0800: 14.198: [CMS-concurrent-mark: 0.002/0.003 secs] [Times: user=0.00 sys=0.00, real=0.00 secs] 
 (concurrent mode interrupted): 6847K->6847K(6848K), 0.0065809 secs] 6923K->6871K(9920K), [Metaspace: 4890K->4890K(139264K)], 0.0066425 secs] [Times: user=0.01 sys=0.00, real=0.01 secs] 
2020-11-18T11:05:57.726-0800: 14.204: [Full GC (System.gc()) 2020-11-18T11:05:57.726-0800: 14.204: [CMS: 6847K->6847K(6848K), 0.0056476 secs] 6925K->6873K(9920K), [Metaspace: 4890K->4890K(139264K)], 0.0057454 secs] [Times: user=0.00 sys=0.00, real=0.01 secs] 
2020-11-18T11:05:57.732-0800: 14.210: [GC (CMS Initial Mark) [1 CMS-initial-mark: 6847K(6848K)] 6873K(9920K), 0.0002312 secs] [Times: user=0.00 sys=0.00, real=0.00 secs] 
2020-11-18T11:05:57.732-0800: 14.210: [CMS-concurrent-mark-start]
2020-11-18T11:05:57.733-0800: 14.211: [Full GC (System.gc()) 2020-11-18T11:05:57.733-0800: 14.211: [CMS2020-11-18T11:05:57.735-0800: 14.213: [CMS-concurrent-mark: 0.002/0.003 secs] [Times: user=0.01 sys=0.00, real=0.00 secs] 
 (concurrent mode interrupted): 6847K->6847K(6848K), 0.0070321 secs] 6928K->6876K(9920K), [Metaspace: 4890K->4890K(139264K)], 0.0070990 secs] [Times: user=0.00 sys=0.00, real=0.01 secs] 
2020-11-18T11:05:57.741-0800: 14.220: [Full GC (System.gc()) 2020-11-18T11:05:57.741-0800: 14.220: [CMS: 6847K->6847K(6848K), 0.0052977 secs] 6930K->6878K(9920K), [Metaspace: 4890K->4890K(139264K)], 0.0053864 secs] [Times: user=0.01 sys=0.00, real=0.00 secs] 
2020-11-18T11:05:57.747-0800: 14.225: [GC (CMS Initial Mark) [1 CMS-initial-mark: 6847K(6848K)] 6878K(9920K), 0.0001869 secs] [Times: user=0.00 sys=0.00, real=0.00 secs] 
2020-11-18T11:05:57.747-0800: 14.226: [CMS-concurrent-mark-start]
2020-11-18T11:05:57.748-0800: 14.227: [Full GC (System.gc()) 2020-11-18T11:05:57.748-0800: 14.227: [CMS2020-11-18T11:05:57.750-0800: 14.229: [CMS-concurrent-mark: 0.002/0.003 secs] [Times: user=0.00 sys=0.00, real=0.01 secs] 
 (concurrent mode interrupted): 6847K->6847K(6848K), 0.0067337 secs] 6933K->6881K(9920K), [Metaspace: 4890K->4890K(139264K)], 0.0067925 secs] [Times: user=0.01 sys=0.00, real=0.01 secs] 
2020-11-18T11:05:57.756-0800: 14.235: [Full GC (System.gc()) 2020-11-18T11:05:57.756-0800: 14.235: [CMS: 6847K->6847K(6848K), 0.0038022 secs] 6935K->6883K(9920K), [Metaspace: 4890K->4890K(139264K)], 0.0038577 secs] [Times: user=0.00 sys=0.00, real=0.01 secs] 
2020-11-18T11:05:57.760-0800: 14.239: [GC (CMS Initial Mark) [1 CMS-initial-mark: 6847K(6848K)] 6883K(9920K), 0.0002348 secs] [Times: user=0.00 sys=0.00, real=0.00 secs] 
2020-11-18T11:05:57.761-0800: 14.239: [CMS-concurrent-mark-start]
2020-11-18T11:05:57.761-0800: 14.240: [Full GC (System.gc()) 2020-11-18T11:05:57.762-0800: 14.240: [CMS2020-11-18T11:05:57.764-0800: 14.243: [CMS-concurrent-mark: 0.002/0.003 secs] [Times: user=0.01 sys=0.00, real=0.00 secs] 
 (concurrent mode interrupted): 6847K->6847K(6848K), 0.0062258 secs] 6938K->6886K(9920K), [Metaspace: 4890K->4890K(139264K)], 0.0062700 secs] [Times: user=0.01 sys=0.00, real=0.00 secs] 
2020-11-18T11:05:57.769-0800: 14.248: [Full GC (System.gc()) 2020-11-18T11:05:57.769-0800: 14.248: [CMS: 6847K->6847K(6848K), 0.0037974 secs] 6940K->6888K(9920K), [Metaspace: 4890K->4890K(139264K)], 0.0038585 secs] [Times: user=0.01 sys=0.00, real=0.01 secs] 
2020-11-18T11:05:57.773-0800: 14.252: [GC (CMS Initial Mark) [1 CMS-initial-mark: 6847K(6848K)] 6888K(9920K), 0.0001994 secs] [Times: user=0.00 sys=0.00, real=0.00 secs] 
2020-11-18T11:05:57.773-0800: 14.252: [CMS-concurrent-mark-start]
2020-11-18T11:05:57.774-0800: 14.253: [Full GC (System.gc()) 2020-11-18T11:05:57.774-0800: 14.253: [CMS2020-11-18T11:05:57.776-0800: 14.255: [CMS-concurrent-mark: 0.002/0.003 secs] [Times: user=0.00 sys=0.00, real=0.00 secs] 
 (concurrent mode interrupted): 6847K->6847K(6848K), 0.0061876 secs] 6942K->6890K(9920K), [Metaspace: 4890K->4890K(139264K)], 0.0062424 secs] [Times: user=0.00 sys=0.00, real=0.01 secs] 
2020-11-18T11:05:57.782-0800: 14.260: [Full GC (System.gc()) 2020-11-18T11:05:57.782-0800: 14.260: [CMS: 6847K->6847K(6848K), 0.0040283 secs] 6945K->6893K(9920K), [Metaspace: 4890K->4890K(139264K)], 0.0040847 secs] [Times: user=0.01 sys=0.00, real=0.00 secs] 
2020-11-18T11:05:57.786-0800: 14.265: [GC (CMS Initial Mark) [1 CMS-initial-mark: 6847K(6848K)] 6893K(9920K), 0.0002012 secs] [Times: user=0.00 sys=0.00, real=0.00 secs] 
2020-11-18T11:05:57.786-0800: 14.265: [CMS-concurrent-mark-start]
2020-11-18T11:05:57.788-0800: 14.266: [Full GC (System.gc()) 2020-11-18T11:05:57.788-0800: 14.266: [CMS2020-11-18T11:05:57.789-0800: 14.268: [CMS-concurrent-mark: 0.001/0.003 secs] [Times: user=0.00 sys=0.00, real=0.00 secs] 
 (concurrent mode interrupted): 6847K->6847K(6848K), 0.0055129 secs] 6947K->6895K(9920K), [Metaspace: 4890K->4890K(139264K)], 0.0055767 secs] [Times: user=0.01 sys=0.00, real=0.01 secs] 
2020-11-18T11:05:57.795-0800: 14.273: [Full GC (System.gc()) 2020-11-18T11:05:57.795-0800: 14.273: [CMS: 6847K->6847K(6848K), 0.0036263 secs] 6950K->6898K(9920K), [Metaspace: 4890K->4890K(139264K)], 0.0036712 secs] [Times: user=0.00 sys=0.00, real=0.00 secs] 
2020-11-18T11:05:57.798-0800: 14.277: [GC (CMS Initial Mark) [1 CMS-initial-mark: 6847K(6848K)] 6898K(9920K), 0.0001775 secs] [Times: user=0.00 sys=0.00, real=0.00 secs] 
2020-11-18T11:05:57.799-0800: 14.277: [CMS-concurrent-mark-start]
2020-11-18T11:05:57.800-0800: 14.278: [Full GC (System.gc()) 2020-11-18T11:05:57.800-0800: 14.278: [CMS2020-11-18T11:05:57.801-0800: 14.280: [CMS-concurrent-mark: 0.002/0.003 secs] [Times: user=0.00 sys=0.00, real=0.01 secs] 
 (concurrent mode interrupted): 6847K->6847K(6848K), 0.0054288 secs] 6952K->6900K(9920K), [Metaspace: 4890K->4890K(139264K)], 0.0054760 secs] [Times: user=0.01 sys=0.00, real=0.00 secs] 
2020-11-18T11:05:57.806-0800: 14.285: [Full GC (System.gc()) 2020-11-18T11:05:57.806-0800: 14.285: [CMS: 6847K->6847K(6848K), 0.0039450 secs] 6954K->6902K(9920K), [Metaspace: 4890K->4890K(139264K)], 0.0039982 secs] [Times: user=0.00 sys=0.00, real=0.01 secs] 
2020-11-18T11:05:57.810-0800: 14.289: [GC (CMS Initial Mark) [1 CMS-initial-mark: 6847K(6848K)] 6902K(9920K), 0.0001753 secs] [Times: user=0.00 sys=0.00, real=0.00 secs] 
2020-11-18T11:05:57.811-0800: 14.289: [CMS-concurrent-mark-start]
2020-11-18T11:05:57.812-0800: 14.290: [Full GC (System.gc()) 2020-11-18T11:05:57.812-0800: 14.290: [CMS2020-11-18T11:05:57.813-0800: 14.292: [CMS-concurrent-mark: 0.002/0.003 secs] [Times: user=0.01 sys=0.00, real=0.00 secs] 
 (concurrent mode interrupted): 6847K->6847K(6848K), 0.0056686 secs] 6957K->6905K(9920K), [Metaspace: 4890K->4890K(139264K)], 0.0057186 secs] [Times: user=0.00 sys=0.00, real=0.00 secs] 
2020-11-18T11:05:57.819-0800: 14.297: [Full GC (System.gc()) 2020-11-18T11:05:57.819-0800: 14.297: [CMS: 6847K->6847K(6848K), 0.0034902 secs] 6959K->6907K(9920K), [Metaspace: 4890K->4890K(139264K)], 0.0035332 secs] [Times: user=0.00 sys=0.00, real=0.01 secs] 
2020-11-18T11:05:57.823-0800: 14.301: [GC (CMS Initial Mark) [1 CMS-initial-mark: 6847K(6848K)] 6907K(9920K), 0.0001716 secs] [Times: user=0.00 sys=0.00, real=0.00 secs] 
2020-11-18T11:05:57.823-0800: 14.301: [CMS-concurrent-mark-start]
2020-11-18T11:05:57.824-0800: 14.302: [Full GC (System.gc()) 2020-11-18T11:05:57.824-0800: 14.302: [CMS2020-11-18T11:05:57.826-0800: 14.304: [CMS-concurrent-mark: 0.002/0.003 secs] [Times: user=0.01 sys=0.00, real=0.00 secs] 
 (concurrent mode interrupted): 6847K->6847K(6848K), 0.0053618 secs] 6962K->6910K(9920K), [Metaspace: 4890K->4890K(139264K)], 0.0054059 secs] [Times: user=0.00 sys=0.00, real=0.00 secs] 
2020-11-18T11:05:57.831-0800: 14.309: [Full GC (System.gc()) 2020-11-18T11:05:57.831-0800: 14.309: [CMS: 6847K->6847K(6848K), 0.0047623 secs] 6964K->6912K(9920K), [Metaspace: 4890K->4890K(139264K)], 0.0048390 secs] [Times: user=0.01 sys=0.00, real=0.00 secs] 
2020-11-18T11:05:57.836-0800: 14.314: [GC (CMS Initial Mark) [1 CMS-initial-mark: 6847K(6848K)] 6912K(9920K), 0.0002144 secs] [Times: user=0.00 sys=0.00, real=0.00 secs] 
2020-11-18T11:05:57.836-0800: 14.315: [CMS-concurrent-mark-start]
2020-11-18T11:05:57.837-0800: 14.316: [Full GC (System.gc()) 2020-11-18T11:05:57.837-0800: 14.316: [CMS2020-11-18T11:05:57.839-0800: 14.318: [CMS-concurrent-mark: 0.002/0.003 secs] [Times: user=0.00 sys=0.00, real=0.00 secs] 
 (concurrent mode interrupted): 6847K->6847K(6848K), 0.0066677 secs] 6966K->6914K(9920K), [Metaspace: 4890K->4890K(139264K)], 0.0067268 secs] [Times: user=0.01 sys=0.00, real=0.01 secs] 
2020-11-18T11:05:57.845-0800: 14.324: [Full GC (System.gc()) 2020-11-18T11:05:57.845-0800: 14.324: [CMS: 6847K->6847K(6848K), 0.0043832 secs] 6969K->6917K(9920K), [Metaspace: 4890K->4890K(139264K)], 0.0044478 secs] [Times: user=0.00 sys=0.00, real=0.01 secs] 
2020-11-18T11:05:57.850-0800: 14.328: [GC (CMS Initial Mark) [1 CMS-initial-mark: 6847K(6848K)] 6917K(9920K), 0.0002003 secs] [Times: user=0.00 sys=0.00, real=0.00 secs] 
2020-11-18T11:05:57.850-0800: 14.328: [CMS-concurrent-mark-start]
2020-11-18T11:05:57.851-0800: 14.329: [Full GC (System.gc()) 2020-11-18T11:05:57.851-0800: 14.329: [CMS2020-11-18T11:05:57.853-0800: 14.331: [CMS-concurrent-mark: 0.002/0.003 secs] [Times: user=0.01 sys=0.00, real=0.00 secs] 
 (concurrent mode interrupted): 6847K->6847K(6848K), 0.0059478 secs] 6971K->6919K(9920K), [Metaspace: 4890K->4890K(139264K)], 0.0060654 secs] [Times: user=0.00 sys=0.00, real=0.00 secs] 
2020-11-18T11:05:57.858-0800: 14.337: [Full GC (System.gc()) 2020-11-18T11:05:57.858-0800: 14.337: [CMS: 6847K->6847K(6848K), 0.0042399 secs] 6974K->6922K(9920K), [Metaspace: 4890K->4890K(139264K)], 0.0043231 secs] [Times: user=0.01 sys=0.00, real=0.01 secs] 
2020-11-18T11:05:57.863-0800: 14.341: [GC (CMS Initial Mark) [1 CMS-initial-mark: 6847K(6848K)] 6922K(9920K), 0.0002037 secs] [Times: user=0.00 sys=0.00, real=0.00 secs] 
2020-11-18T11:05:57.863-0800: 14.341: [CMS-concurrent-mark-start]
2020-11-18T11:05:57.864-0800: 14.342: [Full GC (System.gc()) 2020-11-18T11:05:57.864-0800: 14.342: [CMS2020-11-18T11:05:57.866-0800: 14.345: [CMS-concurrent-mark: 0.002/0.003 secs] [Times: user=0.00 sys=0.00, real=0.00 secs] 
 (concurrent mode interrupted): 6847K->6847K(6848K), 0.0061202 secs] 6976K->6924K(9920K), [Metaspace: 4890K->4890K(139264K)], 0.0061793 secs] [Times: user=0.00 sys=0.00, real=0.01 secs] 
2020-11-18T11:05:57.871-0800: 14.350: [Full GC (System.gc()) 2020-11-18T11:05:57.871-0800: 14.350: [CMS: 6847K->6847K(6848K), 0.0042563 secs] 6979K->6927K(9920K), [Metaspace: 4890K->4890K(139264K)], 0.0043255 secs] [Times: user=0.01 sys=0.00, real=0.00 secs] 
2020-11-18T11:05:57.876-0800: 14.354: [GC (CMS Initial Mark) [1 CMS-initial-mark: 6847K(6848K)] 6927K(9920K), 0.0001808 secs] [Times: user=0.00 sys=0.00, real=0.00 secs] 
2020-11-18T11:05:57.876-0800: 14.355: [CMS-concurrent-mark-start]
2020-11-18T11:05:57.877-0800: 14.355: [Full GC (System.gc()) 2020-11-18T11:05:57.877-0800: 14.355: [CMS2020-11-18T11:05:57.879-0800: 14.357: [CMS-concurrent-mark: 0.002/0.003 secs] [Times: user=0.00 sys=0.00, real=0.00 secs] 
 (concurrent mode interrupted): 6847K->6847K(6848K), 0.0061990 secs] 6981K->6929K(9920K), [Metaspace: 4890K->4890K(139264K)], 0.0062555 secs] [Times: user=0.01 sys=0.00, real=0.01 secs] 
2020-11-18T11:05:57.885-0800: 14.363: [Full GC (System.gc()) 2020-11-18T11:05:57.885-0800: 14.363: [CMS: 6847K->6847K(6848K), 0.0035493 secs] 6983K->6931K(9920K), [Metaspace: 4890K->4890K(139264K)], 0.0035978 secs] [Times: user=0.00 sys=0.00, real=0.00 secs] 
2020-11-18T11:05:57.888-0800: 14.367: [GC (CMS Initial Mark) [1 CMS-initial-mark: 6847K(6848K)] 6931K(9920K), 0.0002330 secs] [Times: user=0.00 sys=0.00, real=0.00 secs] 
2020-11-18T11:05:57.889-0800: 14.367: [CMS-concurrent-mark-start]
2020-11-18T11:05:57.890-0800: 14.368: [Full GC (System.gc()) 2020-11-18T11:05:57.890-0800: 14.368: [CMS2020-11-18T11:05:57.892-0800: 14.371: [CMS-concurrent-mark: 0.002/0.003 secs] [Times: user=0.01 sys=0.00, real=0.01 secs] 
 (concurrent mode interrupted): 6847K->6847K(6848K), 0.0064845 secs] 6986K->6934K(9920K), [Metaspace: 4890K->4890K(139264K)], 0.0065404 secs] [Times: user=0.01 sys=0.00, real=0.00 secs] 
2020-11-18T11:05:57.897-0800: 14.376: [Full GC (System.gc()) 2020-11-18T11:05:57.897-0800: 14.376: [CMS: 6847K->6847K(6848K), 0.0038275 secs] 6988K->6936K(9920K), [Metaspace: 4890K->4890K(139264K)], 0.0039077 secs] [Times: user=0.01 sys=0.00, real=0.01 secs] 
2020-11-18T11:05:57.901-0800: 14.380: [GC (CMS Initial Mark) [1 CMS-initial-mark: 6847K(6848K)] 6936K(9920K), 0.0002415 secs] [Times: user=0.00 sys=0.00, real=0.00 secs] 
2020-11-18T11:05:57.902-0800: 14.380: [CMS-concurrent-mark-start]
2020-11-18T11:05:57.903-0800: 14.381: [Full GC (System.gc()) 2020-11-18T11:05:57.903-0800: 14.381: [CMS2020-11-18T11:05:57.905-0800: 14.383: [CMS-concurrent-mark: 0.002/0.003 secs] [Times: user=0.00 sys=0.00, real=0.00 secs] 
 (concurrent mode interrupted): 6847K->6847K(6848K), 0.0064917 secs] 6991K->6939K(9920K), [Metaspace: 4890K->4890K(139264K)], 0.0065464 secs] [Times: user=0.01 sys=0.00, real=0.00 secs] 
2020-11-18T11:05:57.911-0800: 14.389: [Full GC (System.gc()) 2020-11-18T11:05:57.911-0800: 14.389: [CMS: 6847K->6847K(6848K), 0.0052755 secs] 6993K->6941K(9920K), [Metaspace: 4890K->4890K(139264K)], 0.0053531 secs] [Times: user=0.00 sys=0.00, real=0.00 secs] 
2020-11-18T11:05:57.916-0800: 14.395: [GC (CMS Initial Mark) [1 CMS-initial-mark: 6847K(6848K)] 6941K(9920K), 0.0001983 secs] [Times: user=0.00 sys=0.00, real=0.00 secs] 
2020-11-18T11:05:57.916-0800: 14.395: [CMS-concurrent-mark-start]
2020-11-18T11:05:57.917-0800: 14.396: [Full GC (System.gc()) 2020-11-18T11:05:57.917-0800: 14.396: [CMS2020-11-18T11:05:57.919-0800: 14.398: [CMS-concurrent-mark: 0.002/0.003 secs] [Times: user=0.01 sys=0.00, real=0.00 secs] 
 (concurrent mode interrupted): 6847K->6847K(6848K), 0.0060648 secs] 6995K->6943K(9920K), [Metaspace: 4890K->4890K(139264K)], 0.0061191 secs] [Times: user=0.01 sys=0.00, real=0.01 secs] 
2020-11-18T11:05:57.924-0800: 14.403: [Full GC (System.gc()) 2020-11-18T11:05:57.925-0800: 14.403: [CMS: 6847K->6847K(6848K), 0.0040951 secs] 6998K->6946K(9920K), [Metaspace: 4890K->4890K(139264K)], 0.0041506 secs] [Times: user=0.00 sys=0.00, real=0.00 secs] 
2020-11-18T11:05:57.929-0800: 14.407: [GC (CMS Initial Mark) [1 CMS-initial-mark: 6847K(6848K)] 6946K(9920K), 0.0001719 secs] [Times: user=0.00 sys=0.00, real=0.00 secs] 
2020-11-18T11:05:57.929-0800: 14.407: [CMS-concurrent-mark-start]
2020-11-18T11:05:57.930-0800: 14.409: [Full GC (System.gc()) 2020-11-18T11:05:57.930-0800: 14.409: [CMS2020-11-18T11:05:57.932-0800: 14.410: [CMS-concurrent-mark: 0.002/0.003 secs] [Times: user=0.01 sys=0.00, real=0.01 secs] 
 (concurrent mode interrupted): 6847K->6847K(6848K), 0.0055392 secs] 7000K->6948K(9920K), [Metaspace: 4890K->4890K(139264K)], 0.0055873 secs] [Times: user=0.00 sys=0.00, real=0.00 secs] 
2020-11-18T11:05:57.937-0800: 14.416: [Full GC (System.gc()) 2020-11-18T11:05:57.937-0800: 14.416: [CMS: 6847K->6847K(6848K), 0.0035776 secs] 7003K->6951K(9920K), [Metaspace: 4890K->4890K(139264K)], 0.0036261 secs] [Times: user=0.01 sys=0.00, real=0.01 secs] 
2020-11-18T11:05:57.941-0800: 14.419: [GC (CMS Initial Mark) [1 CMS-initial-mark: 6847K(6848K)] 6951K(9920K), 0.0002333 secs] [Times: user=0.00 sys=0.00, real=0.00 secs] 
2020-11-18T11:05:57.941-0800: 14.420: [CMS-concurrent-mark-start]
2020-11-18T11:05:57.942-0800: 14.421: [Full GC (System.gc()) 2020-11-18T11:05:57.942-0800: 14.421: [CMS2020-11-18T11:05:57.944-0800: 14.422: [CMS-concurrent-mark: 0.001/0.003 secs] [Times: user=0.00 sys=0.00, real=0.00 secs] 
 (concurrent mode interrupted): 6847K->6847K(6848K), 0.0052721 secs] 7005K->6953K(9920K), [Metaspace: 4890K->4890K(139264K)], 0.0053206 secs] [Times: user=0.00 sys=0.00, real=0.00 secs] 
2020-11-18T11:05:57.949-0800: 14.427: [Full GC (System.gc()) 2020-11-18T11:05:57.949-0800: 14.427: [CMS: 6847K->6847K(6848K), 0.0033863 secs] 7008K->6956K(9920K), [Metaspace: 4890K->4890K(139264K)], 0.0034318 secs] [Times: user=0.01 sys=0.00, real=0.01 secs] 
2020-11-18T11:05:57.952-0800: 14.431: [GC (CMS Initial Mark) [1 CMS-initial-mark: 6847K(6848K)] 6956K(9920K), 0.0003395 secs] [Times: user=0.00 sys=0.00, real=0.00 secs] 
2020-11-18T11:05:57.953-0800: 14.431: [CMS-concurrent-mark-start]
2020-11-18T11:05:57.954-0800: 14.432: [Full GC (System.gc()) 2020-11-18T11:05:57.954-0800: 14.432: [CMS2020-11-18T11:05:57.956-0800: 14.435: [CMS-concurrent-mark: 0.002/0.003 secs] [Times: user=0.00 sys=0.00, real=0.00 secs] 
 (concurrent mode interrupted): 6847K->6847K(6848K), 0.0061074 secs] 7010K->6958K(9920K), [Metaspace: 4890K->4890K(139264K)], 0.0061841 secs] [Times: user=0.01 sys=0.00, real=0.01 secs] 
2020-11-18T11:05:57.962-0800: 14.440: [Full GC (System.gc()) 2020-11-18T11:05:57.962-0800: 14.440: [CMS: 6847K->6847K(6848K), 0.0046022 secs] 7012K->6960K(9920K), [Metaspace: 4890K->4890K(139264K)], 0.0046739 secs] [Times: user=0.00 sys=0.00, real=0.00 secs] 
2020-11-18T11:05:57.966-0800: 14.445: [GC (CMS Initial Mark) [1 CMS-initial-mark: 6847K(6848K)] 6960K(9920K), 0.0001947 secs] [Times: user=0.00 sys=0.00, real=0.00 secs] 
2020-11-18T11:05:57.967-0800: 14.445: [CMS-concurrent-mark-start]
2020-11-18T11:05:57.968-0800: 14.446: [Full GC (System.gc()) 2020-11-18T11:05:57.968-0800: 14.446: [CMS2020-11-18T11:05:57.969-0800: 14.448: [CMS-concurrent-mark: 0.002/0.003 secs] [Times: user=0.01 sys=0.00, real=0.00 secs] 
 (concurrent mode interrupted): 6847K->6847K(6848K), 0.0054686 secs] 7015K->6963K(9920K), [Metaspace: 4890K->4890K(139264K)], 0.0055160 secs] [Times: user=0.01 sys=0.00, real=0.01 secs] 
2020-11-18T11:05:57.974-0800: 14.453: [Full GC (System.gc()) 2020-11-18T11:05:57.974-0800: 14.453: [CMS: 6847K->6847K(6848K), 0.0034653 secs] 7017K->6965K(9920K), [Metaspace: 4890K->4890K(139264K)], 0.0035075 secs] [Times: user=0.00 sys=0.00, real=0.00 secs] 
2020-11-18T11:05:57.978-0800: 14.456: [GC (CMS Initial Mark) [1 CMS-initial-mark: 6847K(6848K)] 6965K(9920K), 0.0001689 secs] [Times: user=0.00 sys=0.00, real=0.00 secs] 
2020-11-18T11:05:57.978-0800: 14.457: [CMS-concurrent-mark-start]
2020-11-18T11:05:57.979-0800: 14.458: [Full GC (System.gc()) 2020-11-18T11:05:57.979-0800: 14.458: [CMS2020-11-18T11:05:57.981-0800: 14.459: [CMS-concurrent-mark: 0.001/0.002 secs] [Times: user=0.01 sys=0.00, real=0.01 secs] 
 (concurrent mode interrupted): 6847K->6847K(6848K), 0.0045509 secs] 7020K->6968K(9920K), [Metaspace: 4890K->4890K(139264K)], 0.0045867 secs] [Times: user=0.00 sys=0.00, real=0.01 secs] 
2020-11-18T11:05:57.985-0800: 14.464: [Full GC (System.gc()) 2020-11-18T11:05:57.985-0800: 14.464: [CMS: 6847K->6847K(6848K), 0.0031384 secs] 7022K->6970K(9920K), [Metaspace: 4890K->4890K(139264K)], 0.0031778 secs] [Times: user=0.00 sys=0.00, real=0.00 secs] 
2020-11-18T11:05:57.988-0800: 14.467: [GC (CMS Initial Mark) [1 CMS-initial-mark: 6847K(6848K)] 6970K(9920K), 0.0001925 secs] [Times: user=0.00 sys=0.00, real=0.00 secs] 
2020-11-18T11:05:57.989-0800: 14.467: [CMS-concurrent-mark-start]
2020-11-18T11:05:57.990-0800: 14.468: [Full GC (System.gc()) 2020-11-18T11:05:57.990-0800: 14.468: [CMS2020-11-18T11:05:57.992-0800: 14.470: [CMS-concurrent-mark: 0.002/0.003 secs] [Times: user=0.01 sys=0.00, real=0.01 secs] 
 (concurrent mode interrupted): 6847K->6847K(6848K), 0.0045820 secs] 7024K->6972K(9920K), [Metaspace: 4890K->4890K(139264K)], 0.0046208 secs] [Times: user=0.00 sys=0.00, real=0.00 secs] 
2020-11-18T11:05:57.996-0800: 14.474: [Full GC (System.gc()) 2020-11-18T11:05:57.996-0800: 14.474: [CMS: 6847K->6847K(6848K), 0.0030386 secs] 7027K->6975K(9920K), [Metaspace: 4890K->4890K(139264K)], 0.0030790 secs] [Times: user=0.00 sys=0.00, real=0.00 secs] 
2020-11-18T11:05:57.999-0800: 14.477: [GC (CMS Initial Mark) [1 CMS-initial-mark: 6847K(6848K)] 6975K(9920K), 0.0001641 secs] [Times: user=0.01 sys=0.00, real=0.00 secs] 
2020-11-18T11:05:57.999-0800: 14.478: [CMS-concurrent-mark-start]
2020-11-18T11:05:58.000-0800: 14.479: [Full GC (System.gc()) 2020-11-18T11:05:58.000-0800: 14.479: [CMS2020-11-18T11:05:58.002-0800: 14.481: [CMS-concurrent-mark: 0.002/0.003 secs] [Times: user=0.00 sys=0.00, real=0.01 secs] 
 (concurrent mode interrupted): 6847K->6847K(6848K), 0.0052939 secs] 7029K->6977K(9920K), [Metaspace: 4890K->4890K(139264K)], 0.0053424 secs] [Times: user=0.00 sys=0.00, real=0.00 secs] 
2020-11-18T11:05:58.007-0800: 14.486: [Full GC (System.gc()) 2020-11-18T11:05:58.007-0800: 14.486: [CMS: 6847K->6847K(6848K), 0.0036389 secs] 7032K->6980K(9920K), [Metaspace: 4890K->4890K(139264K)], 0.0037078 secs] [Times: user=0.01 sys=0.00, real=0.01 secs] 
2020-11-18T11:05:58.011-0800: 14.489: [GC (CMS Initial Mark) [1 CMS-initial-mark: 6847K(6848K)] 6980K(9920K), 0.0001821 secs] [Times: user=0.00 sys=0.00, real=0.00 secs] 
2020-11-18T11:05:58.011-0800: 14.490: [CMS-concurrent-mark-start]
2020-11-18T11:05:58.012-0800: 14.491: [Full GC (System.gc()) 2020-11-18T11:05:58.012-0800: 14.491: [CMS2020-11-18T11:05:58.014-0800: 14.492: [CMS-concurrent-mark: 0.002/0.003 secs] [Times: user=0.00 sys=0.00, real=0.00 secs] 
 (concurrent mode interrupted): 6847K->6847K(6848K), 0.0056846 secs] 7034K->6982K(9920K), [Metaspace: 4890K->4890K(139264K)], 0.0057300 secs] [Times: user=0.01 sys=0.00, real=0.00 secs] 
2020-11-18T11:05:58.019-0800: 14.498: [Full GC (System.gc()) 2020-11-18T11:05:58.019-0800: 14.498: [CMS: 6847K->6847K(6848K), 0.0038610 secs] 7036K->6985K(9920K), [Metaspace: 4890K->4890K(139264K)], 0.0039345 secs] [Times: user=0.00 sys=0.00, real=0.01 secs] 
2020-11-18T11:05:58.023-0800: 14.502: [GC (CMS Initial Mark) [1 CMS-initial-mark: 6847K(6848K)] 6985K(9920K), 0.0001972 secs] [Times: user=0.00 sys=0.00, real=0.00 secs] 
2020-11-18T11:05:58.023-0800: 14.502: [CMS-concurrent-mark-start]
2020-11-18T11:05:58.024-0800: 14.503: [Full GC (System.gc()) 2020-11-18T11:05:58.024-0800: 14.503: [CMS2020-11-18T11:05:58.026-0800: 14.505: [CMS-concurrent-mark: 0.002/0.003 secs] [Times: user=0.00 sys=0.00, real=0.00 secs] 
 (concurrent mode interrupted): 6847K->6847K(6848K), 0.0060042 secs] 7039K->6987K(9920K), [Metaspace: 4890K->4890K(139264K)], 0.0060556 secs] [Times: user=0.01 sys=0.00, real=0.01 secs] 
2020-11-18T11:05:58.032-0800: 14.510: [Full GC (System.gc()) 2020-11-18T11:05:58.032-0800: 14.510: [CMS: 6847K->6847K(6848K), 0.0035758 secs] 7041K->6989K(9920K), [Metaspace: 4890K->4890K(139264K)], 0.0036204 secs] [Times: user=0.00 sys=0.00, real=0.00 secs] 
2020-11-18T11:05:58.035-0800: 14.514: [GC (CMS Initial Mark) [1 CMS-initial-mark: 6847K(6848K)] 6989K(9920K), 0.0001824 secs] [Times: user=0.00 sys=0.00, real=0.00 secs] 
2020-11-18T11:05:58.036-0800: 14.514: [CMS-concurrent-mark-start]
2020-11-18T11:05:58.037-0800: 14.515: [Full GC (System.gc()) 2020-11-18T11:05:58.037-0800: 14.515: [CMS2020-11-18T11:05:58.039-0800: 14.517: [CMS-concurrent-mark: 0.002/0.003 secs] [Times: user=0.01 sys=0.00, real=0.00 secs] 
 (concurrent mode interrupted): 6847K->6847K(6848K), 0.0057105 secs] 7044K->6992K(9920K), [Metaspace: 4890K->4890K(139264K)], 0.0057609 secs] [Times: user=0.00 sys=0.00, real=0.01 secs] 
2020-11-18T11:05:58.044-0800: 14.522: [Full GC (System.gc()) 2020-11-18T11:05:58.044-0800: 14.522: [CMS: 6847K->6847K(6848K), 0.0042238 secs] 7046K->6994K(9920K), [Metaspace: 4890K->4890K(139264K)], 0.0043059 secs] [Times: user=0.01 sys=0.00, real=0.00 secs] 
2020-11-18T11:05:58.048-0800: 14.527: [GC (CMS Initial Mark) [1 CMS-initial-mark: 6847K(6848K)] 6994K(9920K), 0.0002827 secs] [Times: user=0.00 sys=0.00, real=0.00 secs] 
2020-11-18T11:05:58.049-0800: 14.527: [CMS-concurrent-mark-start]
2020-11-18T11:05:58.050-0800: 14.528: [Full GC (System.gc()) 2020-11-18T11:05:58.050-0800: 14.528: [CMS2020-11-18T11:05:58.051-0800: 14.530: [CMS-concurrent-mark: 0.002/0.003 secs] [Times: user=0.00 sys=0.00, real=0.01 secs] 
 (concurrent mode interrupted): 6847K->6847K(6848K), 0.0049833 secs] 7049K->6997K(9920K), [Metaspace: 4890K->4890K(139264K)], 0.0050199 secs] [Times: user=0.00 sys=0.00, real=0.00 secs] 
2020-11-18T11:05:58.056-0800: 14.535: [Full GC (System.gc()) 2020-11-18T11:05:58.056-0800: 14.535: [CMS: 6847K->6847K(6848K), 0.0041453 secs] 7051K->6999K(9920K), [Metaspace: 4890K->4890K(139264K)], 0.0042180 secs] [Times: user=0.01 sys=0.00, real=0.01 secs] 
2020-11-18T11:05:58.060-0800: 14.539: [GC (CMS Initial Mark) [1 CMS-initial-mark: 6847K(6848K)] 6999K(9920K), 0.0002562 secs] [Times: user=0.00 sys=0.00, real=0.00 secs] 
2020-11-18T11:05:58.061-0800: 14.539: [CMS-concurrent-mark-start]
2020-11-18T11:05:58.062-0800: 14.540: [Full GC (System.gc()) 2020-11-18T11:05:58.062-0800: 14.540: [CMS2020-11-18T11:05:58.064-0800: 14.542: [CMS-concurrent-mark: 0.002/0.003 secs] [Times: user=0.00 sys=0.00, real=0.00 secs] 
 (concurrent mode interrupted): 6847K->6847K(6848K), 0.0060709 secs] 7053K->7001K(9920K), [Metaspace: 4890K->4890K(139264K)], 0.0061175 secs] [Times: user=0.01 sys=0.00, real=0.00 secs] 
2020-11-18T11:05:58.069-0800: 14.548: [Full GC (System.gc()) 2020-11-18T11:05:58.069-0800: 14.548: [CMS: 6847K->6847K(6848K), 0.0039778 secs] 7056K->7004K(9920K), [Metaspace: 4890K->4890K(139264K)], 0.0040479 secs] [Times: user=0.00 sys=0.00, real=0.01 secs] 
2020-11-18T11:05:58.073-0800: 14.552: [GC (CMS Initial Mark) [1 CMS-initial-mark: 6847K(6848K)] 7004K(9920K), 0.0002014 secs] [Times: user=0.00 sys=0.00, real=0.00 secs] 
2020-11-18T11:05:58.074-0800: 14.552: [CMS-concurrent-mark-start]
2020-11-18T11:05:58.075-0800: 14.553: [Full GC (System.gc()) 2020-11-18T11:05:58.075-0800: 14.553: [CMS2020-11-18T11:05:58.077-0800: 14.555: [CMS-concurrent-mark: 0.002/0.003 secs] [Times: user=0.01 sys=0.00, real=0.00 secs] 
 (concurrent mode interrupted): 6847K->6847K(6848K), 0.0057949 secs] 7058K->7006K(9920K), [Metaspace: 4890K->4890K(139264K)], 0.0058434 secs] [Times: user=0.01 sys=0.00, real=0.01 secs] 
2020-11-18T11:05:58.082-0800: 14.560: [Full GC (System.gc()) 2020-11-18T11:05:58.082-0800: 14.560: [CMS: 6847K->6847K(6848K), 0.0038419 secs] 7061K->7009K(9920K), [Metaspace: 4890K->4890K(139264K)], 0.0039086 secs] [Times: user=0.00 sys=0.00, real=0.00 secs] 
2020-11-18T11:05:58.086-0800: 14.564: [GC (CMS Initial Mark) [1 CMS-initial-mark: 6847K(6848K)] 7009K(9920K), 0.0001926 secs] [Times: user=0.00 sys=0.00, real=0.00 secs] 
2020-11-18T11:05:58.086-0800: 14.565: [CMS-concurrent-mark-start]
2020-11-18T11:05:58.087-0800: 14.566: [Full GC (System.gc()) 2020-11-18T11:05:58.087-0800: 14.566: [CMS2020-11-18T11:05:58.089-0800: 14.568: [CMS-concurrent-mark: 0.002/0.003 secs] [Times: user=0.01 sys=0.00, real=0.00 secs] 
 (concurrent mode interrupted): 6847K->6847K(6848K), 0.0057465 secs] 7063K->7011K(9920K), [Metaspace: 4890K->4890K(139264K)], 0.0057976 secs] [Times: user=0.00 sys=0.00, real=0.01 secs] 
2020-11-18T11:05:58.094-0800: 14.573: [Full GC (System.gc()) 2020-11-18T11:05:58.094-0800: 14.573: [CMS: 6847K->6847K(6848K), 0.0038833 secs] 7065K->7013K(9920K), [Metaspace: 4890K->4890K(139264K)], 0.0039547 secs] [Times: user=0.01 sys=0.00, real=0.00 secs] 
2020-11-18T11:05:58.099-0800: 14.577: [GC (CMS Initial Mark) [1 CMS-initial-mark: 6847K(6848K)] 7013K(9920K), 0.0001830 secs] [Times: user=0.00 sys=0.00, real=0.00 secs] 
2020-11-18T11:05:58.099-0800: 14.577: [CMS-concurrent-mark-start]
2020-11-18T11:05:58.100-0800: 14.578: [Full GC (System.gc()) 2020-11-18T11:05:58.100-0800: 14.578: [CMS2020-11-18T11:05:58.102-0800: 14.580: [CMS-concurrent-mark: 0.002/0.003 secs] [Times: user=0.00 sys=0.00, real=0.01 secs] 
 (concurrent mode interrupted): 6847K->6847K(6848K), 0.0061186 secs] 7068K->7016K(9920K), [Metaspace: 4890K->4890K(139264K)], 0.0061728 secs] [Times: user=0.01 sys=0.00, real=0.00 secs] 
2020-11-18T11:05:58.107-0800: 14.586: [Full GC (System.gc()) 2020-11-18T11:05:58.108-0800: 14.586: [CMS: 6847K->6847K(6848K), 0.0037343 secs] 7070K->7018K(9920K), [Metaspace: 4890K->4890K(139264K)], 0.0037857 secs] [Times: user=0.00 sys=0.00, real=0.01 secs] 
2020-11-18T11:05:58.111-0800: 14.590: [GC (CMS Initial Mark) [1 CMS-initial-mark: 6847K(6848K)] 7018K(9920K), 0.0001972 secs] [Times: user=0.00 sys=0.01, real=0.00 secs] 
2020-11-18T11:05:58.112-0800: 14.590: [CMS-concurrent-mark-start]
2020-11-18T11:05:58.113-0800: 14.591: [Full GC (System.gc()) 2020-11-18T11:05:58.113-0800: 14.591: [CMS2020-11-18T11:05:58.115-0800: 14.593: [CMS-concurrent-mark: 0.002/0.003 secs] [Times: user=0.01 sys=0.00, real=0.00 secs] 
 (concurrent mode interrupted): 6847K->6847K(6848K), 0.0057437 secs] 7073K->7021K(9920K), [Metaspace: 4890K->4890K(139264K)], 0.0057882 secs] [Times: user=0.01 sys=0.00, real=0.00 secs] 
2020-11-18T11:05:58.120-0800: 14.598: [Full GC (System.gc()) 2020-11-18T11:05:58.120-0800: 14.598: [CMS: 6847K->6847K(6848K), 0.0039211 secs] 7075K->7023K(9920K), [Metaspace: 4890K->4890K(139264K)], 0.0039995 secs] [Times: user=0.00 sys=0.00, real=0.00 secs] 
2020-11-18T11:05:58.124-0800: 14.602: [GC (CMS Initial Mark) [1 CMS-initial-mark: 6847K(6848K)] 7023K(9920K), 0.0002086 secs] [Times: user=0.00 sys=0.00, real=0.00 secs] 
2020-11-18T11:05:58.124-0800: 14.602: [CMS-concurrent-mark-start]
2020-11-18T11:05:58.125-0800: 14.604: [Full GC (System.gc()) 2020-11-18T11:05:58.125-0800: 14.604: [CMS2020-11-18T11:05:58.127-0800: 14.606: [CMS-concurrent-mark: 0.002/0.003 secs] [Times: user=0.01 sys=0.00, real=0.00 secs] 
 (concurrent mode interrupted): 6847K->6847K(6848K), 0.0058962 secs] 7078K->7026K(9920K), [Metaspace: 4890K->4890K(139264K)], 0.0059462 secs] [Times: user=0.00 sys=0.00, real=0.01 secs] 
2020-11-18T11:05:58.132-0800: 14.611: [Full GC (System.gc()) 2020-11-18T11:05:58.132-0800: 14.611: [CMS: 6847K->6847K(6848K), 0.0034885 secs] 7080K->7028K(9920K), [Metaspace: 4890K->4890K(139264K)], 0.0035324 secs] [Times: user=0.01 sys=0.00, real=0.00 secs] 
2020-11-18T11:05:58.136-0800: 14.614: [GC (CMS Initial Mark) [1 CMS-initial-mark: 6847K(6848K)] 7028K(9920K), 0.0001952 secs] [Times: user=0.00 sys=0.00, real=0.00 secs] 
2020-11-18T11:05:58.136-0800: 14.615: [CMS-concurrent-mark-start]
2020-11-18T11:05:58.137-0800: 14.616: [Full GC (System.gc()) 2020-11-18T11:05:58.137-0800: 14.616: [CMS2020-11-18T11:05:58.139-0800: 14.618: [CMS-concurrent-mark: 0.002/0.003 secs] [Times: user=0.00 sys=0.00, real=0.00 secs] 
 (concurrent mode interrupted): 6847K->6847K(6848K), 0.0055962 secs] 7082K->7030K(9920K), [Metaspace: 4890K->4890K(139264K)], 0.0056509 secs] [Times: user=0.00 sys=0.00, real=0.01 secs] 
2020-11-18T11:05:58.144-0800: 14.623: [Full GC (System.gc()) 2020-11-18T11:05:58.144-0800: 14.623: [CMS: 6847K->6847K(6848K), 0.0046029 secs] 7085K->7033K(9920K), [Metaspace: 4890K->4890K(139264K)], 0.0046669 secs] [Times: user=0.01 sys=0.00, real=0.00 secs] 
2020-11-18T11:05:58.149-0800: 14.627: [GC (CMS Initial Mark) [1 CMS-initial-mark: 6847K(6848K)] 7033K(9920K), 0.0002102 secs] [Times: user=0.00 sys=0.00, real=0.00 secs] 
2020-11-18T11:05:58.149-0800: 14.628: [CMS-concurrent-mark-start]
2020-11-18T11:05:58.150-0800: 14.629: [Full GC (System.gc()) 2020-11-18T11:05:58.150-0800: 14.629: [CMS2020-11-18T11:05:58.152-0800: 14.630: [CMS-concurrent-mark: 0.002/0.003 secs] [Times: user=0.00 sys=0.00, real=0.01 secs] 
 (concurrent mode interrupted): 6847K->6847K(6848K), 0.0060092 secs] 7087K->7035K(9920K), [Metaspace: 4890K->4890K(139264K)], 0.0060682 secs] [Times: user=0.01 sys=0.00, real=0.00 secs] 
2020-11-18T11:05:58.158-0800: 14.636: [Full GC (System.gc()) 2020-11-18T11:05:58.158-0800: 14.636: [CMS: 6847K->6847K(6848K), 0.0039062 secs] 7090K->7038K(9920K), [Metaspace: 4890K->4890K(139264K)], 0.0039621 secs] [Times: user=0.00 sys=0.00, real=0.01 secs] 
2020-11-18T11:05:58.162-0800: 14.640: [GC (CMS Initial Mark) [1 CMS-initial-mark: 6847K(6848K)] 7038K(9920K), 0.0001926 secs] [Times: user=0.00 sys=0.00, real=0.00 secs] 
2020-11-18T11:05:58.162-0800: 14.640: [CMS-concurrent-mark-start]
2020-11-18T11:05:58.163-0800: 14.641: [Full GC (System.gc()) 2020-11-18T11:05:58.163-0800: 14.641: [CMS2020-11-18T11:05:58.165-0800: 14.643: [CMS-concurrent-mark: 0.002/0.003 secs] [Times: user=0.01 sys=0.00, real=0.00 secs] 
 (concurrent mode interrupted): 6847K->6847K(6848K), 0.0052274 secs] 7092K->7040K(9920K), [Metaspace: 4890K->4890K(139264K)], 0.0052635 secs] [Times: user=0.00 sys=0.00, real=0.00 secs] 
2020-11-18T11:05:58.170-0800: 14.648: [Full GC (System.gc()) 2020-11-18T11:05:58.170-0800: 14.648: [CMS: 6847K->6847K(6848K), 0.0032755 secs] 7094K->7042K(9920K), [Metaspace: 4890K->4890K(139264K)], 0.0033150 secs] [Times: user=0.00 sys=0.00, real=0.00 secs] 
2020-11-18T11:05:58.173-0800: 14.652: [GC (CMS Initial Mark) [1 CMS-initial-mark: 6847K(6848K)] 7042K(9920K), 0.0001978 secs] [Times: user=0.00 sys=0.00, real=0.00 secs] 
2020-11-18T11:05:58.173-0800: 14.652: [CMS-concurrent-mark-start]
2020-11-18T11:05:58.174-0800: 14.653: [Full GC (System.gc()) 2020-11-18T11:05:58.174-0800: 14.653: [CMS2020-11-18T11:05:58.176-0800: 14.655: [CMS-concurrent-mark: 0.002/0.003 secs] [Times: user=0.01 sys=0.00, real=0.00 secs] 
 (concurrent mode interrupted): 6847K->6847K(6848K), 0.0056233 secs] 7097K->7045K(9920K), [Metaspace: 4890K->4890K(139264K)], 0.0056678 secs] [Times: user=0.00 sys=0.00, real=0.01 secs] 
2020-11-18T11:05:58.181-0800: 14.660: [Full GC (System.gc()) 2020-11-18T11:05:58.181-0800: 14.660: [CMS: 6847K->6847K(6848K), 0.0038308 secs] 7099K->7047K(9920K), [Metaspace: 4890K->4890K(139264K)], 0.0039014 secs] [Times: user=0.01 sys=0.00, real=0.00 secs] 
2020-11-18T11:05:58.185-0800: 14.664: [GC (CMS Initial Mark) [1 CMS-initial-mark: 6847K(6848K)] 7047K(9920K), 0.0001818 secs] [Times: user=0.00 sys=0.00, real=0.00 secs] 
2020-11-18T11:05:58.186-0800: 14.664: [CMS-concurrent-mark-start]
2020-11-18T11:05:58.187-0800: 14.665: [Full GC (System.gc()) 2020-11-18T11:05:58.187-0800: 14.665: [CMS2020-11-18T11:05:58.188-0800: 14.667: [CMS-concurrent-mark: 0.002/0.003 secs] [Times: user=0.00 sys=0.00, real=0.00 secs] 
 (concurrent mode interrupted): 6847K->6847K(6848K), 0.0054610 secs] 7102K->7050K(9920K), [Metaspace: 4890K->4890K(139264K)], 0.0055104 secs] [Times: user=0.01 sys=0.00, real=0.01 secs] 
2020-11-18T11:05:58.194-0800: 14.672: [Full GC (System.gc()) 2020-11-18T11:05:58.194-0800: 14.672: [CMS: 6847K->6847K(6848K), 0.0040648 secs] 7104K->7052K(9920K), [Metaspace: 4890K->4890K(139264K)], 0.0041381 secs] [Times: user=0.00 sys=0.00, real=0.00 secs] 
2020-11-18T11:05:58.198-0800: 14.676: [GC (CMS Initial Mark) [1 CMS-initial-mark: 6847K(6848K)] 7052K(9920K), 0.0001797 secs] [Times: user=0.00 sys=0.00, real=0.00 secs] 
2020-11-18T11:05:58.198-0800: 14.677: [CMS-concurrent-mark-start]
2020-11-18T11:05:58.199-0800: 14.677: [Full GC (System.gc()) 2020-11-18T11:05:58.199-0800: 14.677: [CMS2020-11-18T11:05:58.201-0800: 14.679: [CMS-concurrent-mark: 0.002/0.003 secs] [Times: user=0.00 sys=0.00, real=0.01 secs] 
 (concurrent mode interrupted): 6847K->6847K(6848K), 0.0059493 secs] 7106K->7055K(9920K), [Metaspace: 4890K->4890K(139264K)], 0.0059940 secs] [Times: user=0.01 sys=0.00, real=0.01 secs] 
2020-11-18T11:05:58.206-0800: 14.685: [Full GC (System.gc()) 2020-11-18T11:05:58.206-0800: 14.685: [CMS: 6847K->6847K(6848K), 0.0040486 secs] 7109K->7057K(9920K), [Metaspace: 4890K->4890K(139264K)], 0.0041176 secs] [Times: user=0.00 sys=0.00, real=0.01 secs] 
2020-11-18T11:05:58.210-0800: 14.689: [GC (CMS Initial Mark) [1 CMS-initial-mark: 6847K(6848K)] 7057K(9920K), 0.0001772 secs] [Times: user=0.00 sys=0.00, real=0.00 secs] 
2020-11-18T11:05:58.211-0800: 14.689: [CMS-concurrent-mark-start]
2020-11-18T11:05:58.212-0800: 14.690: [Full GC (System.gc()) 2020-11-18T11:05:58.212-0800: 14.690: [CMS2020-11-18T11:05:58.214-0800: 14.692: [CMS-concurrent-mark: 0.002/0.003 secs] [Times: user=0.01 sys=0.00, real=0.00 secs] 
 (concurrent mode interrupted): 6847K->6847K(6848K), 0.0055474 secs] 7111K->7059K(9920K), [Metaspace: 4890K->4890K(139264K)], 0.0055917 secs] [Times: user=0.00 sys=0.00, real=0.00 secs] 
2020-11-18T11:05:58.219-0800: 14.697: [Full GC (System.gc()) 2020-11-18T11:05:58.219-0800: 14.697: [CMS: 6847K->6847K(6848K), 0.0039439 secs] 7114K->7062K(9920K), [Metaspace: 4890K->4890K(139264K)], 0.0040135 secs] [Times: user=0.01 sys=0.00, real=0.01 secs] 
2020-11-18T11:05:58.223-0800: 14.702: [GC (CMS Initial Mark) [1 CMS-initial-mark: 6847K(6848K)] 7062K(9920K), 0.0002239 secs] [Times: user=0.00 sys=0.00, real=0.00 secs] 
2020-11-18T11:05:58.223-0800: 14.702: [CMS-concurrent-mark-start]
2020-11-18T11:05:58.224-0800: 14.703: [Full GC (System.gc()) 2020-11-18T11:05:58.224-0800: 14.703: [CMS2020-11-18T11:05:58.226-0800: 14.705: [CMS-concurrent-mark: 0.002/0.003 secs] [Times: user=0.00 sys=0.00, real=0.00 secs] 
 (concurrent mode interrupted): 6847K->6847K(6848K), 0.0064140 secs] 7116K->7064K(9920K), [Metaspace: 4890K->4890K(139264K)], 0.0064702 secs] [Times: user=0.01 sys=0.00, real=0.01 secs] 
2020-11-18T11:05:58.232-0800: 14.711: [Full GC (System.gc()) 2020-11-18T11:05:58.232-0800: 14.711: [CMS: 6847K->6847K(6848K), 0.0038977 secs] 7119K->7067K(9920K), [Metaspace: 4890K->4890K(139264K)], 0.0039549 secs] [Times: user=0.00 sys=0.00, real=0.00 secs] 
2020-11-18T11:05:58.236-0800: 14.715: [GC (CMS Initial Mark) [1 CMS-initial-mark: 6847K(6848K)] 7067K(9920K), 0.0001758 secs] [Times: user=0.00 sys=0.00, real=0.00 secs] 
2020-11-18T11:05:58.237-0800: 14.715: [CMS-concurrent-mark-start]
2020-11-18T11:05:58.237-0800: 14.716: [Full GC (System.gc()) 2020-11-18T11:05:58.238-0800: 14.716: [CMS2020-11-18T11:05:58.240-0800: 14.718: [CMS-concurrent-mark: 0.002/0.003 secs] [Times: user=0.01 sys=0.00, real=0.01 secs] 
 (concurrent mode interrupted): 6847K->6847K(6848K), 0.0057725 secs] 7121K->7069K(9920K), [Metaspace: 4890K->4890K(139264K)], 0.0058230 secs] [Times: user=0.01 sys=0.00, real=0.01 secs] 
2020-11-18T11:05:58.245-0800: 14.723: [Full GC (System.gc()) 2020-11-18T11:05:58.245-0800: 14.723: [CMS: 6847K->6847K(6848K), 0.0040703 secs] 7123K->7071K(9920K), [Metaspace: 4890K->4890K(139264K)], 0.0041221 secs] [Times: user=0.00 sys=0.00, real=0.00 secs] 
2020-11-18T11:05:58.249-0800: 14.727: [GC (CMS Initial Mark) [1 CMS-initial-mark: 6847K(6848K)] 7071K(9920K), 0.0001448 secs] [Times: user=0.00 sys=0.00, real=0.00 secs] 
2020-11-18T11:05:58.249-0800: 14.727: [CMS-concurrent-mark-start]
2020-11-18T11:05:58.250-0800: 14.729: [Full GC (System.gc()) 2020-11-18T11:05:58.250-0800: 14.729: [CMS2020-11-18T11:05:58.252-0800: 14.730: [CMS-concurrent-mark: 0.002/0.003 secs] [Times: user=0.01 sys=0.00, real=0.01 secs] 
 (concurrent mode interrupted): 6847K->6847K(6848K), 0.0052223 secs] 7126K->7074K(9920K), [Metaspace: 4890K->4890K(139264K)], 0.0052674 secs] [Times: user=0.00 sys=0.00, real=0.00 secs] 
2020-11-18T11:05:58.257-0800: 14.735: [Full GC (System.gc()) 2020-11-18T11:05:58.257-0800: 14.735: [CMS: 6847K->6847K(6848K), 0.0032956 secs] 7128K->7076K(9920K), [Metaspace: 4890K->4890K(139264K)], 0.0033376 secs] [Times: user=0.00 sys=0.00, real=0.01 secs] 
2020-11-18T11:05:58.260-0800: 14.738: [GC (CMS Initial Mark) [1 CMS-initial-mark: 6847K(6848K)] 7076K(9920K), 0.0001715 secs] [Times: user=0.00 sys=0.00, real=0.00 secs] 
2020-11-18T11:05:58.260-0800: 14.739: [CMS-concurrent-mark-start]
2020-11-18T11:05:58.261-0800: 14.740: [Full GC (System.gc()) 2020-11-18T11:05:58.261-0800: 14.740: [CMS2020-11-18T11:05:58.263-0800: 14.741: [CMS-concurrent-mark: 0.002/0.003 secs] [Times: user=0.01 sys=0.00, real=0.00 secs] 
 (concurrent mode interrupted): 6847K->6847K(6848K), 0.0047158 secs] 7131K->7079K(9920K), [Metaspace: 4890K->4890K(139264K)], 0.0047538 secs] [Times: user=0.00 sys=0.00, real=0.00 secs] 
2020-11-18T11:05:58.267-0800: 14.746: [Full GC (System.gc()) 2020-11-18T11:05:58.267-0800: 14.746: [CMS: 6847K->6847K(6848K), 0.0030867 secs] 7133K->7081K(9920K), [Metaspace: 4890K->4890K(139264K)], 0.0031260 secs] [Times: user=0.01 sys=0.00, real=0.01 secs] 
2020-11-18T11:05:58.271-0800: 14.749: [GC (CMS Initial Mark) [1 CMS-initial-mark: 6847K(6848K)] 7081K(9920K), 0.0001645 secs] [Times: user=0.00 sys=0.00, real=0.00 secs] 
2020-11-18T11:05:58.271-0800: 14.749: [CMS-concurrent-mark-start]
2020-11-18T11:05:58.272-0800: 14.750: [Full GC (System.gc()) 2020-11-18T11:05:58.272-0800: 14.751: [CMS2020-11-18T11:05:58.274-0800: 14.752: [CMS-concurrent-mark: 0.002/0.003 secs] [Times: user=0.00 sys=0.00, real=0.00 secs] 
 (concurrent mode interrupted): 6847K->6847K(6848K), 0.0052090 secs] 7135K->7083K(9920K), [Metaspace: 4890K->4890K(139264K)], 0.0052501 secs] [Times: user=0.00 sys=0.00, real=0.00 secs] 
2020-11-18T11:05:58.279-0800: 14.757: [Full GC (System.gc()) 2020-11-18T11:05:58.279-0800: 14.757: [CMS: 6847K->6847K(6848K), 0.0040706 secs] 7138K->7086K(9920K), [Metaspace: 4890K->4890K(139264K)], 0.0041375 secs] [Times: user=0.01 sys=0.00, real=0.01 secs] 
2020-11-18T11:05:58.283-0800: 14.761: [GC (CMS Initial Mark) [1 CMS-initial-mark: 6847K(6848K)] 7086K(9920K), 0.0001570 secs] [Times: user=0.00 sys=0.00, real=0.00 secs] 
2020-11-18T11:05:58.283-0800: 14.762: [CMS-concurrent-mark-start]
2020-11-18T11:05:58.284-0800: 14.763: [Full GC (System.gc()) 2020-11-18T11:05:58.284-0800: 14.763: [CMS2020-11-18T11:05:58.286-0800: 14.764: [CMS-concurrent-mark: 0.002/0.003 secs] [Times: user=0.00 sys=0.00, real=0.00 secs] 
 (concurrent mode interrupted): 6847K->6847K(6848K), 0.0056735 secs] 7140K->7088K(9920K), [Metaspace: 4890K->4890K(139264K)], 0.0057197 secs] [Times: user=0.01 sys=0.00, real=0.01 secs] 
2020-11-18T11:05:58.291-0800: 14.770: [Full GC (System.gc()) 2020-11-18T11:05:58.291-0800: 14.770: [CMS: 6847K->6847K(6848K), 0.0036339 secs] 7143K->7091K(9920K), [Metaspace: 4890K->4890K(139264K)], 0.0036843 secs] [Times: user=0.00 sys=0.00, real=0.00 secs] 
2020-11-18T11:05:58.295-0800: 14.773: [GC (CMS Initial Mark) [1 CMS-initial-mark: 6847K(6848K)] 7091K(9920K), 0.0001866 secs] [Times: user=0.00 sys=0.00, real=0.00 secs] 
2020-11-18T11:05:58.295-0800: 14.774: [CMS-concurrent-mark-start]
2020-11-18T11:05:58.296-0800: 14.774: [Full GC (System.gc()) 2020-11-18T11:05:58.296-0800: 14.774: [CMS2020-11-18T11:05:58.298-0800: 14.776: [CMS-concurrent-mark: 0.002/0.003 secs] [Times: user=0.00 sys=0.00, real=0.00 secs] 
 (concurrent mode interrupted): 6847K->6847K(6848K), 0.0049701 secs] 7145K->7093K(9920K), [Metaspace: 4890K->4890K(139264K)], 0.0050173 secs] [Times: user=0.01 sys=0.00, real=0.01 secs] 
2020-11-18T11:05:58.302-0800: 14.781: [Full GC (System.gc()) 2020-11-18T11:05:58.302-0800: 14.781: [CMS: 6847K->6847K(6848K), 0.0032105 secs] 7148K->7096K(9920K), [Metaspace: 4890K->4890K(139264K)], 0.0032550 secs] [Times: user=0.00 sys=0.00, real=0.00 secs] 
2020-11-18T11:05:58.306-0800: 14.784: [GC (CMS Initial Mark) [1 CMS-initial-mark: 6847K(6848K)] 7096K(9920K), 0.0001938 secs] [Times: user=0.00 sys=0.00, real=0.00 secs] 
2020-11-18T11:05:58.306-0800: 14.784: [CMS-concurrent-mark-start]
2020-11-18T11:05:58.307-0800: 14.786: [Full GC (System.gc()) 2020-11-18T11:05:58.307-0800: 14.786: [CMS2020-11-18T11:05:58.309-0800: 14.787: [CMS-concurrent-mark: 0.002/0.003 secs] [Times: user=0.01 sys=0.00, real=0.00 secs] 
 (concurrent mode interrupted): 6847K->6847K(6848K), 0.0054230 secs] 7150K->7098K(9920K), [Metaspace: 4890K->4890K(139264K)], 0.0054705 secs] [Times: user=0.01 sys=0.00, real=0.01 secs] 
2020-11-18T11:05:58.314-0800: 14.792: [Full GC (System.gc()) 2020-11-18T11:05:58.314-0800: 14.792: [CMS: 6847K->6847K(6848K), 0.0038862 secs] 7152K->7100K(9920K), [Metaspace: 4890K->4890K(139264K)], 0.0039523 secs] [Times: user=0.00 sys=0.00, real=0.00 secs] 
2020-11-18T11:05:58.318-0800: 14.796: [GC (CMS Initial Mark) [1 CMS-initial-mark: 6847K(6848K)] 7100K(9920K), 0.0001837 secs] [Times: user=0.00 sys=0.00, real=0.00 secs] 
2020-11-18T11:05:58.318-0800: 14.797: [CMS-concurrent-mark-start]
2020-11-18T11:05:58.319-0800: 14.798: [Full GC (System.gc()) 2020-11-18T11:05:58.319-0800: 14.798: [CMS2020-11-18T11:05:58.321-0800: 14.800: [CMS-concurrent-mark: 0.002/0.003 secs] [Times: user=0.01 sys=0.00, real=0.01 secs] 
 (concurrent mode interrupted): 6847K->6847K(6848K), 0.0055575 secs] 7155K->7103K(9920K), [Metaspace: 4890K->4890K(139264K)], 0.0056054 secs] [Times: user=0.00 sys=0.00, real=0.01 secs] 
2020-11-18T11:05:58.326-0800: 14.805: [Full GC (System.gc()) 2020-11-18T11:05:58.326-0800: 14.805: [CMS: 6847K->6847K(6848K), 0.0038582 secs] 7157K->7105K(9920K), [Metaspace: 4890K->4890K(139264K)], 0.0039278 secs] [Times: user=0.01 sys=0.00, real=0.01 secs] 
2020-11-18T11:05:58.330-0800: 14.809: [GC (CMS Initial Mark) [1 CMS-initial-mark: 6847K(6848K)] 7105K(9920K), 0.0001916 secs] [Times: user=0.00 sys=0.00, real=0.00 secs] 
2020-11-18T11:05:58.331-0800: 14.809: [CMS-concurrent-mark-start]
2020-11-18T11:05:58.332-0800: 14.810: [Full GC (System.gc()) 2020-11-18T11:05:58.332-0800: 14.810: [CMS2020-11-18T11:05:58.334-0800: 14.812: [CMS-concurrent-mark: 0.002/0.003 secs] [Times: user=0.00 sys=0.01, real=0.00 secs] 
 (concurrent mode interrupted): 6847K->6847K(6848K), 0.0058272 secs] 7160K->7108K(9920K), [Metaspace: 4890K->4890K(139264K)], 0.0058744 secs] [Times: user=0.00 sys=0.00, real=0.00 secs] 
2020-11-18T11:05:58.339-0800: 14.817: [Full GC (System.gc()) 2020-11-18T11:05:58.339-0800: 14.817: [CMS: 6847K->6847K(6848K), 0.0039759 secs] 7162K->7110K(9920K), [Metaspace: 4890K->4890K(139264K)], 0.0040506 secs] [Times: user=0.01 sys=0.00, real=0.01 secs] 
2020-11-18T11:05:58.343-0800: 14.822: [GC (CMS Initial Mark) [1 CMS-initial-mark: 6847K(6848K)] 7110K(9920K), 0.0002012 secs] [Times: user=0.00 sys=0.00, real=0.00 secs] 
2020-11-18T11:05:58.343-0800: 14.822: [CMS-concurrent-mark-start]
2020-11-18T11:05:58.344-0800: 14.823: [Full GC (System.gc()) 2020-11-18T11:05:58.344-0800: 14.823: [CMS2020-11-18T11:05:58.346-0800: 14.825: [CMS-concurrent-mark: 0.002/0.003 secs] [Times: user=0.00 sys=0.00, real=0.00 secs] 
 (concurrent mode interrupted): 6847K->6847K(6848K), 0.0060511 secs] 7164K->7112K(9920K), [Metaspace: 4890K->4890K(139264K)], 0.0061059 secs] [Times: user=0.01 sys=0.00, real=0.01 secs] 
2020-11-18T11:05:58.352-0800: 14.830: [Full GC (System.gc()) 2020-11-18T11:05:58.352-0800: 14.830: [CMS: 6847K->6847K(6848K), 0.0038163 secs] 7167K->7115K(9920K), [Metaspace: 4890K->4890K(139264K)], 0.0038829 secs] [Times: user=0.00 sys=0.00, real=0.00 secs] 
2020-11-18T11:05:58.356-0800: 14.834: [GC (CMS Initial Mark) [1 CMS-initial-mark: 6847K(6848K)] 7115K(9920K), 0.0001835 secs] [Times: user=0.00 sys=0.00, real=0.00 secs] 
2020-11-18T11:05:58.356-0800: 14.835: [CMS-concurrent-mark-start]
2020-11-18T11:05:58.357-0800: 14.836: [Full GC (System.gc()) 2020-11-18T11:05:58.357-0800: 14.836: [CMS2020-11-18T11:05:58.359-0800: 14.837: [CMS-concurrent-mark: 0.002/0.003 secs] [Times: user=0.01 sys=0.00, real=0.00 secs] 
 (concurrent mode interrupted): 6847K->6847K(6848K), 0.0059271 secs] 7169K->7117K(9920K), [Metaspace: 4890K->4890K(139264K)], 0.0059800 secs] [Times: user=0.00 sys=0.00, real=0.01 secs] 
2020-11-18T11:05:58.364-0800: 14.843: [Full GC (System.gc()) 2020-11-18T11:05:58.365-0800: 14.843: [CMS: 6847K->6847K(6848K), 0.0041786 secs] 7172K->7120K(9920K), [Metaspace: 4890K->4890K(139264K)], 0.0042523 secs] [Times: user=0.01 sys=0.00, real=0.00 secs] 
2020-11-18T11:05:58.369-0800: 14.847: [GC (CMS Initial Mark) [1 CMS-initial-mark: 6847K(6848K)] 7120K(9920K), 0.0001884 secs] [Times: user=0.00 sys=0.00, real=0.00 secs] 
2020-11-18T11:05:58.369-0800: 14.848: [CMS-concurrent-mark-start]
2020-11-18T11:05:58.370-0800: 14.848: [Full GC (System.gc()) 2020-11-18T11:05:58.370-0800: 14.849: [CMS2020-11-18T11:05:58.372-0800: 14.851: [CMS-concurrent-mark: 0.002/0.003 secs] [Times: user=0.00 sys=0.00, real=0.01 secs] 
 (concurrent mode interrupted): 6847K->6847K(6848K), 0.0069984 secs] 7174K->7122K(9920K), [Metaspace: 4890K->4890K(139264K)], 0.0070579 secs] [Times: user=0.01 sys=0.00, real=0.00 secs] 
2020-11-18T11:05:58.378-0800: 14.857: [Full GC (System.gc()) 2020-11-18T11:05:58.378-0800: 14.857: [CMS: 6847K->6847K(6848K), 0.0037009 secs] 7177K->7125K(9920K), [Metaspace: 4890K->4890K(139264K)], 0.0037476 secs] [Times: user=0.00 sys=0.00, real=0.01 secs] 
2020-11-18T11:05:58.382-0800: 14.861: [GC (CMS Initial Mark) [1 CMS-initial-mark: 6847K(6848K)] 7125K(9920K), 0.0001927 secs] [Times: user=0.00 sys=0.00, real=0.00 secs] 
2020-11-18T11:05:58.382-0800: 14.861: [CMS-concurrent-mark-start]
2020-11-18T11:05:58.383-0800: 14.862: [Full GC (System.gc()) 2020-11-18T11:05:58.383-0800: 14.862: [CMS2020-11-18T11:05:58.385-0800: 14.863: [CMS-concurrent-mark: 0.002/0.003 secs] [Times: user=0.00 sys=0.00, real=0.00 secs] 
 (concurrent mode interrupted): 6847K->6847K(6848K), 0.0048971 secs] 7179K->7127K(9920K), [Metaspace: 4890K->4890K(139264K)], 0.0049366 secs] [Times: user=0.01 sys=0.00, real=0.00 secs] 
2020-11-18T11:05:58.390-0800: 14.868: [Full GC (System.gc()) 2020-11-18T11:05:58.390-0800: 14.868: [CMS: 6847K->6847K(6848K), 0.0032286 secs] 7181K->7129K(9920K), [Metaspace: 4890K->4890K(139264K)], 0.0032647 secs] [Times: user=0.00 sys=0.00, real=0.00 secs] 
2020-11-18T11:05:58.393-0800: 14.872: [GC (CMS Initial Mark) [1 CMS-initial-mark: 6847K(6848K)] 7129K(9920K), 0.0001683 secs] [Times: user=0.00 sys=0.00, real=0.00 secs] 
2020-11-18T11:05:58.393-0800: 14.872: [CMS-concurrent-mark-start]
2020-11-18T11:05:58.394-0800: 14.873: [Full GC (System.gc()) 2020-11-18T11:05:58.395-0800: 14.873: [CMS2020-11-18T11:05:58.396-0800: 14.875: [CMS-concurrent-mark: 0.002/0.003 secs] [Times: user=0.01 sys=0.00, real=0.00 secs] 
 (concurrent mode interrupted): 6847K->6847K(6848K), 0.0055654 secs] 7184K->7132K(9920K), [Metaspace: 4890K->4890K(139264K)], 0.0056134 secs] [Times: user=0.01 sys=0.00, real=0.01 secs] 
2020-11-18T11:05:58.401-0800: 14.880: [Full GC (System.gc()) 2020-11-18T11:05:58.401-0800: 14.880: [CMS: 6847K->6847K(6848K), 0.0039766 secs] 7186K->7134K(9920K), [Metaspace: 4890K->4890K(139264K)], 0.0040438 secs] [Times: user=0.00 sys=0.00, real=0.00 secs] 
2020-11-18T11:05:58.406-0800: 14.884: [GC (CMS Initial Mark) [1 CMS-initial-mark: 6847K(6848K)] 7134K(9920K), 0.0001675 secs] [Times: user=0.00 sys=0.00, real=0.00 secs] 
2020-11-18T11:05:58.406-0800: 14.884: [CMS-concurrent-mark-start]
2020-11-18T11:05:58.407-0800: 14.885: [Full GC (System.gc()) 2020-11-18T11:05:58.407-0800: 14.885: [CMS2020-11-18T11:05:58.409-0800: 14.887: [CMS-concurrent-mark: 0.002/0.003 secs] [Times: user=0.01 sys=0.00, real=0.00 secs] 
 (concurrent mode interrupted): 6847K->6847K(6848K), 0.0056671 secs] 7189K->7137K(9920K), [Metaspace: 4890K->4890K(139264K)], 0.0057272 secs] [Times: user=0.00 sys=0.00, real=0.01 secs] 
2020-11-18T11:05:58.414-0800: 14.892: [Full GC (System.gc()) 2020-11-18T11:05:58.414-0800: 14.892: [CMS: 6847K->6847K(6848K), 0.0038635 secs] 7191K->7139K(9920K), [Metaspace: 4890K->4890K(139264K)], 0.0039370 secs] [Times: user=0.01 sys=0.00, real=0.00 secs] 
2020-11-18T11:05:58.418-0800: 14.896: [GC (CMS Initial Mark) [1 CMS-initial-mark: 6847K(6848K)] 7139K(9920K), 0.0002208 secs] [Times: user=0.00 sys=0.00, real=0.00 secs] 
2020-11-18T11:05:58.418-0800: 14.897: [CMS-concurrent-mark-start]
2020-11-18T11:05:58.419-0800: 14.898: [Full GC (System.gc()) 2020-11-18T11:05:58.419-0800: 14.898: [CMS2020-11-18T11:05:58.421-0800: 14.900: [CMS-concurrent-mark: 0.002/0.003 secs] [Times: user=0.00 sys=0.00, real=0.01 secs] 
 (concurrent mode interrupted): 6847K->6847K(6848K), 0.0058730 secs] 7193K->7141K(9920K), [Metaspace: 4890K->4890K(139264K)], 0.0059275 secs] [Times: user=0.00 sys=0.00, real=0.01 secs] 
2020-11-18T11:05:58.427-0800: 14.905: [Full GC (System.gc()) 2020-11-18T11:05:58.427-0800: 14.905: [CMS: 6847K->6847K(6848K), 0.0041861 secs] 7196K->7144K(9920K), [Metaspace: 4890K->4890K(139264K)], 0.0042559 secs] [Times: user=0.01 sys=0.00, real=0.01 secs] 
2020-11-18T11:05:58.431-0800: 14.910: [GC (CMS Initial Mark) [1 CMS-initial-mark: 6847K(6848K)] 7144K(9920K), 0.0002286 secs] [Times: user=0.00 sys=0.00, real=0.00 secs] 
2020-11-18T11:05:58.431-0800: 14.910: [CMS-concurrent-mark-start]
2020-11-18T11:05:58.432-0800: 14.911: [Full GC (System.gc()) 2020-11-18T11:05:58.432-0800: 14.911: [CMS2020-11-18T11:05:58.434-0800: 14.913: [CMS-concurrent-mark: 0.002/0.003 secs] [Times: user=0.00 sys=0.00, real=0.00 secs] 
 (concurrent mode interrupted): 6847K->6847K(6848K), 0.0058381 secs] 7198K->7146K(9920K), [Metaspace: 4890K->4890K(139264K)], 0.0058780 secs] [Times: user=0.01 sys=0.00, real=0.00 secs] 
2020-11-18T11:05:58.440-0800: 14.918: [Full GC (System.gc()) 2020-11-18T11:05:58.440-0800: 14.918: [CMS: 6847K->6847K(6848K), 0.0040979 secs] 7201K->7149K(9920K), [Metaspace: 4890K->4890K(139264K)], 0.0041647 secs] [Times: user=0.00 sys=0.00, real=0.00 secs] 
2020-11-18T11:05:58.444-0800: 14.922: [GC (CMS Initial Mark) [1 CMS-initial-mark: 6847K(6848K)] 7149K(9920K), 0.0002213 secs] [Times: user=0.00 sys=0.00, real=0.00 secs] 
2020-11-18T11:05:58.444-0800: 14.923: [CMS-concurrent-mark-start]
2020-11-18T11:05:58.445-0800: 14.924: [Full GC (System.gc()) 2020-11-18T11:05:58.445-0800: 14.924: [CMS2020-11-18T11:05:58.447-0800: 14.926: [CMS-concurrent-mark: 0.002/0.003 secs] [Times: user=0.01 sys=0.00, real=0.00 secs] 
 (concurrent mode interrupted): 6847K->6847K(6848K), 0.0057043 secs] 7203K->7151K(9920K), [Metaspace: 4890K->4890K(139264K)], 0.0057467 secs] [Times: user=0.00 sys=0.00, real=0.01 secs] 
2020-11-18T11:05:58.453-0800: 14.931: [Full GC (System.gc()) 2020-11-18T11:05:58.453-0800: 14.931: [CMS: 6847K->6847K(6848K), 0.0041231 secs] 7205K->7153K(9920K), [Metaspace: 4890K->4890K(139264K)], 0.0041919 secs] [Times: user=0.01 sys=0.00, real=0.00 secs] 
2020-11-18T11:05:58.457-0800: 14.935: [GC (CMS Initial Mark) [1 CMS-initial-mark: 6847K(6848K)] 7153K(9920K), 0.0003051 secs] [Times: user=0.00 sys=0.00, real=0.00 secs] 
2020-11-18T11:05:58.457-0800: 14.936: [CMS-concurrent-mark-start]
2020-11-18T11:05:58.458-0800: 14.937: [Full GC (System.gc()) 2020-11-18T11:05:58.458-0800: 14.937: [CMS2020-11-18T11:05:58.460-0800: 14.939: [CMS-concurrent-mark: 0.002/0.003 secs] [Times: user=0.00 sys=0.00, real=0.01 secs] 
 (concurrent mode interrupted): 6847K->6847K(6848K), 0.0055984 secs] 7208K->7156K(9920K), [Metaspace: 4890K->4890K(139264K)], 0.0056437 secs] [Times: user=0.00 sys=0.00, real=0.01 secs] 
2020-11-18T11:05:58.465-0800: 14.944: [Full GC (System.gc()) 2020-11-18T11:05:58.465-0800: 14.944: [CMS: 6847K->6847K(6848K), 0.0040100 secs] 7210K->7158K(9920K), [Metaspace: 4890K->4890K(139264K)], 0.0040839 secs] [Times: user=0.01 sys=0.00, real=0.00 secs] 
2020-11-18T11:05:58.470-0800: 14.948: [GC (CMS Initial Mark) [1 CMS-initial-mark: 6847K(6848K)] 7158K(9920K), 0.0001816 secs] [Times: user=0.00 sys=0.00, real=0.00 secs] 
2020-11-18T11:05:58.470-0800: 14.948: [CMS-concurrent-mark-start]
2020-11-18T11:05:58.471-0800: 14.949: [Full GC (System.gc()) 2020-11-18T11:05:58.471-0800: 14.949: [CMS2020-11-18T11:05:58.473-0800: 14.951: [CMS-concurrent-mark: 0.002/0.003 secs] [Times: user=0.00 sys=0.00, real=0.00 secs] 
 (concurrent mode interrupted): 6847K->6847K(6848K), 0.0060466 secs] 7213K->7161K(9920K), [Metaspace: 4890K->4890K(139264K)], 0.0060901 secs] [Times: user=0.01 sys=0.00, real=0.00 secs] 
2020-11-18T11:05:58.478-0800: 14.957: [Full GC (System.gc()) 2020-11-18T11:05:58.478-0800: 14.957: [CMS: 6847K->6847K(6848K), 0.0040337 secs] 7215K->7163K(9920K), [Metaspace: 4890K->4890K(139264K)], 0.0041057 secs] [Times: user=0.00 sys=0.00, real=0.01 secs] 
2020-11-18T11:05:58.482-0800: 14.961: [GC (CMS Initial Mark) [1 CMS-initial-mark: 6847K(6848K)] 7163K(9920K), 0.0002171 secs] [Times: user=0.00 sys=0.00, real=0.00 secs] 
2020-11-18T11:05:58.483-0800: 14.961: [CMS-concurrent-mark-start]
2020-11-18T11:05:58.484-0800: 14.962: [Full GC (System.gc()) 2020-11-18T11:05:58.484-0800: 14.962: [CMS2020-11-18T11:05:58.486-0800: 14.964: [CMS-concurrent-mark: 0.002/0.003 secs] [Times: user=0.01 sys=0.00, real=0.00 secs] 
 (concurrent mode interrupted): 6847K->6847K(6848K), 0.0066874 secs] 7218K->7166K(9920K), [Metaspace: 4890K->4890K(139264K)], 0.0067478 secs] [Times: user=0.00 sys=0.00, real=0.01 secs] 
2020-11-18T11:05:58.492-0800: 14.970: [Full GC (System.gc()) 2020-11-18T11:05:58.492-0800: 14.970: [CMS: 6847K->6847K(6848K), 0.0048066 secs] 7220K->7168K(9920K), [Metaspace: 4890K->4890K(139264K)], 0.0048787 secs] [Times: user=0.01 sys=0.00, real=0.00 secs] 
2020-11-18T11:05:58.497-0800: 14.975: [GC (CMS Initial Mark) [1 CMS-initial-mark: 6847K(6848K)] 7168K(9920K), 0.0002546 secs] [Times: user=0.00 sys=0.00, real=0.00 secs] 
2020-11-18T11:05:58.497-0800: 14.976: [CMS-concurrent-mark-start]
2020-11-18T11:05:58.498-0800: 14.977: [Full GC (System.gc()) 2020-11-18T11:05:58.498-0800: 14.977: [CMS2020-11-18T11:05:58.500-0800: 14.979: [CMS-concurrent-mark: 0.002/0.003 secs] [Times: user=0.00 sys=0.00, real=0.01 secs] 
 (concurrent mode interrupted): 6847K->6847K(6848K), 0.0063822 secs] 7222K->7170K(9920K), [Metaspace: 4890K->4890K(139264K)], 0.0064501 secs] [Times: user=0.01 sys=0.00, real=0.01 secs] 
2020-11-18T11:05:58.506-0800: 14.985: [Full GC (System.gc()) 2020-11-18T11:05:58.506-0800: 14.985: [CMS: 6847K->6847K(6848K), 0.0049191 secs] 7225K->7173K(9920K), [Metaspace: 4890K->4890K(139264K)], 0.0050006 secs] [Times: user=0.00 sys=0.00, real=0.01 secs] 
2020-11-18T11:05:58.511-0800: 14.990: [GC (CMS Initial Mark) [1 CMS-initial-mark: 6847K(6848K)] 7173K(9920K), 0.0002240 secs] [Times: user=0.00 sys=0.00, real=0.00 secs] 
2020-11-18T11:05:58.511-0800: 14.990: [CMS-concurrent-mark-start]
2020-11-18T11:05:58.513-0800: 14.991: [Full GC (System.gc()) 2020-11-18T11:05:58.513-0800: 14.991: [CMS2020-11-18T11:05:58.515-0800: 14.993: [CMS-concurrent-mark: 0.002/0.003 secs] [Times: user=0.01 sys=0.00, real=0.00 secs] 
 (concurrent mode interrupted): 6847K->6847K(6848K), 0.0068999 secs] 7227K->7175K(9920K), [Metaspace: 4890K->4890K(139264K)], 0.0069707 secs] [Times: user=0.00 sys=0.00, real=0.01 secs] 
2020-11-18T11:05:58.521-0800: 15.000: [Full GC (System.gc()) 2020-11-18T11:05:58.521-0800: 15.000: [CMS: 6847K->6847K(6848K), 0.0043218 secs] 7230K->7178K(9920K), [Metaspace: 4890K->4890K(139264K)], 0.0043966 secs] [Times: user=0.01 sys=0.00, real=0.00 secs] 
2020-11-18T11:05:58.526-0800: 15.004: [GC (CMS Initial Mark) [1 CMS-initial-mark: 6847K(6848K)] 7178K(9920K), 0.0001814 secs] [Times: user=0.00 sys=0.00, real=0.00 secs] 
2020-11-18T11:05:58.526-0800: 15.004: [CMS-concurrent-mark-start]
2020-11-18T11:05:58.527-0800: 15.005: [Full GC (System.gc()) 2020-11-18T11:05:58.527-0800: 15.005: [CMS2020-11-18T11:05:58.529-0800: 15.007: [CMS-concurrent-mark: 0.002/0.003 secs] [Times: user=0.00 sys=0.00, real=0.00 secs] 
 (concurrent mode interrupted): 6847K->6847K(6848K), 0.0056337 secs] 7232K->7180K(9920K), [Metaspace: 4890K->4890K(139264K)], 0.0056864 secs] [Times: user=0.01 sys=0.00, real=0.01 secs] 
2020-11-18T11:05:58.534-0800: 15.012: [Full GC (System.gc()) 2020-11-18T11:05:58.534-0800: 15.012: [CMS: 6847K->6847K(6848K), 0.0037351 secs] 7234K->7182K(9920K), [Metaspace: 4890K->4890K(139264K)], 0.0037903 secs] [Times: user=0.00 sys=0.00, real=0.00 secs] 
2020-11-18T11:05:58.538-0800: 15.016: [GC (CMS Initial Mark) [1 CMS-initial-mark: 6847K(6848K)] 7182K(9920K), 0.0001901 secs] [Times: user=0.00 sys=0.00, real=0.00 secs] 
2020-11-18T11:05:58.538-0800: 15.016: [CMS-concurrent-mark-start]
2020-11-18T11:05:58.539-0800: 15.017: [Full GC (System.gc()) 2020-11-18T11:05:58.539-0800: 15.017: [CMS2020-11-18T11:05:58.541-0800: 15.019: [CMS-concurrent-mark: 0.002/0.003 secs] [Times: user=0.00 sys=0.00, real=0.01 secs] 
 (concurrent mode interrupted): 6847K->6847K(6848K), 0.0061828 secs] 7237K->7185K(9920K), [Metaspace: 4890K->4890K(139264K)], 0.0062422 secs] [Times: user=0.01 sys=0.00, real=0.01 secs] 
2020-11-18T11:05:58.546-0800: 15.025: [Full GC (System.gc()) 2020-11-18T11:05:58.547-0800: 15.025: [CMS: 6847K->6847K(6848K), 0.0043435 secs] 7239K->7187K(9920K), [Metaspace: 4890K->4890K(139264K)], 0.0044091 secs] [Times: user=0.00 sys=0.00, real=0.01 secs] 
2020-11-18T11:05:58.551-0800: 15.030: [GC (CMS Initial Mark) [1 CMS-initial-mark: 6847K(6848K)] 7187K(9920K), 0.0002069 secs] [Times: user=0.00 sys=0.00, real=0.00 secs] 
2020-11-18T11:05:58.551-0800: 15.030: [CMS-concurrent-mark-start]
2020-11-18T11:05:58.552-0800: 15.031: [Full GC (System.gc()) 2020-11-18T11:05:58.552-0800: 15.031: [CMS2020-11-18T11:05:58.554-0800: 15.033: [CMS-concurrent-mark: 0.002/0.003 secs] [Times: user=0.01 sys=0.01, real=0.00 secs] 
 (concurrent mode interrupted): 6847K->6847K(6848K), 0.0062402 secs] 7242K->7190K(9920K), [Metaspace: 4890K->4890K(139264K)], 0.0062941 secs] [Times: user=0.00 sys=0.00, real=0.00 secs] 
2020-11-18T11:05:58.560-0800: 15.039: [Full GC (System.gc()) 2020-11-18T11:05:58.560-0800: 15.039: [CMS: 6847K->6847K(6848K), 0.0044647 secs] 7244K->7192K(9920K), [Metaspace: 4890K->4890K(139264K)], 0.0045187 secs] [Times: user=0.01 sys=0.00, real=0.00 secs] 
2020-11-18T11:05:58.565-0800: 15.043: [GC (CMS Initial Mark) [1 CMS-initial-mark: 6847K(6848K)] 7192K(9920K), 0.0002476 secs] [Times: user=0.00 sys=0.00, real=0.00 secs] 
2020-11-18T11:05:58.565-0800: 15.044: [CMS-concurrent-mark-start]
2020-11-18T11:05:58.566-0800: 15.045: [Full GC (System.gc()) 2020-11-18T11:05:58.566-0800: 15.045: [CMS2020-11-18T11:05:58.568-0800: 15.047: [CMS-concurrent-mark: 0.002/0.003 secs] [Times: user=0.00 sys=0.00, real=0.00 secs] 
 (concurrent mode interrupted): 6847K->6847K(6848K), 0.0060798 secs] 7247K->7195K(9920K), [Metaspace: 4890K->4890K(139264K)], 0.0061330 secs] [Times: user=0.01 sys=0.00, real=0.01 secs] 
2020-11-18T11:05:58.574-0800: 15.052: [Full GC (System.gc()) 2020-11-18T11:05:58.574-0800: 15.052: [CMS: 6847K->6847K(6848K), 0.0040567 secs] 7249K->7197K(9920K), [Metaspace: 4890K->4890K(139264K)], 0.0041176 secs] [Times: user=0.00 sys=0.00, real=0.00 secs] 
2020-11-18T11:05:58.578-0800: 15.056: [GC (CMS Initial Mark) [1 CMS-initial-mark: 6847K(6848K)] 7197K(9920K), 0.0002039 secs] [Times: user=0.00 sys=0.00, real=0.00 secs] 
2020-11-18T11:05:58.578-0800: 15.057: [CMS-concurrent-mark-start]
2020-11-18T11:05:58.579-0800: 15.058: [Full GC (System.gc()) 2020-11-18T11:05:58.579-0800: 15.058: [CMS2020-11-18T11:05:58.581-0800: 15.060: [CMS-concurrent-mark: 0.002/0.003 secs] [Times: user=0.01 sys=0.00, real=0.01 secs] 
 (concurrent mode interrupted): 6847K->6847K(6848K), 0.0060634 secs] 7251K->7199K(9920K), [Metaspace: 4890K->4890K(139264K)], 0.0061208 secs] [Times: user=0.01 sys=0.00, real=0.01 secs] 
2020-11-18T11:05:58.586-0800: 15.065: [Full GC (System.gc()) 2020-11-18T11:05:58.587-0800: 15.065: [CMS: 6847K->6847K(6848K), 0.0040076 secs] 7254K->7202K(9920K), [Metaspace: 4890K->4890K(139264K)], 0.0040680 secs] [Times: user=0.00 sys=0.00, real=0.01 secs] 
2020-11-18T11:05:58.591-0800: 15.069: [GC (CMS Initial Mark) [1 CMS-initial-mark: 6847K(6848K)] 7202K(9920K), 0.0001976 secs] [Times: user=0.00 sys=0.00, real=0.00 secs] 
2020-11-18T11:05:58.591-0800: 15.069: [CMS-concurrent-mark-start]
2020-11-18T11:05:58.592-0800: 15.071: [Full GC (System.gc()) 2020-11-18T11:05:58.592-0800: 15.071: [CMS2020-11-18T11:05:58.594-0800: 15.072: [CMS-concurrent-mark: 0.002/0.003 secs] [Times: user=0.01 sys=0.00, real=0.00 secs] 
 (concurrent mode interrupted): 6847K->6847K(6848K), 0.0059227 secs] 7256K->7204K(9920K), [Metaspace: 4890K->4890K(139264K)], 0.0059730 secs] [Times: user=0.00 sys=0.00, real=0.00 secs] 
2020-11-18T11:05:58.599-0800: 15.078: [Full GC (System.gc()) 2020-11-18T11:05:58.599-0800: 15.078: [CMS: 6847K->6847K(6848K), 0.0039699 secs] 7259K->7207K(9920K), [Metaspace: 4890K->4890K(139264K)], 0.0040275 secs] [Times: user=0.01 sys=0.00, real=0.01 secs] 
2020-11-18T11:05:58.604-0800: 15.082: [GC (CMS Initial Mark) [1 CMS-initial-mark: 6847K(6848K)] 7207K(9920K), 0.0002178 secs] [Times: user=0.00 sys=0.00, real=0.00 secs] 
2020-11-18T11:05:58.604-0800: 15.082: [CMS-concurrent-mark-start]
2020-11-18T11:05:58.605-0800: 15.083: [Full GC (System.gc()) 2020-11-18T11:05:58.605-0800: 15.083: [CMS2020-11-18T11:05:58.607-0800: 15.085: [CMS-concurrent-mark: 0.002/0.003 secs] [Times: user=0.00 sys=0.00, real=0.00 secs] 
 (concurrent mode interrupted): 6847K->6847K(6848K), 0.0065314 secs] 7261K->7209K(9920K), [Metaspace: 4890K->4890K(139264K)], 0.0065938 secs] [Times: user=0.01 sys=0.00, real=0.01 secs] 
2020-11-18T11:05:58.613-0800: 15.091: [Full GC (System.gc()) 2020-11-18T11:05:58.613-0800: 15.091: [CMS: 6847K->6847K(6848K), 0.0040844 secs] 7263K->7211K(9920K), [Metaspace: 4890K->4890K(139264K)], 0.0041425 secs] [Times: user=0.00 sys=0.00, real=0.00 secs] 
2020-11-18T11:05:58.617-0800: 15.096: [GC (CMS Initial Mark) [1 CMS-initial-mark: 6847K(6848K)] 7211K(9920K), 0.0002476 secs] [Times: user=0.00 sys=0.00, real=0.00 secs] 
2020-11-18T11:05:58.617-0800: 15.096: [CMS-concurrent-mark-start]
2020-11-18T11:05:58.619-0800: 15.097: [Full GC (System.gc()) 2020-11-18T11:05:58.619-0800: 15.097: [CMS2020-11-18T11:05:58.620-0800: 15.099: [CMS-concurrent-mark: 0.002/0.003 secs] [Times: user=0.01 sys=0.00, real=0.01 secs] 
 (concurrent mode interrupted): 6847K->6847K(6848K), 0.0057345 secs] 7266K->7214K(9920K), [Metaspace: 4890K->4890K(139264K)], 0.0057931 secs] [Times: user=0.00 sys=0.00, real=0.01 secs] 
2020-11-18T11:05:58.626-0800: 15.105: [Full GC (System.gc()) 2020-11-18T11:05:58.626-0800: 15.105: [CMS: 6847K->6847K(6848K), 0.0041442 secs] 7268K->7216K(9920K), [Metaspace: 4890K->4890K(139264K)], 0.0042063 secs] [Times: user=0.01 sys=0.00, real=0.01 secs] 
2020-11-18T11:05:58.630-0800: 15.109: [GC (CMS Initial Mark) [1 CMS-initial-mark: 6847K(6848K)] 7216K(9920K), 0.0002012 secs] [Times: user=0.00 sys=0.00, real=0.00 secs] 
2020-11-18T11:05:58.631-0800: 15.109: [CMS-concurrent-mark-start]
2020-11-18T11:05:58.632-0800: 15.110: [Full GC (System.gc()) 2020-11-18T11:05:58.632-0800: 15.110: [CMS2020-11-18T11:05:58.634-0800: 15.112: [CMS-concurrent-mark: 0.002/0.003 secs] [Times: user=0.00 sys=0.00, real=0.00 secs] 
 (concurrent mode interrupted): 6847K->6847K(6848K), 0.0058529 secs] 7271K->7219K(9920K), [Metaspace: 4890K->4890K(139264K)], 0.0059115 secs] [Times: user=0.00 sys=0.00, real=0.00 secs] 
2020-11-18T11:05:58.639-0800: 15.118: [Full GC (System.gc()) 2020-11-18T11:05:58.639-0800: 15.118: [CMS: 6847K->6847K(6848K), 0.0040159 secs] 7273K->7221K(9920K), [Metaspace: 4890K->4890K(139264K)], 0.0040755 secs] [Times: user=0.01 sys=0.00, real=0.01 secs] 
2020-11-18T11:05:58.643-0800: 15.122: [GC (CMS Initial Mark) [1 CMS-initial-mark: 6847K(6848K)] 7221K(9920K), 0.0002084 secs] [Times: user=0.00 sys=0.00, real=0.00 secs] 
2020-11-18T11:05:58.644-0800: 15.122: [CMS-concurrent-mark-start]
2020-11-18T11:05:58.645-0800: 15.123: [Full GC (System.gc()) 2020-11-18T11:05:58.645-0800: 15.123: [CMS2020-11-18T11:05:58.647-0800: 15.125: [CMS-concurrent-mark: 0.002/0.003 secs] [Times: user=0.00 sys=0.00, real=0.00 secs] 
 (concurrent mode interrupted): 6847K->6847K(6848K), 0.0062462 secs] 7275K->7223K(9920K), [Metaspace: 4890K->4890K(139264K)], 0.0063061 secs] [Times: user=0.01 sys=0.00, real=0.01 secs] 
2020-11-18T11:05:58.652-0800: 15.131: [Full GC (System.gc()) 2020-11-18T11:05:58.652-0800: 15.131: [CMS: 6847K->6847K(6848K), 0.0043374 secs] 7278K->7226K(9920K), [Metaspace: 4890K->4890K(139264K)], 0.0044025 secs] [Times: user=0.00 sys=0.00, real=0.00 secs] 
2020-11-18T11:05:58.657-0800: 15.135: [GC (CMS Initial Mark) [1 CMS-initial-mark: 6847K(6848K)] 7226K(9920K), 0.0002211 secs] [Times: user=0.00 sys=0.00, real=0.00 secs] 
2020-11-18T11:05:58.657-0800: 15.136: [CMS-concurrent-mark-start]
2020-11-18T11:05:58.658-0800: 15.137: [Full GC (System.gc()) 2020-11-18T11:05:58.658-0800: 15.137: [CMS2020-11-18T11:05:58.660-0800: 15.138: [CMS-concurrent-mark: 0.002/0.003 secs] [Times: user=0.01 sys=0.00, real=0.01 secs] 
 (concurrent mode interrupted): 6847K->6847K(6848K), 0.0056415 secs] 7280K->7228K(9920K), [Metaspace: 4890K->4890K(139264K)], 0.0056990 secs] [Times: user=0.00 sys=0.00, real=0.01 secs] 
2020-11-18T11:05:58.665-0800: 15.144: [Full GC (System.gc()) 2020-11-18T11:05:58.665-0800: 15.144: [CMS: 6847K->6847K(6848K), 0.0041427 secs] 7283K->7231K(9920K), [Metaspace: 4890K->4890K(139264K)], 0.0042033 secs] [Times: user=0.01 sys=0.00, real=0.01 secs] 
2020-11-18T11:05:58.670-0800: 15.148: [GC (CMS Initial Mark) [1 CMS-initial-mark: 6847K(6848K)] 7231K(9920K), 0.0001952 secs] [Times: user=0.00 sys=0.00, real=0.00 secs] 
2020-11-18T11:05:58.670-0800: 15.148: [CMS-concurrent-mark-start]
2020-11-18T11:05:58.671-0800: 15.149: [Full GC (System.gc()) 2020-11-18T11:05:58.671-0800: 15.149: [CMS2020-11-18T11:05:58.673-0800: 15.151: [CMS-concurrent-mark: 0.002/0.003 secs] [Times: user=0.00 sys=0.00, real=0.00 secs] 
 (concurrent mode interrupted): 6847K->6847K(6848K), 0.0058269 secs] 7285K->7233K(9920K), [Metaspace: 4890K->4890K(139264K)], 0.0058796 secs] [Times: user=0.01 sys=0.00, real=0.00 secs] 
2020-11-18T11:05:58.678-0800: 15.157: [Full GC (System.gc()) 2020-11-18T11:05:58.678-0800: 15.157: [CMS: 6847K->6847K(6848K), 0.0037983 secs] 7288K->7236K(9920K), [Metaspace: 4890K->4890K(139264K)], 0.0038463 secs] [Times: user=0.00 sys=0.00, real=0.01 secs] 
2020-11-18T11:05:58.682-0800: 15.161: [GC (CMS Initial Mark) [1 CMS-initial-mark: 6847K(6848K)] 7236K(9920K), 0.0002124 secs] [Times: user=0.00 sys=0.00, real=0.00 secs] 
2020-11-18T11:05:58.683-0800: 15.161: [CMS-concurrent-mark-start]
2020-11-18T11:05:58.684-0800: 15.162: [Full GC (System.gc()) 2020-11-18T11:05:58.684-0800: 15.162: [CMS2020-11-18T11:05:58.685-0800: 15.164: [CMS-concurrent-mark: 0.002/0.003 secs] [Times: user=0.00 sys=0.00, real=0.00 secs] 
 (concurrent mode interrupted): 6847K->6847K(6848K), 0.0055777 secs] 7290K->7238K(9920K), [Metaspace: 4890K->4890K(139264K)], 0.0056269 secs] [Times: user=0.01 sys=0.00, real=0.00 secs] 
2020-11-18T11:05:58.691-0800: 15.169: [Full GC (System.gc()) 2020-11-18T11:05:58.691-0800: 15.169: [CMS: 6847K->6847K(6848K), 0.0038626 secs] 7292K->7240K(9920K), [Metaspace: 4890K->4890K(139264K)], 0.0039211 secs] [Times: user=0.00 sys=0.00, real=0.00 secs] 
2020-11-18T11:05:58.695-0800: 15.173: [GC (CMS Initial Mark) [1 CMS-initial-mark: 6847K(6848K)] 7240K(9920K), 0.0002171 secs] [Times: user=0.00 sys=0.00, real=0.00 secs] 
2020-11-18T11:05:58.695-0800: 15.173: [CMS-concurrent-mark-start]
2020-11-18T11:05:58.696-0800: 15.174: [Full GC (System.gc()) 2020-11-18T11:05:58.696-0800: 15.174: [CMS2020-11-18T11:05:58.698-0800: 15.176: [CMS-concurrent-mark: 0.002/0.003 secs] [Times: user=0.01 sys=0.00, real=0.00 secs] 
 (concurrent mode interrupted): 6847K->6847K(6848K), 0.0057838 secs] 7295K->7243K(9920K), [Metaspace: 4890K->4890K(139264K)], 0.0058289 secs] [Times: user=0.01 sys=0.00, real=0.01 secs] 
2020-11-18T11:05:58.703-0800: 15.181: [Full GC (System.gc()) 2020-11-18T11:05:58.703-0800: 15.181: [CMS: 6847K->6847K(6848K), 0.0033580 secs] 7297K->7245K(9920K), [Metaspace: 4890K->4890K(139264K)], 0.0034004 secs] [Times: user=0.00 sys=0.00, real=0.00 secs] 
2020-11-18T11:05:58.706-0800: 15.185: [GC (CMS Initial Mark) [1 CMS-initial-mark: 6847K(6848K)] 7245K(9920K), 0.0002006 secs] [Times: user=0.00 sys=0.00, real=0.00 secs] 
2020-11-18T11:05:58.707-0800: 15.185: [CMS-concurrent-mark-start]
2020-11-18T11:05:58.708-0800: 15.186: [Full GC (System.gc()) 2020-11-18T11:05:58.708-0800: 15.186: [CMS2020-11-18T11:05:58.709-0800: 15.188: [CMS-concurrent-mark: 0.001/0.003 secs] [Times: user=0.01 sys=0.00, real=0.00 secs] 
 (concurrent mode interrupted): 6847K->6847K(6848K), 0.0048059 secs] 7300K->7248K(9920K), [Metaspace: 4890K->4890K(139264K)], 0.0048472 secs] [Times: user=0.00 sys=0.00, real=0.01 secs] 
2020-11-18T11:05:58.714-0800: 15.192: [Full GC (System.gc()) 2020-11-18T11:05:58.714-0800: 15.192: [CMS: 6847K->6847K(6848K), 0.0032992 secs] 7302K->7250K(9920K), [Metaspace: 4890K->4890K(139264K)], 0.0033397 secs] [Times: user=0.01 sys=0.00, real=0.00 secs] 
2020-11-18T11:05:58.717-0800: 15.196: [GC (CMS Initial Mark) [1 CMS-initial-mark: 6847K(6848K)] 7250K(9920K), 0.0001982 secs] [Times: user=0.00 sys=0.00, real=0.00 secs] 
2020-11-18T11:05:58.718-0800: 15.196: [CMS-concurrent-mark-start]
2020-11-18T11:05:58.719-0800: 15.197: [Full GC (System.gc()) 2020-11-18T11:05:58.719-0800: 15.197: [CMS2020-11-18T11:05:58.720-0800: 15.199: [CMS-concurrent-mark: 0.002/0.003 secs] [Times: user=0.00 sys=0.00, real=0.01 secs] 
 (concurrent mode interrupted): 6847K->6847K(6848K), 0.0049874 secs] 7304K->7252K(9920K), [Metaspace: 4890K->4890K(139264K)], 0.0050301 secs] [Times: user=0.00 sys=0.00, real=0.01 secs] 
2020-11-18T11:05:58.725-0800: 15.204: [Full GC (System.gc()) 2020-11-18T11:05:58.725-0800: 15.204: [CMS: 6847K->6847K(6848K), 0.0037044 secs] 7307K->7255K(9920K), [Metaspace: 4890K->4890K(139264K)], 0.0037610 secs] [Times: user=0.01 sys=0.00, real=0.00 secs] 
2020-11-18T11:05:58.729-0800: 15.207: [GC (CMS Initial Mark) [1 CMS-initial-mark: 6847K(6848K)] 7255K(9920K), 0.0002239 secs] [Times: user=0.00 sys=0.00, real=0.00 secs] 
2020-11-18T11:05:58.729-0800: 15.208: [CMS-concurrent-mark-start]
2020-11-18T11:05:58.730-0800: 15.209: [Full GC (System.gc()) 2020-11-18T11:05:58.730-0800: 15.209: [CMS2020-11-18T11:05:58.732-0800: 15.210: [CMS-concurrent-mark: 0.001/0.003 secs] [Times: user=0.00 sys=0.00, real=0.01 secs] 
 (concurrent mode interrupted): 6847K->6847K(6848K), 0.0054894 secs] 7309K->7257K(9920K), [Metaspace: 4890K->4890K(139264K)], 0.0055434 secs] [Times: user=0.01 sys=0.00, real=0.00 secs] 
2020-11-18T11:05:58.737-0800: 15.216: [Full GC (System.gc()) 2020-11-18T11:05:58.737-0800: 15.216: [CMS: 6847K->6847K(6848K), 0.0038126 secs] 7312K->7260K(9920K), [Metaspace: 4890K->4890K(139264K)], 0.0038624 secs] [Times: user=0.00 sys=0.00, real=0.01 secs] 
2020-11-18T11:05:58.741-0800: 15.220: [GC (CMS Initial Mark) [1 CMS-initial-mark: 6847K(6848K)] 7260K(9920K), 0.0002153 secs] [Times: user=0.00 sys=0.00, real=0.00 secs] 
2020-11-18T11:05:58.741-0800: 15.220: [CMS-concurrent-mark-start]
2020-11-18T11:05:58.742-0800: 15.221: [Full GC (System.gc()) 2020-11-18T11:05:58.742-0800: 15.221: [CMS2020-11-18T11:05:58.744-0800: 15.222: [CMS-concurrent-mark: 0.002/0.003 secs] [Times: user=0.00 sys=0.00, real=0.00 secs] 
 (concurrent mode interrupted): 6847K->6847K(6848K), 0.0052475 secs] 7314K->7262K(9920K), [Metaspace: 4890K->4890K(139264K)], 0.0053042 secs] [Times: user=0.01 sys=0.00, real=0.00 secs] 
2020-11-18T11:05:58.749-0800: 15.227: [Full GC (System.gc()) 2020-11-18T11:05:58.749-0800: 15.228: [CMS: 6847K->6847K(6848K), 0.0035138 secs] 7317K->7265K(9920K), [Metaspace: 4890K->4890K(139264K)], 0.0035670 secs] [Times: user=0.00 sys=0.00, real=0.01 secs] 
2020-11-18T11:05:58.753-0800: 15.231: [GC (CMS Initial Mark) [1 CMS-initial-mark: 6847K(6848K)] 7265K(9920K), 0.0002617 secs] [Times: user=0.00 sys=0.00, real=0.00 secs] 
2020-11-18T11:05:58.753-0800: 15.231: [CMS-concurrent-mark-start]
2020-11-18T11:05:58.754-0800: 15.233: [Full GC (System.gc()) 2020-11-18T11:05:58.754-0800: 15.233: [CMS2020-11-18T11:05:58.756-0800: 15.234: [CMS-concurrent-mark: 0.002/0.003 secs] [Times: user=0.01 sys=0.00, real=0.00 secs] 
 (concurrent mode interrupted): 6847K->6847K(6848K), 0.0050929 secs] 7319K->7267K(9920K), [Metaspace: 4890K->4890K(139264K)], 0.0051305 secs] [Times: user=0.01 sys=0.00, real=0.00 secs] 
2020-11-18T11:05:58.761-0800: 15.239: [Full GC (System.gc()) 2020-11-18T11:05:58.761-0800: 15.239: [CMS: 6847K->6847K(6848K), 0.0033509 secs] 7321K->7269K(9920K), [Metaspace: 4890K->4890K(139264K)], 0.0033931 secs] [Times: user=0.00 sys=0.00, real=0.00 secs] 
2020-11-18T11:05:58.764-0800: 15.243: [GC (CMS Initial Mark) [1 CMS-initial-mark: 6847K(6848K)] 7269K(9920K), 0.0001843 secs] [Times: user=0.00 sys=0.00, real=0.00 secs] 
2020-11-18T11:05:58.764-0800: 15.243: [CMS-concurrent-mark-start]
2020-11-18T11:05:58.765-0800: 15.244: [Full GC (System.gc()) 2020-11-18T11:05:58.765-0800: 15.244: [CMS2020-11-18T11:05:58.767-0800: 15.245: [CMS-concurrent-mark: 0.001/0.003 secs] [Times: user=0.01 sys=0.00, real=0.00 secs] 
 (concurrent mode interrupted): 6847K->6847K(6848K), 0.0052388 secs] 7324K->7272K(9920K), [Metaspace: 4890K->4890K(139264K)], 0.0052842 secs] [Times: user=0.00 sys=0.00, real=0.01 secs] 
2020-11-18T11:05:58.772-0800: 15.251: [Full GC (System.gc()) 2020-11-18T11:05:58.772-0800: 15.251: [CMS: 6847K->6847K(6848K), 0.0034434 secs] 7326K->7274K(9920K), [Metaspace: 4890K->4890K(139264K)], 0.0034854 secs] [Times: user=0.00 sys=0.00, real=0.00 secs] 
2020-11-18T11:05:58.776-0800: 15.254: [GC (CMS Initial Mark) [1 CMS-initial-mark: 6847K(6848K)] 7274K(9920K), 0.0001897 secs] [Times: user=0.00 sys=0.00, real=0.00 secs] 
2020-11-18T11:05:58.776-0800: 15.254: [CMS-concurrent-mark-start]
2020-11-18T11:05:58.777-0800: 15.255: [Full GC (System.gc()) 2020-11-18T11:05:58.777-0800: 15.255: [CMS2020-11-18T11:05:58.779-0800: 15.257: [CMS-concurrent-mark: 0.002/0.003 secs] [Times: user=0.01 sys=0.00, real=0.00 secs] 
 (concurrent mode interrupted): 6847K->6847K(6848K), 0.0054274 secs] 7329K->7277K(9920K), [Metaspace: 4890K->4890K(139264K)], 0.0054699 secs] [Times: user=0.00 sys=0.00, real=0.01 secs] 
2020-11-18T11:05:58.784-0800: 15.262: [Full GC (System.gc()) 2020-11-18T11:05:58.784-0800: 15.262: [CMS: 6847K->6847K(6848K), 0.0040507 secs] 7331K->7279K(9920K), [Metaspace: 4890K->4890K(139264K)], 0.0041214 secs] [Times: user=0.01 sys=0.00, real=0.00 secs] 
2020-11-18T11:05:58.788-0800: 15.267: [GC (CMS Initial Mark) [1 CMS-initial-mark: 6847K(6848K)] 7279K(9920K), 0.0002095 secs] [Times: user=0.00 sys=0.01, real=0.00 secs] 
2020-11-18T11:05:58.788-0800: 15.267: [CMS-concurrent-mark-start]
2020-11-18T11:05:58.789-0800: 15.268: [Full GC (System.gc()) 2020-11-18T11:05:58.789-0800: 15.268: [CMS2020-11-18T11:05:58.791-0800: 15.270: [CMS-concurrent-mark: 0.002/0.003 secs] [Times: user=0.00 sys=0.00, real=0.01 secs] 
 (concurrent mode interrupted): 6847K->6847K(6848K), 0.0060829 secs] 7333K->7281K(9920K), [Metaspace: 4890K->4890K(139264K)], 0.0061383 secs] [Times: user=0.01 sys=0.00, real=0.01 secs] 
2020-11-18T11:05:58.797-0800: 15.276: [Full GC (System.gc()) 2020-11-18T11:05:58.797-0800: 15.276: [CMS: 6847K->6847K(6848K), 0.0040135 secs] 7336K->7284K(9920K), [Metaspace: 4890K->4890K(139264K)], 0.0040887 secs] [Times: user=0.00 sys=0.00, real=0.01 secs] 
2020-11-18T11:05:58.801-0800: 15.280: [GC (CMS Initial Mark) [1 CMS-initial-mark: 6847K(6848K)] 7284K(9920K), 0.0001829 secs] [Times: user=0.00 sys=0.00, real=0.00 secs] 
2020-11-18T11:05:58.801-0800: 15.280: [CMS-concurrent-mark-start]
2020-11-18T11:05:58.803-0800: 15.281: [Full GC (System.gc()) 2020-11-18T11:05:58.803-0800: 15.281: [CMS2020-11-18T11:05:58.804-0800: 15.283: [CMS-concurrent-mark: 0.002/0.003 secs] [Times: user=0.01 sys=0.00, real=0.00 secs] 
 (concurrent mode interrupted): 6847K->6847K(6848K), 0.0054451 secs] 7338K->7286K(9920K), [Metaspace: 4890K->4890K(139264K)], 0.0054926 secs] [Times: user=0.01 sys=0.00, real=0.00 secs] 
2020-11-18T11:05:58.809-0800: 15.288: [Full GC (System.gc()) 2020-11-18T11:05:58.809-0800: 15.288: [CMS: 6847K->6847K(6848K), 0.0037592 secs] 7341K->7289K(9920K), [Metaspace: 4890K->4890K(139264K)], 0.0038080 secs] [Times: user=0.00 sys=0.00, real=0.01 secs] 
2020-11-18T11:05:58.813-0800: 15.292: [GC (CMS Initial Mark) [1 CMS-initial-mark: 6847K(6848K)] 7289K(9920K), 0.0001936 secs] [Times: user=0.00 sys=0.00, real=0.00 secs] 
2020-11-18T11:05:58.814-0800: 15.292: [CMS-concurrent-mark-start]
2020-11-18T11:05:58.815-0800: 15.293: [Full GC (System.gc()) 2020-11-18T11:05:58.815-0800: 15.293: [CMS2020-11-18T11:05:58.816-0800: 15.295: [CMS-concurrent-mark: 0.002/0.003 secs] [Times: user=0.01 sys=0.00, real=0.00 secs] 
 (concurrent mode interrupted): 6847K->6847K(6848K), 0.0058815 secs] 7343K->7291K(9920K), [Metaspace: 4890K->4890K(139264K)], 0.0059393 secs] [Times: user=0.00 sys=0.00, real=0.01 secs] 
2020-11-18T11:05:58.822-0800: 15.301: [Full GC (System.gc()) 2020-11-18T11:05:58.822-0800: 15.301: [CMS: 6847K->6847K(6848K), 0.0039757 secs] 7345K->7294K(9920K), [Metaspace: 4890K->4890K(139264K)], 0.0040472 secs] [Times: user=0.01 sys=0.00, real=0.00 secs] 
2020-11-18T11:05:58.826-0800: 15.305: [GC (CMS Initial Mark) [1 CMS-initial-mark: 6847K(6848K)] 7294K(9920K), 0.0002152 secs] [Times: user=0.00 sys=0.00, real=0.00 secs] 
2020-11-18T11:05:58.826-0800: 15.305: [CMS-concurrent-mark-start]
2020-11-18T11:05:58.828-0800: 15.306: [Full GC (System.gc()) 2020-11-18T11:05:58.828-0800: 15.306: [CMS2020-11-18T11:05:58.830-0800: 15.308: [CMS-concurrent-mark: 0.002/0.003 secs] [Times: user=0.00 sys=0.00, real=0.01 secs] 
 (concurrent mode interrupted): 6847K->6847K(6848K), 0.0058318 secs] 7348K->7296K(9920K), [Metaspace: 4890K->4890K(139264K)], 0.0058795 secs] [Times: user=0.01 sys=0.00, real=0.01 secs] 
2020-11-18T11:05:58.835-0800: 15.313: [Full GC (System.gc()) 2020-11-18T11:05:58.835-0800: 15.314: [CMS: 6847K->6847K(6848K), 0.0040111 secs] 7350K->7298K(9920K), [Metaspace: 4890K->4890K(139264K)], 0.0040814 secs] [Times: user=0.00 sys=0.00, real=0.00 secs] 
2020-11-18T11:05:58.839-0800: 15.318: [GC (CMS Initial Mark) [1 CMS-initial-mark: 6847K(6848K)] 7298K(9920K), 0.0001867 secs] [Times: user=0.00 sys=0.00, real=0.00 secs] 
2020-11-18T11:05:58.839-0800: 15.318: [CMS-concurrent-mark-start]
2020-11-18T11:05:58.841-0800: 15.319: [Full GC (System.gc()) 2020-11-18T11:05:58.841-0800: 15.319: [CMS2020-11-18T11:05:58.842-0800: 15.321: [CMS-concurrent-mark: 0.002/0.003 secs] [Times: user=0.01 sys=0.00, real=0.01 secs] 
 (concurrent mode interrupted): 6847K->6847K(6848K), 0.0059247 secs] 7353K->7301K(9920K), [Metaspace: 4890K->4890K(139264K)], 0.0059748 secs] [Times: user=0.01 sys=0.00, real=0.00 secs] 
2020-11-18T11:05:58.848-0800: 15.326: [Full GC (System.gc()) 2020-11-18T11:05:58.848-0800: 15.326: [CMS: 6847K->6847K(6848K), 0.0040140 secs] 7355K->7303K(9920K), [Metaspace: 4890K->4890K(139264K)], 0.0040777 secs] [Times: user=0.00 sys=0.00, real=0.01 secs] 
2020-11-18T11:05:58.852-0800: 15.330: [GC (CMS Initial Mark) [1 CMS-initial-mark: 6847K(6848K)] 7303K(9920K), 0.0002373 secs] [Times: user=0.00 sys=0.00, real=0.00 secs] 
2020-11-18T11:05:58.852-0800: 15.331: [CMS-concurrent-mark-start]
2020-11-18T11:05:58.853-0800: 15.332: [Full GC (System.gc()) 2020-11-18T11:05:58.853-0800: 15.332: [CMS2020-11-18T11:05:58.855-0800: 15.334: [CMS-concurrent-mark: 0.002/0.003 secs] [Times: user=0.01 sys=0.00, real=0.00 secs] 
 (concurrent mode interrupted): 6847K->6847K(6848K), 0.0058730 secs] 7358K->7306K(9920K), [Metaspace: 4890K->4890K(139264K)], 0.0059213 secs] [Times: user=0.00 sys=0.00, real=0.00 secs] 
2020-11-18T11:05:58.861-0800: 15.339: [Full GC (System.gc()) 2020-11-18T11:05:58.861-0800: 15.339: [CMS: 6847K->6847K(6848K), 0.0040678 secs] 7360K->7308K(9920K), [Metaspace: 4890K->4890K(139264K)], 0.0041362 secs] [Times: user=0.01 sys=0.00, real=0.00 secs] 
2020-11-18T11:05:58.865-0800: 15.343: [GC (CMS Initial Mark) [1 CMS-initial-mark: 6847K(6848K)] 7308K(9920K), 0.0001998 secs] [Times: user=0.00 sys=0.00, real=0.00 secs] 
2020-11-18T11:05:58.865-0800: 15.343: [CMS-concurrent-mark-start]
2020-11-18T11:05:58.866-0800: 15.345: [Full GC (System.gc()) 2020-11-18T11:05:58.866-0800: 15.345: [CMS2020-11-18T11:05:58.868-0800: 15.346: [CMS-concurrent-mark: 0.002/0.003 secs] [Times: user=0.00 sys=0.00, real=0.00 secs] 
 (concurrent mode interrupted): 6847K->6847K(6848K), 0.0052273 secs] 7362K->7310K(9920K), [Metaspace: 4890K->4890K(139264K)], 0.0052739 secs] [Times: user=0.01 sys=0.00, real=0.01 secs] 
2020-11-18T11:05:58.873-0800: 15.351: [Full GC (System.gc()) 2020-11-18T11:05:58.873-0800: 15.351: [CMS: 6847K->6847K(6848K), 0.0035030 secs] 7365K->7313K(9920K), [Metaspace: 4890K->4890K(139264K)], 0.0035488 secs] [Times: user=0.00 sys=0.00, real=0.00 secs] 
2020-11-18T11:05:58.876-0800: 15.355: [GC (CMS Initial Mark) [1 CMS-initial-mark: 6847K(6848K)] 7313K(9920K), 0.0001720 secs] [Times: user=0.00 sys=0.00, real=0.00 secs] 
2020-11-18T11:05:58.877-0800: 15.355: [CMS-concurrent-mark-start]
2020-11-18T11:05:58.878-0800: 15.356: [Full GC (System.gc()) 2020-11-18T11:05:58.878-0800: 15.356: [CMS2020-11-18T11:05:58.880-0800: 15.358: [CMS-concurrent-mark: 0.002/0.003 secs] [Times: user=0.00 sys=0.00, real=0.01 secs] 
 (concurrent mode interrupted): 6847K->6847K(6848K), 0.0052367 secs] 7367K->7315K(9920K), [Metaspace: 4890K->4890K(139264K)], 0.0052829 secs] [Times: user=0.01 sys=0.00, real=0.01 secs] 
2020-11-18T11:05:58.884-0800: 15.363: [Full GC (System.gc()) 2020-11-18T11:05:58.884-0800: 15.363: [CMS: 6847K->6847K(6848K), 0.0032796 secs] 7370K->7318K(9920K), [Metaspace: 4890K->4890K(139264K)], 0.0033164 secs] [Times: user=0.00 sys=0.00, real=0.00 secs] 
2020-11-18T11:05:58.888-0800: 15.366: [GC (CMS Initial Mark) [1 CMS-initial-mark: 6847K(6848K)] 7318K(9920K), 0.0001794 secs] [Times: user=0.00 sys=0.00, real=0.00 secs] 
2020-11-18T11:05:58.888-0800: 15.366: [CMS-concurrent-mark-start]
2020-11-18T11:05:58.889-0800: 15.368: [Full GC (System.gc()) 2020-11-18T11:05:58.889-0800: 15.368: [CMS2020-11-18T11:05:58.891-0800: 15.369: [CMS-concurrent-mark: 0.001/0.003 secs] [Times: user=0.00 sys=0.00, real=0.01 secs] 
 (concurrent mode interrupted): 6847K->6847K(6848K), 0.0047081 secs] 7372K->7320K(9920K), [Metaspace: 4890K->4890K(139264K)], 0.0047440 secs] [Times: user=0.01 sys=0.00, real=0.01 secs] 
2020-11-18T11:05:58.895-0800: 15.374: [Full GC (System.gc()) 2020-11-18T11:05:58.895-0800: 15.374: [CMS: 6847K->6847K(6848K), 0.0030062 secs] 7374K->7322K(9920K), [Metaspace: 4890K->4890K(139264K)], 0.0030432 secs] [Times: user=0.00 sys=0.00, real=0.00 secs] 
2020-11-18T11:05:58.898-0800: 15.377: [GC (CMS Initial Mark) [1 CMS-initial-mark: 6847K(6848K)] 7322K(9920K), 0.0001668 secs] [Times: user=0.00 sys=0.00, real=0.00 secs] 
2020-11-18T11:05:58.898-0800: 15.377: [CMS-concurrent-mark-start]
2020-11-18T11:05:58.899-0800: 15.378: [Full GC (System.gc()) 2020-11-18T11:05:58.899-0800: 15.378: [CMS2020-11-18T11:05:58.901-0800: 15.380: [CMS-concurrent-mark: 0.002/0.003 secs] [Times: user=0.01 sys=0.00, real=0.01 secs] 
 (concurrent mode interrupted): 6847K->6847K(6848K), 0.0047300 secs] 7377K->7325K(9920K), [Metaspace: 4890K->4890K(139264K)], 0.0047667 secs] [Times: user=0.01 sys=0.00, real=0.01 secs] 
2020-11-18T11:05:58.906-0800: 15.384: [Full GC (System.gc()) 2020-11-18T11:05:58.906-0800: 15.384: [CMS: 6847K->6847K(6848K), 0.0038974 secs] 7379K->7327K(9920K), [Metaspace: 4890K->4890K(139264K)], 0.0039682 secs] [Times: user=0.00 sys=0.00, real=0.01 secs] 
2020-11-18T11:05:58.910-0800: 15.388: [GC (CMS Initial Mark) [1 CMS-initial-mark: 6847K(6848K)] 7327K(9920K), 0.0001852 secs] [Times: user=0.00 sys=0.00, real=0.00 secs] 
2020-11-18T11:05:58.910-0800: 15.388: [CMS-concurrent-mark-start]
2020-11-18T11:05:58.911-0800: 15.389: [Full GC (System.gc()) 2020-11-18T11:05:58.911-0800: 15.389: [CMS2020-11-18T11:05:58.913-0800: 15.391: [CMS-concurrent-mark: 0.002/0.003 secs] [Times: user=0.01 sys=0.00, real=0.00 secs] 
 (concurrent mode interrupted): 6847K->6847K(6848K), 0.0056179 secs] 7382K->7330K(9920K), [Metaspace: 4890K->4890K(139264K)], 0.0056611 secs] [Times: user=0.00 sys=0.00, real=0.00 secs] 
2020-11-18T11:05:58.918-0800: 15.397: [Full GC (System.gc()) 2020-11-18T11:05:58.918-0800: 15.397: [CMS: 6847K->6847K(6848K), 0.0039195 secs] 7384K->7332K(9920K), [Metaspace: 4890K->4890K(139264K)], 0.0040289 secs] [Times: user=0.01 sys=0.00, real=0.01 secs] 
2020-11-18T11:05:58.922-0800: 15.401: [GC (CMS Initial Mark) [1 CMS-initial-mark: 6847K(6848K)] 7332K(9920K), 0.0002216 secs] [Times: user=0.00 sys=0.00, real=0.00 secs] 
2020-11-18T11:05:58.922-0800: 15.401: [CMS-concurrent-mark-start]
2020-11-18T11:05:58.924-0800: 15.402: [Full GC (System.gc()) 2020-11-18T11:05:58.924-0800: 15.402: [CMS2020-11-18T11:05:58.925-0800: 15.404: [CMS-concurrent-mark: 0.001/0.003 secs] [Times: user=0.00 sys=0.00, real=0.00 secs] 
 (concurrent mode interrupted): 6847K->6847K(6848K), 0.0049616 secs] 7387K->7335K(9920K), [Metaspace: 4890K->4890K(139264K)], 0.0050087 secs] [Times: user=0.00 sys=0.00, real=0.00 secs] 
2020-11-18T11:05:58.930-0800: 15.408: [Full GC (System.gc()) 2020-11-18T11:05:58.930-0800: 15.408: [CMS: 6847K->6847K(6848K), 0.0038968 secs] 7389K->7337K(9920K), [Metaspace: 4890K->4890K(139264K)], 0.0039639 secs] [Times: user=0.01 sys=0.00, real=0.00 secs] 
2020-11-18T11:05:58.934-0800: 15.412: [GC (CMS Initial Mark) [1 CMS-initial-mark: 6847K(6848K)] 7337K(9920K), 0.0001875 secs] [Times: user=0.00 sys=0.00, real=0.00 secs] 
2020-11-18T11:05:58.934-0800: 15.413: [CMS-concurrent-mark-start]
2020-11-18T11:05:58.935-0800: 15.414: [Full GC (System.gc()) 2020-11-18T11:05:58.935-0800: 15.414: [CMS2020-11-18T11:05:58.937-0800: 15.415: [CMS-concurrent-mark: 0.002/0.003 secs] [Times: user=0.00 sys=0.00, real=0.00 secs] 
 (concurrent mode interrupted): 6847K->6847K(6848K), 0.0056970 secs] 7391K->7339K(9920K), [Metaspace: 4890K->4890K(139264K)], 0.0057491 secs] [Times: user=0.01 sys=0.00, real=0.01 secs] 
2020-11-18T11:05:58.942-0800: 15.421: [Full GC (System.gc()) 2020-11-18T11:05:58.942-0800: 15.421: [CMS: 6847K->6847K(6848K), 0.0043320 secs] 7394K->7342K(9920K), [Metaspace: 4890K->4890K(139264K)], 0.0044019 secs] [Times: user=0.00 sys=0.00, real=0.00 secs] 
2020-11-18T11:05:58.947-0800: 15.425: [GC (CMS Initial Mark) [1 CMS-initial-mark: 6847K(6848K)] 7342K(9920K), 0.0001963 secs] [Times: user=0.00 sys=0.00, real=0.00 secs] 
2020-11-18T11:05:58.947-0800: 15.426: [CMS-concurrent-mark-start]
2020-11-18T11:05:58.948-0800: 15.427: [Full GC (System.gc()) 2020-11-18T11:05:58.948-0800: 15.427: [CMS2020-11-18T11:05:58.950-0800: 15.428: [CMS-concurrent-mark: 0.002/0.003 secs] [Times: user=0.01 sys=0.00, real=0.01 secs] 
 (concurrent mode interrupted): 6847K->6847K(6848K), 0.0058788 secs] 7396K->7344K(9920K), [Metaspace: 4890K->4890K(139264K)], 0.0059379 secs] [Times: user=0.01 sys=0.00, real=0.01 secs] 
2020-11-18T11:05:58.956-0800: 15.434: [Full GC (System.gc()) 2020-11-18T11:05:58.956-0800: 15.434: [CMS: 6847K->6847K(6848K), 0.0043412 secs] 7399K->7347K(9920K), [Metaspace: 4890K->4890K(139264K)], 0.0044027 secs] [Times: user=0.00 sys=0.00, real=0.01 secs] 
2020-11-18T11:05:58.960-0800: 15.439: [GC (CMS Initial Mark) [1 CMS-initial-mark: 6847K(6848K)] 7347K(9920K), 0.0001924 secs] [Times: user=0.00 sys=0.00, real=0.00 secs] 
2020-11-18T11:05:58.960-0800: 15.439: [CMS-concurrent-mark-start]
2020-11-18T11:05:58.962-0800: 15.440: [Full GC (System.gc()) 2020-11-18T11:05:58.962-0800: 15.440: [CMS2020-11-18T11:05:58.964-0800: 15.442: [CMS-concurrent-mark: 0.002/0.003 secs] [Times: user=0.01 sys=0.00, real=0.00 secs] 
 (concurrent mode interrupted): 6847K->6847K(6848K), 0.0059951 secs] 7401K->7349K(9920K), [Metaspace: 4890K->4890K(139264K)], 0.0060477 secs] [Times: user=0.00 sys=0.00, real=0.00 secs] 
2020-11-18T11:05:58.969-0800: 15.447: [Full GC (System.gc()) 2020-11-18T11:05:58.969-0800: 15.447: [CMS: 6847K->6847K(6848K), 0.0035308 secs] 7403K->7351K(9920K), [Metaspace: 4890K->4890K(139264K)], 0.0035739 secs] [Times: user=0.01 sys=0.00, real=0.01 secs] 
2020-11-18T11:05:58.973-0800: 15.451: [GC (CMS Initial Mark) [1 CMS-initial-mark: 6847K(6848K)] 7351K(9920K), 0.0001846 secs] [Times: user=0.00 sys=0.00, real=0.00 secs] 
2020-11-18T11:05:58.973-0800: 15.451: [CMS-concurrent-mark-start]
2020-11-18T11:05:58.974-0800: 15.452: [Full GC (System.gc()) 2020-11-18T11:05:58.974-0800: 15.452: [CMS2020-11-18T11:05:58.976-0800: 15.454: [CMS-concurrent-mark: 0.002/0.003 secs] [Times: user=0.00 sys=0.00, real=0.00 secs] 
 (concurrent mode interrupted): 6847K->6847K(6848K), 0.0057443 secs] 7406K->7354K(9920K), [Metaspace: 4890K->4890K(139264K)], 0.0057888 secs] [Times: user=0.01 sys=0.00, real=0.00 secs] 
2020-11-18T11:05:58.981-0800: 15.459: [Full GC (System.gc()) 2020-11-18T11:05:58.981-0800: 15.459: [CMS: 6847K->6847K(6848K), 0.0035504 secs] 7408K->7356K(9920K), [Metaspace: 4890K->4890K(139264K)], 0.0035991 secs] [Times: user=0.00 sys=0.00, real=0.00 secs] 
2020-11-18T11:05:58.984-0800: 15.463: [GC (CMS Initial Mark) [1 CMS-initial-mark: 6847K(6848K)] 7356K(9920K), 0.0001794 secs] [Times: user=0.00 sys=0.00, real=0.00 secs] 
2020-11-18T11:05:58.985-0800: 15.463: [CMS-concurrent-mark-start]
2020-11-18T11:05:58.986-0800: 15.464: [Full GC (System.gc()) 2020-11-18T11:05:58.986-0800: 15.464: [CMS2020-11-18T11:05:58.987-0800: 15.466: [CMS-concurrent-mark: 0.002/0.003 secs] [Times: user=0.00 sys=0.00, real=0.00 secs] 
 (concurrent mode interrupted): 6847K->6847K(6848K), 0.0051900 secs] 7411K->7359K(9920K), [Metaspace: 4890K->4890K(139264K)], 0.0052300 secs] [Times: user=0.01 sys=0.00, real=0.01 secs] 
2020-11-18T11:05:58.992-0800: 15.471: [Full GC (System.gc()) 2020-11-18T11:05:58.992-0800: 15.471: [CMS: 6847K->6847K(6848K), 0.0032601 secs] 7413K->7361K(9920K), [Metaspace: 4890K->4890K(139264K)], 0.0032987 secs] [Times: user=0.00 sys=0.00, real=0.00 secs] 
2020-11-18T11:05:58.996-0800: 15.474: [GC (CMS Initial Mark) [1 CMS-initial-mark: 6847K(6848K)] 7361K(9920K), 0.0001625 secs] [Times: user=0.00 sys=0.00, real=0.00 secs] 
2020-11-18T11:05:58.996-0800: 15.474: [CMS-concurrent-mark-start]
2020-11-18T11:05:58.997-0800: 15.475: [Full GC (System.gc()) 2020-11-18T11:05:58.997-0800: 15.475: [CMS2020-11-18T11:05:58.999-0800: 15.477: [CMS-concurrent-mark: 0.002/0.003 secs] [Times: user=0.01 sys=0.00, real=0.00 secs] 
 (concurrent mode interrupted): 6847K->6847K(6848K), 0.0050347 secs] 7415K->7364K(9920K), [Metaspace: 4890K->4890K(139264K)], 0.0050713 secs] [Times: user=0.01 sys=0.00, real=0.01 secs] 
2020-11-18T11:05:59.003-0800: 15.482: [Full GC (System.gc()) 2020-11-18T11:05:59.003-0800: 15.482: [CMS: 6847K->6847K(6848K), 0.0032295 secs] 7418K->7366K(9920K), [Metaspace: 4890K->4890K(139264K)], 0.0032742 secs] [Times: user=0.00 sys=0.00, real=0.00 secs] 
2020-11-18T11:05:59.007-0800: 15.485: [GC (CMS Initial Mark) [1 CMS-initial-mark: 6847K(6848K)] 7366K(9920K), 0.0002266 secs] [Times: user=0.00 sys=0.00, real=0.00 secs] 
2020-11-18T11:05:59.007-0800: 15.485: [CMS-concurrent-mark-start]
2020-11-18T11:05:59.008-0800: 15.486: [Full GC (System.gc()) 2020-11-18T11:05:59.008-0800: 15.486: [CMS2020-11-18T11:05:59.010-0800: 15.488: [CMS-concurrent-mark: 0.002/0.003 secs] [Times: user=0.01 sys=0.00, real=0.01 secs] 
 (concurrent mode interrupted): 6847K->6847K(6848K), 0.0054823 secs] 7420K->7368K(9920K), [Metaspace: 4890K->4890K(139264K)], 0.0055274 secs] [Times: user=0.00 sys=0.00, real=0.01 secs] 
2020-11-18T11:05:59.015-0800: 15.493: [Full GC (System.gc()) 2020-11-18T11:05:59.015-0800: 15.493: [CMS: 6847K->6847K(6848K), 0.0031667 secs] 7423K->7371K(9920K), [Metaspace: 4890K->4890K(139264K)], 0.0032075 secs] [Times: user=0.00 sys=0.00, real=0.00 secs] 
2020-11-18T11:05:59.018-0800: 15.496: [GC (CMS Initial Mark) [1 CMS-initial-mark: 6847K(6848K)] 7371K(9920K), 0.0001466 secs] [Times: user=0.00 sys=0.01, real=0.00 secs] 
2020-11-18T11:05:59.018-0800: 15.497: [CMS-concurrent-mark-start]
2020-11-18T11:05:59.019-0800: 15.498: [Full GC (System.gc()) 2020-11-18T11:05:59.019-0800: 15.498: [CMS2020-11-18T11:05:59.021-0800: 15.499: [CMS-concurrent-mark: 0.002/0.003 secs] [Times: user=0.01 sys=0.00, real=0.01 secs] 
 (concurrent mode interrupted): 6847K->6847K(6848K), 0.0046219 secs] 7425K->7373K(9920K), [Metaspace: 4890K->4890K(139264K)], 0.0046567 secs] [Times: user=0.00 sys=0.00, real=0.01 secs] 
2020-11-18T11:05:59.025-0800: 15.504: [Full GC (System.gc()) 2020-11-18T11:05:59.025-0800: 15.504: [CMS: 6847K->6847K(6848K), 0.0033055 secs] 7428K->7376K(9920K), [Metaspace: 4890K->4890K(139264K)], 0.0033690 secs] [Times: user=0.01 sys=0.00, real=0.00 secs] 
2020-11-18T11:05:59.029-0800: 15.507: [GC (CMS Initial Mark) [1 CMS-initial-mark: 6847K(6848K)] 7376K(9920K), 0.0001580 secs] [Times: user=0.00 sys=0.00, real=0.00 secs] 
2020-11-18T11:05:59.029-0800: 15.508: [CMS-concurrent-mark-start]
2020-11-18T11:05:59.030-0800: 15.509: [Full GC (System.gc()) 2020-11-18T11:05:59.030-0800: 15.509: [CMS2020-11-18T11:05:59.032-0800: 15.510: [CMS-concurrent-mark: 0.001/0.003 secs] [Times: user=0.00 sys=0.00, real=0.01 secs] 
 (concurrent mode interrupted): 6847K->6847K(6848K), 0.0052359 secs] 7430K->7378K(9920K), [Metaspace: 4890K->4890K(139264K)], 0.0052828 secs] [Times: user=0.00 sys=0.00, real=0.00 secs] 
2020-11-18T11:05:59.037-0800: 15.515: [Full GC (System.gc()) 2020-11-18T11:05:59.037-0800: 15.516: [CMS: 6847K->6847K(6848K), 0.0038162 secs] 7432K->7380K(9920K), [Metaspace: 4890K->4890K(139264K)], 0.0038859 secs] [Times: user=0.01 sys=0.00, real=0.01 secs] 
2020-11-18T11:05:59.041-0800: 15.520: [GC (CMS Initial Mark) [1 CMS-initial-mark: 6847K(6848K)] 7380K(9920K), 0.0001998 secs] [Times: user=0.00 sys=0.00, real=0.00 secs] 
2020-11-18T11:05:59.041-0800: 15.520: [CMS-concurrent-mark-start]
2020-11-18T11:05:59.042-0800: 15.521: [Full GC (System.gc()) 2020-11-18T11:05:59.042-0800: 15.521: [CMS2020-11-18T11:05:59.044-0800: 15.522: [CMS-concurrent-mark: 0.002/0.003 secs] [Times: user=0.00 sys=0.00, real=0.00 secs] 
 (concurrent mode interrupted): 6847K->6847K(6848K), 0.0054156 secs] 7435K->7383K(9920K), [Metaspace: 4890K->4890K(139264K)], 0.0054676 secs] [Times: user=0.01 sys=0.00, real=0.00 secs] 
2020-11-18T11:05:59.049-0800: 15.528: [Full GC (System.gc()) 2020-11-18T11:05:59.049-0800: 15.528: [CMS: 6847K->6847K(6848K), 0.0038908 secs] 7437K->7385K(9920K), [Metaspace: 4890K->4890K(139264K)], 0.0039617 secs] [Times: user=0.00 sys=0.00, real=0.01 secs] 
2020-11-18T11:05:59.053-0800: 15.532: [GC (CMS Initial Mark) [1 CMS-initial-mark: 6847K(6848K)] 7385K(9920K), 0.0001791 secs] [Times: user=0.00 sys=0.00, real=0.00 secs] 
2020-11-18T11:05:59.053-0800: 15.532: [CMS-concurrent-mark-start]
2020-11-18T11:05:59.054-0800: 15.533: [Full GC (System.gc()) 2020-11-18T11:05:59.054-0800: 15.533: [CMS2020-11-18T11:05:59.056-0800: 15.535: [CMS-concurrent-mark: 0.002/0.003 secs] [Times: user=0.00 sys=0.00, real=0.00 secs] 
 (concurrent mode interrupted): 6847K->6847K(6848K), 0.0059324 secs] 7440K->7388K(9920K), [Metaspace: 4890K->4890K(139264K)], 0.0059780 secs] [Times: user=0.01 sys=0.00, real=0.01 secs] 
2020-11-18T11:05:59.062-0800: 15.540: [Full GC (System.gc()) 2020-11-18T11:05:59.062-0800: 15.540: [CMS: 6847K->6847K(6848K), 0.0041306 secs] 7442K->7390K(9920K), [Metaspace: 4890K->4890K(139264K)], 0.0042138 secs] [Times: user=0.00 sys=0.00, real=0.00 secs] 
2020-11-18T11:05:59.066-0800: 15.545: [GC (CMS Initial Mark) [1 CMS-initial-mark: 6847K(6848K)] 7390K(9920K), 0.0001943 secs] [Times: user=0.00 sys=0.00, real=0.00 secs] 
2020-11-18T11:05:59.066-0800: 15.545: [CMS-concurrent-mark-start]
2020-11-18T11:05:59.067-0800: 15.546: [Full GC (System.gc()) 2020-11-18T11:05:59.067-0800: 15.546: [CMS2020-11-18T11:05:59.069-0800: 15.548: [CMS-concurrent-mark: 0.002/0.003 secs] [Times: user=0.01 sys=0.00, real=0.00 secs] 
 (concurrent mode interrupted): 6847K->6847K(6848K), 0.0057055 secs] 7444K->7392K(9920K), [Metaspace: 4890K->4890K(139264K)], 0.0057532 secs] [Times: user=0.00 sys=0.00, real=0.01 secs] 
2020-11-18T11:05:59.075-0800: 15.553: [Full GC (System.gc()) 2020-11-18T11:05:59.075-0800: 15.553: [CMS: 6847K->6847K(6848K), 0.0034567 secs] 7447K->7395K(9920K), [Metaspace: 4890K->4890K(139264K)], 0.0035040 secs] [Times: user=0.01 sys=0.00, real=0.00 secs] 
2020-11-18T11:05:59.078-0800: 15.557: [GC (CMS Initial Mark) [1 CMS-initial-mark: 6847K(6848K)] 7395K(9920K), 0.0001935 secs] [Times: user=0.00 sys=0.00, real=0.00 secs] 
2020-11-18T11:05:59.079-0800: 15.557: [CMS-concurrent-mark-start]
2020-11-18T11:05:59.079-0800: 15.558: [Full GC (System.gc()) 2020-11-18T11:05:59.079-0800: 15.558: [CMS2020-11-18T11:05:59.081-0800: 15.560: [CMS-concurrent-mark: 0.002/0.003 secs] [Times: user=0.00 sys=0.00, real=0.01 secs] 
 (concurrent mode interrupted): 6847K->6847K(6848K), 0.0056851 secs] 7449K->7397K(9920K), [Metaspace: 4890K->4890K(139264K)], 0.0057359 secs] [Times: user=0.00 sys=0.00, real=0.01 secs] 
2020-11-18T11:05:59.086-0800: 15.565: [Full GC (System.gc()) 2020-11-18T11:05:59.086-0800: 15.565: [CMS: 6847K->6847K(6848K), 0.0042198 secs] 7452K->7400K(9920K), [Metaspace: 4890K->4890K(139264K)], 0.0042915 secs] [Times: user=0.01 sys=0.00, real=0.01 secs] 
2020-11-18T11:05:59.091-0800: 15.569: [GC (CMS Initial Mark) [1 CMS-initial-mark: 6847K(6848K)] 7400K(9920K), 0.0002098 secs] [Times: user=0.00 sys=0.00, real=0.00 secs] 
2020-11-18T11:05:59.091-0800: 15.570: [CMS-concurrent-mark-start]
2020-11-18T11:05:59.092-0800: 15.571: [Full GC (System.gc()) 2020-11-18T11:05:59.092-0800: 15.571: [CMS2020-11-18T11:05:59.094-0800: 15.573: [CMS-concurrent-mark: 0.002/0.003 secs] [Times: user=0.00 sys=0.00, real=0.00 secs] 
 (concurrent mode interrupted): 6847K->6847K(6848K), 0.0056535 secs] 7454K->7402K(9920K), [Metaspace: 4890K->4890K(139264K)], 0.0057004 secs] [Times: user=0.01 sys=0.00, real=0.00 secs] 
2020-11-18T11:05:59.099-0800: 15.578: [Full GC (System.gc()) 2020-11-18T11:05:59.099-0800: 15.578: [CMS: 6847K->6847K(6848K), 0.0040723 secs] 7457K->7405K(9920K), [Metaspace: 4890K->4890K(139264K)], 0.0041399 secs] [Times: user=0.00 sys=0.00, real=0.01 secs] 
2020-11-18T11:05:59.103-0800: 15.582: [GC (CMS Initial Mark) [1 CMS-initial-mark: 6847K(6848K)] 7405K(9920K), 0.0001752 secs] [Times: user=0.00 sys=0.00, real=0.00 secs] 
2020-11-18T11:05:59.104-0800: 15.582: [CMS-concurrent-mark-start]
2020-11-18T11:05:59.105-0800: 15.583: [Full GC (System.gc()) 2020-11-18T11:05:59.105-0800: 15.583: [CMS2020-11-18T11:05:59.107-0800: 15.585: [CMS-concurrent-mark: 0.002/0.003 secs] [Times: user=0.01 sys=0.00, real=0.00 secs] 
 (concurrent mode interrupted): 6847K->6847K(6848K), 0.0062150 secs] 7459K->7407K(9920K), [Metaspace: 4890K->4890K(139264K)], 0.0062760 secs] [Times: user=0.00 sys=0.00, real=0.01 secs] 
2020-11-18T11:05:59.112-0800: 15.591: [Full GC (System.gc()) 2020-11-18T11:05:59.112-0800: 15.591: [CMS: 6847K->6847K(6848K), 0.0038863 secs] 7461K->7409K(9920K), [Metaspace: 4890K->4890K(139264K)], 0.0039531 secs] [Times: user=0.01 sys=0.00, real=0.00 secs] 
2020-11-18T11:05:59.116-0800: 15.595: [GC (CMS Initial Mark) [1 CMS-initial-mark: 6847K(6848K)] 7409K(9920K), 0.0002111 secs] [Times: user=0.00 sys=0.00, real=0.00 secs] 
2020-11-18T11:05:59.117-0800: 15.595: [CMS-concurrent-mark-start]
2020-11-18T11:05:59.118-0800: 15.596: [Full GC (System.gc()) 2020-11-18T11:05:59.118-0800: 15.596: [CMS2020-11-18T11:05:59.120-0800: 15.598: [CMS-concurrent-mark: 0.002/0.003 secs] [Times: user=0.00 sys=0.00, real=0.01 secs] 
 (concurrent mode interrupted): 6847K->6847K(6848K), 0.0056853 secs] 7464K->7412K(9920K), [Metaspace: 4890K->4890K(139264K)], 0.0057287 secs] [Times: user=0.00 sys=0.00, real=0.01 secs] 
2020-11-18T11:05:59.125-0800: 15.603: [Full GC (System.gc()) 2020-11-18T11:05:59.125-0800: 15.603: [CMS: 6847K->6847K(6848K), 0.0041770 secs] 7466K->7414K(9920K), [Metaspace: 4890K->4890K(139264K)], 0.0042448 secs] [Times: user=0.01 sys=0.00, real=0.00 secs] 
2020-11-18T11:05:59.129-0800: 15.608: [GC (CMS Initial Mark) [1 CMS-initial-mark: 6847K(6848K)] 7414K(9920K), 0.0001805 secs] [Times: user=0.00 sys=0.00, real=0.00 secs] 
2020-11-18T11:05:59.129-0800: 15.608: [CMS-concurrent-mark-start]
2020-11-18T11:05:59.131-0800: 15.609: [Full GC (System.gc()) 2020-11-18T11:05:59.131-0800: 15.609: [CMS2020-11-18T11:05:59.132-0800: 15.611: [CMS-concurrent-mark: 0.002/0.003 secs] [Times: user=0.00 sys=0.00, real=0.01 secs] 
 (concurrent mode interrupted): 6847K->6847K(6848K), 0.0058703 secs] 7469K->7417K(9920K), [Metaspace: 4890K->4890K(139264K)], 0.0059241 secs] [Times: user=0.01 sys=0.00, real=0.00 secs] 
2020-11-18T11:05:59.138-0800: 15.616: [Full GC (System.gc()) 2020-11-18T11:05:59.138-0800: 15.616: [CMS: 6847K->6847K(6848K), 0.0039672 secs] 7471K->7419K(9920K), [Metaspace: 4890K->4890K(139264K)], 0.0040376 secs] [Times: user=0.00 sys=0.00, real=0.01 secs] 
2020-11-18T11:05:59.142-0800: 15.620: [GC (CMS Initial Mark) [1 CMS-initial-mark: 6847K(6848K)] 7419K(9920K), 0.0001831 secs] [Times: user=0.00 sys=0.00, real=0.00 secs] 
2020-11-18T11:05:59.142-0800: 15.621: [CMS-concurrent-mark-start]
2020-11-18T11:05:59.143-0800: 15.622: [Full GC (System.gc()) 2020-11-18T11:05:59.143-0800: 15.622: [CMS2020-11-18T11:05:59.145-0800: 15.624: [CMS-concurrent-mark: 0.002/0.003 secs] [Times: user=0.01 sys=0.00, real=0.00 secs] 
 (concurrent mode interrupted): 6847K->6847K(6848K), 0.0057601 secs] 7473K->7421K(9920K), [Metaspace: 4890K->4890K(139264K)], 0.0058109 secs] [Times: user=0.00 sys=0.00, real=0.00 secs] 
2020-11-18T11:05:59.151-0800: 15.629: [Full GC (System.gc()) 2020-11-18T11:05:59.151-0800: 15.629: [CMS: 6847K->6847K(6848K), 0.0048358 secs] 7476K->7424K(9920K), [Metaspace: 4890K->4890K(139264K)], 0.0049149 secs] [Times: user=0.01 sys=0.00, real=0.00 secs] 
2020-11-18T11:05:59.156-0800: 15.634: [GC (CMS Initial Mark) [1 CMS-initial-mark: 6847K(6848K)] 7424K(9920K), 0.0001886 secs] [Times: user=0.00 sys=0.00, real=0.00 secs] 
2020-11-18T11:05:59.156-0800: 15.634: [CMS-concurrent-mark-start]
2020-11-18T11:05:59.157-0800: 15.635: [Full GC (System.gc()) 2020-11-18T11:05:59.157-0800: 15.635: [CMS2020-11-18T11:05:59.159-0800: 15.637: [CMS-concurrent-mark: 0.002/0.003 secs] [Times: user=0.00 sys=0.00, real=0.00 secs] 
 (concurrent mode interrupted): 6847K->6847K(6848K), 0.0064669 secs] 7478K->7426K(9920K), [Metaspace: 4890K->4890K(139264K)], 0.0065274 secs] [Times: user=0.01 sys=0.00, real=0.01 secs] 
2020-11-18T11:05:59.165-0800: 15.643: [Full GC (System.gc()) 2020-11-18T11:05:59.165-0800: 15.643: [CMS: 6847K->6847K(6848K), 0.0038871 secs] 7481K->7429K(9920K), [Metaspace: 4890K->4890K(139264K)], 0.0039875 secs] [Times: user=0.00 sys=0.00, real=0.00 secs] 
2020-11-18T11:05:59.169-0800: 15.648: [GC (CMS Initial Mark) [1 CMS-initial-mark: 6847K(6848K)] 7429K(9920K), 0.0003050 secs] [Times: user=0.00 sys=0.00, real=0.00 secs] 
2020-11-18T11:05:59.169-0800: 15.648: [CMS-concurrent-mark-start]
2020-11-18T11:05:59.170-0800: 15.649: [Full GC (System.gc()) 2020-11-18T11:05:59.170-0800: 15.649: [CMS2020-11-18T11:05:59.173-0800: 15.651: [CMS-concurrent-mark: 0.002/0.003 secs] [Times: user=0.01 sys=0.00, real=0.01 secs] 
 (concurrent mode interrupted): 6847K->6847K(6848K), 0.0059037 secs] 7483K->7431K(9920K), [Metaspace: 4890K->4890K(139264K)], 0.0059454 secs] [Times: user=0.01 sys=0.00, real=0.00 secs] 
2020-11-18T11:05:59.178-0800: 15.656: [Full GC (System.gc()) 2020-11-18T11:05:59.178-0800: 15.656: [CMS: 6847K->6847K(6848K), 0.0038666 secs] 7486K->7434K(9920K), [Metaspace: 4890K->4890K(139264K)], 0.0039289 secs] [Times: user=0.00 sys=0.00, real=0.01 secs] 
2020-11-18T11:05:59.182-0800: 15.660: [GC (CMS Initial Mark) [1 CMS-initial-mark: 6847K(6848K)] 7434K(9920K), 0.0002288 secs] [Times: user=0.00 sys=0.00, real=0.00 secs] 
2020-11-18T11:05:59.182-0800: 15.660: [CMS-concurrent-mark-start]
2020-11-18T11:05:59.183-0800: 15.662: [Full GC (System.gc()) 2020-11-18T11:05:59.183-0800: 15.662: [CMS2020-11-18T11:05:59.185-0800: 15.664: [CMS-concurrent-mark: 0.002/0.003 secs] [Times: user=0.01 sys=0.00, real=0.00 secs] 
 (concurrent mode interrupted): 6847K->6847K(6848K), 0.0063628 secs] 7488K->7436K(9920K), [Metaspace: 4890K->4890K(139264K)], 0.0064154 secs] [Times: user=0.00 sys=0.00, real=0.01 secs] 
2020-11-18T11:05:59.191-0800: 15.669: [Full GC (System.gc()) 2020-11-18T11:05:59.191-0800: 15.670: [CMS: 6847K->6847K(6848K), 0.0049472 secs] 7490K->7438K(9920K), [Metaspace: 4890K->4890K(139264K)], 0.0050264 secs] [Times: user=0.01 sys=0.00, real=0.00 secs] 
2020-11-18T11:05:59.196-0800: 15.675: [GC (CMS Initial Mark) [1 CMS-initial-mark: 6847K(6848K)] 7438K(9920K), 0.0002099 secs] [Times: user=0.00 sys=0.00, real=0.00 secs] 
2020-11-18T11:05:59.196-0800: 15.675: [CMS-concurrent-mark-start]
2020-11-18T11:05:59.197-0800: 15.676: [Full GC (System.gc()) 2020-11-18T11:05:59.198-0800: 15.676: [CMS2020-11-18T11:05:59.199-0800: 15.678: [CMS-concurrent-mark: 0.002/0.003 secs] [Times: user=0.00 sys=0.00, real=0.00 secs] 
 (concurrent mode interrupted): 6847K->6847K(6848K), 0.0065442 secs] 7493K->7441K(9920K), [Metaspace: 4890K->4890K(139264K)], 0.0065964 secs] [Times: user=0.01 sys=0.00, real=0.01 secs] 
2020-11-18T11:05:59.206-0800: 15.684: [Full GC (System.gc()) 2020-11-18T11:05:59.206-0800: 15.684: [CMS: 6847K->6847K(6848K), 0.0045563 secs] 7495K->7443K(9920K), [Metaspace: 4890K->4890K(139264K)], 0.0046394 secs] [Times: user=0.00 sys=0.00, real=0.01 secs] 
2020-11-18T11:05:59.210-0800: 15.689: [GC (CMS Initial Mark) [1 CMS-initial-mark: 6847K(6848K)] 7443K(9920K), 0.0002467 secs] [Times: user=0.00 sys=0.00, real=0.00 secs] 
2020-11-18T11:05:59.211-0800: 15.689: [CMS-concurrent-mark-start]
2020-11-18T11:05:59.212-0800: 15.690: [Full GC (System.gc()) 2020-11-18T11:05:59.212-0800: 15.690: [CMS2020-11-18T11:05:59.213-0800: 15.692: [CMS-concurrent-mark: 0.002/0.003 secs] [Times: user=0.01 sys=0.00, real=0.00 secs] 
 (concurrent mode interrupted): 6847K->6847K(6848K), 0.0059110 secs] 7498K->7446K(9920K), [Metaspace: 4890K->4890K(139264K)], 0.0059659 secs] [Times: user=0.00 sys=0.00, real=0.00 secs] 
2020-11-18T11:05:59.219-0800: 15.697: [Full GC (System.gc()) 2020-11-18T11:05:59.219-0800: 15.697: [CMS: 6847K->6847K(6848K), 0.0038599 secs] 7500K->7448K(9920K), [Metaspace: 4890K->4890K(139264K)], 0.0039113 secs] [Times: user=0.00 sys=0.00, real=0.01 secs] 
2020-11-18T11:05:59.223-0800: 15.701: [GC (CMS Initial Mark) [1 CMS-initial-mark: 6847K(6848K)] 7448K(9920K), 0.0002193 secs] [Times: user=0.00 sys=0.00, real=0.00 secs] 
2020-11-18T11:05:59.223-0800: 15.702: [CMS-concurrent-mark-start]
2020-11-18T11:05:59.224-0800: 15.703: [Full GC (System.gc()) 2020-11-18T11:05:59.224-0800: 15.703: [CMS2020-11-18T11:05:59.226-0800: 15.704: [CMS-concurrent-mark: 0.002/0.003 secs] [Times: user=0.01 sys=0.00, real=0.00 secs] 
 (concurrent mode interrupted): 6847K->6847K(6848K), 0.0061306 secs] 7502K->7450K(9920K), [Metaspace: 4890K->4890K(139264K)], 0.0061932 secs] [Times: user=0.00 sys=0.00, real=0.01 secs] 
2020-11-18T11:05:59.232-0800: 15.710: [Full GC (System.gc()) 2020-11-18T11:05:59.232-0800: 15.710: [CMS: 6847K->6847K(6848K), 0.0047667 secs] 7505K->7453K(9920K), [Metaspace: 4890K->4890K(139264K)], 0.0048295 secs] [Times: user=0.01 sys=0.00, real=0.00 secs] 
2020-11-18T11:05:59.237-0800: 15.715: [GC (CMS Initial Mark) [1 CMS-initial-mark: 6847K(6848K)] 7453K(9920K), 0.0002089 secs] [Times: user=0.00 sys=0.00, real=0.00 secs] 
2020-11-18T11:05:59.237-0800: 15.716: [CMS-concurrent-mark-start]
2020-11-18T11:05:59.238-0800: 15.717: [Full GC (System.gc()) 2020-11-18T11:05:59.238-0800: 15.717: [CMS2020-11-18T11:05:59.240-0800: 15.718: [CMS-concurrent-mark: 0.002/0.003 secs] [Times: user=0.00 sys=0.00, real=0.01 secs] 
 (concurrent mode interrupted): 6847K->6847K(6848K), 0.0064372 secs] 7507K->7455K(9920K), [Metaspace: 4890K->4890K(139264K)], 0.0064940 secs] [Times: user=0.01 sys=0.00, real=0.01 secs] 
2020-11-18T11:05:59.246-0800: 15.724: [Full GC (System.gc()) 2020-11-18T11:05:59.246-0800: 15.724: [CMS: 6847K->6847K(6848K), 0.0045908 secs] 7510K->7458K(9920K), [Metaspace: 4890K->4890K(139264K)], 0.0046613 secs] [Times: user=0.00 sys=0.00, real=0.01 secs] 
2020-11-18T11:05:59.251-0800: 15.729: [GC (CMS Initial Mark) [1 CMS-initial-mark: 6847K(6848K)] 7458K(9920K), 0.0001742 secs] [Times: user=0.00 sys=0.00, real=0.00 secs] 
2020-11-18T11:05:59.251-0800: 15.729: [CMS-concurrent-mark-start]
2020-11-18T11:05:59.252-0800: 15.730: [Full GC (System.gc()) 2020-11-18T11:05:59.252-0800: 15.730: [CMS2020-11-18T11:05:59.254-0800: 15.732: [CMS-concurrent-mark: 0.002/0.003 secs] [Times: user=0.01 sys=0.00, real=0.00 secs] 
 (concurrent mode interrupted): 6847K->6847K(6848K), 0.0059736 secs] 7512K->7460K(9920K), [Metaspace: 4890K->4890K(139264K)], 0.0060266 secs] [Times: user=0.00 sys=0.00, real=0.00 secs] 
2020-11-18T11:05:59.259-0800: 15.738: [Full GC (System.gc()) 2020-11-18T11:05:59.259-0800: 15.738: [CMS: 6847K->6847K(6848K), 0.0040002 secs] 7514K->7462K(9920K), [Metaspace: 4890K->4890K(139264K)], 0.0040574 secs] [Times: user=0.01 sys=0.00, real=0.01 secs] 
2020-11-18T11:05:59.263-0800: 15.742: [GC (CMS Initial Mark) [1 CMS-initial-mark: 6847K(6848K)] 7462K(9920K), 0.0001768 secs] [Times: user=0.00 sys=0.00, real=0.00 secs] 
2020-11-18T11:05:59.264-0800: 15.742: [CMS-concurrent-mark-start]
2020-11-18T11:05:59.265-0800: 15.743: [Full GC (System.gc()) 2020-11-18T11:05:59.265-0800: 15.743: [CMS2020-11-18T11:05:59.267-0800: 15.745: [CMS-concurrent-mark: 0.002/0.003 secs] [Times: user=0.00 sys=0.00, real=0.00 secs] 
 (concurrent mode interrupted): 6847K->6847K(6848K), 0.0057703 secs] 7517K->7465K(9920K), [Metaspace: 4890K->4890K(139264K)], 0.0058148 secs] [Times: user=0.00 sys=0.00, real=0.01 secs] 
2020-11-18T11:05:59.272-0800: 15.750: [Full GC (System.gc()) 2020-11-18T11:05:59.272-0800: 15.750: [CMS: 6847K->6847K(6848K), 0.0045025 secs] 7519K->7467K(9920K), [Metaspace: 4890K->4890K(139264K)], 0.0045617 secs] [Times: user=0.01 sys=0.00, real=0.00 secs] 
2020-11-18T11:05:59.277-0800: 15.755: [GC (CMS Initial Mark) [1 CMS-initial-mark: 6847K(6848K)] 7467K(9920K), 0.0002035 secs] [Times: user=0.00 sys=0.00, real=0.00 secs] 
2020-11-18T11:05:59.277-0800: 15.755: [CMS-concurrent-mark-start]
2020-11-18T11:05:59.278-0800: 15.756: [Full GC (System.gc()) 2020-11-18T11:05:59.278-0800: 15.756: [CMS2020-11-18T11:05:59.280-0800: 15.758: [CMS-concurrent-mark: 0.002/0.003 secs] [Times: user=0.00 sys=0.00, real=0.01 secs] 
 (concurrent mode interrupted): 6847K->6847K(6848K), 0.0063945 secs] 7522K->7470K(9920K), [Metaspace: 4890K->4890K(139264K)], 0.0064519 secs] [Times: user=0.01 sys=0.00, real=0.01 secs] 
2020-11-18T11:05:59.285-0800: 15.764: [Full GC (System.gc()) 2020-11-18T11:05:59.285-0800: 15.764: [CMS: 6847K->6847K(6848K), 0.0037705 secs] 7524K->7472K(9920K), [Metaspace: 4890K->4890K(139264K)], 0.0038345 secs] [Times: user=0.00 sys=0.00, real=0.00 secs] 
2020-11-18T11:05:59.289-0800: 15.768: [GC (CMS Initial Mark) [1 CMS-initial-mark: 6847K(6848K)] 7472K(9920K), 0.0002157 secs] [Times: user=0.00 sys=0.00, real=0.01 secs] 
2020-11-18T11:05:59.290-0800: 15.768: [CMS-concurrent-mark-start]
2020-11-18T11:05:59.291-0800: 15.769: [Full GC (System.gc()) 2020-11-18T11:05:59.291-0800: 15.769: [CMS2020-11-18T11:05:59.293-0800: 15.771: [CMS-concurrent-mark: 0.002/0.003 secs] [Times: user=0.01 sys=0.00, real=0.00 secs] 
 (concurrent mode interrupted): 6847K->6847K(6848K), 0.0055995 secs] 7527K->7475K(9920K), [Metaspace: 4890K->4890K(139264K)], 0.0056499 secs] [Times: user=0.00 sys=0.00, real=0.00 secs] 
2020-11-18T11:05:59.298-0800: 15.776: [Full GC (System.gc()) 2020-11-18T11:05:59.298-0800: 15.776: [CMS: 6847K->6847K(6848K), 0.0039432 secs] 7529K->7477K(9920K), [Metaspace: 4890K->4890K(139264K)], 0.0040037 secs] [Times: user=0.01 sys=0.00, real=0.01 secs] 
2020-11-18T11:05:59.302-0800: 15.780: [GC (CMS Initial Mark) [1 CMS-initial-mark: 6847K(6848K)] 7477K(9920K), 0.0001956 secs] [Times: user=0.00 sys=0.00, real=0.00 secs] 
2020-11-18T11:05:59.302-0800: 15.780: [CMS-concurrent-mark-start]
2020-11-18T11:05:59.303-0800: 15.781: [Full GC (System.gc()) 2020-11-18T11:05:59.303-0800: 15.781: [CMS2020-11-18T11:05:59.305-0800: 15.783: [CMS-concurrent-mark: 0.002/0.003 secs] [Times: user=0.00 sys=0.00, real=0.00 secs] 
 (concurrent mode interrupted): 6847K->6847K(6848K), 0.0060866 secs] 7531K->7479K(9920K), [Metaspace: 4890K->4890K(139264K)], 0.0061394 secs] [Times: user=0.00 sys=0.00, real=0.00 secs] 
2020-11-18T11:05:59.311-0800: 15.789: [Full GC (System.gc()) 2020-11-18T11:05:59.311-0800: 15.789: [CMS: 6847K->6847K(6848K), 0.0050489 secs] 7534K->7482K(9920K), [Metaspace: 4890K->4890K(139264K)], 0.0051310 secs] [Times: user=0.01 sys=0.00, real=0.00 secs] 
2020-11-18T11:05:59.316-0800: 15.794: [GC (CMS Initial Mark) [1 CMS-initial-mark: 6847K(6848K)] 7482K(9920K), 0.0002499 secs] [Times: user=0.00 sys=0.00, real=0.00 secs] 
2020-11-18T11:05:59.316-0800: 15.795: [CMS-concurrent-mark-start]
2020-11-18T11:05:59.317-0800: 15.796: [Full GC (System.gc()) 2020-11-18T11:05:59.317-0800: 15.796: [CMS2020-11-18T11:05:59.319-0800: 15.798: [CMS-concurrent-mark: 0.002/0.003 secs] [Times: user=0.00 sys=0.00, real=0.00 secs] 
 (concurrent mode interrupted): 6847K->6847K(6848K), 0.0065912 secs] 7536K->7484K(9920K), [Metaspace: 4890K->4890K(139264K)], 0.0066487 secs] [Times: user=0.01 sys=0.00, real=0.01 secs] 
2020-11-18T11:05:59.325-0800: 15.804: [Full GC (System.gc()) 2020-11-18T11:05:59.325-0800: 15.804: [CMS: 6847K->6847K(6848K), 0.0039539 secs] 7539K->7487K(9920K), [Metaspace: 4890K->4890K(139264K)], 0.0040113 secs] [Times: user=0.00 sys=0.00, real=0.00 secs] 
2020-11-18T11:05:59.329-0800: 15.808: [GC (CMS Initial Mark) [1 CMS-initial-mark: 6847K(6848K)] 7487K(9920K), 0.0002552 secs] [Times: user=0.00 sys=0.00, real=0.01 secs] 
2020-11-18T11:05:59.330-0800: 15.808: [CMS-concurrent-mark-start]
2020-11-18T11:05:59.331-0800: 15.809: [Full GC (System.gc()) 2020-11-18T11:05:59.331-0800: 15.809: [CMS2020-11-18T11:05:59.333-0800: 15.811: [CMS-concurrent-mark: 0.002/0.003 secs] [Times: user=0.01 sys=0.00, real=0.00 secs] 
 (concurrent mode interrupted): 6847K->6847K(6848K), 0.0059202 secs] 7541K->7489K(9920K), [Metaspace: 4890K->4890K(139264K)], 0.0059666 secs] [Times: user=0.00 sys=0.00, real=0.00 secs] 
2020-11-18T11:05:59.338-0800: 15.816: [Full GC (System.gc()) 2020-11-18T11:05:59.338-0800: 15.816: [CMS: 6847K->6847K(6848K), 0.0038829 secs] 7543K->7491K(9920K), [Metaspace: 4890K->4890K(139264K)], 0.0039383 secs] [Times: user=0.01 sys=0.00, real=0.01 secs] 
2020-11-18T11:05:59.342-0800: 15.820: [GC (CMS Initial Mark) [1 CMS-initial-mark: 6847K(6848K)] 7491K(9920K), 0.0001853 secs] [Times: user=0.00 sys=0.00, real=0.00 secs] 
2020-11-18T11:05:59.342-0800: 15.821: [CMS-concurrent-mark-start]
2020-11-18T11:05:59.343-0800: 15.822: [Full GC (System.gc()) 2020-11-18T11:05:59.343-0800: 15.822: [CMS2020-11-18T11:05:59.345-0800: 15.824: [CMS-concurrent-mark: 0.002/0.003 secs] [Times: user=0.00 sys=0.00, real=0.00 secs] 
 (concurrent mode interrupted): 6847K->6847K(6848K), 0.0064440 secs] 7546K->7494K(9920K), [Metaspace: 4890K->4890K(139264K)], 0.0064949 secs] [Times: user=0.01 sys=0.00, real=0.01 secs] 
2020-11-18T11:05:59.351-0800: 15.830: [Full GC (System.gc()) 2020-11-18T11:05:59.351-0800: 15.830: [CMS: 6847K->6847K(6848K), 0.0046193 secs] 7548K->7496K(9920K), [Metaspace: 4890K->4890K(139264K)], 0.0046819 secs] [Times: user=0.00 sys=0.00, real=0.00 secs] 
2020-11-18T11:05:59.356-0800: 15.834: [GC (CMS Initial Mark) [1 CMS-initial-mark: 6847K(6848K)] 7496K(9920K), 0.0001888 secs] [Times: user=0.00 sys=0.00, real=0.00 secs] 
2020-11-18T11:05:59.356-0800: 15.835: [CMS-concurrent-mark-start]
2020-11-18T11:05:59.357-0800: 15.836: [Full GC (System.gc()) 2020-11-18T11:05:59.357-0800: 15.836: [CMS2020-11-18T11:05:59.359-0800: 15.837: [CMS-concurrent-mark: 0.002/0.003 secs] [Times: user=0.01 sys=0.00, real=0.00 secs] 
 (concurrent mode interrupted): 6847K->6847K(6848K), 0.0060660 secs] 7551K->7499K(9920K), [Metaspace: 4890K->4890K(139264K)], 0.0061205 secs] [Times: user=0.01 sys=0.00, real=0.01 secs] 
2020-11-18T11:05:59.365-0800: 15.843: [Full GC (System.gc()) 2020-11-18T11:05:59.365-0800: 15.843: [CMS: 6847K->6847K(6848K), 0.0045121 secs] 7553K->7501K(9920K), [Metaspace: 4890K->4890K(139264K)], 0.0046327 secs] [Times: user=0.00 sys=0.00, real=0.00 secs] 
2020-11-18T11:05:59.370-0800: 15.848: [GC (CMS Initial Mark) [1 CMS-initial-mark: 6847K(6848K)] 7501K(9920K), 0.0002590 secs] [Times: user=0.00 sys=0.00, real=0.00 secs] 
2020-11-18T11:05:59.370-0800: 15.848: [CMS-concurrent-mark-start]
2020-11-18T11:05:59.371-0800: 15.849: [Full GC (System.gc()) 2020-11-18T11:05:59.371-0800: 15.849: [CMS2020-11-18T11:05:59.373-0800: 15.851: [CMS-concurrent-mark: 0.002/0.003 secs] [Times: user=0.01 sys=0.00, real=0.00 secs] 
 (concurrent mode interrupted): 6847K->6847K(6848K), 0.0057939 secs] 7556K->7504K(9920K), [Metaspace: 4890K->4890K(139264K)], 0.0058458 secs] [Times: user=0.00 sys=0.00, real=0.00 secs] 
2020-11-18T11:05:59.378-0800: 15.857: [Full GC (System.gc()) 2020-11-18T11:05:59.378-0800: 15.857: [CMS: 6847K->6847K(6848K), 0.0045465 secs] 7558K->7506K(9920K), [Metaspace: 4890K->4890K(139264K)], 0.0046174 secs] [Times: user=0.01 sys=0.00, real=0.01 secs] 
2020-11-18T11:05:59.383-0800: 15.861: [GC (CMS Initial Mark) [1 CMS-initial-mark: 6847K(6848K)] 7506K(9920K), 0.0002169 secs] [Times: user=0.00 sys=0.00, real=0.00 secs] 
2020-11-18T11:05:59.383-0800: 15.862: [CMS-concurrent-mark-start]
2020-11-18T11:05:59.384-0800: 15.862: [Full GC (System.gc()) 2020-11-18T11:05:59.384-0800: 15.863: [CMS2020-11-18T11:05:59.387-0800: 15.865: [CMS-concurrent-mark: 0.003/0.004 secs] [Times: user=0.00 sys=0.00, real=0.00 secs] 
 (concurrent mode interrupted): 6847K->6847K(6848K), 0.0070699 secs] 7560K->7508K(9920K), [Metaspace: 4890K->4890K(139264K)], 0.0071300 secs] [Times: user=0.01 sys=0.00, real=0.01 secs] 
2020-11-18T11:05:59.392-0800: 15.871: [Full GC (System.gc()) 2020-11-18T11:05:59.392-0800: 15.871: [CMS: 6847K->6847K(6848K), 0.0043915 secs] 7563K->7511K(9920K), [Metaspace: 4890K->4890K(139264K)], 0.0044538 secs] [Times: user=0.00 sys=0.00, real=0.00 secs] 
2020-11-18T11:05:59.397-0800: 15.875: [GC (CMS Initial Mark) [1 CMS-initial-mark: 6847K(6848K)] 7511K(9920K), 0.0001810 secs] [Times: user=0.00 sys=0.00, real=0.00 secs] 
2020-11-18T11:05:59.397-0800: 15.876: [CMS-concurrent-mark-start]
2020-11-18T11:05:59.398-0800: 15.877: [Full GC (System.gc()) 2020-11-18T11:05:59.398-0800: 15.877: [CMS2020-11-18T11:05:59.400-0800: 15.879: [CMS-concurrent-mark: 0.002/0.003 secs] [Times: user=0.01 sys=0.00, real=0.01 secs] 
 (concurrent mode interrupted): 6847K->6847K(6848K), 0.0062033 secs] 7565K->7513K(9920K), [Metaspace: 4890K->4890K(139264K)], 0.0062569 secs] [Times: user=0.00 sys=0.00, real=0.01 secs] 
2020-11-18T11:05:59.406-0800: 15.884: [Full GC (System.gc()) 2020-11-18T11:05:59.406-0800: 15.884: [CMS: 6847K->6847K(6848K), 0.0048032 secs] 7568K->7516K(9920K), [Metaspace: 4890K->4890K(139264K)], 0.0048810 secs] [Times: user=0.01 sys=0.00, real=0.01 secs] 
2020-11-18T11:05:59.411-0800: 15.889: [GC (CMS Initial Mark) [1 CMS-initial-mark: 6847K(6848K)] 7516K(9920K), 0.0001934 secs] [Times: user=0.00 sys=0.00, real=0.00 secs] 
2020-11-18T11:05:59.411-0800: 15.890: [CMS-concurrent-mark-start]
2020-11-18T11:05:59.412-0800: 15.891: [Full GC (System.gc()) 2020-11-18T11:05:59.412-0800: 15.891: [CMS2020-11-18T11:05:59.414-0800: 15.893: [CMS-concurrent-mark: 0.002/0.003 secs] [Times: user=0.00 sys=0.01, real=0.00 secs] 
 (concurrent mode interrupted): 6847K->6847K(6848K), 0.0068099 secs] 7570K->7518K(9920K), [Metaspace: 4890K->4890K(139264K)], 0.0068693 secs] [Times: user=0.01 sys=0.01, real=0.00 secs] 
2020-11-18T11:05:59.421-0800: 15.899: [Full GC (System.gc()) 2020-11-18T11:05:59.421-0800: 15.899: [CMS: 6847K->6847K(6848K), 0.0041619 secs] 7572K->7520K(9920K), [Metaspace: 4890K->4890K(139264K)], 0.0042331 secs] [Times: user=0.00 sys=0.00, real=0.00 secs] 
2020-11-18T11:05:59.425-0800: 15.903: [GC (CMS Initial Mark) [1 CMS-initial-mark: 6847K(6848K)] 7520K(9920K), 0.0003442 secs] [Times: user=0.00 sys=0.00, real=0.00 secs] 
2020-11-18T11:05:59.425-0800: 15.904: [CMS-concurrent-mark-start]
2020-11-18T11:05:59.426-0800: 15.904: [Full GC (System.gc()) 2020-11-18T11:05:59.426-0800: 15.905: [CMS2020-11-18T11:05:59.428-0800: 15.907: [CMS-concurrent-mark: 0.002/0.003 secs] [Times: user=0.01 sys=0.00, real=0.00 secs] 
 (concurrent mode interrupted): 6847K->6846K(6848K), 0.0061299 secs] 7575K->7528K(9920K), [Metaspace: 4890K->4890K(139264K)], 0.0061790 secs] [Times: user=0.01 sys=0.00, real=0.01 secs] 
2020-11-18T11:05:59.433-0800: 15.912: [Full GC (System.gc()) 2020-11-18T11:05:59.433-0800: 15.912: [CMS: 6846K->6846K(6848K), 0.0042173 secs] 7583K->7531K(9920K), [Metaspace: 4890K->4890K(139264K)], 0.0042793 secs] [Times: user=0.00 sys=0.00, real=0.00 secs] 
2020-11-18T11:05:59.438-0800: 15.916: [GC (CMS Initial Mark) [1 CMS-initial-mark: 6846K(6848K)] 7531K(9920K), 0.0001994 secs] [Times: user=0.00 sys=0.00, real=0.00 secs] 
2020-11-18T11:05:59.438-0800: 15.916: [CMS-concurrent-mark-start]
2020-11-18T11:05:59.439-0800: 15.917: [Full GC (System.gc()) 2020-11-18T11:05:59.439-0800: 15.917: [CMS2020-11-18T11:05:59.441-0800: 15.919: [CMS-concurrent-mark: 0.001/0.002 secs] [Times: user=0.01 sys=0.00, real=0.01 secs] 
 (concurrent mode interrupted): 6846K->6846K(6848K), 0.0063489 secs] 7585K->7533K(9920K), [Metaspace: 4890K->4890K(139264K)], 0.0064109 secs] [Times: user=0.00 sys=0.00, real=0.01 secs] 
2020-11-18T11:05:59.447-0800: 15.925: [Full GC (System.gc()) 2020-11-18T11:05:59.447-0800: 15.925: [CMS: 6846K->6846K(6848K), 0.0047593 secs] 7587K->7536K(9920K), [Metaspace: 4890K->4890K(139264K)], 0.0048365 secs] [Times: user=0.01 sys=0.00, real=0.01 secs] 
2020-11-18T11:05:59.452-0800: 15.930: [GC (CMS Initial Mark) [1 CMS-initial-mark: 6846K(6848K)] 7536K(9920K), 0.0001925 secs] [Times: user=0.00 sys=0.00, real=0.00 secs] 
2020-11-18T11:05:59.452-0800: 15.930: [CMS-concurrent-mark-start]
2020-11-18T11:05:59.453-0800: 15.932: [Full GC (System.gc()) 2020-11-18T11:05:59.453-0800: 15.932: [CMS2020-11-18T11:05:59.454-0800: 15.933: [CMS-concurrent-mark: 0.001/0.002 secs] [Times: user=0.00 sys=0.00, real=0.00 secs] 
 (concurrent mode interrupted): 6846K->6846K(6848K), 0.0061152 secs] 7590K->7538K(9920K), [Metaspace: 4890K->4890K(139264K)], 0.0061749 secs] [Times: user=0.01 sys=0.00, real=0.00 secs] 
2020-11-18T11:05:59.461-0800: 15.939: [Full GC (System.gc()) 2020-11-18T11:05:59.461-0800: 15.939: [CMS: 6846K->6846K(6848K), 0.0036111 secs] 7592K->7540K(9920K), [Metaspace: 4890K->4890K(139264K)], 0.0036554 secs] [Times: user=0.00 sys=0.00, real=0.00 secs] 
2020-11-18T11:05:59.464-0800: 15.943: [GC (CMS Initial Mark) [1 CMS-initial-mark: 6846K(6848K)] 7540K(9920K), 0.0002232 secs] [Times: user=0.00 sys=0.00, real=0.00 secs] 
2020-11-18T11:05:59.465-0800: 15.943: [CMS-concurrent-mark-start]
2020-11-18T11:05:59.466-0800: 15.944: [Full GC (System.gc()) 2020-11-18T11:05:59.466-0800: 15.944: [CMS2020-11-18T11:05:59.467-0800: 15.946: [CMS-concurrent-mark: 0.001/0.003 secs] [Times: user=0.00 sys=0.00, real=0.00 secs] 
 (concurrent mode interrupted): 6846K->6846K(6848K), 0.0054268 secs] 7595K->7543K(9920K), [Metaspace: 4890K->4890K(139264K)], 0.0054783 secs] [Times: user=0.01 sys=0.00, real=0.01 secs] 
2020-11-18T11:05:59.473-0800: 15.951: [Full GC (System.gc()) 2020-11-18T11:05:59.473-0800: 15.951: [CMS: 6846K->6846K(6848K), 0.0039550 secs] 7597K->7545K(9920K), [Metaspace: 4890K->4890K(139264K)], 0.0040282 secs] [Times: user=0.00 sys=0.00, real=0.00 secs] 
2020-11-18T11:05:59.477-0800: 15.955: [GC (CMS Initial Mark) [1 CMS-initial-mark: 6846K(6848K)] 7545K(9920K), 0.0002705 secs] [Times: user=0.00 sys=0.00, real=0.00 secs] 
2020-11-18T11:05:59.477-0800: 15.955: [CMS-concurrent-mark-start]
2020-11-18T11:05:59.478-0800: 15.956: [Full GC (System.gc()) 2020-11-18T11:05:59.478-0800: 15.956: [CMS2020-11-18T11:05:59.479-0800: 15.958: [CMS-concurrent-mark: 0.001/0.002 secs] [Times: user=0.00 sys=0.00, real=0.00 secs] 
 (concurrent mode interrupted): 6846K->6846K(6848K), 0.0054453 secs] 7600K->7548K(9920K), [Metaspace: 4890K->4890K(139264K)], 0.0054966 secs] [Times: user=0.01 sys=0.00, real=0.01 secs] 
2020-11-18T11:05:59.485-0800: 15.963: [Full GC (System.gc()) 2020-11-18T11:05:59.485-0800: 15.963: [CMS: 6846K->6846K(6848K), 0.0043981 secs] 7602K->7550K(9920K), [Metaspace: 4890K->4890K(139264K)], 0.0044709 secs] [Times: user=0.00 sys=0.00, real=0.00 secs] 
2020-11-18T11:05:59.489-0800: 15.968: [GC (CMS Initial Mark) [1 CMS-initial-mark: 6846K(6848K)] 7550K(9920K), 0.0001823 secs] [Times: user=0.00 sys=0.00, real=0.01 secs] 
2020-11-18T11:05:59.490-0800: 15.968: [CMS-concurrent-mark-start]
2020-11-18T11:05:59.491-0800: 15.969: [Full GC (System.gc()) 2020-11-18T11:05:59.491-0800: 15.969: [CMS2020-11-18T11:05:59.492-0800: 15.971: [CMS-concurrent-mark: 0.001/0.002 secs] [Times: user=0.01 sys=0.00, real=0.00 secs] 
 (concurrent mode interrupted): 6846K->6846K(6848K), 0.0053956 secs] 7604K->7552K(9920K), [Metaspace: 4890K->4890K(139264K)], 0.0054747 secs] [Times: user=0.00 sys=0.00, real=0.00 secs] 
2020-11-18T11:05:59.497-0800: 15.976: [Full GC (System.gc()) 2020-11-18T11:05:59.498-0800: 15.976: [CMS: 6846K->6846K(6848K), 0.0038386 secs] 7607K->7555K(9920K), [Metaspace: 4890K->4890K(139264K)], 0.0038890 secs] [Times: user=0.01 sys=0.00, real=0.01 secs] 
2020-11-18T11:05:59.501-0800: 15.980: [GC (CMS Initial Mark) [1 CMS-initial-mark: 6846K(6848K)] 7555K(9920K), 0.0002289 secs] [Times: user=0.00 sys=0.00, real=0.00 secs] 
2020-11-18T11:05:59.502-0800: 15.980: [CMS-concurrent-mark-start]
2020-11-18T11:05:59.503-0800: 15.981: [Full GC (System.gc()) 2020-11-18T11:05:59.503-0800: 15.981: [CMS2020-11-18T11:05:59.504-0800: 15.983: [CMS-concurrent-mark: 0.001/0.002 secs] [Times: user=0.00 sys=0.00, real=0.00 secs] 
 (concurrent mode interrupted): 6846K->6846K(6848K), 0.0058973 secs] 7609K->7557K(9920K), [Metaspace: 4890K->4890K(139264K)], 0.0059538 secs] [Times: user=0.00 sys=0.00, real=0.00 secs] 
2020-11-18T11:05:59.510-0800: 15.988: [Full GC (System.gc()) 2020-11-18T11:05:59.510-0800: 15.988: [CMS: 6846K->6846K(6848K), 0.0034638 secs] 7612K->7560K(9920K), [Metaspace: 4890K->4890K(139264K)], 0.0035094 secs] [Times: user=0.01 sys=0.00, real=0.00 secs] 
2020-11-18T11:05:59.514-0800: 15.992: [GC (CMS Initial Mark) [1 CMS-initial-mark: 6846K(6848K)] 7560K(9920K), 0.0002027 secs] [Times: user=0.00 sys=0.00, real=0.00 secs] 
2020-11-18T11:05:59.514-0800: 15.992: [CMS-concurrent-mark-start]
2020-11-18T11:05:59.515-0800: 15.993: [Full GC (System.gc()) 2020-11-18T11:05:59.515-0800: 15.993: [CMS2020-11-18T11:05:59.516-0800: 15.995: [CMS-concurrent-mark: 0.001/0.002 secs] [Times: user=0.00 sys=0.00, real=0.00 secs] 
 (concurrent mode interrupted): 6846K->6846K(6848K), 0.0049436 secs] 7614K->7562K(9920K), [Metaspace: 4890K->4890K(139264K)], 0.0049928 secs] [Times: user=0.00 sys=0.00, real=0.01 secs] 
2020-11-18T11:05:59.521-0800: 16.000: [Full GC (System.gc()) 2020-11-18T11:05:59.521-0800: 16.000: [CMS: 6846K->6846K(6848K), 0.0040602 secs] 7616K->7564K(9920K), [Metaspace: 4890K->4890K(139264K)], 0.0041529 secs] [Times: user=0.01 sys=0.00, real=0.00 secs] 
2020-11-18T11:05:59.526-0800: 16.004: [GC (CMS Initial Mark) [1 CMS-initial-mark: 6846K(6848K)] 7564K(9920K), 0.0002011 secs] [Times: user=0.00 sys=0.00, real=0.00 secs] 
2020-11-18T11:05:59.526-0800: 16.004: [CMS-concurrent-mark-start]
2020-11-18T11:05:59.527-0800: 16.006: [Full GC (System.gc()) 2020-11-18T11:05:59.527-0800: 16.006: [CMS2020-11-18T11:05:59.528-0800: 16.007: [CMS-concurrent-mark: 0.001/0.002 secs] [Times: user=0.00 sys=0.00, real=0.00 secs] 
 (concurrent mode interrupted): 6846K->6846K(6848K), 0.0044636 secs] 7619K->7567K(9920K), [Metaspace: 4890K->4890K(139264K)], 0.0045029 secs] [Times: user=0.01 sys=0.00, real=0.01 secs] 
2020-11-18T11:05:59.533-0800: 16.012: [Full GC (System.gc()) 2020-11-18T11:05:59.533-0800: 16.012: [CMS: 6846K->6846K(6848K), 0.0042186 secs] 7621K->7569K(9920K), [Metaspace: 4890K->4890K(139264K)], 0.0043101 secs] [Times: user=0.00 sys=0.00, real=0.00 secs] 
2020-11-18T11:05:59.538-0800: 16.016: [GC (CMS Initial Mark) [1 CMS-initial-mark: 6846K(6848K)] 7569K(9920K), 0.0002097 secs] [Times: user=0.00 sys=0.00, real=0.00 secs] 
2020-11-18T11:05:59.538-0800: 16.017: [CMS-concurrent-mark-start]
2020-11-18T11:05:59.539-0800: 16.018: [Full GC (System.gc()) 2020-11-18T11:05:59.539-0800: 16.018: [CMS2020-11-18T11:05:59.541-0800: 16.019: [CMS-concurrent-mark: 0.001/0.003 secs] [Times: user=0.00 sys=0.00, real=0.01 secs] 
 (concurrent mode interrupted): 6846K->6846K(6848K), 0.0058958 secs] 7624K->7572K(9920K), [Metaspace: 4890K->4890K(139264K)], 0.0059870 secs] [Times: user=0.01 sys=0.00, real=0.01 secs] 
2020-11-18T11:05:59.547-0800: 16.025: [Full GC (System.gc()) 2020-11-18T11:05:59.547-0800: 16.025: [CMS: 6846K->6846K(6848K), 0.0050186 secs] 7626K->7574K(9920K), [Metaspace: 4890K->4890K(139264K)], 0.0050949 secs] [Times: user=0.00 sys=0.00, real=0.01 secs] 
2020-11-18T11:05:59.552-0800: 16.030: [GC (CMS Initial Mark) [1 CMS-initial-mark: 6846K(6848K)] 7574K(9920K), 0.0001892 secs] [Times: user=0.00 sys=0.00, real=0.00 secs] 
2020-11-18T11:05:59.552-0800: 16.031: [CMS-concurrent-mark-start]
2020-11-18T11:05:59.553-0800: 16.031: [Full GC (System.gc()) 2020-11-18T11:05:59.553-0800: 16.032: [CMS2020-11-18T11:05:59.554-0800: 16.033: [CMS-concurrent-mark: 0.001/0.002 secs] [Times: user=0.01 sys=0.00, real=0.00 secs] 
 (concurrent mode interrupted): 6846K->6846K(6848K), 0.0054871 secs] 7629K->7577K(9920K), [Metaspace: 4890K->4890K(139264K)], 0.0055398 secs] [Times: user=0.00 sys=0.00, real=0.00 secs] 
2020-11-18T11:05:59.560-0800: 16.039: [Full GC (System.gc()) 2020-11-18T11:05:59.560-0800: 16.039: [CMS: 6846K->6846K(6848K), 0.0042575 secs] 7631K->7579K(9920K), [Metaspace: 4890K->4890K(139264K)], 0.0043316 secs] [Times: user=0.01 sys=0.00, real=0.00 secs] 
2020-11-18T11:05:59.565-0800: 16.043: [GC (CMS Initial Mark) [1 CMS-initial-mark: 6846K(6848K)] 7579K(9920K), 0.0001916 secs] [Times: user=0.00 sys=0.00, real=0.00 secs] 
2020-11-18T11:05:59.565-0800: 16.043: [CMS-concurrent-mark-start]
2020-11-18T11:05:59.566-0800: 16.044: [Full GC (System.gc()) 2020-11-18T11:05:59.566-0800: 16.044: [CMS2020-11-18T11:05:59.567-0800: 16.046: [CMS-concurrent-mark: 0.001/0.003 secs] [Times: user=0.00 sys=0.00, real=0.00 secs] 
 (concurrent mode interrupted): 6846K->6846K(6848K), 0.0062572 secs] 7633K->7581K(9920K), [Metaspace: 4890K->4890K(139264K)], 0.0063167 secs] [Times: user=0.00 sys=0.00, real=0.01 secs] 
2020-11-18T11:05:59.574-0800: 16.052: [Full GC (System.gc()) 2020-11-18T11:05:59.574-0800: 16.052: [CMS: 6846K->6846K(6848K), 0.0047663 secs] 7636K->7584K(9920K), [Metaspace: 4890K->4890K(139264K)], 0.0048385 secs] [Times: user=0.01 sys=0.00, real=0.00 secs] 
2020-11-18T11:05:59.579-0800: 16.057: [GC (CMS Initial Mark) [1 CMS-initial-mark: 6846K(6848K)] 7584K(9920K), 0.0002275 secs] [Times: user=0.00 sys=0.00, real=0.00 secs] 
2020-11-18T11:05:59.579-0800: 16.057: [CMS-concurrent-mark-start]
2020-11-18T11:05:59.580-0800: 16.058: [Full GC (System.gc()) 2020-11-18T11:05:59.580-0800: 16.058: [CMS2020-11-18T11:05:59.582-0800: 16.060: [CMS-concurrent-mark: 0.001/0.003 secs] [Times: user=0.00 sys=0.00, real=0.01 secs] 
 (concurrent mode interrupted): 6846K->6846K(6848K), 0.0058088 secs] 7638K->7586K(9920K), [Metaspace: 4890K->4890K(139264K)], 0.0058623 secs] [Times: user=0.01 sys=0.00, real=0.00 secs] 
2020-11-18T11:05:59.587-0800: 16.066: [Full GC (System.gc()) 2020-11-18T11:05:59.587-0800: 16.066: [CMS: 6846K->6846K(6848K), 0.0039624 secs] 7641K->7589K(9920K), [Metaspace: 4890K->4890K(139264K)], 0.0040323 secs] [Times: user=0.00 sys=0.00, real=0.01 secs] 
2020-11-18T11:05:59.591-0800: 16.070: [GC (CMS Initial Mark) [1 CMS-initial-mark: 6846K(6848K)] 7589K(9920K), 0.0001980 secs] [Times: user=0.00 sys=0.00, real=0.00 secs] 
2020-11-18T11:05:59.592-0800: 16.070: [CMS-concurrent-mark-start]
2020-11-18T11:05:59.593-0800: 16.071: [Full GC (System.gc()) 2020-11-18T11:05:59.593-0800: 16.071: [CMS2020-11-18T11:05:59.594-0800: 16.072: [CMS-concurrent-mark: 0.001/0.002 secs] [Times: user=0.01 sys=0.00, real=0.00 secs] 
 (concurrent mode interrupted): 6846K->6846K(6848K), 0.0054722 secs] 7643K->7591K(9920K), [Metaspace: 4890K->4890K(139264K)], 0.0055205 secs] [Times: user=0.01 sys=0.00, real=0.00 secs] 
2020-11-18T11:05:59.600-0800: 16.078: [Full GC (System.gc()) 2020-11-18T11:05:59.600-0800: 16.078: [CMS: 6846K->6846K(6848K), 0.0040920 secs] 7645K->7593K(9920K), [Metaspace: 4890K->4890K(139264K)], 0.0041662 secs] [Times: user=0.00 sys=0.00, real=0.00 secs] 
2020-11-18T11:05:59.604-0800: 16.082: [GC (CMS Initial Mark) [1 CMS-initial-mark: 6846K(6848K)] 7593K(9920K), 0.0002198 secs] [Times: user=0.00 sys=0.00, real=0.00 secs] 
2020-11-18T11:05:59.604-0800: 16.083: [CMS-concurrent-mark-start]
2020-11-18T11:05:59.605-0800: 16.084: [Full GC (System.gc()) 2020-11-18T11:05:59.605-0800: 16.084: [CMS2020-11-18T11:05:59.607-0800: 16.085: [CMS-concurrent-mark: 0.001/0.002 secs] [Times: user=0.01 sys=0.00, real=0.00 secs] 
 (concurrent mode interrupted): 6846K->6846K(6848K), 0.0057363 secs] 7648K->7596K(9920K), [Metaspace: 4890K->4890K(139264K)], 0.0057914 secs] [Times: user=0.00 sys=0.00, real=0.01 secs] 
2020-11-18T11:05:59.612-0800: 16.091: [Full GC (System.gc()) 2020-11-18T11:05:59.612-0800: 16.091: [CMS: 6846K->6846K(6848K), 0.0042468 secs] 7650K->7598K(9920K), [Metaspace: 4890K->4890K(139264K)], 0.0050434 secs] [Times: user=0.01 sys=0.01, real=0.00 secs] 
2020-11-18T11:05:59.618-0800: 16.097: [GC (CMS Initial Mark) [1 CMS-initial-mark: 6846K(6848K)] 7598K(9920K), 0.0002053 secs] [Times: user=0.00 sys=0.00, real=0.00 secs] 
2020-11-18T11:05:59.618-0800: 16.097: [CMS-concurrent-mark-start]
2020-11-18T11:05:59.619-0800: 16.098: [Full GC (System.gc()) 2020-11-18T11:05:59.619-0800: 16.098: [CMS2020-11-18T11:05:59.621-0800: 16.099: [CMS-concurrent-mark: 0.001/0.002 secs] [Times: user=0.00 sys=0.00, real=0.01 secs] 
 (concurrent mode interrupted): 6846K->6846K(6848K), 0.0053954 secs] 7653K->7601K(9920K), [Metaspace: 4890K->4890K(139264K)], 0.0054572 secs] [Times: user=0.00 sys=0.00, real=0.01 secs] 
2020-11-18T11:05:59.626-0800: 16.105: [Full GC (System.gc()) 2020-11-18T11:05:59.626-0800: 16.105: [CMS: 6846K->6846K(6848K), 0.0039964 secs] 7655K->7603K(9920K), [Metaspace: 4890K->4890K(139264K)], 0.0040527 secs] [Times: user=0.01 sys=0.00, real=0.01 secs] 
2020-11-18T11:05:59.630-0800: 16.109: [GC (CMS Initial Mark) [1 CMS-initial-mark: 6846K(6848K)] 7603K(9920K), 0.0002346 secs] [Times: user=0.00 sys=0.00, real=0.00 secs] 
2020-11-18T11:05:59.631-0800: 16.109: [CMS-concurrent-mark-start]
2020-11-18T11:05:59.632-0800: 16.110: [Full GC (System.gc()) 2020-11-18T11:05:59.632-0800: 16.110: [CMS2020-11-18T11:05:59.633-0800: 16.112: [CMS-concurrent-mark: 0.001/0.003 secs] [Times: user=0.00 sys=0.00, real=0.00 secs] 
 (concurrent mode interrupted): 6846K->6846K(6848K), 0.0053035 secs] 7657K->7606K(9920K), [Metaspace: 4890K->4890K(139264K)], 0.0053584 secs] [Times: user=0.01 sys=0.00, real=0.00 secs] 
2020-11-18T11:05:59.639-0800: 16.117: [Full GC (System.gc()) 2020-11-18T11:05:59.639-0800: 16.117: [CMS: 6846K->6846K(6848K), 0.0045163 secs] 7660K->7608K(9920K), [Metaspace: 4890K->4890K(139264K)], 0.0045811 secs] [Times: user=0.00 sys=0.00, real=0.01 secs] 
2020-11-18T11:05:59.643-0800: 16.122: [GC (CMS Initial Mark) [1 CMS-initial-mark: 6846K(6848K)] 7608K(9920K), 0.0002214 secs] [Times: user=0.00 sys=0.00, real=0.00 secs] 
2020-11-18T11:05:59.644-0800: 16.122: [CMS-concurrent-mark-start]
2020-11-18T11:05:59.645-0800: 16.123: [Full GC (System.gc()) 2020-11-18T11:05:59.645-0800: 16.123: [CMS2020-11-18T11:05:59.646-0800: 16.125: [CMS-concurrent-mark: 0.001/0.003 secs] [Times: user=0.00 sys=0.00, real=0.00 secs] 
 (concurrent mode interrupted): 6846K->6846K(6848K), 0.0060618 secs] 7662K->7610K(9920K), [Metaspace: 4890K->4890K(139264K)], 0.0061247 secs] [Times: user=0.01 sys=0.00, real=0.01 secs] 
2020-11-18T11:05:59.652-0800: 16.131: [Full GC (System.gc()) 2020-11-18T11:05:59.652-0800: 16.131: [CMS: 6846K->6846K(6848K), 0.0042264 secs] 7665K->7613K(9920K), [Metaspace: 4890K->4890K(139264K)], 0.0042981 secs] [Times: user=0.00 sys=0.00, real=0.00 secs] 
2020-11-18T11:05:59.657-0800: 16.135: [GC (CMS Initial Mark) [1 CMS-initial-mark: 6846K(6848K)] 7613K(9920K), 0.0002714 secs] [Times: user=0.00 sys=0.00, real=0.00 secs] 
2020-11-18T11:05:59.657-0800: 16.136: [CMS-concurrent-mark-start]
2020-11-18T11:05:59.658-0800: 16.136: [Full GC (System.gc()) 2020-11-18T11:05:59.658-0800: 16.136: [CMS2020-11-18T11:05:59.660-0800: 16.139: [CMS-concurrent-mark: 0.002/0.003 secs] [Times: user=0.01 sys=0.00, real=0.01 secs] 
 (concurrent mode interrupted): 6846K->6846K(6848K), 0.0064510 secs] 7667K->7615K(9920K), [Metaspace: 4890K->4890K(139264K)], 0.0065175 secs] [Times: user=0.00 sys=0.00, real=0.01 secs] 
2020-11-18T11:05:59.666-0800: 16.144: [Full GC (System.gc()) 2020-11-18T11:05:59.666-0800: 16.144: [CMS: 6846K->6846K(6848K), 0.0043827 secs] 7670K->7618K(9920K), [Metaspace: 4890K->4890K(139264K)], 0.0044705 secs] [Times: user=0.01 sys=0.00, real=0.01 secs] 
2020-11-18T11:05:59.670-0800: 16.149: [GC (CMS Initial Mark) [1 CMS-initial-mark: 6846K(6848K)] 7618K(9920K), 0.0002254 secs] [Times: user=0.00 sys=0.00, real=0.00 secs] 
2020-11-18T11:05:59.671-0800: 16.149: [CMS-concurrent-mark-start]
2020-11-18T11:05:59.672-0800: 16.150: [Full GC (System.gc()) 2020-11-18T11:05:59.672-0800: 16.150: [CMS2020-11-18T11:05:59.673-0800: 16.152: [CMS-concurrent-mark: 0.002/0.003 secs] [Times: user=0.00 sys=0.00, real=0.00 secs] 
 (concurrent mode interrupted): 6846K->6846K(6848K), 0.0057581 secs] 7672K->7620K(9920K), [Metaspace: 4890K->4890K(139264K)], 0.0058316 secs] [Times: user=0.01 sys=0.00, real=0.00 secs] 
2020-11-18T11:05:59.679-0800: 16.157: [Full GC (System.gc()) 2020-11-18T11:05:59.679-0800: 16.157: [CMS: 6846K->6846K(6848K), 0.0050673 secs] 7674K->7622K(9920K), [Metaspace: 4890K->4890K(139264K)], 0.0051489 secs] [Times: user=0.00 sys=0.00, real=0.01 secs] 
2020-11-18T11:05:59.684-0800: 16.163: [GC (CMS Initial Mark) [1 CMS-initial-mark: 6846K(6848K)] 7622K(9920K), 0.0002753 secs] [Times: user=0.00 sys=0.00, real=0.00 secs] 
2020-11-18T11:05:59.685-0800: 16.163: [CMS-concurrent-mark-start]
2020-11-18T11:05:59.686-0800: 16.164: [Full GC (System.gc()) 2020-11-18T11:05:59.686-0800: 16.164: [CMS2020-11-18T11:05:59.687-0800: 16.166: [CMS-concurrent-mark: 0.001/0.003 secs] [Times: user=0.01 sys=0.00, real=0.00 secs] 
 (concurrent mode interrupted): 6846K->6846K(6848K), 0.0066230 secs] 7677K->7625K(9920K), [Metaspace: 4890K->4890K(139264K)], 0.0066843 secs] [Times: user=0.01 sys=0.00, real=0.01 secs] 
2020-11-18T11:05:59.694-0800: 16.172: [Full GC (System.gc()) 2020-11-18T11:05:59.694-0800: 16.172: [CMS: 6846K->6846K(6848K), 0.0046748 secs] 7679K->7627K(9920K), [Metaspace: 4890K->4890K(139264K)], 0.0047481 secs] [Times: user=0.00 sys=0.00, real=0.00 secs] 
2020-11-18T11:05:59.698-0800: 16.177: [GC (CMS Initial Mark) [1 CMS-initial-mark: 6846K(6848K)] 7627K(9920K), 0.0002239 secs] [Times: user=0.00 sys=0.00, real=0.00 secs] 
2020-11-18T11:05:59.699-0800: 16.177: [CMS-concurrent-mark-start]
2020-11-18T11:05:59.700-0800: 16.178: [Full GC (System.gc()) 2020-11-18T11:05:59.700-0800: 16.178: [CMS2020-11-18T11:05:59.702-0800: 16.180: [CMS-concurrent-mark: 0.002/0.003 secs] [Times: user=0.01 sys=0.00, real=0.01 secs] 
 (concurrent mode interrupted): 6846K->6846K(6848K), 0.0069892 secs] 7682K->7630K(9920K), [Metaspace: 4890K->4890K(139264K)], 0.0196278 secs] [Times: user=0.00 sys=0.00, real=0.01 secs] 
2020-11-18T11:05:59.721-0800: 16.200: [Full GC (System.gc()) 2020-11-18T11:05:59.721-0800: 16.200: [CMS: 6846K->6846K(6848K), 0.0047111 secs] 7684K->7632K(9920K), [Metaspace: 4890K->4890K(139264K)], 0.0048019 secs] [Times: user=0.01 sys=0.00, real=0.00 secs] 
2020-11-18T11:05:59.726-0800: 16.205: [GC (CMS Initial Mark) [1 CMS-initial-mark: 6846K(6848K)] 7632K(9920K), 0.0002182 secs] [Times: user=0.00 sys=0.00, real=0.00 secs] 
2020-11-18T11:05:59.726-0800: 16.205: [CMS-concurrent-mark-start]
2020-11-18T11:05:59.727-0800: 16.206: [Full GC (System.gc()) 2020-11-18T11:05:59.727-0800: 16.206: [CMS2020-11-18T11:05:59.729-0800: 16.207: [CMS-concurrent-mark: 0.001/0.002 secs] [Times: user=0.00 sys=0.00, real=0.00 secs] 
 (concurrent mode interrupted): 6846K->6846K(6848K), 0.0061488 secs] 7686K->7634K(9920K), [Metaspace: 4890K->4890K(139264K)], 0.0062224 secs] [Times: user=0.01 sys=0.00, real=0.01 secs] 
2020-11-18T11:05:59.735-0800: 16.213: [Full GC (System.gc()) 2020-11-18T11:05:59.735-0800: 16.213: [CMS: 6846K->6846K(6848K), 0.0050153 secs] 7689K->7637K(9920K), [Metaspace: 4890K->4890K(139264K)], 0.0050900 secs] [Times: user=0.00 sys=0.00, real=0.01 secs] 
2020-11-18T11:05:59.740-0800: 16.219: [GC (CMS Initial Mark) [1 CMS-initial-mark: 6846K(6848K)] 7637K(9920K), 0.0002837 secs] [Times: user=0.00 sys=0.00, real=0.00 secs] 
2020-11-18T11:05:59.741-0800: 16.219: [CMS-concurrent-mark-start]
2020-11-18T11:05:59.741-0800: 16.220: [Full GC (System.gc()) 2020-11-18T11:05:59.741-0800: 16.220: [CMS2020-11-18T11:05:59.743-0800: 16.222: [CMS-concurrent-mark: 0.002/0.003 secs] [Times: user=0.01 sys=0.00, real=0.00 secs] 
 (concurrent mode interrupted): 6846K->6846K(6848K), 0.0068652 secs] 7691K->7639K(9920K), [Metaspace: 4890K->4890K(139264K)], 0.0069580 secs] [Times: user=0.00 sys=0.00, real=0.00 secs] 
2020-11-18T11:05:59.750-0800: 16.228: [Full GC (System.gc()) 2020-11-18T11:05:59.750-0800: 16.228: [CMS: 6846K->6846K(6848K), 0.0051651 secs] 7694K->7642K(9920K), [Metaspace: 4890K->4890K(139264K)], 0.0052475 secs] [Times: user=0.01 sys=0.00, real=0.00 secs] 
2020-11-18T11:05:59.755-0800: 16.233: [GC (CMS Initial Mark) [1 CMS-initial-mark: 6846K(6848K)] 7642K(9920K), 0.0001874 secs] [Times: user=0.00 sys=0.00, real=0.00 secs] 
2020-11-18T11:05:59.755-0800: 16.234: [CMS-concurrent-mark-start]
2020-11-18T11:05:59.757-0800: 16.235: [CMS-concurrent-mark: 0.001/0.001 secs] [Times: user=0.00 sys=0.00, real=0.00 secs] 
2020-11-18T11:05:59.757-0800: 16.235: [Full GC (System.gc()) 2020-11-18T11:05:59.757-0800: 16.235: [CMS (concurrent mode interrupted): 6846K->6846K(6848K), 0.0038180 secs] 7696K->7644K(9920K), [Metaspace: 4890K->4890K(139264K)], 0.0038787 secs] [Times: user=0.01 sys=0.00, real=0.01 secs] 
2020-11-18T11:05:59.762-0800: 16.240: [Full GC (System.gc()) 2020-11-18T11:05:59.762-0800: 16.240: [CMS: 6846K->6846K(6848K), 0.0039848 secs] 7699K->7647K(9920K), [Metaspace: 4890K->4890K(139264K)], 0.0040472 secs] [Times: user=0.00 sys=0.00, real=0.00 secs] 
2020-11-18T11:05:59.766-0800: 16.245: [GC (CMS Initial Mark) [1 CMS-initial-mark: 6846K(6848K)] 7647K(9920K), 0.0003188 secs] [Times: user=0.00 sys=0.00, real=0.00 secs] 
2020-11-18T11:05:59.767-0800: 16.245: [CMS-concurrent-mark-start]
2020-11-18T11:05:59.767-0800: 16.246: [Full GC (System.gc()) 2020-11-18T11:05:59.767-0800: 16.246: [CMS2020-11-18T11:05:59.769-0800: 16.248: [CMS-concurrent-mark: 0.001/0.003 secs] [Times: user=0.00 sys=0.00, real=0.00 secs] 
 (concurrent mode interrupted): 6846K->6846K(6848K), 0.0058031 secs] 7701K->7649K(9920K), [Metaspace: 4890K->4890K(139264K)], 0.0058633 secs] [Times: user=0.01 sys=0.00, real=0.01 secs] 
2020-11-18T11:05:59.774-0800: 16.253: [Full GC (System.gc()) 2020-11-18T11:05:59.774-0800: 16.253: [CMS: 6846K->6846K(6848K), 0.0038109 secs] 7703K->7651K(9920K), [Metaspace: 4890K->4890K(139264K)], 0.0038713 secs] [Times: user=0.00 sys=0.00, real=0.00 secs] 
2020-11-18T11:05:59.778-0800: 16.257: [GC (CMS Initial Mark) [1 CMS-initial-mark: 6846K(6848K)] 7651K(9920K), 0.0002080 secs] [Times: user=0.00 sys=0.00, real=0.00 secs] 
2020-11-18T11:05:59.779-0800: 16.257: [CMS-concurrent-mark-start]
2020-11-18T11:05:59.780-0800: 16.258: [Full GC (System.gc()) 2020-11-18T11:05:59.780-0800: 16.258: [CMS2020-11-18T11:05:59.781-0800: 16.260: [CMS-concurrent-mark: 0.001/0.003 secs] [Times: user=0.01 sys=0.00, real=0.01 secs] 
 (concurrent mode interrupted): 6846K->6846K(6848K), 0.0063113 secs] 7706K->7654K(9920K), [Metaspace: 4890K->4890K(139264K)], 0.0063869 secs] [Times: user=0.01 sys=0.00, real=0.00 secs] 
2020-11-18T11:05:59.788-0800: 16.266: [Full GC (System.gc()) 2020-11-18T11:05:59.788-0800: 16.266: [CMS: 6846K->6846K(6848K), 0.0040344 secs] 7708K->7656K(9920K), [Metaspace: 4890K->4890K(139264K)], 0.0041191 secs] [Times: user=0.00 sys=0.00, real=0.01 secs] 
2020-11-18T11:05:59.792-0800: 16.270: [GC (CMS Initial Mark) [1 CMS-initial-mark: 6846K(6848K)] 7656K(9920K), 0.0002184 secs] [Times: user=0.00 sys=0.00, real=0.00 secs] 
2020-11-18T11:05:59.792-0800: 16.271: [CMS-concurrent-mark-start]
2020-11-18T11:05:59.793-0800: 16.272: [Full GC (System.gc()) 2020-11-18T11:05:59.793-0800: 16.272: [CMS2020-11-18T11:05:59.795-0800: 16.273: [CMS-concurrent-mark: 0.001/0.003 secs] [Times: user=0.01 sys=0.01, real=0.00 secs] 
 (concurrent mode interrupted): 6846K->6846K(6848K), 0.0050198 secs] 7711K->7659K(9920K), [Metaspace: 4890K->4890K(139264K)], 0.0050815 secs] [Times: user=0.00 sys=0.01, real=0.00 secs] 
2020-11-18T11:05:59.800-0800: 16.278: [Full GC (System.gc()) 2020-11-18T11:05:59.800-0800: 16.278: [CMS: 6846K->6846K(6848K), 0.0060768 secs] 7713K->7661K(9920K), [Metaspace: 4890K->4890K(139264K)], 0.0061521 secs] [Times: user=0.01 sys=0.00, real=0.00 secs] 
2020-11-18T11:05:59.806-0800: 16.284: [GC (CMS Initial Mark) [1 CMS-initial-mark: 6846K(6848K)] 7661K(9920K), 0.0002469 secs] [Times: user=0.00 sys=0.00, real=0.00 secs] 
2020-11-18T11:05:59.806-0800: 16.285: [CMS-concurrent-mark-start]
2020-11-18T11:05:59.807-0800: 16.286: [Full GC (System.gc()) 2020-11-18T11:05:59.807-0800: 16.286: [CMS2020-11-18T11:05:59.809-0800: 16.287: [CMS-concurrent-mark: 0.001/0.002 secs] [Times: user=0.00 sys=0.00, real=0.00 secs] 
 (concurrent mode interrupted): 6846K->6846K(6848K), 0.0071465 secs] 7715K->7663K(9920K), [Metaspace: 4890K->4890K(139264K)], 0.0072370 secs] [Times: user=0.01 sys=0.00, real=0.01 secs] 
2020-11-18T11:05:59.816-0800: 16.294: [Full GC (System.gc()) 2020-11-18T11:05:59.816-0800: 16.294: [CMS: 6846K->6846K(6848K), 0.0066548 secs] 7718K->7666K(9920K), [Metaspace: 4890K->4890K(139264K)], 0.0067302 secs] [Times: user=0.00 sys=0.00, real=0.01 secs] 
2020-11-18T11:05:59.823-0800: 16.301: [GC (CMS Initial Mark) [1 CMS-initial-mark: 6846K(6848K)] 7666K(9920K), 0.0003322 secs] [Times: user=0.00 sys=0.00, real=0.00 secs] 
2020-11-18T11:05:59.823-0800: 16.301: [CMS-concurrent-mark-start]
2020-11-18T11:05:59.824-0800: 16.302: [Full GC (System.gc()) 2020-11-18T11:05:59.824-0800: 16.303: [CMS2020-11-18T11:05:59.826-0800: 16.304: [CMS-concurrent-mark: 0.001/0.003 secs] [Times: user=0.01 sys=0.00, real=0.00 secs] 
 (concurrent mode interrupted): 6846K->6846K(6848K), 0.0059153 secs] 7720K->7668K(9920K), [Metaspace: 4890K->4890K(139264K)], 0.0061349 secs] [Times: user=0.00 sys=0.00, real=0.01 secs] 
2020-11-18T11:05:59.832-0800: 16.310: [Full GC (System.gc()) 2020-11-18T11:05:59.832-0800: 16.310: [CMS: 6846K->6846K(6848K), 0.0039089 secs] 7723K->7671K(9920K), [Metaspace: 4890K->4890K(139264K)], 0.0039763 secs] [Times: user=0.00 sys=0.00, real=0.00 secs] 
2020-11-18T11:05:59.836-0800: 16.314: [GC (CMS Initial Mark) [1 CMS-initial-mark: 6846K(6848K)] 7671K(9920K), 0.0002132 secs] [Times: user=0.00 sys=0.00, real=0.00 secs] 
2020-11-18T11:05:59.836-0800: 16.314: [CMS-concurrent-mark-start]
2020-11-18T11:05:59.837-0800: 16.315: [Full GC (System.gc()) 2020-11-18T11:05:59.837-0800: 16.315: [CMS2020-11-18T11:05:59.838-0800: 16.316: [CMS-concurrent-mark: 0.001/0.002 secs] [Times: user=0.01 sys=0.00, real=0.00 secs] 
 (concurrent mode interrupted): 6846K->6846K(6848K), 0.0085656 secs] 7725K->7673K(9920K), [Metaspace: 4890K->4890K(139264K)], 0.0086286 secs] [Times: user=0.00 sys=0.00, real=0.01 secs] 
2020-11-18T11:05:59.847-0800: 16.325: [Full GC (System.gc()) 2020-11-18T11:05:59.847-0800: 16.325: [CMS: 6846K->6846K(6848K), 0.0050929 secs] 7728K->7676K(9920K), [Metaspace: 4890K->4890K(139264K)], 0.0051669 secs] [Times: user=0.01 sys=0.00, real=0.01 secs] 
2020-11-18T11:05:59.852-0800: 16.331: [GC (CMS Initial Mark) [1 CMS-initial-mark: 6846K(6848K)] 7676K(9920K), 0.0003439 secs] [Times: user=0.00 sys=0.00, real=0.00 secs] 
2020-11-18T11:05:59.853-0800: 16.331: [CMS-concurrent-mark-start]
2020-11-18T11:05:59.854-0800: 16.332: [Full GC (System.gc()) 2020-11-18T11:05:59.854-0800: 16.332: [CMS2020-11-18T11:05:59.855-0800: 16.334: [CMS-concurrent-mark: 0.002/0.003 secs] [Times: user=0.00 sys=0.00, real=0.00 secs] 
 (concurrent mode interrupted): 6846K->6846K(6848K), 0.0066532 secs] 7730K->7678K(9920K), [Metaspace: 4890K->4890K(139264K)], 0.0067316 secs] [Times: user=0.01 sys=0.00, real=0.01 secs] 
2020-11-18T11:05:59.862-0800: 16.340: [Full GC (System.gc()) 2020-11-18T11:05:59.862-0800: 16.340: [CMS: 6846K->6846K(6848K), 0.0041659 secs] 7732K->7680K(9920K), [Metaspace: 4890K->4890K(139264K)], 0.0042366 secs] [Times: user=0.00 sys=0.00, real=0.00 secs] 
2020-11-18T11:05:59.866-0800: 16.345: [GC (CMS Initial Mark) [1 CMS-initial-mark: 6846K(6848K)] 7680K(9920K), 0.0001898 secs] [Times: user=0.00 sys=0.00, real=0.00 secs] 
2020-11-18T11:05:59.866-0800: 16.345: [CMS-concurrent-mark-start]
2020-11-18T11:05:59.867-0800: 16.346: [Full GC (System.gc()) 2020-11-18T11:05:59.867-0800: 16.346: [CMS2020-11-18T11:05:59.869-0800: 16.347: [CMS-concurrent-mark: 0.001/0.002 secs] [Times: user=0.01 sys=0.00, real=0.00 secs] 
 (concurrent mode interrupted): 6846K->6846K(6848K), 0.0053456 secs] 7735K->7683K(9920K), [Metaspace: 4890K->4890K(139264K)], 0.0054172 secs] [Times: user=0.00 sys=0.00, real=0.01 secs] 
2020-11-18T11:05:59.874-0800: 16.353: [Full GC (System.gc()) 2020-11-18T11:05:59.874-0800: 16.353: [CMS: 6846K->6846K(6848K), 0.0042568 secs] 7737K->7685K(9920K), [Metaspace: 4890K->4890K(139264K)], 0.0043262 secs] [Times: user=0.00 sys=0.00, real=0.00 secs] 
2020-11-18T11:05:59.879-0800: 16.357: [GC (CMS Initial Mark) [1 CMS-initial-mark: 6846K(6848K)] 7685K(9920K), 0.0002266 secs] [Times: user=0.01 sys=0.00, real=0.00 secs] 
2020-11-18T11:05:59.879-0800: 16.358: [CMS-concurrent-mark-start]
2020-11-18T11:05:59.880-0800: 16.358: [Full GC (System.gc()) 2020-11-18T11:05:59.880-0800: 16.358: [CMS2020-11-18T11:05:59.882-0800: 16.360: [CMS-concurrent-mark: 0.001/0.002 secs] [Times: user=0.00 sys=0.00, real=0.01 secs] 
 (concurrent mode interrupted): 6846K->6846K(6848K), 0.0061646 secs] 7740K->7688K(9920K), [Metaspace: 4890K->4890K(139264K)], 0.0062437 secs] [Times: user=0.00 sys=0.00, real=0.00 secs] 
2020-11-18T11:05:59.888-0800: 16.366: [Full GC (System.gc()) 2020-11-18T11:05:59.888-0800: 16.366: [CMS: 6846K->6846K(6848K), 0.0047700 secs] 7742K->7690K(9920K), [Metaspace: 4890K->4890K(139264K)], 0.0048512 secs] [Times: user=0.01 sys=0.00, real=0.01 secs] 
2020-11-18T11:05:59.893-0800: 16.371: [GC (CMS Initial Mark) [1 CMS-initial-mark: 6846K(6848K)] 7690K(9920K), 0.0002152 secs] [Times: user=0.00 sys=0.00, real=0.00 secs] 
2020-11-18T11:05:59.893-0800: 16.371: [CMS-concurrent-mark-start]
2020-11-18T11:05:59.894-0800: 16.372: [Full GC (System.gc()) 2020-11-18T11:05:59.894-0800: 16.372: [CMS2020-11-18T11:05:59.895-0800: 16.374: [CMS-concurrent-mark: 0.001/0.002 secs] [Times: user=0.00 sys=0.00, real=0.00 secs] 
 (concurrent mode interrupted): 6846K->6846K(6848K), 0.0061001 secs] 7744K->7692K(9920K), [Metaspace: 4890K->4890K(139264K)], 0.0061757 secs] [Times: user=0.01 sys=0.00, real=0.01 secs] 
2020-11-18T11:05:59.901-0800: 16.380: [Full GC (System.gc()) 2020-11-18T11:05:59.901-0800: 16.380: [CMS: 6846K->6846K(6848K), 0.0046133 secs] 7747K->7695K(9920K), [Metaspace: 4890K->4890K(139264K)], 0.0046901 secs] [Times: user=0.00 sys=0.00, real=0.00 secs] 
2020-11-18T11:05:59.906-0800: 16.384: [GC (CMS Initial Mark) [1 CMS-initial-mark: 6846K(6848K)] 7695K(9920K), 0.0001866 secs] [Times: user=0.00 sys=0.00, real=0.00 secs] 
2020-11-18T11:05:59.906-0800: 16.385: [CMS-concurrent-mark-start]
2020-11-18T11:05:59.907-0800: 16.386: [Full GC (System.gc()) 2020-11-18T11:05:59.907-0800: 16.386: [CMS2020-11-18T11:05:59.909-0800: 16.387: [CMS-concurrent-mark: 0.001/0.003 secs] [Times: user=0.01 sys=0.00, real=0.00 secs] 
 (concurrent mode interrupted): 6846K->6846K(6848K), 0.0057806 secs] 7749K->7697K(9920K), [Metaspace: 4890K->4890K(139264K)], 0.0058521 secs] [Times: user=0.00 sys=0.00, real=0.01 secs] 
2020-11-18T11:05:59.914-0800: 16.393: [Full GC (System.gc()) 2020-11-18T11:05:59.914-0800: 16.393: [CMS: 6846K->6846K(6848K), 0.0053724 secs] 7752K->7700K(9920K), [Metaspace: 4890K->4890K(139264K)], 0.0054491 secs] [Times: user=0.00 sys=0.00, real=0.01 secs] 
2020-11-18T11:05:59.920-0800: 16.398: [GC (CMS Initial Mark) [1 CMS-initial-mark: 6846K(6848K)] 7700K(9920K), 0.0002213 secs] [Times: user=0.01 sys=0.00, real=0.00 secs] 
2020-11-18T11:05:59.920-0800: 16.399: [CMS-concurrent-mark-start]
2020-11-18T11:05:59.921-0800: 16.400: [Full GC (System.gc()) 2020-11-18T11:05:59.921-0800: 16.400: [CMS2020-11-18T11:05:59.923-0800: 16.402: [CMS-concurrent-mark: 0.002/0.003 secs] [Times: user=0.00 sys=0.00, real=0.00 secs] 
 (concurrent mode interrupted): 6846K->6846K(6848K), 0.0068361 secs] 7754K->7702K(9920K), [Metaspace: 4890K->4890K(139264K)], 0.0069242 secs] [Times: user=0.00 sys=0.00, real=0.00 secs] 
2020-11-18T11:05:59.930-0800: 16.408: [Full GC (System.gc()) 2020-11-18T11:05:59.930-0800: 16.408: [CMS: 6846K->6846K(6848K), 0.0048648 secs] 7756K->7704K(9920K), [Metaspace: 4890K->4890K(139264K)], 0.0049532 secs] [Times: user=0.01 sys=0.00, real=0.00 secs] 
2020-11-18T11:05:59.935-0800: 16.413: [GC (CMS Initial Mark) [1 CMS-initial-mark: 6846K(6848K)] 7704K(9920K), 0.0002722 secs] [Times: user=0.00 sys=0.00, real=0.00 secs] 
2020-11-18T11:05:59.935-0800: 16.414: [CMS-concurrent-mark-start]
2020-11-18T11:05:59.936-0800: 16.415: [Full GC (System.gc()) 2020-11-18T11:05:59.936-0800: 16.415: [CMS2020-11-18T11:05:59.938-0800: 16.416: [CMS-concurrent-mark: 0.001/0.003 secs] [Times: user=0.00 sys=0.00, real=0.00 secs] 
 (concurrent mode interrupted): 6846K->6846K(6848K), 0.0057717 secs] 7759K->7707K(9920K), [Metaspace: 4890K->4890K(139264K)], 0.0058378 secs] [Times: user=0.01 sys=0.00, real=0.01 secs] 
2020-11-18T11:05:59.944-0800: 16.422: [Full GC (System.gc()) 2020-11-18T11:05:59.944-0800: 16.422: [CMS: 6846K->6846K(6848K), 0.0040518 secs] 7761K->7709K(9920K), [Metaspace: 4890K->4890K(139264K)], 0.0041254 secs] [Times: user=0.00 sys=0.00, real=0.00 secs] 
2020-11-18T11:05:59.948-0800: 16.426: [GC (CMS Initial Mark) [1 CMS-initial-mark: 6846K(6848K)] 7709K(9920K), 0.0002177 secs] [Times: user=0.00 sys=0.00, real=0.00 secs] 
2020-11-18T11:05:59.948-0800: 16.426: [CMS-concurrent-mark-start]
2020-11-18T11:05:59.949-0800: 16.427: [Full GC (System.gc()) 2020-11-18T11:05:59.949-0800: 16.427: [CMS2020-11-18T11:05:59.951-0800: 16.429: [CMS-concurrent-mark: 0.001/0.003 secs] [Times: user=0.01 sys=0.00, real=0.01 secs] 
 (concurrent mode interrupted): 6846K->6846K(6848K), 0.0053509 secs] 7764K->7712K(9920K), [Metaspace: 4890K->4890K(139264K)], 0.0054048 secs] [Times: user=0.00 sys=0.00, real=0.01 secs] 
2020-11-18T11:05:59.956-0800: 16.434: [Full GC (System.gc()) 2020-11-18T11:05:59.956-0800: 16.434: [CMS: 6846K->6846K(6848K), 0.0036041 secs] 7766K->7714K(9920K), [Metaspace: 4890K->4890K(139264K)], 0.0036604 secs] [Times: user=0.00 sys=0.00, real=0.00 secs] 
2020-11-18T11:05:59.959-0800: 16.438: [GC (CMS Initial Mark) [1 CMS-initial-mark: 6846K(6848K)] 7714K(9920K), 0.0002302 secs] [Times: user=0.00 sys=0.00, real=0.01 secs] 
2020-11-18T11:05:59.960-0800: 16.438: [CMS-concurrent-mark-start]
2020-11-18T11:05:59.960-0800: 16.439: [Full GC (System.gc()) 2020-11-18T11:05:59.960-0800: 16.439: [CMS2020-11-18T11:05:59.962-0800: 16.441: [CMS-concurrent-mark: 0.001/0.003 secs] [Times: user=0.01 sys=0.00, real=0.00 secs] 
 (concurrent mode interrupted): 6846K->6846K(6848K), 0.0056900 secs] 7769K->7717K(9920K), [Metaspace: 4890K->4890K(139264K)], 0.0057522 secs] [Times: user=0.00 sys=0.00, real=0.00 secs] 
2020-11-18T11:05:59.968-0800: 16.446: [Full GC (System.gc()) 2020-11-18T11:05:59.968-0800: 16.446: [CMS: 6846K->6846K(6848K), 0.0044913 secs] 7771K->7719K(9920K), [Metaspace: 4890K->4890K(139264K)], 0.0045792 secs] [Times: user=0.01 sys=0.00, real=0.01 secs] 
2020-11-18T11:05:59.972-0800: 16.451: [GC (CMS Initial Mark) [1 CMS-initial-mark: 6846K(6848K)] 7719K(9920K), 0.0002136 secs] [Times: user=0.00 sys=0.01, real=0.00 secs] 
2020-11-18T11:05:59.973-0800: 16.451: [CMS-concurrent-mark-start]
2020-11-18T11:05:59.974-0800: 16.452: [Full GC (System.gc()) 2020-11-18T11:05:59.974-0800: 16.452: [CMS2020-11-18T11:05:59.975-0800: 16.454: [CMS-concurrent-mark: 0.001/0.003 secs] [Times: user=0.00 sys=0.00, real=0.00 secs] 
 (concurrent mode interrupted): 6846K->6846K(6848K), 0.0062608 secs] 7773K->7721K(9920K), [Metaspace: 4890K->4890K(139264K)], 0.0063329 secs] [Times: user=0.01 sys=0.00, real=0.01 secs] 
2020-11-18T11:05:59.981-0800: 16.460: [Full GC (System.gc()) 2020-11-18T11:05:59.981-0800: 16.460: [CMS: 6846K->6846K(6848K), 0.0046605 secs] 7776K->7724K(9920K), [Metaspace: 4890K->4890K(139264K)], 0.0047403 secs] [Times: user=0.00 sys=0.00, real=0.00 secs] 
2020-11-18T11:05:59.986-0800: 16.465: [GC (CMS Initial Mark) [1 CMS-initial-mark: 6846K(6848K)] 7724K(9920K), 0.0002043 secs] [Times: user=0.00 sys=0.00, real=0.00 secs] 
2020-11-18T11:05:59.986-0800: 16.465: [CMS-concurrent-mark-start]
2020-11-18T11:05:59.988-0800: 16.466: [Full GC (System.gc()) 2020-11-18T11:05:59.988-0800: 16.466: [CMS2020-11-18T11:05:59.989-0800: 16.467: [CMS-concurrent-mark: 0.001/0.002 secs] [Times: user=0.00 sys=0.00, real=0.00 secs] 
 (concurrent mode interrupted): 6846K->6846K(6848K), 0.0049551 secs] 7778K->7726K(9920K), [Metaspace: 4890K->4890K(139264K)], 0.0050127 secs] [Times: user=0.01 sys=0.00, real=0.01 secs] 
2020-11-18T11:05:59.994-0800: 16.472: [Full GC (System.gc()) 2020-11-18T11:05:59.994-0800: 16.472: [CMS: 6846K->6846K(6848K), 0.0036981 secs] 7781K->7729K(9920K), [Metaspace: 4890K->4890K(139264K)], 0.0037524 secs] [Times: user=0.00 sys=0.00, real=0.00 secs] 
2020-11-18T11:05:59.998-0800: 16.476: [GC (CMS Initial Mark) [1 CMS-initial-mark: 6846K(6848K)] 7729K(9920K), 0.0001995 secs] [Times: user=0.00 sys=0.00, real=0.00 secs] 
2020-11-18T11:05:59.998-0800: 16.476: [CMS-concurrent-mark-start]
2020-11-18T11:05:59.999-0800: 16.477: [Full GC (System.gc()) 2020-11-18T11:05:59.999-0800: 16.477: [CMS2020-11-18T11:06:00.000-0800: 16.479: [CMS-concurrent-mark: 0.001/0.002 secs] [Times: user=0.01 sys=0.00, real=0.01 secs] 
 (concurrent mode interrupted): 6846K->6846K(6848K), 0.0053423 secs] 7783K->7731K(9920K), [Metaspace: 4890K->4890K(139264K)], 0.0054006 secs] [Times: user=0.01 sys=0.00, real=0.01 secs] 
2020-11-18T11:06:00.006-0800: 16.484: [Full GC (System.gc()) 2020-11-18T11:06:00.006-0800: 16.484: [CMS: 6846K->6846K(6848K), 0.0036345 secs] 7785K->7733K(9920K), [Metaspace: 4890K->4890K(139264K)], 0.0036915 secs] [Times: user=0.00 sys=0.00, real=0.00 secs] 
2020-11-18T11:06:00.009-0800: 16.488: [GC (CMS Initial Mark) [1 CMS-initial-mark: 6846K(6848K)] 7733K(9920K), 0.0002123 secs] [Times: user=0.00 sys=0.00, real=0.01 secs] 
2020-11-18T11:06:00.010-0800: 16.488: [CMS-concurrent-mark-start]
2020-11-18T11:06:00.011-0800: 16.489: [Full GC (System.gc()) 2020-11-18T11:06:00.011-0800: 16.489: [CMS2020-11-18T11:06:00.012-0800: 16.491: [CMS-concurrent-mark: 0.001/0.002 secs] [Times: user=0.01 sys=0.00, real=0.00 secs] 
 (concurrent mode interrupted): 6846K->6846K(6848K), 0.0054917 secs] 7788K->7736K(9920K), [Metaspace: 4890K->4890K(139264K)], 0.0055600 secs] [Times: user=0.00 sys=0.00, real=0.00 secs] 
2020-11-18T11:06:00.018-0800: 16.496: [Full GC (System.gc()) 2020-11-18T11:06:00.018-0800: 16.496: [CMS: 6846K->6846K(6848K), 0.0034508 secs] 7790K->7738K(9920K), [Metaspace: 4890K->4890K(139264K)], 0.0035068 secs] [Times: user=0.00 sys=0.00, real=0.01 secs] 
2020-11-18T11:06:00.022-0800: 16.500: [GC (CMS Initial Mark) [1 CMS-initial-mark: 6846K(6848K)] 7738K(9920K), 0.0002014 secs] [Times: user=0.00 sys=0.00, real=0.00 secs] 
2020-11-18T11:06:00.022-0800: 16.500: [CMS-concurrent-mark-start]
2020-11-18T11:06:00.023-0800: 16.501: [Full GC (System.gc()) 2020-11-18T11:06:00.023-0800: 16.502: [CMS2020-11-18T11:06:00.024-0800: 16.503: [CMS-concurrent-mark: 0.001/0.002 secs] [Times: user=0.00 sys=0.00, real=0.00 secs] 
 (concurrent mode interrupted): 6846K->6846K(6848K), 0.0045506 secs] 7793K->7741K(9920K), [Metaspace: 4890K->4890K(139264K)], 0.0045991 secs] [Times: user=0.00 sys=0.00, real=0.00 secs] 
2020-11-18T11:06:00.029-0800: 16.507: [Full GC (System.gc()) 2020-11-18T11:06:00.029-0800: 16.507: [CMS: 6846K->6846K(6848K), 0.0033468 secs] 7795K->7743K(9920K), [Metaspace: 4890K->4890K(139264K)], 0.0033961 secs] [Times: user=0.01 sys=0.00, real=0.01 secs] 
2020-11-18T11:06:00.032-0800: 16.511: [GC (CMS Initial Mark) [1 CMS-initial-mark: 6846K(6848K)] 7743K(9920K), 0.0001792 secs] [Times: user=0.00 sys=0.00, real=0.00 secs] 
2020-11-18T11:06:00.033-0800: 16.511: [CMS-concurrent-mark-start]
2020-11-18T11:06:00.034-0800: 16.512: [CMS-concurrent-mark: 0.001/0.001 secs] [Times: user=0.00 sys=0.00, real=0.00 secs] 
2020-11-18T11:06:00.034-0800: 16.512: [Full GC (System.gc()) 2020-11-18T11:06:00.034-0800: 16.512: [CMS (concurrent mode interrupted): 6846K->6846K(6848K), 0.0034816 secs] 7798K->7746K(9920K), [Metaspace: 4890K->4890K(139264K)], 0.0035293 secs] [Times: user=0.00 sys=0.00, real=0.00 secs] 
2020-11-18T11:06:00.039-0800: 16.517: [Full GC (System.gc()) 2020-11-18T11:06:00.039-0800: 16.517: [CMS: 6846K->6846K(6848K), 0.0032311 secs] 7800K->7748K(9920K), [Metaspace: 4890K->4890K(139264K)], 0.0032817 secs] [Times: user=0.01 sys=0.00, real=0.01 secs] 
2020-11-18T11:06:00.042-0800: 16.520: [GC (CMS Initial Mark) [1 CMS-initial-mark: 6846K(6848K)] 7748K(9920K), 0.0001806 secs] [Times: user=0.00 sys=0.00, real=0.00 secs] 
2020-11-18T11:06:00.042-0800: 16.521: [CMS-concurrent-mark-start]
2020-11-18T11:06:00.043-0800: 16.522: [Full GC (System.gc()) 2020-11-18T11:06:00.043-0800: 16.522: [CMS2020-11-18T11:06:00.045-0800: 16.523: [CMS-concurrent-mark: 0.001/0.002 secs] [Times: user=0.00 sys=0.00, real=0.00 secs] 
 (concurrent mode interrupted): 6846K->6846K(6848K), 0.0047715 secs] 7802K->7750K(9920K), [Metaspace: 4890K->4890K(139264K)], 0.0048283 secs] [Times: user=0.00 sys=0.00, real=0.00 secs] 
2020-11-18T11:06:00.050-0800: 16.528: [Full GC (System.gc()) 2020-11-18T11:06:00.050-0800: 16.528: [CMS: 6846K->6846K(6848K), 0.0032471 secs] 7805K->7753K(9920K), [Metaspace: 4890K->4890K(139264K)], 0.0032952 secs] [Times: user=0.01 sys=0.00, real=0.00 secs] 
2020-11-18T11:06:00.053-0800: 16.531: [GC (CMS Initial Mark) [1 CMS-initial-mark: 6846K(6848K)] 7753K(9920K), 0.0001952 secs] [Times: user=0.00 sys=0.00, real=0.00 secs] 
2020-11-18T11:06:00.053-0800: 16.532: [CMS-concurrent-mark-start]
2020-11-18T11:06:00.054-0800: 16.533: [CMS-concurrent-mark: 0.001/0.001 secs] [Times: user=0.00 sys=0.00, real=0.00 secs] 
2020-11-18T11:06:00.054-0800: 16.533: [Full GC (System.gc()) 2020-11-18T11:06:00.054-0800: 16.533: [CMS (concurrent mode interrupted): 6846K->6846K(6848K), 0.0031316 secs] 7807K->7755K(9920K), [Metaspace: 4890K->4890K(139264K)], 0.0031781 secs] [Times: user=0.00 sys=0.00, real=0.00 secs] 
2020-11-18T11:06:00.059-0800: 16.538: [Full GC (System.gc()) 2020-11-18T11:06:00.059-0800: 16.538: [CMS: 6846K->6846K(6848K), 0.0036803 secs] 7810K->7758K(9920K), [Metaspace: 4890K->4890K(139264K)], 0.0037581 secs] [Times: user=0.01 sys=0.00, real=0.01 secs] 
2020-11-18T11:06:00.063-0800: 16.541: [GC (CMS Initial Mark) [1 CMS-initial-mark: 6846K(6848K)] 7758K(9920K), 0.0001638 secs] [Times: user=0.00 sys=0.00, real=0.00 secs] 
2020-11-18T11:06:00.063-0800: 16.542: [CMS-concurrent-mark-start]
2020-11-18T11:06:00.064-0800: 16.543: [CMS-concurrent-mark: 0.001/0.001 secs] [Times: user=0.00 sys=0.00, real=0.00 secs] 
2020-11-18T11:06:00.064-0800: 16.543: [Full GC (System.gc()) 2020-11-18T11:06:00.064-0800: 16.543: [CMS (concurrent mode interrupted): 6846K->6846K(6848K), 0.0032377 secs] 7812K->7760K(9920K), [Metaspace: 4890K->4890K(139264K)], 0.0032853 secs] [Times: user=0.00 sys=0.00, real=0.00 secs] 
2020-11-18T11:06:00.069-0800: 16.547: [Full GC (System.gc()) 2020-11-18T11:06:00.069-0800: 16.547: [CMS: 6846K->6846K(6848K), 0.0030342 secs] 7814K->7762K(9920K), [Metaspace: 4890K->4890K(139264K)], 0.0030792 secs] [Times: user=0.01 sys=0.00, real=0.01 secs] 
2020-11-18T11:06:00.072-0800: 16.550: [GC (CMS Initial Mark) [1 CMS-initial-mark: 6846K(6848K)] 7762K(9920K), 0.0001776 secs] [Times: user=0.00 sys=0.00, real=0.00 secs] 
2020-11-18T11:06:00.072-0800: 16.551: [CMS-concurrent-mark-start]
2020-11-18T11:06:00.073-0800: 16.552: [CMS-concurrent-mark: 0.001/0.001 secs] [Times: user=0.00 sys=0.00, real=0.00 secs] 
2020-11-18T11:06:00.073-0800: 16.552: [Full GC (System.gc()) 2020-11-18T11:06:00.073-0800: 16.552: [CMS (concurrent mode interrupted): 6846K->6846K(6848K), 0.0031707 secs] 7817K->7765K(9920K), [Metaspace: 4890K->4890K(139264K)], 0.0032136 secs] [Times: user=0.00 sys=0.00, real=0.00 secs] 
2020-11-18T11:06:00.078-0800: 16.557: [Full GC (System.gc()) 2020-11-18T11:06:00.078-0800: 16.557: [CMS: 6846K->6846K(6848K), 0.0037882 secs] 7819K->7767K(9920K), [Metaspace: 4890K->4890K(139264K)], 0.0038686 secs] [Times: user=0.01 sys=0.00, real=0.01 secs] 
2020-11-18T11:06:00.082-0800: 16.560: [GC (CMS Initial Mark) [1 CMS-initial-mark: 6846K(6848K)] 7767K(9920K), 0.0001856 secs] [Times: user=0.00 sys=0.00, real=0.00 secs] 
2020-11-18T11:06:00.082-0800: 16.561: [CMS-concurrent-mark-start]
2020-11-18T11:06:00.084-0800: 16.562: [Full GC (System.gc()) 2020-11-18T11:06:00.084-0800: 16.562: [CMS2020-11-18T11:06:00.085-0800: 16.563: [CMS-concurrent-mark: 0.001/0.003 secs] [Times: user=0.00 sys=0.00, real=0.00 secs] 
 (concurrent mode interrupted): 6846K->6846K(6848K), 0.0054439 secs] 7822K->7770K(9920K), [Metaspace: 4890K->4890K(139264K)], 0.0055006 secs] [Times: user=0.00 sys=0.00, real=0.00 secs] 
2020-11-18T11:06:00.091-0800: 16.569: [Full GC (System.gc()) 2020-11-18T11:06:00.091-0800: 16.569: [CMS: 6846K->6846K(6848K), 0.0040923 secs] 7824K->7772K(9920K), [Metaspace: 4890K->4890K(139264K)], 0.0041784 secs] [Times: user=0.01 sys=0.00, real=0.00 secs] 
2020-11-18T11:06:00.095-0800: 16.573: [GC (CMS Initial Mark) [1 CMS-initial-mark: 6846K(6848K)] 7772K(9920K), 0.0002075 secs] [Times: user=0.00 sys=0.00, real=0.00 secs] 
2020-11-18T11:06:00.095-0800: 16.574: [CMS-concurrent-mark-start]
2020-11-18T11:06:00.096-0800: 16.575: [CMS-concurrent-mark: 0.001/0.001 secs] [Times: user=0.00 sys=0.00, real=0.00 secs] 
2020-11-18T11:06:00.097-0800: 16.575: [Full GC (System.gc()) 2020-11-18T11:06:00.097-0800: 16.575: [CMS (concurrent mode interrupted): 6846K->6846K(6848K), 0.0039034 secs] 7826K->7774K(9920K), [Metaspace: 4890K->4890K(139264K)], 0.0039669 secs] [Times: user=0.01 sys=0.00, real=0.01 secs] 
2020-11-18T11:06:00.102-0800: 16.580: [Full GC (System.gc()) 2020-11-18T11:06:00.102-0800: 16.580: [CMS: 6846K->6846K(6848K), 0.0035983 secs] 7829K->7777K(9920K), [Metaspace: 4890K->4890K(139264K)], 0.0036528 secs] [Times: user=0.00 sys=0.00, real=0.00 secs] 
2020-11-18T11:06:00.106-0800: 16.584: [GC (CMS Initial Mark) [1 CMS-initial-mark: 6846K(6848K)] 7777K(9920K), 0.0001796 secs] [Times: user=0.00 sys=0.00, real=0.00 secs] 
2020-11-18T11:06:00.106-0800: 16.584: [CMS-concurrent-mark-start]
2020-11-18T11:06:00.107-0800: 16.586: [CMS-concurrent-mark: 0.001/0.001 secs] [Times: user=0.00 sys=0.00, real=0.00 secs] 
2020-11-18T11:06:00.107-0800: 16.586: [Full GC (System.gc()) 2020-11-18T11:06:00.107-0800: 16.586: [CMS (concurrent mode interrupted): 6846K->6846K(6848K), 0.0041738 secs] 7831K->7779K(9920K), [Metaspace: 4890K->4890K(139264K)], 0.0042348 secs] [Times: user=0.01 sys=0.00, real=0.01 secs] 
2020-11-18T11:06:00.113-0800: 16.591: [Full GC (System.gc()) 2020-11-18T11:06:00.113-0800: 16.591: [CMS: 6846K->6846K(6848K), 0.0035779 secs] 7834K->7782K(9920K), [Metaspace: 4890K->4890K(139264K)], 0.0036656 secs] [Times: user=0.00 sys=0.00, real=0.00 secs] 
2020-11-18T11:06:00.116-0800: 16.595: [GC (CMS Initial Mark) [1 CMS-initial-mark: 6846K(6848K)] 7782K(9920K), 0.0002840 secs] [Times: user=0.00 sys=0.00, real=0.00 secs] 
2020-11-18T11:06:00.117-0800: 16.595: [CMS-concurrent-mark-start]
2020-11-18T11:06:00.118-0800: 16.596: [Full GC (System.gc()) 2020-11-18T11:06:00.118-0800: 16.596: [CMS2020-11-18T11:06:00.119-0800: 16.598: [CMS-concurrent-mark: 0.001/0.002 secs] [Times: user=0.01 sys=0.00, real=0.00 secs] 
 (concurrent mode interrupted): 6846K->6846K(6848K), 0.0058916 secs] 7836K->7784K(9920K), [Metaspace: 4890K->4890K(139264K)], 0.0059548 secs] [Times: user=0.01 sys=0.00, real=0.01 secs] 
2020-11-18T11:06:00.125-0800: 16.603: [Full GC (System.gc()) 2020-11-18T11:06:00.125-0800: 16.603: [CMS: 6846K->6846K(6848K), 0.0044191 secs] 7839K->7787K(9920K), [Metaspace: 4890K->4890K(139264K)], 0.0045045 secs] [Times: user=0.00 sys=0.00, real=0.00 secs] 
2020-11-18T11:06:00.129-0800: 16.608: [GC (CMS Initial Mark) [1 CMS-initial-mark: 6846K(6848K)] 7787K(9920K), 0.0002245 secs] [Times: user=0.00 sys=0.00, real=0.01 secs] 
2020-11-18T11:06:00.130-0800: 16.608: [CMS-concurrent-mark-start]
2020-11-18T11:06:00.131-0800: 16.609: [Full GC (System.gc()) 2020-11-18T11:06:00.131-0800: 16.609: [CMS2020-11-18T11:06:00.132-0800: 16.611: [CMS-concurrent-mark: 0.001/0.002 secs] [Times: user=0.01 sys=0.00, real=0.00 secs] 
 (concurrent mode interrupted): 6846K->6846K(6848K), 0.0056363 secs] 7841K->7789K(9920K), [Metaspace: 4890K->4890K(139264K)], 0.0057029 secs] [Times: user=0.00 sys=0.00, real=0.00 secs] 
2020-11-18T11:06:00.138-0800: 16.616: [Full GC (System.gc()) 2020-11-18T11:06:00.138-0800: 16.616: [CMS: 6846K->6846K(6848K), 0.0042640 secs] 7843K->7791K(9920K), [Metaspace: 4890K->4890K(139264K)], 0.0043354 secs] [Times: user=0.01 sys=0.00, real=0.01 secs] 
2020-11-18T11:06:00.142-0800: 16.621: [GC (CMS Initial Mark) [1 CMS-initial-mark: 6846K(6848K)] 7791K(9920K), 0.0002015 secs] [Times: user=0.00 sys=0.00, real=0.00 secs] 
2020-11-18T11:06:00.143-0800: 16.621: [CMS-concurrent-mark-start]
2020-11-18T11:06:00.144-0800: 16.622: [Full GC (System.gc()) 2020-11-18T11:06:00.144-0800: 16.622: [CMS2020-11-18T11:06:00.145-0800: 16.624: [CMS-concurrent-mark: 0.001/0.002 secs] [Times: user=0.00 sys=0.00, real=0.00 secs] 
 (concurrent mode interrupted): 6846K->6846K(6848K), 0.0058314 secs] 7846K->7794K(9920K), [Metaspace: 4890K->4890K(139264K)], 0.0059201 secs] [Times: user=0.01 sys=0.00, real=0.01 secs] 
2020-11-18T11:06:00.151-0800: 16.629: [Full GC (System.gc()) 2020-11-18T11:06:00.151-0800: 16.629: [CMS: 6846K->6846K(6848K), 0.0037948 secs] 7848K->7796K(9920K), [Metaspace: 4890K->4890K(139264K)], 0.0038551 secs] [Times: user=0.00 sys=0.00, real=0.00 secs] 
2020-11-18T11:06:00.155-0800: 16.633: [GC (CMS Initial Mark) [1 CMS-initial-mark: 6846K(6848K)] 7796K(9920K), 0.0001921 secs] [Times: user=0.00 sys=0.00, real=0.00 secs] 
2020-11-18T11:06:00.155-0800: 16.634: [CMS-concurrent-mark-start]
2020-11-18T11:06:00.156-0800: 16.635: [Full GC (System.gc()) 2020-11-18T11:06:00.156-0800: 16.635: [CMS2020-11-18T11:06:00.158-0800: 16.636: [CMS-concurrent-mark: 0.001/0.002 secs] [Times: user=0.00 sys=0.00, real=0.00 secs] 
 (concurrent mode interrupted): 6846K->6846K(6848K), 0.0052021 secs] 7851K->7799K(9920K), [Metaspace: 4890K->4890K(139264K)], 0.0052664 secs] [Times: user=0.01 sys=0.00, real=0.01 secs] 
2020-11-18T11:06:00.163-0800: 16.641: [Full GC (System.gc()) 2020-11-18T11:06:00.163-0800: 16.641: [CMS: 6846K->6846K(6848K), 0.0037377 secs] 7853K->7801K(9920K), [Metaspace: 4890K->4890K(139264K)], 0.0037919 secs] [Times: user=0.00 sys=0.00, real=0.00 secs] 
2020-11-18T11:06:00.167-0800: 16.645: [GC (CMS Initial Mark) [1 CMS-initial-mark: 6846K(6848K)] 7801K(9920K), 0.0002113 secs] [Times: user=0.00 sys=0.01, real=0.00 secs] 
2020-11-18T11:06:00.167-0800: 16.645: [CMS-concurrent-mark-start]
2020-11-18T11:06:00.168-0800: 16.646: [Full GC (System.gc()) 2020-11-18T11:06:00.168-0800: 16.646: [CMS2020-11-18T11:06:00.170-0800: 16.648: [CMS-concurrent-mark: 0.001/0.003 secs] [Times: user=0.00 sys=0.00, real=0.01 secs] 
 (concurrent mode interrupted): 6846K->6846K(6848K), 0.0054473 secs] 7855K->7803K(9920K), [Metaspace: 4890K->4890K(139264K)], 0.0055042 secs] [Times: user=0.01 sys=0.00, real=0.01 secs] 
2020-11-18T11:06:00.175-0800: 16.653: [Full GC (System.gc()) 2020-11-18T11:06:00.175-0800: 16.653: [CMS: 6846K->6846K(6848K), 0.0044352 secs] 7858K->7806K(9920K), [Metaspace: 4890K->4890K(139264K)], 0.0045037 secs] [Times: user=0.00 sys=0.00, real=0.00 secs] 
2020-11-18T11:06:00.179-0800: 16.658: [GC (CMS Initial Mark) [1 CMS-initial-mark: 6846K(6848K)] 7806K(9920K), 0.0003301 secs] [Times: user=0.00 sys=0.00, real=0.01 secs] 
2020-11-18T11:06:00.180-0800: 16.658: [CMS-concurrent-mark-start]
2020-11-18T11:06:00.181-0800: 16.659: [Full GC (System.gc()) 2020-11-18T11:06:00.181-0800: 16.659: [CMS2020-11-18T11:06:00.183-0800: 16.661: [CMS-concurrent-mark: 0.001/0.003 secs] [Times: user=0.01 sys=0.00, real=0.00 secs] 
 (concurrent mode interrupted): 6846K->6846K(6848K), 0.0060912 secs] 7860K->7808K(9920K), [Metaspace: 4890K->4890K(139264K)], 0.0061682 secs] [Times: user=0.00 sys=0.00, real=0.00 secs] 
2020-11-18T11:06:00.188-0800: 16.667: [Full GC (System.gc()) 2020-11-18T11:06:00.188-0800: 16.667: [CMS: 6846K->6846K(6848K), 0.0036677 secs] 7863K->7811K(9920K), [Metaspace: 4890K->4890K(139264K)], 0.0037314 secs] [Times: user=0.00 sys=0.00, real=0.01 secs] 
2020-11-18T11:06:00.192-0800: 16.671: [GC (CMS Initial Mark) [1 CMS-initial-mark: 6846K(6848K)] 7811K(9920K), 0.0001961 secs] [Times: user=0.01 sys=0.00, real=0.00 secs] 
2020-11-18T11:06:00.193-0800: 16.671: [CMS-concurrent-mark-start]
2020-11-18T11:06:00.193-0800: 16.672: [Full GC (System.gc()) 2020-11-18T11:06:00.193-0800: 16.672: [CMS2020-11-18T11:06:00.195-0800: 16.674: [CMS-concurrent-mark: 0.002/0.003 secs] [Times: user=0.00 sys=0.00, real=0.00 secs] 
 (concurrent mode interrupted): 6846K->6846K(6848K), 0.0064173 secs] 7865K->7813K(9920K), [Metaspace: 4890K->4890K(139264K)], 0.0065011 secs] [Times: user=0.00 sys=0.00, real=0.01 secs] 
2020-11-18T11:06:00.202-0800: 16.680: [Full GC (System.gc()) 2020-11-18T11:06:00.202-0800: 16.680: [CMS: 6846K->6846K(6848K), 0.0046016 secs] 7868K->7816K(9920K), [Metaspace: 4890K->4890K(139264K)], 0.0047078 secs] [Times: user=0.01 sys=0.00, real=0.00 secs] 
2020-11-18T11:06:00.207-0800: 16.685: [GC (CMS Initial Mark) [1 CMS-initial-mark: 6846K(6848K)] 7816K(9920K), 0.0002178 secs] [Times: user=0.00 sys=0.00, real=0.00 secs] 
2020-11-18T11:06:00.207-0800: 16.685: [CMS-concurrent-mark-start]
2020-11-18T11:06:00.208-0800: 16.686: [Full GC (System.gc()) 2020-11-18T11:06:00.208-0800: 16.686: [CMS2020-11-18T11:06:00.210-0800: 16.689: [CMS-concurrent-mark: 0.002/0.003 secs] [Times: user=0.00 sys=0.00, real=0.01 secs] 
 (concurrent mode interrupted): 6846K->6846K(6848K), 0.0078422 secs] 7870K->7818K(9920K), [Metaspace: 4890K->4890K(139264K)], 0.0079137 secs] [Times: user=0.01 sys=0.00, real=0.01 secs] 
2020-11-18T11:06:00.217-0800: 16.695: [Full GC (System.gc()) 2020-11-18T11:06:00.217-0800: 16.695: [CMS: 6846K->6846K(6848K), 0.0048179 secs] 7872K->7820K(9920K), [Metaspace: 4890K->4890K(139264K)], 0.0048994 secs] [Times: user=0.00 sys=0.00, real=0.01 secs] 
2020-11-18T11:06:00.222-0800: 16.700: [GC (CMS Initial Mark) [1 CMS-initial-mark: 6846K(6848K)] 7820K(9920K), 0.0002521 secs] [Times: user=0.00 sys=0.00, real=0.00 secs] 
2020-11-18T11:06:00.222-0800: 16.701: [CMS-concurrent-mark-start]
2020-11-18T11:06:00.223-0800: 16.702: [Full GC (System.gc()) 2020-11-18T11:06:00.223-0800: 16.702: [CMS2020-11-18T11:06:00.225-0800: 16.704: [CMS-concurrent-mark: 0.002/0.003 secs] [Times: user=0.01 sys=0.00, real=0.00 secs] 
 (concurrent mode interrupted): 6846K->6846K(6848K), 0.0071432 secs] 7875K->7823K(9920K), [Metaspace: 4890K->4890K(139264K)], 0.0072234 secs] [Times: user=0.00 sys=0.00, real=0.01 secs] 
2020-11-18T11:06:00.232-0800: 16.710: [Full GC (System.gc()) 2020-11-18T11:06:00.232-0800: 16.710: [CMS: 6846K->6846K(6848K), 0.0051207 secs] 7877K->7825K(9920K), [Metaspace: 4890K->4890K(139264K)], 0.0052086 secs] [Times: user=0.01 sys=0.00, real=0.00 secs] 
2020-11-18T11:06:00.237-0800: 16.716: [GC (CMS Initial Mark) [1 CMS-initial-mark: 6846K(6848K)] 7825K(9920K), 0.0001974 secs] [Times: user=0.00 sys=0.00, real=0.00 secs] 
2020-11-18T11:06:00.238-0800: 16.716: [CMS-concurrent-mark-start]
2020-11-18T11:06:00.239-0800: 16.717: [Full GC (System.gc()) 2020-11-18T11:06:00.239-0800: 16.717: [CMS2020-11-18T11:06:00.240-0800: 16.718: [CMS-concurrent-mark: 0.001/0.002 secs] [Times: user=0.00 sys=0.00, real=0.01 secs] 
 (concurrent mode interrupted): 6846K->6846K(6848K), 0.0069227 secs] 7880K->7828K(9920K), [Metaspace: 4890K->4890K(139264K)], 0.0069954 secs] [Times: user=0.01 sys=0.00, real=0.01 secs] 
2020-11-18T11:06:00.247-0800: 16.725: [Full GC (System.gc()) 2020-11-18T11:06:00.247-0800: 16.725: [CMS: 6846K->6846K(6848K), 0.0052366 secs] 7882K->7830K(9920K), [Metaspace: 4890K->4890K(139264K)], 0.0053160 secs] [Times: user=0.00 sys=0.00, real=0.01 secs] 
2020-11-18T11:06:00.252-0800: 16.731: [GC (CMS Initial Mark) [1 CMS-initial-mark: 6846K(6848K)] 7830K(9920K), 0.0002253 secs] [Times: user=0.00 sys=0.00, real=0.00 secs] 
2020-11-18T11:06:00.253-0800: 16.731: [CMS-concurrent-mark-start]
2020-11-18T11:06:00.254-0800: 16.732: [Full GC (System.gc()) 2020-11-18T11:06:00.254-0800: 16.732: [CMS2020-11-18T11:06:00.255-0800: 16.733: [CMS-concurrent-mark: 0.001/0.002 secs] [Times: user=0.01 sys=0.00, real=0.00 secs] 
 (concurrent mode interrupted): 6846K->6846K(6848K), 0.0055864 secs] 7884K->7832K(9920K), [Metaspace: 4890K->4890K(139264K)], 0.0056524 secs] [Times: user=0.00 sys=0.00, real=0.00 secs] 
2020-11-18T11:06:00.261-0800: 16.739: [Full GC (System.gc()) 2020-11-18T11:06:00.261-0800: 16.739: [CMS: 6846K->6846K(6848K), 0.0036404 secs] 7887K->7835K(9920K), [Metaspace: 4890K->4890K(139264K)], 0.0036939 secs] [Times: user=0.00 sys=0.00, real=0.00 secs] 
2020-11-18T11:06:00.265-0800: 16.743: [GC (CMS Initial Mark) [1 CMS-initial-mark: 6846K(6848K)] 7835K(9920K), 0.0002294 secs] [Times: user=0.00 sys=0.00, real=0.00 secs] 
2020-11-18T11:06:00.265-0800: 16.743: [CMS-concurrent-mark-start]
2020-11-18T11:06:00.266-0800: 16.744: [Full GC (System.gc()) 2020-11-18T11:06:00.266-0800: 16.744: [CMS2020-11-18T11:06:00.268-0800: 16.746: [CMS-concurrent-mark: 0.002/0.003 secs] [Times: user=0.01 sys=0.00, real=0.00 secs] 
 (concurrent mode interrupted): 6846K->6846K(6848K), 0.0055566 secs] 7889K->7837K(9920K), [Metaspace: 4890K->4890K(139264K)], 0.0056135 secs] [Times: user=0.00 sys=0.00, real=0.01 secs] 
2020-11-18T11:06:00.273-0800: 16.751: [Full GC (System.gc()) 2020-11-18T11:06:00.273-0800: 16.751: [CMS: 6846K->6846K(6848K), 0.0041944 secs] 7892K->7840K(9920K), [Metaspace: 4890K->4890K(139264K)], 0.0042618 secs] [Times: user=0.01 sys=0.00, real=0.00 secs] 
2020-11-18T11:06:00.277-0800: 16.756: [GC (CMS Initial Mark) [1 CMS-initial-mark: 6846K(6848K)] 7840K(9920K), 0.0002013 secs] [Times: user=0.00 sys=0.00, real=0.00 secs] 
2020-11-18T11:06:00.277-0800: 16.756: [CMS-concurrent-mark-start]
2020-11-18T11:06:00.278-0800: 16.757: [Full GC (System.gc()) 2020-11-18T11:06:00.278-0800: 16.757: [CMS2020-11-18T11:06:00.280-0800: 16.758: [CMS-concurrent-mark: 0.001/0.002 secs] [Times: user=0.00 sys=0.00, real=0.01 secs] 
 (concurrent mode interrupted): 6846K->6846K(6848K), 0.0054925 secs] 7894K->7842K(9920K), [Metaspace: 4890K->4890K(139264K)], 0.0055539 secs] [Times: user=0.00 sys=0.00, real=0.01 secs] 
2020-11-18T11:06:00.285-0800: 16.764: [Full GC (System.gc()) 2020-11-18T11:06:00.285-0800: 16.764: [CMS: 6846K->6846K(6848K), 0.0045368 secs] 7896K->7845K(9920K), [Metaspace: 4890K->4890K(139264K)], 0.0047156 secs] [Times: user=0.01 sys=0.00, real=0.01 secs] 
2020-11-18T11:06:00.290-0800: 16.769: [GC (CMS Initial Mark) [1 CMS-initial-mark: 6846K(6848K)] 7845K(9920K), 0.0002249 secs] [Times: user=0.00 sys=0.00, real=0.00 secs] 
2020-11-18T11:06:00.290-0800: 16.769: [CMS-concurrent-mark-start]
2020-11-18T11:06:00.291-0800: 16.770: [Full GC (System.gc()) 2020-11-18T11:06:00.291-0800: 16.770: [CMS2020-11-18T11:06:00.293-0800: 16.771: [CMS-concurrent-mark: 0.001/0.002 secs] [Times: user=0.00 sys=0.00, real=0.00 secs] 
 (concurrent mode interrupted): 6846K->6846K(6848K), 0.0057629 secs] 7899K->7847K(9920K), [Metaspace: 4890K->4890K(139264K)], 0.0058820 secs] [Times: user=0.01 sys=0.00, real=0.00 secs] 
2020-11-18T11:06:00.299-0800: 16.777: [Full GC (System.gc()) 2020-11-18T11:06:00.299-0800: 16.777: [CMS: 6846K->6846K(6848K), 0.0047148 secs] 7901K->7849K(9920K), [Metaspace: 4890K->4890K(139264K)], 0.0047967 secs] [Times: user=0.00 sys=0.00, real=0.01 secs] 
2020-11-18T11:06:00.304-0800: 16.782: [GC (CMS Initial Mark) [1 CMS-initial-mark: 6846K(6848K)] 7849K(9920K), 0.0001845 secs] [Times: user=0.00 sys=0.00, real=0.00 secs] 
2020-11-18T11:06:00.304-0800: 16.782: [CMS-concurrent-mark-start]
2020-11-18T11:06:00.305-0800: 16.783: [Full GC (System.gc()) 2020-11-18T11:06:00.305-0800: 16.783: [CMS2020-11-18T11:06:00.306-0800: 16.785: [CMS-concurrent-mark: 0.001/0.003 secs] [Times: user=0.01 sys=0.00, real=0.00 secs] 
 (concurrent mode interrupted): 6846K->6846K(6848K), 0.0052532 secs] 7904K->7852K(9920K), [Metaspace: 4890K->4890K(139264K)], 0.0053134 secs] [Times: user=0.00 sys=0.00, real=0.01 secs] 
2020-11-18T11:06:00.312-0800: 16.790: [Full GC (System.gc()) 2020-11-18T11:06:00.312-0800: 16.790: [CMS: 6846K->6846K(6848K), 0.0042551 secs] 7906K->7854K(9920K), [Metaspace: 4890K->4890K(139264K)], 0.0043211 secs] [Times: user=0.00 sys=0.00, real=0.00 secs] 
2020-11-18T11:06:00.316-0800: 16.794: [GC (CMS Initial Mark) [1 CMS-initial-mark: 6846K(6848K)] 7854K(9920K), 0.0002162 secs] [Times: user=0.00 sys=0.00, real=0.00 secs] 
2020-11-18T11:06:00.316-0800: 16.795: [CMS-concurrent-mark-start]
2020-11-18T11:06:00.317-0800: 16.796: [Full GC (System.gc()) 2020-11-18T11:06:00.317-0800: 16.796: [CMS2020-11-18T11:06:00.319-0800: 16.797: [CMS-concurrent-mark: 0.001/0.002 secs] [Times: user=0.01 sys=0.00, real=0.00 secs] 
 (concurrent mode interrupted): 6846K->6846K(6848K), 0.0055650 secs] 7909K->7857K(9920K), [Metaspace: 4890K->4890K(139264K)], 0.0056325 secs] [Times: user=0.00 sys=0.00, real=0.01 secs] 
2020-11-18T11:06:00.324-0800: 16.803: [Full GC (System.gc()) 2020-11-18T11:06:00.324-0800: 16.803: [CMS: 6846K->6846K(6848K), 0.0048834 secs] 7911K->7859K(9920K), [Metaspace: 4890K->4890K(139264K)], 0.0049560 secs] [Times: user=0.01 sys=0.00, real=0.00 secs] 
2020-11-18T11:06:00.329-0800: 16.808: [GC (CMS Initial Mark) [1 CMS-initial-mark: 6846K(6848K)] 7859K(9920K), 0.0002460 secs] [Times: user=0.00 sys=0.01, real=0.01 secs] 
2020-11-18T11:06:00.330-0800: 16.808: [CMS-concurrent-mark-start]
2020-11-18T11:06:00.331-0800: 16.809: [Full GC (System.gc()) 2020-11-18T11:06:00.331-0800: 16.809: [CMS2020-11-18T11:06:00.333-0800: 16.811: [CMS-concurrent-mark: 0.002/0.003 secs] [Times: user=0.00 sys=0.00, real=0.00 secs] 
 (concurrent mode interrupted): 6846K->6846K(6848K), 0.0071251 secs] 7913K->7861K(9920K), [Metaspace: 4890K->4890K(139264K)], 0.0072122 secs] [Times: user=0.01 sys=0.00, real=0.00 secs] 
2020-11-18T11:06:00.339-0800: 16.818: [Full GC (System.gc()) 2020-11-18T11:06:00.339-0800: 16.818: [CMS: 6846K->6846K(6848K), 0.0046611 secs] 7916K->7864K(9920K), [Metaspace: 4890K->4890K(139264K)], 0.0047336 secs] [Times: user=0.00 sys=0.00, real=0.01 secs] 
2020-11-18T11:06:00.344-0800: 16.823: [GC (CMS Initial Mark) [1 CMS-initial-mark: 6846K(6848K)] 7864K(9920K), 0.0003078 secs] [Times: user=0.00 sys=0.00, real=0.00 secs] 
2020-11-18T11:06:00.345-0800: 16.823: [CMS-concurrent-mark-start]
2020-11-18T11:06:00.346-0800: 16.824: [Full GC (System.gc()) 2020-11-18T11:06:00.346-0800: 16.824: [CMS2020-11-18T11:06:00.348-0800: 16.826: [CMS-concurrent-mark: 0.002/0.003 secs] [Times: user=0.01 sys=0.00, real=0.00 secs] 
 (concurrent mode interrupted): 6846K->6846K(6848K), 0.0068471 secs] 7918K->7866K(9920K), [Metaspace: 4890K->4890K(139264K)], 0.0069557 secs] [Times: user=0.01 sys=0.00, real=0.01 secs] 
2020-11-18T11:06:00.354-0800: 16.832: [Full GC (System.gc()) 2020-11-18T11:06:00.354-0800: 16.832: [CMS: 6846K->6846K(6848K), 0.0046241 secs] 7921K->7869K(9920K), [Metaspace: 4890K->4890K(139264K)], 0.0047075 secs] [Times: user=0.01 sys=0.00, real=0.00 secs] 
2020-11-18T11:06:00.359-0800: 16.837: [GC (CMS Initial Mark) [1 CMS-initial-mark: 6846K(6848K)] 7869K(9920K), 0.0002238 secs] [Times: user=0.00 sys=0.00, real=0.00 secs] 
2020-11-18T11:06:00.359-0800: 16.837: [CMS-concurrent-mark-start]
2020-11-18T11:06:00.360-0800: 16.838: [Full GC (System.gc()) 2020-11-18T11:06:00.360-0800: 16.838: [CMS2020-11-18T11:06:00.362-0800: 16.840: [CMS-concurrent-mark: 0.002/0.003 secs] [Times: user=0.00 sys=0.00, real=0.01 secs] 
 (concurrent mode interrupted): 6846K->6846K(6848K), 0.0067472 secs] 7923K->7871K(9920K), [Metaspace: 4890K->4890K(139264K)], 0.0068250 secs] [Times: user=0.01 sys=0.00, real=0.00 secs] 
2020-11-18T11:06:00.368-0800: 16.846: [Full GC (System.gc()) 2020-11-18T11:06:00.368-0800: 16.847: [CMS: 6846K->6846K(6848K), 0.0055910 secs] 7925K->7873K(9920K), [Metaspace: 4890K->4890K(139264K)], 0.0056685 secs] [Times: user=0.00 sys=0.00, real=0.01 secs] 
2020-11-18T11:06:00.374-0800: 16.852: [GC (CMS Initial Mark) [1 CMS-initial-mark: 6846K(6848K)] 7873K(9920K), 0.0002188 secs] [Times: user=0.00 sys=0.00, real=0.00 secs] 
2020-11-18T11:06:00.374-0800: 16.853: [CMS-concurrent-mark-start]
2020-11-18T11:06:00.375-0800: 16.854: [Full GC (System.gc()) 2020-11-18T11:06:00.375-0800: 16.854: [CMS2020-11-18T11:06:00.377-0800: 16.855: [CMS-concurrent-mark: 0.001/0.003 secs] [Times: user=0.01 sys=0.00, real=0.00 secs] 
 (concurrent mode interrupted): 6846K->6846K(6848K), 0.0067732 secs] 7928K->7876K(9920K), [Metaspace: 4890K->4890K(139264K)], 0.0068600 secs] [Times: user=0.01 sys=0.00, real=0.01 secs] 
2020-11-18T11:06:00.383-0800: 16.862: [Full GC (System.gc()) 2020-11-18T11:06:00.383-0800: 16.862: [CMS: 6846K->6846K(6848K), 0.0041199 secs] 7930K->7878K(9920K), [Metaspace: 4890K->4890K(139264K)], 0.0041927 secs] [Times: user=0.00 sys=0.00, real=0.00 secs] 
2020-11-18T11:06:00.388-0800: 16.866: [GC (CMS Initial Mark) [1 CMS-initial-mark: 6846K(6848K)] 7878K(9920K), 0.0002023 secs] [Times: user=0.01 sys=0.00, real=0.00 secs] 
2020-11-18T11:06:00.388-0800: 16.866: [CMS-concurrent-mark-start]
2020-11-18T11:06:00.389-0800: 16.867: [Full GC (System.gc()) 2020-11-18T11:06:00.389-0800: 16.868: [CMS2020-11-18T11:06:00.390-0800: 16.869: [CMS-concurrent-mark: 0.001/0.002 secs] [Times: user=0.00 sys=0.00, real=0.01 secs] 
 (concurrent mode interrupted): 6846K->6846K(6848K), 0.0070548 secs] 7933K->7881K(9920K), [Metaspace: 4890K->4890K(139264K)], 0.0071434 secs] [Times: user=0.00 sys=0.00, real=0.01 secs] 
2020-11-18T11:06:00.397-0800: 16.876: [Full GC (System.gc()) 2020-11-18T11:06:00.397-0800: 16.876: [CMS: 6846K->6846K(6848K), 0.0048781 secs] 7935K->7883K(9920K), [Metaspace: 4890K->4890K(139264K)], 0.0049621 secs] [Times: user=0.01 sys=0.00, real=0.01 secs] 
2020-11-18T11:06:00.403-0800: 16.881: [GC (CMS Initial Mark) [1 CMS-initial-mark: 6846K(6848K)] 7883K(9920K), 0.0001882 secs] [Times: user=0.00 sys=0.00, real=0.00 secs] 
2020-11-18T11:06:00.403-0800: 16.881: [CMS-concurrent-mark-start]
2020-11-18T11:06:00.404-0800: 16.882: [Full GC (System.gc()) 2020-11-18T11:06:00.404-0800: 16.882: [CMS2020-11-18T11:06:00.406-0800: 16.884: [CMS-concurrent-mark: 0.002/0.003 secs] [Times: user=0.00 sys=0.00, real=0.00 secs] 
 (concurrent mode interrupted): 6846K->6846K(6848K), 0.0063776 secs] 7938K->7886K(9920K), [Metaspace: 4890K->4890K(139264K)], 0.0064541 secs] [Times: user=0.01 sys=0.00, real=0.01 secs] 
2020-11-18T11:06:00.412-0800: 16.890: [Full GC (System.gc()) 2020-11-18T11:06:00.412-0800: 16.890: [CMS: 6846K->6846K(6848K), 0.0046087 secs] 7940K->7888K(9920K), [Metaspace: 4890K->4890K(139264K)], 0.0046862 secs] [Times: user=0.00 sys=0.00, real=0.00 secs] 
2020-11-18T11:06:00.416-0800: 16.895: [GC (CMS Initial Mark) [1 CMS-initial-mark: 6846K(6848K)] 7888K(9920K), 0.0002423 secs] [Times: user=0.00 sys=0.00, real=0.00 secs] 
2020-11-18T11:06:00.417-0800: 16.895: [CMS-concurrent-mark-start]
2020-11-18T11:06:00.418-0800: 16.896: [Full GC (System.gc()) 2020-11-18T11:06:00.418-0800: 16.896: [CMS2020-11-18T11:06:00.419-0800: 16.898: [CMS-concurrent-mark: 0.002/0.003 secs] [Times: user=0.01 sys=0.00, real=0.00 secs] 
 (concurrent mode interrupted): 6846K->6846K(6848K), 0.0063106 secs] 7942K->7890K(9920K), [Metaspace: 4890K->4890K(139264K)], 0.0064015 secs] [Times: user=0.00 sys=0.00, real=0.01 secs] 
2020-11-18T11:06:00.426-0800: 16.904: [Full GC (System.gc()) 2020-11-18T11:06:00.426-0800: 16.904: [CMS: 6846K->6846K(6848K), 0.0043504 secs] 7945K->7893K(9920K), [Metaspace: 4890K->4890K(139264K)], 0.0044239 secs] [Times: user=0.01 sys=0.00, real=0.01 secs] 
2020-11-18T11:06:00.430-0800: 16.909: [GC (CMS Initial Mark) [1 CMS-initial-mark: 6846K(6848K)] 7893K(9920K), 0.0002099 secs] [Times: user=0.00 sys=0.00, real=0.00 secs] 
2020-11-18T11:06:00.430-0800: 16.909: [CMS-concurrent-mark-start]
2020-11-18T11:06:00.431-0800: 16.910: [Full GC (System.gc()) 2020-11-18T11:06:00.431-0800: 16.910: [CMS2020-11-18T11:06:00.433-0800: 16.911: [CMS-concurrent-mark: 0.001/0.003 secs] [Times: user=0.00 sys=0.00, real=0.00 secs] 
 (concurrent mode interrupted): 6846K->6846K(6848K), 0.0055170 secs] 7947K->7895K(9920K), [Metaspace: 4890K->4890K(139264K)], 0.0055734 secs] [Times: user=0.01 sys=0.00, real=0.00 secs] 
2020-11-18T11:06:00.438-0800: 16.917: [Full GC (System.gc()) 2020-11-18T11:06:00.438-0800: 16.917: [CMS: 6846K->6846K(6848K), 0.0037794 secs] 7950K->7898K(9920K), [Metaspace: 4890K->4890K(139264K)], 0.0038403 secs] [Times: user=0.00 sys=0.00, real=0.01 secs] 
2020-11-18T11:06:00.442-0800: 16.921: [GC (CMS Initial Mark) [1 CMS-initial-mark: 6846K(6848K)] 7898K(9920K), 0.0001881 secs] [Times: user=0.00 sys=0.00, real=0.00 secs] 
2020-11-18T11:06:00.443-0800: 16.921: [CMS-concurrent-mark-start]
2020-11-18T11:06:00.444-0800: 16.922: [Full GC (System.gc()) 2020-11-18T11:06:00.444-0800: 16.922: [CMS2020-11-18T11:06:00.445-0800: 16.923: [CMS-concurrent-mark: 0.001/0.002 secs] [Times: user=0.00 sys=0.00, real=0.00 secs] 
 (concurrent mode interrupted): 6846K->6846K(6848K), 0.0051012 secs] 7952K->7900K(9920K), [Metaspace: 4890K->4890K(139264K)], 0.0051611 secs] [Times: user=0.01 sys=0.00, real=0.00 secs] 
2020-11-18T11:06:00.450-0800: 16.929: [Full GC (System.gc()) 2020-11-18T11:06:00.450-0800: 16.929: [CMS: 6846K->6846K(6848K), 0.0036530 secs] 7954K->7902K(9920K), [Metaspace: 4890K->4890K(139264K)], 0.0037122 secs] [Times: user=0.00 sys=0.00, real=0.00 secs] 
2020-11-18T11:06:00.454-0800: 16.932: [GC (CMS Initial Mark) [1 CMS-initial-mark: 6846K(6848K)] 7902K(9920K), 0.0002084 secs] [Times: user=0.00 sys=0.00, real=0.00 secs] 
2020-11-18T11:06:00.454-0800: 16.933: [CMS-concurrent-mark-start]
2020-11-18T11:06:00.455-0800: 16.934: [CMS-concurrent-mark: 0.001/0.001 secs] [Times: user=0.00 sys=0.00, real=0.00 secs] 
2020-11-18T11:06:00.455-0800: 16.934: [Full GC (System.gc()) 2020-11-18T11:06:00.455-0800: 16.934: [CMS (concurrent mode interrupted): 6846K->6846K(6848K), 0.0037308 secs] 7957K->7905K(9920K), [Metaspace: 4890K->4890K(139264K)], 0.0037820 secs] [Times: user=0.01 sys=0.00, real=0.00 secs] 
2020-11-18T11:06:00.461-0800: 16.939: [Full GC (System.gc()) 2020-11-18T11:06:00.461-0800: 16.939: [CMS: 6846K->6846K(6848K), 0.0037245 secs] 7959K->7907K(9920K), [Metaspace: 4890K->4890K(139264K)], 0.0037887 secs] [Times: user=0.00 sys=0.00, real=0.00 secs] 
2020-11-18T11:06:00.464-0800: 16.943: [GC (CMS Initial Mark) [1 CMS-initial-mark: 6846K(6848K)] 7907K(9920K), 0.0001860 secs] [Times: user=0.00 sys=0.00, real=0.00 secs] 
2020-11-18T11:06:00.465-0800: 16.943: [CMS-concurrent-mark-start]
2020-11-18T11:06:00.466-0800: 16.944: [Full GC (System.gc()) 2020-11-18T11:06:00.466-0800: 16.944: [CMS2020-11-18T11:06:00.467-0800: 16.946: [CMS-concurrent-mark: 0.001/0.002 secs] [Times: user=0.01 sys=0.00, real=0.00 secs] 
 (concurrent mode interrupted): 6846K->6846K(6848K), 0.0051830 secs] 7962K->7910K(9920K), [Metaspace: 4890K->4890K(139264K)], 0.0052535 secs] [Times: user=0.00 sys=0.00, real=0.01 secs] 
2020-11-18T11:06:00.472-0800: 16.951: [Full GC (System.gc()) 2020-11-18T11:06:00.472-0800: 16.951: [CMS: 6846K->6846K(6848K), 0.0040024 secs] 7964K->7912K(9920K), [Metaspace: 4890K->4890K(139264K)], 0.0040726 secs] [Times: user=0.00 sys=0.00, real=0.00 secs] 
2020-11-18T11:06:00.476-0800: 16.955: [GC (CMS Initial Mark) [1 CMS-initial-mark: 6846K(6848K)] 7912K(9920K), 0.0002464 secs] [Times: user=0.00 sys=0.00, real=0.00 secs] 
2020-11-18T11:06:00.477-0800: 16.955: [CMS-concurrent-mark-start]
2020-11-18T11:06:00.478-0800: 16.956: [Full GC (System.gc()) 2020-11-18T11:06:00.478-0800: 16.956: [CMS2020-11-18T11:06:00.479-0800: 16.957: [CMS-concurrent-mark: 0.001/0.002 secs] [Times: user=0.01 sys=0.00, real=0.00 secs] 
 (concurrent mode interrupted): 6846K->6846K(6848K), 0.0048807 secs] 7966K->7915K(9920K), [Metaspace: 4890K->4890K(139264K)], 0.0049349 secs] [Times: user=0.00 sys=0.00, real=0.01 secs] 
2020-11-18T11:06:00.484-0800: 16.963: [Full GC (System.gc()) 2020-11-18T11:06:00.484-0800: 16.963: [CMS: 6846K->6846K(6848K), 0.0037403 secs] 7969K->7917K(9920K), [Metaspace: 4890K->4890K(139264K)], 0.0038064 secs] [Times: user=0.01 sys=0.00, real=0.00 secs] 
2020-11-18T11:06:00.488-0800: 16.967: [GC (CMS Initial Mark) [1 CMS-initial-mark: 6846K(6848K)] 7917K(9920K), 0.0002075 secs] [Times: user=0.00 sys=0.00, real=0.00 secs] 
2020-11-18T11:06:00.488-0800: 16.967: [CMS-concurrent-mark-start]
2020-11-18T11:06:00.490-0800: 16.968: [Full GC (System.gc()) 2020-11-18T11:06:00.490-0800: 16.968: [CMS2020-11-18T11:06:00.491-0800: 16.969: [CMS-concurrent-mark: 0.001/0.002 secs] [Times: user=0.00 sys=0.00, real=0.01 secs] 
 (concurrent mode interrupted): 6846K->6846K(6848K), 0.0047981 secs] 7971K->7919K(9920K), [Metaspace: 4890K->4890K(139264K)], 0.0048561 secs] [Times: user=0.00 sys=0.00, real=0.00 secs] 
2020-11-18T11:06:00.496-0800: 16.974: [Full GC (System.gc()) 2020-11-18T11:06:00.496-0800: 16.974: [CMS: 6846K->6846K(6848K), 0.0036059 secs] 7974K->7922K(9920K), [Metaspace: 4890K->4890K(139264K)], 0.0036655 secs] [Times: user=0.01 sys=0.00, real=0.00 secs] 
2020-11-18T11:06:00.500-0800: 16.978: [GC (CMS Initial Mark) [1 CMS-initial-mark: 6846K(6848K)] 7922K(9920K), 0.0001680 secs] [Times: user=0.00 sys=0.00, real=0.00 secs] 
2020-11-18T11:06:00.500-0800: 16.978: [CMS-concurrent-mark-start]
2020-11-18T11:06:00.501-0800: 16.979: [CMS-concurrent-mark: 0.001/0.001 secs] [Times: user=0.00 sys=0.00, real=0.00 secs] 
2020-11-18T11:06:00.501-0800: 16.980: [Full GC (System.gc()) 2020-11-18T11:06:00.501-0800: 16.980: [CMS (concurrent mode interrupted): 6846K->6846K(6848K), 0.0038391 secs] 7976K->7924K(9920K), [Metaspace: 4890K->4890K(139264K)], 0.0038981 secs] [Times: user=0.00 sys=0.00, real=0.00 secs] 
2020-11-18T11:06:00.506-0800: 16.985: [Full GC (System.gc()) 2020-11-18T11:06:00.506-0800: 16.985: [CMS: 6846K->6846K(6848K), 0.0050850 secs] 7979K->7927K(9920K), [Metaspace: 4890K->4890K(139264K)], 0.0051462 secs] [Times: user=0.01 sys=0.00, real=0.01 secs] 
2020-11-18T11:06:00.512-0800: 16.990: [GC (CMS Initial Mark) [1 CMS-initial-mark: 6846K(6848K)] 7927K(9920K), 0.0004167 secs] [Times: user=0.00 sys=0.01, real=0.00 secs] 
2020-11-18T11:06:00.512-0800: 16.991: [CMS-concurrent-mark-start]
2020-11-18T11:06:00.513-0800: 16.992: [Full GC (System.gc()) 2020-11-18T11:06:00.513-0800: 16.992: [CMS2020-11-18T11:06:00.515-0800: 16.993: [CMS-concurrent-mark: 0.002/0.003 secs] [Times: user=0.00 sys=0.00, real=0.00 secs] 
 (concurrent mode interrupted): 6846K->6846K(6848K), 0.0063220 secs] 7981K->7929K(9920K), [Metaspace: 4890K->4890K(139264K)], 0.0063741 secs] [Times: user=0.01 sys=0.00, real=0.01 secs] 
2020-11-18T11:06:00.521-0800: 16.999: [Full GC (System.gc()) 2020-11-18T11:06:00.521-0800: 16.999: [CMS: 6846K->6846K(6848K), 0.0041322 secs] 7983K->7931K(9920K), [Metaspace: 4890K->4890K(139264K)], 0.0041946 secs] [Times: user=0.00 sys=0.00, real=0.00 secs] 
2020-11-18T11:06:00.525-0800: 17.004: [GC (CMS Initial Mark) [1 CMS-initial-mark: 6846K(6848K)] 7931K(9920K), 0.0002368 secs] [Times: user=0.00 sys=0.00, real=0.00 secs] 
2020-11-18T11:06:00.526-0800: 17.004: [CMS-concurrent-mark-start]
2020-11-18T11:06:00.527-0800: 17.005: [Full GC (System.gc()) 2020-11-18T11:06:00.527-0800: 17.005: [CMS2020-11-18T11:06:00.528-0800: 17.007: [CMS-concurrent-mark: 0.001/0.003 secs] [Times: user=0.01 sys=0.00, real=0.00 secs] 
 (concurrent mode interrupted): 6846K->6846K(6848K), 0.0057196 secs] 7986K->7934K(9920K), [Metaspace: 4890K->4890K(139264K)], 0.0057762 secs] [Times: user=0.00 sys=0.00, real=0.01 secs] 
2020-11-18T11:06:00.534-0800: 17.012: [Full GC (System.gc()) 2020-11-18T11:06:00.534-0800: 17.012: [CMS: 6846K->6846K(6848K), 0.0045195 secs] 7988K->7936K(9920K), [Metaspace: 4890K->4890K(139264K)], 0.0045788 secs] [Times: user=0.01 sys=0.00, real=0.00 secs] 
2020-11-18T11:06:00.539-0800: 17.017: [GC (CMS Initial Mark) [1 CMS-initial-mark: 6846K(6848K)] 7936K(9920K), 0.0002557 secs] [Times: user=0.00 sys=0.00, real=0.00 secs] 
2020-11-18T11:06:00.539-0800: 17.017: [CMS-concurrent-mark-start]
2020-11-18T11:06:00.540-0800: 17.018: [Full GC (System.gc()) 2020-11-18T11:06:00.540-0800: 17.019: [CMS2020-11-18T11:06:00.541-0800: 17.020: [CMS-concurrent-mark: 0.001/0.003 secs] [Times: user=0.00 sys=0.00, real=0.01 secs] 
 (concurrent mode interrupted): 6846K->6846K(6848K), 0.0057175 secs] 7991K->7939K(9920K), [Metaspace: 4890K->4890K(139264K)], 0.0057761 secs] [Times: user=0.00 sys=0.00, real=0.00 secs] 
2020-11-18T11:06:00.547-0800: 17.026: [Full GC (System.gc()) 2020-11-18T11:06:00.547-0800: 17.026: [CMS: 6846K->6846K(6848K), 0.0051327 secs] 7993K->7941K(9920K), [Metaspace: 4890K->4890K(139264K)], 0.0052679 secs] [Times: user=0.01 sys=0.00, real=0.01 secs] 
2020-11-18T11:06:00.553-0800: 17.031: [GC (CMS Initial Mark) [1 CMS-initial-mark: 6846K(6848K)] 7941K(9920K), 0.0002261 secs] [Times: user=0.00 sys=0.00, real=0.00 secs] 
2020-11-18T11:06:00.553-0800: 17.031: [CMS-concurrent-mark-start]
2020-11-18T11:06:00.554-0800: 17.033: [Full GC (System.gc()) 2020-11-18T11:06:00.554-0800: 17.033: [CMS2020-11-18T11:06:00.556-0800: 17.034: [CMS-concurrent-mark: 0.001/0.003 secs] [Times: user=0.00 sys=0.00, real=0.00 secs] 
 (concurrent mode interrupted): 6846K->6846K(6848K), 0.0059869 secs] 7995K->7943K(9920K), [Metaspace: 4890K->4890K(139264K)], 0.0060418 secs] [Times: user=0.01 sys=0.00, real=0.01 secs] 
2020-11-18T11:06:00.561-0800: 17.040: [Full GC (System.gc()) 2020-11-18T11:06:00.562-0800: 17.040: [CMS: 6846K->6846K(6848K), 0.0046041 secs] 7998K->7946K(9920K), [Metaspace: 4890K->4890K(139264K)], 0.0048109 secs] [Times: user=0.00 sys=0.00, real=0.00 secs] 
2020-11-18T11:06:00.566-0800: 17.045: [GC (CMS Initial Mark) [1 CMS-initial-mark: 6846K(6848K)] 7946K(9920K), 0.0002669 secs] [Times: user=0.00 sys=0.00, real=0.00 secs] 
2020-11-18T11:06:00.567-0800: 17.045: [CMS-concurrent-mark-start]
2020-11-18T11:06:00.568-0800: 17.046: [Full GC (System.gc()) 2020-11-18T11:06:00.568-0800: 17.046: [CMS2020-11-18T11:06:00.570-0800: 17.048: [CMS-concurrent-mark: 0.002/0.003 secs] [Times: user=0.01 sys=0.00, real=0.01 secs] 
 (concurrent mode interrupted): 6846K->6846K(6848K), 0.0066197 secs] 8000K->7948K(9920K), [Metaspace: 4890K->4890K(139264K)], 0.0066843 secs] [Times: user=0.00 sys=0.00, real=0.01 secs] 
2020-11-18T11:06:00.576-0800: 17.054: [Full GC (System.gc()) 2020-11-18T11:06:00.576-0800: 17.054: [CMS: 6846K->6846K(6848K), 0.0052490 secs] 8003K->7951K(9920K), [Metaspace: 4890K->4890K(139264K)], 0.0053155 secs] [Times: user=0.01 sys=0.00, real=0.01 secs] 
2020-11-18T11:06:00.581-0800: 17.060: [GC (CMS Initial Mark) [1 CMS-initial-mark: 6846K(6848K)] 7951K(9920K), 0.0002416 secs] [Times: user=0.00 sys=0.00, real=0.00 secs] 
2020-11-18T11:06:00.582-0800: 17.060: [CMS-concurrent-mark-start]
2020-11-18T11:06:00.583-0800: 17.061: [Full GC (System.gc()) 2020-11-18T11:06:00.583-0800: 17.061: [CMS2020-11-18T11:06:00.584-0800: 17.062: [CMS-concurrent-mark: 0.001/0.002 secs] [Times: user=0.00 sys=0.00, real=0.00 secs] 
 (concurrent mode interrupted): 6846K->6846K(6848K), 0.0065904 secs] 8005K->7953K(9920K), [Metaspace: 4890K->4890K(139264K)], 0.0066481 secs] [Times: user=0.01 sys=0.00, real=0.00 secs] 
2020-11-18T11:06:00.591-0800: 17.069: [Full GC (System.gc()) 2020-11-18T11:06:00.591-0800: 17.069: [CMS: 6846K->6846K(6848K), 0.0052018 secs] 8008K->7956K(9920K), [Metaspace: 4890K->4890K(139264K)], 0.0052703 secs] [Times: user=0.00 sys=0.00, real=0.00 secs] 
2020-11-18T11:06:00.596-0800: 17.074: [GC (CMS Initial Mark) [1 CMS-initial-mark: 6846K(6848K)] 7956K(9920K), 0.0003415 secs] [Times: user=0.00 sys=0.00, real=0.00 secs] 
2020-11-18T11:06:00.596-0800: 17.075: [CMS-concurrent-mark-start]
2020-11-18T11:06:00.597-0800: 17.076: [Full GC (System.gc()) 2020-11-18T11:06:00.597-0800: 17.076: [CMS2020-11-18T11:06:00.599-0800: 17.077: [CMS-concurrent-mark: 0.001/0.003 secs] [Times: user=0.00 sys=0.00, real=0.00 secs] 
 (concurrent mode interrupted): 6846K->6846K(6848K), 0.0068538 secs] 8010K->7958K(9920K), [Metaspace: 4890K->4890K(139264K)], 0.0069167 secs] [Times: user=0.01 sys=0.00, real=0.01 secs] 
2020-11-18T11:06:00.606-0800: 17.084: [Full GC (System.gc()) 2020-11-18T11:06:00.606-0800: 17.084: [CMS: 6846K->6846K(6848K), 0.0054533 secs] 8012K->7960K(9920K), [Metaspace: 4890K->4890K(139264K)], 0.0055136 secs] [Times: user=0.01 sys=0.00, real=0.01 secs] 
2020-11-18T11:06:00.611-0800: 17.090: [GC (CMS Initial Mark) [1 CMS-initial-mark: 6846K(6848K)] 7960K(9920K), 0.0002329 secs] [Times: user=0.00 sys=0.00, real=0.00 secs] 
2020-11-18T11:06:00.612-0800: 17.090: [CMS-concurrent-mark-start]
2020-11-18T11:06:00.612-0800: 17.091: [Full GC (System.gc()) 2020-11-18T11:06:00.613-0800: 17.091: [CMS2020-11-18T11:06:00.614-0800: 17.093: [CMS-concurrent-mark: 0.001/0.003 secs] [Times: user=0.00 sys=0.00, real=0.00 secs] 
 (concurrent mode interrupted): 6846K->6846K(6848K), 0.0066063 secs] 8015K->7963K(9920K), [Metaspace: 4890K->4890K(139264K)], 0.0066710 secs] [Times: user=0.00 sys=0.00, real=0.00 secs] 
2020-11-18T11:06:00.620-0800: 17.099: [Full GC (System.gc()) 2020-11-18T11:06:00.620-0800: 17.099: [CMS: 6846K->6846K(6848K), 0.0050026 secs] 8017K->7965K(9920K), [Metaspace: 4890K->4890K(139264K)], 0.0050953 secs] [Times: user=0.01 sys=0.00, real=0.00 secs] 
2020-11-18T11:06:00.626-0800: 17.104: [GC (CMS Initial Mark) [1 CMS-initial-mark: 6846K(6848K)] 7965K(9920K), 0.0002641 secs] [Times: user=0.00 sys=0.00, real=0.00 secs] 
2020-11-18T11:06:00.626-0800: 17.105: [CMS-concurrent-mark-start]
2020-11-18T11:06:00.627-0800: 17.106: [Full GC (System.gc()) 2020-11-18T11:06:00.627-0800: 17.106: [CMS2020-11-18T11:06:00.629-0800: 17.107: [CMS-concurrent-mark: 0.001/0.002 secs] [Times: user=0.00 sys=0.00, real=0.00 secs] 
 (concurrent mode interrupted): 6846K->6846K(6848K), 0.0065871 secs] 8020K->7968K(9920K), [Metaspace: 4890K->4890K(139264K)], 0.0066595 secs] [Times: user=0.01 sys=0.00, real=0.01 secs] 
2020-11-18T11:06:00.635-0800: 17.114: [Full GC (System.gc()) 2020-11-18T11:06:00.635-0800: 17.114: [CMS: 6846K->6846K(6848K), 0.0046306 secs] 8022K->7970K(9920K), [Metaspace: 4890K->4890K(139264K)], 0.0046986 secs] [Times: user=0.00 sys=0.00, real=0.01 secs] 
2020-11-18T11:06:00.640-0800: 17.118: [GC (CMS Initial Mark) [1 CMS-initial-mark: 6846K(6848K)] 7970K(9920K), 0.0001911 secs] [Times: user=0.00 sys=0.00, real=0.00 secs] 
2020-11-18T11:06:00.640-0800: 17.119: [CMS-concurrent-mark-start]
2020-11-18T11:06:00.641-0800: 17.120: [Full GC (System.gc()) 2020-11-18T11:06:00.641-0800: 17.120: [CMS2020-11-18T11:06:00.643-0800: 17.121: [CMS-concurrent-mark: 0.001/0.003 secs] [Times: user=0.01 sys=0.00, real=0.00 secs] 
 (concurrent mode interrupted): 6846K->6846K(6848K), 0.0061197 secs] 8024K->7972K(9920K), [Metaspace: 4890K->4890K(139264K)], 0.0062034 secs] [Times: user=0.00 sys=0.00, real=0.00 secs] 
2020-11-18T11:06:00.649-0800: 17.128: [Full GC (System.gc()) 2020-11-18T11:06:00.649-0800: 17.128: [CMS: 6846K->6846K(6848K), 0.0050187 secs] 8027K->7975K(9920K), [Metaspace: 4890K->4890K(139264K)], 0.0050959 secs] [Times: user=0.01 sys=0.00, real=0.01 secs] 
2020-11-18T11:06:00.654-0800: 17.133: [GC (CMS Initial Mark) [1 CMS-initial-mark: 6846K(6848K)] 7975K(9920K), 0.0002174 secs] [Times: user=0.00 sys=0.00, real=0.00 secs] 
2020-11-18T11:06:00.655-0800: 17.133: [CMS-concurrent-mark-start]
2020-11-18T11:06:00.656-0800: 17.134: [Full GC (System.gc()) 2020-11-18T11:06:00.656-0800: 17.134: [CMS2020-11-18T11:06:00.657-0800: 17.135: [CMS-concurrent-mark: 0.001/0.002 secs] [Times: user=0.00 sys=0.00, real=0.00 secs] 
 (concurrent mode interrupted): 6846K->6846K(6848K), 0.0062256 secs] 8029K->7977K(9920K), [Metaspace: 4890K->4890K(139264K)], 0.0062857 secs] [Times: user=0.01 sys=0.00, real=0.01 secs] 
2020-11-18T11:06:00.663-0800: 17.142: [Full GC (System.gc()) 2020-11-18T11:06:00.663-0800: 17.142: [CMS: 6846K->6846K(6848K), 0.0053732 secs] 8032K->7980K(9920K), [Metaspace: 4890K->4890K(139264K)], 0.0054446 secs] [Times: user=0.00 sys=0.00, real=0.00 secs] 
2020-11-18T11:06:00.669-0800: 17.147: [GC (CMS Initial Mark) [1 CMS-initial-mark: 6846K(6848K)] 7980K(9920K), 0.0002127 secs] [Times: user=0.00 sys=0.00, real=0.00 secs] 
2020-11-18T11:06:00.669-0800: 17.148: [CMS-concurrent-mark-start]
2020-11-18T11:06:00.670-0800: 17.149: [Full GC (System.gc()) 2020-11-18T11:06:00.670-0800: 17.149: [CMS2020-11-18T11:06:00.672-0800: 17.150: [CMS-concurrent-mark: 0.001/0.003 secs] [Times: user=0.01 sys=0.00, real=0.01 secs] 
 (concurrent mode interrupted): 6846K->6846K(6848K), 0.0063744 secs] 8034K->7982K(9920K), [Metaspace: 4890K->4890K(139264K)], 0.0064344 secs] [Times: user=0.01 sys=0.00, real=0.00 secs] 
2020-11-18T11:06:00.678-0800: 17.157: [Full GC (System.gc()) 2020-11-18T11:06:00.678-0800: 17.157: [CMS: 6846K->6846K(6848K), 0.0050879 secs] 8037K->7985K(9920K), [Metaspace: 4890K->4890K(139264K)], 0.0051557 secs] [Times: user=0.01 sys=0.00, real=0.01 secs] 
2020-11-18T11:06:00.684-0800: 17.162: [GC (CMS Initial Mark) [1 CMS-initial-mark: 6846K(6848K)] 7985K(9920K), 0.0004129 secs] [Times: user=0.00 sys=0.00, real=0.00 secs] 
2020-11-18T11:06:00.684-0800: 17.162: [CMS-concurrent-mark-start]
2020-11-18T11:06:00.685-0800: 17.163: [Full GC (System.gc()) 2020-11-18T11:06:00.685-0800: 17.163: [CMS2020-11-18T11:06:00.687-0800: 17.165: [CMS-concurrent-mark: 0.001/0.003 secs] [Times: user=0.00 sys=0.00, real=0.00 secs] 
 (concurrent mode interrupted): 6846K->6846K(6848K), 0.0077427 secs] 8039K->7987K(9920K), [Metaspace: 4890K->4890K(139264K)], 0.0078068 secs] [Times: user=0.01 sys=0.00, real=0.01 secs] 
2020-11-18T11:06:00.694-0800: 17.172: [Full GC (System.gc()) 2020-11-18T11:06:00.694-0800: 17.172: [CMS: 6846K->6846K(6848K), 0.0049695 secs] 8041K->7989K(9920K), [Metaspace: 4890K->4890K(139264K)], 0.0050379 secs] [Times: user=0.00 sys=0.00, real=0.00 secs] 
2020-11-18T11:06:00.699-0800: 17.177: [GC (CMS Initial Mark) [1 CMS-initial-mark: 6846K(6848K)] 7989K(9920K), 0.0002118 secs] [Times: user=0.00 sys=0.01, real=0.00 secs] 
2020-11-18T11:06:00.699-0800: 17.178: [CMS-concurrent-mark-start]
2020-11-18T11:06:00.700-0800: 17.179: [Full GC (System.gc()) 2020-11-18T11:06:00.700-0800: 17.179: [CMS2020-11-18T11:06:00.702-0800: 17.180: [CMS-concurrent-mark: 0.001/0.003 secs] [Times: user=0.00 sys=0.00, real=0.01 secs] 
 (concurrent mode interrupted): 6846K->6846K(6848K), 0.0057843 secs] 8044K->7992K(9920K), [Metaspace: 4890K->4890K(139264K)], 0.0058459 secs] [Times: user=0.01 sys=0.00, real=0.00 secs] 
2020-11-18T11:06:00.708-0800: 17.186: [Full GC (System.gc()) 2020-11-18T11:06:00.708-0800: 17.186: [CMS: 6846K->6846K(6848K), 0.0039410 secs] 8046K->7994K(9920K), [Metaspace: 4890K->4890K(139264K)], 0.0039913 secs] [Times: user=0.00 sys=0.00, real=0.01 secs] 
2020-11-18T11:06:00.712-0800: 17.190: [GC (CMS Initial Mark) [1 CMS-initial-mark: 6846K(6848K)] 7994K(9920K), 0.0002228 secs] [Times: user=0.00 sys=0.00, real=0.00 secs] 
2020-11-18T11:06:00.712-0800: 17.191: [CMS-concurrent-mark-start]
2020-11-18T11:06:00.713-0800: 17.191: [Full GC (System.gc()) 2020-11-18T11:06:00.713-0800: 17.191: [CMS2020-11-18T11:06:00.715-0800: 17.193: [CMS-concurrent-mark: 0.002/0.003 secs] [Times: user=0.01 sys=0.00, real=0.00 secs] 
 (concurrent mode interrupted): 6846K->6846K(6848K), 0.0060748 secs] 8049K->7997K(9920K), [Metaspace: 4890K->4890K(139264K)], 0.0061322 secs] [Times: user=0.01 sys=0.00, real=0.00 secs] 
2020-11-18T11:06:00.721-0800: 17.199: [Full GC (System.gc()) 2020-11-18T11:06:00.721-0800: 17.199: [CMS: 6846K->6846K(6848K), 0.0049725 secs] 8051K->7999K(9920K), [Metaspace: 4890K->4890K(139264K)], 0.0050577 secs] [Times: user=0.01 sys=0.00, real=0.00 secs] 
2020-11-18T11:06:00.726-0800: 17.204: [GC (CMS Initial Mark) [1 CMS-initial-mark: 6846K(6848K)] 7999K(9920K), 0.0001957 secs] [Times: user=0.00 sys=0.00, real=0.00 secs] 
2020-11-18T11:06:00.726-0800: 17.204: [CMS-concurrent-mark-start]
2020-11-18T11:06:00.727-0800: 17.205: [Full GC (System.gc()) 2020-11-18T11:06:00.727-0800: 17.205: [CMS2020-11-18T11:06:00.729-0800: 17.207: [CMS-concurrent-mark: 0.001/0.003 secs] [Times: user=0.00 sys=0.00, real=0.00 secs] 
 (concurrent mode interrupted): 6846K->6846K(6848K), 0.0066692 secs] 8053K->8001K(9920K), [Metaspace: 4890K->4890K(139264K)], 0.0067331 secs] [Times: user=0.00 sys=0.00, real=0.01 secs] 
2020-11-18T11:06:00.735-0800: 17.214: [Full GC (System.gc()) 2020-11-18T11:06:00.735-0800: 17.214: [CMS: 6846K->6846K(6848K), 0.0048278 secs] 8056K->8004K(9920K), [Metaspace: 4890K->4890K(139264K)], 0.0048929 secs] [Times: user=0.01 sys=0.00, real=0.01 secs] 
2020-11-18T11:06:00.740-0800: 17.219: [GC (CMS Initial Mark) [1 CMS-initial-mark: 6846K(6848K)] 8004K(9920K), 0.0002859 secs] [Times: user=0.00 sys=0.00, real=0.00 secs] 
2020-11-18T11:06:00.741-0800: 17.219: [CMS-concurrent-mark-start]
2020-11-18T11:06:00.742-0800: 17.220: [Full GC (System.gc()) 2020-11-18T11:06:00.742-0800: 17.220: [CMS2020-11-18T11:06:00.743-0800: 17.221: [CMS-concurrent-mark: 0.001/0.002 secs] [Times: user=0.00 sys=0.00, real=0.00 secs] 
 (concurrent mode interrupted): 6846K->6846K(6848K), 0.0065444 secs] 8058K->8006K(9920K), [Metaspace: 4890K->4890K(139264K)], 0.0066049 secs] [Times: user=0.01 sys=0.00, real=0.00 secs] 
2020-11-18T11:06:00.749-0800: 17.228: [Full GC (System.gc()) 2020-11-18T11:06:00.749-0800: 17.228: [CMS: 6846K->6846K(6848K), 0.0038858 secs] 8061K->8009K(9920K), [Metaspace: 4890K->4890K(139264K)], 0.0039412 secs] [Times: user=0.00 sys=0.00, real=0.01 secs] 
2020-11-18T11:06:00.753-0800: 17.232: [GC (CMS Initial Mark) [1 CMS-initial-mark: 6846K(6848K)] 8009K(9920K), 0.0002739 secs] [Times: user=0.00 sys=0.00, real=0.00 secs] 
2020-11-18T11:06:00.754-0800: 17.232: [CMS-concurrent-mark-start]
2020-11-18T11:06:00.755-0800: 17.233: [Full GC (System.gc()) 2020-11-18T11:06:00.755-0800: 17.233: [CMS2020-11-18T11:06:00.757-0800: 17.235: [CMS-concurrent-mark: 0.002/0.003 secs] [Times: user=0.01 sys=0.00, real=0.00 secs] 
 (concurrent mode interrupted): 6846K->6846K(6848K), 0.0060135 secs] 8063K->8011K(9920K), [Metaspace: 4890K->4890K(139264K)], 0.0060682 secs] [Times: user=0.01 sys=0.00, real=0.01 secs] 
2020-11-18T11:06:00.762-0800: 17.240: [Full GC (System.gc()) 2020-11-18T11:06:00.762-0800: 17.240: [CMS: 6846K->6846K(6848K), 0.0042779 secs] 8065K->8013K(9920K), [Metaspace: 4890K->4890K(139264K)], 0.0043388 secs] [Times: user=0.01 sys=0.00, real=0.00 secs] 
2020-11-18T11:06:00.766-0800: 17.245: [GC (CMS Initial Mark) [1 CMS-initial-mark: 6846K(6848K)] 8013K(9920K), 0.0001799 secs] [Times: user=0.00 sys=0.00, real=0.00 secs] 
2020-11-18T11:06:00.767-0800: 17.245: [CMS-concurrent-mark-start]
2020-11-18T11:06:00.768-0800: 17.246: [Full GC (System.gc()) 2020-11-18T11:06:00.768-0800: 17.246: [CMS2020-11-18T11:06:00.769-0800: 17.247: [CMS-concurrent-mark: 0.001/0.002 secs] [Times: user=0.00 sys=0.00, real=0.00 secs] 
 (concurrent mode interrupted): 6846K->6846K(6848K), 0.0056361 secs] 8068K->8016K(9920K), [Metaspace: 4890K->4890K(139264K)], 0.0056890 secs] [Times: user=0.00 sys=0.00, real=0.01 secs] 
2020-11-18T11:06:00.775-0800: 17.253: [Full GC (System.gc()) 2020-11-18T11:06:00.775-0800: 17.253: [CMS: 6846K->6846K(6848K), 0.0042178 secs] 8070K->8018K(9920K), [Metaspace: 4890K->4890K(139264K)], 0.0042782 secs] [Times: user=0.01 sys=0.00, real=0.00 secs] 
2020-11-18T11:06:00.779-0800: 17.258: [GC (CMS Initial Mark) [1 CMS-initial-mark: 6846K(6848K)] 8018K(9920K), 0.0001961 secs] [Times: user=0.00 sys=0.00, real=0.00 secs] 
2020-11-18T11:06:00.780-0800: 17.258: [CMS-concurrent-mark-start]
2020-11-18T11:06:00.781-0800: 17.259: [Full GC (System.gc()) 2020-11-18T11:06:00.781-0800: 17.259: [CMS2020-11-18T11:06:00.782-0800: 17.261: [CMS-concurrent-mark: 0.002/0.003 secs] [Times: user=0.00 sys=0.00, real=0.00 secs] 
 (concurrent mode interrupted): 6846K->6846K(6848K), 0.0054334 secs] 8073K->8021K(9920K), [Metaspace: 4890K->4890K(139264K)], 0.0055070 secs] [Times: user=0.01 sys=0.00, real=0.00 secs] 
2020-11-18T11:06:00.788-0800: 17.266: [Full GC (System.gc()) 2020-11-18T11:06:00.788-0800: 17.266: [CMS: 6846K->6846K(6848K), 0.0039502 secs] 8075K->8023K(9920K), [Metaspace: 4890K->4890K(139264K)], 0.0040014 secs] [Times: user=0.00 sys=0.00, real=0.01 secs] 
2020-11-18T11:06:00.792-0800: 17.270: [GC (CMS Initial Mark) [1 CMS-initial-mark: 6846K(6848K)] 8023K(9920K), 0.0002074 secs] [Times: user=0.00 sys=0.00, real=0.00 secs] 
2020-11-18T11:06:00.792-0800: 17.270: [CMS-concurrent-mark-start]
2020-11-18T11:06:00.793-0800: 17.271: [Full GC (System.gc()) 2020-11-18T11:06:00.793-0800: 17.271: [CMS2020-11-18T11:06:00.794-0800: 17.273: [CMS-concurrent-mark: 0.001/0.002 secs] [Times: user=0.00 sys=0.00, real=0.00 secs] 
 (concurrent mode interrupted): 6846K->6846K(6848K), 0.0061377 secs] 8078K->8026K(9920K), [Metaspace: 4890K->4890K(139264K)], 0.0062006 secs] [Times: user=0.01 sys=0.00, real=0.00 secs] 
2020-11-18T11:06:00.801-0800: 17.279: [Full GC (System.gc()) 2020-11-18T11:06:00.801-0800: 17.279: [CMS: 6846K->6846K(6848K), 0.0042235 secs] 8080K->8028K(9920K), [Metaspace: 4890K->4890K(139264K)], 0.0042987 secs] [Times: user=0.00 sys=0.00, real=0.00 secs] 
2020-11-18T11:06:00.805-0800: 17.283: [GC (CMS Initial Mark) [1 CMS-initial-mark: 6846K(6848K)] 8028K(9920K), 0.0001794 secs] [Times: user=0.00 sys=0.00, real=0.00 secs] 
2020-11-18T11:06:00.805-0800: 17.284: [CMS-concurrent-mark-start]
2020-11-18T11:06:00.806-0800: 17.285: [CMS-concurrent-mark: 0.001/0.001 secs] [Times: user=0.01 sys=0.00, real=0.00 secs] 
2020-11-18T11:06:00.806-0800: 17.285: [CMS-concurrent-preclean-start]
2020-11-18T11:06:00.806-0800: 17.285: [Full GC (System.gc()) 2020-11-18T11:06:00.806-0800: 17.285: [CMS2020-11-18T11:06:00.807-0800: 17.286: [CMS-concurrent-preclean: 0.001/0.001 secs] [Times: user=0.00 sys=0.00, real=0.00 secs] 
 (concurrent mode interrupted): 6846K->6846K(6848K), 0.0044697 secs] 8082K->8030K(9920K), [Metaspace: 4890K->4890K(139264K)], 0.0045183 secs] [Times: user=0.00 sys=0.00, real=0.01 secs] 
2020-11-18T11:06:00.812-0800: 17.291: [Full GC (System.gc()) 2020-11-18T11:06:00.812-0800: 17.291: [CMS: 6846K->6846K(6848K), 0.0044163 secs] 8085K->8033K(9920K), [Metaspace: 4890K->4890K(139264K)], 0.0044952 secs] [Times: user=0.01 sys=0.00, real=0.00 secs] 
2020-11-18T11:06:00.817-0800: 17.295: [GC (CMS Initial Mark) [1 CMS-initial-mark: 6846K(6848K)] 8033K(9920K), 0.0001954 secs] [Times: user=0.00 sys=0.00, real=0.00 secs] 
2020-11-18T11:06:00.817-0800: 17.296: [CMS-concurrent-mark-start]
2020-11-18T11:06:00.818-0800: 17.297: [Full GC (System.gc()) 2020-11-18T11:06:00.818-0800: 17.297: [CMS2020-11-18T11:06:00.820-0800: 17.298: [CMS-concurrent-mark: 0.001/0.002 secs] [Times: user=0.00 sys=0.00, real=0.01 secs] 
 (concurrent mode interrupted): 6846K->6846K(6848K), 0.0058362 secs] 8087K->8035K(9920K), [Metaspace: 4890K->4890K(139264K)], 0.0059062 secs] [Times: user=0.00 sys=0.00, real=0.01 secs] 
2020-11-18T11:06:00.825-0800: 17.304: [Full GC (System.gc()) 2020-11-18T11:06:00.825-0800: 17.304: [CMS: 6846K->6846K(6848K), 0.0043586 secs] 8090K->8038K(9920K), [Metaspace: 4890K->4890K(139264K)], 0.0044254 secs] [Times: user=0.01 sys=0.00, real=0.01 secs] 
2020-11-18T11:06:00.830-0800: 17.308: [GC (CMS Initial Mark) [1 CMS-initial-mark: 6846K(6848K)] 8038K(9920K), 0.0002021 secs] [Times: user=0.00 sys=0.00, real=0.00 secs] 
2020-11-18T11:06:00.830-0800: 17.309: [CMS-concurrent-mark-start]
2020-11-18T11:06:00.831-0800: 17.310: [Full GC (System.gc()) 2020-11-18T11:06:00.831-0800: 17.310: [CMS2020-11-18T11:06:00.833-0800: 17.311: [CMS-concurrent-mark: 0.001/0.002 secs] [Times: user=0.00 sys=0.00, real=0.00 secs] 
 (concurrent mode interrupted): 6846K->6846K(6848K), 0.0052013 secs] 8092K->8040K(9920K), [Metaspace: 4890K->4890K(139264K)], 0.0052467 secs] [Times: user=0.01 sys=0.00, real=0.00 secs] 
2020-11-18T11:06:00.838-0800: 17.316: [Full GC (System.gc()) 2020-11-18T11:06:00.838-0800: 17.316: [CMS: 6846K->6846K(6848K), 0.0034767 secs] 8094K->8042K(9920K), [Metaspace: 4890K->4890K(139264K)], 0.0035203 secs] [Times: user=0.00 sys=0.00, real=0.01 secs] 
2020-11-18T11:06:00.841-0800: 17.320: [GC (CMS Initial Mark) [1 CMS-initial-mark: 6846K(6848K)] 8042K(9920K), 0.0001986 secs] [Times: user=0.00 sys=0.00, real=0.00 secs] 
2020-11-18T11:06:00.842-0800: 17.320: [CMS-concurrent-mark-start]
2020-11-18T11:06:00.843-0800: 17.321: [Full GC (System.gc()) 2020-11-18T11:06:00.843-0800: 17.321: [CMS2020-11-18T11:06:00.844-0800: 17.323: [CMS-concurrent-mark: 0.001/0.003 secs] [Times: user=0.00 sys=0.00, real=0.00 secs] 
 (concurrent mode interrupted): 6846K->6846K(6848K), 0.0050020 secs] 8097K->8045K(9920K), [Metaspace: 4890K->4890K(139264K)], 0.0050489 secs] [Times: user=0.01 sys=0.00, real=0.00 secs] 
2020-11-18T11:06:00.849-0800: 17.328: [Full GC (System.gc()) 2020-11-18T11:06:00.849-0800: 17.328: [CMS: 6846K->6846K(6848K), 0.0035054 secs] 8099K->8047K(9920K), [Metaspace: 4890K->4890K(139264K)], 0.0035465 secs] [Times: user=0.00 sys=0.00, real=0.01 secs] 
2020-11-18T11:06:00.853-0800: 17.331: [GC (CMS Initial Mark) [1 CMS-initial-mark: 6846K(6848K)] 8047K(9920K), 0.0001796 secs] [Times: user=0.00 sys=0.00, real=0.00 secs] 
2020-11-18T11:06:00.853-0800: 17.331: [CMS-concurrent-mark-start]
2020-11-18T11:06:00.854-0800: 17.333: [Full GC (System.gc()) 2020-11-18T11:06:00.854-0800: 17.333: [CMS2020-11-18T11:06:00.855-0800: 17.334: [CMS-concurrent-mark: 0.001/0.002 secs] [Times: user=0.00 sys=0.00, real=0.00 secs] 
 (concurrent mode interrupted): 6846K->6846K(6848K), 0.0046810 secs] 8102K->8050K(9920K), [Metaspace: 4890K->4890K(139264K)], 0.0047402 secs] [Times: user=0.01 sys=0.00, real=0.00 secs] 
2020-11-18T11:06:00.860-0800: 17.338: [Full GC (System.gc()) 2020-11-18T11:06:00.860-0800: 17.339: [CMS: 6846K->6846K(6848K), 0.0032901 secs] 8104K->8052K(9920K), [Metaspace: 4890K->4890K(139264K)], 0.0033313 secs] [Times: user=0.00 sys=0.00, real=0.00 secs] 
2020-11-18T11:06:00.863-0800: 17.342: [GC (CMS Initial Mark) [1 CMS-initial-mark: 6846K(6848K)] 8052K(9920K), 0.0002506 secs] [Times: user=0.00 sys=0.00, real=0.00 secs] 
2020-11-18T11:06:00.864-0800: 17.342: [CMS-concurrent-mark-start]
2020-11-18T11:06:00.865-0800: 17.343: [Full GC (System.gc()) 2020-11-18T11:06:00.865-0800: 17.343: [CMS2020-11-18T11:06:00.866-0800: 17.345: [CMS-concurrent-mark: 0.001/0.003 secs] [Times: user=0.00 sys=0.00, real=0.00 secs] 
 (concurrent mode interrupted): 6846K->6846K(6848K), 0.0049536 secs] 8107K->8055K(9920K), [Metaspace: 4890K->4890K(139264K)], 0.0049941 secs] [Times: user=0.01 sys=0.00, real=0.01 secs] 
2020-11-18T11:06:00.871-0800: 17.349: [Full GC (System.gc()) 2020-11-18T11:06:00.871-0800: 17.349: [CMS: 6846K->6846K(6848K), 0.0033297 secs] 8109K->8057K(9920K), [Metaspace: 4890K->4890K(139264K)], 0.0033742 secs] [Times: user=0.00 sys=0.00, real=0.00 secs] 
2020-11-18T11:06:00.874-0800: 17.353: [GC (CMS Initial Mark) [1 CMS-initial-mark: 6846K(6848K)] 8057K(9920K), 0.0001970 secs] [Times: user=0.00 sys=0.00, real=0.00 secs] 
2020-11-18T11:06:00.875-0800: 17.353: [CMS-concurrent-mark-start]
2020-11-18T11:06:00.876-0800: 17.354: [CMS-concurrent-mark: 0.001/0.001 secs] [Times: user=0.00 sys=0.00, real=0.00 secs] 
2020-11-18T11:06:00.876-0800: 17.354: [Full GC (System.gc()) 2020-11-18T11:06:00.876-0800: 17.354: [CMS (concurrent mode interrupted): 6846K->6846K(6848K), 0.0031769 secs] 8111K->8059K(9920K), [Metaspace: 4890K->4890K(139264K)], 0.0032103 secs] [Times: user=0.01 sys=0.00, real=0.00 secs] 
2020-11-18T11:06:00.880-0800: 17.359: [Full GC (System.gc()) 2020-11-18T11:06:00.880-0800: 17.359: [CMS: 6846K->6846K(6848K), 0.0041368 secs] 8114K->8062K(9920K), [Metaspace: 4890K->4890K(139264K)], 0.0041932 secs] [Times: user=0.00 sys=0.00, real=0.00 secs] 
2020-11-18T11:06:00.885-0800: 17.363: [GC (CMS Initial Mark) [1 CMS-initial-mark: 6846K(6848K)] 8062K(9920K), 0.0002034 secs] [Times: user=0.00 sys=0.00, real=0.00 secs] 
2020-11-18T11:06:00.885-0800: 17.363: [CMS-concurrent-mark-start]
2020-11-18T11:06:00.886-0800: 17.365: [CMS-concurrent-mark: 0.001/0.001 secs] [Times: user=0.01 sys=0.00, real=0.00 secs] 
2020-11-18T11:06:00.886-0800: 17.365: [Full GC (System.gc()) 2020-11-18T11:06:00.886-0800: 17.365: [CMS (concurrent mode interrupted): 6846K->6846K(6848K), 0.0037498 secs] 8116K->8064K(9920K), [Metaspace: 4890K->4890K(139264K)], 0.0037928 secs] [Times: user=0.00 sys=0.00, real=0.01 secs] 
2020-11-18T11:06:00.891-0800: 17.370: [Full GC (System.gc()) 2020-11-18T11:06:00.891-0800: 17.370: [CMS: 6846K->6846K(6848K), 0.0036694 secs] 8119K->8067K(9920K), [Metaspace: 4890K->4890K(139264K)], 0.0037172 secs] [Times: user=0.00 sys=0.00, real=0.00 secs] 
2020-11-18T11:06:00.895-0800: 17.374: [GC (CMS Initial Mark) [1 CMS-initial-mark: 6846K(6848K)] 8067K(9920K), 0.0002330 secs] [Times: user=0.00 sys=0.00, real=0.00 secs] 
2020-11-18T11:06:00.895-0800: 17.374: [CMS-concurrent-mark-start]
2020-11-18T11:06:00.896-0800: 17.375: [Full GC (System.gc()) 2020-11-18T11:06:00.897-0800: 17.375: [CMS2020-11-18T11:06:00.898-0800: 17.376: [CMS-concurrent-mark: 0.001/0.002 secs] [Times: user=0.01 sys=0.00, real=0.00 secs] 
 (concurrent mode interrupted): 6846K->6846K(6848K), 0.0045572 secs] 8121K->8069K(9920K), [Metaspace: 4890K->4890K(139264K)], 0.0045992 secs] [Times: user=0.00 sys=0.00, real=0.01 secs] 
2020-11-18T11:06:00.902-0800: 17.381: [Full GC (System.gc()) 2020-11-18T11:06:00.902-0800: 17.381: [CMS: 6846K->6846K(6848K), 0.0031206 secs] 8123K->8071K(9920K), [Metaspace: 4890K->4890K(139264K)], 0.0031562 secs] [Times: user=0.00 sys=0.00, real=0.00 secs] 
2020-11-18T11:06:00.906-0800: 17.384: [GC (CMS Initial Mark) [1 CMS-initial-mark: 6846K(6848K)] 8071K(9920K), 0.0001457 secs] [Times: user=0.00 sys=0.00, real=0.00 secs] 
2020-11-18T11:06:00.906-0800: 17.384: [CMS-concurrent-mark-start]
2020-11-18T11:06:00.907-0800: 17.386: [CMS-concurrent-mark: 0.001/0.001 secs] [Times: user=0.01 sys=0.00, real=0.00 secs] 
2020-11-18T11:06:00.907-0800: 17.386: [Full GC (System.gc()) 2020-11-18T11:06:00.907-0800: 17.386: [CMS (concurrent mode interrupted): 6846K->6846K(6848K), 0.0032232 secs] 8126K->8074K(9920K), [Metaspace: 4890K->4890K(139264K)], 0.0032620 secs] [Times: user=0.00 sys=0.00, real=0.01 secs] 
2020-11-18T11:06:00.912-0800: 17.390: [Full GC (System.gc()) 2020-11-18T11:06:00.912-0800: 17.390: [CMS: 6846K->6846K(6848K), 0.0030939 secs] 8128K->8076K(9920K), [Metaspace: 4890K->4890K(139264K)], 0.0031291 secs] [Times: user=0.00 sys=0.00, real=0.00 secs] 
2020-11-18T11:06:00.915-0800: 17.393: [GC (CMS Initial Mark) [1 CMS-initial-mark: 6846K(6848K)] 8076K(9920K), 0.0002553 secs] [Times: user=0.00 sys=0.00, real=0.00 secs] 
2020-11-18T11:06:00.915-0800: 17.394: [CMS-concurrent-mark-start]
2020-11-18T11:06:00.916-0800: 17.395: [CMS-concurrent-mark: 0.001/0.001 secs] [Times: user=0.01 sys=0.00, real=0.00 secs] 
2020-11-18T11:06:00.916-0800: 17.395: [CMS-concurrent-preclean-start]
2020-11-18T11:06:00.916-0800: 17.395: [Full GC (System.gc()) 2020-11-18T11:06:00.916-0800: 17.395: [CMS2020-11-18T11:06:00.917-0800: 17.396: [CMS-concurrent-preclean: 0.001/0.001 secs] [Times: user=0.00 sys=0.00, real=0.00 secs] 
 (concurrent mode interrupted): 6846K->6846K(6848K), 0.0038385 secs] 8131K->8079K(9920K), [Metaspace: 4890K->4890K(139264K)], 0.0038693 secs] [Times: user=0.00 sys=0.00, real=0.01 secs] 
2020-11-18T11:06:00.922-0800: 17.400: [Full GC (System.gc()) 2020-11-18T11:06:00.922-0800: 17.400: [CMS: 6846K->6846K(6848K), 0.0031141 secs] 8133K->8081K(9920K), [Metaspace: 4890K->4890K(139264K)], 0.0031525 secs] [Times: user=0.00 sys=0.00, real=0.00 secs] 
2020-11-18T11:06:00.925-0800: 17.403: [GC (CMS Initial Mark) [1 CMS-initial-mark: 6846K(6848K)] 8081K(9920K), 0.0001798 secs] [Times: user=0.00 sys=0.00, real=0.00 secs] 
2020-11-18T11:06:00.925-0800: 17.403: [CMS-concurrent-mark-start]
2020-11-18T11:06:00.926-0800: 17.404: [CMS-concurrent-mark: 0.001/0.001 secs] [Times: user=0.01 sys=0.00, real=0.00 secs] 
2020-11-18T11:06:00.926-0800: 17.404: [CMS-concurrent-preclean-start]
2020-11-18T11:06:00.926-0800: 17.405: [Full GC (System.gc()) 2020-11-18T11:06:00.926-0800: 17.405: [CMS2020-11-18T11:06:00.927-0800: 17.405: [CMS-concurrent-preclean: 0.001/0.001 secs] [Times: user=0.00 sys=0.00, real=0.00 secs] 
 (concurrent mode interrupted): 6846K->6846K(6848K), 0.0037007 secs] 8135K->8083K(9920K), [Metaspace: 4890K->4890K(139264K)], 0.0037347 secs] [Times: user=0.00 sys=0.00, real=0.01 secs] 
2020-11-18T11:06:00.931-0800: 17.410: [Full GC (System.gc()) 2020-11-18T11:06:00.931-0800: 17.410: [CMS: 6846K->6846K(6848K), 0.0028774 secs] 8138K->8086K(9920K), [Metaspace: 4890K->4890K(139264K)], 0.0029097 secs] [Times: user=0.00 sys=0.00, real=0.00 secs] 
2020-11-18T11:06:00.934-0800: 17.413: [GC (CMS Initial Mark) [1 CMS-initial-mark: 6846K(6848K)] 8086K(9920K), 0.0001725 secs] [Times: user=0.00 sys=0.00, real=0.00 secs] 
2020-11-18T11:06:00.934-0800: 17.413: [CMS-concurrent-mark-start]
2020-11-18T11:06:00.935-0800: 17.414: [CMS-concurrent-mark: 0.001/0.001 secs] [Times: user=0.01 sys=0.00, real=0.00 secs] 
2020-11-18T11:06:00.936-0800: 17.414: [Full GC (System.gc()) 2020-11-18T11:06:00.936-0800: 17.414: [CMS (concurrent mode interrupted): 6846K->6846K(6848K), 0.0030604 secs] 8140K->8088K(9920K), [Metaspace: 4890K->4890K(139264K)], 0.0030937 secs] [Times: user=0.00 sys=0.00, real=0.00 secs] 
2020-11-18T11:06:00.940-0800: 17.418: [Full GC (System.gc()) 2020-11-18T11:06:00.940-0800: 17.418: [CMS: 6846K->6846K(6848K), 0.0037061 secs] 8143K->8091K(9920K), [Metaspace: 4890K->4890K(139264K)], 0.0037660 secs] [Times: user=0.00 sys=0.00, real=0.00 secs] 
2020-11-18T11:06:00.944-0800: 17.422: [GC (CMS Initial Mark) [1 CMS-initial-mark: 6846K(6848K)] 8091K(9920K), 0.0001852 secs] [Times: user=0.00 sys=0.00, real=0.00 secs] 
2020-11-18T11:06:00.944-0800: 17.422: [CMS-concurrent-mark-start]
2020-11-18T11:06:00.945-0800: 17.423: [Full GC (System.gc()) 2020-11-18T11:06:00.945-0800: 17.423: [CMS2020-11-18T11:06:00.946-0800: 17.425: [CMS-concurrent-mark: 0.001/0.002 secs] [Times: user=0.01 sys=0.00, real=0.00 secs] 
 (concurrent mode interrupted): 6846K->6846K(6848K), 0.0051468 secs] 8145K->8093K(9920K), [Metaspace: 4890K->4890K(139264K)], 0.0051946 secs] [Times: user=0.00 sys=0.00, real=0.01 secs] 
2020-11-18T11:06:00.951-0800: 17.430: [Full GC (System.gc()) 2020-11-18T11:06:00.952-0800: 17.430: [CMS: 6846K->6846K(6848K), 0.0037424 secs] 8148K->8096K(9920K), [Metaspace: 4890K->4890K(139264K)], 0.0038096 secs] [Times: user=0.01 sys=0.00, real=0.00 secs] 
2020-11-18T11:06:00.955-0800: 17.434: [GC (CMS Initial Mark) [1 CMS-initial-mark: 6846K(6848K)] 8096K(9920K), 0.0001664 secs] [Times: user=0.00 sys=0.00, real=0.00 secs] 
2020-11-18T11:06:00.956-0800: 17.434: [CMS-concurrent-mark-start]
2020-11-18T11:06:00.957-0800: 17.435: [CMS-concurrent-mark: 0.001/0.001 secs] [Times: user=0.00 sys=0.00, real=0.00 secs] 
2020-11-18T11:06:00.957-0800: 17.435: [Full GC (System.gc()) 2020-11-18T11:06:00.957-0800: 17.435: [CMS (concurrent mode interrupted): 6846K->6846K(6848K), 0.0033974 secs] 8150K->8098K(9920K), [Metaspace: 4890K->4890K(139264K)], 0.0034428 secs] [Times: user=0.00 sys=0.00, real=0.01 secs] 
2020-11-18T11:06:00.962-0800: 17.440: [Full GC (System.gc()) 2020-11-18T11:06:00.962-0800: 17.440: [CMS: 6846K->6846K(6848K), 0.0034448 secs] 8152K->8100K(9920K), [Metaspace: 4890K->4890K(139264K)], 0.0034962 secs] [Times: user=0.01 sys=0.00, real=0.00 secs] 
2020-11-18T11:06:00.965-0800: 17.444: [GC (CMS Initial Mark) [1 CMS-initial-mark: 6846K(6848K)] 8100K(9920K), 0.0002164 secs] [Times: user=0.00 sys=0.00, real=0.00 secs] 
2020-11-18T11:06:00.965-0800: 17.444: [CMS-concurrent-mark-start]
2020-11-18T11:06:00.967-0800: 17.445: [Full GC (System.gc()) 2020-11-18T11:06:00.967-0800: 17.445: [CMS2020-11-18T11:06:00.968-0800: 17.446: [CMS-concurrent-mark: 0.001/0.002 secs] [Times: user=0.00 sys=0.00, real=0.00 secs] 
 (concurrent mode interrupted): 6846K->6846K(6848K), 0.0045906 secs] 8155K->8103K(9920K), [Metaspace: 4890K->4890K(139264K)], 0.0046322 secs] [Times: user=0.00 sys=0.00, real=0.01 secs] 
2020-11-18T11:06:00.973-0800: 17.451: [Full GC (System.gc()) 2020-11-18T11:06:00.973-0800: 17.451: [CMS: 6846K->6846K(6848K), 0.0031127 secs] 8157K->8105K(9920K), [Metaspace: 4890K->4890K(139264K)], 0.0031517 secs] [Times: user=0.01 sys=0.00, real=0.00 secs] 
2020-11-18T11:06:00.976-0800: 17.454: [GC (CMS Initial Mark) [1 CMS-initial-mark: 6846K(6848K)] 8105K(9920K), 0.0001619 secs] [Times: user=0.00 sys=0.00, real=0.00 secs] 
2020-11-18T11:06:00.976-0800: 17.455: [CMS-concurrent-mark-start]
2020-11-18T11:06:00.977-0800: 17.456: [CMS-concurrent-mark: 0.001/0.001 secs] [Times: user=0.00 sys=0.00, real=0.00 secs] 
2020-11-18T11:06:00.977-0800: 17.456: [CMS-concurrent-preclean-start]
2020-11-18T11:06:00.977-0800: 17.456: [Full GC (System.gc()) 2020-11-18T11:06:00.977-0800: 17.456: [CMS2020-11-18T11:06:00.978-0800: 17.456: [CMS-concurrent-preclean: 0.001/0.001 secs] [Times: user=0.00 sys=0.00, real=0.00 secs] 
 (concurrent mode interrupted): 6846K->6846K(6848K), 0.0039794 secs] 8160K->8108K(9920K), [Metaspace: 4890K->4890K(139264K)], 0.0040109 secs] [Times: user=0.00 sys=0.00, real=0.01 secs] 
2020-11-18T11:06:00.983-0800: 17.461: [Full GC (System.gc()) 2020-11-18T11:06:00.983-0800: 17.461: [CMS: 6846K->6846K(6848K), 0.0031145 secs] 8162K->8110K(9920K), [Metaspace: 4890K->4890K(139264K)], 0.0031562 secs] [Times: user=0.01 sys=0.00, real=0.00 secs] 
2020-11-18T11:06:00.986-0800: 17.464: [GC (CMS Initial Mark) [1 CMS-initial-mark: 6846K(6848K)] 8110K(9920K), 0.0002156 secs] [Times: user=0.00 sys=0.00, real=0.00 secs] 
2020-11-18T11:06:00.986-0800: 17.465: [CMS-concurrent-mark-start]
2020-11-18T11:06:00.987-0800: 17.466: [Full GC (System.gc()) 2020-11-18T11:06:00.987-0800: 17.466: [CMS2020-11-18T11:06:00.989-0800: 17.467: [CMS-concurrent-mark: 0.001/0.002 secs] [Times: user=0.00 sys=0.00, real=0.00 secs] 
 (concurrent mode interrupted): 6846K->6846K(6848K), 0.0046363 secs] 8164K->8112K(9920K), [Metaspace: 4890K->4890K(139264K)], 0.0046771 secs] [Times: user=0.00 sys=0.00, real=0.01 secs] 
2020-11-18T11:06:00.993-0800: 17.472: [Full GC (System.gc()) 2020-11-18T11:06:00.993-0800: 17.472: [CMS: 6846K->6846K(6848K), 0.0033902 secs] 8167K->8115K(9920K), [Metaspace: 4890K->4890K(139264K)], 0.0034345 secs] [Times: user=0.01 sys=0.00, real=0.00 secs] 
2020-11-18T11:06:00.997-0800: 17.475: [GC (CMS Initial Mark) [1 CMS-initial-mark: 6846K(6848K)] 8115K(9920K), 0.0001550 secs] [Times: user=0.00 sys=0.00, real=0.00 secs] 
2020-11-18T11:06:00.997-0800: 17.475: [CMS-concurrent-mark-start]
2020-11-18T11:06:00.998-0800: 17.476: [Full GC (System.gc()) 2020-11-18T11:06:00.998-0800: 17.476: [CMS2020-11-18T11:06:00.999-0800: 17.478: [CMS-concurrent-mark: 0.001/0.002 secs] [Times: user=0.00 sys=0.00, real=0.00 secs] 
 (concurrent mode interrupted): 6846K->6846K(6848K), 0.0045514 secs] 8169K->8117K(9920K), [Metaspace: 4890K->4890K(139264K)], 0.0045921 secs] [Times: user=0.00 sys=0.00, real=0.01 secs] 
2020-11-18T11:06:01.004-0800: 17.482: [Full GC (System.gc()) 2020-11-18T11:06:01.004-0800: 17.482: [CMS: 6846K->6846K(6848K), 0.0031686 secs] 8172K->8120K(9920K), [Metaspace: 4890K->4890K(139264K)], 0.0032079 secs] [Times: user=0.01 sys=0.00, real=0.00 secs] 
2020-11-18T11:06:01.007-0800: 17.485: [GC (CMS Initial Mark) [1 CMS-initial-mark: 6846K(6848K)] 8120K(9920K), 0.0001904 secs] [Times: user=0.00 sys=0.00, real=0.00 secs] 
2020-11-18T11:06:01.007-0800: 17.486: [CMS-concurrent-mark-start]
2020-11-18T11:06:01.008-0800: 17.487: [CMS-concurrent-mark: 0.001/0.001 secs] [Times: user=0.00 sys=0.00, real=0.00 secs] 
2020-11-18T11:06:01.008-0800: 17.487: [Full GC (System.gc()) 2020-11-18T11:06:01.008-0800: 17.487: [CMS (concurrent mode interrupted): 6846K->6846K(6848K), 0.0031791 secs] 8174K->8122K(9920K), [Metaspace: 4890K->4890K(139264K)], 0.0032165 secs] [Times: user=0.00 sys=0.00, real=0.01 secs] 
2020-11-18T11:06:01.013-0800: 17.491: [Full GC (System.gc()) 2020-11-18T11:06:01.013-0800: 17.491: [CMS: 6846K->6846K(6848K), 0.0038101 secs] 8177K->8125K(9920K), [Metaspace: 4890K->4890K(139264K)], 0.0038882 secs] [Times: user=0.01 sys=0.00, real=0.00 secs] 
2020-11-18T11:06:01.017-0800: 17.495: [GC (CMS Initial Mark) [1 CMS-initial-mark: 6846K(6848K)] 8125K(9920K), 0.0002449 secs] [Times: user=0.00 sys=0.00, real=0.00 secs] 
2020-11-18T11:06:01.017-0800: 17.495: [CMS-concurrent-mark-start]
2020-11-18T11:06:01.018-0800: 17.496: [Full GC (System.gc()) 2020-11-18T11:06:01.018-0800: 17.496: [CMS2020-11-18T11:06:01.019-0800: 17.498: [CMS-concurrent-mark: 0.001/0.002 secs] [Times: user=0.00 sys=0.00, real=0.00 secs] 
 (concurrent mode interrupted): 6846K->6846K(6848K), 0.0045376 secs] 8179K->8127K(9920K), [Metaspace: 4890K->4890K(139264K)], 0.0045769 secs] [Times: user=0.00 sys=0.00, real=0.01 secs] 
2020-11-18T11:06:01.024-0800: 17.502: [Full GC (System.gc()) 2020-11-18T11:06:01.024-0800: 17.502: [CMS: 6846K->6846K(6848K), 0.0031074 secs] 8181K->8129K(9920K), [Metaspace: 4890K->4890K(139264K)], 0.0031474 secs] [Times: user=0.01 sys=0.00, real=0.00 secs] 
2020-11-18T11:06:01.027-0800: 17.506: [GC (CMS Initial Mark) [1 CMS-initial-mark: 6846K(6848K)] 8129K(9920K), 0.0002165 secs] [Times: user=0.00 sys=0.00, real=0.00 secs] 
2020-11-18T11:06:01.027-0800: 17.506: [CMS-concurrent-mark-start]
2020-11-18T11:06:01.028-0800: 17.507: [Full GC (System.gc()) 2020-11-18T11:06:01.028-0800: 17.507: [CMS2020-11-18T11:06:01.030-0800: 17.508: [CMS-concurrent-mark: 0.001/0.002 secs] [Times: user=0.00 sys=0.00, real=0.01 secs] 
 (concurrent mode interrupted): 6846K->6846K(6848K), 0.0044372 secs] 8184K->8132K(9920K), [Metaspace: 4890K->4890K(139264K)], 0.0044747 secs] [Times: user=0.00 sys=0.00, real=0.01 secs] 
2020-11-18T11:06:01.034-0800: 17.513: [Full GC (System.gc()) 2020-11-18T11:06:01.034-0800: 17.513: [CMS: 6846K->6846K(6848K), 0.0032135 secs] 8186K->8134K(9920K), [Metaspace: 4890K->4890K(139264K)], 0.0032520 secs] [Times: user=0.01 sys=0.00, real=0.00 secs] 
2020-11-18T11:06:01.037-0800: 17.516: [GC (CMS Initial Mark) [1 CMS-initial-mark: 6846K(6848K)] 8134K(9920K), 0.0001715 secs] [Times: user=0.00 sys=0.00, real=0.00 secs] 
2020-11-18T11:06:01.038-0800: 17.516: [CMS-concurrent-mark-start]
2020-11-18T11:06:01.039-0800: 17.517: [CMS-concurrent-mark: 0.001/0.001 secs] [Times: user=0.00 sys=0.00, real=0.00 secs] 
2020-11-18T11:06:01.039-0800: 17.517: [Full GC (System.gc()) 2020-11-18T11:06:01.039-0800: 17.517: [CMS (concurrent mode interrupted): 6846K->6846K(6848K), 0.0030364 secs] 8189K->8137K(9920K), [Metaspace: 4890K->4890K(139264K)], 0.0030658 secs] [Times: user=0.00 sys=0.00, real=0.01 secs] 
2020-11-18T11:06:01.043-0800: 17.522: [Full GC (System.gc()) 2020-11-18T11:06:01.043-0800: 17.522: [CMS: 6846K->6846K(6848K), 0.0029762 secs] 8191K->8139K(9920K), [Metaspace: 4890K->4890K(139264K)], 0.0030127 secs] [Times: user=0.01 sys=0.00, real=0.00 secs] 
2020-11-18T11:06:01.046-0800: 17.525: [GC (CMS Initial Mark) [1 CMS-initial-mark: 6846K(6848K)] 8139K(9920K), 0.0001542 secs] [Times: user=0.00 sys=0.00, real=0.00 secs] 
2020-11-18T11:06:01.046-0800: 17.525: [CMS-concurrent-mark-start]
2020-11-18T11:06:01.048-0800: 17.526: [CMS-concurrent-mark: 0.001/0.001 secs] [Times: user=0.00 sys=0.00, real=0.00 secs] 
2020-11-18T11:06:01.048-0800: 17.526: [Full GC (System.gc()) 2020-11-18T11:06:01.048-0800: 17.526: [CMS (concurrent mode interrupted): 6846K->6846K(6848K), 0.0028605 secs] 8193K->8141K(9920K), [Metaspace: 4890K->4890K(139264K)], 0.0028938 secs] [Times: user=0.00 sys=0.00, real=0.01 secs] 
2020-11-18T11:06:01.052-0800: 17.530: [Full GC (System.gc()) 2020-11-18T11:06:01.052-0800: 17.530: [CMS: 6846K->6846K(6848K), 0.0036137 secs] 8196K->8144K(9920K), [Metaspace: 4890K->4890K(139264K)], 0.0036731 secs] [Times: user=0.01 sys=0.00, real=0.00 secs] 
2020-11-18T11:06:01.056-0800: 17.534: [GC (CMS Initial Mark) [1 CMS-initial-mark: 6846K(6848K)] 8144K(9920K), 0.0001796 secs] [Times: user=0.00 sys=0.00, real=0.00 secs] 
2020-11-18T11:06:01.056-0800: 17.534: [CMS-concurrent-mark-start]
2020-11-18T11:06:01.057-0800: 17.535: [Full GC (System.gc()) 2020-11-18T11:06:01.057-0800: 17.535: [CMS2020-11-18T11:06:01.058-0800: 17.537: [CMS-concurrent-mark: 0.001/0.002 secs] [Times: user=0.00 sys=0.00, real=0.00 secs] 
 (concurrent mode interrupted): 6846K->6846K(6848K), 0.0051047 secs] 8198K->8146K(9920K), [Metaspace: 4890K->4890K(139264K)], 0.0051649 secs] [Times: user=0.00 sys=0.00, real=0.01 secs] 
2020-11-18T11:06:01.064-0800: 17.542: [Full GC (System.gc()) 2020-11-18T11:06:01.064-0800: 17.542: [CMS: 6846K->6846K(6848K), 0.0039611 secs] 8201K->8149K(9920K), [Metaspace: 4890K->4890K(139264K)], 0.0040287 secs] [Times: user=0.01 sys=0.00, real=0.00 secs] 
2020-11-18T11:06:01.068-0800: 17.546: [GC (CMS Initial Mark) [1 CMS-initial-mark: 6846K(6848K)] 8149K(9920K), 0.0002018 secs] [Times: user=0.00 sys=0.00, real=0.00 secs] 
2020-11-18T11:06:01.068-0800: 17.546: [CMS-concurrent-mark-start]
2020-11-18T11:06:01.069-0800: 17.548: [Full GC (System.gc()) 2020-11-18T11:06:01.069-0800: 17.548: [CMS2020-11-18T11:06:01.070-0800: 17.549: [CMS-concurrent-mark: 0.001/0.002 secs] [Times: user=0.00 sys=0.00, real=0.01 secs] 
 (concurrent mode interrupted): 6846K->6846K(6848K), 0.0045282 secs] 8203K->8151K(9920K), [Metaspace: 4890K->4890K(139264K)], 0.0045676 secs] [Times: user=0.00 sys=0.00, real=0.01 secs] 
2020-11-18T11:06:01.075-0800: 17.554: [Full GC (System.gc()) 2020-11-18T11:06:01.075-0800: 17.554: [CMS: 6846K->6846K(6848K), 0.0031414 secs] 8205K->8154K(9920K), [Metaspace: 4890K->4890K(139264K)], 0.0031801 secs] [Times: user=0.01 sys=0.00, real=0.00 secs] 
2020-11-18T11:06:01.078-0800: 17.557: [GC (CMS Initial Mark) [1 CMS-initial-mark: 6846K(6848K)] 8154K(9920K), 0.0001882 secs] [Times: user=0.00 sys=0.00, real=0.00 secs] 
2020-11-18T11:06:01.079-0800: 17.557: [CMS-concurrent-mark-start]
2020-11-18T11:06:01.080-0800: 17.558: [CMS-concurrent-mark: 0.001/0.001 secs] [Times: user=0.00 sys=0.00, real=0.01 secs] 
2020-11-18T11:06:01.080-0800: 17.558: [Full GC (System.gc()) 2020-11-18T11:06:01.080-0800: 17.558: [CMS (concurrent mode interrupted): 6846K->6846K(6848K), 0.0031234 secs] 8208K->8156K(9920K), [Metaspace: 4890K->4890K(139264K)], 0.0031628 secs] [Times: user=0.00 sys=0.00, real=0.00 secs] 
2020-11-18T11:06:01.084-0800: 17.563: [Full GC (System.gc()) 2020-11-18T11:06:01.084-0800: 17.563: [CMS: 6846K->6846K(6848K), 0.0036563 secs] 8210K->8158K(9920K), [Metaspace: 4890K->4890K(139264K)], 0.0037211 secs] [Times: user=0.01 sys=0.00, real=0.00 secs] 
2020-11-18T11:06:01.088-0800: 17.566: [GC (CMS Initial Mark) [1 CMS-initial-mark: 6846K(6848K)] 8158K(9920K), 0.0001903 secs] [Times: user=0.00 sys=0.00, real=0.00 secs] 
2020-11-18T11:06:01.088-0800: 17.567: [CMS-concurrent-mark-start]
2020-11-18T11:06:01.089-0800: 17.568: [CMS-concurrent-mark: 0.001/0.001 secs] [Times: user=0.00 sys=0.00, real=0.00 secs] 
2020-11-18T11:06:01.089-0800: 17.568: [Full GC (System.gc()) 2020-11-18T11:06:01.089-0800: 17.568: [CMS (concurrent mode interrupted): 6846K->6846K(6848K), 0.0031438 secs] 8213K->8161K(9920K), [Metaspace: 4890K->4890K(139264K)], 0.0031800 secs] [Times: user=0.00 sys=0.00, real=0.01 secs] 
2020-11-18T11:06:01.094-0800: 17.572: [Full GC (System.gc()) 2020-11-18T11:06:01.094-0800: 17.572: [CMS: 6846K->6846K(6848K), 0.0033542 secs] 8215K->8163K(9920K), [Metaspace: 4890K->4890K(139264K)], 0.0034003 secs] [Times: user=0.01 sys=0.00, real=0.00 secs] 
2020-11-18T11:06:01.097-0800: 17.576: [GC (CMS Initial Mark) [1 CMS-initial-mark: 6846K(6848K)] 8163K(9920K), 0.0001952 secs] [Times: user=0.00 sys=0.00, real=0.00 secs] 
2020-11-18T11:06:01.098-0800: 17.576: [CMS-concurrent-mark-start]
2020-11-18T11:06:01.099-0800: 17.577: [CMS-concurrent-mark: 0.001/0.001 secs] [Times: user=0.00 sys=0.00, real=0.00 secs] 
2020-11-18T11:06:01.099-0800: 17.577: [Full GC (System.gc()) 2020-11-18T11:06:01.099-0800: 17.577: [CMS (concurrent mode interrupted): 6846K->6846K(6848K), 0.0033411 secs] 8218K->8166K(9920K), [Metaspace: 4890K->4890K(139264K)], 0.0033743 secs] [Times: user=0.00 sys=0.00, real=0.01 secs] 
2020-11-18T11:06:01.104-0800: 17.582: [Full GC (System.gc()) 2020-11-18T11:06:01.104-0800: 17.582: [CMS: 6846K->6846K(6848K), 0.0040441 secs] 8220K->8168K(9920K), [Metaspace: 4890K->4890K(139264K)], 0.0041163 secs] [Times: user=0.01 sys=0.00, real=0.00 secs] 
2020-11-18T11:06:01.108-0800: 17.586: [GC (CMS Initial Mark) [1 CMS-initial-mark: 6846K(6848K)] 8168K(9920K), 0.0001976 secs] [Times: user=0.00 sys=0.00, real=0.00 secs] 
2020-11-18T11:06:01.108-0800: 17.587: [CMS-concurrent-mark-start]
2020-11-18T11:06:01.109-0800: 17.588: [CMS-concurrent-mark: 0.001/0.001 secs] [Times: user=0.00 sys=0.00, real=0.00 secs] 
2020-11-18T11:06:01.109-0800: 17.588: [Full GC (System.gc()) 2020-11-18T11:06:01.109-0800: 17.588: [CMS (concurrent mode interrupted): 6846K->6846K(6848K), 0.0037365 secs] 8222K->8170K(9920K), [Metaspace: 4890K->4890K(139264K)], 0.0037890 secs] [Times: user=0.01 sys=0.00, real=0.01 secs] 
2020-11-18T11:06:01.115-0800: 17.593: [Full GC (System.gc()) 2020-11-18T11:06:01.115-0800: 17.593: [CMS: 6846K->6846K(6848K), 0.0040652 secs] 8206K->8173K(9920K), [Metaspace: 4890K->4890K(139264K)], 0.0041389 secs] [Times: user=0.00 sys=0.00, real=0.00 secs] 
2020-11-18T11:06:01.119-0800: 17.597: [GC (CMS Initial Mark) [1 CMS-initial-mark: 6846K(6848K)] 8173K(9920K), 0.0003004 secs] [Times: user=0.00 sys=0.00, real=0.00 secs] 
2020-11-18T11:06:01.119-0800: 17.598: [CMS-concurrent-mark-start]
2020-11-18T11:06:01.120-0800: 17.599: [Full GC (System.gc()) 2020-11-18T11:06:01.120-0800: 17.599: [CMS2020-11-18T11:06:01.122-0800: 17.600: [CMS-concurrent-mark: 0.001/0.003 secs] [Times: user=0.00 sys=0.00, real=0.01 secs] 
 (concurrent mode interrupted): 6846K->6846K(6848K), 0.0055276 secs] 8209K->8175K(9920K), [Metaspace: 4890K->4890K(139264K)], 0.0055813 secs] [Times: user=0.01 sys=0.00, real=0.00 secs] 
2020-11-18T11:06:01.127-0800: 17.606: [Full GC (System.gc()) 2020-11-18T11:06:01.127-0800: 17.606: [CMS: 6846K->6846K(6848K), 0.0034347 secs] 8211K->8178K(9920K), [Metaspace: 4890K->4890K(139264K)], 0.0034763 secs] [Times: user=0.00 sys=0.00, real=0.01 secs] 
2020-11-18T11:06:01.131-0800: 17.609: [GC (CMS Initial Mark) [1 CMS-initial-mark: 6846K(6848K)] 8178K(9920K), 0.0002169 secs] [Times: user=0.00 sys=0.00, real=0.00 secs] 
2020-11-18T11:06:01.131-0800: 17.609: [CMS-concurrent-mark-start]
2020-11-18T11:06:01.132-0800: 17.611: [Full GC (System.gc()) 2020-11-18T11:06:01.132-0800: 17.611: [CMS2020-11-18T11:06:01.134-0800: 17.612: [CMS-concurrent-mark: 0.001/0.003 secs] [Times: user=0.01 sys=0.00, real=0.00 secs] 
 (concurrent mode interrupted): 6846K->6846K(6848K), 0.0052784 secs] 8213K->8180K(9920K), [Metaspace: 4890K->4890K(139264K)], 0.0053308 secs] [Times: user=0.00 sys=0.00, real=0.00 secs] 
2020-11-18T11:06:01.139-0800: 17.617: [Full GC (System.gc()) 2020-11-18T11:06:01.139-0800: 17.617: [CMS: 6846K->6846K(6848K), 0.0039898 secs] 8216K->8182K(9920K), [Metaspace: 4890K->4890K(139264K)], 0.0040610 secs] [Times: user=0.00 sys=0.00, real=0.01 secs] 
2020-11-18T11:06:01.143-0800: 17.622: [GC (CMS Initial Mark) [1 CMS-initial-mark: 6846K(6848K)] 8182K(9920K), 0.0001903 secs] [Times: user=0.00 sys=0.00, real=0.00 secs] 
2020-11-18T11:06:01.143-0800: 17.622: [CMS-concurrent-mark-start]
2020-11-18T11:06:01.145-0800: 17.623: [Full GC (System.gc()) 2020-11-18T11:06:01.145-0800: 17.623: [CMS2020-11-18T11:06:01.146-0800: 17.624: [CMS-concurrent-mark: 0.001/0.002 secs] [Times: user=0.01 sys=0.00, real=0.00 secs] 
 (concurrent mode interrupted): 6846K->6846K(6848K), 0.0052350 secs] 8218K->8185K(9920K), [Metaspace: 4890K->4890K(139264K)], 0.0052906 secs] [Times: user=0.00 sys=0.00, real=0.01 secs] 
2020-11-18T11:06:01.151-0800: 17.630: [Full GC (System.gc()) 2020-11-18T11:06:01.151-0800: 17.630: [CMS: 6846K->6846K(6848K), 0.0042552 secs] 8221K->8187K(9920K), [Metaspace: 4890K->4890K(139264K)], 0.0043261 secs] [Times: user=0.01 sys=0.00, real=0.00 secs] 
2020-11-18T11:06:01.156-0800: 17.634: [GC (CMS Initial Mark) [1 CMS-initial-mark: 6846K(6848K)] 8187K(9920K), 0.0002175 secs] [Times: user=0.00 sys=0.00, real=0.00 secs] 
2020-11-18T11:06:01.156-0800: 17.635: [CMS-concurrent-mark-start]
2020-11-18T11:06:01.157-0800: 17.636: [Full GC (System.gc()) 2020-11-18T11:06:01.157-0800: 17.636: [CMS2020-11-18T11:06:01.159-0800: 17.637: [CMS-concurrent-mark: 0.001/0.003 secs] [Times: user=0.00 sys=0.00, real=0.00 secs] 
 (concurrent mode interrupted): 6846K->6846K(6848K), 0.0055439 secs] 8223K->8190K(9920K), [Metaspace: 4890K->4890K(139264K)], 0.0056002 secs] [Times: user=0.00 sys=0.00, real=0.01 secs] 
2020-11-18T11:06:01.164-0800: 17.643: [Full GC (System.gc()) 2020-11-18T11:06:01.164-0800: 17.643: [CMS: 6846K->6846K(6848K), 0.0038003 secs] 8237K->8192K(9920K), [Metaspace: 4890K->4890K(139264K)], 0.0038485 secs] [Times: user=0.01 sys=0.00, real=0.00 secs] 
2020-11-18T11:06:01.168-0800: 17.647: [GC (CMS Initial Mark) [1 CMS-initial-mark: 6846K(6848K)] 8192K(9920K), 0.0002105 secs] [Times: user=0.00 sys=0.00, real=0.00 secs] 
2020-11-18T11:06:01.168-0800: 17.647: [CMS-concurrent-mark-start]
2020-11-18T11:06:01.170-0800: 17.648: [Full GC (System.gc()) 2020-11-18T11:06:01.170-0800: 17.648: [CMS2020-11-18T11:06:01.171-0800: 17.649: [CMS-concurrent-mark: 0.001/0.003 secs] [Times: user=0.00 sys=0.00, real=0.01 secs] 
 (concurrent mode interrupted): 6846K->6846K(6848K), 0.0055541 secs] 8224K->8195K(9920K), [Metaspace: 4890K->4890K(139264K)], 0.0056069 secs] [Times: user=0.01 sys=0.00, real=0.00 secs] 
2020-11-18T11:06:01.176-0800: 17.655: [Full GC (System.gc()) 2020-11-18T11:06:01.176-0800: 17.655: [CMS: 6846K->6846K(6848K), 0.0041083 secs] 8229K->8197K(9920K), [Metaspace: 4890K->4890K(139264K)], 0.0041762 secs] [Times: user=0.00 sys=0.00, real=0.01 secs] 
2020-11-18T11:06:01.181-0800: 17.659: [GC (CMS Initial Mark) [1 CMS-initial-mark: 6846K(6848K)] 8197K(9920K), 0.0002075 secs] [Times: user=0.00 sys=0.00, real=0.00 secs] 
2020-11-18T11:06:01.181-0800: 17.659: [CMS-concurrent-mark-start]
2020-11-18T11:06:01.182-0800: 17.661: [Full GC (System.gc()) 2020-11-18T11:06:01.182-0800: 17.661: [CMS2020-11-18T11:06:01.184-0800: 17.662: [CMS-concurrent-mark: 0.001/0.003 secs] [Times: user=0.00 sys=0.00, real=0.00 secs] 
 (concurrent mode interrupted): 6846K->6846K(6848K), 0.0055680 secs] 8229K->8199K(9920K), [Metaspace: 4890K->4890K(139264K)], 0.0056192 secs] [Times: user=0.01 sys=0.00, real=0.00 secs] 
2020-11-18T11:06:01.189-0800: 17.667: [Full GC (System.gc()) 2020-11-18T11:06:01.189-0800: 17.667: [CMS: 6846K->6846K(6848K), 0.0039932 secs] 8231K->8202K(9920K), [Metaspace: 4890K->4890K(139264K)], 0.0040572 secs] [Times: user=0.00 sys=0.00, real=0.01 secs] 
2020-11-18T11:06:01.193-0800: 17.672: [GC (CMS Initial Mark) [1 CMS-initial-mark: 6846K(6848K)] 8202K(9920K), 0.0002576 secs] [Times: user=0.00 sys=0.00, real=0.00 secs] 
2020-11-18T11:06:01.193-0800: 17.672: [CMS-concurrent-mark-start]
2020-11-18T11:06:01.194-0800: 17.673: [Full GC (System.gc()) 2020-11-18T11:06:01.194-0800: 17.673: [CMS2020-11-18T11:06:01.196-0800: 17.674: [CMS-concurrent-mark: 0.001/0.002 secs] [Times: user=0.01 sys=0.00, real=0.00 secs] 
 (concurrent mode interrupted): 6846K->6846K(6848K), 0.0057251 secs] 8230K->8204K(9920K), [Metaspace: 4890K->4890K(139264K)], 0.0057856 secs] [Times: user=0.01 sys=0.00, real=0.01 secs] 
2020-11-18T11:06:01.202-0800: 17.680: [Full GC (System.gc()) 2020-11-18T11:06:01.202-0800: 17.680: [CMS: 6846K->6846K(6848K), 0.0041371 secs] 8234K->8207K(9920K), [Metaspace: 4890K->4890K(139264K)], 0.0042187 secs] [Times: user=0.00 sys=0.00, real=0.00 secs] 
2020-11-18T11:06:01.206-0800: 17.684: [GC (CMS Initial Mark) [1 CMS-initial-mark: 6846K(6848K)] 8207K(9920K), 0.0002822 secs] [Times: user=0.00 sys=0.00, real=0.00 secs] 
2020-11-18T11:06:01.206-0800: 17.685: [CMS-concurrent-mark-start]
2020-11-18T11:06:01.207-0800: 17.686: [Full GC (System.gc()) 2020-11-18T11:06:01.207-0800: 17.686: [CMS2020-11-18T11:06:01.209-0800: 17.687: [CMS-concurrent-mark: 0.001/0.002 secs] [Times: user=0.01 sys=0.00, real=0.00 secs] 
 (concurrent mode interrupted): 6846K->6846K(6848K), 0.0054437 secs] 8235K->8209K(9920K), [Metaspace: 4890K->4890K(139264K)], 0.0054993 secs] [Times: user=0.00 sys=0.00, real=0.01 secs] 
2020-11-18T11:06:01.214-0800: 17.693: [Full GC (System.gc()) 2020-11-18T11:06:01.214-0800: 17.693: [CMS: 6846K->6846K(6848K), 0.0040749 secs] 8238K->8211K(9920K), [Metaspace: 4890K->4890K(139264K)], 0.0041447 secs] [Times: user=0.01 sys=0.00, real=0.00 secs] 
2020-11-18T11:06:01.218-0800: 17.697: [GC (CMS Initial Mark) [1 CMS-initial-mark: 6846K(6848K)] 8211K(9920K), 0.0002589 secs] [Times: user=0.00 sys=0.00, real=0.00 secs] 
2020-11-18T11:06:01.219-0800: 17.697: [CMS-concurrent-mark-start]
2020-11-18T11:06:01.220-0800: 17.698: [Full GC (System.gc()) 2020-11-18T11:06:01.220-0800: 17.698: [CMS2020-11-18T11:06:01.221-0800: 17.700: [CMS-concurrent-mark: 0.001/0.003 secs] [Times: user=0.00 sys=0.00, real=0.01 secs] 
 (concurrent mode interrupted): 6846K->6846K(6848K), 0.0054439 secs] 8240K->8214K(9920K), [Metaspace: 4890K->4890K(139264K)], 0.0055058 secs] [Times: user=0.01 sys=0.00, real=0.00 secs] 
2020-11-18T11:06:01.227-0800: 17.705: [Full GC (System.gc()) 2020-11-18T11:06:01.227-0800: 17.705: [CMS: 6846K->6846K(6848K), 0.0041325 secs] 8243K->8216K(9920K), [Metaspace: 4890K->4890K(139264K)], 0.0041903 secs] [Times: user=0.00 sys=0.00, real=0.01 secs] 
2020-11-18T11:06:01.231-0800: 17.710: [GC (CMS Initial Mark) [1 CMS-initial-mark: 6846K(6848K)] 8216K(9920K), 0.0002481 secs] [Times: user=0.00 sys=0.00, real=0.00 secs] 
2020-11-18T11:06:01.231-0800: 17.710: [CMS-concurrent-mark-start]
2020-11-18T11:06:01.232-0800: 17.711: [Full GC (System.gc()) 2020-11-18T11:06:01.232-0800: 17.711: [CMS2020-11-18T11:06:01.234-0800: 17.713: [CMS-concurrent-mark: 0.002/0.003 secs] [Times: user=0.00 sys=0.00, real=0.00 secs] 
 (concurrent mode interrupted): 6846K->6846K(6848K), 0.0058614 secs] 8245K->8219K(9920K), [Metaspace: 4890K->4890K(139264K)], 0.0059139 secs] [Times: user=0.01 sys=0.00, real=0.00 secs] 
2020-11-18T11:06:01.240-0800: 17.718: [Full GC (System.gc()) 2020-11-18T11:06:01.240-0800: 17.718: [CMS: 6846K->6846K(6848K), 0.0044597 secs] 8248K->8221K(9920K), [Metaspace: 4890K->4890K(139264K)], 0.0045374 secs] [Times: user=0.00 sys=0.00, real=0.00 secs] 
2020-11-18T11:06:01.244-0800: 17.723: [GC (CMS Initial Mark) [1 CMS-initial-mark: 6846K(6848K)] 8221K(9920K), 0.0002098 secs] [Times: user=0.00 sys=0.00, real=0.00 secs] 
2020-11-18T11:06:01.245-0800: 17.723: [CMS-concurrent-mark-start]
2020-11-18T11:06:01.246-0800: 17.724: [Full GC (System.gc()) 2020-11-18T11:06:01.246-0800: 17.724: [CMS2020-11-18T11:06:01.247-0800: 17.725: [CMS-concurrent-mark: 0.001/0.002 secs] [Times: user=0.01 sys=0.00, real=0.00 secs] 
 (concurrent mode interrupted): 6846K->6846K(6848K), 0.0052384 secs] 8250K->8224K(9920K), [Metaspace: 4890K->4890K(139264K)], 0.0052949 secs] [Times: user=0.00 sys=0.00, real=0.01 secs] 
2020-11-18T11:06:01.252-0800: 17.731: [Full GC (System.gc()) 2020-11-18T11:06:01.252-0800: 17.731: [CMS: 6846K->6846K(6848K), 0.0037331 secs] 8253K->8226K(9920K), [Metaspace: 4890K->4890K(139264K)], 0.0037856 secs] [Times: user=0.00 sys=0.00, real=0.00 secs] 
2020-11-18T11:06:01.256-0800: 17.735: [GC (CMS Initial Mark) [1 CMS-initial-mark: 6846K(6848K)] 8226K(9920K), 0.0001899 secs] [Times: user=0.00 sys=0.00, real=0.00 secs] 
2020-11-18T11:06:01.256-0800: 17.735: [CMS-concurrent-mark-start]
2020-11-18T11:06:01.258-0800: 17.736: [CMS-concurrent-mark: 0.001/0.001 secs] [Times: user=0.01 sys=0.00, real=0.00 secs] 
2020-11-18T11:06:01.258-0800: 17.736: [Full GC (System.gc()) 2020-11-18T11:06:01.258-0800: 17.736: [CMS (concurrent mode interrupted): 6846K->6846K(6848K), 0.0037229 secs] 8255K->8228K(9920K), [Metaspace: 4890K->4890K(139264K)], 0.0037628 secs] [Times: user=0.00 sys=0.00, real=0.01 secs] 
2020-11-18T11:06:01.263-0800: 17.741: [Full GC (System.gc()) 2020-11-18T11:06:01.263-0800: 17.741: [CMS: 6846K->6846K(6848K), 0.0034528 secs] 8257K->8231K(9920K), [Metaspace: 4890K->4890K(139264K)], 0.0035006 secs] [Times: user=0.01 sys=0.00, real=0.00 secs] 
2020-11-18T11:06:01.266-0800: 17.745: [GC (CMS Initial Mark) [1 CMS-initial-mark: 6846K(6848K)] 8231K(9920K), 0.0002181 secs] [Times: user=0.00 sys=0.00, real=0.00 secs] 
2020-11-18T11:06:01.266-0800: 17.745: [CMS-concurrent-mark-start]
2020-11-18T11:06:01.268-0800: 17.746: [Full GC (System.gc()) 2020-11-18T11:06:01.268-0800: 17.746: [CMS2020-11-18T11:06:01.269-0800: 17.748: [CMS-concurrent-mark: 0.001/0.003 secs] [Times: user=0.00 sys=0.00, real=0.00 secs] 
 (concurrent mode interrupted): 6846K->6846K(6848K), 0.0051511 secs] 8260K->8233K(9920K), [Metaspace: 4890K->4890K(139264K)], 0.0051996 secs] [Times: user=0.00 sys=0.00, real=0.01 secs] 
2020-11-18T11:06:01.274-0800: 17.753: [Full GC (System.gc()) 2020-11-18T11:06:01.274-0800: 17.753: [CMS: 6846K->6846K(6848K), 0.0045320 secs] 8262K->8236K(9920K), [Metaspace: 4890K->4890K(139264K)], 0.0046228 secs] [Times: user=0.01 sys=0.00, real=0.00 secs] 
2020-11-18T11:06:01.279-0800: 17.757: [GC (CMS Initial Mark) [1 CMS-initial-mark: 6846K(6848K)] 8236K(9920K), 0.0002073 secs] [Times: user=0.00 sys=0.00, real=0.00 secs] 
2020-11-18T11:06:01.279-0800: 17.758: [CMS-concurrent-mark-start]
2020-11-18T11:06:01.280-0800: 17.759: [CMS-concurrent-mark: 0.001/0.001 secs] [Times: user=0.00 sys=0.00, real=0.01 secs] 
2020-11-18T11:06:01.281-0800: 17.759: [Full GC (System.gc()) 2020-11-18T11:06:01.281-0800: 17.759: [CMS (concurrent mode interrupted): 6846K->6846K(6848K), 0.0040316 secs] 8265K->8238K(9920K), [Metaspace: 4890K->4890K(139264K)], 0.0040839 secs] [Times: user=0.01 sys=0.00, real=0.00 secs] 
2020-11-18T11:06:01.286-0800: 17.764: [Full GC (System.gc()) 2020-11-18T11:06:01.286-0800: 17.764: [CMS: 6846K->6846K(6848K), 0.0036263 secs] 8267K->8240K(9920K), [Metaspace: 4890K->4890K(139264K)], 0.0036733 secs] [Times: user=0.00 sys=0.00, real=0.01 secs] 
2020-11-18T11:06:01.290-0800: 17.768: [GC (CMS Initial Mark) [1 CMS-initial-mark: 6846K(6848K)] 8240K(9920K), 0.0002376 secs] [Times: user=0.00 sys=0.00, real=0.00 secs] 
2020-11-18T11:06:01.290-0800: 17.769: [CMS-concurrent-mark-start]
2020-11-18T11:06:01.291-0800: 17.769: [Full GC (System.gc()) 2020-11-18T11:06:01.291-0800: 17.769: [CMS2020-11-18T11:06:01.292-0800: 17.771: [CMS-concurrent-mark: 0.001/0.002 secs] [Times: user=0.00 sys=0.00, real=0.00 secs] 
 (concurrent mode interrupted): 6846K->6846K(6848K), 0.0051856 secs] 8269K->8243K(9920K), [Metaspace: 4890K->4890K(139264K)], 0.0052336 secs] [Times: user=0.01 sys=0.00, real=0.00 secs] 
2020-11-18T11:06:01.298-0800: 17.776: [Full GC (System.gc()) 2020-11-18T11:06:01.298-0800: 17.776: [CMS: 6846K->6846K(6848K), 0.0038417 secs] 8272K->8245K(9920K), [Metaspace: 4890K->4890K(139264K)], 0.0039020 secs] [Times: user=0.00 sys=0.00, real=0.01 secs] 
2020-11-18T11:06:01.302-0800: 17.780: [GC (CMS Initial Mark) [1 CMS-initial-mark: 6846K(6848K)] 8245K(9920K), 0.0002393 secs] [Times: user=0.00 sys=0.00, real=0.00 secs] 
2020-11-18T11:06:01.302-0800: 17.780: [CMS-concurrent-mark-start]
2020-11-18T11:06:01.303-0800: 17.781: [Full GC (System.gc()) 2020-11-18T11:06:01.303-0800: 17.782: [CMS2020-11-18T11:06:01.304-0800: 17.783: [CMS-concurrent-mark: 0.001/0.002 secs] [Times: user=0.00 sys=0.00, real=0.00 secs] 
 (concurrent mode interrupted): 6846K->6846K(6848K), 0.0050397 secs] 8274K->8248K(9920K), [Metaspace: 4890K->4890K(139264K)], 0.0050935 secs] [Times: user=0.01 sys=0.00, real=0.00 secs] 
2020-11-18T11:06:01.310-0800: 17.788: [Full GC (System.gc()) 2020-11-18T11:06:01.310-0800: 17.788: [CMS: 6846K->6846K(6848K), 0.0038678 secs] 8277K->8250K(9920K), [Metaspace: 4890K->4890K(139264K)], 0.0039217 secs] [Times: user=0.00 sys=0.00, real=0.00 secs] 
2020-11-18T11:06:01.314-0800: 17.792: [GC (CMS Initial Mark) [1 CMS-initial-mark: 6846K(6848K)] 8250K(9920K), 0.0001689 secs] [Times: user=0.00 sys=0.00, real=0.00 secs] 
2020-11-18T11:06:01.314-0800: 17.792: [CMS-concurrent-mark-start]
2020-11-18T11:06:01.315-0800: 17.793: [Full GC (System.gc()) 2020-11-18T11:06:01.315-0800: 17.793: [CMS2020-11-18T11:06:01.316-0800: 17.795: [CMS-concurrent-mark: 0.001/0.003 secs] [Times: user=0.01 sys=0.00, real=0.00 secs] 
 (concurrent mode interrupted): 6846K->6846K(6848K), 0.0052412 secs] 8279K->8252K(9920K), [Metaspace: 4890K->4890K(139264K)], 0.0052930 secs] [Times: user=0.00 sys=0.00, real=0.01 secs] 
2020-11-18T11:06:01.322-0800: 17.800: [Full GC (System.gc()) 2020-11-18T11:06:01.322-0800: 17.800: [CMS: 6846K->6846K(6848K), 0.0043696 secs] 8281K->8255K(9920K), [Metaspace: 4890K->4890K(139264K)], 0.0044485 secs] [Times: user=0.00 sys=0.00, real=0.00 secs] 
2020-11-18T11:06:01.326-0800: 17.805: [GC (CMS Initial Mark) [1 CMS-initial-mark: 6846K(6848K)] 8255K(9920K), 0.0002079 secs] [Times: user=0.01 sys=0.00, real=0.00 secs] 
2020-11-18T11:06:01.326-0800: 17.805: [CMS-concurrent-mark-start]
2020-11-18T11:06:01.327-0800: 17.806: [Full GC (System.gc()) 2020-11-18T11:06:01.328-0800: 17.806: [CMS2020-11-18T11:06:01.329-0800: 17.807: [CMS-concurrent-mark: 0.001/0.002 secs] [Times: user=0.00 sys=0.01, real=0.00 secs] 
 (concurrent mode interrupted): 6846K->6846K(6848K), 0.0056000 secs] 8284K->8257K(9920K), [Metaspace: 4890K->4890K(139264K)], 0.0056609 secs] [Times: user=0.00 sys=0.01, real=0.01 secs] 
2020-11-18T11:06:01.335-0800: 17.813: [Full GC (System.gc()) 2020-11-18T11:06:01.335-0800: 17.813: [CMS: 6846K->6846K(6848K), 0.0042926 secs] 8286K->8260K(9920K), [Metaspace: 4890K->4890K(139264K)], 0.0043577 secs] [Times: user=0.01 sys=0.00, real=0.00 secs] 
2020-11-18T11:06:01.339-0800: 17.818: [GC (CMS Initial Mark) [1 CMS-initial-mark: 6846K(6848K)] 8260K(9920K), 0.0002920 secs] [Times: user=0.00 sys=0.00, real=0.00 secs] 
2020-11-18T11:06:01.339-0800: 17.818: [CMS-concurrent-mark-start]
2020-11-18T11:06:01.341-0800: 17.819: [Full GC (System.gc()) 2020-11-18T11:06:01.341-0800: 17.819: [CMS2020-11-18T11:06:01.342-0800: 17.820: [CMS-concurrent-mark: 0.001/0.003 secs] [Times: user=0.00 sys=0.00, real=0.01 secs] 
 (concurrent mode interrupted): 6846K->6846K(6848K), 0.0060221 secs] 8289K->8262K(9920K), [Metaspace: 4890K->4890K(139264K)], 0.0060879 secs] [Times: user=0.01 sys=0.00, real=0.00 secs] 
2020-11-18T11:06:01.348-0800: 17.827: [Full GC (System.gc()) 2020-11-18T11:06:01.348-0800: 17.827: [CMS: 6846K->6846K(6848K), 0.0039284 secs] 8291K->8265K(9920K), [Metaspace: 4890K->4890K(139264K)], 0.0039813 secs] [Times: user=0.00 sys=0.00, real=0.01 secs] 
2020-11-18T11:06:01.352-0800: 17.831: [GC (CMS Initial Mark) [1 CMS-initial-mark: 6846K(6848K)] 8265K(9920K), 0.0001960 secs] [Times: user=0.00 sys=0.00, real=0.00 secs] 
2020-11-18T11:06:01.352-0800: 17.831: [CMS-concurrent-mark-start]
2020-11-18T11:06:01.353-0800: 17.832: [Full GC (System.gc()) 2020-11-18T11:06:01.353-0800: 17.832: [CMS2020-11-18T11:06:01.355-0800: 17.833: [CMS-concurrent-mark: 0.001/0.002 secs] [Times: user=0.00 sys=0.00, real=0.00 secs] 
 (concurrent mode interrupted): 6846K->6846K(6848K), 0.0055220 secs] 8294K->8267K(9920K), [Metaspace: 4890K->4890K(139264K)], 0.0055793 secs] [Times: user=0.01 sys=0.00, real=0.00 secs] 
2020-11-18T11:06:01.360-0800: 17.839: [Full GC (System.gc()) 2020-11-18T11:06:01.360-0800: 17.839: [CMS: 6846K->6846K(6848K), 0.0041246 secs] 8296K->8269K(9920K), [Metaspace: 4890K->4890K(139264K)], 0.0041823 secs] [Times: user=0.00 sys=0.00, real=0.00 secs] 
2020-11-18T11:06:01.365-0800: 17.843: [GC (CMS Initial Mark) [1 CMS-initial-mark: 6846K(6848K)] 8269K(9920K), 0.0002631 secs] [Times: user=0.00 sys=0.00, real=0.00 secs] 
2020-11-18T11:06:01.365-0800: 17.843: [CMS-concurrent-mark-start]
2020-11-18T11:06:01.366-0800: 17.844: [Full GC (System.gc()) 2020-11-18T11:06:01.366-0800: 17.844: [CMS2020-11-18T11:06:01.368-0800: 17.846: [CMS-concurrent-mark: 0.001/0.003 secs] [Times: user=0.01 sys=0.00, real=0.00 secs] 
 (concurrent mode interrupted): 6846K->6846K(6848K), 0.0059382 secs] 8298K->8272K(9920K), [Metaspace: 4890K->4890K(139264K)], 0.0059977 secs] [Times: user=0.00 sys=0.00, real=0.01 secs] 
2020-11-18T11:06:01.373-0800: 17.852: [Full GC (System.gc()) 2020-11-18T11:06:01.373-0800: 17.852: [CMS: 6846K->6846K(6848K), 0.0042796 secs] 8301K->8274K(9920K), [Metaspace: 4890K->4890K(139264K)], 0.0043431 secs] [Times: user=0.00 sys=0.00, real=0.00 secs] 
2020-11-18T11:06:01.378-0800: 17.856: [GC (CMS Initial Mark) [1 CMS-initial-mark: 6846K(6848K)] 8274K(9920K), 0.0001965 secs] [Times: user=0.01 sys=0.00, real=0.00 secs] 
2020-11-18T11:06:01.378-0800: 17.856: [CMS-concurrent-mark-start]
2020-11-18T11:06:01.379-0800: 17.858: [Full GC (System.gc()) 2020-11-18T11:06:01.379-0800: 17.858: [CMS2020-11-18T11:06:01.381-0800: 17.859: [CMS-concurrent-mark: 0.001/0.003 secs] [Times: user=0.00 sys=0.00, real=0.01 secs] 
 (concurrent mode interrupted): 6846K->6846K(6848K), 0.0054687 secs] 8303K->8277K(9920K), [Metaspace: 4890K->4890K(139264K)], 0.0055280 secs] [Times: user=0.00 sys=0.00, real=0.01 secs] 
2020-11-18T11:06:01.386-0800: 17.865: [Full GC (System.gc()) 2020-11-18T11:06:01.386-0800: 17.865: [CMS: 6846K->6846K(6848K), 0.0039287 secs] 8306K->8279K(9920K), [Metaspace: 4890K->4890K(139264K)], 0.0039843 secs] [Times: user=0.01 sys=0.00, real=0.01 secs] 
2020-11-18T11:06:01.390-0800: 17.869: [GC (CMS Initial Mark) [1 CMS-initial-mark: 6846K(6848K)] 8279K(9920K), 0.0002411 secs] [Times: user=0.00 sys=0.00, real=0.00 secs] 
2020-11-18T11:06:01.391-0800: 17.869: [CMS-concurrent-mark-start]
2020-11-18T11:06:01.392-0800: 17.870: [Full GC (System.gc()) 2020-11-18T11:06:01.392-0800: 17.870: [CMS2020-11-18T11:06:01.393-0800: 17.871: [CMS-concurrent-mark: 0.001/0.002 secs] [Times: user=0.00 sys=0.00, real=0.00 secs] 
 (concurrent mode interrupted): 6846K->6846K(6848K), 0.0051773 secs] 8308K->8281K(9920K), [Metaspace: 4890K->4890K(139264K)], 0.0052328 secs] [Times: user=0.00 sys=0.00, real=0.00 secs] 
2020-11-18T11:06:01.398-0800: 17.877: [Full GC (System.gc()) 2020-11-18T11:06:01.398-0800: 17.877: [CMS: 6846K->6846K(6848K), 0.0050461 secs] 8310K->8284K(9920K), [Metaspace: 4890K->4890K(139264K)], 0.0051077 secs] [Times: user=0.01 sys=0.00, real=0.01 secs] 
2020-11-18T11:06:01.403-0800: 17.882: [GC (CMS Initial Mark) [1 CMS-initial-mark: 6846K(6848K)] 8284K(9920K), 0.0003672 secs] [Times: user=0.00 sys=0.00, real=0.00 secs] 
2020-11-18T11:06:01.404-0800: 17.882: [CMS-concurrent-mark-start]
2020-11-18T11:06:01.405-0800: 17.883: [Full GC (System.gc()) 2020-11-18T11:06:01.405-0800: 17.883: [CMS2020-11-18T11:06:01.406-0800: 17.884: [CMS-concurrent-mark: 0.001/0.002 secs] [Times: user=0.00 sys=0.00, real=0.00 secs] 
 (concurrent mode interrupted): 6846K->6846K(6848K), 0.0055474 secs] 8313K->8286K(9920K), [Metaspace: 4890K->4890K(139264K)], 0.0056046 secs] [Times: user=0.01 sys=0.00, real=0.01 secs] 
2020-11-18T11:06:01.411-0800: 17.890: [Full GC (System.gc()) 2020-11-18T11:06:01.411-0800: 17.890: [CMS: 6846K->6846K(6848K), 0.0035901 secs] 8315K->8289K(9920K), [Metaspace: 4890K->4890K(139264K)], 0.0036340 secs] [Times: user=0.00 sys=0.00, real=0.00 secs] 
2020-11-18T11:06:01.415-0800: 17.894: [GC (CMS Initial Mark) [1 CMS-initial-mark: 6846K(6848K)] 8289K(9920K), 0.0002012 secs] [Times: user=0.00 sys=0.00, real=0.00 secs] 
2020-11-18T11:06:01.415-0800: 17.894: [CMS-concurrent-mark-start]
2020-11-18T11:06:01.417-0800: 17.895: [CMS-concurrent-mark: 0.001/0.001 secs] [Times: user=0.01 sys=0.00, real=0.00 secs] 
2020-11-18T11:06:01.417-0800: 17.895: [Full GC (System.gc()) 2020-11-18T11:06:01.417-0800: 17.895: [CMS (concurrent mode interrupted): 6846K->6846K(6848K), 0.0039682 secs] 8318K->8291K(9920K), [Metaspace: 4890K->4890K(139264K)], 0.0040172 secs] [Times: user=0.00 sys=0.00, real=0.01 secs] 
2020-11-18T11:06:01.422-0800: 17.900: [Full GC (System.gc()) 2020-11-18T11:06:01.422-0800: 17.900: [CMS: 6846K->6846K(6848K), 0.0034144 secs] 8320K->8294K(9920K), [Metaspace: 4890K->4890K(139264K)], 0.0034574 secs] [Times: user=0.00 sys=0.00, real=0.00 secs] 
2020-11-18T11:06:01.425-0800: 17.904: [GC (CMS Initial Mark) [1 CMS-initial-mark: 6846K(6848K)] 8294K(9920K), 0.0002095 secs] [Times: user=0.00 sys=0.00, real=0.00 secs] 
2020-11-18T11:06:01.426-0800: 17.904: [CMS-concurrent-mark-start]
2020-11-18T11:06:01.427-0800: 17.905: [Full GC (System.gc()) 2020-11-18T11:06:01.427-0800: 17.905: [CMS2020-11-18T11:06:01.428-0800: 17.906: [CMS-concurrent-mark: 0.001/0.002 secs] [Times: user=0.01 sys=0.00, real=0.00 secs] 
 (concurrent mode interrupted): 6846K->6846K(6848K), 0.0048882 secs] 8323K->8296K(9920K), [Metaspace: 4890K->4890K(139264K)], 0.0049401 secs] [Times: user=0.00 sys=0.00, real=0.01 secs] 
2020-11-18T11:06:01.433-0800: 17.912: [Full GC (System.gc()) 2020-11-18T11:06:01.433-0800: 17.912: [CMS: 6846K->6846K(6848K), 0.0034898 secs] 8325K->8298K(9920K), [Metaspace: 4890K->4890K(139264K)], 0.0035380 secs] [Times: user=0.00 sys=0.00, real=0.00 secs] 
2020-11-18T11:06:01.437-0800: 17.915: [GC (CMS Initial Mark) [1 CMS-initial-mark: 6846K(6848K)] 8298K(9920K), 0.0001959 secs] [Times: user=0.00 sys=0.00, real=0.00 secs] 
2020-11-18T11:06:01.437-0800: 17.915: [CMS-concurrent-mark-start]
2020-11-18T11:06:01.438-0800: 17.917: [CMS-concurrent-mark: 0.001/0.001 secs] [Times: user=0.01 sys=0.00, real=0.00 secs] 
2020-11-18T11:06:01.438-0800: 17.917: [Full GC (System.gc()) 2020-11-18T11:06:01.438-0800: 17.917: [CMS (concurrent mode interrupted): 6846K->6846K(6848K), 0.0034957 secs] 8327K->8301K(9920K), [Metaspace: 4890K->4890K(139264K)], 0.0035358 secs] [Times: user=0.00 sys=0.00, real=0.01 secs] 
2020-11-18T11:06:01.443-0800: 17.922: [Full GC (System.gc()) 2020-11-18T11:06:01.443-0800: 17.922: [CMS: 6846K->6846K(6848K), 0.0032889 secs] 8330K->8303K(9920K), [Metaspace: 4890K->4890K(139264K)], 0.0033302 secs] [Times: user=0.00 sys=0.00, real=0.00 secs] 
2020-11-18T11:06:01.447-0800: 17.925: [GC (CMS Initial Mark) [1 CMS-initial-mark: 6846K(6848K)] 8303K(9920K), 0.0001632 secs] [Times: user=0.00 sys=0.00, real=0.00 secs] 
2020-11-18T11:06:01.447-0800: 17.925: [CMS-concurrent-mark-start]
2020-11-18T11:06:01.448-0800: 17.926: [Full GC (System.gc()) 2020-11-18T11:06:01.448-0800: 17.926: [CMS2020-11-18T11:06:01.449-0800: 17.928: [CMS-concurrent-mark: 0.001/0.002 secs] [Times: user=0.01 sys=0.00, real=0.00 secs] 
 (concurrent mode interrupted): 6846K->6846K(6848K), 0.0051182 secs] 8332K->8306K(9920K), [Metaspace: 4890K->4890K(139264K)], 0.0051687 secs] [Times: user=0.00 sys=0.00, real=0.01 secs] 
2020-11-18T11:06:01.454-0800: 17.933: [Full GC (System.gc()) 2020-11-18T11:06:01.455-0800: 17.933: [CMS: 6846K->6846K(6848K), 0.0034144 secs] 8335K->8308K(9920K), [Metaspace: 4890K->4890K(139264K)], 0.0034606 secs] [Times: user=0.00 sys=0.00, real=0.00 secs] 
2020-11-18T11:06:01.458-0800: 17.936: [GC (CMS Initial Mark) [1 CMS-initial-mark: 6846K(6848K)] 8308K(9920K), 0.0001661 secs] [Times: user=0.00 sys=0.00, real=0.00 secs] 
2020-11-18T11:06:01.458-0800: 17.937: [CMS-concurrent-mark-start]
2020-11-18T11:06:01.459-0800: 17.938: [CMS-concurrent-mark: 0.001/0.001 secs] [Times: user=0.01 sys=0.00, real=0.00 secs] 
2020-11-18T11:06:01.459-0800: 17.938: [Full GC (System.gc()) 2020-11-18T11:06:01.460-0800: 17.938: [CMS (concurrent mode interrupted): 6846K->6846K(6848K), 0.0033420 secs] 8337K->8310K(9920K), [Metaspace: 4890K->4890K(139264K)], 0.0033800 secs] [Times: user=0.00 sys=0.00, real=0.01 secs] 
2020-11-18T11:06:01.464-0800: 17.943: [Full GC (System.gc()) 2020-11-18T11:06:01.464-0800: 17.943: [CMS: 6846K->6846K(6848K), 0.0032296 secs] 8339K->8313K(9920K), [Metaspace: 4890K->4890K(139264K)], 0.0032706 secs] [Times: user=0.00 sys=0.00, real=0.00 secs] 
2020-11-18T11:06:01.467-0800: 17.946: [GC (CMS Initial Mark) [1 CMS-initial-mark: 6846K(6848K)] 8313K(9920K), 0.0002127 secs] [Times: user=0.00 sys=0.00, real=0.00 secs] 
2020-11-18T11:06:01.468-0800: 17.946: [CMS-concurrent-mark-start]
2020-11-18T11:06:01.469-0800: 17.947: [CMS-concurrent-mark: 0.001/0.001 secs] [Times: user=0.01 sys=0.00, real=0.00 secs] 
2020-11-18T11:06:01.469-0800: 17.947: [Full GC (System.gc()) 2020-11-18T11:06:01.469-0800: 17.947: [CMS (concurrent mode interrupted): 6846K->6846K(6848K), 0.0034617 secs] 8342K->8315K(9920K), [Metaspace: 4890K->4890K(139264K)], 0.0035187 secs] [Times: user=0.00 sys=0.00, real=0.01 secs] 
2020-11-18T11:06:01.474-0800: 17.952: [Full GC (System.gc()) 2020-11-18T11:06:01.474-0800: 17.952: [CMS: 6846K->6846K(6848K), 0.0032868 secs] 8344K->8318K(9920K), [Metaspace: 4890K->4890K(139264K)], 0.0033305 secs] [Times: user=0.00 sys=0.00, real=0.00 secs] 
2020-11-18T11:06:01.477-0800: 17.955: [GC (CMS Initial Mark) [1 CMS-initial-mark: 6846K(6848K)] 8318K(9920K), 0.0001588 secs] [Times: user=0.01 sys=0.00, real=0.00 secs] 
2020-11-18T11:06:01.477-0800: 17.956: [CMS-concurrent-mark-start]
2020-11-18T11:06:01.478-0800: 17.957: [CMS-concurrent-mark: 0.001/0.001 secs] [Times: user=0.00 sys=0.00, real=0.00 secs] 
2020-11-18T11:06:01.478-0800: 17.957: [CMS-concurrent-preclean-start]
2020-11-18T11:06:01.478-0800: 17.957: [Full GC (System.gc()) 2020-11-18T11:06:01.478-0800: 17.957: [CMS2020-11-18T11:06:01.479-0800: 17.958: [CMS-concurrent-preclean: 0.001/0.001 secs] [Times: user=0.00 sys=0.00, real=0.00 secs] 
 (concurrent mode interrupted): 6846K->6846K(6848K), 0.0040779 secs] 8347K->8320K(9920K), [Metaspace: 4890K->4890K(139264K)], 0.0041144 secs] [Times: user=0.00 sys=0.00, real=0.01 secs] 
2020-11-18T11:06:01.484-0800: 17.962: [Full GC (System.gc()) 2020-11-18T11:06:01.484-0800: 17.962: [CMS: 6846K->6846K(6848K), 0.0042594 secs] 8349K->8322K(9920K), [Metaspace: 4890K->4890K(139264K)], 0.0043318 secs] [Times: user=0.01 sys=0.00, real=0.00 secs] 
2020-11-18T11:06:01.488-0800: 17.967: [GC (CMS Initial Mark) [1 CMS-initial-mark: 6846K(6848K)] 8322K(9920K), 0.0002011 secs] [Times: user=0.00 sys=0.00, real=0.00 secs] 
2020-11-18T11:06:01.489-0800: 17.967: [CMS-concurrent-mark-start]
2020-11-18T11:06:01.490-0800: 17.968: [Full GC (System.gc()) 2020-11-18T11:06:01.490-0800: 17.968: [CMS2020-11-18T11:06:01.491-0800: 17.970: [CMS-concurrent-mark: 0.001/0.002 secs] [Times: user=0.00 sys=0.00, real=0.01 secs] 
 (concurrent mode interrupted): 6846K->6846K(6848K), 0.0049593 secs] 8351K->8325K(9920K), [Metaspace: 4890K->4890K(139264K)], 0.0050092 secs] [Times: user=0.00 sys=0.00, real=0.00 secs] 
2020-11-18T11:06:01.496-0800: 17.974: [Full GC (System.gc()) 2020-11-18T11:06:01.496-0800: 17.974: [CMS: 6846K->6846K(6848K), 0.0044602 secs] 8354K->8327K(9920K), [Metaspace: 4890K->4890K(139264K)], 0.0045343 secs] [Times: user=0.01 sys=0.00, real=0.01 secs] 
2020-11-18T11:06:01.501-0800: 17.979: [GC (CMS Initial Mark) [1 CMS-initial-mark: 6846K(6848K)] 8327K(9920K), 0.0003078 secs] [Times: user=0.00 sys=0.00, real=0.00 secs] 
2020-11-18T11:06:01.501-0800: 17.979: [CMS-concurrent-mark-start]
2020-11-18T11:06:01.502-0800: 17.980: [Full GC (System.gc()) 2020-11-18T11:06:01.502-0800: 17.980: [CMS2020-11-18T11:06:01.504-0800: 17.982: [CMS-concurrent-mark: 0.001/0.003 secs] [Times: user=0.00 sys=0.00, real=0.00 secs] 
 (concurrent mode interrupted): 6846K->6846K(6848K), 0.0055646 secs] 8356K->8330K(9920K), [Metaspace: 4890K->4890K(139264K)], 0.0056144 secs] [Times: user=0.01 sys=0.00, real=0.00 secs] 
2020-11-18T11:06:01.509-0800: 17.987: [Full GC (System.gc()) 2020-11-18T11:06:01.509-0800: 17.987: [CMS: 6846K->6846K(6848K), 0.0034876 secs] 8359K->8332K(9920K), [Metaspace: 4890K->4890K(139264K)], 0.0035295 secs] [Times: user=0.00 sys=0.00, real=0.01 secs] 
2020-11-18T11:06:01.512-0800: 17.991: [GC (CMS Initial Mark) [1 CMS-initial-mark: 6846K(6848K)] 8332K(9920K), 0.0001817 secs] [Times: user=0.00 sys=0.00, real=0.00 secs] 
2020-11-18T11:06:01.513-0800: 17.991: [CMS-concurrent-mark-start]
2020-11-18T11:06:01.514-0800: 17.992: [CMS-concurrent-mark: 0.001/0.001 secs] [Times: user=0.00 sys=0.00, real=0.00 secs] 
2020-11-18T11:06:01.514-0800: 17.992: [Full GC (System.gc()) 2020-11-18T11:06:01.514-0800: 17.992: [CMS (concurrent mode interrupted): 6846K->6846K(6848K), 0.0035534 secs] 8361K->8335K(9920K), [Metaspace: 4890K->4890K(139264K)], 0.0035936 secs] [Times: user=0.01 sys=0.00, real=0.00 secs] 
2020-11-18T11:06:01.519-0800: 17.997: [Full GC (System.gc()) 2020-11-18T11:06:01.519-0800: 17.997: [CMS: 6846K->6846K(6848K), 0.0037149 secs] 8364K->8337K(9920K), [Metaspace: 4890K->4890K(139264K)], 0.0037631 secs] [Times: user=0.00 sys=0.00, real=0.01 secs] 
2020-11-18T11:06:01.523-0800: 18.001: [GC (CMS Initial Mark) [1 CMS-initial-mark: 6846K(6848K)] 8337K(9920K), 0.0001930 secs] [Times: user=0.00 sys=0.00, real=0.00 secs] 
2020-11-18T11:06:01.523-0800: 18.001: [CMS-concurrent-mark-start]
2020-11-18T11:06:01.524-0800: 18.002: [Full GC (System.gc()) 2020-11-18T11:06:01.524-0800: 18.002: [CMS2020-11-18T11:06:01.526-0800: 18.004: [CMS-concurrent-mark: 0.001/0.003 secs] [Times: user=0.00 sys=0.00, real=0.00 secs] 
 (concurrent mode interrupted): 6846K->6846K(6848K), 0.0050876 secs] 8366K->8339K(9920K), [Metaspace: 4890K->4890K(139264K)], 0.0051400 secs] [Times: user=0.01 sys=0.00, real=0.00 secs] 
2020-11-18T11:06:01.530-0800: 18.009: [Full GC (System.gc()) 2020-11-18T11:06:01.530-0800: 18.009: [CMS: 6846K->6846K(6848K), 0.0034198 secs] 8368K->8342K(9920K), [Metaspace: 4890K->4890K(139264K)], 0.0034703 secs] [Times: user=0.00 sys=0.00, real=0.00 secs] 
2020-11-18T11:06:01.534-0800: 18.012: [GC (CMS Initial Mark) [1 CMS-initial-mark: 6846K(6848K)] 8342K(9920K), 0.0002190 secs] [Times: user=0.00 sys=0.00, real=0.00 secs] 
2020-11-18T11:06:01.534-0800: 18.013: [CMS-concurrent-mark-start]
2020-11-18T11:06:01.535-0800: 18.014: [Full GC (System.gc()) 2020-11-18T11:06:01.535-0800: 18.014: [CMS2020-11-18T11:06:01.537-0800: 18.015: [CMS-concurrent-mark: 0.001/0.002 secs] [Times: user=0.01 sys=0.01, real=0.00 secs] 
 (concurrent mode interrupted): 6846K->6846K(6848K), 0.0048986 secs] 8371K->8344K(9920K), [Metaspace: 4890K->4890K(139264K)], 0.0049470 secs] [Times: user=0.01 sys=0.00, real=0.01 secs] 
2020-11-18T11:06:01.542-0800: 18.020: [Full GC (System.gc()) 2020-11-18T11:06:01.542-0800: 18.020: [CMS: 6846K->6846K(6848K), 0.0039790 secs] 8373K->8347K(9920K), [Metaspace: 4890K->4890K(139264K)], 0.0040447 secs] [Times: user=0.00 sys=0.00, real=0.00 secs] 
2020-11-18T11:06:01.546-0800: 18.024: [GC (CMS Initial Mark) [1 CMS-initial-mark: 6846K(6848K)] 8347K(9920K), 0.0001854 secs] [Times: user=0.00 sys=0.00, real=0.00 secs] 
2020-11-18T11:06:01.546-0800: 18.024: [CMS-concurrent-mark-start]
2020-11-18T11:06:01.547-0800: 18.026: [Full GC (System.gc()) 2020-11-18T11:06:01.547-0800: 18.026: [CMS2020-11-18T11:06:01.548-0800: 18.027: [CMS-concurrent-mark: 0.001/0.002 secs] [Times: user=0.01 sys=0.00, real=0.00 secs] 
 (concurrent mode interrupted): 6846K->6846K(6848K), 0.0047350 secs] 8376K->8349K(9920K), [Metaspace: 4890K->4890K(139264K)], 0.0047831 secs] [Times: user=0.00 sys=0.00, real=0.01 secs] 
2020-11-18T11:06:01.553-0800: 18.032: [Full GC (System.gc()) 2020-11-18T11:06:01.553-0800: 18.032: [CMS: 6846K->6846K(6848K), 0.0040871 secs] 8378K->8351K(9920K), [Metaspace: 4890K->4890K(139264K)], 0.0041392 secs] [Times: user=0.00 sys=0.00, real=0.00 secs] 
2020-11-18T11:06:01.558-0800: 18.036: [GC (CMS Initial Mark) [1 CMS-initial-mark: 6846K(6848K)] 8351K(9920K), 0.0001930 secs] [Times: user=0.00 sys=0.00, real=0.00 secs] 
2020-11-18T11:06:01.558-0800: 18.036: [CMS-concurrent-mark-start]
2020-11-18T11:06:01.559-0800: 18.037: [Full GC (System.gc()) 2020-11-18T11:06:01.559-0800: 18.037: [CMS2020-11-18T11:06:01.560-0800: 18.039: [CMS-concurrent-mark: 0.001/0.003 secs] [Times: user=0.01 sys=0.00, real=0.01 secs] 
 (concurrent mode interrupted): 6846K->6846K(6848K), 0.0054393 secs] 8380K->8354K(9920K), [Metaspace: 4890K->4890K(139264K)], 0.0054890 secs] [Times: user=0.00 sys=0.00, real=0.01 secs] 
2020-11-18T11:06:01.566-0800: 18.044: [Full GC (System.gc()) 2020-11-18T11:06:01.566-0800: 18.044: [CMS: 6846K->6846K(6848K), 0.0044361 secs] 8383K->8356K(9920K), [Metaspace: 4890K->4890K(139264K)], 0.0045100 secs] [Times: user=0.01 sys=0.00, real=0.01 secs] 
2020-11-18T11:06:01.570-0800: 18.049: [GC (CMS Initial Mark) [1 CMS-initial-mark: 6846K(6848K)] 8356K(9920K), 0.0002474 secs] [Times: user=0.00 sys=0.00, real=0.00 secs] 
2020-11-18T11:06:01.571-0800: 18.049: [CMS-concurrent-mark-start]
2020-11-18T11:06:01.572-0800: 18.050: [Full GC (System.gc()) 2020-11-18T11:06:01.572-0800: 18.050: [CMS2020-11-18T11:06:01.573-0800: 18.052: [CMS-concurrent-mark: 0.001/0.003 secs] [Times: user=0.00 sys=0.00, real=0.00 secs] 
 (concurrent mode interrupted): 6846K->6846K(6848K), 0.0054090 secs] 8385K->8359K(9920K), [Metaspace: 4890K->4890K(139264K)], 0.0054558 secs] [Times: user=0.00 sys=0.00, real=0.00 secs] 
2020-11-18T11:06:01.579-0800: 18.057: [Full GC (System.gc()) 2020-11-18T11:06:01.579-0800: 18.057: [CMS: 6846K->6846K(6848K), 0.0042190 secs] 8388K->8361K(9920K), [Metaspace: 4890K->4890K(139264K)], 0.0042906 secs] [Times: user=0.01 sys=0.00, real=0.01 secs] 
2020-11-18T11:06:01.583-0800: 18.062: [GC (CMS Initial Mark) [1 CMS-initial-mark: 6846K(6848K)] 8361K(9920K), 0.0001862 secs] [Times: user=0.00 sys=0.00, real=0.00 secs] 
2020-11-18T11:06:01.583-0800: 18.062: [CMS-concurrent-mark-start]
2020-11-18T11:06:01.585-0800: 18.063: [Full GC (System.gc()) 2020-11-18T11:06:01.585-0800: 18.063: [CMS2020-11-18T11:06:01.586-0800: 18.064: [CMS-concurrent-mark: 0.001/0.003 secs] [Times: user=0.00 sys=0.00, real=0.00 secs] 
 (concurrent mode interrupted): 6846K->6846K(6848K), 0.0052763 secs] 8390K->8364K(9920K), [Metaspace: 4890K->4890K(139264K)], 0.0053323 secs] [Times: user=0.01 sys=0.00, real=0.01 secs] 
2020-11-18T11:06:01.591-0800: 18.070: [Full GC (System.gc()) 2020-11-18T11:06:01.591-0800: 18.070: [CMS: 6846K->6846K(6848K), 0.0037174 secs] 8393K->8366K(9920K), [Metaspace: 4890K->4890K(139264K)], 0.0037671 secs] [Times: user=0.00 sys=0.00, real=0.00 secs] 
2020-11-18T11:06:01.595-0800: 18.074: [GC (CMS Initial Mark) [1 CMS-initial-mark: 6846K(6848K)] 8366K(9920K), 0.0002558 secs] [Times: user=0.00 sys=0.00, real=0.00 secs] 
2020-11-18T11:06:01.595-0800: 18.074: [CMS-concurrent-mark-start]
2020-11-18T11:06:01.597-0800: 18.075: [Full GC (System.gc()) 2020-11-18T11:06:01.597-0800: 18.075: [CMS2020-11-18T11:06:01.598-0800: 18.076: [CMS-concurrent-mark: 0.001/0.003 secs] [Times: user=0.00 sys=0.00, real=0.00 secs] 
 (concurrent mode interrupted): 6846K->6846K(6848K), 0.0055725 secs] 8395K->8368K(9920K), [Metaspace: 4890K->4890K(139264K)], 0.0056312 secs] [Times: user=0.01 sys=0.00, real=0.01 secs] 
2020-11-18T11:06:01.603-0800: 18.082: [Full GC (System.gc()) 2020-11-18T11:06:01.603-0800: 18.082: [CMS: 6846K->6846K(6848K), 0.0039232 secs] 8397K->8371K(9920K), [Metaspace: 4890K->4890K(139264K)], 0.0039796 secs] [Times: user=0.00 sys=0.00, real=0.00 secs] 
2020-11-18T11:06:01.607-0800: 18.086: [GC (CMS Initial Mark) [1 CMS-initial-mark: 6846K(6848K)] 8371K(9920K), 0.0002407 secs] [Times: user=0.00 sys=0.00, real=0.00 secs] 
2020-11-18T11:06:01.608-0800: 18.086: [CMS-concurrent-mark-start]
2020-11-18T11:06:01.609-0800: 18.087: [Full GC (System.gc()) 2020-11-18T11:06:01.609-0800: 18.087: [CMS2020-11-18T11:06:01.610-0800: 18.089: [CMS-concurrent-mark: 0.001/0.002 secs] [Times: user=0.01 sys=0.00, real=0.01 secs] 
 (concurrent mode interrupted): 6846K->6846K(6848K), 0.0055875 secs] 8400K->8373K(9920K), [Metaspace: 4890K->4890K(139264K)], 0.0056402 secs] [Times: user=0.00 sys=0.00, real=0.01 secs] 
2020-11-18T11:06:01.616-0800: 18.094: [Full GC (System.gc()) 2020-11-18T11:06:01.616-0800: 18.094: [CMS: 6846K->6846K(6848K), 0.0038980 secs] 8402K->8376K(9920K), [Metaspace: 4890K->4890K(139264K)], 0.0039528 secs] [Times: user=0.00 sys=0.00, real=0.00 secs] 
2020-11-18T11:06:01.620-0800: 18.098: [GC (CMS Initial Mark) [1 CMS-initial-mark: 6846K(6848K)] 8376K(9920K), 0.0002151 secs] [Times: user=0.00 sys=0.00, real=0.00 secs] 
2020-11-18T11:06:01.620-0800: 18.098: [CMS-concurrent-mark-start]
2020-11-18T11:06:01.621-0800: 18.099: [Full GC (System.gc()) 2020-11-18T11:06:01.621-0800: 18.099: [CMS2020-11-18T11:06:01.622-0800: 18.101: [CMS-concurrent-mark: 0.001/0.002 secs] [Times: user=0.01 sys=0.00, real=0.00 secs] 
 (concurrent mode interrupted): 6846K->6846K(6848K), 0.0053376 secs] 8405K->8378K(9920K), [Metaspace: 4890K->4890K(139264K)], 0.0053837 secs] [Times: user=0.00 sys=0.00, real=0.00 secs] 
2020-11-18T11:06:01.627-0800: 18.106: [Full GC (System.gc()) 2020-11-18T11:06:01.627-0800: 18.106: [CMS: 6846K->6846K(6848K), 0.0043690 secs] 8407K->8380K(9920K), [Metaspace: 4890K->4890K(139264K)], 0.0044434 secs] [Times: user=0.01 sys=0.00, real=0.01 secs] 
2020-11-18T11:06:01.632-0800: 18.110: [GC (CMS Initial Mark) [1 CMS-initial-mark: 6846K(6848K)] 8380K(9920K), 0.0002438 secs] [Times: user=0.00 sys=0.00, real=0.00 secs] 
2020-11-18T11:06:01.632-0800: 18.111: [CMS-concurrent-mark-start]
2020-11-18T11:06:01.633-0800: 18.112: [Full GC (System.gc()) 2020-11-18T11:06:01.633-0800: 18.112: [CMS2020-11-18T11:06:01.635-0800: 18.113: [CMS-concurrent-mark: 0.001/0.003 secs] [Times: user=0.00 sys=0.00, real=0.00 secs] 
 (concurrent mode interrupted): 6846K->6846K(6848K), 0.0058917 secs] 8409K->8383K(9920K), [Metaspace: 4890K->4890K(139264K)], 0.0059487 secs] [Times: user=0.00 sys=0.00, real=0.00 secs] 
2020-11-18T11:06:01.641-0800: 18.119: [Full GC (System.gc()) 2020-11-18T11:06:01.641-0800: 18.119: [CMS: 6846K->6846K(6848K), 0.0037984 secs] 8412K->8385K(9920K), [Metaspace: 4890K->4890K(139264K)], 0.0038480 secs] [Times: user=0.01 sys=0.00, real=0.00 secs] 
2020-11-18T11:06:01.645-0800: 18.123: [GC (CMS Initial Mark) [1 CMS-initial-mark: 6846K(6848K)] 8385K(9920K), 0.0001854 secs] [Times: user=0.00 sys=0.00, real=0.00 secs] 
2020-11-18T11:06:01.645-0800: 18.123: [CMS-concurrent-mark-start]
2020-11-18T11:06:01.646-0800: 18.124: [Full GC (System.gc()) 2020-11-18T11:06:01.646-0800: 18.124: [CMS2020-11-18T11:06:01.647-0800: 18.125: [CMS-concurrent-mark: 0.001/0.002 secs] [Times: user=0.00 sys=0.00, real=0.00 secs] 
 (concurrent mode interrupted): 6846K->6846K(6848K), 0.0052121 secs] 8414K->8388K(9920K), [Metaspace: 4890K->4890K(139264K)], 0.0052643 secs] [Times: user=0.01 sys=0.00, real=0.01 secs] 
2020-11-18T11:06:01.653-0800: 18.131: [Full GC (System.gc()) 2020-11-18T11:06:01.653-0800: 18.131: [CMS: 6846K->6846K(6848K), 0.0039305 secs] 8417K->8390K(9920K), [Metaspace: 4890K->4890K(139264K)], 0.0039812 secs] [Times: user=0.00 sys=0.00, real=0.00 secs] 
2020-11-18T11:06:01.657-0800: 18.135: [GC (CMS Initial Mark) [1 CMS-initial-mark: 6846K(6848K)] 8390K(9920K), 0.0002184 secs] [Times: user=0.00 sys=0.00, real=0.00 secs] 
2020-11-18T11:06:01.657-0800: 18.135: [CMS-concurrent-mark-start]
2020-11-18T11:06:01.658-0800: 18.137: [Full GC (System.gc()) 2020-11-18T11:06:01.658-0800: 18.137: [CMS2020-11-18T11:06:01.660-0800: 18.138: [CMS-concurrent-mark: 0.001/0.003 secs] [Times: user=0.00 sys=0.00, real=0.01 secs] 
 (concurrent mode interrupted): 6846K->6846K(6848K), 0.0052517 secs] 8419K->8392K(9920K), [Metaspace: 4890K->4890K(139264K)], 0.0052999 secs] [Times: user=0.01 sys=0.00, real=0.01 secs] 
2020-11-18T11:06:01.665-0800: 18.143: [Full GC (System.gc()) 2020-11-18T11:06:01.665-0800: 18.143: [CMS: 6846K->6846K(6848K), 0.0036858 secs] 8422K->8395K(9920K), [Metaspace: 4890K->4890K(139264K)], 0.0037350 secs] [Times: user=0.00 sys=0.00, real=0.00 secs] 
2020-11-18T11:06:01.669-0800: 18.147: [GC (CMS Initial Mark) [1 CMS-initial-mark: 6846K(6848K)] 8395K(9920K), 0.0002192 secs] [Times: user=0.00 sys=0.00, real=0.00 secs] 
2020-11-18T11:06:01.669-0800: 18.147: [CMS-concurrent-mark-start]
2020-11-18T11:06:01.670-0800: 18.148: [Full GC (System.gc()) 2020-11-18T11:06:01.670-0800: 18.149: [CMS2020-11-18T11:06:01.671-0800: 18.150: [CMS-concurrent-mark: 0.001/0.002 secs] [Times: user=0.01 sys=0.00, real=0.01 secs] 
 (concurrent mode interrupted): 6846K->6846K(6848K), 0.0050190 secs] 8424K->8397K(9920K), [Metaspace: 4890K->4890K(139264K)], 0.0050629 secs] [Times: user=0.00 sys=0.00, real=0.00 secs] 
2020-11-18T11:06:01.677-0800: 18.155: [Full GC (System.gc()) 2020-11-18T11:06:01.677-0800: 18.155: [CMS: 6846K->6846K(6848K), 0.0035456 secs] 8426K->8400K(9920K), [Metaspace: 4890K->4890K(139264K)], 0.0035929 secs] [Times: user=0.00 sys=0.00, real=0.01 secs] 
2020-11-18T11:06:01.680-0800: 18.159: [GC (CMS Initial Mark) [1 CMS-initial-mark: 6846K(6848K)] 8400K(9920K), 0.0001679 secs] [Times: user=0.00 sys=0.00, real=0.00 secs] 
2020-11-18T11:06:01.680-0800: 18.159: [CMS-concurrent-mark-start]
2020-11-18T11:06:01.681-0800: 18.160: [Full GC (System.gc()) 2020-11-18T11:06:01.682-0800: 18.160: [CMS2020-11-18T11:06:01.683-0800: 18.161: [CMS-concurrent-mark: 0.001/0.002 secs] [Times: user=0.01 sys=0.00, real=0.00 secs] 
 (concurrent mode interrupted): 6846K->6846K(6848K), 0.0046984 secs] 8429K->8402K(9920K), [Metaspace: 4890K->4890K(139264K)], 0.0047477 secs] [Times: user=0.00 sys=0.00, real=0.00 secs] 
2020-11-18T11:06:01.687-0800: 18.166: [Full GC (System.gc()) 2020-11-18T11:06:01.687-0800: 18.166: [CMS: 6846K->6846K(6848K), 0.0036739 secs] 8431K->8405K(9920K), [Metaspace: 4890K->4890K(139264K)], 0.0037244 secs] [Times: user=0.00 sys=0.00, real=0.01 secs] 
2020-11-18T11:06:01.691-0800: 18.170: [GC (CMS Initial Mark) [1 CMS-initial-mark: 6846K(6848K)] 8405K(9920K), 0.0001813 secs] [Times: user=0.00 sys=0.00, real=0.00 secs] 
2020-11-18T11:06:01.691-0800: 18.170: [CMS-concurrent-mark-start]
2020-11-18T11:06:01.693-0800: 18.171: [CMS-concurrent-mark: 0.001/0.001 secs] [Times: user=0.01 sys=0.00, real=0.00 secs] 
2020-11-18T11:06:01.693-0800: 18.171: [Full GC (System.gc()) 2020-11-18T11:06:01.693-0800: 18.171: [CMS (concurrent mode interrupted): 6846K->6846K(6848K), 0.0033141 secs] 8434K->8407K(9920K), [Metaspace: 4890K->4890K(139264K)], 0.0033478 secs] [Times: user=0.00 sys=0.00, real=0.00 secs] 
2020-11-18T11:06:01.697-0800: 18.176: [Full GC (System.gc()) 2020-11-18T11:06:01.698-0800: 18.176: [CMS: 6846K->6846K(6848K), 0.0033745 secs] 8436K->8409K(9920K), [Metaspace: 4890K->4890K(139264K)], 0.0034155 secs] [Times: user=0.00 sys=0.00, real=0.01 secs] 
2020-11-18T11:06:01.701-0800: 18.179: [GC (CMS Initial Mark) [1 CMS-initial-mark: 6846K(6848K)] 8409K(9920K), 0.0001757 secs] [Times: user=0.00 sys=0.00, real=0.00 secs] 
2020-11-18T11:06:01.701-0800: 18.180: [CMS-concurrent-mark-start]
2020-11-18T11:06:01.702-0800: 18.181: [CMS-concurrent-mark: 0.001/0.001 secs] [Times: user=0.01 sys=0.00, real=0.00 secs] 
2020-11-18T11:06:01.702-0800: 18.181: [CMS-concurrent-preclean-start]
2020-11-18T11:06:01.702-0800: 18.181: [Full GC (System.gc()) 2020-11-18T11:06:01.702-0800: 18.181: [CMS2020-11-18T11:06:01.703-0800: 18.182: [CMS-concurrent-preclean: 0.001/0.001 secs] [Times: user=0.00 sys=0.00, real=0.00 secs] 
 (concurrent mode interrupted): 6846K->6846K(6848K), 0.0042740 secs] 8438K->8412K(9920K), [Metaspace: 4890K->4890K(139264K)], 0.0043155 secs] [Times: user=0.00 sys=0.00, real=0.00 secs] 
2020-11-18T11:06:01.708-0800: 18.187: [Full GC (System.gc()) 2020-11-18T11:06:01.708-0800: 18.187: [CMS: 6846K->6846K(6848K), 0.0040931 secs] 8441K->8414K(9920K), [Metaspace: 4890K->4890K(139264K)], 0.0041651 secs] [Times: user=0.01 sys=0.00, real=0.01 secs] 
2020-11-18T11:06:01.712-0800: 18.191: [GC (CMS Initial Mark) [1 CMS-initial-mark: 6846K(6848K)] 8414K(9920K), 0.0002165 secs] [Times: user=0.00 sys=0.00, real=0.00 secs] 
2020-11-18T11:06:01.713-0800: 18.191: [CMS-concurrent-mark-start]
2020-11-18T11:06:01.714-0800: 18.192: [CMS-concurrent-mark: 0.001/0.001 secs] [Times: user=0.00 sys=0.00, real=0.00 secs] 
2020-11-18T11:06:01.714-0800: 18.192: [Full GC (System.gc()) 2020-11-18T11:06:01.714-0800: 18.192: [CMS (concurrent mode interrupted): 6846K->6846K(6848K), 0.0032582 secs] 8443K->8417K(9920K), [Metaspace: 4890K->4890K(139264K)], 0.0032907 secs] [Times: user=0.00 sys=0.00, real=0.00 secs] 
2020-11-18T11:06:01.718-0800: 18.197: [Full GC (System.gc()) 2020-11-18T11:06:01.718-0800: 18.197: [CMS: 6846K->6846K(6848K), 0.0035788 secs] 8446K->8419K(9920K), [Metaspace: 4890K->4890K(139264K)], 0.0036350 secs] [Times: user=0.01 sys=0.00, real=0.01 secs] 
2020-11-18T11:06:01.722-0800: 18.200: [GC (CMS Initial Mark) [1 CMS-initial-mark: 6846K(6848K)] 8419K(9920K), 0.0002221 secs] [Times: user=0.00 sys=0.00, real=0.00 secs] 
2020-11-18T11:06:01.722-0800: 18.201: [CMS-concurrent-mark-start]
2020-11-18T11:06:01.723-0800: 18.202: [Full GC (System.gc()) 2020-11-18T11:06:01.723-0800: 18.202: [CMS2020-11-18T11:06:01.725-0800: 18.203: [CMS-concurrent-mark: 0.001/0.002 secs] [Times: user=0.00 sys=0.00, real=0.00 secs] 
 (concurrent mode interrupted): 6846K->6846K(6848K), 0.0051428 secs] 8448K->8421K(9920K), [Metaspace: 4890K->4890K(139264K)], 0.0051881 secs] [Times: user=0.00 sys=0.00, real=0.00 secs] 
2020-11-18T11:06:01.730-0800: 18.208: [Full GC (System.gc()) 2020-11-18T11:06:01.730-0800: 18.208: [CMS: 6846K->6846K(6848K), 0.0047835 secs] 8450K->8424K(9920K), [Metaspace: 4890K->4890K(139264K)], 0.0048609 secs] [Times: user=0.01 sys=0.00, real=0.00 secs] 
2020-11-18T11:06:01.735-0800: 18.213: [GC (CMS Initial Mark) [1 CMS-initial-mark: 6846K(6848K)] 8424K(9920K), 0.0002234 secs] [Times: user=0.00 sys=0.00, real=0.00 secs] 
2020-11-18T11:06:01.735-0800: 18.213: [CMS-concurrent-mark-start]
2020-11-18T11:06:01.736-0800: 18.214: [Full GC (System.gc()) 2020-11-18T11:06:01.736-0800: 18.215: [CMS2020-11-18T11:06:01.737-0800: 18.216: [CMS-concurrent-mark: 0.001/0.002 secs] [Times: user=0.00 sys=0.00, real=0.00 secs] 
 (concurrent mode interrupted): 6846K->6846K(6848K), 0.0053595 secs] 8453K->8426K(9920K), [Metaspace: 4890K->4890K(139264K)], 0.0054169 secs] [Times: user=0.01 sys=0.00, real=0.01 secs] 
2020-11-18T11:06:01.743-0800: 18.221: [Full GC (System.gc()) 2020-11-18T11:06:01.743-0800: 18.221: [CMS: 6846K->6846K(6848K), 0.0037520 secs] 8455K->8429K(9920K), [Metaspace: 4890K->4890K(139264K)], 0.0038099 secs] [Times: user=0.00 sys=0.00, real=0.00 secs] 
2020-11-18T11:06:01.747-0800: 18.225: [GC (CMS Initial Mark) [1 CMS-initial-mark: 6846K(6848K)] 8429K(9920K), 0.0001715 secs] [Times: user=0.00 sys=0.00, real=0.00 secs] 
2020-11-18T11:06:01.747-0800: 18.225: [CMS-concurrent-mark-start]
2020-11-18T11:06:01.748-0800: 18.227: [CMS-concurrent-mark: 0.001/0.001 secs] [Times: user=0.00 sys=0.01, real=0.00 secs] 
2020-11-18T11:06:01.748-0800: 18.227: [Full GC (System.gc()) 2020-11-18T11:06:01.748-0800: 18.227: [CMS (concurrent mode interrupted): 6846K->6846K(6848K), 0.0038264 secs] 8458K->8431K(9920K), [Metaspace: 4890K->4890K(139264K)], 0.0038737 secs] [Times: user=0.01 sys=0.00, real=0.01 secs] 
2020-11-18T11:06:01.753-0800: 18.232: [Full GC (System.gc()) 2020-11-18T11:06:01.753-0800: 18.232: [CMS: 6846K->6846K(6848K), 0.0041434 secs] 8460K->8434K(9920K), [Metaspace: 4890K->4890K(139264K)], 0.0042203 secs] [Times: user=0.00 sys=0.00, real=0.00 secs] 
2020-11-18T11:06:01.758-0800: 18.236: [GC (CMS Initial Mark) [1 CMS-initial-mark: 6846K(6848K)] 8434K(9920K), 0.0002143 secs] [Times: user=0.00 sys=0.00, real=0.00 secs] 
2020-11-18T11:06:01.758-0800: 18.236: [CMS-concurrent-mark-start]
2020-11-18T11:06:01.759-0800: 18.237: [Full GC (System.gc()) 2020-11-18T11:06:01.759-0800: 18.237: [CMS2020-11-18T11:06:01.760-0800: 18.239: [CMS-concurrent-mark: 0.001/0.002 secs] [Times: user=0.01 sys=0.00, real=0.01 secs] 
 (concurrent mode interrupted): 6846K->6846K(6848K), 0.0049835 secs] 8463K->8436K(9920K), [Metaspace: 4890K->4890K(139264K)], 0.0050339 secs] [Times: user=0.00 sys=0.00, real=0.01 secs] 
2020-11-18T11:06:01.765-0800: 18.244: [Full GC (System.gc()) 2020-11-18T11:06:01.765-0800: 18.244: [CMS: 6846K->6846K(6848K), 0.0036355 secs] 8465K->8438K(9920K), [Metaspace: 4890K->4890K(139264K)], 0.0036834 secs] [Times: user=0.00 sys=0.00, real=0.00 secs] 
2020-11-18T11:06:01.769-0800: 18.248: [GC (CMS Initial Mark) [1 CMS-initial-mark: 6846K(6848K)] 8438K(9920K), 0.0001852 secs] [Times: user=0.00 sys=0.00, real=0.00 secs] 
2020-11-18T11:06:01.769-0800: 18.248: [CMS-concurrent-mark-start]
2020-11-18T11:06:01.771-0800: 18.249: [CMS-concurrent-mark: 0.001/0.001 secs] [Times: user=0.01 sys=0.00, real=0.01 secs] 
2020-11-18T11:06:01.771-0800: 18.249: [Full GC (System.gc()) 2020-11-18T11:06:01.771-0800: 18.249: [CMS (concurrent mode interrupted): 6846K->6846K(6848K), 0.0038794 secs] 8467K->8441K(9920K), [Metaspace: 4890K->4890K(139264K)], 0.0039376 secs] [Times: user=0.00 sys=0.00, real=0.00 secs] 
2020-11-18T11:06:01.776-0800: 18.254: [Full GC (System.gc()) 2020-11-18T11:06:01.776-0800: 18.254: [CMS: 6846K->6846K(6848K), 0.0049591 secs] 8470K->8443K(9920K), [Metaspace: 4890K->4890K(139264K)], 0.0050353 secs] [Times: user=0.01 sys=0.00, real=0.01 secs] 
2020-11-18T11:06:01.781-0800: 18.260: [GC (CMS Initial Mark) [1 CMS-initial-mark: 6846K(6848K)] 8443K(9920K), 0.0002340 secs] [Times: user=0.00 sys=0.00, real=0.00 secs] 
2020-11-18T11:06:01.781-0800: 18.260: [CMS-concurrent-mark-start]
2020-11-18T11:06:01.783-0800: 18.261: [Full GC (System.gc()) 2020-11-18T11:06:01.783-0800: 18.261: [CMS2020-11-18T11:06:01.784-0800: 18.262: [CMS-concurrent-mark: 0.001/0.002 secs] [Times: user=0.00 sys=0.00, real=0.00 secs] 
 (concurrent mode interrupted): 6846K->6846K(6848K), 0.0060193 secs] 8472K->8446K(9920K), [Metaspace: 4890K->4890K(139264K)], 0.0060908 secs] [Times: user=0.01 sys=0.00, real=0.00 secs] 
2020-11-18T11:06:01.790-0800: 18.268: [Full GC (System.gc()) 2020-11-18T11:06:01.790-0800: 18.268: [CMS: 6846K->6846K(6848K), 0.0050182 secs] 8475K->8448K(9920K), [Metaspace: 4890K->4890K(139264K)], 0.0050925 secs] [Times: user=0.00 sys=0.00, real=0.00 secs] 
2020-11-18T11:06:01.795-0800: 18.274: [GC (CMS Initial Mark) [1 CMS-initial-mark: 6846K(6848K)] 8448K(9920K), 0.0002912 secs] [Times: user=0.00 sys=0.00, real=0.00 secs] 
2020-11-18T11:06:01.796-0800: 18.274: [CMS-concurrent-mark-start]
2020-11-18T11:06:01.797-0800: 18.275: [Full GC (System.gc()) 2020-11-18T11:06:01.797-0800: 18.275: [CMS2020-11-18T11:06:01.798-0800: 18.277: [CMS-concurrent-mark: 0.001/0.003 secs] [Times: user=0.00 sys=0.00, real=0.00 secs] 
 (concurrent mode interrupted): 6846K->6846K(6848K), 0.0068921 secs] 8477K->8450K(9920K), [Metaspace: 4890K->4890K(139264K)], 0.0069581 secs] [Times: user=0.01 sys=0.00, real=0.01 secs] 
2020-11-18T11:06:01.805-0800: 18.283: [Full GC (System.gc()) 2020-11-18T11:06:01.805-0800: 18.283: [CMS: 6846K->6846K(6848K), 0.0047336 secs] 8479K->8453K(9920K), [Metaspace: 4890K->4890K(139264K)], 0.0048022 secs] [Times: user=0.00 sys=0.00, real=0.01 secs] 
2020-11-18T11:06:01.810-0800: 18.288: [GC (CMS Initial Mark) [1 CMS-initial-mark: 6846K(6848K)] 8453K(9920K), 0.0002275 secs] [Times: user=0.01 sys=0.00, real=0.00 secs] 
2020-11-18T11:06:01.810-0800: 18.289: [CMS-concurrent-mark-start]
2020-11-18T11:06:01.811-0800: 18.290: [Full GC (System.gc()) 2020-11-18T11:06:01.811-0800: 18.290: [CMS2020-11-18T11:06:01.813-0800: 18.291: [CMS-concurrent-mark: 0.001/0.002 secs] [Times: user=0.00 sys=0.00, real=0.00 secs] 
 (concurrent mode interrupted): 6846K->6846K(6848K), 0.0055295 secs] 8482K->8455K(9920K), [Metaspace: 4890K->4890K(139264K)], 0.0055893 secs] [Times: user=0.00 sys=0.00, real=0.00 secs] 
2020-11-18T11:06:01.818-0800: 18.297: [Full GC (System.gc()) 2020-11-18T11:06:01.818-0800: 18.297: [CMS: 6846K->6846K(6848K), 0.0045756 secs] 8484K->8458K(9920K), [Metaspace: 4890K->4890K(139264K)], 0.0046451 secs] [Times: user=0.01 sys=0.00, real=0.01 secs] 
2020-11-18T11:06:01.823-0800: 18.302: [GC (CMS Initial Mark) [1 CMS-initial-mark: 6846K(6848K)] 8458K(9920K), 0.0002984 secs] [Times: user=0.00 sys=0.00, real=0.00 secs] 
2020-11-18T11:06:01.823-0800: 18.302: [CMS-concurrent-mark-start]
2020-11-18T11:06:01.824-0800: 18.303: [Full GC (System.gc()) 2020-11-18T11:06:01.824-0800: 18.303: [CMS2020-11-18T11:06:01.826-0800: 18.305: [CMS-concurrent-mark: 0.002/0.003 secs] [Times: user=0.00 sys=0.00, real=0.00 secs] 
 (concurrent mode interrupted): 6846K->6846K(6848K), 0.0073988 secs] 8487K->8460K(9920K), [Metaspace: 4890K->4890K(139264K)], 0.0074634 secs] [Times: user=0.01 sys=0.00, real=0.01 secs] 
2020-11-18T11:06:01.833-0800: 18.312: [Full GC (System.gc()) 2020-11-18T11:06:01.833-0800: 18.312: [CMS: 6846K->6846K(6848K), 0.0044890 secs] 8489K->8463K(9920K), [Metaspace: 4890K->4890K(139264K)], 0.0045515 secs] [Times: user=0.00 sys=0.00, real=0.00 secs] 
2020-11-18T11:06:01.838-0800: 18.316: [GC (CMS Initial Mark) [1 CMS-initial-mark: 6846K(6848K)] 8463K(9920K), 0.0002770 secs] [Times: user=0.00 sys=0.00, real=0.00 secs] 
2020-11-18T11:06:01.838-0800: 18.317: [CMS-concurrent-mark-start]
2020-11-18T11:06:01.839-0800: 18.317: [Full GC (System.gc()) 2020-11-18T11:06:01.839-0800: 18.317: [CMS2020-11-18T11:06:01.841-0800: 18.319: [CMS-concurrent-mark: 0.001/0.003 secs] [Times: user=0.01 sys=0.00, real=0.01 secs] 
 (concurrent mode interrupted): 6846K->6846K(6848K), 0.0064794 secs] 8492K->8465K(9920K), [Metaspace: 4890K->4890K(139264K)], 0.0065410 secs] [Times: user=0.01 sys=0.00, real=0.01 secs] 
2020-11-18T11:06:01.847-0800: 18.325: [Full GC (System.gc()) 2020-11-18T11:06:01.847-0800: 18.325: [CMS: 6846K->6846K(6848K), 0.0041987 secs] 8494K->8467K(9920K), [Metaspace: 4890K->4890K(139264K)], 0.0042595 secs] [Times: user=0.01 sys=0.00, real=0.01 secs] 
2020-11-18T11:06:01.851-0800: 18.330: [GC (CMS Initial Mark) [1 CMS-initial-mark: 6846K(6848K)] 8467K(9920K), 0.0001920 secs] [Times: user=0.00 sys=0.00, real=0.00 secs] 
2020-11-18T11:06:01.852-0800: 18.330: [CMS-concurrent-mark-start]
2020-11-18T11:06:01.853-0800: 18.331: [Full GC (System.gc()) 2020-11-18T11:06:01.853-0800: 18.331: [CMS2020-11-18T11:06:01.854-0800: 18.333: [CMS-concurrent-mark: 0.001/0.003 secs] [Times: user=0.00 sys=0.00, real=0.00 secs] 
 (concurrent mode interrupted): 6846K->6846K(6848K), 0.0059433 secs] 8496K->8470K(9920K), [Metaspace: 4890K->4890K(139264K)], 0.0060105 secs] [Times: user=0.00 sys=0.00, real=0.00 secs] 
2020-11-18T11:06:01.860-0800: 18.339: [Full GC (System.gc()) 2020-11-18T11:06:01.860-0800: 18.339: [CMS: 6846K->6846K(6848K), 0.0047547 secs] 8499K->8472K(9920K), [Metaspace: 4890K->4890K(139264K)], 0.0048228 secs] [Times: user=0.01 sys=0.00, real=0.00 secs] 
2020-11-18T11:06:01.865-0800: 18.344: [GC (CMS Initial Mark) [1 CMS-initial-mark: 6846K(6848K)] 8472K(9920K), 0.0002529 secs] [Times: user=0.00 sys=0.00, real=0.00 secs] 
2020-11-18T11:06:01.866-0800: 18.344: [CMS-concurrent-mark-start]
2020-11-18T11:06:01.867-0800: 18.345: [Full GC (System.gc()) 2020-11-18T11:06:01.867-0800: 18.345: [CMS2020-11-18T11:06:01.868-0800: 18.347: [CMS-concurrent-mark: 0.001/0.003 secs] [Times: user=0.00 sys=0.00, real=0.00 secs] 
 (concurrent mode interrupted): 6846K->6846K(6848K), 0.0069938 secs] 8501K->8475K(9920K), [Metaspace: 4890K->4890K(139264K)], 0.0070552 secs] [Times: user=0.01 sys=0.00, real=0.01 secs] 
2020-11-18T11:06:01.875-0800: 18.353: [Full GC (System.gc()) 2020-11-18T11:06:01.875-0800: 18.353: [CMS: 6846K->6846K(6848K), 0.0049873 secs] 8504K->8477K(9920K), [Metaspace: 4890K->4890K(139264K)], 0.0050577 secs] [Times: user=0.00 sys=0.00, real=0.01 secs] 
2020-11-18T11:06:01.880-0800: 18.359: [GC (CMS Initial Mark) [1 CMS-initial-mark: 6846K(6848K)] 8477K(9920K), 0.0002177 secs] [Times: user=0.00 sys=0.00, real=0.00 secs] 
2020-11-18T11:06:01.880-0800: 18.359: [CMS-concurrent-mark-start]
2020-11-18T11:06:01.881-0800: 18.360: [Full GC (System.gc()) 2020-11-18T11:06:01.881-0800: 18.360: [CMS2020-11-18T11:06:01.883-0800: 18.361: [CMS-concurrent-mark: 0.002/0.003 secs] [Times: user=0.01 sys=0.00, real=0.00 secs] 
 (concurrent mode interrupted): 6846K->6846K(6848K), 0.0063687 secs] 8506K->8479K(9920K), [Metaspace: 4890K->4890K(139264K)], 0.0064386 secs] [Times: user=0.00 sys=0.00, real=0.00 secs] 
2020-11-18T11:06:01.889-0800: 18.367: [Full GC (System.gc()) 2020-11-18T11:06:01.889-0800: 18.367: [CMS: 6846K->6846K(6848K), 0.0046712 secs] 8508K->8482K(9920K), [Metaspace: 4890K->4890K(139264K)], 0.0047457 secs] [Times: user=0.01 sys=0.00, real=0.01 secs] 
2020-11-18T11:06:01.894-0800: 18.372: [GC (CMS Initial Mark) [1 CMS-initial-mark: 6846K(6848K)] 8482K(9920K), 0.0004249 secs] [Times: user=0.00 sys=0.00, real=0.00 secs] 
2020-11-18T11:06:01.894-0800: 18.373: [CMS-concurrent-mark-start]
2020-11-18T11:06:01.895-0800: 18.374: [Full GC (System.gc()) 2020-11-18T11:06:01.895-0800: 18.374: [CMS2020-11-18T11:06:01.897-0800: 18.375: [CMS-concurrent-mark: 0.001/0.003 secs] [Times: user=0.00 sys=0.00, real=0.00 secs] 
 (concurrent mode interrupted): 6846K->6846K(6848K), 0.0061976 secs] 8511K->8484K(9920K), [Metaspace: 4890K->4890K(139264K)], 0.0062579 secs] [Times: user=0.01 sys=0.00, real=0.01 secs] 
2020-11-18T11:06:01.903-0800: 18.381: [Full GC (System.gc()) 2020-11-18T11:06:01.903-0800: 18.381: [CMS: 6846K->6846K(6848K), 0.0049195 secs] 8513K->8487K(9920K), [Metaspace: 4890K->4890K(139264K)], 0.0049903 secs] [Times: user=0.00 sys=0.00, real=0.00 secs] 
2020-11-18T11:06:01.908-0800: 18.386: [GC (CMS Initial Mark) [1 CMS-initial-mark: 6846K(6848K)] 8487K(9920K), 0.0001979 secs] [Times: user=0.00 sys=0.00, real=0.00 secs] 
2020-11-18T11:06:01.908-0800: 18.387: [CMS-concurrent-mark-start]
2020-11-18T11:06:01.909-0800: 18.388: [Full GC (System.gc()) 2020-11-18T11:06:01.909-0800: 18.388: [CMS2020-11-18T11:06:01.911-0800: 18.390: [CMS-concurrent-mark: 0.002/0.003 secs] [Times: user=0.01 sys=0.00, real=0.01 secs] 
 (concurrent mode interrupted): 6846K->6846K(6848K), 0.0070276 secs] 8516K->8489K(9920K), [Metaspace: 4890K->4890K(139264K)], 0.0070930 secs] [Times: user=0.01 sys=0.00, real=0.01 secs] 
2020-11-18T11:06:01.918-0800: 18.396: [Full GC (System.gc()) 2020-11-18T11:06:01.918-0800: 18.396: [CMS: 6846K->6846K(6848K), 0.0047319 secs] 8518K->8491K(9920K), [Metaspace: 4890K->4890K(139264K)], 0.0048252 secs] [Times: user=0.01 sys=0.00, real=0.01 secs] 
2020-11-18T11:06:01.922-0800: 18.401: [GC (CMS Initial Mark) [1 CMS-initial-mark: 6846K(6848K)] 8491K(9920K), 0.0002119 secs] [Times: user=0.00 sys=0.00, real=0.00 secs] 
2020-11-18T11:06:01.923-0800: 18.401: [CMS-concurrent-mark-start]
2020-11-18T11:06:01.924-0800: 18.402: [Full GC (System.gc()) 2020-11-18T11:06:01.924-0800: 18.402: [CMS2020-11-18T11:06:01.925-0800: 18.404: [CMS-concurrent-mark: 0.001/0.003 secs] [Times: user=0.00 sys=0.00, real=0.00 secs] 
 (concurrent mode interrupted): 6846K->6846K(6848K), 0.0061432 secs] 8520K->8494K(9920K), [Metaspace: 4890K->4890K(139264K)], 0.0062040 secs] [Times: user=0.01 sys=0.00, real=0.01 secs] 
2020-11-18T11:06:01.932-0800: 18.410: [Full GC (System.gc()) 2020-11-18T11:06:01.932-0800: 18.410: [CMS: 6846K->6846K(6848K), 0.0045834 secs] 8523K->8496K(9920K), [Metaspace: 4890K->4890K(139264K)], 0.0046418 secs] [Times: user=0.00 sys=0.00, real=0.00 secs] 
2020-11-18T11:06:01.936-0800: 18.415: [GC (CMS Initial Mark) [1 CMS-initial-mark: 6846K(6848K)] 8496K(9920K), 0.0002422 secs] [Times: user=0.00 sys=0.00, real=0.00 secs] 
2020-11-18T11:06:01.937-0800: 18.415: [CMS-concurrent-mark-start]
2020-11-18T11:06:01.937-0800: 18.416: [Full GC (System.gc()) 2020-11-18T11:06:01.938-0800: 18.416: [CMS2020-11-18T11:06:01.939-0800: 18.418: [CMS-concurrent-mark: 0.001/0.003 secs] [Times: user=0.00 sys=0.00, real=0.00 secs] 
 (concurrent mode interrupted): 6846K->6846K(6848K), 0.0069734 secs] 8525K->8499K(9920K), [Metaspace: 4890K->4890K(139264K)], 0.0070560 secs] [Times: user=0.01 sys=0.00, real=0.01 secs] 
2020-11-18T11:06:01.946-0800: 18.424: [Full GC (System.gc()) 2020-11-18T11:06:01.946-0800: 18.424: [CMS: 6846K->6846K(6848K), 0.0052534 secs] 8528K->8501K(9920K), [Metaspace: 4890K->4890K(139264K)], 0.0053225 secs] [Times: user=0.00 sys=0.00, real=0.01 secs] 
2020-11-18T11:06:01.951-0800: 18.430: [GC (CMS Initial Mark) [1 CMS-initial-mark: 6846K(6848K)] 8501K(9920K), 0.0002873 secs] [Times: user=0.01 sys=0.00, real=0.00 secs] 
2020-11-18T11:06:01.952-0800: 18.430: [CMS-concurrent-mark-start]
2020-11-18T11:06:01.953-0800: 18.431: [Full GC (System.gc()) 2020-11-18T11:06:01.953-0800: 18.431: [CMS2020-11-18T11:06:01.954-0800: 18.433: [CMS-concurrent-mark: 0.002/0.003 secs] [Times: user=0.00 sys=0.00, real=0.00 secs] 
 (concurrent mode interrupted): 6846K->6846K(6848K), 0.0064008 secs] 8530K->8504K(9920K), [Metaspace: 4890K->4890K(139264K)], 0.0064602 secs] [Times: user=0.00 sys=0.00, real=0.00 secs] 
2020-11-18T11:06:01.960-0800: 18.439: [Full GC (System.gc()) 2020-11-18T11:06:01.960-0800: 18.439: [CMS: 6846K->6846K(6848K), 0.0039512 secs] 8533K->8506K(9920K), [Metaspace: 4890K->4890K(139264K)], 0.0040016 secs] [Times: user=0.01 sys=0.00, real=0.00 secs] 
2020-11-18T11:06:01.964-0800: 18.443: [GC (CMS Initial Mark) [1 CMS-initial-mark: 6846K(6848K)] 8506K(9920K), 0.0002487 secs] [Times: user=0.00 sys=0.00, real=0.00 secs] 
2020-11-18T11:06:01.965-0800: 18.443: [CMS-concurrent-mark-start]
2020-11-18T11:06:01.966-0800: 18.444: [Full GC (System.gc()) 2020-11-18T11:06:01.966-0800: 18.444: [CMS2020-11-18T11:06:01.967-0800: 18.446: [CMS-concurrent-mark: 0.001/0.003 secs] [Times: user=0.00 sys=0.00, real=0.00 secs] 
 (concurrent mode interrupted): 6846K->6846K(6848K), 0.0055487 secs] 8535K->8508K(9920K), [Metaspace: 4890K->4890K(139264K)], 0.0056678 secs] [Times: user=0.01 sys=0.00, real=0.01 secs] 
2020-11-18T11:06:01.973-0800: 18.451: [Full GC (System.gc()) 2020-11-18T11:06:01.973-0800: 18.451: [CMS: 6846K->6846K(6848K), 0.0044134 secs] 8537K->8511K(9920K), [Metaspace: 4890K->4890K(139264K)], 0.0044701 secs] [Times: user=0.00 sys=0.00, real=0.00 secs] 
2020-11-18T11:06:01.977-0800: 18.456: [GC (CMS Initial Mark) [1 CMS-initial-mark: 6846K(6848K)] 8511K(9920K), 0.0002175 secs] [Times: user=0.00 sys=0.00, real=0.00 secs] 
2020-11-18T11:06:01.977-0800: 18.456: [CMS-concurrent-mark-start]
2020-11-18T11:06:01.978-0800: 18.457: [Full GC (System.gc()) 2020-11-18T11:06:01.978-0800: 18.457: [CMS2020-11-18T11:06:01.980-0800: 18.458: [CMS-concurrent-mark: 0.001/0.002 secs] [Times: user=0.00 sys=0.00, real=0.01 secs] 
 (concurrent mode interrupted): 6846K->6846K(6848K), 0.0058373 secs] 8540K->8513K(9920K), [Metaspace: 4890K->4890K(139264K)], 0.0058958 secs] [Times: user=0.01 sys=0.00, real=0.01 secs] 
2020-11-18T11:06:01.986-0800: 18.464: [Full GC (System.gc()) 2020-11-18T11:06:01.986-0800: 18.464: [CMS: 6846K->6846K(6848K), 0.0038431 secs] 8542K->8516K(9920K), [Metaspace: 4890K->4890K(139264K)], 0.0038944 secs] [Times: user=0.00 sys=0.00, real=0.01 secs] 
2020-11-18T11:06:01.990-0800: 18.468: [GC (CMS Initial Mark) [1 CMS-initial-mark: 6846K(6848K)] 8516K(9920K), 0.0002192 secs] [Times: user=0.00 sys=0.00, real=0.00 secs] 
2020-11-18T11:06:01.990-0800: 18.468: [CMS-concurrent-mark-start]
2020-11-18T11:06:01.991-0800: 18.470: [Full GC (System.gc()) 2020-11-18T11:06:01.991-0800: 18.470: [CMS2020-11-18T11:06:01.992-0800: 18.471: [CMS-concurrent-mark: 0.001/0.003 secs] [Times: user=0.01 sys=0.00, real=0.00 secs] 
 (concurrent mode interrupted): 6846K->6846K(6848K), 0.0055618 secs] 8545K->8518K(9920K), [Metaspace: 4890K->4890K(139264K)], 0.0056194 secs] [Times: user=0.00 sys=0.00, real=0.00 secs] 
2020-11-18T11:06:01.998-0800: 18.477: [Full GC (System.gc()) 2020-11-18T11:06:01.998-0800: 18.477: [CMS: 6846K->6846K(6848K), 0.0041278 secs] 8547K->8520K(9920K), [Metaspace: 4890K->4890K(139264K)], 0.0041883 secs] [Times: user=0.01 sys=0.00, real=0.01 secs] 
2020-11-18T11:06:02.002-0800: 18.481: [GC (CMS Initial Mark) [1 CMS-initial-mark: 6846K(6848K)] 8520K(9920K), 0.0002197 secs] [Times: user=0.00 sys=0.00, real=0.00 secs] 
2020-11-18T11:06:02.003-0800: 18.481: [CMS-concurrent-mark-start]
2020-11-18T11:06:02.004-0800: 18.482: [Full GC (System.gc()) 2020-11-18T11:06:02.004-0800: 18.482: [CMS2020-11-18T11:06:02.005-0800: 18.484: [CMS-concurrent-mark: 0.001/0.003 secs] [Times: user=0.00 sys=0.00, real=0.00 secs] 
 (concurrent mode interrupted): 6846K->6846K(6848K), 0.0056055 secs] 8549K->8523K(9920K), [Metaspace: 4890K->4890K(139264K)], 0.0056608 secs] [Times: user=0.00 sys=0.00, real=0.00 secs] 
2020-11-18T11:06:02.011-0800: 18.489: [Full GC (System.gc()) 2020-11-18T11:06:02.011-0800: 18.489: [CMS: 6846K->6846K(6848K), 0.0038335 secs] 8552K->8525K(9920K), [Metaspace: 4890K->4890K(139264K)], 0.0038862 secs] [Times: user=0.01 sys=0.00, real=0.00 secs] 
2020-11-18T11:06:02.015-0800: 18.493: [GC (CMS Initial Mark) [1 CMS-initial-mark: 6846K(6848K)] 8525K(9920K), 0.0002825 secs] [Times: user=0.00 sys=0.00, real=0.00 secs] 
2020-11-18T11:06:02.015-0800: 18.493: [CMS-concurrent-mark-start]
2020-11-18T11:06:02.016-0800: 18.495: [Full GC (System.gc()) 2020-11-18T11:06:02.016-0800: 18.495: [CMS2020-11-18T11:06:02.018-0800: 18.496: [CMS-concurrent-mark: 0.001/0.003 secs] [Times: user=0.00 sys=0.00, real=0.00 secs] 
 (concurrent mode interrupted): 6846K->6846K(6848K), 0.0053075 secs] 8554K->8528K(9920K), [Metaspace: 4890K->4890K(139264K)], 0.0053532 secs] [Times: user=0.00 sys=0.00, real=0.01 secs] 
2020-11-18T11:06:02.023-0800: 18.501: [Full GC (System.gc()) 2020-11-18T11:06:02.023-0800: 18.501: [CMS: 6846K->6846K(6848K), 0.0039265 secs] 8557K->8530K(9920K), [Metaspace: 4890K->4890K(139264K)], 0.0039837 secs] [Times: user=0.01 sys=0.00, real=0.00 secs] 
2020-11-18T11:06:02.027-0800: 18.505: [GC (CMS Initial Mark) [1 CMS-initial-mark: 6846K(6848K)] 8530K(9920K), 0.0001965 secs] [Times: user=0.00 sys=0.00, real=0.00 secs] 
2020-11-18T11:06:02.027-0800: 18.505: [CMS-concurrent-mark-start]
2020-11-18T11:06:02.028-0800: 18.506: [Full GC (System.gc()) 2020-11-18T11:06:02.028-0800: 18.506: [CMS2020-11-18T11:06:02.029-0800: 18.508: [CMS-concurrent-mark: 0.001/0.002 secs] [Times: user=0.00 sys=0.00, real=0.00 secs] 
 (concurrent mode interrupted): 6846K->6846K(6848K), 0.0057218 secs] 8559K->8533K(9920K), [Metaspace: 4890K->4890K(139264K)], 0.0057734 secs] [Times: user=0.01 sys=0.00, real=0.01 secs] 
2020-11-18T11:06:02.035-0800: 18.514: [Full GC (System.gc()) 2020-11-18T11:06:02.035-0800: 18.514: [CMS: 6846K->6846K(6848K), 0.0037743 secs] 8562K->8535K(9920K), [Metaspace: 4890K->4890K(139264K)], 0.0038206 secs] [Times: user=0.00 sys=0.00, real=0.00 secs] 
2020-11-18T11:06:02.039-0800: 18.518: [GC (CMS Initial Mark) [1 CMS-initial-mark: 6846K(6848K)] 8535K(9920K), 0.0001869 secs] [Times: user=0.00 sys=0.00, real=0.00 secs] 
2020-11-18T11:06:02.039-0800: 18.518: [CMS-concurrent-mark-start]
2020-11-18T11:06:02.040-0800: 18.519: [CMS-concurrent-mark: 0.001/0.001 secs] [Times: user=0.00 sys=0.00, real=0.01 secs] 
2020-11-18T11:06:02.041-0800: 18.519: [Full GC (System.gc()) 2020-11-18T11:06:02.041-0800: 18.519: [CMS (concurrent mode interrupted): 6846K->6846K(6848K), 0.0040598 secs] 8564K->8537K(9920K), [Metaspace: 4890K->4890K(139264K)], 0.0041139 secs] [Times: user=0.01 sys=0.00, real=0.00 secs] 
2020-11-18T11:06:02.046-0800: 18.524: [Full GC (System.gc()) 2020-11-18T11:06:02.046-0800: 18.524: [CMS: 6846K->6846K(6848K), 0.0037538 secs] 8566K->8540K(9920K), [Metaspace: 4890K->4890K(139264K)], 0.0038090 secs] [Times: user=0.00 sys=0.00, real=0.01 secs] 
2020-11-18T11:06:02.050-0800: 18.528: [GC (CMS Initial Mark) [1 CMS-initial-mark: 6846K(6848K)] 8540K(9920K), 0.0002707 secs] [Times: user=0.00 sys=0.00, real=0.00 secs] 
2020-11-18T11:06:02.050-0800: 18.529: [CMS-concurrent-mark-start]
2020-11-18T11:06:02.051-0800: 18.530: [Full GC (System.gc()) 2020-11-18T11:06:02.051-0800: 18.530: [CMS2020-11-18T11:06:02.053-0800: 18.531: [CMS-concurrent-mark: 0.001/0.002 secs] [Times: user=0.01 sys=0.00, real=0.00 secs] 
 (concurrent mode interrupted): 6846K->6846K(6848K), 0.0051448 secs] 8569K->8542K(9920K), [Metaspace: 4890K->4890K(139264K)], 0.0051861 secs] [Times: user=0.00 sys=0.00, real=0.00 secs] 
2020-11-18T11:06:02.058-0800: 18.536: [Full GC (System.gc()) 2020-11-18T11:06:02.058-0800: 18.536: [CMS: 6846K->6846K(6848K), 0.0035435 secs] 8571K->8545K(9920K), [Metaspace: 4890K->4890K(139264K)], 0.0035976 secs] [Times: user=0.00 sys=0.00, real=0.01 secs] 
2020-11-18T11:06:02.061-0800: 18.540: [GC (CMS Initial Mark) [1 CMS-initial-mark: 6846K(6848K)] 8545K(9920K), 0.0002281 secs] [Times: user=0.00 sys=0.00, real=0.00 secs] 
2020-11-18T11:06:02.062-0800: 18.540: [CMS-concurrent-mark-start]
2020-11-18T11:06:02.063-0800: 18.541: [CMS-concurrent-mark: 0.001/0.001 secs] [Times: user=0.01 sys=0.00, real=0.00 secs] 
2020-11-18T11:06:02.063-0800: 18.541: [CMS-concurrent-preclean-start]
2020-11-18T11:06:02.063-0800: 18.541: [Full GC (System.gc()) 2020-11-18T11:06:02.063-0800: 18.541: [CMS2020-11-18T11:06:02.064-0800: 18.542: [CMS-concurrent-preclean: 0.001/0.001 secs] [Times: user=0.00 sys=0.00, real=0.00 secs] 
 (concurrent mode interrupted): 6846K->6846K(6848K), 0.0045945 secs] 8574K->8547K(9920K), [Metaspace: 4890K->4890K(139264K)], 0.0046407 secs] [Times: user=0.00 sys=0.00, real=0.00 secs] 
2020-11-18T11:06:02.069-0800: 18.547: [Full GC (System.gc()) 2020-11-18T11:06:02.069-0800: 18.547: [CMS: 6846K->6846K(6848K), 0.0033669 secs] 8576K->8549K(9920K), [Metaspace: 4890K->4890K(139264K)], 0.0034096 secs] [Times: user=0.00 sys=0.00, real=0.01 secs] 
2020-11-18T11:06:02.072-0800: 18.551: [GC (CMS Initial Mark) [1 CMS-initial-mark: 6846K(6848K)] 8549K(9920K), 0.0001787 secs] [Times: user=0.00 sys=0.00, real=0.00 secs] 
2020-11-18T11:06:02.072-0800: 18.551: [CMS-concurrent-mark-start]
2020-11-18T11:06:02.073-0800: 18.552: [Full GC (System.gc()) 2020-11-18T11:06:02.073-0800: 18.552: [CMS2020-11-18T11:06:02.075-0800: 18.553: [CMS-concurrent-mark: 0.001/0.002 secs] [Times: user=0.01 sys=0.00, real=0.00 secs] 
 (concurrent mode interrupted): 6846K->6846K(6848K), 0.0052475 secs] 8578K->8552K(9920K), [Metaspace: 4890K->4890K(139264K)], 0.0053065 secs] [Times: user=0.00 sys=0.00, real=0.00 secs] 
2020-11-18T11:06:02.080-0800: 18.558: [Full GC (System.gc()) 2020-11-18T11:06:02.080-0800: 18.558: [CMS: 6846K->6846K(6848K), 0.0036265 secs] 8581K->8554K(9920K), [Metaspace: 4890K->4890K(139264K)], 0.0036786 secs] [Times: user=0.01 sys=0.00, real=0.00 secs] 
2020-11-18T11:06:02.084-0800: 18.562: [GC (CMS Initial Mark) [1 CMS-initial-mark: 6846K(6848K)] 8554K(9920K), 0.0002658 secs] [Times: user=0.00 sys=0.00, real=0.00 secs] 
2020-11-18T11:06:02.084-0800: 18.563: [CMS-concurrent-mark-start]
2020-11-18T11:06:02.085-0800: 18.564: [Full GC (System.gc()) 2020-11-18T11:06:02.085-0800: 18.564: [CMS2020-11-18T11:06:02.086-0800: 18.565: [CMS-concurrent-mark: 0.001/0.002 secs] [Times: user=0.00 sys=0.00, real=0.00 secs] 
 (concurrent mode interrupted): 6846K->6846K(6848K), 0.0051422 secs] 8583K->8557K(9920K), [Metaspace: 4890K->4890K(139264K)], 0.0051924 secs] [Times: user=0.00 sys=0.00, real=0.01 secs] 
2020-11-18T11:06:02.092-0800: 18.570: [Full GC (System.gc()) 2020-11-18T11:06:02.092-0800: 18.570: [CMS: 6846K->6846K(6848K), 0.0040967 secs] 8586K->8559K(9920K), [Metaspace: 4890K->4890K(139264K)], 0.0041639 secs] [Times: user=0.01 sys=0.00, real=0.00 secs] 
2020-11-18T11:06:02.096-0800: 18.574: [GC (CMS Initial Mark) [1 CMS-initial-mark: 6846K(6848K)] 8559K(9920K), 0.0002743 secs] [Times: user=0.00 sys=0.00, real=0.00 secs] 
2020-11-18T11:06:02.096-0800: 18.575: [CMS-concurrent-mark-start]
2020-11-18T11:06:02.097-0800: 18.576: [Full GC (System.gc()) 2020-11-18T11:06:02.097-0800: 18.576: [CMS2020-11-18T11:06:02.099-0800: 18.577: [CMS-concurrent-mark: 0.001/0.003 secs] [Times: user=0.00 sys=0.00, real=0.00 secs] 
 (concurrent mode interrupted): 6846K->6846K(6848K), 0.0053340 secs] 8588K->8561K(9920K), [Metaspace: 4890K->4890K(139264K)], 0.0053845 secs] [Times: user=0.01 sys=0.00, real=0.01 secs] 
2020-11-18T11:06:02.104-0800: 18.582: [Full GC (System.gc()) 2020-11-18T11:06:02.104-0800: 18.582: [CMS: 6846K->6846K(6848K), 0.0034286 secs] 8590K->8564K(9920K), [Metaspace: 4890K->4890K(139264K)], 0.0034738 secs] [Times: user=0.00 sys=0.00, real=0.00 secs] 
2020-11-18T11:06:02.107-0800: 18.586: [GC (CMS Initial Mark) [1 CMS-initial-mark: 6846K(6848K)] 8564K(9920K), 0.0002127 secs] [Times: user=0.00 sys=0.00, real=0.00 secs] 
2020-11-18T11:06:02.108-0800: 18.586: [CMS-concurrent-mark-start]
2020-11-18T11:06:02.109-0800: 18.587: [Full GC (System.gc()) 2020-11-18T11:06:02.109-0800: 18.587: [CMS2020-11-18T11:06:02.110-0800: 18.589: [CMS-concurrent-mark: 0.001/0.002 secs] [Times: user=0.00 sys=0.00, real=0.01 secs] 
 (concurrent mode interrupted): 6846K->6846K(6848K), 0.0056194 secs] 8593K->8566K(9920K), [Metaspace: 4890K->4890K(139264K)], 0.0056862 secs] [Times: user=0.01 sys=0.00, real=0.01 secs] 
2020-11-18T11:06:02.116-0800: 18.594: [Full GC (System.gc()) 2020-11-18T11:06:02.116-0800: 18.594: [CMS: 6846K->6846K(6848K), 0.0037031 secs] 8595K->8569K(9920K), [Metaspace: 4890K->4890K(139264K)], 0.0037578 secs] [Times: user=0.00 sys=0.00, real=0.00 secs] 
2020-11-18T11:06:02.120-0800: 18.598: [GC (CMS Initial Mark) [1 CMS-initial-mark: 6846K(6848K)] 8569K(9920K), 0.0001911 secs] [Times: user=0.00 sys=0.00, real=0.00 secs] 
2020-11-18T11:06:02.120-0800: 18.598: [CMS-concurrent-mark-start]
2020-11-18T11:06:02.121-0800: 18.599: [CMS-concurrent-mark: 0.001/0.001 secs] [Times: user=0.00 sys=0.00, real=0.00 secs] 
2020-11-18T11:06:02.121-0800: 18.599: [CMS-concurrent-preclean-start]
2020-11-18T11:06:02.121-0800: 18.599: [Full GC (System.gc()) 2020-11-18T11:06:02.121-0800: 18.599: [CMS2020-11-18T11:06:02.122-0800: 18.600: [CMS-concurrent-preclean: 0.001/0.001 secs] [Times: user=0.00 sys=0.00, real=0.00 secs] 
 (concurrent mode interrupted): 6846K->6846K(6848K), 0.0043179 secs] 8598K->8571K(9920K), [Metaspace: 4890K->4890K(139264K)], 0.0043558 secs] [Times: user=0.01 sys=0.00, real=0.00 secs] 
2020-11-18T11:06:02.127-0800: 18.605: [Full GC (System.gc()) 2020-11-18T11:06:02.127-0800: 18.605: [CMS: 6846K->6846K(6848K), 0.0038444 secs] 8600K->8574K(9920K), [Metaspace: 4890K->4890K(139264K)], 0.0038989 secs] [Times: user=0.00 sys=0.00, real=0.01 secs] 
2020-11-18T11:06:02.131-0800: 18.609: [GC (CMS Initial Mark) [1 CMS-initial-mark: 6846K(6848K)] 8574K(9920K), 0.0002013 secs] [Times: user=0.00 sys=0.00, real=0.00 secs] 
2020-11-18T11:06:02.131-0800: 18.609: [CMS-concurrent-mark-start]
2020-11-18T11:06:02.132-0800: 18.610: [CMS-concurrent-mark: 0.001/0.001 secs] [Times: user=0.01 sys=0.00, real=0.00 secs] 
2020-11-18T11:06:02.132-0800: 18.610: [Full GC (System.gc()) 2020-11-18T11:06:02.132-0800: 18.610: [CMS (concurrent mode interrupted): 6846K->6846K(6848K), 0.0039689 secs] 8603K->8576K(9920K), [Metaspace: 4890K->4890K(139264K)], 0.0040142 secs] [Times: user=0.00 sys=0.00, real=0.00 secs] 
2020-11-18T11:06:02.137-0800: 18.616: [Full GC (System.gc()) 2020-11-18T11:06:02.137-0800: 18.616: [CMS: 6846K->6846K(6848K), 0.0037944 secs] 8605K->8578K(9920K), [Metaspace: 4890K->4890K(139264K)], 0.0038408 secs] [Times: user=0.00 sys=0.00, real=0.01 secs] 
2020-11-18T11:06:02.141-0800: 18.620: [GC (CMS Initial Mark) [1 CMS-initial-mark: 6846K(6848K)] 8578K(9920K), 0.0002715 secs] [Times: user=0.00 sys=0.00, real=0.00 secs] 
2020-11-18T11:06:02.142-0800: 18.620: [CMS-concurrent-mark-start]
2020-11-18T11:06:02.143-0800: 18.621: [Full GC (System.gc()) 2020-11-18T11:06:02.143-0800: 18.621: [CMS2020-11-18T11:06:02.144-0800: 18.623: [CMS-concurrent-mark: 0.001/0.003 secs] [Times: user=0.01 sys=0.00, real=0.00 secs] 
 (concurrent mode interrupted): 6846K->6846K(6848K), 0.0055562 secs] 8607K->8581K(9920K), [Metaspace: 4890K->4890K(139264K)], 0.0056056 secs] [Times: user=0.00 sys=0.00, real=0.00 secs] 
2020-11-18T11:06:02.150-0800: 18.628: [Full GC (System.gc()) 2020-11-18T11:06:02.150-0800: 18.628: [CMS: 6846K->6846K(6848K), 0.0038459 secs] 8610K->8583K(9920K), [Metaspace: 4890K->4890K(139264K)], 0.0038964 secs] [Times: user=0.01 sys=0.00, real=0.00 secs] 
2020-11-18T11:06:02.154-0800: 18.632: [GC (CMS Initial Mark) [1 CMS-initial-mark: 6846K(6848K)] 8583K(9920K), 0.0002178 secs] [Times: user=0.00 sys=0.00, real=0.00 secs] 
2020-11-18T11:06:02.154-0800: 18.632: [CMS-concurrent-mark-start]
2020-11-18T11:06:02.155-0800: 18.634: [CMS-concurrent-mark: 0.001/0.001 secs] [Times: user=0.00 sys=0.00, real=0.00 secs] 
2020-11-18T11:06:02.155-0800: 18.634: [Full GC (System.gc()) 2020-11-18T11:06:02.155-0800: 18.634: [CMS (concurrent mode interrupted): 6846K->6846K(6848K), 0.0035340 secs] 8612K->8586K(9920K), [Metaspace: 4890K->4890K(139264K)], 0.0035731 secs] [Times: user=0.00 sys=0.00, real=0.00 secs] 
2020-11-18T11:06:02.160-0800: 18.639: [Full GC (System.gc()) 2020-11-18T11:06:02.160-0800: 18.639: [CMS: 6846K->6846K(6848K), 0.0038077 secs] 8615K->8588K(9920K), [Metaspace: 4890K->4890K(139264K)], 0.0038568 secs] [Times: user=0.01 sys=0.00, real=0.00 secs] 
2020-11-18T11:06:02.164-0800: 18.643: [GC (CMS Initial Mark) [1 CMS-initial-mark: 6846K(6848K)] 8588K(9920K), 0.0001924 secs] [Times: user=0.00 sys=0.00, real=0.00 secs] 
2020-11-18T11:06:02.164-0800: 18.643: [CMS-concurrent-mark-start]
2020-11-18T11:06:02.165-0800: 18.644: [Full GC (System.gc()) 2020-11-18T11:06:02.165-0800: 18.644: [CMS2020-11-18T11:06:02.167-0800: 18.646: [CMS-concurrent-mark: 0.001/0.003 secs] [Times: user=0.00 sys=0.00, real=0.00 secs] 
 (concurrent mode interrupted): 6846K->6846K(6848K), 0.0055819 secs] 8617K->8590K(9920K), [Metaspace: 4890K->4890K(139264K)], 0.0056340 secs] [Times: user=0.00 sys=0.00, real=0.01 secs] 
2020-11-18T11:06:02.173-0800: 18.651: [Full GC (System.gc()) 2020-11-18T11:06:02.173-0800: 18.651: [CMS: 6846K->6846K(6848K), 0.0042175 secs] 8619K->8593K(9920K), [Metaspace: 4890K->4890K(139264K)], 0.0042948 secs] [Times: user=0.01 sys=0.00, real=0.00 secs] 
2020-11-18T11:06:02.177-0800: 18.655: [GC (CMS Initial Mark) [1 CMS-initial-mark: 6846K(6848K)] 8593K(9920K), 0.0001569 secs] [Times: user=0.00 sys=0.00, real=0.00 secs] 
2020-11-18T11:06:02.177-0800: 18.656: [CMS-concurrent-mark-start]
2020-11-18T11:06:02.179-0800: 18.657: [Full GC (System.gc()) 2020-11-18T11:06:02.179-0800: 18.657: [CMS2020-11-18T11:06:02.180-0800: 18.658: [CMS-concurrent-mark: 0.001/0.003 secs] [Times: user=0.00 sys=0.00, real=0.01 secs] 
 (concurrent mode interrupted): 6846K->6846K(6848K), 0.0050346 secs] 8622K->8595K(9920K), [Metaspace: 4890K->4890K(139264K)], 0.0050886 secs] [Times: user=0.01 sys=0.00, real=0.01 secs] 
2020-11-18T11:06:02.185-0800: 18.664: [Full GC (System.gc()) 2020-11-18T11:06:02.185-0800: 18.664: [CMS: 6846K->6846K(6848K), 0.0040939 secs] 8624K->8598K(9920K), [Metaspace: 4890K->4890K(139264K)], 0.0041680 secs] [Times: user=0.00 sys=0.00, real=0.00 secs] 
2020-11-18T11:06:02.189-0800: 18.668: [GC (CMS Initial Mark) [1 CMS-initial-mark: 6846K(6848K)] 8598K(9920K), 0.0001857 secs] [Times: user=0.00 sys=0.00, real=0.01 secs] 
2020-11-18T11:06:02.190-0800: 18.668: [CMS-concurrent-mark-start]
2020-11-18T11:06:02.191-0800: 18.669: [Full GC (System.gc()) 2020-11-18T11:06:02.191-0800: 18.669: [CMS2020-11-18T11:06:02.192-0800: 18.671: [CMS-concurrent-mark: 0.001/0.003 secs] [Times: user=0.01 sys=0.00, real=0.00 secs] 
 (concurrent mode interrupted): 6846K->6846K(6848K), 0.0059131 secs] 8627K->8600K(9920K), [Metaspace: 4890K->4890K(139264K)], 0.0059665 secs] [Times: user=0.01 sys=0.00, real=0.00 secs] 
2020-11-18T11:06:02.198-0800: 18.676: [Full GC (System.gc()) 2020-11-18T11:06:02.198-0800: 18.676: [CMS: 6846K->6846K(6848K), 0.0037882 secs] 8629K->8603K(9920K), [Metaspace: 4890K->4890K(139264K)], 0.0038385 secs] [Times: user=0.00 sys=0.00, real=0.01 secs] 
2020-11-18T11:06:02.202-0800: 18.680: [GC (CMS Initial Mark) [1 CMS-initial-mark: 6846K(6848K)] 8603K(9920K), 0.0002306 secs] [Times: user=0.00 sys=0.00, real=0.00 secs] 
2020-11-18T11:06:02.202-0800: 18.680: [CMS-concurrent-mark-start]
2020-11-18T11:06:02.203-0800: 18.681: [Full GC (System.gc()) 2020-11-18T11:06:02.203-0800: 18.681: [CMS2020-11-18T11:06:02.204-0800: 18.683: [CMS-concurrent-mark: 0.001/0.002 secs] [Times: user=0.01 sys=0.00, real=0.00 secs] 
 (concurrent mode interrupted): 6846K->6846K(6848K), 0.0054314 secs] 8632K->8605K(9920K), [Metaspace: 4890K->4890K(139264K)], 0.0054896 secs] [Times: user=0.00 sys=0.00, real=0.00 secs] 
2020-11-18T11:06:02.210-0800: 18.688: [Full GC (System.gc()) 2020-11-18T11:06:02.210-0800: 18.688: [CMS: 6846K->6846K(6848K), 0.0041200 secs] 8634K->8607K(9920K), [Metaspace: 4890K->4890K(139264K)], 0.0041796 secs] [Times: user=0.01 sys=0.00, real=0.00 secs] 
2020-11-18T11:06:02.214-0800: 18.692: [GC (CMS Initial Mark) [1 CMS-initial-mark: 6846K(6848K)] 8607K(9920K), 0.0002147 secs] [Times: user=0.00 sys=0.00, real=0.00 secs] 
2020-11-18T11:06:02.214-0800: 18.693: [CMS-concurrent-mark-start]
2020-11-18T11:06:02.215-0800: 18.694: [CMS-concurrent-mark: 0.001/0.001 secs] [Times: user=0.00 sys=0.00, real=0.00 secs] 
2020-11-18T11:06:02.215-0800: 18.694: [Full GC (System.gc()) 2020-11-18T11:06:02.215-0800: 18.694: [CMS (concurrent mode interrupted): 6846K->6846K(6848K), 0.0038085 secs] 8636K->8610K(9920K), [Metaspace: 4890K->4890K(139264K)], 0.0038529 secs] [Times: user=0.00 sys=0.00, real=0.00 secs] 
2020-11-18T11:06:02.221-0800: 18.699: [Full GC (System.gc()) 2020-11-18T11:06:02.221-0800: 18.699: [CMS: 6846K->6846K(6848K), 0.0039778 secs] 8639K->8612K(9920K), [Metaspace: 4890K->4890K(139264K)], 0.0040485 secs] [Times: user=0.01 sys=0.00, real=0.00 secs] 
2020-11-18T11:06:02.225-0800: 18.703: [GC (CMS Initial Mark) [1 CMS-initial-mark: 6846K(6848K)] 8612K(9920K), 0.0001901 secs] [Times: user=0.00 sys=0.00, real=0.00 secs] 
2020-11-18T11:06:02.225-0800: 18.703: [CMS-concurrent-mark-start]
2020-11-18T11:06:02.226-0800: 18.704: [Full GC (System.gc()) 2020-11-18T11:06:02.226-0800: 18.704: [CMS2020-11-18T11:06:02.228-0800: 18.706: [CMS-concurrent-mark: 0.001/0.003 secs] [Times: user=0.00 sys=0.00, real=0.00 secs] 
 (concurrent mode interrupted): 6846K->6846K(6848K), 0.0058188 secs] 8641K->8615K(9920K), [Metaspace: 4890K->4890K(139264K)], 0.0058740 secs] [Times: user=0.00 sys=0.00, real=0.01 secs] 
2020-11-18T11:06:02.233-0800: 18.712: [Full GC (System.gc()) 2020-11-18T11:06:02.233-0800: 18.712: [CMS: 6846K->6846K(6848K), 0.0043735 secs] 8644K->8617K(9920K), [Metaspace: 4890K->4890K(139264K)], 0.0044406 secs] [Times: user=0.00 sys=0.00, real=0.00 secs] 
2020-11-18T11:06:02.238-0800: 18.716: [GC (CMS Initial Mark) [1 CMS-initial-mark: 6846K(6848K)] 8617K(9920K), 0.0002237 secs] [Times: user=0.00 sys=0.00, real=0.00 secs] 
2020-11-18T11:06:02.238-0800: 18.717: [CMS-concurrent-mark-start]
2020-11-18T11:06:02.239-0800: 18.718: [Full GC (System.gc()) 2020-11-18T11:06:02.239-0800: 18.718: [CMS2020-11-18T11:06:02.241-0800: 18.719: [CMS-concurrent-mark: 0.001/0.002 secs] [Times: user=0.00 sys=0.00, real=0.01 secs] 
 (concurrent mode interrupted): 6846K->6846K(6848K), 0.0052650 secs] 8646K->8619K(9920K), [Metaspace: 4890K->4890K(139264K)], 0.0053689 secs] [Times: user=0.01 sys=0.00, real=0.01 secs] 
2020-11-18T11:06:02.246-0800: 18.724: [Full GC (System.gc()) 2020-11-18T11:06:02.246-0800: 18.724: [CMS: 6846K->6846K(6848K), 0.0042543 secs] 8648K->8622K(9920K), [Metaspace: 4890K->4890K(139264K)], 0.0043191 secs] [Times: user=0.00 sys=0.00, real=0.01 secs] 
2020-11-18T11:06:02.250-0800: 18.729: [GC (CMS Initial Mark) [1 CMS-initial-mark: 6846K(6848K)] 8622K(9920K), 0.0001848 secs] [Times: user=0.00 sys=0.00, real=0.00 secs] 
2020-11-18T11:06:02.251-0800: 18.729: [CMS-concurrent-mark-start]
2020-11-18T11:06:02.252-0800: 18.730: [CMS-concurrent-mark: 0.001/0.001 secs] [Times: user=0.00 sys=0.00, real=0.00 secs] 
2020-11-18T11:06:02.252-0800: 18.730: [Full GC (System.gc()) 2020-11-18T11:06:02.252-0800: 18.730: [CMS (concurrent mode interrupted): 6846K->6846K(6848K), 0.0037966 secs] 8651K->8624K(9920K), [Metaspace: 4890K->4890K(139264K)], 0.0038447 secs] [Times: user=0.01 sys=0.00, real=0.00 secs] 
2020-11-18T11:06:02.257-0800: 18.736: [Full GC (System.gc()) 2020-11-18T11:06:02.257-0800: 18.736: [CMS: 6846K->6846K(6848K), 0.0037597 secs] 8653K->8627K(9920K), [Metaspace: 4890K->4890K(139264K)], 0.0038126 secs] [Times: user=0.00 sys=0.00, real=0.01 secs] 
2020-11-18T11:06:02.261-0800: 18.739: [GC (CMS Initial Mark) [1 CMS-initial-mark: 6846K(6848K)] 8627K(9920K), 0.0002077 secs] [Times: user=0.00 sys=0.00, real=0.00 secs] 
2020-11-18T11:06:02.261-0800: 18.740: [CMS-concurrent-mark-start]
2020-11-18T11:06:02.263-0800: 18.741: [CMS-concurrent-mark: 0.001/0.001 secs] [Times: user=0.01 sys=0.00, real=0.00 secs] 
2020-11-18T11:06:02.263-0800: 18.741: [Full GC (System.gc()) 2020-11-18T11:06:02.263-0800: 18.741: [CMS (concurrent mode interrupted): 6846K->6846K(6848K), 0.0034986 secs] 8656K->8629K(9920K), [Metaspace: 4890K->4890K(139264K)], 0.0035329 secs] [Times: user=0.00 sys=0.00, real=0.00 secs] 
2020-11-18T11:06:02.267-0800: 18.746: [Full GC (System.gc()) 2020-11-18T11:06:02.267-0800: 18.746: [CMS: 6846K->6846K(6848K), 0.0034276 secs] 8658K->8631K(9920K), [Metaspace: 4890K->4890K(139264K)], 0.0034757 secs] [Times: user=0.00 sys=0.00, real=0.01 secs] 
2020-11-18T11:06:02.271-0800: 18.749: [GC (CMS Initial Mark) [1 CMS-initial-mark: 6846K(6848K)] 8631K(9920K), 0.0001751 secs] [Times: user=0.00 sys=0.00, real=0.00 secs] 
2020-11-18T11:06:02.271-0800: 18.750: [CMS-concurrent-mark-start]
2020-11-18T11:06:02.272-0800: 18.751: [Full GC (System.gc()) 2020-11-18T11:06:02.272-0800: 18.751: [CMS2020-11-18T11:06:02.274-0800: 18.752: [CMS-concurrent-mark: 0.001/0.002 secs] [Times: user=0.01 sys=0.00, real=0.00 secs] 
 (concurrent mode interrupted): 6846K->6846K(6848K), 0.0048084 secs] 8660K->8634K(9920K), [Metaspace: 4890K->4890K(139264K)], 0.0048486 secs] [Times: user=0.00 sys=0.00, real=0.00 secs] 
2020-11-18T11:06:02.278-0800: 18.757: [Full GC (System.gc()) 2020-11-18T11:06:02.278-0800: 18.757: [CMS: 6846K->6846K(6848K), 0.0032066 secs] 8663K->8636K(9920K), [Metaspace: 4890K->4890K(139264K)], 0.0032466 secs] [Times: user=0.00 sys=0.00, real=0.01 secs] 
2020-11-18T11:06:02.282-0800: 18.760: [GC (CMS Initial Mark) [1 CMS-initial-mark: 6846K(6848K)] 8636K(9920K), 0.0001862 secs] [Times: user=0.00 sys=0.00, real=0.00 secs] 
2020-11-18T11:06:02.282-0800: 18.760: [CMS-concurrent-mark-start]
2020-11-18T11:06:02.283-0800: 18.761: [CMS-concurrent-mark: 0.001/0.001 secs] [Times: user=0.01 sys=0.00, real=0.00 secs] 
2020-11-18T11:06:02.283-0800: 18.761: [Full GC (System.gc()) 2020-11-18T11:06:02.283-0800: 18.761: [CMS (concurrent mode interrupted): 6846K->6846K(6848K), 0.0031684 secs] 8665K->8639K(9920K), [Metaspace: 4890K->4890K(139264K)], 0.0032031 secs] [Times: user=0.00 sys=0.00, real=0.00 secs] 
2020-11-18T11:06:02.288-0800: 18.766: [Full GC (System.gc()) 2020-11-18T11:06:02.288-0800: 18.766: [CMS: 6846K->6846K(6848K), 0.0031974 secs] 8668K->8641K(9920K), [Metaspace: 4890K->4890K(139264K)], 0.0032360 secs] [Times: user=0.00 sys=0.00, real=0.01 secs] 
2020-11-18T11:06:02.291-0800: 18.769: [GC (CMS Initial Mark) [1 CMS-initial-mark: 6846K(6848K)] 8641K(9920K), 0.0001527 secs] [Times: user=0.00 sys=0.00, real=0.00 secs] 
2020-11-18T11:06:02.291-0800: 18.769: [CMS-concurrent-mark-start]
2020-11-18T11:06:02.292-0800: 18.771: [CMS-concurrent-mark: 0.001/0.001 secs] [Times: user=0.01 sys=0.00, real=0.00 secs] 
2020-11-18T11:06:02.292-0800: 18.771: [Full GC (System.gc()) 2020-11-18T11:06:02.292-0800: 18.771: [CMS (concurrent mode interrupted): 6846K->6846K(6848K), 0.0031717 secs] 8670K->8644K(9920K), [Metaspace: 4890K->4890K(139264K)], 0.0032050 secs] [Times: user=0.00 sys=0.00, real=0.00 secs] 
2020-11-18T11:06:02.297-0800: 18.775: [Full GC (System.gc()) 2020-11-18T11:06:02.297-0800: 18.775: [CMS: 6846K->6846K(6848K), 0.0033500 secs] 8673K->8646K(9920K), [Metaspace: 4890K->4890K(139264K)], 0.0033949 secs] [Times: user=0.00 sys=0.00, real=0.01 secs] 
2020-11-18T11:06:02.300-0800: 18.779: [GC (CMS Initial Mark) [1 CMS-initial-mark: 6846K(6848K)] 8646K(9920K), 0.0001727 secs] [Times: user=0.00 sys=0.00, real=0.00 secs] 
2020-11-18T11:06:02.301-0800: 18.779: [CMS-concurrent-mark-start]
2020-11-18T11:06:02.302-0800: 18.780: [CMS-concurrent-mark: 0.001/0.001 secs] [Times: user=0.01 sys=0.00, real=0.00 secs] 
2020-11-18T11:06:02.302-0800: 18.780: [CMS-concurrent-preclean-start]
2020-11-18T11:06:02.302-0800: 18.780: [Full GC (System.gc()) 2020-11-18T11:06:02.302-0800: 18.780: [CMS2020-11-18T11:06:02.302-0800: 18.781: [CMS-concurrent-preclean: 0.001/0.001 secs] [Times: user=0.00 sys=0.00, real=0.00 secs] 
 (concurrent mode interrupted): 6846K->6846K(6848K), 0.0040246 secs] 8675K->8648K(9920K), [Metaspace: 4890K->4890K(139264K)], 0.0040633 secs] [Times: user=0.00 sys=0.00, real=0.00 secs] 
2020-11-18T11:06:02.307-0800: 18.786: [Full GC (System.gc()) 2020-11-18T11:06:02.307-0800: 18.786: [CMS: 6846K->6846K(6848K), 0.0031798 secs] 8677K->8651K(9920K), [Metaspace: 4890K->4890K(139264K)], 0.0032232 secs] [Times: user=0.00 sys=0.00, real=0.01 secs] 
2020-11-18T11:06:02.310-0800: 18.789: [GC (CMS Initial Mark) [1 CMS-initial-mark: 6846K(6848K)] 8651K(9920K), 0.0002419 secs] [Times: user=0.00 sys=0.00, real=0.00 secs] 
2020-11-18T11:06:02.311-0800: 18.789: [CMS-concurrent-mark-start]
2020-11-18T11:06:02.312-0800: 18.790: [CMS-concurrent-mark: 0.001/0.001 secs] [Times: user=0.01 sys=0.00, real=0.00 secs] 
2020-11-18T11:06:02.312-0800: 18.790: [Full GC (System.gc()) 2020-11-18T11:06:02.312-0800: 18.790: [CMS (concurrent mode interrupted): 6846K->6846K(6848K), 0.0031660 secs] 8680K->8653K(9920K), [Metaspace: 4890K->4890K(139264K)], 0.0031976 secs] [Times: user=0.00 sys=0.00, real=0.00 secs] 
2020-11-18T11:06:02.316-0800: 18.795: [Full GC (System.gc()) 2020-11-18T11:06:02.317-0800: 18.795: [CMS: 6846K->6846K(6848K), 0.0034515 secs] 8682K->8656K(9920K), [Metaspace: 4890K->4890K(139264K)], 0.0035057 secs] [Times: user=0.00 sys=0.00, real=0.01 secs] 
2020-11-18T11:06:02.320-0800: 18.799: [GC (CMS Initial Mark) [1 CMS-initial-mark: 6846K(6848K)] 8656K(9920K), 0.0002127 secs] [Times: user=0.00 sys=0.00, real=0.00 secs] 
2020-11-18T11:06:02.320-0800: 18.799: [CMS-concurrent-mark-start]
2020-11-18T11:06:02.322-0800: 18.800: [CMS-concurrent-mark: 0.001/0.001 secs] [Times: user=0.01 sys=0.00, real=0.00 secs] 
2020-11-18T11:06:02.322-0800: 18.800: [Full GC (System.gc()) 2020-11-18T11:06:02.322-0800: 18.800: [CMS (concurrent mode interrupted): 6846K->6846K(6848K), 0.0035835 secs] 8685K->8658K(9920K), [Metaspace: 4890K->4890K(139264K)], 0.0036318 secs] [Times: user=0.00 sys=0.00, real=0.00 secs] 
2020-11-18T11:06:02.326-0800: 18.805: [Full GC (System.gc()) 2020-11-18T11:06:02.326-0800: 18.805: [CMS: 6846K->6846K(6848K), 0.0044187 secs] 8687K->8660K(9920K), [Metaspace: 4890K->4890K(139264K)], 0.0044821 secs] [Times: user=0.01 sys=0.00, real=0.01 secs] 
2020-11-18T11:06:02.331-0800: 18.809: [GC (CMS Initial Mark) [1 CMS-initial-mark: 6846K(6848K)] 8660K(9920K), 0.0002383 secs] [Times: user=0.00 sys=0.00, real=0.00 secs] 
2020-11-18T11:06:02.331-0800: 18.810: [CMS-concurrent-mark-start]
2020-11-18T11:06:02.332-0800: 18.811: [CMS-concurrent-mark: 0.001/0.001 secs] [Times: user=0.00 sys=0.00, real=0.00 secs] 
2020-11-18T11:06:02.332-0800: 18.811: [Full GC (System.gc()) 2020-11-18T11:06:02.332-0800: 18.811: [CMS (concurrent mode interrupted): 6846K->6846K(6848K), 0.0035968 secs] 8689K->8663K(9920K), [Metaspace: 4890K->4890K(139264K)], 0.0036438 secs] [Times: user=0.00 sys=0.00, real=0.00 secs] 
2020-11-18T11:06:02.337-0800: 18.816: [Full GC (System.gc()) 2020-11-18T11:06:02.337-0800: 18.816: [CMS: 6846K->6846K(6848K), 0.0032815 secs] 8692K->8665K(9920K), [Metaspace: 4890K->4890K(139264K)], 0.0033214 secs] [Times: user=0.01 sys=0.00, real=0.01 secs] 
2020-11-18T11:06:02.341-0800: 18.819: [GC (CMS Initial Mark) [1 CMS-initial-mark: 6846K(6848K)] 8665K(9920K), 0.0001661 secs] [Times: user=0.00 sys=0.00, real=0.00 secs] 
2020-11-18T11:06:02.341-0800: 18.819: [CMS-concurrent-mark-start]
2020-11-18T11:06:02.342-0800: 18.821: [CMS-concurrent-mark: 0.001/0.001 secs] [Times: user=0.00 sys=0.00, real=0.00 secs] 
2020-11-18T11:06:02.342-0800: 18.821: [Full GC (System.gc()) 2020-11-18T11:06:02.342-0800: 18.821: [CMS (concurrent mode interrupted): 6846K->6846K(6848K), 0.0034165 secs] 8694K->8668K(9920K), [Metaspace: 4890K->4890K(139264K)], 0.0034622 secs] [Times: user=0.00 sys=0.00, real=0.00 secs] 
2020-11-18T11:06:02.347-0800: 18.826: [Full GC (System.gc()) 2020-11-18T11:06:02.347-0800: 18.826: [CMS: 6846K->6846K(6848K), 0.0039293 secs] 8697K->8670K(9920K), [Metaspace: 4890K->4890K(139264K)], 0.0040050 secs] [Times: user=0.01 sys=0.00, real=0.01 secs] 
2020-11-18T11:06:02.351-0800: 18.830: [GC (CMS Initial Mark) [1 CMS-initial-mark: 6846K(6848K)] 8670K(9920K), 0.0002419 secs] [Times: user=0.00 sys=0.00, real=0.00 secs] 
2020-11-18T11:06:02.352-0800: 18.830: [CMS-concurrent-mark-start]
2020-11-18T11:06:02.353-0800: 18.831: [Full GC (System.gc()) 2020-11-18T11:06:02.353-0800: 18.831: [CMS2020-11-18T11:06:02.354-0800: 18.833: [CMS-concurrent-mark: 0.001/0.003 secs] [Times: user=0.00 sys=0.00, real=0.00 secs] 
 (concurrent mode interrupted): 6846K->6846K(6848K), 0.0054591 secs] 8699K->8673K(9920K), [Metaspace: 4890K->4890K(139264K)], 0.0055111 secs] [Times: user=0.00 sys=0.00, real=0.00 secs] 
2020-11-18T11:06:02.359-0800: 18.838: [Full GC (System.gc()) 2020-11-18T11:06:02.359-0800: 18.838: [CMS: 6846K->6846K(6848K), 0.0037888 secs] 8702K->8675K(9920K), [Metaspace: 4890K->4890K(139264K)], 0.0038392 secs] [Times: user=0.01 sys=0.00, real=0.01 secs] 
2020-11-18T11:06:02.363-0800: 18.842: [GC (CMS Initial Mark) [1 CMS-initial-mark: 6846K(6848K)] 8675K(9920K), 0.0002092 secs] [Times: user=0.00 sys=0.00, real=0.00 secs] 
2020-11-18T11:06:02.363-0800: 18.842: [CMS-concurrent-mark-start]
2020-11-18T11:06:02.365-0800: 18.843: [CMS-concurrent-mark: 0.001/0.001 secs] [Times: user=0.00 sys=0.00, real=0.00 secs] 
2020-11-18T11:06:02.365-0800: 18.843: [Full GC (System.gc()) 2020-11-18T11:06:02.365-0800: 18.843: [CMS (concurrent mode interrupted): 6846K->6846K(6848K), 0.0037440 secs] 8704K->8677K(9920K), [Metaspace: 4890K->4890K(139264K)], 0.0037905 secs] [Times: user=0.01 sys=0.00, real=0.00 secs] 
2020-11-18T11:06:02.370-0800: 18.848: [Full GC (System.gc()) 2020-11-18T11:06:02.370-0800: 18.849: [CMS: 6846K->6846K(6848K), 0.0037483 secs] 8706K->8680K(9920K), [Metaspace: 4890K->4890K(139264K)], 0.0037970 secs] [Times: user=0.00 sys=0.00, real=0.00 secs] 
2020-11-18T11:06:02.374-0800: 18.852: [GC (CMS Initial Mark) [1 CMS-initial-mark: 6846K(6848K)] 8680K(9920K), 0.0002108 secs] [Times: user=0.00 sys=0.00, real=0.00 secs] 
2020-11-18T11:06:02.374-0800: 18.853: [CMS-concurrent-mark-start]
2020-11-18T11:06:02.375-0800: 18.854: [CMS-concurrent-mark: 0.001/0.001 secs] [Times: user=0.00 sys=0.00, real=0.00 secs] 
2020-11-18T11:06:02.375-0800: 18.854: [CMS-concurrent-preclean-start]
2020-11-18T11:06:02.375-0800: 18.854: [Full GC (System.gc()) 2020-11-18T11:06:02.375-0800: 18.854: [CMS2020-11-18T11:06:02.376-0800: 18.855: [CMS-concurrent-preclean: 0.001/0.001 secs] [Times: user=0.00 sys=0.01, real=0.00 secs] 
 (concurrent mode interrupted): 6846K->6846K(6848K), 0.0046941 secs] 8709K->8682K(9920K), [Metaspace: 4890K->4890K(139264K)], 0.0047479 secs] [Times: user=0.01 sys=0.01, real=0.01 secs] 
2020-11-18T11:06:02.382-0800: 18.860: [Full GC (System.gc()) 2020-11-18T11:06:02.382-0800: 18.860: [CMS: 6846K->6846K(6848K), 0.0036833 secs] 8711K->8685K(9920K), [Metaspace: 4890K->4890K(139264K)], 0.0037314 secs] [Times: user=0.00 sys=0.00, real=0.00 secs] 
2020-11-18T11:06:02.385-0800: 18.864: [GC (CMS Initial Mark) [1 CMS-initial-mark: 6846K(6848K)] 8685K(9920K), 0.0001931 secs] [Times: user=0.00 sys=0.00, real=0.00 secs] 
2020-11-18T11:06:02.386-0800: 18.864: [CMS-concurrent-mark-start]
2020-11-18T11:06:02.387-0800: 18.865: [CMS-concurrent-mark: 0.001/0.001 secs] [Times: user=0.01 sys=0.00, real=0.00 secs] 
2020-11-18T11:06:02.387-0800: 18.865: [Full GC (System.gc()) 2020-11-18T11:06:02.387-0800: 18.865: [CMS (concurrent mode interrupted): 6846K->6846K(6848K), 0.0035491 secs] 8714K->8687K(9920K), [Metaspace: 4890K->4890K(139264K)], 0.0036019 secs] [Times: user=0.00 sys=0.00, real=0.01 secs] 
2020-11-18T11:06:02.392-0800: 18.870: [Full GC (System.gc()) 2020-11-18T11:06:02.392-0800: 18.870: [CMS: 6846K->6846K(6848K), 0.0036734 secs] 8716K->8689K(9920K), [Metaspace: 4890K->4890K(139264K)], 0.0037212 secs] [Times: user=0.00 sys=0.00, real=0.00 secs] 
2020-11-18T11:06:02.396-0800: 18.874: [GC (CMS Initial Mark) [1 CMS-initial-mark: 6846K(6848K)] 8689K(9920K), 0.0001907 secs] [Times: user=0.00 sys=0.00, real=0.00 secs] 
2020-11-18T11:06:02.396-0800: 18.874: [CMS-concurrent-mark-start]
2020-11-18T11:06:02.397-0800: 18.875: [Full GC (System.gc()) 2020-11-18T11:06:02.397-0800: 18.875: [CMS2020-11-18T11:06:02.398-0800: 18.877: [CMS-concurrent-mark: 0.001/0.003 secs] [Times: user=0.01 sys=0.00, real=0.00 secs] 
 (concurrent mode interrupted): 6846K->6846K(6848K), 0.0061940 secs] 8718K->8692K(9920K), [Metaspace: 4890K->4890K(139264K)], 0.0062722 secs] [Times: user=0.00 sys=0.00, real=0.01 secs] 
2020-11-18T11:06:02.404-0800: 18.883: [Full GC (System.gc()) 2020-11-18T11:06:02.404-0800: 18.883: [CMS: 6846K->6846K(6848K), 0.0040099 secs] 8721K->8694K(9920K), [Metaspace: 4890K->4890K(139264K)], 0.0040724 secs] [Times: user=0.01 sys=0.00, real=0.00 secs] 
2020-11-18T11:06:02.408-0800: 18.887: [GC (CMS Initial Mark) [1 CMS-initial-mark: 6846K(6848K)] 8694K(9920K), 0.0003722 secs] [Times: user=0.00 sys=0.00, real=0.00 secs] 
2020-11-18T11:06:02.409-0800: 18.887: [CMS-concurrent-mark-start]
2020-11-18T11:06:02.410-0800: 18.888: [Full GC (System.gc()) 2020-11-18T11:06:02.410-0800: 18.888: [CMS2020-11-18T11:06:02.412-0800: 18.890: [CMS-concurrent-mark: 0.002/0.003 secs] [Times: user=0.00 sys=0.00, real=0.01 secs] 
 (concurrent mode interrupted): 6846K->6846K(6848K), 0.0066107 secs] 8723K->8697K(9920K), [Metaspace: 4890K->4890K(139264K)], 0.0066746 secs] [Times: user=0.01 sys=0.00, real=0.00 secs] 
2020-11-18T11:06:02.417-0800: 18.896: [Full GC (System.gc()) 2020-11-18T11:06:02.418-0800: 18.896: [CMS: 6846K->6846K(6848K), 0.0035986 secs] 8726K->8699K(9920K), [Metaspace: 4890K->4890K(139264K)], 0.0036446 secs] [Times: user=0.00 sys=0.00, real=0.01 secs] 
2020-11-18T11:06:02.421-0800: 18.900: [GC (CMS Initial Mark) [1 CMS-initial-mark: 6846K(6848K)] 8699K(9920K), 0.0001995 secs] [Times: user=0.00 sys=0.00, real=0.00 secs] 
2020-11-18T11:06:02.421-0800: 18.900: [CMS-concurrent-mark-start]
2020-11-18T11:06:02.422-0800: 18.901: [Full GC (System.gc()) 2020-11-18T11:06:02.422-0800: 18.901: [CMS2020-11-18T11:06:02.424-0800: 18.902: [CMS-concurrent-mark: 0.001/0.003 secs] [Times: user=0.00 sys=0.00, real=0.00 secs] 
 (concurrent mode interrupted): 6846K->6846K(6848K), 0.0053625 secs] 8728K->8701K(9920K), [Metaspace: 4890K->4890K(139264K)], 0.0054149 secs] [Times: user=0.01 sys=0.00, real=0.00 secs] 
2020-11-18T11:06:02.429-0800: 18.908: [Full GC (System.gc()) 2020-11-18T11:06:02.429-0800: 18.908: [CMS: 6846K->6846K(6848K), 0.0035625 secs] 8731K->8704K(9920K), [Metaspace: 4890K->4890K(139264K)], 0.0036446 secs] [Times: user=0.00 sys=0.00, real=0.01 secs] 
2020-11-18T11:06:02.433-0800: 18.911: [GC (CMS Initial Mark) [1 CMS-initial-mark: 6846K(6848K)] 8704K(9920K), 0.0002018 secs] [Times: user=0.00 sys=0.00, real=0.00 secs] 
2020-11-18T11:06:02.433-0800: 18.912: [CMS-concurrent-mark-start]
2020-11-18T11:06:02.434-0800: 18.913: [Full GC (System.gc()) 2020-11-18T11:06:02.434-0800: 18.913: [CMS2020-11-18T11:06:02.436-0800: 18.914: [CMS-concurrent-mark: 0.001/0.002 secs] [Times: user=0.00 sys=0.00, real=0.00 secs] 
 (concurrent mode interrupted): 6846K->6846K(6848K), 0.0051446 secs] 8733K->8706K(9920K), [Metaspace: 4890K->4890K(139264K)], 0.0051981 secs] [Times: user=0.01 sys=0.00, real=0.00 secs] 
2020-11-18T11:06:02.441-0800: 18.919: [Full GC (System.gc()) 2020-11-18T11:06:02.441-0800: 18.919: [CMS: 6846K->6846K(6848K), 0.0034129 secs] 8735K->8709K(9920K), [Metaspace: 4890K->4890K(139264K)], 0.0034546 secs] [Times: user=0.00 sys=0.00, real=0.00 secs] 
2020-11-18T11:06:02.444-0800: 18.923: [GC (CMS Initial Mark) [1 CMS-initial-mark: 6846K(6848K)] 8709K(9920K), 0.0001983 secs] [Times: user=0.00 sys=0.00, real=0.00 secs] 
2020-11-18T11:06:02.445-0800: 18.923: [CMS-concurrent-mark-start]
2020-11-18T11:06:02.446-0800: 18.924: [Full GC (System.gc()) 2020-11-18T11:06:02.446-0800: 18.924: [CMS2020-11-18T11:06:02.447-0800: 18.926: [CMS-concurrent-mark: 0.001/0.003 secs] [Times: user=0.01 sys=0.00, real=0.00 secs] 
 (concurrent mode interrupted): 6846K->6846K(6848K), 0.0051161 secs] 8738K->8711K(9920K), [Metaspace: 4890K->4890K(139264K)], 0.0051656 secs] [Times: user=0.01 sys=0.00, real=0.01 secs] 
2020-11-18T11:06:02.452-0800: 18.931: [Full GC (System.gc()) 2020-11-18T11:06:02.452-0800: 18.931: [CMS: 6846K->6846K(6848K), 0.0038112 secs] 8740K->8714K(9920K), [Metaspace: 4890K->4890K(139264K)], 0.0038663 secs] [Times: user=0.00 sys=0.00, real=0.00 secs] 
2020-11-18T11:06:02.456-0800: 18.935: [GC (CMS Initial Mark) [1 CMS-initial-mark: 6846K(6848K)] 8714K(9920K), 0.0001927 secs] [Times: user=0.00 sys=0.00, real=0.00 secs] 
2020-11-18T11:06:02.456-0800: 18.935: [CMS-concurrent-mark-start]
2020-11-18T11:06:02.457-0800: 18.936: [Full GC (System.gc()) 2020-11-18T11:06:02.458-0800: 18.936: [CMS2020-11-18T11:06:02.459-0800: 18.937: [CMS-concurrent-mark: 0.001/0.002 secs] [Times: user=0.01 sys=0.00, real=0.00 secs] 
 (concurrent mode interrupted): 6846K->6846K(6848K), 0.0049519 secs] 8743K->8716K(9920K), [Metaspace: 4890K->4890K(139264K)], 0.0050063 secs] [Times: user=0.00 sys=0.00, real=0.01 secs] 
2020-11-18T11:06:02.464-0800: 18.942: [Full GC (System.gc()) 2020-11-18T11:06:02.464-0800: 18.942: [CMS: 6846K->6846K(6848K), 0.0038106 secs] 8745K->8718K(9920K), [Metaspace: 4890K->4890K(139264K)], 0.0038634 secs] [Times: user=0.00 sys=0.00, real=0.00 secs] 
2020-11-18T11:06:02.468-0800: 18.946: [GC (CMS Initial Mark) [1 CMS-initial-mark: 6846K(6848K)] 8718K(9920K), 0.0003454 secs] [Times: user=0.00 sys=0.00, real=0.00 secs] 
2020-11-18T11:06:02.468-0800: 18.947: [CMS-concurrent-mark-start]
2020-11-18T11:06:02.469-0800: 18.948: [Full GC (System.gc()) 2020-11-18T11:06:02.469-0800: 18.948: [CMS2020-11-18T11:06:02.470-0800: 18.949: [CMS-concurrent-mark: 0.001/0.002 secs] [Times: user=0.01 sys=0.00, real=0.01 secs] 
 (concurrent mode interrupted): 6846K->6846K(6848K), 0.0051192 secs] 8747K->8721K(9920K), [Metaspace: 4890K->4890K(139264K)], 0.0051656 secs] [Times: user=0.00 sys=0.00, real=0.01 secs] 
2020-11-18T11:06:02.476-0800: 18.954: [Full GC (System.gc()) 2020-11-18T11:06:02.476-0800: 18.954: [CMS: 6846K->6846K(6848K), 0.0040757 secs] 8750K->8723K(9920K), [Metaspace: 4890K->4890K(139264K)], 0.0041583 secs] [Times: user=0.01 sys=0.00, real=0.01 secs] 
2020-11-18T11:06:02.480-0800: 18.958: [GC (CMS Initial Mark) [1 CMS-initial-mark: 6846K(6848K)] 8723K(9920K), 0.0002512 secs] [Times: user=0.00 sys=0.00, real=0.00 secs] 
2020-11-18T11:06:02.480-0800: 18.959: [CMS-concurrent-mark-start]
2020-11-18T11:06:02.481-0800: 18.960: [Full GC (System.gc()) 2020-11-18T11:06:02.481-0800: 18.960: [CMS2020-11-18T11:06:02.483-0800: 18.961: [CMS-concurrent-mark: 0.001/0.003 secs] [Times: user=0.00 sys=0.00, real=0.00 secs] 
 (concurrent mode interrupted): 6846K->6846K(6848K), 0.0054847 secs] 8752K->8726K(9920K), [Metaspace: 4890K->4890K(139264K)], 0.0055282 secs] [Times: user=0.00 sys=0.00, real=0.00 secs] 
2020-11-18T11:06:02.488-0800: 18.966: [Full GC (System.gc()) 2020-11-18T11:06:02.488-0800: 18.966: [CMS: 6846K->6846K(6848K), 0.0033972 secs] 8755K->8728K(9920K), [Metaspace: 4890K->4890K(139264K)], 0.0034364 secs] [Times: user=0.01 sys=0.00, real=0.01 secs] 
2020-11-18T11:06:02.491-0800: 18.970: [GC (CMS Initial Mark) [1 CMS-initial-mark: 6846K(6848K)] 8728K(9920K), 0.0001989 secs] [Times: user=0.00 sys=0.00, real=0.00 secs] 
2020-11-18T11:06:02.492-0800: 18.970: [CMS-concurrent-mark-start]
2020-11-18T11:06:02.493-0800: 18.971: [Full GC (System.gc()) 2020-11-18T11:06:02.493-0800: 18.971: [CMS2020-11-18T11:06:02.494-0800: 18.973: [CMS-concurrent-mark: 0.001/0.002 secs] [Times: user=0.00 sys=0.00, real=0.00 secs] 
 (concurrent mode interrupted): 6846K->6846K(6848K), 0.0053296 secs] 8757K->8730K(9920K), [Metaspace: 4890K->4890K(139264K)], 0.0053806 secs] [Times: user=0.00 sys=0.00, real=0.00 secs] 
2020-11-18T11:06:02.500-0800: 18.978: [Full GC (System.gc()) 2020-11-18T11:06:02.500-0800: 18.978: [CMS: 6846K->6846K(6848K), 0.0034597 secs] 8759K->8733K(9920K), [Metaspace: 4890K->4890K(139264K)], 0.0035040 secs] [Times: user=0.01 sys=0.00, real=0.00 secs] 
2020-11-18T11:06:02.503-0800: 18.982: [GC (CMS Initial Mark) [1 CMS-initial-mark: 6846K(6848K)] 8733K(9920K), 0.0002372 secs] [Times: user=0.00 sys=0.00, real=0.00 secs] 
2020-11-18T11:06:02.503-0800: 18.982: [CMS-concurrent-mark-start]
2020-11-18T11:06:02.505-0800: 18.983: [Full GC (System.gc()) 2020-11-18T11:06:02.505-0800: 18.983: [CMS2020-11-18T11:06:02.506-0800: 18.984: [CMS-concurrent-mark: 0.001/0.002 secs] [Times: user=0.00 sys=0.00, real=0.00 secs] 
 (concurrent mode interrupted): 6846K->6846K(6848K), 0.0052883 secs] 8762K->8735K(9920K), [Metaspace: 4890K->4890K(139264K)], 0.0053338 secs] [Times: user=0.01 sys=0.00, real=0.01 secs] 
2020-11-18T11:06:02.511-0800: 18.990: [Full GC (System.gc()) 2020-11-18T11:06:02.511-0800: 18.990: [CMS: 6846K->6846K(6848K), 0.0035945 secs] 8764K->8738K(9920K), [Metaspace: 4890K->4890K(139264K)], 0.0036429 secs] [Times: user=0.00 sys=0.00, real=0.00 secs] 
2020-11-18T11:06:02.515-0800: 18.993: [GC (CMS Initial Mark) [1 CMS-initial-mark: 6846K(6848K)] 8738K(9920K), 0.0001932 secs] [Times: user=0.00 sys=0.00, real=0.00 secs] 
2020-11-18T11:06:02.515-0800: 18.994: [CMS-concurrent-mark-start]
2020-11-18T11:06:02.516-0800: 18.995: [Full GC (System.gc()) 2020-11-18T11:06:02.516-0800: 18.995: [CMS2020-11-18T11:06:02.517-0800: 18.996: [CMS-concurrent-mark: 0.001/0.002 secs] [Times: user=0.00 sys=0.00, real=0.00 secs] 
 (concurrent mode interrupted): 6846K->6846K(6848K), 0.0050324 secs] 8767K->8740K(9920K), [Metaspace: 4890K->4890K(139264K)], 0.0050705 secs] [Times: user=0.01 sys=0.00, real=0.01 secs] 
2020-11-18T11:06:02.523-0800: 19.001: [Full GC (System.gc()) 2020-11-18T11:06:02.523-0800: 19.001: [CMS: 6846K->6846K(6848K), 0.0033812 secs] 8769K->8743K(9920K), [Metaspace: 4890K->4890K(139264K)], 0.0034218 secs] [Times: user=0.00 sys=0.00, real=0.00 secs] 
2020-11-18T11:06:02.526-0800: 19.004: [GC (CMS Initial Mark) [1 CMS-initial-mark: 6846K(6848K)] 8743K(9920K), 0.0002262 secs] [Times: user=0.00 sys=0.00, real=0.00 secs] 
2020-11-18T11:06:02.526-0800: 19.005: [CMS-concurrent-mark-start]
2020-11-18T11:06:02.528-0800: 19.006: [Full GC (System.gc()) 2020-11-18T11:06:02.528-0800: 19.006: [CMS2020-11-18T11:06:02.529-0800: 19.007: [CMS-concurrent-mark: 0.001/0.002 secs] [Times: user=0.00 sys=0.00, real=0.00 secs] 
 (concurrent mode interrupted): 6846K->6846K(6848K), 0.0055778 secs] 8772K->8745K(9920K), [Metaspace: 4890K->4890K(139264K)], 0.0056363 secs] [Times: user=0.01 sys=0.00, real=0.01 secs] 
2020-11-18T11:06:02.535-0800: 19.013: [Full GC (System.gc()) 2020-11-18T11:06:02.535-0800: 19.013: [CMS: 6846K->6846K(6848K), 0.0044154 secs] 8774K->8747K(9920K), [Metaspace: 4890K->4890K(139264K)], 0.0044885 secs] [Times: user=0.00 sys=0.00, real=0.00 secs] 
2020-11-18T11:06:02.539-0800: 19.018: [GC (CMS Initial Mark) [1 CMS-initial-mark: 6846K(6848K)] 8747K(9920K), 0.0002062 secs] [Times: user=0.00 sys=0.00, real=0.01 secs] 
2020-11-18T11:06:02.540-0800: 19.018: [CMS-concurrent-mark-start]
2020-11-18T11:06:02.541-0800: 19.019: [Full GC (System.gc()) 2020-11-18T11:06:02.541-0800: 19.019: [CMS2020-11-18T11:06:02.542-0800: 19.020: [CMS-concurrent-mark: 0.001/0.002 secs] [Times: user=0.01 sys=0.00, real=0.00 secs] 
 (concurrent mode interrupted): 6846K->6846K(6848K), 0.0052426 secs] 8776K->8750K(9920K), [Metaspace: 4890K->4890K(139264K)], 0.0052956 secs] [Times: user=0.00 sys=0.00, real=0.00 secs] 
2020-11-18T11:06:02.548-0800: 19.026: [Full GC (System.gc()) 2020-11-18T11:06:02.548-0800: 19.026: [CMS: 6846K->6846K(6848K), 0.0044163 secs] 8779K->8752K(9920K), [Metaspace: 4890K->4890K(139264K)], 0.0045074 secs] [Times: user=0.01 sys=0.00, real=0.01 secs] 
2020-11-18T11:06:02.552-0800: 19.031: [GC (CMS Initial Mark) [1 CMS-initial-mark: 6846K(6848K)] 8752K(9920K), 0.0002101 secs] [Times: user=0.00 sys=0.00, real=0.00 secs] 
2020-11-18T11:06:02.553-0800: 19.031: [CMS-concurrent-mark-start]
2020-11-18T11:06:02.554-0800: 19.032: [CMS-concurrent-mark: 0.001/0.001 secs] [Times: user=0.00 sys=0.00, real=0.00 secs] 
2020-11-18T11:06:02.554-0800: 19.032: [Full GC (System.gc()) 2020-11-18T11:06:02.554-0800: 19.032: [CMS (concurrent mode interrupted): 6846K->6846K(6848K), 0.0041974 secs] 8781K->8755K(9920K), [Metaspace: 4890K->4890K(139264K)], 0.0042480 secs] [Times: user=0.00 sys=0.00, real=0.00 secs] 
2020-11-18T11:06:02.559-0800: 19.038: [Full GC (System.gc()) 2020-11-18T11:06:02.559-0800: 19.038: [CMS: 6846K->6846K(6848K), 0.0045517 secs] 8784K->8757K(9920K), [Metaspace: 4890K->4890K(139264K)], 0.0046200 secs] [Times: user=0.01 sys=0.00, real=0.01 secs] 
2020-11-18T11:06:02.564-0800: 19.043: [GC (CMS Initial Mark) [1 CMS-initial-mark: 6846K(6848K)] 8757K(9920K), 0.0002186 secs] [Times: user=0.00 sys=0.00, real=0.00 secs] 
2020-11-18T11:06:02.564-0800: 19.043: [CMS-concurrent-mark-start]
2020-11-18T11:06:02.566-0800: 19.044: [Full GC (System.gc()) 2020-11-18T11:06:02.566-0800: 19.044: [CMS2020-11-18T11:06:02.567-0800: 19.046: [CMS-concurrent-mark: 0.001/0.003 secs] [Times: user=0.00 sys=0.00, real=0.00 secs] 
 (concurrent mode interrupted): 6846K->6846K(6848K), 0.0056126 secs] 8786K->8759K(9920K), [Metaspace: 4890K->4890K(139264K)], 0.0056670 secs] [Times: user=0.01 sys=0.00, real=0.01 secs] 
2020-11-18T11:06:02.573-0800: 19.051: [Full GC (System.gc()) 2020-11-18T11:06:02.573-0800: 19.051: [CMS: 6846K->6846K(6848K), 0.0040890 secs] 8788K->8762K(9920K), [Metaspace: 4890K->4890K(139264K)], 0.0041589 secs] [Times: user=0.00 sys=0.00, real=0.00 secs] 
2020-11-18T11:06:02.577-0800: 19.055: [GC (CMS Initial Mark) [1 CMS-initial-mark: 6846K(6848K)] 8762K(9920K), 0.0002135 secs] [Times: user=0.00 sys=0.00, real=0.00 secs] 
2020-11-18T11:06:02.577-0800: 19.056: [CMS-concurrent-mark-start]
2020-11-18T11:06:02.578-0800: 19.056: [Full GC (System.gc()) 2020-11-18T11:06:02.578-0800: 19.056: [CMS2020-11-18T11:06:02.580-0800: 19.058: [CMS-concurrent-mark: 0.001/0.003 secs] [Times: user=0.00 sys=0.00, real=0.01 secs] 
 (concurrent mode interrupted): 6846K->6846K(6848K), 0.0059079 secs] 8791K->8764K(9920K), [Metaspace: 4890K->4890K(139264K)], 0.0059643 secs] [Times: user=0.01 sys=0.00, real=0.01 secs] 
2020-11-18T11:06:02.585-0800: 19.064: [Full GC (System.gc()) 2020-11-18T11:06:02.585-0800: 19.064: [CMS: 6846K->6846K(6848K), 0.0042289 secs] 8793K->8767K(9920K), [Metaspace: 4890K->4890K(139264K)], 0.0043014 secs] [Times: user=0.00 sys=0.01, real=0.01 secs] 
2020-11-18T11:06:02.590-0800: 19.068: [GC (CMS Initial Mark) [1 CMS-initial-mark: 6846K(6848K)] 8767K(9920K), 0.0002353 secs] [Times: user=0.00 sys=0.00, real=0.00 secs] 
2020-11-18T11:06:02.590-0800: 19.069: [CMS-concurrent-mark-start]
2020-11-18T11:06:02.591-0800: 19.070: [Full GC (System.gc()) 2020-11-18T11:06:02.591-0800: 19.070: [CMS2020-11-18T11:06:02.593-0800: 19.071: [CMS-concurrent-mark: 0.001/0.003 secs] [Times: user=0.01 sys=0.00, real=0.00 secs] 
 (concurrent mode interrupted): 6846K->6846K(6848K), 0.0058138 secs] 8796K->8769K(9920K), [Metaspace: 4890K->4890K(139264K)], 0.0058692 secs] [Times: user=0.00 sys=0.00, real=0.00 secs] 
2020-11-18T11:06:02.598-0800: 19.077: [Full GC (System.gc()) 2020-11-18T11:06:02.599-0800: 19.077: [CMS: 6846K->6846K(6848K), 0.0043022 secs] 8798K->8772K(9920K), [Metaspace: 4890K->4890K(139264K)], 0.0043774 secs] [Times: user=0.01 sys=0.00, real=0.01 secs] 
2020-11-18T11:06:02.603-0800: 19.081: [GC (CMS Initial Mark) [1 CMS-initial-mark: 6846K(6848K)] 8772K(9920K), 0.0002110 secs] [Times: user=0.00 sys=0.00, real=0.00 secs] 
2020-11-18T11:06:02.603-0800: 19.082: [CMS-concurrent-mark-start]
2020-11-18T11:06:02.604-0800: 19.083: [Full GC (System.gc()) 2020-11-18T11:06:02.604-0800: 19.083: [CMS2020-11-18T11:06:02.606-0800: 19.084: [CMS-concurrent-mark: 0.001/0.003 secs] [Times: user=0.00 sys=0.00, real=0.00 secs] 
 (concurrent mode interrupted): 6846K->6846K(6848K), 0.0056429 secs] 8801K->8774K(9920K), [Metaspace: 4890K->4890K(139264K)], 0.0056931 secs] [Times: user=0.00 sys=0.00, real=0.01 secs] 
2020-11-18T11:06:02.611-0800: 19.090: [Full GC (System.gc()) 2020-11-18T11:06:02.612-0800: 19.090: [CMS: 6846K->6846K(6848K), 0.0041938 secs] 8803K->8776K(9920K), [Metaspace: 4890K->4890K(139264K)], 0.0042705 secs] [Times: user=0.01 sys=0.00, real=0.00 secs] 
2020-11-18T11:06:02.616-0800: 19.094: [GC (CMS Initial Mark) [1 CMS-initial-mark: 6846K(6848K)] 8776K(9920K), 0.0002228 secs] [Times: user=0.00 sys=0.00, real=0.00 secs] 
2020-11-18T11:06:02.616-0800: 19.095: [CMS-concurrent-mark-start]
2020-11-18T11:06:02.617-0800: 19.096: [Full GC (System.gc()) 2020-11-18T11:06:02.617-0800: 19.096: [CMS2020-11-18T11:06:02.619-0800: 19.097: [CMS-concurrent-mark: 0.001/0.002 secs] [Times: user=0.00 sys=0.00, real=0.00 secs] 
 (concurrent mode interrupted): 6846K->6846K(6848K), 0.0054696 secs] 8805K->8779K(9920K), [Metaspace: 4890K->4890K(139264K)], 0.0055198 secs] [Times: user=0.01 sys=0.00, real=0.01 secs] 
2020-11-18T11:06:02.624-0800: 19.102: [Full GC (System.gc()) 2020-11-18T11:06:02.624-0800: 19.102: [CMS: 6846K->6846K(6848K), 0.0040429 secs] 8808K->8781K(9920K), [Metaspace: 4890K->4890K(139264K)], 0.0041165 secs] [Times: user=0.00 sys=0.00, real=0.00 secs] 
2020-11-18T11:06:02.628-0800: 19.107: [GC (CMS Initial Mark) [1 CMS-initial-mark: 6846K(6848K)] 8781K(9920K), 0.0002350 secs] [Times: user=0.00 sys=0.00, real=0.00 secs] 
2020-11-18T11:06:02.629-0800: 19.107: [CMS-concurrent-mark-start]
2020-11-18T11:06:02.629-0800: 19.108: [Full GC (System.gc()) 2020-11-18T11:06:02.629-0800: 19.108: [CMS2020-11-18T11:06:02.631-0800: 19.109: [CMS-concurrent-mark: 0.001/0.002 secs] [Times: user=0.00 sys=0.00, real=0.01 secs] 
 (concurrent mode interrupted): 6846K->6846K(6848K), 0.0051166 secs] 8810K->8784K(9920K), [Metaspace: 4890K->4890K(139264K)], 0.0051629 secs] [Times: user=0.01 sys=0.00, real=0.01 secs] 
2020-11-18T11:06:02.636-0800: 19.115: [Full GC (System.gc()) 2020-11-18T11:06:02.636-0800: 19.115: [CMS: 6846K->6846K(6848K), 0.0041726 secs] 8813K->8786K(9920K), [Metaspace: 4890K->4890K(139264K)], 0.0042434 secs] [Times: user=0.00 sys=0.00, real=0.01 secs] 
2020-11-18T11:06:02.640-0800: 19.119: [GC (CMS Initial Mark) [1 CMS-initial-mark: 6846K(6848K)] 8786K(9920K), 0.0002560 secs] [Times: user=0.00 sys=0.00, real=0.00 secs] 
2020-11-18T11:06:02.641-0800: 19.119: [CMS-concurrent-mark-start]
2020-11-18T11:06:02.642-0800: 19.120: [Full GC (System.gc()) 2020-11-18T11:06:02.642-0800: 19.120: [CMS2020-11-18T11:06:02.643-0800: 19.122: [CMS-concurrent-mark: 0.001/0.002 secs] [Times: user=0.01 sys=0.00, real=0.00 secs] 
 (concurrent mode interrupted): 6846K->6846K(6848K), 0.0047709 secs] 8815K->8788K(9920K), [Metaspace: 4890K->4890K(139264K)], 0.0048233 secs] [Times: user=0.00 sys=0.00, real=0.00 secs] 
2020-11-18T11:06:02.648-0800: 19.127: [Full GC (System.gc()) 2020-11-18T11:06:02.648-0800: 19.127: [CMS: 6846K->6846K(6848K), 0.0041770 secs] 8817K->8791K(9920K), [Metaspace: 4890K->4890K(139264K)], 0.0042525 secs] [Times: user=0.00 sys=0.00, real=0.01 secs] 
2020-11-18T11:06:02.653-0800: 19.131: [GC (CMS Initial Mark) [1 CMS-initial-mark: 6846K(6848K)] 8791K(9920K), 0.0002114 secs] [Times: user=0.00 sys=0.00, real=0.00 secs] 
2020-11-18T11:06:02.653-0800: 19.131: [CMS-concurrent-mark-start]
2020-11-18T11:06:02.654-0800: 19.132: [Full GC (System.gc()) 2020-11-18T11:06:02.654-0800: 19.132: [CMS2020-11-18T11:06:02.655-0800: 19.134: [CMS-concurrent-mark: 0.001/0.002 secs] [Times: user=0.01 sys=0.00, real=0.00 secs] 
 (concurrent mode interrupted): 6846K->6846K(6848K), 0.0052363 secs] 8820K->8793K(9920K), [Metaspace: 4890K->4890K(139264K)], 0.0052866 secs] [Times: user=0.00 sys=0.00, real=0.00 secs] 
2020-11-18T11:06:02.661-0800: 19.139: [Full GC (System.gc()) 2020-11-18T11:06:02.661-0800: 19.139: [CMS: 6846K->6846K(6848K), 0.0043230 secs] 8822K->8796K(9920K), [Metaspace: 4890K->4890K(139264K)], 0.0043990 secs] [Times: user=0.01 sys=0.00, real=0.00 secs] 
2020-11-18T11:06:02.665-0800: 19.144: [GC (CMS Initial Mark) [1 CMS-initial-mark: 6846K(6848K)] 8796K(9920K), 0.0001868 secs] [Times: user=0.00 sys=0.00, real=0.00 secs] 
2020-11-18T11:06:02.665-0800: 19.144: [CMS-concurrent-mark-start]
2020-11-18T11:06:02.667-0800: 19.145: [Full GC (System.gc()) 2020-11-18T11:06:02.667-0800: 19.145: [CMS2020-11-18T11:06:02.668-0800: 19.147: [CMS-concurrent-mark: 0.001/0.003 secs] [Times: user=0.00 sys=0.00, real=0.00 secs] 
 (concurrent mode interrupted): 6846K->6846K(6848K), 0.0054897 secs] 8825K->8798K(9920K), [Metaspace: 4890K->4890K(139264K)], 0.0055379 secs] [Times: user=0.00 sys=0.00, real=0.01 secs] 
2020-11-18T11:06:02.674-0800: 19.152: [Full GC (System.gc()) 2020-11-18T11:06:02.674-0800: 19.152: [CMS: 6846K->6846K(6848K), 0.0041237 secs] 8827K->8800K(9920K), [Metaspace: 4890K->4890K(139264K)], 0.0041984 secs] [Times: user=0.01 sys=0.00, real=0.00 secs] 
2020-11-18T11:06:02.678-0800: 19.156: [GC (CMS Initial Mark) [1 CMS-initial-mark: 6846K(6848K)] 8800K(9920K), 0.0002545 secs] [Times: user=0.00 sys=0.00, real=0.00 secs] 
2020-11-18T11:06:02.678-0800: 19.157: [CMS-concurrent-mark-start]
2020-11-18T11:06:02.679-0800: 19.158: [Full GC (System.gc()) 2020-11-18T11:06:02.679-0800: 19.158: [CMS2020-11-18T11:06:02.681-0800: 19.159: [CMS-concurrent-mark: 0.001/0.003 secs] [Times: user=0.00 sys=0.00, real=0.01 secs] 
 (concurrent mode interrupted): 6846K->6846K(6848K), 0.0056516 secs] 8829K->8803K(9920K), [Metaspace: 4890K->4890K(139264K)], 0.0057027 secs] [Times: user=0.01 sys=0.00, real=0.01 secs] 
2020-11-18T11:06:02.686-0800: 19.165: [Full GC (System.gc()) 2020-11-18T11:06:02.686-0800: 19.165: [CMS: 6846K->6846K(6848K), 0.0040448 secs] 8832K->8805K(9920K), [Metaspace: 4890K->4890K(139264K)], 0.0041156 secs] [Times: user=0.00 sys=0.00, real=0.01 secs] 
2020-11-18T11:06:02.691-0800: 19.169: [GC (CMS Initial Mark) [1 CMS-initial-mark: 6846K(6848K)] 8805K(9920K), 0.0001985 secs] [Times: user=0.00 sys=0.00, real=0.00 secs] 
2020-11-18T11:06:02.691-0800: 19.169: [CMS-concurrent-mark-start]
2020-11-18T11:06:02.692-0800: 19.170: [Full GC (System.gc()) 2020-11-18T11:06:02.692-0800: 19.170: [CMS2020-11-18T11:06:02.693-0800: 19.172: [CMS-concurrent-mark: 0.001/0.003 secs] [Times: user=0.00 sys=0.00, real=0.00 secs] 
 (concurrent mode interrupted): 6846K->6846K(6848K), 0.0059498 secs] 8834K->8808K(9920K), [Metaspace: 4890K->4890K(139264K)], 0.0060055 secs] [Times: user=0.01 sys=0.00, real=0.00 secs] 
2020-11-18T11:06:02.699-0800: 19.178: [Full GC (System.gc()) 2020-11-18T11:06:02.699-0800: 19.178: [CMS: 6846K->6846K(6848K), 0.0041003 secs] 8837K->8810K(9920K), [Metaspace: 4890K->4890K(139264K)], 0.0041719 secs] [Times: user=0.00 sys=0.00, real=0.01 secs] 
2020-11-18T11:06:02.704-0800: 19.182: [GC (CMS Initial Mark) [1 CMS-initial-mark: 6846K(6848K)] 8810K(9920K), 0.0002217 secs] [Times: user=0.00 sys=0.00, real=0.00 secs] 
2020-11-18T11:06:02.704-0800: 19.182: [CMS-concurrent-mark-start]
2020-11-18T11:06:02.705-0800: 19.183: [Full GC (System.gc()) 2020-11-18T11:06:02.705-0800: 19.183: [CMS2020-11-18T11:06:02.706-0800: 19.185: [CMS-concurrent-mark: 0.001/0.003 secs] [Times: user=0.01 sys=0.00, real=0.00 secs] 
 (concurrent mode interrupted): 6846K->6846K(6848K), 0.0057068 secs] 8839K->8813K(9920K), [Metaspace: 4890K->4890K(139264K)], 0.0057611 secs] [Times: user=0.00 sys=0.00, real=0.01 secs] 
2020-11-18T11:06:02.712-0800: 19.190: [Full GC (System.gc()) 2020-11-18T11:06:02.712-0800: 19.190: [CMS: 6846K->6846K(6848K), 0.0037570 secs] 8842K->8815K(9920K), [Metaspace: 4890K->4890K(139264K)], 0.0038085 secs] [Times: user=0.01 sys=0.00, real=0.00 secs] 
2020-11-18T11:06:02.716-0800: 19.194: [GC (CMS Initial Mark) [1 CMS-initial-mark: 6846K(6848K)] 8815K(9920K), 0.0001995 secs] [Times: user=0.00 sys=0.00, real=0.00 secs] 
2020-11-18T11:06:02.716-0800: 19.195: [CMS-concurrent-mark-start]
2020-11-18T11:06:02.717-0800: 19.196: [Full GC (System.gc()) 2020-11-18T11:06:02.717-0800: 19.196: [CMS2020-11-18T11:06:02.719-0800: 19.197: [CMS-concurrent-mark: 0.001/0.003 secs] [Times: user=0.00 sys=0.00, real=0.00 secs] 
 (concurrent mode interrupted): 6846K->6846K(6848K), 0.0055805 secs] 8844K->8817K(9920K), [Metaspace: 4890K->4890K(139264K)], 0.0056329 secs] [Times: user=0.00 sys=0.00, real=0.01 secs] 
2020-11-18T11:06:02.724-0800: 19.203: [Full GC (System.gc()) 2020-11-18T11:06:02.725-0800: 19.203: [CMS: 6846K->6846K(6848K), 0.0040757 secs] 8846K->8820K(9920K), [Metaspace: 4890K->4890K(139264K)], 0.0041501 secs] [Times: user=0.01 sys=0.00, real=0.00 secs] 
2020-11-18T11:06:02.729-0800: 19.207: [GC (CMS Initial Mark) [1 CMS-initial-mark: 6846K(6848K)] 8820K(9920K), 0.0001959 secs] [Times: user=0.00 sys=0.00, real=0.00 secs] 
2020-11-18T11:06:02.729-0800: 19.207: [CMS-concurrent-mark-start]
2020-11-18T11:06:02.730-0800: 19.209: [Full GC (System.gc()) 2020-11-18T11:06:02.730-0800: 19.209: [CMS2020-11-18T11:06:02.732-0800: 19.210: [CMS-concurrent-mark: 0.001/0.003 secs] [Times: user=0.00 sys=0.00, real=0.01 secs] 
 (concurrent mode interrupted): 6846K->6846K(6848K), 0.0061960 secs] 8849K->8822K(9920K), [Metaspace: 4890K->4890K(139264K)], 0.0062600 secs] [Times: user=0.01 sys=0.00, real=0.00 secs] 
2020-11-18T11:06:02.738-0800: 19.216: [Full GC (System.gc()) 2020-11-18T11:06:02.738-0800: 19.216: [CMS: 6846K->6846K(6848K), 0.0039412 secs] 8851K->8825K(9920K), [Metaspace: 4890K->4890K(139264K)], 0.0039942 secs] [Times: user=0.00 sys=0.00, real=0.01 secs] 
2020-11-18T11:06:02.742-0800: 19.220: [GC (CMS Initial Mark) [1 CMS-initial-mark: 6846K(6848K)] 8825K(9920K), 0.0002558 secs] [Times: user=0.00 sys=0.00, real=0.00 secs] 
2020-11-18T11:06:02.742-0800: 19.221: [CMS-concurrent-mark-start]
2020-11-18T11:06:02.743-0800: 19.221: [Full GC (System.gc()) 2020-11-18T11:06:02.743-0800: 19.221: [CMS2020-11-18T11:06:02.745-0800: 19.223: [CMS-concurrent-mark: 0.001/0.002 secs] [Times: user=0.00 sys=0.00, real=0.00 secs] 
 (concurrent mode interrupted): 6846K->6846K(6848K), 0.0055877 secs] 8854K->8827K(9920K), [Metaspace: 4890K->4890K(139264K)], 0.0056409 secs] [Times: user=0.01 sys=0.00, real=0.00 secs] 
2020-11-18T11:06:02.750-0800: 19.228: [Full GC (System.gc()) 2020-11-18T11:06:02.750-0800: 19.228: [CMS: 6846K->6846K(6848K), 0.0035903 secs] 8856K->8829K(9920K), [Metaspace: 4890K->4890K(139264K)], 0.0036411 secs] [Times: user=0.00 sys=0.00, real=0.00 secs] 
2020-11-18T11:06:02.754-0800: 19.232: [GC (CMS Initial Mark) [1 CMS-initial-mark: 6846K(6848K)] 8829K(9920K), 0.0002063 secs] [Times: user=0.00 sys=0.00, real=0.00 secs] 
2020-11-18T11:06:02.754-0800: 19.232: [CMS-concurrent-mark-start]
2020-11-18T11:06:02.755-0800: 19.233: [Full GC (System.gc()) 2020-11-18T11:06:02.755-0800: 19.233: [CMS2020-11-18T11:06:02.756-0800: 19.234: [CMS-concurrent-mark: 0.001/0.002 secs] [Times: user=0.01 sys=0.00, real=0.00 secs] 
 (concurrent mode interrupted): 6846K->6846K(6848K), 0.0045710 secs] 8858K->8832K(9920K), [Metaspace: 4890K->4890K(139264K)], 0.0046155 secs] [Times: user=0.00 sys=0.00, real=0.01 secs] 
2020-11-18T11:06:02.761-0800: 19.239: [Full GC (System.gc()) 2020-11-18T11:06:02.761-0800: 19.239: [CMS: 6846K->6846K(6848K), 0.0039917 secs] 8861K->8834K(9920K), [Metaspace: 4890K->4890K(139264K)], 0.0040606 secs] [Times: user=0.00 sys=0.00, real=0.00 secs] 
2020-11-18T11:06:02.765-0800: 19.243: [GC (CMS Initial Mark) [1 CMS-initial-mark: 6846K(6848K)] 8834K(9920K), 0.0001860 secs] [Times: user=0.00 sys=0.00, real=0.00 secs] 
2020-11-18T11:06:02.765-0800: 19.244: [CMS-concurrent-mark-start]
2020-11-18T11:06:02.766-0800: 19.245: [Full GC (System.gc()) 2020-11-18T11:06:02.766-0800: 19.245: [CMS2020-11-18T11:06:02.768-0800: 19.246: [CMS-concurrent-mark: 0.001/0.003 secs] [Times: user=0.01 sys=0.00, real=0.00 secs] 
 (concurrent mode interrupted): 6846K->6846K(6848K), 0.0055506 secs] 8863K->8837K(9920K), [Metaspace: 4890K->4890K(139264K)], 0.0056009 secs] [Times: user=0.00 sys=0.00, real=0.01 secs] 
2020-11-18T11:06:02.773-0800: 19.252: [Full GC (System.gc()) 2020-11-18T11:06:02.773-0800: 19.252: [CMS: 6846K->6846K(6848K), 0.0041639 secs] 8866K->8839K(9920K), [Metaspace: 4890K->4890K(139264K)], 0.0042341 secs] [Times: user=0.01 sys=0.00, real=0.00 secs] 
2020-11-18T11:06:02.777-0800: 19.256: [GC (CMS Initial Mark) [1 CMS-initial-mark: 6846K(6848K)] 8839K(9920K), 0.0001944 secs] [Times: user=0.00 sys=0.00, real=0.00 secs] 
2020-11-18T11:06:02.778-0800: 19.256: [CMS-concurrent-mark-start]
2020-11-18T11:06:02.779-0800: 19.257: [Full GC (System.gc()) 2020-11-18T11:06:02.779-0800: 19.257: [CMS2020-11-18T11:06:02.780-0800: 19.258: [CMS-concurrent-mark: 0.001/0.002 secs] [Times: user=0.00 sys=0.00, real=0.01 secs] 
 (concurrent mode interrupted): 6846K->6846K(6848K), 0.0052652 secs] 8868K->8842K(9920K), [Metaspace: 4890K->4890K(139264K)], 0.0053226 secs] [Times: user=0.00 sys=0.00, real=0.01 secs] 
2020-11-18T11:06:02.786-0800: 19.264: [Full GC (System.gc()) 2020-11-18T11:06:02.786-0800: 19.264: [CMS: 6846K->6846K(6848K), 0.0042027 secs] 8871K->8844K(9920K), [Metaspace: 4890K->4890K(139264K)], 0.0042721 secs] [Times: user=0.01 sys=0.00, real=0.01 secs] 
2020-11-18T11:06:02.790-0800: 19.268: [GC (CMS Initial Mark) [1 CMS-initial-mark: 6846K(6848K)] 8844K(9920K), 0.0002056 secs] [Times: user=0.00 sys=0.00, real=0.00 secs] 
2020-11-18T11:06:02.790-0800: 19.269: [CMS-concurrent-mark-start]
2020-11-18T11:06:02.791-0800: 19.270: [Full GC (System.gc()) 2020-11-18T11:06:02.791-0800: 19.270: [CMS2020-11-18T11:06:02.793-0800: 19.271: [CMS-concurrent-mark: 0.001/0.003 secs] [Times: user=0.00 sys=0.00, real=0.00 secs] 
 (concurrent mode interrupted): 6846K->6846K(6848K), 0.0056539 secs] 8873K->8846K(9920K), [Metaspace: 4890K->4890K(139264K)], 0.0057142 secs] [Times: user=0.01 sys=0.00, real=0.00 secs] 
2020-11-18T11:06:02.799-0800: 19.277: [Full GC (System.gc()) 2020-11-18T11:06:02.799-0800: 19.277: [CMS: 6846K->6846K(6848K), 0.0041661 secs] 8875K->8849K(9920K), [Metaspace: 4890K->4890K(139264K)], 0.0042352 secs] [Times: user=0.00 sys=0.00, real=0.01 secs] 
2020-11-18T11:06:02.803-0800: 19.281: [GC (CMS Initial Mark) [1 CMS-initial-mark: 6846K(6848K)] 8849K(9920K), 0.0002876 secs] [Times: user=0.00 sys=0.00, real=0.00 secs] 
2020-11-18T11:06:02.803-0800: 19.282: [CMS-concurrent-mark-start]
2020-11-18T11:06:02.804-0800: 19.283: [Full GC (System.gc()) 2020-11-18T11:06:02.804-0800: 19.283: [CMS2020-11-18T11:06:02.806-0800: 19.284: [CMS-concurrent-mark: 0.001/0.003 secs] [Times: user=0.00 sys=0.00, real=0.00 secs] 
 (concurrent mode interrupted): 6846K->6846K(6848K), 0.0056161 secs] 8878K->8851K(9920K), [Metaspace: 4890K->4890K(139264K)], 0.0056658 secs] [Times: user=0.01 sys=0.00, real=0.01 secs] 
2020-11-18T11:06:02.811-0800: 19.290: [Full GC (System.gc()) 2020-11-18T11:06:02.811-0800: 19.290: [CMS: 6846K->6846K(6848K), 0.0043436 secs] 8880K->8854K(9920K), [Metaspace: 4890K->4890K(139264K)], 0.0044255 secs] [Times: user=0.00 sys=0.00, real=0.00 secs] 
2020-11-18T11:06:02.816-0800: 19.294: [GC (CMS Initial Mark) [1 CMS-initial-mark: 6846K(6848K)] 8854K(9920K), 0.0002304 secs] [Times: user=0.00 sys=0.00, real=0.00 secs] 
2020-11-18T11:06:02.816-0800: 19.295: [CMS-concurrent-mark-start]
2020-11-18T11:06:02.817-0800: 19.296: [Full GC (System.gc()) 2020-11-18T11:06:02.817-0800: 19.296: [CMS2020-11-18T11:06:02.819-0800: 19.297: [CMS-concurrent-mark: 0.002/0.003 secs] [Times: user=0.01 sys=0.00, real=0.00 secs] 
 (concurrent mode interrupted): 6846K->6846K(6848K), 0.0061478 secs] 8883K->8856K(9920K), [Metaspace: 4890K->4890K(139264K)], 0.0062057 secs] [Times: user=0.00 sys=0.00, real=0.01 secs] 
2020-11-18T11:06:02.825-0800: 19.303: [Full GC (System.gc()) 2020-11-18T11:06:02.825-0800: 19.303: [CMS: 6846K->6846K(6848K), 0.0047887 secs] 8885K->8858K(9920K), [Metaspace: 4890K->4890K(139264K)], 0.0048550 secs] [Times: user=0.01 sys=0.00, real=0.01 secs] 
2020-11-18T11:06:02.830-0800: 19.308: [GC (CMS Initial Mark) [1 CMS-initial-mark: 6846K(6848K)] 8858K(9920K), 0.0002854 secs] [Times: user=0.00 sys=0.00, real=0.00 secs] 
2020-11-18T11:06:02.830-0800: 19.309: [CMS-concurrent-mark-start]
2020-11-18T11:06:02.831-0800: 19.309: [Full GC (System.gc()) 2020-11-18T11:06:02.831-0800: 19.309: [CMS2020-11-18T11:06:02.833-0800: 19.311: [CMS-concurrent-mark: 0.001/0.003 secs] [Times: user=0.00 sys=0.00, real=0.00 secs] 
 (concurrent mode interrupted): 6846K->6846K(6848K), 0.0059251 secs] 8887K->8861K(9920K), [Metaspace: 4890K->4890K(139264K)], 0.0059751 secs] [Times: user=0.01 sys=0.00, real=0.00 secs] 
2020-11-18T11:06:02.838-0800: 19.317: [Full GC (System.gc()) 2020-11-18T11:06:02.838-0800: 19.317: [CMS: 6846K->6846K(6848K), 0.0036320 secs] 8890K->8863K(9920K), [Metaspace: 4890K->4890K(139264K)], 0.0036811 secs] [Times: user=0.00 sys=0.00, real=0.01 secs] 
2020-11-18T11:06:02.842-0800: 19.320: [GC (CMS Initial Mark) [1 CMS-initial-mark: 6846K(6848K)] 8863K(9920K), 0.0002007 secs] [Times: user=0.00 sys=0.00, real=0.00 secs] 
2020-11-18T11:06:02.842-0800: 19.321: [CMS-concurrent-mark-start]
2020-11-18T11:06:02.843-0800: 19.322: [Full GC (System.gc()) 2020-11-18T11:06:02.844-0800: 19.322: [CMS2020-11-18T11:06:02.845-0800: 19.323: [CMS-concurrent-mark: 0.001/0.003 secs] [Times: user=0.00 sys=0.00, real=0.00 secs] 
 (concurrent mode interrupted): 6846K->6846K(6848K), 0.0057817 secs] 8892K->8866K(9920K), [Metaspace: 4890K->4890K(139264K)], 0.0058375 secs] [Times: user=0.01 sys=0.00, real=0.00 secs] 
2020-11-18T11:06:02.851-0800: 19.329: [Full GC (System.gc()) 2020-11-18T11:06:02.851-0800: 19.329: [CMS: 6846K->6846K(6848K), 0.0036982 secs] 8895K->8868K(9920K), [Metaspace: 4890K->4890K(139264K)], 0.0037457 secs] [Times: user=0.00 sys=0.00, real=0.00 secs] 
2020-11-18T11:06:02.855-0800: 19.333: [GC (CMS Initial Mark) [1 CMS-initial-mark: 6846K(6848K)] 8868K(9920K), 0.0002038 secs] [Times: user=0.00 sys=0.00, real=0.00 secs] 
2020-11-18T11:06:02.855-0800: 19.333: [CMS-concurrent-mark-start]
2020-11-18T11:06:02.856-0800: 19.334: [Full GC (System.gc()) 2020-11-18T11:06:02.856-0800: 19.334: [CMS2020-11-18T11:06:02.858-0800: 19.336: [CMS-concurrent-mark: 0.001/0.003 secs] [Times: user=0.01 sys=0.00, real=0.00 secs] 
 (concurrent mode interrupted): 6846K->6846K(6848K), 0.0052817 secs] 8897K->8870K(9920K), [Metaspace: 4890K->4890K(139264K)], 0.0053280 secs] [Times: user=0.01 sys=0.00, real=0.01 secs] 
2020-11-18T11:06:02.862-0800: 19.341: [Full GC (System.gc()) 2020-11-18T11:06:02.862-0800: 19.341: [CMS: 6846K->6846K(6848K), 0.0034915 secs] 8899K->8873K(9920K), [Metaspace: 4890K->4890K(139264K)], 0.0035358 secs] [Times: user=0.00 sys=0.00, real=0.00 secs] 
2020-11-18T11:06:02.866-0800: 19.344: [GC (CMS Initial Mark) [1 CMS-initial-mark: 6846K(6848K)] 8873K(9920K), 0.0001883 secs] [Times: user=0.00 sys=0.00, real=0.00 secs] 
2020-11-18T11:06:02.866-0800: 19.345: [CMS-concurrent-mark-start]
2020-11-18T11:06:02.867-0800: 19.346: [CMS-concurrent-mark: 0.001/0.001 secs] [Times: user=0.01 sys=0.00, real=0.00 secs] 
2020-11-18T11:06:02.867-0800: 19.346: [Full GC (System.gc()) 2020-11-18T11:06:02.868-0800: 19.346: [CMS (concurrent mode interrupted): 6846K->6846K(6848K), 0.0033197 secs] 8902K->8875K(9920K), [Metaspace: 4890K->4890K(139264K)], 0.0033636 secs] [Times: user=0.00 sys=0.00, real=0.01 secs] 
2020-11-18T11:06:02.872-0800: 19.351: [Full GC (System.gc()) 2020-11-18T11:06:02.872-0800: 19.351: [CMS: 6846K->6846K(6848K), 0.0041452 secs] 8904K->8878K(9920K), [Metaspace: 4890K->4890K(139264K)], 0.0042136 secs] [Times: user=0.00 sys=0.00, real=0.00 secs] 
2020-11-18T11:06:02.877-0800: 19.355: [GC (CMS Initial Mark) [1 CMS-initial-mark: 6846K(6848K)] 8878K(9920K), 0.0002063 secs] [Times: user=0.00 sys=0.00, real=0.00 secs] 
2020-11-18T11:06:02.877-0800: 19.355: [CMS-concurrent-mark-start]
2020-11-18T11:06:02.878-0800: 19.357: [CMS-concurrent-mark: 0.001/0.001 secs] [Times: user=0.01 sys=0.00, real=0.00 secs] 
2020-11-18T11:06:02.878-0800: 19.357: [Full GC (System.gc()) 2020-11-18T11:06:02.878-0800: 19.357: [CMS (concurrent mode interrupted): 6846K->6846K(6848K), 0.0033904 secs] 8907K->8880K(9920K), [Metaspace: 4890K->4890K(139264K)], 0.0034255 secs] [Times: user=0.00 sys=0.00, real=0.01 secs] 
2020-11-18T11:06:02.883-0800: 19.362: [Full GC (System.gc()) 2020-11-18T11:06:02.883-0800: 19.362: [CMS: 6846K->6846K(6848K), 0.0041602 secs] 8909K->8883K(9920K), [Metaspace: 4890K->4890K(139264K)], 0.0042306 secs] [Times: user=0.01 sys=0.00, real=0.00 secs] 
2020-11-18T11:06:02.887-0800: 19.366: [GC (CMS Initial Mark) [1 CMS-initial-mark: 6846K(6848K)] 8883K(9920K), 0.0002415 secs] [Times: user=0.00 sys=0.00, real=0.00 secs] 
2020-11-18T11:06:02.888-0800: 19.366: [CMS-concurrent-mark-start]
2020-11-18T11:06:02.889-0800: 19.367: [Full GC (System.gc()) 2020-11-18T11:06:02.889-0800: 19.367: [CMS2020-11-18T11:06:02.890-0800: 19.369: [CMS-concurrent-mark: 0.001/0.003 secs] [Times: user=0.00 sys=0.00, real=0.01 secs] 
 (concurrent mode interrupted): 6846K->6846K(6848K), 0.0056793 secs] 8912K->8885K(9920K), [Metaspace: 4890K->4890K(139264K)], 0.0057291 secs] [Times: user=0.00 sys=0.00, real=0.01 secs] 
2020-11-18T11:06:02.896-0800: 19.374: [Full GC (System.gc()) 2020-11-18T11:06:02.896-0800: 19.374: [CMS: 6846K->6846K(6848K), 0.0040961 secs] 8914K->8887K(9920K), [Metaspace: 4890K->4890K(139264K)], 0.0041656 secs] [Times: user=0.01 sys=0.00, real=0.01 secs] 
2020-11-18T11:06:02.900-0800: 19.379: [GC (CMS Initial Mark) [1 CMS-initial-mark: 6846K(6848K)] 8887K(9920K), 0.0002195 secs] [Times: user=0.00 sys=0.00, real=0.00 secs] 
2020-11-18T11:06:02.901-0800: 19.379: [CMS-concurrent-mark-start]
2020-11-18T11:06:02.901-0800: 19.380: [Full GC (System.gc()) 2020-11-18T11:06:02.902-0800: 19.380: [CMS2020-11-18T11:06:02.903-0800: 19.381: [CMS-concurrent-mark: 0.001/0.002 secs] [Times: user=0.00 sys=0.00, real=0.00 secs] 
 (concurrent mode interrupted): 6846K->6846K(6848K), 0.0054541 secs] 8916K->8890K(9920K), [Metaspace: 4890K->4890K(139264K)], 0.0055060 secs] [Times: user=0.01 sys=0.00, real=0.00 secs] 
2020-11-18T11:06:02.909-0800: 19.387: [Full GC (System.gc()) 2020-11-18T11:06:02.909-0800: 19.387: [CMS: 6846K->6846K(6848K), 0.0042074 secs] 8919K->8892K(9920K), [Metaspace: 4890K->4890K(139264K)], 0.0042829 secs] [Times: user=0.00 sys=0.00, real=0.01 secs] 
2020-11-18T11:06:02.913-0800: 19.391: [GC (CMS Initial Mark) [1 CMS-initial-mark: 6846K(6848K)] 8892K(9920K), 0.0001981 secs] [Times: user=0.00 sys=0.00, real=0.00 secs] 
2020-11-18T11:06:02.913-0800: 19.392: [CMS-concurrent-mark-start]
2020-11-18T11:06:02.914-0800: 19.393: [Full GC (System.gc()) 2020-11-18T11:06:02.914-0800: 19.393: [CMS2020-11-18T11:06:02.916-0800: 19.394: [CMS-concurrent-mark: 0.001/0.002 secs] [Times: user=0.00 sys=0.00, real=0.00 secs] 
 (concurrent mode interrupted): 6846K->6846K(6848K), 0.0052238 secs] 8921K->8895K(9920K), [Metaspace: 4890K->4890K(139264K)], 0.0052762 secs] [Times: user=0.01 sys=0.00, real=0.00 secs] 
2020-11-18T11:06:02.921-0800: 19.399: [Full GC (System.gc()) 2020-11-18T11:06:02.921-0800: 19.399: [CMS: 6846K->6846K(6848K), 0.0035991 secs] 8924K->8897K(9920K), [Metaspace: 4890K->4890K(139264K)], 0.0036430 secs] [Times: user=0.00 sys=0.00, real=0.00 secs] 
2020-11-18T11:06:02.924-0800: 19.403: [GC (CMS Initial Mark) [1 CMS-initial-mark: 6846K(6848K)] 8897K(9920K), 0.0002350 secs] [Times: user=0.00 sys=0.00, real=0.00 secs] 
2020-11-18T11:06:02.925-0800: 19.403: [CMS-concurrent-mark-start]
2020-11-18T11:06:02.926-0800: 19.404: [Full GC (System.gc()) 2020-11-18T11:06:02.926-0800: 19.404: [CMS2020-11-18T11:06:02.927-0800: 19.405: [CMS-concurrent-mark: 0.001/0.002 secs] [Times: user=0.01 sys=0.00, real=0.00 secs] 
 (concurrent mode interrupted): 6846K->6846K(6848K), 0.0045104 secs] 8926K->8899K(9920K), [Metaspace: 4890K->4890K(139264K)], 0.0045465 secs] [Times: user=0.00 sys=0.00, real=0.01 secs] 
2020-11-18T11:06:02.932-0800: 19.410: [Full GC (System.gc()) 2020-11-18T11:06:02.932-0800: 19.410: [CMS: 6846K->6846K(6848K), 0.0032733 secs] 8928K->8902K(9920K), [Metaspace: 4890K->4890K(139264K)], 0.0033134 secs] [Times: user=0.00 sys=0.00, real=0.00 secs] 
2020-11-18T11:06:02.935-0800: 19.414: [GC (CMS Initial Mark) [1 CMS-initial-mark: 6846K(6848K)] 8902K(9920K), 0.0001861 secs] [Times: user=0.00 sys=0.00, real=0.00 secs] 
2020-11-18T11:06:02.935-0800: 19.414: [CMS-concurrent-mark-start]
2020-11-18T11:06:02.937-0800: 19.415: [CMS-concurrent-mark: 0.001/0.001 secs] [Times: user=0.01 sys=0.00, real=0.00 secs] 
2020-11-18T11:06:02.937-0800: 19.415: [Full GC (System.gc()) 2020-11-18T11:06:02.937-0800: 19.415: [CMS (concurrent mode interrupted): 6846K->6846K(6848K), 0.0032168 secs] 8931K->8904K(9920K), [Metaspace: 4890K->4890K(139264K)], 0.0032579 secs] [Times: user=0.00 sys=0.00, real=0.01 secs] 
2020-11-18T11:06:02.941-0800: 19.420: [Full GC (System.gc()) 2020-11-18T11:06:02.941-0800: 19.420: [CMS: 6846K->6846K(6848K), 0.0032044 secs] 8933K->8907K(9920K), [Metaspace: 4890K->4890K(139264K)], 0.0032419 secs] [Times: user=0.00 sys=0.00, real=0.00 secs] 
2020-11-18T11:06:02.945-0800: 19.423: [GC (CMS Initial Mark) [1 CMS-initial-mark: 6846K(6848K)] 8907K(9920K), 0.0001775 secs] [Times: user=0.00 sys=0.00, real=0.00 secs] 
2020-11-18T11:06:02.945-0800: 19.423: [CMS-concurrent-mark-start]
2020-11-18T11:06:02.946-0800: 19.424: [CMS-concurrent-mark: 0.001/0.001 secs] [Times: user=0.01 sys=0.00, real=0.00 secs] 
2020-11-18T11:06:02.946-0800: 19.424: [CMS-concurrent-preclean-start]
2020-11-18T11:06:02.946-0800: 19.424: [Full GC (System.gc()) 2020-11-18T11:06:02.946-0800: 19.424: [CMS2020-11-18T11:06:02.947-0800: 19.425: [CMS-concurrent-preclean: 0.001/0.001 secs] [Times: user=0.00 sys=0.00, real=0.00 secs] 
 (concurrent mode interrupted): 6846K->6846K(6848K), 0.0039099 secs] 8936K->8909K(9920K), [Metaspace: 4890K->4890K(139264K)], 0.0039500 secs] [Times: user=0.00 sys=0.00, real=0.01 secs] 
2020-11-18T11:06:02.951-0800: 19.430: [Full GC (System.gc()) 2020-11-18T11:06:02.951-0800: 19.430: [CMS: 6846K->6846K(6848K), 0.0031388 secs] 8938K->8912K(9920K), [Metaspace: 4890K->4890K(139264K)], 0.0031773 secs] [Times: user=0.00 sys=0.00, real=0.00 secs] 
2020-11-18T11:06:02.955-0800: 19.433: [GC (CMS Initial Mark) [1 CMS-initial-mark: 6846K(6848K)] 8912K(9920K), 0.0001725 secs] [Times: user=0.00 sys=0.00, real=0.00 secs] 
2020-11-18T11:06:02.955-0800: 19.433: [CMS-concurrent-mark-start]
2020-11-18T11:06:02.956-0800: 19.434: [CMS-concurrent-mark: 0.001/0.001 secs] [Times: user=0.01 sys=0.00, real=0.00 secs] 
2020-11-18T11:06:02.956-0800: 19.434: [CMS-concurrent-preclean-start]
2020-11-18T11:06:02.956-0800: 19.434: [Full GC (System.gc()) 2020-11-18T11:06:02.956-0800: 19.434: [CMS2020-11-18T11:06:02.957-0800: 19.435: [CMS-concurrent-preclean: 0.001/0.001 secs] [Times: user=0.00 sys=0.00, real=0.00 secs] 
 (concurrent mode interrupted): 6846K->6846K(6848K), 0.0037967 secs] 8941K->8914K(9920K), [Metaspace: 4890K->4890K(139264K)], 0.0038302 secs] [Times: user=0.00 sys=0.00, real=0.01 secs] 
2020-11-18T11:06:02.961-0800: 19.440: [Full GC (System.gc()) 2020-11-18T11:06:02.961-0800: 19.440: [CMS: 6846K->6846K(6848K), 0.0031744 secs] 8943K->8916K(9920K), [Metaspace: 4890K->4890K(139264K)], 0.0032132 secs] [Times: user=0.00 sys=0.00, real=0.00 secs] 
2020-11-18T11:06:02.964-0800: 19.443: [GC (CMS Initial Mark) [1 CMS-initial-mark: 6846K(6848K)] 8916K(9920K), 0.0001938 secs] [Times: user=0.00 sys=0.00, real=0.00 secs] 
2020-11-18T11:06:02.965-0800: 19.443: [CMS-concurrent-mark-start]
2020-11-18T11:06:02.966-0800: 19.444: [CMS-concurrent-mark: 0.001/0.001 secs] [Times: user=0.01 sys=0.00, real=0.00 secs] 
2020-11-18T11:06:02.966-0800: 19.444: [Full GC (System.gc()) 2020-11-18T11:06:02.966-0800: 19.444: [CMS (concurrent mode interrupted): 6846K->6846K(6848K), 0.0029538 secs] 8945K->8919K(9920K), [Metaspace: 4890K->4890K(139264K)], 0.0029827 secs] [Times: user=0.00 sys=0.00, real=0.00 secs] 
2020-11-18T11:06:02.970-0800: 19.449: [Full GC (System.gc()) 2020-11-18T11:06:02.970-0800: 19.449: [CMS: 6846K->6846K(6848K), 0.0031029 secs] 8948K->8921K(9920K), [Metaspace: 4890K->4890K(139264K)], 0.0031471 secs] [Times: user=0.00 sys=0.00, real=0.00 secs] 
2020-11-18T11:06:02.973-0800: 19.452: [GC (CMS Initial Mark) [1 CMS-initial-mark: 6846K(6848K)] 8921K(9920K), 0.0002151 secs] [Times: user=0.00 sys=0.00, real=0.00 secs] 
2020-11-18T11:06:02.974-0800: 19.452: [CMS-concurrent-mark-start]
2020-11-18T11:06:02.975-0800: 19.453: [Full GC (System.gc()) 2020-11-18T11:06:02.975-0800: 19.453: [CMS2020-11-18T11:06:02.976-0800: 19.454: [CMS-concurrent-mark: 0.001/0.002 secs] [Times: user=0.01 sys=0.00, real=0.00 secs] 
 (concurrent mode interrupted): 6846K->6846K(6848K), 0.0047091 secs] 8950K->8924K(9920K), [Metaspace: 4890K->4890K(139264K)], 0.0047491 secs] [Times: user=0.00 sys=0.00, real=0.00 secs] 
2020-11-18T11:06:02.981-0800: 19.459: [Full GC (System.gc()) 2020-11-18T11:06:02.981-0800: 19.459: [CMS: 6846K->6846K(6848K), 0.0031914 secs] 8953K->8926K(9920K), [Metaspace: 4890K->4890K(139264K)], 0.0032343 secs] [Times: user=0.00 sys=0.00, real=0.00 secs] 
2020-11-18T11:06:02.984-0800: 19.462: [GC (CMS Initial Mark) [1 CMS-initial-mark: 6846K(6848K)] 8926K(9920K), 0.0001675 secs] [Times: user=0.00 sys=0.00, real=0.00 secs] 
2020-11-18T11:06:02.984-0800: 19.462: [CMS-concurrent-mark-start]
2020-11-18T11:06:02.985-0800: 19.463: [CMS-concurrent-mark: 0.001/0.001 secs] [Times: user=0.01 sys=0.00, real=0.00 secs] 
2020-11-18T11:06:02.985-0800: 19.463: [CMS-concurrent-preclean-start]
2020-11-18T11:06:02.985-0800: 19.464: [Full GC (System.gc()) 2020-11-18T11:06:02.985-0800: 19.464: [CMS2020-11-18T11:06:02.986-0800: 19.464: [CMS-concurrent-preclean: 0.001/0.001 secs] [Times: user=0.00 sys=0.00, real=0.00 secs] 
 (concurrent mode interrupted): 6846K->6846K(6848K), 0.0038521 secs] 8955K->8928K(9920K), [Metaspace: 4890K->4890K(139264K)], 0.0038816 secs] [Times: user=0.00 sys=0.00, real=0.00 secs] 
2020-11-18T11:06:02.990-0800: 19.469: [Full GC (System.gc()) 2020-11-18T11:06:02.991-0800: 19.469: [CMS: 6846K->6846K(6848K), 0.0035663 secs] 8957K->8931K(9920K), [Metaspace: 4890K->4890K(139264K)], 0.0036331 secs] [Times: user=0.00 sys=0.00, real=0.00 secs] 
2020-11-18T11:06:02.994-0800: 19.473: [GC (CMS Initial Mark) [1 CMS-initial-mark: 6846K(6848K)] 8931K(9920K), 0.0001967 secs] [Times: user=0.00 sys=0.00, real=0.00 secs] 
2020-11-18T11:06:02.994-0800: 19.473: [CMS-concurrent-mark-start]
2020-11-18T11:06:02.996-0800: 19.474: [CMS-concurrent-mark: 0.001/0.001 secs] [Times: user=0.01 sys=0.00, real=0.00 secs] 
2020-11-18T11:06:02.996-0800: 19.474: [Full GC (System.gc()) 2020-11-18T11:06:02.996-0800: 19.474: [CMS (concurrent mode interrupted): 6846K->6846K(6848K), 0.0031506 secs] 8960K->8933K(9920K), [Metaspace: 4890K->4890K(139264K)], 0.0031917 secs] [Times: user=0.00 sys=0.00, real=0.00 secs] 
2020-11-18T11:06:03.000-0800: 19.479: [Full GC (System.gc()) 2020-11-18T11:06:03.000-0800: 19.479: [CMS: 6846K->6846K(6848K), 0.0037337 secs] 8962K->8936K(9920K), [Metaspace: 4890K->4890K(139264K)], 0.0038016 secs] [Times: user=0.00 sys=0.00, real=0.00 secs] 
2020-11-18T11:06:03.004-0800: 19.483: [GC (CMS Initial Mark) [1 CMS-initial-mark: 6846K(6848K)] 8936K(9920K), 0.0002341 secs] [Times: user=0.00 sys=0.00, real=0.00 secs] 
2020-11-18T11:06:03.005-0800: 19.483: [CMS-concurrent-mark-start]
2020-11-18T11:06:03.006-0800: 19.484: [CMS-concurrent-mark: 0.001/0.001 secs] [Times: user=0.01 sys=0.00, real=0.00 secs] 
2020-11-18T11:06:03.006-0800: 19.484: [Full GC (System.gc()) 2020-11-18T11:06:03.006-0800: 19.484: [CMS (concurrent mode interrupted): 6846K->6846K(6848K), 0.0035308 secs] 8965K->8938K(9920K), [Metaspace: 4890K->4890K(139264K)], 0.0035665 secs] [Times: user=0.00 sys=0.00, real=0.00 secs] 
2020-11-18T11:06:03.011-0800: 19.489: [Full GC (System.gc()) 2020-11-18T11:06:03.011-0800: 19.489: [CMS: 6846K->6846K(6848K), 0.0039393 secs] 8967K->8940K(9920K), [Metaspace: 4890K->4890K(139264K)], 0.0040062 secs] [Times: user=0.00 sys=0.00, real=0.00 secs] 
2020-11-18T11:06:03.015-0800: 19.493: [GC (CMS Initial Mark) [1 CMS-initial-mark: 6846K(6848K)] 8940K(9920K), 0.0002219 secs] [Times: user=0.00 sys=0.00, real=0.00 secs] 
2020-11-18T11:06:03.015-0800: 19.493: [CMS-concurrent-mark-start]
2020-11-18T11:06:03.016-0800: 19.495: [Full GC (System.gc()) 2020-11-18T11:06:03.016-0800: 19.495: [CMS2020-11-18T11:06:03.017-0800: 19.496: [CMS-concurrent-mark: 0.001/0.002 secs] [Times: user=0.01 sys=0.01, real=0.00 secs] 
 (concurrent mode interrupted): 6846K->6846K(6848K), 0.0047720 secs] 8969K->8943K(9920K), [Metaspace: 4890K->4890K(139264K)], 0.0048116 secs] [Times: user=0.00 sys=0.01, real=0.01 secs] 
2020-11-18T11:06:03.022-0800: 19.501: [Full GC (System.gc()) 2020-11-18T11:06:03.022-0800: 19.501: [CMS: 6846K->6846K(6848K), 0.0039058 secs] 8972K->8945K(9920K), [Metaspace: 4890K->4890K(139264K)], 0.0039815 secs] [Times: user=0.01 sys=0.00, real=0.00 secs] 
2020-11-18T11:06:03.026-0800: 19.505: [GC (CMS Initial Mark) [1 CMS-initial-mark: 6846K(6848K)] 8945K(9920K), 0.0002145 secs] [Times: user=0.00 sys=0.00, real=0.00 secs] 
2020-11-18T11:06:03.027-0800: 19.505: [CMS-concurrent-mark-start]
2020-11-18T11:06:03.028-0800: 19.506: [Full GC (System.gc()) 2020-11-18T11:06:03.028-0800: 19.506: [CMS2020-11-18T11:06:03.029-0800: 19.508: [CMS-concurrent-mark: 0.001/0.003 secs] [Times: user=0.00 sys=0.00, real=0.00 secs] 
 (concurrent mode interrupted): 6846K->6846K(6848K), 0.0054154 secs] 8974K->8948K(9920K), [Metaspace: 4890K->4890K(139264K)], 0.0054710 secs] [Times: user=0.00 sys=0.00, real=0.01 secs] 
2020-11-18T11:06:03.035-0800: 19.513: [Full GC (System.gc()) 2020-11-18T11:06:03.035-0800: 19.513: [CMS: 6846K->6846K(6848K), 0.0040352 secs] 8977K->8950K(9920K), [Metaspace: 4890K->4890K(139264K)], 0.0041068 secs] [Times: user=0.01 sys=0.00, real=0.00 secs] 
2020-11-18T11:06:03.039-0800: 19.517: [GC (CMS Initial Mark) [1 CMS-initial-mark: 6846K(6848K)] 8950K(9920K), 0.0002224 secs] [Times: user=0.00 sys=0.00, real=0.00 secs] 
2020-11-18T11:06:03.039-0800: 19.518: [CMS-concurrent-mark-start]
2020-11-18T11:06:03.040-0800: 19.519: [Full GC (System.gc()) 2020-11-18T11:06:03.040-0800: 19.519: [CMS2020-11-18T11:06:03.042-0800: 19.520: [CMS-concurrent-mark: 0.001/0.002 secs] [Times: user=0.00 sys=0.00, real=0.01 secs] 
 (concurrent mode interrupted): 6846K->6846K(6848K), 0.0054681 secs] 8979K->8953K(9920K), [Metaspace: 4890K->4890K(139264K)], 0.0055160 secs] [Times: user=0.01 sys=0.00, real=0.00 secs] 
2020-11-18T11:06:03.047-0800: 19.526: [Full GC (System.gc()) 2020-11-18T11:06:03.047-0800: 19.526: [CMS: 6846K->6846K(6848K), 0.0041179 secs] 8982K->8955K(9920K), [Metaspace: 4890K->4890K(139264K)], 0.0041892 secs] [Times: user=0.00 sys=0.00, real=0.01 secs] 
2020-11-18T11:06:03.052-0800: 19.530: [GC (CMS Initial Mark) [1 CMS-initial-mark: 6846K(6848K)] 8955K(9920K), 0.0002596 secs] [Times: user=0.00 sys=0.00, real=0.00 secs] 
2020-11-18T11:06:03.052-0800: 19.530: [CMS-concurrent-mark-start]
2020-11-18T11:06:03.053-0800: 19.532: [Full GC (System.gc()) 2020-11-18T11:06:03.053-0800: 19.532: [CMS2020-11-18T11:06:03.055-0800: 19.533: [CMS-concurrent-mark: 0.001/0.003 secs] [Times: user=0.00 sys=0.00, real=0.00 secs] 
 (concurrent mode interrupted): 6846K->6846K(6848K), 0.0055481 secs] 8984K->8957K(9920K), [Metaspace: 4890K->4890K(139264K)], 0.0056057 secs] [Times: user=0.01 sys=0.00, real=0.00 secs] 
2020-11-18T11:06:03.060-0800: 19.539: [Full GC (System.gc()) 2020-11-18T11:06:03.060-0800: 19.539: [CMS: 6846K->6846K(6848K), 0.0040840 secs] 8986K->8960K(9920K), [Metaspace: 4890K->4890K(139264K)], 0.0041591 secs] [Times: user=0.00 sys=0.00, real=0.00 secs] 
2020-11-18T11:06:03.065-0800: 19.543: [GC (CMS Initial Mark) [1 CMS-initial-mark: 6846K(6848K)] 8960K(9920K), 0.0002078 secs] [Times: user=0.00 sys=0.00, real=0.00 secs] 
2020-11-18T11:06:03.065-0800: 19.543: [CMS-concurrent-mark-start]
2020-11-18T11:06:03.066-0800: 19.544: [Full GC (System.gc()) 2020-11-18T11:06:03.066-0800: 19.544: [CMS2020-11-18T11:06:03.067-0800: 19.546: [CMS-concurrent-mark: 0.001/0.002 secs] [Times: user=0.01 sys=0.00, real=0.00 secs] 
 (concurrent mode interrupted): 6846K->6846K(6848K), 0.0047829 secs] 8989K->8962K(9920K), [Metaspace: 4890K->4890K(139264K)], 0.0048322 secs] [Times: user=0.00 sys=0.00, real=0.01 secs] 
2020-11-18T11:06:03.072-0800: 19.551: [Full GC (System.gc()) 2020-11-18T11:06:03.072-0800: 19.551: [CMS: 6846K->6846K(6848K), 0.0035650 secs] 8991K->8965K(9920K), [Metaspace: 4890K->4890K(139264K)], 0.0036070 secs] [Times: user=0.00 sys=0.00, real=0.00 secs] 
2020-11-18T11:06:03.076-0800: 19.554: [GC (CMS Initial Mark) [1 CMS-initial-mark: 6846K(6848K)] 8965K(9920K), 0.0001664 secs] [Times: user=0.00 sys=0.00, real=0.00 secs] 
2020-11-18T11:06:03.076-0800: 19.555: [CMS-concurrent-mark-start]
2020-11-18T11:06:03.077-0800: 19.556: [Full GC (System.gc()) 2020-11-18T11:06:03.077-0800: 19.556: [CMS2020-11-18T11:06:03.079-0800: 19.557: [CMS-concurrent-mark: 0.001/0.002 secs] [Times: user=0.01 sys=0.00, real=0.00 secs] 
 (concurrent mode interrupted): 6846K->6846K(6848K), 0.0052837 secs] 8994K->8967K(9920K), [Metaspace: 4890K->4890K(139264K)], 0.0053348 secs] [Times: user=0.00 sys=0.00, real=0.01 secs] 
2020-11-18T11:06:03.084-0800: 19.563: [Full GC (System.gc()) 2020-11-18T11:06:03.084-0800: 19.563: [CMS: 6846K->6846K(6848K), 0.0042037 secs] 8996K->8969K(9920K), [Metaspace: 4890K->4890K(139264K)], 0.0042743 secs] [Times: user=0.01 sys=0.00, real=0.00 secs] 
2020-11-18T11:06:03.088-0800: 19.567: [GC (CMS Initial Mark) [1 CMS-initial-mark: 6846K(6848K)] 8969K(9920K), 0.0001895 secs] [Times: user=0.00 sys=0.00, real=0.00 secs] 
2020-11-18T11:06:03.089-0800: 19.567: [CMS-concurrent-mark-start]
2020-11-18T11:06:03.090-0800: 19.568: [CMS-concurrent-mark: 0.001/0.001 secs] [Times: user=0.00 sys=0.00, real=0.01 secs] 
2020-11-18T11:06:03.090-0800: 19.569: [Full GC (System.gc()) 2020-11-18T11:06:03.090-0800: 19.569: [CMS (concurrent mode interrupted): 6846K->6846K(6848K), 0.0035310 secs] 8998K->8972K(9920K), [Metaspace: 4890K->4890K(139264K)], 0.0035664 secs] [Times: user=0.00 sys=0.00, real=0.00 secs] 
2020-11-18T11:06:03.095-0800: 19.573: [Full GC (System.gc()) 2020-11-18T11:06:03.095-0800: 19.573: [CMS: 6846K->6846K(6848K), 0.0040152 secs] 9001K->8974K(9920K), [Metaspace: 4890K->4890K(139264K)], 0.0040853 secs] [Times: user=0.01 sys=0.00, real=0.00 secs] 
2020-11-18T11:06:03.099-0800: 19.578: [GC (CMS Initial Mark) [1 CMS-initial-mark: 6846K(6848K)] 8974K(9920K), 0.0002013 secs] [Times: user=0.00 sys=0.00, real=0.00 secs] 
2020-11-18T11:06:03.099-0800: 19.578: [CMS-concurrent-mark-start]
2020-11-18T11:06:03.100-0800: 19.579: [Full GC (System.gc()) 2020-11-18T11:06:03.100-0800: 19.579: [CMS2020-11-18T11:06:03.102-0800: 19.580: [CMS-concurrent-mark: 0.001/0.003 secs] [Times: user=0.00 sys=0.00, real=0.01 secs] 
 (concurrent mode interrupted): 6846K->6846K(6848K), 0.0049762 secs] 9003K->8977K(9920K), [Metaspace: 4890K->4890K(139264K)], 0.0050184 secs] [Times: user=0.00 sys=0.00, real=0.00 secs] 
2020-11-18T11:06:03.107-0800: 19.585: [Full GC (System.gc()) 2020-11-18T11:06:03.107-0800: 19.585: [CMS: 6846K->6846K(6848K), 0.0036636 secs] 9006K->8979K(9920K), [Metaspace: 4890K->4890K(139264K)], 0.0037119 secs] [Times: user=0.01 sys=0.00, real=0.01 secs] 
2020-11-18T11:06:03.111-0800: 19.589: [GC (CMS Initial Mark) [1 CMS-initial-mark: 6846K(6848K)] 8979K(9920K), 0.0002189 secs] [Times: user=0.00 sys=0.00, real=0.00 secs] 
2020-11-18T11:06:03.111-0800: 19.589: [CMS-concurrent-mark-start]
2020-11-18T11:06:03.112-0800: 19.590: [Full GC (System.gc()) 2020-11-18T11:06:03.112-0800: 19.590: [CMS2020-11-18T11:06:03.113-0800: 19.592: [CMS-concurrent-mark: 0.001/0.002 secs] [Times: user=0.00 sys=0.00, real=0.00 secs] 
 (concurrent mode interrupted): 6846K->6846K(6848K), 0.0051387 secs] 9008K->8982K(9920K), [Metaspace: 4890K->4890K(139264K)], 0.0051841 secs] [Times: user=0.01 sys=0.00, real=0.00 secs] 
2020-11-18T11:06:03.118-0800: 19.597: [Full GC (System.gc()) 2020-11-18T11:06:03.118-0800: 19.597: [CMS: 6846K->6846K(6848K), 0.0039938 secs] 9011K->8984K(9920K), [Metaspace: 4890K->4890K(139264K)], 0.0040658 secs] [Times: user=0.00 sys=0.00, real=0.01 secs] 
2020-11-18T11:06:03.122-0800: 19.601: [GC (CMS Initial Mark) [1 CMS-initial-mark: 6846K(6848K)] 8984K(9920K), 0.0002177 secs] [Times: user=0.00 sys=0.00, real=0.00 secs] 
2020-11-18T11:06:03.123-0800: 19.601: [CMS-concurrent-mark-start]
2020-11-18T11:06:03.124-0800: 19.602: [Full GC (System.gc()) 2020-11-18T11:06:03.124-0800: 19.602: [CMS2020-11-18T11:06:03.125-0800: 19.604: [CMS-concurrent-mark: 0.001/0.003 secs] [Times: user=0.00 sys=0.00, real=0.00 secs] 
 (concurrent mode interrupted): 6846K->6846K(6848K), 0.0056227 secs] 9013K->8986K(9920K), [Metaspace: 4890K->4890K(139264K)], 0.0056743 secs] [Times: user=0.01 sys=0.00, real=0.00 secs] 
2020-11-18T11:06:03.131-0800: 19.609: [Full GC (System.gc()) 2020-11-18T11:06:03.131-0800: 19.609: [CMS: 6846K->6846K(6848K), 0.0042072 secs] 9015K->8989K(9920K), [Metaspace: 4890K->4890K(139264K)], 0.0042763 secs] [Times: user=0.00 sys=0.00, real=0.00 secs] 
2020-11-18T11:06:03.135-0800: 19.614: [GC (CMS Initial Mark) [1 CMS-initial-mark: 6846K(6848K)] 8989K(9920K), 0.0002025 secs] [Times: user=0.00 sys=0.00, real=0.00 secs] 
2020-11-18T11:06:03.135-0800: 19.614: [CMS-concurrent-mark-start]
2020-11-18T11:06:03.137-0800: 19.615: [CMS-concurrent-mark: 0.001/0.001 secs] [Times: user=0.01 sys=0.00, real=0.00 secs] 
2020-11-18T11:06:03.137-0800: 19.615: [Full GC (System.gc()) 2020-11-18T11:06:03.137-0800: 19.615: [CMS (concurrent mode interrupted): 6846K->6846K(6848K), 0.0033887 secs] 9018K->8991K(9920K), [Metaspace: 4890K->4890K(139264K)], 0.0034260 secs] [Times: user=0.00 sys=0.00, real=0.01 secs] 
2020-11-18T11:06:03.142-0800: 19.620: [Full GC (System.gc()) 2020-11-18T11:06:03.142-0800: 19.620: [CMS: 6846K->6846K(6848K), 0.0040951 secs] 9020K->8994K(9920K), [Metaspace: 4890K->4890K(139264K)], 0.0041722 secs] [Times: user=0.00 sys=0.00, real=0.00 secs] 
2020-11-18T11:06:03.146-0800: 19.624: [GC (CMS Initial Mark) [1 CMS-initial-mark: 6846K(6848K)] 8994K(9920K), 0.0002067 secs] [Times: user=0.00 sys=0.00, real=0.00 secs] 
2020-11-18T11:06:03.146-0800: 19.625: [CMS-concurrent-mark-start]
2020-11-18T11:06:03.147-0800: 19.626: [Full GC (System.gc()) 2020-11-18T11:06:03.147-0800: 19.626: [CMS2020-11-18T11:06:03.149-0800: 19.627: [CMS-concurrent-mark: 0.001/0.003 secs] [Times: user=0.01 sys=0.00, real=0.00 secs] 
 (concurrent mode interrupted): 6846K->6846K(6848K), 0.0054547 secs] 9023K->8996K(9920K), [Metaspace: 4890K->4890K(139264K)], 0.0055103 secs] [Times: user=0.00 sys=0.00, real=0.01 secs] 
2020-11-18T11:06:03.154-0800: 19.632: [Full GC (System.gc()) 2020-11-18T11:06:03.154-0800: 19.632: [CMS: 6846K->6846K(6848K), 0.0041377 secs] 9025K->8998K(9920K), [Metaspace: 4890K->4890K(139264K)], 0.0042089 secs] [Times: user=0.01 sys=0.00, real=0.00 secs] 
2020-11-18T11:06:03.158-0800: 19.637: [GC (CMS Initial Mark) [1 CMS-initial-mark: 6846K(6848K)] 8998K(9920K), 0.0002009 secs] [Times: user=0.00 sys=0.00, real=0.00 secs] 
2020-11-18T11:06:03.159-0800: 19.637: [CMS-concurrent-mark-start]
2020-11-18T11:06:03.160-0800: 19.638: [Full GC (System.gc()) 2020-11-18T11:06:03.160-0800: 19.638: [CMS2020-11-18T11:06:03.161-0800: 19.640: [CMS-concurrent-mark: 0.001/0.003 secs] [Times: user=0.00 sys=0.00, real=0.01 secs] 
 (concurrent mode interrupted): 6846K->6846K(6848K), 0.0050925 secs] 9027K->9001K(9920K), [Metaspace: 4890K->4890K(139264K)], 0.0051486 secs] [Times: user=0.00 sys=0.00, real=0.00 secs] 
2020-11-18T11:06:03.166-0800: 19.645: [Full GC (System.gc()) 2020-11-18T11:06:03.166-0800: 19.645: [CMS: 6846K->6846K(6848K), 0.0034326 secs] 9030K->9003K(9920K), [Metaspace: 4890K->4890K(139264K)], 0.0035066 secs] [Times: user=0.01 sys=0.00, real=0.01 secs] 
2020-11-18T11:06:03.170-0800: 19.648: [GC (CMS Initial Mark) [1 CMS-initial-mark: 6846K(6848K)] 9003K(9920K), 0.0002223 secs] [Times: user=0.00 sys=0.00, real=0.00 secs] 
2020-11-18T11:06:03.170-0800: 19.649: [CMS-concurrent-mark-start]
2020-11-18T11:06:03.171-0800: 19.650: [Full GC (System.gc()) 2020-11-18T11:06:03.171-0800: 19.650: [CMS2020-11-18T11:06:03.172-0800: 19.651: [CMS-concurrent-mark: 0.001/0.002 secs] [Times: user=0.00 sys=0.00, real=0.00 secs] 
 (concurrent mode interrupted): 6846K->6846K(6848K), 0.0046618 secs] 9032K->9006K(9920K), [Metaspace: 4890K->4890K(139264K)], 0.0047100 secs] [Times: user=0.00 sys=0.00, real=0.00 secs] 
2020-11-18T11:06:03.177-0800: 19.656: [Full GC (System.gc()) 2020-11-18T11:06:03.178-0800: 19.656: [CMS: 6846K->6846K(6848K), 0.0040456 secs] 9035K->9008K(9920K), [Metaspace: 4890K->4890K(139264K)], 0.0041174 secs] [Times: user=0.01 sys=0.00, real=0.01 secs] 
2020-11-18T11:06:03.182-0800: 19.660: [GC (CMS Initial Mark) [1 CMS-initial-mark: 6846K(6848K)] 9008K(9920K), 0.0002158 secs] [Times: user=0.00 sys=0.00, real=0.00 secs] 
2020-11-18T11:06:03.182-0800: 19.660: [CMS-concurrent-mark-start]
2020-11-18T11:06:03.183-0800: 19.661: [Full GC (System.gc()) 2020-11-18T11:06:03.183-0800: 19.661: [CMS2020-11-18T11:06:03.185-0800: 19.663: [CMS-concurrent-mark: 0.001/0.003 secs] [Times: user=0.00 sys=0.00, real=0.00 secs] 
 (concurrent mode interrupted): 6846K->6846K(6848K), 0.0056461 secs] 9037K->9010K(9920K), [Metaspace: 4890K->4890K(139264K)], 0.0056904 secs] [Times: user=0.01 sys=0.00, real=0.00 secs] 
2020-11-18T11:06:03.190-0800: 19.668: [Full GC (System.gc()) 2020-11-18T11:06:03.190-0800: 19.668: [CMS: 6846K->6846K(6848K), 0.0036177 secs] 9040K->9013K(9920K), [Metaspace: 4890K->4890K(139264K)], 0.0036706 secs] [Times: user=0.00 sys=0.00, real=0.00 secs] 
2020-11-18T11:06:03.194-0800: 19.672: [GC (CMS Initial Mark) [1 CMS-initial-mark: 6846K(6848K)] 9013K(9920K), 0.0002125 secs] [Times: user=0.00 sys=0.00, real=0.00 secs] 
2020-11-18T11:06:03.194-0800: 19.672: [CMS-concurrent-mark-start]
2020-11-18T11:06:03.195-0800: 19.674: [Full GC (System.gc()) 2020-11-18T11:06:03.195-0800: 19.674: [CMS2020-11-18T11:06:03.196-0800: 19.675: [CMS-concurrent-mark: 0.001/0.002 secs] [Times: user=0.00 sys=0.00, real=0.00 secs] 
 (concurrent mode interrupted): 6846K->6846K(6848K), 0.0048740 secs] 9042K->9015K(9920K), [Metaspace: 4890K->4890K(139264K)], 0.0049237 secs] [Times: user=0.01 sys=0.00, real=0.01 secs] 
2020-11-18T11:06:03.201-0800: 19.680: [Full GC (System.gc()) 2020-11-18T11:06:03.201-0800: 19.680: [CMS: 6846K->6846K(6848K), 0.0034388 secs] 9044K->9018K(9920K), [Metaspace: 4890K->4890K(139264K)], 0.0034814 secs] [Times: user=0.00 sys=0.00, real=0.00 secs] 
2020-11-18T11:06:03.205-0800: 19.683: [GC (CMS Initial Mark) [1 CMS-initial-mark: 6846K(6848K)] 9018K(9920K), 0.0002145 secs] [Times: user=0.00 sys=0.00, real=0.00 secs] 
2020-11-18T11:06:03.205-0800: 19.684: [CMS-concurrent-mark-start]
2020-11-18T11:06:03.206-0800: 19.685: [Full GC (System.gc()) 2020-11-18T11:06:03.206-0800: 19.685: [CMS2020-11-18T11:06:03.208-0800: 19.686: [CMS-concurrent-mark: 0.001/0.002 secs] [Times: user=0.00 sys=0.00, real=0.00 secs] 
 (concurrent mode interrupted): 6846K->6846K(6848K), 0.0049012 secs] 9047K->9020K(9920K), [Metaspace: 4890K->4890K(139264K)], 0.0049646 secs] [Times: user=0.01 sys=0.00, real=0.01 secs] 
2020-11-18T11:06:03.213-0800: 19.691: [Full GC (System.gc()) 2020-11-18T11:06:03.213-0800: 19.691: [CMS: 6846K->6846K(6848K), 0.0042148 secs] 9049K->9023K(9920K), [Metaspace: 4890K->4890K(139264K)], 0.0043040 secs] [Times: user=0.00 sys=0.00, real=0.00 secs] 
2020-11-18T11:06:03.217-0800: 19.695: [GC (CMS Initial Mark) [1 CMS-initial-mark: 6846K(6848K)] 9023K(9920K), 0.0002585 secs] [Times: user=0.00 sys=0.00, real=0.00 secs] 
2020-11-18T11:06:03.217-0800: 19.696: [CMS-concurrent-mark-start]
2020-11-18T11:06:03.218-0800: 19.697: [CMS-concurrent-mark: 0.001/0.001 secs] [Times: user=0.01 sys=0.00, real=0.00 secs] 
2020-11-18T11:06:03.218-0800: 19.697: [Full GC (System.gc()) 2020-11-18T11:06:03.218-0800: 19.697: [CMS (concurrent mode interrupted): 6846K->6846K(6848K), 0.0037676 secs] 9052K->9025K(9920K), [Metaspace: 4890K->4890K(139264K)], 0.0038112 secs] [Times: user=0.00 sys=0.00, real=0.01 secs] 
2020-11-18T11:06:03.223-0800: 19.702: [Full GC (System.gc()) 2020-11-18T11:06:03.224-0800: 19.702: [CMS: 6846K->6846K(6848K), 0.0035446 secs] 9054K->9027K(9920K), [Metaspace: 4890K->4890K(139264K)], 0.0035906 secs] [Times: user=0.00 sys=0.00, real=0.00 secs] 
2020-11-18T11:06:03.227-0800: 19.706: [GC (CMS Initial Mark) [1 CMS-initial-mark: 6846K(6848K)] 9027K(9920K), 0.0002025 secs] [Times: user=0.00 sys=0.00, real=0.00 secs] 
2020-11-18T11:06:03.227-0800: 19.706: [CMS-concurrent-mark-start]
2020-11-18T11:06:03.229-0800: 19.707: [Full GC (System.gc()) 2020-11-18T11:06:03.229-0800: 19.707: [CMS2020-11-18T11:06:03.230-0800: 19.708: [CMS-concurrent-mark: 0.001/0.002 secs] [Times: user=0.01 sys=0.00, real=0.01 secs] 
 (concurrent mode interrupted): 6846K->6846K(6848K), 0.0050619 secs] 9056K->9030K(9920K), [Metaspace: 4890K->4890K(139264K)], 0.0051131 secs] [Times: user=0.00 sys=0.00, real=0.01 secs] 
2020-11-18T11:06:03.235-0800: 19.714: [Full GC (System.gc()) 2020-11-18T11:06:03.235-0800: 19.714: [CMS: 6846K->6846K(6848K), 0.0045899 secs] 9059K->9032K(9920K), [Metaspace: 4890K->4890K(139264K)], 0.0046551 secs] [Times: user=0.01 sys=0.01, real=0.01 secs] 
2020-11-18T11:06:03.240-0800: 19.718: [GC (CMS Initial Mark) [1 CMS-initial-mark: 6846K(6848K)] 9032K(9920K), 0.0002419 secs] [Times: user=0.00 sys=0.00, real=0.00 secs] 
2020-11-18T11:06:03.240-0800: 19.719: [CMS-concurrent-mark-start]
2020-11-18T11:06:03.241-0800: 19.720: [Full GC (System.gc()) 2020-11-18T11:06:03.241-0800: 19.720: [CMS2020-11-18T11:06:03.243-0800: 19.721: [CMS-concurrent-mark: 0.001/0.003 secs] [Times: user=0.00 sys=0.00, real=0.00 secs] 
 (concurrent mode interrupted): 6846K->6846K(6848K), 0.0050881 secs] 9061K->9035K(9920K), [Metaspace: 4890K->4890K(139264K)], 0.0051349 secs] [Times: user=0.00 sys=0.00, real=0.00 secs] 
2020-11-18T11:06:03.248-0800: 19.726: [Full GC (System.gc()) 2020-11-18T11:06:03.248-0800: 19.726: [CMS: 6846K->6846K(6848K), 0.0039498 secs] 9064K->9037K(9920K), [Metaspace: 4890K->4890K(139264K)], 0.0040088 secs] [Times: user=0.01 sys=0.00, real=0.01 secs] 
2020-11-18T11:06:03.252-0800: 19.730: [GC (CMS Initial Mark) [1 CMS-initial-mark: 6846K(6848K)] 9037K(9920K), 0.0003219 secs] [Times: user=0.00 sys=0.00, real=0.00 secs] 
2020-11-18T11:06:03.252-0800: 19.731: [CMS-concurrent-mark-start]
2020-11-18T11:06:03.253-0800: 19.732: [Full GC (System.gc()) 2020-11-18T11:06:03.253-0800: 19.732: [CMS2020-11-18T11:06:03.255-0800: 19.733: [CMS-concurrent-mark: 0.002/0.003 secs] [Times: user=0.00 sys=0.00, real=0.00 secs] 
 (concurrent mode interrupted): 6846K->6846K(6848K), 0.0055887 secs] 9066K->9039K(9920K), [Metaspace: 4890K->4890K(139264K)], 0.0056373 secs] [Times: user=0.01 sys=0.00, real=0.00 secs] 
2020-11-18T11:06:03.260-0800: 19.739: [Full GC (System.gc()) 2020-11-18T11:06:03.260-0800: 19.739: [CMS: 6846K->6846K(6848K), 0.0040130 secs] 9068K->9042K(9920K), [Metaspace: 4890K->4890K(139264K)], 0.0040730 secs] [Times: user=0.00 sys=0.00, real=0.00 secs] 
2020-11-18T11:06:03.264-0800: 19.743: [GC (CMS Initial Mark) [1 CMS-initial-mark: 6846K(6848K)] 9042K(9920K), 0.0002011 secs] [Times: user=0.00 sys=0.00, real=0.00 secs] 
2020-11-18T11:06:03.265-0800: 19.743: [CMS-concurrent-mark-start]
2020-11-18T11:06:03.266-0800: 19.744: [Full GC (System.gc()) 2020-11-18T11:06:03.266-0800: 19.744: [CMS2020-11-18T11:06:03.267-0800: 19.746: [CMS-concurrent-mark: 0.001/0.002 secs] [Times: user=0.00 sys=0.00, real=0.00 secs] 
 (concurrent mode interrupted): 6846K->6846K(6848K), 0.0048727 secs] 9071K->9044K(9920K), [Metaspace: 4890K->4890K(139264K)], 0.0049153 secs] [Times: user=0.01 sys=0.00, real=0.01 secs] 
2020-11-18T11:06:03.272-0800: 19.751: [Full GC (System.gc()) 2020-11-18T11:06:03.272-0800: 19.751: [CMS: 6846K->6846K(6848K), 0.0042798 secs] 9073K->9047K(9920K), [Metaspace: 4890K->4890K(139264K)], 0.0043508 secs] [Times: user=0.00 sys=0.00, real=0.00 secs] 
2020-11-18T11:06:03.277-0800: 19.755: [GC (CMS Initial Mark) [1 CMS-initial-mark: 6846K(6848K)] 9047K(9920K), 0.0002091 secs] [Times: user=0.00 sys=0.00, real=0.00 secs] 
2020-11-18T11:06:03.277-0800: 19.755: [CMS-concurrent-mark-start]
2020-11-18T11:06:03.278-0800: 19.757: [CMS-concurrent-mark: 0.001/0.001 secs] [Times: user=0.00 sys=0.00, real=0.00 secs] 
2020-11-18T11:06:03.278-0800: 19.757: [Full GC (System.gc()) 2020-11-18T11:06:03.278-0800: 19.757: [CMS (concurrent mode interrupted): 6846K->6846K(6848K), 0.0036199 secs] 9076K->9049K(9920K), [Metaspace: 4890K->4890K(139264K)], 0.0036529 secs] [Times: user=0.01 sys=0.00, real=0.01 secs] 
2020-11-18T11:06:03.283-0800: 19.762: [Full GC (System.gc()) 2020-11-18T11:06:03.283-0800: 19.762: [CMS: 6846K->6846K(6848K), 0.0037097 secs] 9078K->9052K(9920K), [Metaspace: 4890K->4890K(139264K)], 0.0037605 secs] [Times: user=0.00 sys=0.00, real=0.00 secs] 
2020-11-18T11:06:03.287-0800: 19.766: [GC (CMS Initial Mark) [1 CMS-initial-mark: 6846K(6848K)] 9052K(9920K), 0.0002109 secs] [Times: user=0.00 sys=0.00, real=0.00 secs] 
2020-11-18T11:06:03.287-0800: 19.766: [CMS-concurrent-mark-start]
2020-11-18T11:06:03.288-0800: 19.767: [Full GC (System.gc()) 2020-11-18T11:06:03.288-0800: 19.767: [CMS2020-11-18T11:06:03.290-0800: 19.768: [CMS-concurrent-mark: 0.001/0.002 secs] [Times: user=0.01 sys=0.00, real=0.01 secs] 
 (concurrent mode interrupted): 6846K->6846K(6848K), 0.0047367 secs] 9081K->9054K(9920K), [Metaspace: 4890K->4890K(139264K)], 0.0047742 secs] [Times: user=0.00 sys=0.00, real=0.01 secs] 
2020-11-18T11:06:03.295-0800: 19.773: [Full GC (System.gc()) 2020-11-18T11:06:03.295-0800: 19.773: [CMS: 6846K->6846K(6848K), 0.0043714 secs] 9083K->9056K(9920K), [Metaspace: 4890K->4890K(139264K)], 0.0044538 secs] [Times: user=0.00 sys=0.00, real=0.00 secs] 
2020-11-18T11:06:03.299-0800: 19.778: [GC (CMS Initial Mark) [1 CMS-initial-mark: 6846K(6848K)] 9056K(9920K), 0.0002699 secs] [Times: user=0.00 sys=0.00, real=0.01 secs] 
2020-11-18T11:06:03.300-0800: 19.778: [CMS-concurrent-mark-start]
2020-11-18T11:06:03.301-0800: 19.779: [Full GC (System.gc()) 2020-11-18T11:06:03.301-0800: 19.779: [CMS2020-11-18T11:06:03.302-0800: 19.781: [CMS-concurrent-mark: 0.001/0.003 secs] [Times: user=0.01 sys=0.00, real=0.00 secs] 
 (concurrent mode interrupted): 6846K->6846K(6848K), 0.0055709 secs] 9085K->9059K(9920K), [Metaspace: 4890K->4890K(139264K)], 0.0056229 secs] [Times: user=0.00 sys=0.00, real=0.00 secs] 
2020-11-18T11:06:03.308-0800: 19.786: [Full GC (System.gc()) 2020-11-18T11:06:03.308-0800: 19.786: [CMS: 6846K->6846K(6848K), 0.0043632 secs] 9088K->9061K(9920K), [Metaspace: 4890K->4890K(139264K)], 0.0044333 secs] [Times: user=0.01 sys=0.00, real=0.01 secs] 
2020-11-18T11:06:03.312-0800: 19.791: [GC (CMS Initial Mark) [1 CMS-initial-mark: 6846K(6848K)] 9061K(9920K), 0.0002610 secs] [Times: user=0.00 sys=0.00, real=0.00 secs] 
2020-11-18T11:06:03.312-0800: 19.791: [CMS-concurrent-mark-start]
2020-11-18T11:06:03.314-0800: 19.792: [Full GC (System.gc()) 2020-11-18T11:06:03.314-0800: 19.792: [CMS2020-11-18T11:06:03.315-0800: 19.793: [CMS-concurrent-mark: 0.001/0.003 secs] [Times: user=0.00 sys=0.00, real=0.00 secs] 
 (concurrent mode interrupted): 6846K->6846K(6848K), 0.0052109 secs] 9090K->9064K(9920K), [Metaspace: 4890K->4890K(139264K)], 0.0052578 secs] [Times: user=0.00 sys=0.00, real=0.00 secs] 
2020-11-18T11:06:03.320-0800: 19.799: [Full GC (System.gc()) 2020-11-18T11:06:03.320-0800: 19.799: [CMS: 6846K->6846K(6848K), 0.0037122 secs] 9093K->9066K(9920K), [Metaspace: 4890K->4890K(139264K)], 0.0037690 secs] [Times: user=0.01 sys=0.00, real=0.00 secs] 
2020-11-18T11:06:03.324-0800: 19.802: [GC (CMS Initial Mark) [1 CMS-initial-mark: 6846K(6848K)] 9066K(9920K), 0.0002680 secs] [Times: user=0.00 sys=0.00, real=0.00 secs] 
2020-11-18T11:06:03.324-0800: 19.803: [CMS-concurrent-mark-start]
2020-11-18T11:06:03.325-0800: 19.804: [Full GC (System.gc()) 2020-11-18T11:06:03.325-0800: 19.804: [CMS2020-11-18T11:06:03.327-0800: 19.805: [CMS-concurrent-mark: 0.001/0.003 secs] [Times: user=0.00 sys=0.00, real=0.00 secs] 
 (concurrent mode interrupted): 6846K->6846K(6848K), 0.0056554 secs] 9095K->9068K(9920K), [Metaspace: 4890K->4890K(139264K)], 0.0057081 secs] [Times: user=0.01 sys=0.00, real=0.01 secs] 
2020-11-18T11:06:03.332-0800: 19.811: [Full GC (System.gc()) 2020-11-18T11:06:03.332-0800: 19.811: [CMS: 6846K->6846K(6848K), 0.0044959 secs] 9097K->9071K(9920K), [Metaspace: 4890K->4890K(139264K)], 0.0045754 secs] [Times: user=0.00 sys=0.00, real=0.00 secs] 
2020-11-18T11:06:03.337-0800: 19.816: [GC (CMS Initial Mark) [1 CMS-initial-mark: 6846K(6848K)] 9071K(9920K), 0.0002056 secs] [Times: user=0.00 sys=0.00, real=0.00 secs] 
2020-11-18T11:06:03.337-0800: 19.816: [CMS-concurrent-mark-start]
2020-11-18T11:06:03.338-0800: 19.817: [Full GC (System.gc()) 2020-11-18T11:06:03.338-0800: 19.817: [CMS2020-11-18T11:06:03.340-0800: 19.818: [CMS-concurrent-mark: 0.001/0.002 secs] [Times: user=0.00 sys=0.00, real=0.01 secs] 
 (concurrent mode interrupted): 6846K->6846K(6848K), 0.0048374 secs] 9100K->9073K(9920K), [Metaspace: 4890K->4890K(139264K)], 0.0048821 secs] [Times: user=0.01 sys=0.00, real=0.01 secs] 
2020-11-18T11:06:03.345-0800: 19.823: [Full GC (System.gc()) 2020-11-18T11:06:03.345-0800: 19.823: [CMS: 6846K->6846K(6848K), 0.0043289 secs] 9102K->9076K(9920K), [Metaspace: 4890K->4890K(139264K)], 0.0044099 secs] [Times: user=0.00 sys=0.00, real=0.00 secs] 
2020-11-18T11:06:03.349-0800: 19.828: [GC (CMS Initial Mark) [1 CMS-initial-mark: 6846K(6848K)] 9076K(9920K), 0.0002093 secs] [Times: user=0.00 sys=0.00, real=0.00 secs] 
2020-11-18T11:06:03.349-0800: 19.828: [CMS-concurrent-mark-start]
2020-11-18T11:06:03.351-0800: 19.829: [Full GC (System.gc()) 2020-11-18T11:06:03.351-0800: 19.829: [CMS2020-11-18T11:06:03.352-0800: 19.830: [CMS-concurrent-mark: 0.001/0.002 secs] [Times: user=0.01 sys=0.00, real=0.01 secs] 
 (concurrent mode interrupted): 6846K->6846K(6848K), 0.0049046 secs] 9105K->9078K(9920K), [Metaspace: 4890K->4890K(139264K)], 0.0049495 secs] [Times: user=0.00 sys=0.00, real=0.00 secs] 
2020-11-18T11:06:03.357-0800: 19.835: [Full GC (System.gc()) 2020-11-18T11:06:03.357-0800: 19.835: [CMS: 6846K->6846K(6848K), 0.0039364 secs] 9107K->9081K(9920K), [Metaspace: 4890K->4890K(139264K)], 0.0039894 secs] [Times: user=0.00 sys=0.00, real=0.01 secs] 
2020-11-18T11:06:03.361-0800: 19.839: [GC (CMS Initial Mark) [1 CMS-initial-mark: 6846K(6848K)] 9081K(9920K), 0.0002001 secs] [Times: user=0.00 sys=0.00, real=0.00 secs] 
2020-11-18T11:06:03.361-0800: 19.840: [CMS-concurrent-mark-start]
2020-11-18T11:06:03.362-0800: 19.841: [Full GC (System.gc()) 2020-11-18T11:06:03.362-0800: 19.841: [CMS2020-11-18T11:06:03.364-0800: 19.842: [CMS-concurrent-mark: 0.001/0.002 secs] [Times: user=0.01 sys=0.00, real=0.00 secs] 
 (concurrent mode interrupted): 6846K->6846K(6848K), 0.0056612 secs] 9110K->9083K(9920K), [Metaspace: 4890K->4890K(139264K)], 0.0057223 secs] [Times: user=0.00 sys=0.00, real=0.00 secs] 
2020-11-18T11:06:03.369-0800: 19.848: [Full GC (System.gc()) 2020-11-18T11:06:03.369-0800: 19.848: [CMS: 6846K->6846K(6848K), 0.0039898 secs] 9112K->9085K(9920K), [Metaspace: 4890K->4890K(139264K)], 0.0040416 secs] [Times: user=0.01 sys=0.00, real=0.01 secs] 
2020-11-18T11:06:03.373-0800: 19.852: [GC (CMS Initial Mark) [1 CMS-initial-mark: 6846K(6848K)] 9085K(9920K), 0.0001938 secs] [Times: user=0.00 sys=0.00, real=0.00 secs] 
2020-11-18T11:06:03.374-0800: 19.852: [CMS-concurrent-mark-start]
2020-11-18T11:06:03.375-0800: 19.853: [Full GC (System.gc()) 2020-11-18T11:06:03.375-0800: 19.853: [CMS2020-11-18T11:06:03.376-0800: 19.855: [CMS-concurrent-mark: 0.001/0.003 secs] [Times: user=0.00 sys=0.00, real=0.00 secs] 
 (concurrent mode interrupted): 6846K->6846K(6848K), 0.0048346 secs] 9114K->9088K(9920K), [Metaspace: 4890K->4890K(139264K)], 0.0048764 secs] [Times: user=0.00 sys=0.00, real=0.01 secs] 
2020-11-18T11:06:03.381-0800: 19.860: [Full GC (System.gc()) 2020-11-18T11:06:03.381-0800: 19.860: [CMS: 6846K->6846K(6848K), 0.0037042 secs] 9117K->9090K(9920K), [Metaspace: 4890K->4890K(139264K)], 0.0037524 secs] [Times: user=0.01 sys=0.00, real=0.00 secs] 
2020-11-18T11:06:03.385-0800: 19.863: [GC (CMS Initial Mark) [1 CMS-initial-mark: 6846K(6848K)] 9090K(9920K), 0.0002082 secs] [Times: user=0.00 sys=0.00, real=0.00 secs] 
2020-11-18T11:06:03.385-0800: 19.864: [CMS-concurrent-mark-start]
2020-11-18T11:06:03.386-0800: 19.865: [Full GC (System.gc()) 2020-11-18T11:06:03.386-0800: 19.865: [CMS2020-11-18T11:06:03.388-0800: 19.866: [CMS-concurrent-mark: 0.001/0.002 secs] [Times: user=0.00 sys=0.00, real=0.00 secs] 
 (concurrent mode interrupted): 6846K->6846K(6848K), 0.0054744 secs] 9119K->9093K(9920K), [Metaspace: 4890K->4890K(139264K)], 0.0055257 secs] [Times: user=0.01 sys=0.00, real=0.01 secs] 
2020-11-18T11:06:03.393-0800: 19.872: [Full GC (System.gc()) 2020-11-18T11:06:03.393-0800: 19.872: [CMS: 6846K->6846K(6848K), 0.0042063 secs] 9122K->9095K(9920K), [Metaspace: 4890K->4890K(139264K)], 0.0042709 secs] [Times: user=0.00 sys=0.00, real=0.00 secs] 
2020-11-18T11:06:03.398-0800: 19.876: [GC (CMS Initial Mark) [1 CMS-initial-mark: 6846K(6848K)] 9095K(9920K), 0.0001960 secs] [Times: user=0.00 sys=0.00, real=0.00 secs] 
2020-11-18T11:06:03.398-0800: 19.876: [CMS-concurrent-mark-start]
2020-11-18T11:06:03.399-0800: 19.877: [Full GC (System.gc()) 2020-11-18T11:06:03.399-0800: 19.877: [CMS2020-11-18T11:06:03.400-0800: 19.879: [CMS-concurrent-mark: 0.001/0.003 secs] [Times: user=0.00 sys=0.00, real=0.01 secs] 
 (concurrent mode interrupted): 6846K->6846K(6848K), 0.0055778 secs] 9124K->9097K(9920K), [Metaspace: 4890K->4890K(139264K)], 0.0056384 secs] [Times: user=0.01 sys=0.00, real=0.01 secs] 
2020-11-18T11:06:03.406-0800: 19.884: [Full GC (System.gc()) 2020-11-18T11:06:03.406-0800: 19.884: [CMS: 6846K->6846K(6848K), 0.0041426 secs] 9126K->9100K(9920K), [Metaspace: 4890K->4890K(139264K)], 0.0042187 secs] [Times: user=0.00 sys=0.00, real=0.01 secs] 
2020-11-18T11:06:03.410-0800: 19.889: [GC (CMS Initial Mark) [1 CMS-initial-mark: 6846K(6848K)] 9100K(9920K), 0.0002297 secs] [Times: user=0.00 sys=0.00, real=0.00 secs] 
2020-11-18T11:06:03.411-0800: 19.889: [CMS-concurrent-mark-start]
2020-11-18T11:06:03.412-0800: 19.890: [Full GC (System.gc()) 2020-11-18T11:06:03.412-0800: 19.890: [CMS2020-11-18T11:06:03.413-0800: 19.892: [CMS-concurrent-mark: 0.001/0.003 secs] [Times: user=0.01 sys=0.00, real=0.00 secs] 
 (concurrent mode interrupted): 6846K->6846K(6848K), 0.0066562 secs] 9129K->9102K(9920K), [Metaspace: 4890K->4890K(139264K)], 0.0067499 secs] [Times: user=0.01 sys=0.00, real=0.00 secs] 
2020-11-18T11:06:03.420-0800: 19.898: [Full GC (System.gc()) 2020-11-18T11:06:03.420-0800: 19.898: [CMS: 6846K->6846K(6848K), 0.0043279 secs] 9131K->9105K(9920K), [Metaspace: 4890K->4890K(139264K)], 0.0043848 secs] [Times: user=0.01 sys=0.00, real=0.00 secs] 
2020-11-18T11:06:03.424-0800: 19.903: [GC (CMS Initial Mark) [1 CMS-initial-mark: 6846K(6848K)] 9105K(9920K), 0.0002547 secs] [Times: user=0.00 sys=0.00, real=0.00 secs] 
2020-11-18T11:06:03.425-0800: 19.903: [CMS-concurrent-mark-start]
2020-11-18T11:06:03.426-0800: 19.904: [Full GC (System.gc()) 2020-11-18T11:06:03.426-0800: 19.904: [CMS2020-11-18T11:06:03.427-0800: 19.906: [CMS-concurrent-mark: 0.002/0.003 secs] [Times: user=0.00 sys=0.00, real=0.00 secs] 
 (concurrent mode interrupted): 6846K->6846K(6848K), 0.0056724 secs] 9134K->9107K(9920K), [Metaspace: 4890K->4890K(139264K)], 0.0057240 secs] [Times: user=0.00 sys=0.00, real=0.01 secs] 
2020-11-18T11:06:03.433-0800: 19.911: [Full GC (System.gc()) 2020-11-18T11:06:03.433-0800: 19.911: [CMS: 6846K->6846K(6848K), 0.0037004 secs] 9136K->9109K(9920K), [Metaspace: 4890K->4890K(139264K)], 0.0037471 secs] [Times: user=0.01 sys=0.00, real=0.00 secs] 
2020-11-18T11:06:03.436-0800: 19.915: [GC (CMS Initial Mark) [1 CMS-initial-mark: 6846K(6848K)] 9109K(9920K), 0.0001967 secs] [Times: user=0.00 sys=0.00, real=0.00 secs] 
2020-11-18T11:06:03.437-0800: 19.915: [CMS-concurrent-mark-start]
2020-11-18T11:06:03.438-0800: 19.916: [Full GC (System.gc()) 2020-11-18T11:06:03.438-0800: 19.916: [CMS2020-11-18T11:06:03.439-0800: 19.917: [CMS-concurrent-mark: 0.001/0.002 secs] [Times: user=0.00 sys=0.00, real=0.00 secs] 
 (concurrent mode interrupted): 6846K->6846K(6848K), 0.0049864 secs] 9138K->9112K(9920K), [Metaspace: 4890K->4890K(139264K)], 0.0050339 secs] [Times: user=0.00 sys=0.00, real=0.01 secs] 
2020-11-18T11:06:03.444-0800: 19.923: [Full GC (System.gc()) 2020-11-18T11:06:03.444-0800: 19.923: [CMS: 6846K->6846K(6848K), 0.0034137 secs] 9141K->9114K(9920K), [Metaspace: 4890K->4890K(139264K)], 0.0034570 secs] [Times: user=0.01 sys=0.00, real=0.00 secs] 
2020-11-18T11:06:03.448-0800: 19.926: [GC (CMS Initial Mark) [1 CMS-initial-mark: 6846K(6848K)] 9114K(9920K), 0.0002187 secs] [Times: user=0.00 sys=0.01, real=0.00 secs] 
2020-11-18T11:06:03.448-0800: 19.926: [CMS-concurrent-mark-start]
2020-11-18T11:06:03.449-0800: 19.927: [Full GC (System.gc()) 2020-11-18T11:06:03.449-0800: 19.927: [CMS2020-11-18T11:06:03.450-0800: 19.929: [CMS-concurrent-mark: 0.001/0.002 secs] [Times: user=0.00 sys=0.00, real=0.01 secs] 
 (concurrent mode interrupted): 6846K->6846K(6848K), 0.0047850 secs] 9143K->9117K(9920K), [Metaspace: 4890K->4890K(139264K)], 0.0048286 secs] [Times: user=0.01 sys=0.00, real=0.01 secs] 
2020-11-18T11:06:03.455-0800: 19.934: [Full GC (System.gc()) 2020-11-18T11:06:03.455-0800: 19.934: [CMS: 6846K->6846K(6848K), 0.0033608 secs] 9146K->9119K(9920K), [Metaspace: 4890K->4890K(139264K)], 0.0034020 secs] [Times: user=0.00 sys=0.00, real=0.00 secs] 
2020-11-18T11:06:03.459-0800: 19.937: [GC (CMS Initial Mark) [1 CMS-initial-mark: 6846K(6848K)] 9119K(9920K), 0.0001828 secs] [Times: user=0.00 sys=0.00, real=0.00 secs] 
2020-11-18T11:06:03.459-0800: 19.937: [CMS-concurrent-mark-start]
2020-11-18T11:06:03.460-0800: 19.939: [CMS-concurrent-mark: 0.001/0.001 secs] [Times: user=0.00 sys=0.00, real=0.01 secs] 
2020-11-18T11:06:03.460-0800: 19.939: [Full GC (System.gc()) 2020-11-18T11:06:03.460-0800: 19.939: [CMS (concurrent mode interrupted): 6846K->6846K(6848K), 0.0036210 secs] 9148K->9122K(9920K), [Metaspace: 4890K->4890K(139264K)], 0.0036655 secs] [Times: user=0.01 sys=0.00, real=0.00 secs] 
2020-11-18T11:06:03.465-0800: 19.943: [Full GC (System.gc()) 2020-11-18T11:06:03.465-0800: 19.944: [CMS: 6846K->6846K(6848K), 0.0034335 secs] 9151K->9124K(9920K), [Metaspace: 4890K->4890K(139264K)], 0.0034780 secs] [Times: user=0.00 sys=0.00, real=0.00 secs] 
2020-11-18T11:06:03.469-0800: 19.947: [GC (CMS Initial Mark) [1 CMS-initial-mark: 6846K(6848K)] 9124K(9920K), 0.0002211 secs] [Times: user=0.00 sys=0.00, real=0.00 secs] 
2020-11-18T11:06:03.469-0800: 19.947: [CMS-concurrent-mark-start]
2020-11-18T11:06:03.470-0800: 19.949: [CMS-concurrent-mark: 0.001/0.001 secs] [Times: user=0.00 sys=0.00, real=0.01 secs] 
2020-11-18T11:06:03.470-0800: 19.949: [Full GC (System.gc()) 2020-11-18T11:06:03.470-0800: 19.949: [CMS (concurrent mode interrupted): 6846K->6846K(6848K), 0.0032305 secs] 9153K->9126K(9920K), [Metaspace: 4890K->4890K(139264K)], 0.0032612 secs] [Times: user=0.01 sys=0.00, real=0.00 secs] 
2020-11-18T11:06:03.475-0800: 19.953: [Full GC (System.gc()) 2020-11-18T11:06:03.475-0800: 19.953: [CMS: 6846K->6846K(6848K), 0.0036241 secs] 9155K->9129K(9920K), [Metaspace: 4890K->4890K(139264K)], 0.0036712 secs] [Times: user=0.00 sys=0.00, real=0.00 secs] 
2020-11-18T11:06:03.479-0800: 19.957: [GC (CMS Initial Mark) [1 CMS-initial-mark: 6846K(6848K)] 9129K(9920K), 0.0001851 secs] [Times: user=0.00 sys=0.00, real=0.00 secs] 
2020-11-18T11:06:03.479-0800: 19.957: [CMS-concurrent-mark-start]
2020-11-18T11:06:03.480-0800: 19.958: [CMS-concurrent-mark: 0.001/0.001 secs] [Times: user=0.00 sys=0.00, real=0.01 secs] 
2020-11-18T11:06:03.480-0800: 19.958: [Full GC (System.gc()) 2020-11-18T11:06:03.480-0800: 19.958: [CMS (concurrent mode interrupted): 6846K->6846K(6848K), 0.0034285 secs] 9158K->9131K(9920K), [Metaspace: 4890K->4890K(139264K)], 0.0034675 secs] [Times: user=0.01 sys=0.00, real=0.00 secs] 
2020-11-18T11:06:03.485-0800: 19.963: [Full GC (System.gc()) 2020-11-18T11:06:03.485-0800: 19.963: [CMS: 6846K->6846K(6848K), 0.0033180 secs] 9160K->9134K(9920K), [Metaspace: 4890K->4890K(139264K)], 0.0033586 secs] [Times: user=0.00 sys=0.00, real=0.00 secs] 
2020-11-18T11:06:03.488-0800: 19.967: [GC (CMS Initial Mark) [1 CMS-initial-mark: 6846K(6848K)] 9134K(9920K), 0.0002044 secs] [Times: user=0.00 sys=0.00, real=0.00 secs] 
2020-11-18T11:06:03.489-0800: 19.967: [CMS-concurrent-mark-start]
2020-11-18T11:06:03.490-0800: 19.968: [CMS-concurrent-mark: 0.001/0.001 secs] [Times: user=0.00 sys=0.00, real=0.01 secs] 
2020-11-18T11:06:03.490-0800: 19.968: [CMS-concurrent-preclean-start]
2020-11-18T11:06:03.490-0800: 19.968: [Full GC (System.gc()) 2020-11-18T11:06:03.490-0800: 19.968: [CMS2020-11-18T11:06:03.491-0800: 19.969: [CMS-concurrent-preclean: 0.001/0.001 secs] [Times: user=0.00 sys=0.00, real=0.00 secs] 
 (concurrent mode interrupted): 6846K->6846K(6848K), 0.0039014 secs] 9163K->9136K(9920K), [Metaspace: 4890K->4890K(139264K)], 0.0039382 secs] [Times: user=0.01 sys=0.00, real=0.00 secs] 
2020-11-18T11:06:03.495-0800: 19.974: [Full GC (System.gc()) 2020-11-18T11:06:03.495-0800: 19.974: [CMS: 6846K->6846K(6848K), 0.0039672 secs] 9165K->9138K(9920K), [Metaspace: 4890K->4890K(139264K)], 0.0040367 secs] [Times: user=0.00 sys=0.00, real=0.00 secs] 
2020-11-18T11:06:03.499-0800: 19.978: [GC (CMS Initial Mark) [1 CMS-initial-mark: 6846K(6848K)] 9138K(9920K), 0.0002136 secs] [Times: user=0.00 sys=0.00, real=0.01 secs] 
2020-11-18T11:06:03.500-0800: 19.978: [CMS-concurrent-mark-start]
2020-11-18T11:06:03.501-0800: 19.979: [CMS-concurrent-mark: 0.001/0.001 secs] [Times: user=0.00 sys=0.00, real=0.00 secs] 
2020-11-18T11:06:03.501-0800: 19.979: [Full GC (System.gc()) 2020-11-18T11:06:03.501-0800: 19.979: [CMS (concurrent mode interrupted): 6846K->6846K(6848K), 0.0034171 secs] 9167K->9141K(9920K), [Metaspace: 4890K->4890K(139264K)], 0.0034574 secs] [Times: user=0.01 sys=0.00, real=0.00 secs] 
2020-11-18T11:06:03.506-0800: 19.984: [Full GC (System.gc()) 2020-11-18T11:06:03.506-0800: 19.984: [CMS: 6846K->6846K(6848K), 0.0034945 secs] 9170K->9143K(9920K), [Metaspace: 4890K->4890K(139264K)], 0.0035364 secs] [Times: user=0.00 sys=0.00, real=0.00 secs] 
2020-11-18T11:06:03.509-0800: 19.988: [GC (CMS Initial Mark) [1 CMS-initial-mark: 6846K(6848K)] 9143K(9920K), 0.0002511 secs] [Times: user=0.00 sys=0.00, real=0.00 secs] 
2020-11-18T11:06:03.509-0800: 19.988: [CMS-concurrent-mark-start]
2020-11-18T11:06:03.510-0800: 19.989: [Full GC (System.gc()) 2020-11-18T11:06:03.510-0800: 19.989: [CMS2020-11-18T11:06:03.512-0800: 19.990: [CMS-concurrent-mark: 0.001/0.003 secs] [Times: user=0.01 sys=0.00, real=0.01 secs] 
 (concurrent mode interrupted): 6846K->6846K(6848K), 0.0050960 secs] 9172K->9146K(9920K), [Metaspace: 4890K->4890K(139264K)], 0.0051388 secs] [Times: user=0.01 sys=0.00, real=0.00 secs] 
2020-11-18T11:06:03.517-0800: 19.995: [Full GC (System.gc()) 2020-11-18T11:06:03.517-0800: 19.995: [CMS: 6846K->6846K(6848K), 0.0031806 secs] 9175K->9148K(9920K), [Metaspace: 4890K->4890K(139264K)], 0.0032223 secs] [Times: user=0.00 sys=0.00, real=0.01 secs] 
2020-11-18T11:06:03.520-0800: 19.999: [GC (CMS Initial Mark) [1 CMS-initial-mark: 6846K(6848K)] 9148K(9920K), 0.0001742 secs] [Times: user=0.00 sys=0.00, real=0.00 secs] 
2020-11-18T11:06:03.520-0800: 19.999: [CMS-concurrent-mark-start]
2020-11-18T11:06:03.521-0800: 20.000: [CMS-concurrent-mark: 0.001/0.001 secs] [Times: user=0.01 sys=0.00, real=0.00 secs] 
2020-11-18T11:06:03.522-0800: 20.000: [Full GC (System.gc()) 2020-11-18T11:06:03.522-0800: 20.000: [CMS (concurrent mode interrupted): 6846K->6846K(6848K), 0.0031689 secs] 9177K->9151K(9920K), [Metaspace: 4890K->4890K(139264K)], 0.0032015 secs] [Times: user=0.00 sys=0.00, real=0.00 secs] 
2020-11-18T11:06:03.526-0800: 20.005: [Full GC (System.gc()) 2020-11-18T11:06:03.526-0800: 20.005: [CMS: 6846K->6846K(6848K), 0.0031077 secs] 9180K->9153K(9920K), [Metaspace: 4890K->4890K(139264K)], 0.0031469 secs] [Times: user=0.00 sys=0.00, real=0.00 secs] 
2020-11-18T11:06:03.529-0800: 20.008: [GC (CMS Initial Mark) [1 CMS-initial-mark: 6846K(6848K)] 9153K(9920K), 0.0001594 secs] [Times: user=0.00 sys=0.00, real=0.01 secs] 
2020-11-18T11:06:03.530-0800: 20.008: [CMS-concurrent-mark-start]
2020-11-18T11:06:03.531-0800: 20.009: [Full GC (System.gc()) 2020-11-18T11:06:03.531-0800: 20.009: [CMS2020-11-18T11:06:03.532-0800: 20.010: [CMS-concurrent-mark: 0.001/0.002 secs] [Times: user=0.01 sys=0.00, real=0.00 secs] 
 (concurrent mode interrupted): 6846K->6846K(6848K), 0.0049166 secs] 9182K->9155K(9920K), [Metaspace: 4890K->4890K(139264K)], 0.0049580 secs] [Times: user=0.00 sys=0.00, real=0.00 secs] 
2020-11-18T11:06:03.537-0800: 20.016: [Full GC (System.gc()) 2020-11-18T11:06:03.537-0800: 20.016: [CMS: 6846K->6846K(6848K), 0.0038078 secs] 9184K->9158K(9920K), [Metaspace: 4890K->4890K(139264K)], 0.0038772 secs] [Times: user=0.00 sys=0.00, real=0.01 secs] 
2020-11-18T11:06:03.541-0800: 20.020: [GC (CMS Initial Mark) [1 CMS-initial-mark: 6846K(6848K)] 9158K(9920K), 0.0002059 secs] [Times: user=0.00 sys=0.00, real=0.00 secs] 
2020-11-18T11:06:03.541-0800: 20.020: [CMS-concurrent-mark-start]
2020-11-18T11:06:03.543-0800: 20.021: [CMS-concurrent-mark: 0.001/0.001 secs] [Times: user=0.01 sys=0.00, real=0.00 secs] 
2020-11-18T11:06:03.543-0800: 20.021: [Full GC (System.gc()) 2020-11-18T11:06:03.543-0800: 20.021: [CMS (concurrent mode interrupted): 6846K->6846K(6848K), 0.0031388 secs] 9187K->9160K(9920K), [Metaspace: 4890K->4890K(139264K)], 0.0031702 secs] [Times: user=0.00 sys=0.00, real=0.00 secs] 
2020-11-18T11:06:03.547-0800: 20.026: [Full GC (System.gc()) 2020-11-18T11:06:03.547-0800: 20.026: [CMS: 6846K->6846K(6848K), 0.0041527 secs] 9189K->9163K(9920K), [Metaspace: 4890K->4890K(139264K)], 0.0042276 secs] [Times: user=0.00 sys=0.00, real=0.01 secs] 
2020-11-18T11:06:03.551-0800: 20.030: [GC (CMS Initial Mark) [1 CMS-initial-mark: 6846K(6848K)] 9163K(9920K), 0.0002242 secs] [Times: user=0.00 sys=0.00, real=0.00 secs] 
2020-11-18T11:06:03.552-0800: 20.030: [CMS-concurrent-mark-start]
2020-11-18T11:06:03.553-0800: 20.031: [Full GC (System.gc()) 2020-11-18T11:06:03.553-0800: 20.031: [CMS2020-11-18T11:06:03.554-0800: 20.033: [CMS-concurrent-mark: 0.001/0.002 secs] [Times: user=0.01 sys=0.00, real=0.00 secs] 
 (concurrent mode interrupted): 6846K->6846K(6848K), 0.0047175 secs] 9192K->9165K(9920K), [Metaspace: 4890K->4890K(139264K)], 0.0047572 secs] [Times: user=0.00 sys=0.00, real=0.00 secs] 
2020-11-18T11:06:03.559-0800: 20.038: [Full GC (System.gc()) 2020-11-18T11:06:03.559-0800: 20.038: [CMS: 6846K->6846K(6848K), 0.0039022 secs] 9194K->9167K(9920K), [Metaspace: 4890K->4890K(139264K)], 0.0039822 secs] [Times: user=0.01 sys=0.00, real=0.01 secs] 
2020-11-18T11:06:03.563-0800: 20.042: [GC (CMS Initial Mark) [1 CMS-initial-mark: 6846K(6848K)] 9167K(9920K), 0.0002347 secs] [Times: user=0.00 sys=0.00, real=0.00 secs] 
2020-11-18T11:06:03.563-0800: 20.042: [CMS-concurrent-mark-start]
2020-11-18T11:06:03.565-0800: 20.043: [Full GC (System.gc()) 2020-11-18T11:06:03.565-0800: 20.043: [CMS2020-11-18T11:06:03.566-0800: 20.044: [CMS-concurrent-mark: 0.001/0.002 secs] [Times: user=0.00 sys=0.00, real=0.00 secs] 
 (concurrent mode interrupted): 6846K->6846K(6848K), 0.0045629 secs] 9196K->9170K(9920K), [Metaspace: 4890K->4890K(139264K)], 0.0046036 secs] [Times: user=0.00 sys=0.00, real=0.00 secs] 
2020-11-18T11:06:03.570-0800: 20.049: [Full GC (System.gc()) 2020-11-18T11:06:03.570-0800: 20.049: [CMS: 6846K->6846K(6848K), 0.0031859 secs] 9199K->9172K(9920K), [Metaspace: 4890K->4890K(139264K)], 0.0032247 secs] [Times: user=0.01 sys=0.00, real=0.00 secs] 
2020-11-18T11:06:03.574-0800: 20.052: [GC (CMS Initial Mark) [1 CMS-initial-mark: 6846K(6848K)] 9172K(9920K), 0.0002320 secs] [Times: user=0.00 sys=0.00, real=0.00 secs] 
2020-11-18T11:06:03.574-0800: 20.052: [CMS-concurrent-mark-start]
2020-11-18T11:06:03.575-0800: 20.053: [Full GC (System.gc()) 2020-11-18T11:06:03.575-0800: 20.053: [CMS2020-11-18T11:06:03.576-0800: 20.055: [CMS-concurrent-mark: 0.001/0.002 secs] [Times: user=0.00 sys=0.00, real=0.00 secs] 
 (concurrent mode interrupted): 6846K->6846K(6848K), 0.0054402 secs] 9201K->9175K(9920K), [Metaspace: 4890K->4890K(139264K)], 0.0054844 secs] [Times: user=0.00 sys=0.00, real=0.01 secs] 
2020-11-18T11:06:03.582-0800: 20.060: [Full GC (System.gc()) 2020-11-18T11:06:03.582-0800: 20.060: [CMS: 6846K->6846K(6848K), 0.0041034 secs] 9204K->9177K(9920K), [Metaspace: 4890K->4890K(139264K)], 0.0041800 secs] [Times: user=0.01 sys=0.00, real=0.00 secs] 
2020-11-18T11:06:03.586-0800: 20.064: [GC (CMS Initial Mark) [1 CMS-initial-mark: 6846K(6848K)] 9177K(9920K), 0.0002049 secs] [Times: user=0.00 sys=0.00, real=0.00 secs] 
2020-11-18T11:06:03.586-0800: 20.065: [CMS-concurrent-mark-start]
2020-11-18T11:06:03.587-0800: 20.066: [CMS-concurrent-mark: 0.001/0.001 secs] [Times: user=0.00 sys=0.00, real=0.00 secs] 
2020-11-18T11:06:03.587-0800: 20.066: [Full GC (System.gc()) 2020-11-18T11:06:03.588-0800: 20.066: [CMS (concurrent mode interrupted): 6846K->6846K(6848K), 0.0032099 secs] 9206K->9179K(9920K), [Metaspace: 4890K->4890K(139264K)], 0.0032498 secs] [Times: user=0.00 sys=0.00, real=0.01 secs] 
2020-11-18T11:06:03.592-0800: 20.071: [Full GC (System.gc()) 2020-11-18T11:06:03.592-0800: 20.071: [CMS: 6846K->6846K(6848K), 0.0039457 secs] 9208K->9182K(9920K), [Metaspace: 4890K->4890K(139264K)], 0.0040181 secs] [Times: user=0.01 sys=0.00, real=0.00 secs] 
2020-11-18T11:06:03.596-0800: 20.075: [GC (CMS Initial Mark) [1 CMS-initial-mark: 6846K(6848K)] 9182K(9920K), 0.0001836 secs] [Times: user=0.00 sys=0.00, real=0.00 secs] 
2020-11-18T11:06:03.597-0800: 20.075: [CMS-concurrent-mark-start]
2020-11-18T11:06:03.597-0800: 20.076: [Full GC (System.gc()) 2020-11-18T11:06:03.598-0800: 20.076: [CMS2020-11-18T11:06:03.599-0800: 20.078: [CMS-concurrent-mark: 0.001/0.003 secs] [Times: user=0.00 sys=0.00, real=0.00 secs] 
 (concurrent mode interrupted): 6846K->6846K(6848K), 0.0055563 secs] 9211K->9184K(9920K), [Metaspace: 4890K->4890K(139264K)], 0.0055988 secs] [Times: user=0.01 sys=0.00, real=0.01 secs] 
2020-11-18T11:06:03.605-0800: 20.083: [Full GC (System.gc()) 2020-11-18T11:06:03.605-0800: 20.083: [CMS: 6846K->6846K(6848K), 0.0040859 secs] 9213K->9187K(9920K), [Metaspace: 4890K->4890K(139264K)], 0.0041565 secs] [Times: user=0.00 sys=0.00, real=0.00 secs] 
2020-11-18T11:06:03.609-0800: 20.087: [GC (CMS Initial Mark) [1 CMS-initial-mark: 6846K(6848K)] 9187K(9920K), 0.0002187 secs] [Times: user=0.00 sys=0.00, real=0.00 secs] 
2020-11-18T11:06:03.609-0800: 20.088: [CMS-concurrent-mark-start]
2020-11-18T11:06:03.610-0800: 20.089: [Full GC (System.gc()) 2020-11-18T11:06:03.610-0800: 20.089: [CMS2020-11-18T11:06:03.612-0800: 20.090: [CMS-concurrent-mark: 0.001/0.003 secs] [Times: user=0.00 sys=0.00, real=0.01 secs] 
 (concurrent mode interrupted): 6846K->6846K(6848K), 0.0054912 secs] 9216K->9189K(9920K), [Metaspace: 4890K->4890K(139264K)], 0.0055438 secs] [Times: user=0.01 sys=0.00, real=0.00 secs] 
2020-11-18T11:06:03.618-0800: 20.096: [Full GC (System.gc()) 2020-11-18T11:06:03.618-0800: 20.096: [CMS: 6846K->6846K(6848K), 0.0041121 secs] 9218K->9192K(9920K), [Metaspace: 4890K->4890K(139264K)], 0.0041925 secs] [Times: user=0.00 sys=0.00, real=0.01 secs] 
2020-11-18T11:06:03.622-0800: 20.100: [GC (CMS Initial Mark) [1 CMS-initial-mark: 6846K(6848K)] 9192K(9920K), 0.0002200 secs] [Times: user=0.00 sys=0.00, real=0.00 secs] 
2020-11-18T11:06:03.622-0800: 20.100: [CMS-concurrent-mark-start]
2020-11-18T11:06:03.623-0800: 20.102: [Full GC (System.gc()) 2020-11-18T11:06:03.623-0800: 20.102: [CMS2020-11-18T11:06:03.625-0800: 20.103: [CMS-concurrent-mark: 0.001/0.003 secs] [Times: user=0.01 sys=0.00, real=0.00 secs] 
 (concurrent mode interrupted): 6846K->6846K(6848K), 0.0055218 secs] 9221K->9194K(9920K), [Metaspace: 4890K->4890K(139264K)], 0.0055765 secs] [Times: user=0.00 sys=0.00, real=0.00 secs] 
2020-11-18T11:06:03.630-0800: 20.109: [Full GC (System.gc()) 2020-11-18T11:06:03.630-0800: 20.109: [CMS: 6846K->6846K(6848K), 0.0041360 secs] 9223K->9196K(9920K), [Metaspace: 4890K->4890K(139264K)], 0.0042104 secs] [Times: user=0.00 sys=0.00, real=0.00 secs] 
2020-11-18T11:06:03.634-0800: 20.113: [GC (CMS Initial Mark) [1 CMS-initial-mark: 6846K(6848K)] 9196K(9920K), 0.0002567 secs] [Times: user=0.00 sys=0.00, real=0.00 secs] 
2020-11-18T11:06:03.635-0800: 20.113: [CMS-concurrent-mark-start]
2020-11-18T11:06:03.636-0800: 20.114: [Full GC (System.gc()) 2020-11-18T11:06:03.636-0800: 20.114: [CMS2020-11-18T11:06:03.637-0800: 20.116: [CMS-concurrent-mark: 0.001/0.002 secs] [Times: user=0.01 sys=0.00, real=0.00 secs] 
 (concurrent mode interrupted): 6846K->6846K(6848K), 0.0050164 secs] 9225K->9199K(9920K), [Metaspace: 4890K->4890K(139264K)], 0.0050672 secs] [Times: user=0.00 sys=0.00, real=0.01 secs] 
2020-11-18T11:06:03.642-0800: 20.121: [Full GC (System.gc()) 2020-11-18T11:06:03.642-0800: 20.121: [CMS: 6846K->6846K(6848K), 0.0036469 secs] 9228K->9201K(9920K), [Metaspace: 4890K->4890K(139264K)], 0.0036921 secs] [Times: user=0.01 sys=0.00, real=0.00 secs] 
2020-11-18T11:06:03.646-0800: 20.125: [GC (CMS Initial Mark) [1 CMS-initial-mark: 6846K(6848K)] 9201K(9920K), 0.0002104 secs] [Times: user=0.00 sys=0.00, real=0.00 secs] 
2020-11-18T11:06:03.646-0800: 20.125: [CMS-concurrent-mark-start]
2020-11-18T11:06:03.648-0800: 20.126: [Full GC (System.gc()) 2020-11-18T11:06:03.648-0800: 20.126: [CMS2020-11-18T11:06:03.649-0800: 20.127: [CMS-concurrent-mark: 0.001/0.002 secs] [Times: user=0.00 sys=0.00, real=0.00 secs] 
 (concurrent mode interrupted): 6846K->6846K(6848K), 0.0047848 secs] 9230K->9204K(9920K), [Metaspace: 4890K->4890K(139264K)], 0.0048202 secs] [Times: user=0.00 sys=0.00, real=0.01 secs] 
2020-11-18T11:06:03.654-0800: 20.132: [Full GC (System.gc()) 2020-11-18T11:06:03.654-0800: 20.132: [CMS: 6846K->6846K(6848K), 0.0032093 secs] 9233K->9206K(9920K), [Metaspace: 4890K->4890K(139264K)], 0.0032500 secs] [Times: user=0.01 sys=0.00, real=0.00 secs] 
2020-11-18T11:06:03.657-0800: 20.135: [GC (CMS Initial Mark) [1 CMS-initial-mark: 6846K(6848K)] 9206K(9920K), 0.0001737 secs] [Times: user=0.00 sys=0.00, real=0.00 secs] 
2020-11-18T11:06:03.657-0800: 20.136: [CMS-concurrent-mark-start]
2020-11-18T11:06:03.658-0800: 20.137: [CMS-concurrent-mark: 0.001/0.001 secs] [Times: user=0.00 sys=0.00, real=0.00 secs] 
2020-11-18T11:06:03.658-0800: 20.137: [CMS-concurrent-preclean-start]
2020-11-18T11:06:03.658-0800: 20.137: [Full GC (System.gc()) 2020-11-18T11:06:03.658-0800: 20.137: [CMS2020-11-18T11:06:03.659-0800: 20.138: [CMS-concurrent-preclean: 0.001/0.001 secs] [Times: user=0.00 sys=0.00, real=0.00 secs] 
 (concurrent mode interrupted): 6846K->6846K(6848K), 0.0038973 secs] 9235K->9208K(9920K), [Metaspace: 4890K->4890K(139264K)], 0.0039341 secs] [Times: user=0.00 sys=0.00, real=0.01 secs] 
2020-11-18T11:06:03.664-0800: 20.142: [Full GC (System.gc()) 2020-11-18T11:06:03.664-0800: 20.142: [CMS: 6846K->6846K(6848K), 0.0041189 secs] 9237K->9211K(9920K), [Metaspace: 4890K->4890K(139264K)], 0.0041911 secs] [Times: user=0.01 sys=0.00, real=0.00 secs] 
2020-11-18T11:06:03.668-0800: 20.147: [GC (CMS Initial Mark) [1 CMS-initial-mark: 6846K(6848K)] 9211K(9920K), 0.0002321 secs] [Times: user=0.00 sys=0.00, real=0.00 secs] 
2020-11-18T11:06:03.668-0800: 20.147: [CMS-concurrent-mark-start]
2020-11-18T11:06:03.669-0800: 20.148: [Full GC (System.gc()) 2020-11-18T11:06:03.670-0800: 20.148: [CMS2020-11-18T11:06:03.671-0800: 20.149: [CMS-concurrent-mark: 0.001/0.002 secs] [Times: user=0.00 sys=0.00, real=0.01 secs] 
 (concurrent mode interrupted): 6846K->6846K(6848K), 0.0051849 secs] 9240K->9213K(9920K), [Metaspace: 4890K->4890K(139264K)], 0.0052402 secs] [Times: user=0.01 sys=0.00, real=0.01 secs] 
2020-11-18T11:06:03.676-0800: 20.154: [Full GC (System.gc()) 2020-11-18T11:06:03.676-0800: 20.154: [CMS: 6846K->6846K(6848K), 0.0040185 secs] 9242K->9216K(9920K), [Metaspace: 4890K->4890K(139264K)], 0.0040859 secs] [Times: user=0.00 sys=0.00, real=0.01 secs] 
2020-11-18T11:06:03.680-0800: 20.159: [GC (CMS Initial Mark) [1 CMS-initial-mark: 6846K(6848K)] 9216K(9920K), 0.0001906 secs] [Times: user=0.00 sys=0.00, real=0.00 secs] 
2020-11-18T11:06:03.680-0800: 20.159: [CMS-concurrent-mark-start]
2020-11-18T11:06:03.682-0800: 20.160: [Full GC (System.gc()) 2020-11-18T11:06:03.682-0800: 20.160: [CMS2020-11-18T11:06:03.683-0800: 20.162: [CMS-concurrent-mark: 0.001/0.003 secs] [Times: user=0.00 sys=0.00, real=0.00 secs] 
 (concurrent mode interrupted): 6846K->6846K(6848K), 0.0054846 secs] 9245K->9218K(9920K), [Metaspace: 4890K->4890K(139264K)], 0.0055342 secs] [Times: user=0.01 sys=0.00, real=0.00 secs] 
2020-11-18T11:06:03.689-0800: 20.167: [Full GC (System.gc()) 2020-11-18T11:06:03.689-0800: 20.167: [CMS: 6846K->6846K(6848K), 0.0041934 secs] 9247K->9221K(9920K), [Metaspace: 4890K->4890K(139264K)], 0.0042652 secs] [Times: user=0.00 sys=0.00, real=0.01 secs] 
2020-11-18T11:06:03.693-0800: 20.171: [GC (CMS Initial Mark) [1 CMS-initial-mark: 6846K(6848K)] 9221K(9920K), 0.0002134 secs] [Times: user=0.00 sys=0.00, real=0.00 secs] 
2020-11-18T11:06:03.693-0800: 20.172: [CMS-concurrent-mark-start]
2020-11-18T11:06:03.694-0800: 20.173: [Full GC (System.gc()) 2020-11-18T11:06:03.694-0800: 20.173: [CMS2020-11-18T11:06:03.696-0800: 20.174: [CMS-concurrent-mark: 0.001/0.002 secs] [Times: user=0.01 sys=0.00, real=0.00 secs] 
 (concurrent mode interrupted): 6846K->6846K(6848K), 0.0053537 secs] 9250K->9223K(9920K), [Metaspace: 4890K->4890K(139264K)], 0.0054062 secs] [Times: user=0.00 sys=0.00, real=0.01 secs] 
2020-11-18T11:06:03.701-0800: 20.180: [Full GC (System.gc()) 2020-11-18T11:06:03.701-0800: 20.180: [CMS: 6846K->6846K(6848K), 0.0041997 secs] 9252K->9225K(9920K), [Metaspace: 4890K->4890K(139264K)], 0.0042719 secs] [Times: user=0.00 sys=0.00, real=0.00 secs] 
2020-11-18T11:06:03.706-0800: 20.184: [GC (CMS Initial Mark) [1 CMS-initial-mark: 6846K(6848K)] 9225K(9920K), 0.0002744 secs] [Times: user=0.01 sys=0.00, real=0.00 secs] 
2020-11-18T11:06:03.706-0800: 20.184: [CMS-concurrent-mark-start]
2020-11-18T11:06:03.707-0800: 20.185: [Full GC (System.gc()) 2020-11-18T11:06:03.707-0800: 20.185: [CMS2020-11-18T11:06:03.708-0800: 20.187: [CMS-concurrent-mark: 0.001/0.002 secs] [Times: user=0.00 sys=0.00, real=0.00 secs] 
 (concurrent mode interrupted): 6846K->6846K(6848K), 0.0053799 secs] 9254K->9228K(9920K), [Metaspace: 4890K->4890K(139264K)], 0.0054330 secs] [Times: user=0.00 sys=0.00, real=0.01 secs] 
2020-11-18T11:06:03.714-0800: 20.192: [Full GC (System.gc()) 2020-11-18T11:06:03.714-0800: 20.192: [CMS: 6846K->6846K(6848K), 0.0042531 secs] 9257K->9230K(9920K), [Metaspace: 4890K->4890K(139264K)], 0.0043256 secs] [Times: user=0.01 sys=0.00, real=0.00 secs] 
2020-11-18T11:06:03.718-0800: 20.197: [GC (CMS Initial Mark) [1 CMS-initial-mark: 6846K(6848K)] 9230K(9920K), 0.0002036 secs] [Times: user=0.00 sys=0.00, real=0.00 secs] 
2020-11-18T11:06:03.718-0800: 20.197: [CMS-concurrent-mark-start]
2020-11-18T11:06:03.719-0800: 20.198: [Full GC (System.gc()) 2020-11-18T11:06:03.720-0800: 20.198: [CMS2020-11-18T11:06:03.721-0800: 20.199: [CMS-concurrent-mark: 0.001/0.002 secs] [Times: user=0.00 sys=0.00, real=0.01 secs] 
 (concurrent mode interrupted): 6846K->6846K(6848K), 0.0054441 secs] 9259K->9233K(9920K), [Metaspace: 4890K->4890K(139264K)], 0.0054964 secs] [Times: user=0.00 sys=0.00, real=0.01 secs] 
2020-11-18T11:06:03.726-0800: 20.205: [Full GC (System.gc()) 2020-11-18T11:06:03.726-0800: 20.205: [CMS: 6846K->6846K(6848K), 0.0041070 secs] 9262K->9235K(9920K), [Metaspace: 4890K->4890K(139264K)], 0.0041786 secs] [Times: user=0.00 sys=0.00, real=0.01 secs] 
2020-11-18T11:06:03.731-0800: 20.209: [GC (CMS Initial Mark) [1 CMS-initial-mark: 6846K(6848K)] 9235K(9920K), 0.0002959 secs] [Times: user=0.00 sys=0.00, real=0.00 secs] 
2020-11-18T11:06:03.731-0800: 20.209: [CMS-concurrent-mark-start]
2020-11-18T11:06:03.732-0800: 20.210: [Full GC (System.gc()) 2020-11-18T11:06:03.732-0800: 20.210: [CMS2020-11-18T11:06:03.734-0800: 20.212: [CMS-concurrent-mark: 0.001/0.002 secs] [Times: user=0.00 sys=0.00, real=0.00 secs] 
 (concurrent mode interrupted): 6846K->6846K(6848K), 0.0062985 secs] 9264K->9237K(9920K), [Metaspace: 4890K->4890K(139264K)], 0.0063593 secs] [Times: user=0.01 sys=0.00, real=0.00 secs] 
2020-11-18T11:06:03.740-0800: 20.218: [Full GC (System.gc()) 2020-11-18T11:06:03.740-0800: 20.218: [CMS: 6846K->6846K(6848K), 0.0041204 secs] 9266K->9240K(9920K), [Metaspace: 4890K->4890K(139264K)], 0.0041777 secs] [Times: user=0.00 sys=0.00, real=0.00 secs] 
2020-11-18T11:06:03.744-0800: 20.222: [GC (CMS Initial Mark) [1 CMS-initial-mark: 6846K(6848K)] 9240K(9920K), 0.0001823 secs] [Times: user=0.00 sys=0.00, real=0.00 secs] 
2020-11-18T11:06:03.744-0800: 20.223: [CMS-concurrent-mark-start]
2020-11-18T11:06:03.745-0800: 20.224: [Full GC (System.gc()) 2020-11-18T11:06:03.745-0800: 20.224: [CMS2020-11-18T11:06:03.747-0800: 20.225: [CMS-concurrent-mark: 0.001/0.002 secs] [Times: user=0.01 sys=0.00, real=0.00 secs] 
 (concurrent mode interrupted): 6846K->6846K(6848K), 0.0050382 secs] 9269K->9242K(9920K), [Metaspace: 4890K->4890K(139264K)], 0.0050878 secs] [Times: user=0.00 sys=0.00, real=0.01 secs] 
2020-11-18T11:06:03.752-0800: 20.230: [Full GC (System.gc()) 2020-11-18T11:06:03.752-0800: 20.230: [CMS: 6846K->6846K(6848K), 0.0035836 secs] 9271K->9245K(9920K), [Metaspace: 4890K->4890K(139264K)], 0.0036337 secs] [Times: user=0.00 sys=0.00, real=0.00 secs] 
2020-11-18T11:06:03.755-0800: 20.234: [GC (CMS Initial Mark) [1 CMS-initial-mark: 6846K(6848K)] 9245K(9920K), 0.0002136 secs] [Times: user=0.00 sys=0.00, real=0.00 secs] 
2020-11-18T11:06:03.756-0800: 20.234: [CMS-concurrent-mark-start]
2020-11-18T11:06:03.757-0800: 20.235: [Full GC (System.gc()) 2020-11-18T11:06:03.757-0800: 20.235: [CMS2020-11-18T11:06:03.758-0800: 20.236: [CMS-concurrent-mark: 0.001/0.002 secs] [Times: user=0.01 sys=0.00, real=0.00 secs] 
 (concurrent mode interrupted): 6846K->6846K(6848K), 0.0047535 secs] 9274K->9247K(9920K), [Metaspace: 4890K->4890K(139264K)], 0.0047964 secs] [Times: user=0.00 sys=0.00, real=0.01 secs] 
2020-11-18T11:06:03.763-0800: 20.241: [Full GC (System.gc()) 2020-11-18T11:06:03.763-0800: 20.241: [CMS: 6846K->6846K(6848K), 0.0033811 secs] 9276K->9249K(9920K), [Metaspace: 4890K->4890K(139264K)], 0.0034225 secs] [Times: user=0.00 sys=0.00, real=0.00 secs] 
2020-11-18T11:06:03.767-0800: 20.245: [GC (CMS Initial Mark) [1 CMS-initial-mark: 6846K(6848K)] 9249K(9920K), 0.0001677 secs] [Times: user=0.00 sys=0.00, real=0.00 secs] 
2020-11-18T11:06:03.767-0800: 20.245: [CMS-concurrent-mark-start]
2020-11-18T11:06:03.768-0800: 20.246: [CMS-concurrent-mark: 0.001/0.001 secs] [Times: user=0.01 sys=0.00, real=0.00 secs] 
2020-11-18T11:06:03.768-0800: 20.246: [Full GC (System.gc()) 2020-11-18T11:06:03.768-0800: 20.246: [CMS (concurrent mode interrupted): 6846K->6846K(6848K), 0.0033063 secs] 9278K->9252K(9920K), [Metaspace: 4890K->4890K(139264K)], 0.0033466 secs] [Times: user=0.00 sys=0.00, real=0.01 secs] 
2020-11-18T11:06:03.773-0800: 20.251: [Full GC (System.gc()) 2020-11-18T11:06:03.773-0800: 20.251: [CMS: 6846K->6846K(6848K), 0.0040004 secs] 9281K->9254K(9920K), [Metaspace: 4890K->4890K(139264K)], 0.0040678 secs] [Times: user=0.01 sys=0.00, real=0.00 secs] 
2020-11-18T11:06:03.777-0800: 20.255: [GC (CMS Initial Mark) [1 CMS-initial-mark: 6846K(6848K)] 9254K(9920K), 0.0002765 secs] [Times: user=0.00 sys=0.00, real=0.00 secs] 
2020-11-18T11:06:03.777-0800: 20.256: [CMS-concurrent-mark-start]
2020-11-18T11:06:03.779-0800: 20.257: [CMS-concurrent-mark: 0.001/0.001 secs] [Times: user=0.00 sys=0.00, real=0.00 secs] 
2020-11-18T11:06:03.779-0800: 20.257: [Full GC (System.gc()) 2020-11-18T11:06:03.779-0800: 20.257: [CMS (concurrent mode interrupted): 6846K->6846K(6848K), 0.0033387 secs] 9283K->9257K(9920K), [Metaspace: 4890K->4890K(139264K)], 0.0033729 secs] [Times: user=0.00 sys=0.00, real=0.01 secs] 
2020-11-18T11:06:03.783-0800: 20.262: [Full GC (System.gc()) 2020-11-18T11:06:03.783-0800: 20.262: [CMS: 6846K->6846K(6848K), 0.0040744 secs] 9286K->9259K(9920K), [Metaspace: 4890K->4890K(139264K)], 0.0041425 secs] [Times: user=0.01 sys=0.00, real=0.00 secs] 
2020-11-18T11:06:03.788-0800: 20.266: [GC (CMS Initial Mark) [1 CMS-initial-mark: 6846K(6848K)] 9259K(9920K), 0.0002126 secs] [Times: user=0.00 sys=0.00, real=0.00 secs] 
2020-11-18T11:06:03.788-0800: 20.266: [CMS-concurrent-mark-start]
2020-11-18T11:06:03.789-0800: 20.268: [CMS-concurrent-mark: 0.001/0.001 secs] [Times: user=0.00 sys=0.00, real=0.00 secs] 
2020-11-18T11:06:03.789-0800: 20.268: [Full GC (System.gc()) 2020-11-18T11:06:03.789-0800: 20.268: [CMS (concurrent mode interrupted): 6846K->6846K(6848K), 0.0034696 secs] 9288K->9262K(9920K), [Metaspace: 4890K->4890K(139264K)], 0.0035068 secs] [Times: user=0.00 sys=0.00, real=0.01 secs] 
2020-11-18T11:06:03.794-0800: 20.273: [Full GC (System.gc()) 2020-11-18T11:06:03.794-0800: 20.273: [CMS: 6846K->6846K(6848K), 0.0040235 secs] 9291K->9264K(9920K), [Metaspace: 4890K->4890K(139264K)], 0.0040932 secs] [Times: user=0.01 sys=0.00, real=0.00 secs] 
2020-11-18T11:06:03.798-0800: 20.277: [GC (CMS Initial Mark) [1 CMS-initial-mark: 6846K(6848K)] 9264K(9920K), 0.0002005 secs] [Times: user=0.00 sys=0.00, real=0.00 secs] 
2020-11-18T11:06:03.799-0800: 20.277: [CMS-concurrent-mark-start]
2020-11-18T11:06:03.800-0800: 20.278: [CMS-concurrent-mark: 0.001/0.001 secs] [Times: user=0.00 sys=0.00, real=0.01 secs] 
2020-11-18T11:06:03.800-0800: 20.278: [Full GC (System.gc()) 2020-11-18T11:06:03.800-0800: 20.278: [CMS (concurrent mode interrupted): 6846K->6846K(6848K), 0.0033512 secs] 9293K->9266K(9920K), [Metaspace: 4890K->4890K(139264K)], 0.0033852 secs] [Times: user=0.00 sys=0.00, real=0.00 secs] 
2020-11-18T11:06:03.805-0800: 20.283: [Full GC (System.gc()) 2020-11-18T11:06:03.805-0800: 20.283: [CMS: 6846K->6846K(6848K), 0.0040880 secs] 9295K->9269K(9920K), [Metaspace: 4890K->4890K(139264K)], 0.0041558 secs] [Times: user=0.01 sys=0.00, real=0.00 secs] 
2020-11-18T11:06:03.809-0800: 20.287: [GC (CMS Initial Mark) [1 CMS-initial-mark: 6846K(6848K)] 9269K(9920K), 0.0002798 secs] [Times: user=0.00 sys=0.00, real=0.00 secs] 
2020-11-18T11:06:03.809-0800: 20.288: [CMS-concurrent-mark-start]
2020-11-18T11:06:03.810-0800: 20.289: [Full GC (System.gc()) 2020-11-18T11:06:03.810-0800: 20.289: [CMS2020-11-18T11:06:03.812-0800: 20.290: [CMS-concurrent-mark: 0.001/0.003 secs] [Times: user=0.00 sys=0.00, real=0.01 secs] 
 (concurrent mode interrupted): 6846K->6846K(6848K), 0.0055794 secs] 9298K->9271K(9920K), [Metaspace: 4890K->4890K(139264K)], 0.0056325 secs] [Times: user=0.01 sys=0.00, real=0.00 secs] 
2020-11-18T11:06:03.817-0800: 20.296: [Full GC (System.gc()) 2020-11-18T11:06:03.818-0800: 20.296: [CMS: 6846K->6846K(6848K), 0.0041894 secs] 9300K->9274K(9920K), [Metaspace: 4890K->4890K(139264K)], 0.0042709 secs] [Times: user=0.00 sys=0.00, real=0.01 secs] 
2020-11-18T11:06:03.822-0800: 20.300: [GC (CMS Initial Mark) [1 CMS-initial-mark: 6846K(6848K)] 9274K(9920K), 0.0002354 secs] [Times: user=0.00 sys=0.00, real=0.00 secs] 
2020-11-18T11:06:03.822-0800: 20.301: [CMS-concurrent-mark-start]
2020-11-18T11:06:03.823-0800: 20.302: [Full GC (System.gc()) 2020-11-18T11:06:03.823-0800: 20.302: [CMS2020-11-18T11:06:03.825-0800: 20.303: [CMS-concurrent-mark: 0.001/0.003 secs] [Times: user=0.01 sys=0.00, real=0.00 secs] 
 (concurrent mode interrupted): 6846K->6846K(6848K), 0.0057986 secs] 9303K->9276K(9920K), [Metaspace: 4890K->4890K(139264K)], 0.0058486 secs] [Times: user=0.01 sys=0.00, real=0.00 secs] 
2020-11-18T11:06:03.831-0800: 20.309: [Full GC (System.gc()) 2020-11-18T11:06:03.831-0800: 20.309: [CMS: 6846K->6846K(6848K), 0.0041914 secs] 9305K->9278K(9920K), [Metaspace: 4890K->4890K(139264K)], 0.0042621 secs] [Times: user=0.00 sys=0.00, real=0.00 secs] 
2020-11-18T11:06:03.835-0800: 20.313: [GC (CMS Initial Mark) [1 CMS-initial-mark: 6846K(6848K)] 9278K(9920K), 0.0002402 secs] [Times: user=0.00 sys=0.00, real=0.00 secs] 
2020-11-18T11:06:03.835-0800: 20.314: [CMS-concurrent-mark-start]
2020-11-18T11:06:03.836-0800: 20.315: [Full GC (System.gc()) 2020-11-18T11:06:03.836-0800: 20.315: [CMS2020-11-18T11:06:03.838-0800: 20.316: [CMS-concurrent-mark: 0.001/0.002 secs] [Times: user=0.01 sys=0.00, real=0.00 secs] 
 (concurrent mode interrupted): 6846K->6846K(6848K), 0.0055711 secs] 9307K->9281K(9920K), [Metaspace: 4890K->4890K(139264K)], 0.0056185 secs] [Times: user=0.00 sys=0.00, real=0.01 secs] 
2020-11-18T11:06:03.843-0800: 20.322: [Full GC (System.gc()) 2020-11-18T11:06:03.843-0800: 20.322: [CMS: 6846K->6846K(6848K), 0.0041650 secs] 9310K->9283K(9920K), [Metaspace: 4890K->4890K(139264K)], 0.0042450 secs] [Times: user=0.01 sys=0.00, real=0.00 secs] 
2020-11-18T11:06:03.848-0800: 20.326: [GC (CMS Initial Mark) [1 CMS-initial-mark: 6846K(6848K)] 9283K(9920K), 0.0002123 secs] [Times: user=0.00 sys=0.00, real=0.00 secs] 
2020-11-18T11:06:03.848-0800: 20.326: [CMS-concurrent-mark-start]
2020-11-18T11:06:03.849-0800: 20.328: [Full GC (System.gc()) 2020-11-18T11:06:03.849-0800: 20.328: [CMS2020-11-18T11:06:03.850-0800: 20.329: [CMS-concurrent-mark: 0.001/0.002 secs] [Times: user=0.00 sys=0.00, real=0.01 secs] 
 (concurrent mode interrupted): 6846K->6846K(6848K), 0.0055047 secs] 9312K->9286K(9920K), [Metaspace: 4890K->4890K(139264K)], 0.0055559 secs] [Times: user=0.00 sys=0.00, real=0.01 secs] 
2020-11-18T11:06:03.856-0800: 20.335: [Full GC (System.gc()) 2020-11-18T11:06:03.856-0800: 20.335: [CMS: 6846K->6846K(6848K), 0.0041660 secs] 9315K->9288K(9920K), [Metaspace: 4890K->4890K(139264K)], 0.0042377 secs] [Times: user=0.01 sys=0.00, real=0.01 secs] 
2020-11-18T11:06:03.861-0800: 20.339: [GC (CMS Initial Mark) [1 CMS-initial-mark: 6846K(6848K)] 9288K(9920K), 0.0002231 secs] [Times: user=0.00 sys=0.00, real=0.00 secs] 
2020-11-18T11:06:03.861-0800: 20.339: [CMS-concurrent-mark-start]
2020-11-18T11:06:03.862-0800: 20.340: [Full GC (System.gc()) 2020-11-18T11:06:03.862-0800: 20.340: [CMS2020-11-18T11:06:03.863-0800: 20.341: [CMS-concurrent-mark: 0.001/0.002 secs] [Times: user=0.00 sys=0.00, real=0.00 secs] 
 (concurrent mode interrupted): 6846K->6846K(6848K), 0.0048055 secs] 9317K->9291K(9920K), [Metaspace: 4890K->4890K(139264K)], 0.0048491 secs] [Times: user=0.01 sys=0.00, real=0.00 secs] 
2020-11-18T11:06:03.868-0800: 20.347: [Full GC (System.gc()) 2020-11-18T11:06:03.868-0800: 20.347: [CMS: 6846K->6846K(6848K), 0.0041680 secs] 9320K->9293K(9920K), [Metaspace: 4890K->4890K(139264K)], 0.0042428 secs] [Times: user=0.00 sys=0.00, real=0.01 secs] 
2020-11-18T11:06:03.873-0800: 20.351: [GC (CMS Initial Mark) [1 CMS-initial-mark: 6846K(6848K)] 9293K(9920K), 0.0001926 secs] [Times: user=0.00 sys=0.00, real=0.00 secs] 
2020-11-18T11:06:03.873-0800: 20.351: [CMS-concurrent-mark-start]
2020-11-18T11:06:03.874-0800: 20.352: [Full GC (System.gc()) 2020-11-18T11:06:03.874-0800: 20.352: [CMS2020-11-18T11:06:03.875-0800: 20.354: [CMS-concurrent-mark: 0.001/0.002 secs] [Times: user=0.00 sys=0.00, real=0.00 secs] 
 (concurrent mode interrupted): 6846K->6846K(6848K), 0.0054953 secs] 9322K->9295K(9920K), [Metaspace: 4890K->4890K(139264K)], 0.0055463 secs] [Times: user=0.01 sys=0.00, real=0.00 secs] 
2020-11-18T11:06:03.881-0800: 20.359: [Full GC (System.gc()) 2020-11-18T11:06:03.881-0800: 20.359: [CMS: 6846K->6846K(6848K), 0.0042268 secs] 9324K->9298K(9920K), [Metaspace: 4890K->4890K(139264K)], 0.0042996 secs] [Times: user=0.00 sys=0.00, real=0.00 secs] 
2020-11-18T11:06:03.885-0800: 20.364: [GC (CMS Initial Mark) [1 CMS-initial-mark: 6846K(6848K)] 9298K(9920K), 0.0002183 secs] [Times: user=0.00 sys=0.00, real=0.00 secs] 
2020-11-18T11:06:03.885-0800: 20.364: [CMS-concurrent-mark-start]
2020-11-18T11:06:03.887-0800: 20.365: [Full GC (System.gc()) 2020-11-18T11:06:03.887-0800: 20.365: [CMS2020-11-18T11:06:03.888-0800: 20.366: [CMS-concurrent-mark: 0.001/0.002 secs] [Times: user=0.01 sys=0.01, real=0.00 secs] 
 (concurrent mode interrupted): 6846K->6846K(6848K), 0.0055459 secs] 9327K->9300K(9920K), [Metaspace: 4890K->4890K(139264K)], 0.0055964 secs] [Times: user=0.00 sys=0.01, real=0.01 secs] 
2020-11-18T11:06:03.894-0800: 20.372: [Full GC (System.gc()) 2020-11-18T11:06:03.894-0800: 20.372: [CMS: 6846K->6846K(6848K), 0.0041810 secs] 9329K->9303K(9920K), [Metaspace: 4890K->4890K(139264K)], 0.0042582 secs] [Times: user=0.00 sys=0.00, real=0.00 secs] 
2020-11-18T11:06:03.898-0800: 20.376: [GC (CMS Initial Mark) [1 CMS-initial-mark: 6846K(6848K)] 9303K(9920K), 0.0002066 secs] [Times: user=0.00 sys=0.00, real=0.00 secs] 
2020-11-18T11:06:03.898-0800: 20.377: [CMS-concurrent-mark-start]
2020-11-18T11:06:03.899-0800: 20.378: [Full GC (System.gc()) 2020-11-18T11:06:03.899-0800: 20.378: [CMS2020-11-18T11:06:03.901-0800: 20.379: [CMS-concurrent-mark: 0.001/0.003 secs] [Times: user=0.01 sys=0.00, real=0.01 secs] 
 (concurrent mode interrupted): 6846K->6846K(6848K), 0.0056443 secs] 9332K->9305K(9920K), [Metaspace: 4890K->4890K(139264K)], 0.0057019 secs] [Times: user=0.00 sys=0.00, real=0.01 secs] 
2020-11-18T11:06:03.907-0800: 20.385: [Full GC (System.gc()) 2020-11-18T11:06:03.907-0800: 20.385: [CMS: 6846K->6846K(6848K), 0.0041204 secs] 9334K->9307K(9920K), [Metaspace: 4890K->4890K(139264K)], 0.0041928 secs] [Times: user=0.01 sys=0.00, real=0.01 secs] 
2020-11-18T11:06:03.911-0800: 20.389: [GC (CMS Initial Mark) [1 CMS-initial-mark: 6846K(6848K)] 9307K(9920K), 0.0002769 secs] [Times: user=0.00 sys=0.00, real=0.00 secs] 
2020-11-18T11:06:03.911-0800: 20.390: [CMS-concurrent-mark-start]
2020-11-18T11:06:03.912-0800: 20.391: [Full GC (System.gc()) 2020-11-18T11:06:03.912-0800: 20.391: [CMS2020-11-18T11:06:03.914-0800: 20.392: [CMS-concurrent-mark: 0.001/0.003 secs] [Times: user=0.00 sys=0.00, real=0.00 secs] 
 (concurrent mode interrupted): 6846K->6846K(6848K), 0.0057766 secs] 9336K->9310K(9920K), [Metaspace: 4890K->4890K(139264K)], 0.0058307 secs] [Times: user=0.01 sys=0.00, real=0.00 secs] 
2020-11-18T11:06:03.920-0800: 20.398: [Full GC (System.gc()) 2020-11-18T11:06:03.920-0800: 20.398: [CMS: 6846K->6846K(6848K), 0.0045068 secs] 9339K->9312K(9920K), [Metaspace: 4890K->4890K(139264K)], 0.0045807 secs] [Times: user=0.00 sys=0.00, real=0.00 secs] 
2020-11-18T11:06:03.924-0800: 20.403: [GC (CMS Initial Mark) [1 CMS-initial-mark: 6846K(6848K)] 9312K(9920K), 0.0002583 secs] [Times: user=0.00 sys=0.00, real=0.00 secs] 
2020-11-18T11:06:03.925-0800: 20.403: [CMS-concurrent-mark-start]
2020-11-18T11:06:03.926-0800: 20.404: [Full GC (System.gc()) 2020-11-18T11:06:03.926-0800: 20.404: [CMS2020-11-18T11:06:03.927-0800: 20.406: [CMS-concurrent-mark: 0.001/0.002 secs] [Times: user=0.00 sys=0.00, real=0.00 secs] 
 (concurrent mode interrupted): 6846K->6846K(6848K), 0.0052072 secs] 9341K->9315K(9920K), [Metaspace: 4890K->4890K(139264K)], 0.0052526 secs] [Times: user=0.01 sys=0.00, real=0.01 secs] 
2020-11-18T11:06:03.932-0800: 20.411: [Full GC (System.gc()) 2020-11-18T11:06:03.932-0800: 20.411: [CMS: 6846K->6846K(6848K), 0.0035703 secs] 9344K->9317K(9920K), [Metaspace: 4890K->4890K(139264K)], 0.0036145 secs] [Times: user=0.00 sys=0.00, real=0.00 secs] 
2020-11-18T11:06:03.936-0800: 20.414: [GC (CMS Initial Mark) [1 CMS-initial-mark: 6846K(6848K)] 9317K(9920K), 0.0001657 secs] [Times: user=0.00 sys=0.00, real=0.00 secs] 
2020-11-18T11:06:03.936-0800: 20.414: [CMS-concurrent-mark-start]
2020-11-18T11:06:03.937-0800: 20.416: [CMS-concurrent-mark: 0.001/0.001 secs] [Times: user=0.00 sys=0.00, real=0.00 secs] 
2020-11-18T11:06:03.937-0800: 20.416: [Full GC (System.gc()) 2020-11-18T11:06:03.937-0800: 20.416: [CMS (concurrent mode interrupted): 6846K->6846K(6848K), 0.0036188 secs] 9346K->9319K(9920K), [Metaspace: 4890K->4890K(139264K)], 0.0036615 secs] [Times: user=0.01 sys=0.00, real=0.01 secs] 
2020-11-18T11:06:03.942-0800: 20.421: [Full GC (System.gc()) 2020-11-18T11:06:03.942-0800: 20.421: [CMS: 6846K->6846K(6848K), 0.0034413 secs] 9349K->9322K(9920K), [Metaspace: 4890K->4890K(139264K)], 0.0034819 secs] [Times: user=0.00 sys=0.00, real=0.00 secs] 
2020-11-18T11:06:03.946-0800: 20.424: [GC (CMS Initial Mark) [1 CMS-initial-mark: 6846K(6848K)] 9322K(9920K), 0.0001747 secs] [Times: user=0.00 sys=0.00, real=0.00 secs] 
2020-11-18T11:06:03.946-0800: 20.424: [CMS-concurrent-mark-start]
2020-11-18T11:06:03.947-0800: 20.426: [CMS-concurrent-mark: 0.001/0.001 secs] [Times: user=0.01 sys=0.00, real=0.00 secs] 
2020-11-18T11:06:03.947-0800: 20.426: [Full GC (System.gc()) 2020-11-18T11:06:03.947-0800: 20.426: [CMS (concurrent mode interrupted): 6846K->6846K(6848K), 0.0033089 secs] 9351K->9324K(9920K), [Metaspace: 4890K->4890K(139264K)], 0.0033455 secs] [Times: user=0.00 sys=0.00, real=0.01 secs] 
2020-11-18T11:06:03.952-0800: 20.430: [Full GC (System.gc()) 2020-11-18T11:06:03.952-0800: 20.430: [CMS: 6846K->6846K(6848K), 0.0032350 secs] 9353K->9327K(9920K), [Metaspace: 4890K->4890K(139264K)], 0.0032733 secs] [Times: user=0.00 sys=0.00, real=0.00 secs] 
2020-11-18T11:06:03.955-0800: 20.434: [GC (CMS Initial Mark) [1 CMS-initial-mark: 6846K(6848K)] 9327K(9920K), 0.0001766 secs] [Times: user=0.00 sys=0.00, real=0.00 secs] 
2020-11-18T11:06:03.956-0800: 20.434: [CMS-concurrent-mark-start]
2020-11-18T11:06:03.957-0800: 20.435: [CMS-concurrent-mark: 0.001/0.001 secs] [Times: user=0.01 sys=0.00, real=0.00 secs] 
2020-11-18T11:06:03.957-0800: 20.435: [Full GC (System.gc()) 2020-11-18T11:06:03.957-0800: 20.435: [CMS (concurrent mode interrupted): 6846K->6846K(6848K), 0.0032065 secs] 9356K->9329K(9920K), [Metaspace: 4890K->4890K(139264K)], 0.0032391 secs] [Times: user=0.00 sys=0.00, real=0.01 secs] 
2020-11-18T11:06:03.961-0800: 20.440: [Full GC (System.gc()) 2020-11-18T11:06:03.961-0800: 20.440: [CMS: 6846K->6846K(6848K), 0.0039427 secs] 9358K->9332K(9920K), [Metaspace: 4890K->4890K(139264K)], 0.0040092 secs] [Times: user=0.00 sys=0.00, real=0.00 secs] 
2020-11-18T11:06:03.966-0800: 20.444: [GC (CMS Initial Mark) [1 CMS-initial-mark: 6846K(6848K)] 9332K(9920K), 0.0001780 secs] [Times: user=0.00 sys=0.00, real=0.00 secs] 
2020-11-18T11:06:03.966-0800: 20.444: [CMS-concurrent-mark-start]
2020-11-18T11:06:03.967-0800: 20.445: [CMS-concurrent-mark: 0.001/0.001 secs] [Times: user=0.01 sys=0.00, real=0.00 secs] 
2020-11-18T11:06:03.967-0800: 20.445: [Full GC (System.gc()) 2020-11-18T11:06:03.967-0800: 20.445: [CMS (concurrent mode interrupted): 6846K->6846K(6848K), 0.0032969 secs] 9361K->9334K(9920K), [Metaspace: 4890K->4890K(139264K)], 0.0033331 secs] [Times: user=0.00 sys=0.00, real=0.01 secs] 
2020-11-18T11:06:03.972-0800: 20.450: [Full GC (System.gc()) 2020-11-18T11:06:03.972-0800: 20.450: [CMS: 6846K->6846K(6848K), 0.0041335 secs] 9363K->9336K(9920K), [Metaspace: 4890K->4890K(139264K)], 0.0042156 secs] [Times: user=0.00 sys=0.00, real=0.00 secs] 
2020-11-18T11:06:03.976-0800: 20.455: [GC (CMS Initial Mark) [1 CMS-initial-mark: 6846K(6848K)] 9336K(9920K), 0.0002122 secs] [Times: user=0.00 sys=0.00, real=0.00 secs] 
2020-11-18T11:06:03.976-0800: 20.455: [CMS-concurrent-mark-start]
2020-11-18T11:06:03.977-0800: 20.456: [Full GC (System.gc()) 2020-11-18T11:06:03.978-0800: 20.456: [CMS2020-11-18T11:06:03.979-0800: 20.457: [CMS-concurrent-mark: 0.001/0.002 secs] [Times: user=0.01 sys=0.00, real=0.00 secs] 
 (concurrent mode interrupted): 6846K->6846K(6848K), 0.0054417 secs] 9365K->9339K(9920K), [Metaspace: 4890K->4890K(139264K)], 0.0054934 secs] [Times: user=0.00 sys=0.00, real=0.01 secs] 
2020-11-18T11:06:03.984-0800: 20.463: [Full GC (System.gc()) 2020-11-18T11:06:03.984-0800: 20.463: [CMS: 6846K->6846K(6848K), 0.0035390 secs] 9368K->9341K(9920K), [Metaspace: 4890K->4890K(139264K)], 0.0035841 secs] [Times: user=0.01 sys=0.00, real=0.00 secs] 
2020-11-18T11:06:03.988-0800: 20.467: [GC (CMS Initial Mark) [1 CMS-initial-mark: 6846K(6848K)] 9341K(9920K), 0.0002220 secs] [Times: user=0.00 sys=0.00, real=0.00 secs] 
2020-11-18T11:06:03.988-0800: 20.467: [CMS-concurrent-mark-start]
2020-11-18T11:06:03.989-0800: 20.468: [Full GC (System.gc()) 2020-11-18T11:06:03.989-0800: 20.468: [CMS2020-11-18T11:06:03.991-0800: 20.469: [CMS-concurrent-mark: 0.001/0.002 secs] [Times: user=0.00 sys=0.00, real=0.01 secs] 
 (concurrent mode interrupted): 6846K->6846K(6848K), 0.0045565 secs] 9370K->9344K(9920K), [Metaspace: 4890K->4890K(139264K)], 0.0046029 secs] [Times: user=0.00 sys=0.00, real=0.01 secs] 
2020-11-18T11:06:03.995-0800: 20.474: [Full GC (System.gc()) 2020-11-18T11:06:03.995-0800: 20.474: [CMS: 6846K->6846K(6848K), 0.0034975 secs] 9373K->9346K(9920K), [Metaspace: 4890K->4890K(139264K)], 0.0035398 secs] [Times: user=0.01 sys=0.00, real=0.00 secs] 
2020-11-18T11:06:03.999-0800: 20.478: [GC (CMS Initial Mark) [1 CMS-initial-mark: 6846K(6848K)] 9346K(9920K), 0.0002155 secs] [Times: user=0.00 sys=0.00, real=0.00 secs] 
2020-11-18T11:06:03.999-0800: 20.478: [CMS-concurrent-mark-start]
2020-11-18T11:06:04.001-0800: 20.479: [CMS-concurrent-mark: 0.001/0.001 secs] [Times: user=0.00 sys=0.00, real=0.01 secs] 
2020-11-18T11:06:04.001-0800: 20.479: [Full GC (System.gc()) 2020-11-18T11:06:04.001-0800: 20.479: [CMS (concurrent mode interrupted): 6846K->6846K(6848K), 0.0033043 secs] 9375K->9348K(9920K), [Metaspace: 4890K->4890K(139264K)], 0.0033423 secs] [Times: user=0.00 sys=0.00, real=0.00 secs] 
2020-11-18T11:06:04.005-0800: 20.484: [Full GC (System.gc()) 2020-11-18T11:06:04.005-0800: 20.484: [CMS: 6846K->6846K(6848K), 0.0039939 secs] 9377K->9351K(9920K), [Metaspace: 4890K->4890K(139264K)], 0.0040454 secs] [Times: user=0.01 sys=0.00, real=0.00 secs] 
2020-11-18T11:06:04.009-0800: 20.488: [GC (CMS Initial Mark) [1 CMS-initial-mark: 6846K(6848K)] 9351K(9920K), 0.0002393 secs] [Times: user=0.00 sys=0.00, real=0.01 secs] 
2020-11-18T11:06:04.010-0800: 20.488: [CMS-concurrent-mark-start]
2020-11-18T11:06:04.011-0800: 20.489: [Full GC (System.gc()) 2020-11-18T11:06:04.011-0800: 20.489: [CMS2020-11-18T11:06:04.012-0800: 20.490: [CMS-concurrent-mark: 0.001/0.002 secs] [Times: user=0.00 sys=0.00, real=0.00 secs] 
 (concurrent mode interrupted): 6846K->6846K(6848K), 0.0048279 secs] 9380K->9353K(9920K), [Metaspace: 4890K->4890K(139264K)], 0.0048743 secs] [Times: user=0.00 sys=0.00, real=0.00 secs] 
2020-11-18T11:06:04.017-0800: 20.495: [Full GC (System.gc()) 2020-11-18T11:06:04.017-0800: 20.495: [CMS: 6846K->6846K(6848K), 0.0032790 secs] 9382K->9356K(9920K), [Metaspace: 4890K->4890K(139264K)], 0.0033208 secs] [Times: user=0.01 sys=0.00, real=0.01 secs] 
2020-11-18T11:06:04.020-0800: 20.499: [GC (CMS Initial Mark) [1 CMS-initial-mark: 6846K(6848K)] 9356K(9920K), 0.0001553 secs] [Times: user=0.00 sys=0.00, real=0.00 secs] 
2020-11-18T11:06:04.020-0800: 20.499: [CMS-concurrent-mark-start]
2020-11-18T11:06:04.022-0800: 20.500: [CMS-concurrent-mark: 0.001/0.001 secs] [Times: user=0.00 sys=0.00, real=0.00 secs] 
2020-11-18T11:06:04.022-0800: 20.500: [Full GC (System.gc()) 2020-11-18T11:06:04.022-0800: 20.500: [CMS (concurrent mode interrupted): 6846K->6846K(6848K), 0.0032713 secs] 9385K->9358K(9920K), [Metaspace: 4890K->4890K(139264K)], 0.0033090 secs] [Times: user=0.00 sys=0.00, real=0.00 secs] 
2020-11-18T11:06:04.026-0800: 20.505: [Full GC (System.gc()) 2020-11-18T11:06:04.026-0800: 20.505: [CMS: 6846K->6846K(6848K), 0.0031504 secs] 9387K->9361K(9920K), [Metaspace: 4890K->4890K(139264K)], 0.0031887 secs] [Times: user=0.01 sys=0.00, real=0.01 secs] 
2020-11-18T11:06:04.030-0800: 20.508: [GC (CMS Initial Mark) [1 CMS-initial-mark: 6846K(6848K)] 9361K(9920K), 0.0001987 secs] [Times: user=0.00 sys=0.00, real=0.00 secs] 
2020-11-18T11:06:04.030-0800: 20.508: [CMS-concurrent-mark-start]
2020-11-18T11:06:04.031-0800: 20.509: [CMS-concurrent-mark: 0.001/0.001 secs] [Times: user=0.00 sys=0.00, real=0.00 secs] 
2020-11-18T11:06:04.031-0800: 20.509: [CMS-concurrent-preclean-start]
2020-11-18T11:06:04.031-0800: 20.509: [Full GC (System.gc()) 2020-11-18T11:06:04.031-0800: 20.509: [CMS2020-11-18T11:06:04.032-0800: 20.510: [CMS-concurrent-preclean: 0.001/0.001 secs] [Times: user=0.00 sys=0.00, real=0.00 secs] 
 (concurrent mode interrupted): 6846K->6846K(6848K), 0.0043619 secs] 9390K->9363K(9920K), [Metaspace: 4890K->4890K(139264K)], 0.0044135 secs] [Times: user=0.01 sys=0.00, real=0.00 secs] 
2020-11-18T11:06:04.037-0800: 20.515: [Full GC (System.gc()) 2020-11-18T11:06:04.037-0800: 20.515: [CMS: 6846K->6846K(6848K), 0.0035717 secs] 9392K->9365K(9920K), [Metaspace: 4890K->4890K(139264K)], 0.0036233 secs] [Times: user=0.00 sys=0.00, real=0.01 secs] 
2020-11-18T11:06:04.040-0800: 20.519: [GC (CMS Initial Mark) [1 CMS-initial-mark: 6846K(6848K)] 9365K(9920K), 0.0002045 secs] [Times: user=0.00 sys=0.00, real=0.00 secs] 
2020-11-18T11:06:04.041-0800: 20.519: [CMS-concurrent-mark-start]
2020-11-18T11:06:04.042-0800: 20.520: [CMS-concurrent-mark: 0.001/0.001 secs] [Times: user=0.00 sys=0.00, real=0.00 secs] 
2020-11-18T11:06:04.042-0800: 20.520: [Full GC (System.gc()) 2020-11-18T11:06:04.042-0800: 20.520: [CMS (concurrent mode interrupted): 6846K->6846K(6848K), 0.0036106 secs] 9394K->9368K(9920K), [Metaspace: 4890K->4890K(139264K)], 0.0036610 secs] [Times: user=0.01 sys=0.00, real=0.00 secs] 
2020-11-18T11:06:04.047-0800: 20.525: [Full GC (System.gc()) 2020-11-18T11:06:04.047-0800: 20.525: [CMS: 6846K->6846K(6848K), 0.0034564 secs] 9397K->9370K(9920K), [Metaspace: 4890K->4890K(139264K)], 0.0035025 secs] [Times: user=0.00 sys=0.00, real=0.01 secs] 
2020-11-18T11:06:04.050-0800: 20.529: [GC (CMS Initial Mark) [1 CMS-initial-mark: 6846K(6848K)] 9370K(9920K), 0.0001965 secs] [Times: user=0.00 sys=0.00, real=0.00 secs] 
2020-11-18T11:06:04.051-0800: 20.529: [CMS-concurrent-mark-start]
2020-11-18T11:06:04.052-0800: 20.530: [CMS-concurrent-mark: 0.001/0.001 secs] [Times: user=0.00 sys=0.00, real=0.00 secs] 
2020-11-18T11:06:04.052-0800: 20.530: [Full GC (System.gc()) 2020-11-18T11:06:04.052-0800: 20.530: [CMS (concurrent mode interrupted): 6846K->6846K(6848K), 0.0033763 secs] 9399K->9373K(9920K), [Metaspace: 4890K->4890K(139264K)], 0.0034134 secs] [Times: user=0.01 sys=0.00, real=0.00 secs] 
2020-11-18T11:06:04.057-0800: 20.535: [Full GC (System.gc()) 2020-11-18T11:06:04.057-0800: 20.535: [CMS: 6846K->6846K(6848K), 0.0033685 secs] 9402K->9375K(9920K), [Metaspace: 4890K->4890K(139264K)], 0.0034143 secs] [Times: user=0.00 sys=0.00, real=0.01 secs] 
2020-11-18T11:06:04.060-0800: 20.539: [GC (CMS Initial Mark) [1 CMS-initial-mark: 6846K(6848K)] 9375K(9920K), 0.0002157 secs] [Times: user=0.00 sys=0.00, real=0.00 secs] 
2020-11-18T11:06:04.060-0800: 20.539: [CMS-concurrent-mark-start]
2020-11-18T11:06:04.061-0800: 20.540: [Full GC (System.gc()) 2020-11-18T11:06:04.061-0800: 20.540: [CMS2020-11-18T11:06:04.063-0800: 20.541: [CMS-concurrent-mark: 0.001/0.002 secs] [Times: user=0.00 sys=0.00, real=0.00 secs] 
 (concurrent mode interrupted): 6846K->6846K(6848K), 0.0047286 secs] 9404K->9377K(9920K), [Metaspace: 4890K->4890K(139264K)], 0.0047730 secs] [Times: user=0.01 sys=0.00, real=0.00 secs] 
2020-11-18T11:06:04.068-0800: 20.546: [Full GC (System.gc()) 2020-11-18T11:06:04.068-0800: 20.546: [CMS: 6846K->6846K(6848K), 0.0034996 secs] 9406K->9380K(9920K), [Metaspace: 4890K->4890K(139264K)], 0.0035457 secs] [Times: user=0.00 sys=0.00, real=0.01 secs] 
2020-11-18T11:06:04.071-0800: 20.550: [GC (CMS Initial Mark) [1 CMS-initial-mark: 6846K(6848K)] 9380K(9920K), 0.0002159 secs] [Times: user=0.00 sys=0.00, real=0.00 secs] 
2020-11-18T11:06:04.071-0800: 20.550: [CMS-concurrent-mark-start]
2020-11-18T11:06:04.072-0800: 20.551: [Full GC (System.gc()) 2020-11-18T11:06:04.072-0800: 20.551: [CMS2020-11-18T11:06:04.074-0800: 20.552: [CMS-concurrent-mark: 0.001/0.002 secs] [Times: user=0.00 sys=0.00, real=0.00 secs] 
 (concurrent mode interrupted): 6846K->6846K(6848K), 0.0046761 secs] 9409K->9382K(9920K), [Metaspace: 4890K->4890K(139264K)], 0.0047181 secs] [Times: user=0.01 sys=0.00, real=0.00 secs] 
2020-11-18T11:06:04.078-0800: 20.557: [Full GC (System.gc()) 2020-11-18T11:06:04.078-0800: 20.557: [CMS: 6846K->6846K(6848K), 0.0033867 secs] 9411K->9385K(9920K), [Metaspace: 4890K->4890K(139264K)], 0.0034293 secs] [Times: user=0.00 sys=0.00, real=0.01 secs] 
2020-11-18T11:06:04.082-0800: 20.560: [GC (CMS Initial Mark) [1 CMS-initial-mark: 6846K(6848K)] 9385K(9920K), 0.0002134 secs] [Times: user=0.00 sys=0.00, real=0.00 secs] 
2020-11-18T11:06:04.082-0800: 20.560: [CMS-concurrent-mark-start]
2020-11-18T11:06:04.083-0800: 20.561: [Full GC (System.gc()) 2020-11-18T11:06:04.083-0800: 20.561: [CMS2020-11-18T11:06:04.084-0800: 20.563: [CMS-concurrent-mark: 0.001/0.002 secs] [Times: user=0.00 sys=0.00, real=0.00 secs] 
 (concurrent mode interrupted): 6846K->6846K(6848K), 0.0048318 secs] 9414K->9387K(9920K), [Metaspace: 4890K->4890K(139264K)], 0.0048781 secs] [Times: user=0.01 sys=0.00, real=0.00 secs] 
2020-11-18T11:06:04.089-0800: 20.568: [Full GC (System.gc()) 2020-11-18T11:06:04.089-0800: 20.568: [CMS: 6846K->6846K(6848K), 0.0033186 secs] 9416K->9390K(9920K), [Metaspace: 4890K->4890K(139264K)], 0.0033617 secs] [Times: user=0.00 sys=0.00, real=0.01 secs] 
2020-11-18T11:06:04.093-0800: 20.571: [GC (CMS Initial Mark) [1 CMS-initial-mark: 6846K(6848K)] 9390K(9920K), 0.0002031 secs] [Times: user=0.00 sys=0.00, real=0.00 secs] 
2020-11-18T11:06:04.093-0800: 20.571: [CMS-concurrent-mark-start]
2020-11-18T11:06:04.094-0800: 20.572: [CMS-concurrent-mark: 0.001/0.001 secs] [Times: user=0.00 sys=0.00, real=0.00 secs] 
2020-11-18T11:06:04.094-0800: 20.572: [Full GC (System.gc()) 2020-11-18T11:06:04.094-0800: 20.572: [CMS (concurrent mode interrupted): 6846K->6846K(6848K), 0.0034953 secs] 9419K->9392K(9920K), [Metaspace: 4890K->4890K(139264K)], 0.0035368 secs] [Times: user=0.01 sys=0.00, real=0.00 secs] 
2020-11-18T11:06:04.099-0800: 20.577: [Full GC (System.gc()) 2020-11-18T11:06:04.099-0800: 20.577: [CMS: 6846K->6846K(6848K), 0.0033787 secs] 9421K->9394K(9920K), [Metaspace: 4890K->4890K(139264K)], 0.0034209 secs] [Times: user=0.00 sys=0.00, real=0.01 secs] 
2020-11-18T11:06:04.102-0800: 20.581: [GC (CMS Initial Mark) [1 CMS-initial-mark: 6846K(6848K)] 9394K(9920K), 0.0002082 secs] [Times: user=0.00 sys=0.00, real=0.00 secs] 
2020-11-18T11:06:04.103-0800: 20.581: [CMS-concurrent-mark-start]
2020-11-18T11:06:04.104-0800: 20.582: [CMS-concurrent-mark: 0.001/0.001 secs] [Times: user=0.01 sys=0.00, real=0.00 secs] 
2020-11-18T11:06:04.104-0800: 20.582: [Full GC (System.gc()) 2020-11-18T11:06:04.104-0800: 20.582: [CMS (concurrent mode interrupted): 6846K->6846K(6848K), 0.0034285 secs] 9423K->9397K(9920K), [Metaspace: 4890K->4890K(139264K)], 0.0034705 secs] [Times: user=0.00 sys=0.00, real=0.00 secs] 
2020-11-18T11:06:04.109-0800: 20.587: [Full GC (System.gc()) 2020-11-18T11:06:04.109-0800: 20.587: [CMS: 6846K->6846K(6848K), 0.0033331 secs] 9426K->9399K(9920K), [Metaspace: 4890K->4890K(139264K)], 0.0033776 secs] [Times: user=0.00 sys=0.00, real=0.01 secs] 
2020-11-18T11:06:04.112-0800: 20.591: [GC (CMS Initial Mark) [1 CMS-initial-mark: 6846K(6848K)] 9399K(9920K), 0.0001979 secs] [Times: user=0.00 sys=0.00, real=0.00 secs] 
2020-11-18T11:06:04.113-0800: 20.591: [CMS-concurrent-mark-start]
2020-11-18T11:06:04.114-0800: 20.592: [Full GC (System.gc()) 2020-11-18T11:06:04.114-0800: 20.592: [CMS2020-11-18T11:06:04.115-0800: 20.593: [CMS-concurrent-mark: 0.001/0.002 secs] [Times: user=0.01 sys=0.01, real=0.00 secs] 
 (concurrent mode interrupted): 6846K->6846K(6848K), 0.0047891 secs] 9428K->9402K(9920K), [Metaspace: 4890K->4890K(139264K)], 0.0048321 secs] [Times: user=0.00 sys=0.01, real=0.00 secs] 
2020-11-18T11:06:04.120-0800: 20.598: [Full GC (System.gc()) 2020-11-18T11:06:04.120-0800: 20.598: [CMS: 6846K->6846K(6848K), 0.0034189 secs] 9431K->9404K(9920K), [Metaspace: 4890K->4890K(139264K)], 0.0034587 secs] [Times: user=0.00 sys=0.00, real=0.00 secs] 
2020-11-18T11:06:04.123-0800: 20.602: [GC (CMS Initial Mark) [1 CMS-initial-mark: 6846K(6848K)] 9404K(9920K), 0.0001673 secs] [Times: user=0.00 sys=0.00, real=0.00 secs] 
2020-11-18T11:06:04.124-0800: 20.602: [CMS-concurrent-mark-start]
2020-11-18T11:06:04.125-0800: 20.603: [Full GC (System.gc()) 2020-11-18T11:06:04.125-0800: 20.603: [CMS2020-11-18T11:06:04.126-0800: 20.604: [CMS-concurrent-mark: 0.001/0.002 secs] [Times: user=0.01 sys=0.00, real=0.00 secs] 
 (concurrent mode interrupted): 6846K->6846K(6848K), 0.0047962 secs] 9433K->9406K(9920K), [Metaspace: 4890K->4890K(139264K)], 0.0048460 secs] [Times: user=0.00 sys=0.00, real=0.00 secs] 
2020-11-18T11:06:04.131-0800: 20.609: [Full GC (System.gc()) 2020-11-18T11:06:04.131-0800: 20.609: [CMS: 6846K->6846K(6848K), 0.0036097 secs] 9435K->9409K(9920K), [Metaspace: 4890K->4890K(139264K)], 0.0036585 secs] [Times: user=0.00 sys=0.00, real=0.00 secs] 
2020-11-18T11:06:04.135-0800: 20.613: [GC (CMS Initial Mark) [1 CMS-initial-mark: 6846K(6848K)] 9409K(9920K), 0.0002349 secs] [Times: user=0.00 sys=0.00, real=0.00 secs] 
2020-11-18T11:06:04.135-0800: 20.613: [CMS-concurrent-mark-start]
2020-11-18T11:06:04.136-0800: 20.614: [Full GC (System.gc()) 2020-11-18T11:06:04.136-0800: 20.614: [CMS2020-11-18T11:06:04.137-0800: 20.616: [CMS-concurrent-mark: 0.001/0.002 secs] [Times: user=0.01 sys=0.00, real=0.00 secs] 
 (concurrent mode interrupted): 6846K->6846K(6848K), 0.0053046 secs] 9438K->9411K(9920K), [Metaspace: 4890K->4890K(139264K)], 0.0053581 secs] [Times: user=0.00 sys=0.00, real=0.01 secs] 
2020-11-18T11:06:04.143-0800: 20.621: [Full GC (System.gc()) 2020-11-18T11:06:04.143-0800: 20.621: [CMS: 6846K->6846K(6848K), 0.0039255 secs] 9440K->9414K(9920K), [Metaspace: 4890K->4890K(139264K)], 0.0039774 secs] [Times: user=0.01 sys=0.00, real=0.00 secs] 
2020-11-18T11:06:04.147-0800: 20.625: [GC (CMS Initial Mark) [1 CMS-initial-mark: 6846K(6848K)] 9414K(9920K), 0.0002127 secs] [Times: user=0.00 sys=0.00, real=0.00 secs] 
2020-11-18T11:06:04.147-0800: 20.625: [CMS-concurrent-mark-start]
2020-11-18T11:06:04.148-0800: 20.626: [Full GC (System.gc()) 2020-11-18T11:06:04.148-0800: 20.626: [CMS2020-11-18T11:06:04.149-0800: 20.628: [CMS-concurrent-mark: 0.001/0.002 secs] [Times: user=0.00 sys=0.00, real=0.00 secs] 
 (concurrent mode interrupted): 6846K->6846K(6848K), 0.0053766 secs] 9443K->9416K(9920K), [Metaspace: 4890K->4890K(139264K)], 0.0054303 secs] [Times: user=0.00 sys=0.00, real=0.01 secs] 
2020-11-18T11:06:04.155-0800: 20.633: [Full GC (System.gc()) 2020-11-18T11:06:04.155-0800: 20.633: [CMS: 6846K->6846K(6848K), 0.0043182 secs] 9445K->9418K(9920K), [Metaspace: 4890K->4890K(139264K)], 0.0043926 secs] [Times: user=0.01 sys=0.00, real=0.00 secs] 
2020-11-18T11:06:04.159-0800: 20.638: [GC (CMS Initial Mark) [1 CMS-initial-mark: 6846K(6848K)] 9418K(9920K), 0.0002096 secs] [Times: user=0.00 sys=0.00, real=0.01 secs] 
2020-11-18T11:06:04.160-0800: 20.638: [CMS-concurrent-mark-start]
2020-11-18T11:06:04.161-0800: 20.639: [Full GC (System.gc()) 2020-11-18T11:06:04.161-0800: 20.639: [CMS2020-11-18T11:06:04.162-0800: 20.641: [CMS-concurrent-mark: 0.001/0.003 secs] [Times: user=0.00 sys=0.00, real=0.00 secs] 
 (concurrent mode interrupted): 6846K->6846K(6848K), 0.0056427 secs] 9447K->9421K(9920K), [Metaspace: 4890K->4890K(139264K)], 0.0056926 secs] [Times: user=0.01 sys=0.00, real=0.00 secs] 
2020-11-18T11:06:04.168-0800: 20.646: [Full GC (System.gc()) 2020-11-18T11:06:04.168-0800: 20.646: [CMS: 6846K->6846K(6848K), 0.0047126 secs] 9450K->9423K(9920K), [Metaspace: 4890K->4890K(139264K)], 0.0047932 secs] [Times: user=0.00 sys=0.00, real=0.01 secs] 
2020-11-18T11:06:04.173-0800: 20.651: [GC (CMS Initial Mark) [1 CMS-initial-mark: 6846K(6848K)] 9423K(9920K), 0.0001970 secs] [Times: user=0.00 sys=0.00, real=0.00 secs] 
2020-11-18T11:06:04.173-0800: 20.652: [CMS-concurrent-mark-start]
2020-11-18T11:06:04.174-0800: 20.653: [Full GC (System.gc()) 2020-11-18T11:06:04.174-0800: 20.653: [CMS2020-11-18T11:06:04.176-0800: 20.654: [CMS-concurrent-mark: 0.001/0.003 secs] [Times: user=0.01 sys=0.00, real=0.00 secs] 
 (concurrent mode interrupted): 6846K->6846K(6848K), 0.0051488 secs] 9452K->9426K(9920K), [Metaspace: 4890K->4890K(139264K)], 0.0051958 secs] [Times: user=0.01 sys=0.00, real=0.01 secs] 
2020-11-18T11:06:04.181-0800: 20.660: [Full GC (System.gc()) 2020-11-18T11:06:04.181-0800: 20.660: [CMS: 6846K->6846K(6848K), 0.0041079 secs] 9455K->9428K(9920K), [Metaspace: 4890K->4890K(139264K)], 0.0041800 secs] [Times: user=0.00 sys=0.00, real=0.00 secs] 
2020-11-18T11:06:04.185-0800: 20.664: [GC (CMS Initial Mark) [1 CMS-initial-mark: 6846K(6848K)] 9428K(9920K), 0.0002022 secs] [Times: user=0.00 sys=0.00, real=0.00 secs] 
2020-11-18T11:06:04.186-0800: 20.664: [CMS-concurrent-mark-start]
2020-11-18T11:06:04.187-0800: 20.665: [CMS-concurrent-mark: 0.001/0.001 secs] [Times: user=0.01 sys=0.00, real=0.00 secs] 
2020-11-18T11:06:04.187-0800: 20.665: [Full GC (System.gc()) 2020-11-18T11:06:04.187-0800: 20.665: [CMS (concurrent mode interrupted): 6846K->6846K(6848K), 0.0035823 secs] 9457K->9431K(9920K), [Metaspace: 4890K->4890K(139264K)], 0.0036198 secs] [Times: user=0.00 sys=0.00, real=0.01 secs] 
2020-11-18T11:06:04.192-0800: 20.670: [Full GC (System.gc()) 2020-11-18T11:06:04.192-0800: 20.670: [CMS: 6846K->6846K(6848K), 0.0042757 secs] 9460K->9433K(9920K), [Metaspace: 4890K->4890K(139264K)], 0.0043483 secs] [Times: user=0.00 sys=0.00, real=0.00 secs] 
2020-11-18T11:06:04.196-0800: 20.675: [GC (CMS Initial Mark) [1 CMS-initial-mark: 6846K(6848K)] 9433K(9920K), 0.0002297 secs] [Times: user=0.00 sys=0.00, real=0.00 secs] 
2020-11-18T11:06:04.197-0800: 20.675: [CMS-concurrent-mark-start]
2020-11-18T11:06:04.198-0800: 20.676: [Full GC (System.gc()) 2020-11-18T11:06:04.198-0800: 20.676: [CMS2020-11-18T11:06:04.199-0800: 20.678: [CMS-concurrent-mark: 0.001/0.003 secs] [Times: user=0.01 sys=0.00, real=0.00 secs] 
 (concurrent mode interrupted): 6846K->6846K(6848K), 0.0058923 secs] 9462K->9435K(9920K), [Metaspace: 4890K->4890K(139264K)], 0.0059348 secs] [Times: user=0.00 sys=0.00, real=0.01 secs] 
2020-11-18T11:06:04.205-0800: 20.683: [Full GC (System.gc()) 2020-11-18T11:06:04.205-0800: 20.683: [CMS: 6846K->6846K(6848K), 0.0042044 secs] 9464K->9438K(9920K), [Metaspace: 4890K->4890K(139264K)], 0.0042745 secs] [Times: user=0.01 sys=0.00, real=0.00 secs] 
2020-11-18T11:06:04.209-0800: 20.688: [GC (CMS Initial Mark) [1 CMS-initial-mark: 6846K(6848K)] 9438K(9920K), 0.0002128 secs] [Times: user=0.00 sys=0.00, real=0.01 secs] 
2020-11-18T11:06:04.210-0800: 20.688: [CMS-concurrent-mark-start]
2020-11-18T11:06:04.211-0800: 20.689: [Full GC (System.gc()) 2020-11-18T11:06:04.211-0800: 20.689: [CMS2020-11-18T11:06:04.212-0800: 20.691: [CMS-concurrent-mark: 0.001/0.002 secs] [Times: user=0.00 sys=0.00, real=0.00 secs] 
 (concurrent mode interrupted): 6846K->6846K(6848K), 0.0049511 secs] 9467K->9440K(9920K), [Metaspace: 4890K->4890K(139264K)], 0.0049950 secs] [Times: user=0.00 sys=0.00, real=0.00 secs] 
2020-11-18T11:06:04.217-0800: 20.696: [Full GC (System.gc()) 2020-11-18T11:06:04.217-0800: 20.696: [CMS: 6846K->6846K(6848K), 0.0045143 secs] 9469K->9443K(9920K), [Metaspace: 4890K->4890K(139264K)], 0.0045868 secs] [Times: user=0.01 sys=0.00, real=0.01 secs] 
2020-11-18T11:06:04.222-0800: 20.700: [GC (CMS Initial Mark) [1 CMS-initial-mark: 6846K(6848K)] 9443K(9920K), 0.0001855 secs] [Times: user=0.00 sys=0.00, real=0.00 secs] 
2020-11-18T11:06:04.222-0800: 20.701: [CMS-concurrent-mark-start]
2020-11-18T11:06:04.223-0800: 20.702: [Full GC (System.gc()) 2020-11-18T11:06:04.223-0800: 20.702: [CMS2020-11-18T11:06:04.225-0800: 20.703: [CMS-concurrent-mark: 0.001/0.003 secs] [Times: user=0.00 sys=0.00, real=0.00 secs] 
 (concurrent mode interrupted): 6846K->6846K(6848K), 0.0058252 secs] 9472K->9445K(9920K), [Metaspace: 4890K->4890K(139264K)], 0.0058756 secs] [Times: user=0.01 sys=0.00, real=0.00 secs] 
2020-11-18T11:06:04.230-0800: 20.709: [Full GC (System.gc()) 2020-11-18T11:06:04.230-0800: 20.709: [CMS: 6846K->6846K(6848K), 0.0035316 secs] 9474K->9447K(9920K), [Metaspace: 4890K->4890K(139264K)], 0.0035783 secs] [Times: user=0.00 sys=0.00, real=0.00 secs] 
2020-11-18T11:06:04.234-0800: 20.712: [GC (CMS Initial Mark) [1 CMS-initial-mark: 6846K(6848K)] 9447K(9920K), 0.0002565 secs] [Times: user=0.00 sys=0.00, real=0.00 secs] 
2020-11-18T11:06:04.234-0800: 20.713: [CMS-concurrent-mark-start]
2020-11-18T11:06:04.235-0800: 20.714: [Full GC (System.gc()) 2020-11-18T11:06:04.235-0800: 20.714: [CMS2020-11-18T11:06:04.237-0800: 20.715: [CMS-concurrent-mark: 0.002/0.003 secs] [Times: user=0.01 sys=0.00, real=0.00 secs] 
 (concurrent mode interrupted): 6846K->6846K(6848K), 0.0060502 secs] 9476K->9450K(9920K), [Metaspace: 4890K->4890K(139264K)], 0.0061371 secs] [Times: user=0.01 sys=0.00, real=0.01 secs] 
2020-11-18T11:06:04.243-0800: 20.721: [Full GC (System.gc()) 2020-11-18T11:06:04.243-0800: 20.721: [CMS: 6846K->6846K(6848K), 0.0038722 secs] 9479K->9452K(9920K), [Metaspace: 4890K->4890K(139264K)], 0.0039245 secs] [Times: user=0.00 sys=0.00, real=0.00 secs] 
2020-11-18T11:06:04.247-0800: 20.725: [GC (CMS Initial Mark) [1 CMS-initial-mark: 6846K(6848K)] 9452K(9920K), 0.0002431 secs] [Times: user=0.00 sys=0.00, real=0.00 secs] 
2020-11-18T11:06:04.247-0800: 20.726: [CMS-concurrent-mark-start]
2020-11-18T11:06:04.248-0800: 20.727: [Full GC (System.gc()) 2020-11-18T11:06:04.248-0800: 20.727: [CMS2020-11-18T11:06:04.249-0800: 20.728: [CMS-concurrent-mark: 0.001/0.002 secs] [Times: user=0.01 sys=0.00, real=0.00 secs] 
 (concurrent mode interrupted): 6846K->6846K(6848K), 0.0051754 secs] 9481K->9455K(9920K), [Metaspace: 4890K->4890K(139264K)], 0.0052224 secs] [Times: user=0.00 sys=0.00, real=0.01 secs] 
2020-11-18T11:06:04.255-0800: 20.733: [Full GC (System.gc()) 2020-11-18T11:06:04.255-0800: 20.733: [CMS: 6846K->6846K(6848K), 0.0038107 secs] 9484K->9457K(9920K), [Metaspace: 4890K->4890K(139264K)], 0.0038573 secs] [Times: user=0.01 sys=0.00, real=0.00 secs] 
2020-11-18T11:06:04.259-0800: 20.737: [GC (CMS Initial Mark) [1 CMS-initial-mark: 6846K(6848K)] 9457K(9920K), 0.0001798 secs] [Times: user=0.00 sys=0.00, real=0.00 secs] 
2020-11-18T11:06:04.259-0800: 20.737: [CMS-concurrent-mark-start]
2020-11-18T11:06:04.260-0800: 20.738: [Full GC (System.gc()) 2020-11-18T11:06:04.260-0800: 20.738: [CMS2020-11-18T11:06:04.261-0800: 20.740: [CMS-concurrent-mark: 0.001/0.002 secs] [Times: user=0.00 sys=0.00, real=0.01 secs] 
 (concurrent mode interrupted): 6846K->6846K(6848K), 0.0048927 secs] 9486K->9460K(9920K), [Metaspace: 4890K->4890K(139264K)], 0.0049328 secs] [Times: user=0.00 sys=0.00, real=0.00 secs] 
2020-11-18T11:06:04.266-0800: 20.744: [Full GC (System.gc()) 2020-11-18T11:06:04.266-0800: 20.744: [CMS: 6846K->6846K(6848K), 0.0034837 secs] 9489K->9462K(9920K), [Metaspace: 4890K->4890K(139264K)], 0.0035274 secs] [Times: user=0.01 sys=0.00, real=0.01 secs] 
2020-11-18T11:06:04.270-0800: 20.748: [GC (CMS Initial Mark) [1 CMS-initial-mark: 6846K(6848K)] 9462K(9920K), 0.0001984 secs] [Times: user=0.00 sys=0.00, real=0.00 secs] 
2020-11-18T11:06:04.270-0800: 20.748: [CMS-concurrent-mark-start]
2020-11-18T11:06:04.271-0800: 20.749: [Full GC (System.gc()) 2020-11-18T11:06:04.271-0800: 20.749: [CMS2020-11-18T11:06:04.272-0800: 20.751: [CMS-concurrent-mark: 0.001/0.002 secs] [Times: user=0.00 sys=0.00, real=0.00 secs] 
 (concurrent mode interrupted): 6846K->6846K(6848K), 0.0050339 secs] 9491K->9464K(9920K), [Metaspace: 4890K->4890K(139264K)], 0.0050855 secs] [Times: user=0.00 sys=0.00, real=0.00 secs] 
2020-11-18T11:06:04.277-0800: 20.756: [Full GC (System.gc()) 2020-11-18T11:06:04.277-0800: 20.756: [CMS: 6846K->6846K(6848K), 0.0040330 secs] 9493K->9467K(9920K), [Metaspace: 4890K->4890K(139264K)], 0.0040997 secs] [Times: user=0.01 sys=0.00, real=0.01 secs] 
2020-11-18T11:06:04.282-0800: 20.760: [GC (CMS Initial Mark) [1 CMS-initial-mark: 6846K(6848K)] 9467K(9920K), 0.0001990 secs] [Times: user=0.00 sys=0.00, real=0.00 secs] 
2020-11-18T11:06:04.282-0800: 20.760: [CMS-concurrent-mark-start]
2020-11-18T11:06:04.283-0800: 20.761: [Full GC (System.gc()) 2020-11-18T11:06:04.283-0800: 20.761: [CMS2020-11-18T11:06:04.284-0800: 20.763: [CMS-concurrent-mark: 0.001/0.002 secs] [Times: user=0.00 sys=0.00, real=0.00 secs] 
 (concurrent mode interrupted): 6846K->6846K(6848K), 0.0045138 secs] 9496K->9469K(9920K), [Metaspace: 4890K->4890K(139264K)], 0.0045575 secs] [Times: user=0.01 sys=0.00, real=0.00 secs] 
2020-11-18T11:06:04.289-0800: 20.767: [Full GC (System.gc()) 2020-11-18T11:06:04.289-0800: 20.767: [CMS: 6846K->6846K(6848K), 0.0040653 secs] 9498K->9472K(9920K), [Metaspace: 4890K->4890K(139264K)], 0.0041319 secs] [Times: user=0.00 sys=0.00, real=0.01 secs] 
2020-11-18T11:06:04.293-0800: 20.772: [GC (CMS Initial Mark) [1 CMS-initial-mark: 6846K(6848K)] 9472K(9920K), 0.0001792 secs] [Times: user=0.00 sys=0.00, real=0.00 secs] 
2020-11-18T11:06:04.294-0800: 20.772: [CMS-concurrent-mark-start]
2020-11-18T11:06:04.294-0800: 20.773: [Full GC (System.gc()) 2020-11-18T11:06:04.294-0800: 20.773: [CMS2020-11-18T11:06:04.296-0800: 20.775: [CMS-concurrent-mark: 0.001/0.003 secs] [Times: user=0.00 sys=0.00, real=0.00 secs] 
 (concurrent mode interrupted): 6846K->6846K(6848K), 0.0058304 secs] 9501K->9474K(9920K), [Metaspace: 4890K->4890K(139264K)], 0.0058840 secs] [Times: user=0.01 sys=0.00, real=0.01 secs] 
2020-11-18T11:06:04.302-0800: 20.780: [Full GC (System.gc()) 2020-11-18T11:06:04.302-0800: 20.780: [CMS: 6846K->6846K(6848K), 0.0044508 secs] 9503K->9476K(9920K), [Metaspace: 4890K->4890K(139264K)], 0.0045269 secs] [Times: user=0.00 sys=0.00, real=0.00 secs] 
2020-11-18T11:06:04.306-0800: 20.785: [GC (CMS Initial Mark) [1 CMS-initial-mark: 6846K(6848K)] 9476K(9920K), 0.0002022 secs] [Times: user=0.00 sys=0.00, real=0.00 secs] 
2020-11-18T11:06:04.307-0800: 20.785: [CMS-concurrent-mark-start]
2020-11-18T11:06:04.308-0800: 20.786: [Full GC (System.gc()) 2020-11-18T11:06:04.308-0800: 20.786: [CMS2020-11-18T11:06:04.309-0800: 20.788: [CMS-concurrent-mark: 0.001/0.003 secs] [Times: user=0.01 sys=0.00, real=0.00 secs] 
 (concurrent mode interrupted): 6846K->6846K(6848K), 0.0057261 secs] 9505K->9479K(9920K), [Metaspace: 4890K->4890K(139264K)], 0.0057816 secs] [Times: user=0.00 sys=0.00, real=0.01 secs] 
2020-11-18T11:06:04.315-0800: 20.793: [Full GC (System.gc()) 2020-11-18T11:06:04.315-0800: 20.793: [CMS: 6846K->6846K(6848K), 0.0040731 secs] 9508K->9481K(9920K), [Metaspace: 4890K->4890K(139264K)], 0.0041441 secs] [Times: user=0.00 sys=0.00, real=0.00 secs] 
2020-11-18T11:06:04.319-0800: 20.798: [GC (CMS Initial Mark) [1 CMS-initial-mark: 6846K(6848K)] 9481K(9920K), 0.0002299 secs] [Times: user=0.01 sys=0.00, real=0.00 secs] 
2020-11-18T11:06:04.319-0800: 20.798: [CMS-concurrent-mark-start]
2020-11-18T11:06:04.321-0800: 20.799: [Full GC (System.gc()) 2020-11-18T11:06:04.321-0800: 20.799: [CMS2020-11-18T11:06:04.322-0800: 20.801: [CMS-concurrent-mark: 0.001/0.003 secs] [Times: user=0.00 sys=0.00, real=0.01 secs] 
 (concurrent mode interrupted): 6846K->6846K(6848K), 0.0057318 secs] 9510K->9484K(9920K), [Metaspace: 4890K->4890K(139264K)], 0.0057833 secs] [Times: user=0.00 sys=0.00, real=0.00 secs] 
2020-11-18T11:06:04.328-0800: 20.806: [Full GC (System.gc()) 2020-11-18T11:06:04.328-0800: 20.806: [CMS: 6846K->6846K(6848K), 0.0043550 secs] 9513K->9486K(9920K), [Metaspace: 4890K->4890K(139264K)], 0.0044266 secs] [Times: user=0.01 sys=0.00, real=0.01 secs] 
2020-11-18T11:06:04.332-0800: 20.811: [GC (CMS Initial Mark) [1 CMS-initial-mark: 6846K(6848K)] 9486K(9920K), 0.0002013 secs] [Times: user=0.00 sys=0.01, real=0.00 secs] 
2020-11-18T11:06:04.332-0800: 20.811: [CMS-concurrent-mark-start]
2020-11-18T11:06:04.334-0800: 20.812: [CMS-concurrent-mark: 0.001/0.001 secs] [Times: user=0.00 sys=0.00, real=0.00 secs] 
2020-11-18T11:06:04.334-0800: 20.812: [Full GC (System.gc()) 2020-11-18T11:06:04.334-0800: 20.812: [CMS (concurrent mode interrupted): 6846K->6846K(6848K), 0.0036500 secs] 9515K->9488K(9920K), [Metaspace: 4890K->4890K(139264K)], 0.0036889 secs] [Times: user=0.00 sys=0.00, real=0.00 secs] 
2020-11-18T11:06:04.339-0800: 20.817: [Full GC (System.gc()) 2020-11-18T11:06:04.339-0800: 20.817: [CMS: 6846K->6846K(6848K), 0.0041826 secs] 9517K->9491K(9920K), [Metaspace: 4890K->4890K(139264K)], 0.0042588 secs] [Times: user=0.00 sys=0.00, real=0.01 secs] 
2020-11-18T11:06:04.343-0800: 20.822: [GC (CMS Initial Mark) [1 CMS-initial-mark: 6846K(6848K)] 9491K(9920K), 0.0002189 secs] [Times: user=0.00 sys=0.00, real=0.00 secs] 
2020-11-18T11:06:04.344-0800: 20.822: [CMS-concurrent-mark-start]
2020-11-18T11:06:04.345-0800: 20.823: [Full GC (System.gc()) 2020-11-18T11:06:04.345-0800: 20.823: [CMS2020-11-18T11:06:04.346-0800: 20.824: [CMS-concurrent-mark: 0.001/0.002 secs] [Times: user=0.00 sys=0.00, real=0.00 secs] 
 (concurrent mode interrupted): 6846K->6846K(6848K), 0.0055414 secs] 9520K->9493K(9920K), [Metaspace: 4890K->4890K(139264K)], 0.0055931 secs] [Times: user=0.01 sys=0.00, real=0.01 secs] 
2020-11-18T11:06:04.352-0800: 20.830: [Full GC (System.gc()) 2020-11-18T11:06:04.352-0800: 20.830: [CMS: 6846K->6846K(6848K), 0.0040527 secs] 9522K->9496K(9920K), [Metaspace: 4890K->4890K(139264K)], 0.0041036 secs] [Times: user=0.00 sys=0.00, real=0.00 secs] 
2020-11-18T11:06:04.356-0800: 20.834: [GC (CMS Initial Mark) [1 CMS-initial-mark: 6846K(6848K)] 9496K(9920K), 0.0001939 secs] [Times: user=0.00 sys=0.00, real=0.00 secs] 
2020-11-18T11:06:04.356-0800: 20.835: [CMS-concurrent-mark-start]
2020-11-18T11:06:04.357-0800: 20.836: [Full GC (System.gc()) 2020-11-18T11:06:04.357-0800: 20.836: [CMS2020-11-18T11:06:04.359-0800: 20.837: [CMS-concurrent-mark: 0.001/0.003 secs] [Times: user=0.01 sys=0.00, real=0.00 secs] 
 (concurrent mode interrupted): 6846K->6846K(6848K), 0.0051638 secs] 9525K->9498K(9920K), [Metaspace: 4890K->4890K(139264K)], 0.0052073 secs] [Times: user=0.01 sys=0.00, real=0.01 secs] 
2020-11-18T11:06:04.364-0800: 20.842: [Full GC (System.gc()) 2020-11-18T11:06:04.364-0800: 20.842: [CMS: 6846K->6846K(6848K), 0.0040641 secs] 9527K->9501K(9920K), [Metaspace: 4890K->4890K(139264K)], 0.0041413 secs] [Times: user=0.00 sys=0.00, real=0.00 secs] 
2020-11-18T11:06:04.368-0800: 20.847: [GC (CMS Initial Mark) [1 CMS-initial-mark: 6846K(6848K)] 9501K(9920K), 0.0002167 secs] [Times: user=0.00 sys=0.00, real=0.00 secs] 
2020-11-18T11:06:04.368-0800: 20.847: [CMS-concurrent-mark-start]
2020-11-18T11:06:04.370-0800: 20.848: [Full GC (System.gc()) 2020-11-18T11:06:04.370-0800: 20.848: [CMS2020-11-18T11:06:04.371-0800: 20.849: [CMS-concurrent-mark: 0.001/0.003 secs] [Times: user=0.01 sys=0.00, real=0.01 secs] 
 (concurrent mode interrupted): 6846K->6846K(6848K), 0.0058084 secs] 9530K->9503K(9920K), [Metaspace: 4890K->4890K(139264K)], 0.0058582 secs] [Times: user=0.00 sys=0.00, real=0.00 secs] 
2020-11-18T11:06:04.377-0800: 20.855: [Full GC (System.gc()) 2020-11-18T11:06:04.377-0800: 20.855: [CMS: 6846K->6846K(6848K), 0.0041903 secs] 9532K->9505K(9920K), [Metaspace: 4890K->4890K(139264K)], 0.0042604 secs] [Times: user=0.01 sys=0.00, real=0.01 secs] 
2020-11-18T11:06:04.381-0800: 20.860: [GC (CMS Initial Mark) [1 CMS-initial-mark: 6846K(6848K)] 9505K(9920K), 0.0002586 secs] [Times: user=0.00 sys=0.00, real=0.00 secs] 
2020-11-18T11:06:04.381-0800: 20.860: [CMS-concurrent-mark-start]
2020-11-18T11:06:04.383-0800: 20.861: [Full GC (System.gc()) 2020-11-18T11:06:04.383-0800: 20.861: [CMS2020-11-18T11:06:04.384-0800: 20.863: [CMS-concurrent-mark: 0.001/0.003 secs] [Times: user=0.00 sys=0.00, real=0.00 secs] 
 (concurrent mode interrupted): 6846K->6846K(6848K), 0.0056384 secs] 9534K->9508K(9920K), [Metaspace: 4890K->4890K(139264K)], 0.0056886 secs] [Times: user=0.00 sys=0.00, real=0.00 secs] 
2020-11-18T11:06:04.390-0800: 20.868: [Full GC (System.gc()) 2020-11-18T11:06:04.390-0800: 20.868: [CMS: 6846K->6846K(6848K), 0.0043269 secs] 9537K->9510K(9920K), [Metaspace: 4890K->4890K(139264K)], 0.0043990 secs] [Times: user=0.01 sys=0.00, real=0.00 secs] 
2020-11-18T11:06:04.394-0800: 20.873: [GC (CMS Initial Mark) [1 CMS-initial-mark: 6846K(6848K)] 9510K(9920K), 0.0002058 secs] [Times: user=0.00 sys=0.00, real=0.00 secs] 
2020-11-18T11:06:04.394-0800: 20.873: [CMS-concurrent-mark-start]
2020-11-18T11:06:04.395-0800: 20.874: [CMS-concurrent-mark: 0.001/0.001 secs] [Times: user=0.00 sys=0.00, real=0.00 secs] 
2020-11-18T11:06:04.396-0800: 20.874: [Full GC (System.gc()) 2020-11-18T11:06:04.396-0800: 20.874: [CMS (concurrent mode interrupted): 6846K->6846K(6848K), 0.0036088 secs] 9539K->9513K(9920K), [Metaspace: 4890K->4890K(139264K)], 0.0036454 secs] [Times: user=0.01 sys=0.00, real=0.00 secs] 
2020-11-18T11:06:04.401-0800: 20.879: [Full GC (System.gc()) 2020-11-18T11:06:04.401-0800: 20.879: [CMS: 6846K->6846K(6848K), 0.0041471 secs] 9542K->9515K(9920K), [Metaspace: 4890K->4890K(139264K)], 0.0042198 secs] [Times: user=0.00 sys=0.00, real=0.00 secs] 
2020-11-18T11:06:04.405-0800: 20.883: [GC (CMS Initial Mark) [1 CMS-initial-mark: 6846K(6848K)] 9515K(9920K), 0.0001918 secs] [Times: user=0.00 sys=0.00, real=0.00 secs] 
2020-11-18T11:06:04.405-0800: 20.884: [CMS-concurrent-mark-start]
2020-11-18T11:06:04.406-0800: 20.885: [Full GC (System.gc()) 2020-11-18T11:06:04.406-0800: 20.885: [CMS2020-11-18T11:06:04.408-0800: 20.886: [CMS-concurrent-mark: 0.001/0.003 secs] [Times: user=0.00 sys=0.00, real=0.00 secs] 
 (concurrent mode interrupted): 6846K->6846K(6848K), 0.0055344 secs] 9544K->9517K(9920K), [Metaspace: 4890K->4890K(139264K)], 0.0055890 secs] [Times: user=0.01 sys=0.00, real=0.01 secs] 
2020-11-18T11:06:04.413-0800: 20.892: [Full GC (System.gc()) 2020-11-18T11:06:04.413-0800: 20.892: [CMS: 6846K->6846K(6848K), 0.0041051 secs] 9546K->9520K(9920K), [Metaspace: 4890K->4890K(139264K)], 0.0041769 secs] [Times: user=0.00 sys=0.00, real=0.00 secs] 
2020-11-18T11:06:04.418-0800: 20.896: [GC (CMS Initial Mark) [1 CMS-initial-mark: 6846K(6848K)] 9520K(9920K), 0.0002062 secs] [Times: user=0.00 sys=0.00, real=0.00 secs] 
2020-11-18T11:06:04.418-0800: 20.896: [CMS-concurrent-mark-start]
2020-11-18T11:06:04.419-0800: 20.898: [Full GC (System.gc()) 2020-11-18T11:06:04.419-0800: 20.898: [CMS2020-11-18T11:06:04.421-0800: 20.899: [CMS-concurrent-mark: 0.001/0.003 secs] [Times: user=0.01 sys=0.00, real=0.01 secs] 
 (concurrent mode interrupted): 6846K->6846K(6848K), 0.0057038 secs] 9549K->9522K(9920K), [Metaspace: 4890K->4890K(139264K)], 0.0057641 secs] [Times: user=0.00 sys=0.00, real=0.01 secs] 
2020-11-18T11:06:04.426-0800: 20.905: [Full GC (System.gc()) 2020-11-18T11:06:04.426-0800: 20.905: [CMS: 6846K->6846K(6848K), 0.0041527 secs] 9551K->9525K(9920K), [Metaspace: 4890K->4890K(139264K)], 0.0042103 secs] [Times: user=0.00 sys=0.00, real=0.01 secs] 
2020-11-18T11:06:04.430-0800: 20.909: [GC (CMS Initial Mark) [1 CMS-initial-mark: 6846K(6848K)] 9525K(9920K), 0.0001734 secs] [Times: user=0.01 sys=0.00, real=0.00 secs] 
2020-11-18T11:06:04.431-0800: 20.909: [CMS-concurrent-mark-start]
2020-11-18T11:06:04.432-0800: 20.910: [Full GC (System.gc()) 2020-11-18T11:06:04.432-0800: 20.910: [CMS2020-11-18T11:06:04.433-0800: 20.912: [CMS-concurrent-mark: 0.001/0.002 secs] [Times: user=0.00 sys=0.00, real=0.00 secs] 
 (concurrent mode interrupted): 6846K->6846K(6848K), 0.0050553 secs] 9554K->9527K(9920K), [Metaspace: 4890K->4890K(139264K)], 0.0051051 secs] [Times: user=0.00 sys=0.00, real=0.00 secs] 
2020-11-18T11:06:04.438-0800: 20.917: [Full GC (System.gc()) 2020-11-18T11:06:04.438-0800: 20.917: [CMS: 6846K->6846K(6848K), 0.0035883 secs] 9556K->9530K(9920K), [Metaspace: 4890K->4890K(139264K)], 0.0036321 secs] [Times: user=0.01 sys=0.00, real=0.01 secs] 
2020-11-18T11:06:04.442-0800: 20.920: [GC (CMS Initial Mark) [1 CMS-initial-mark: 6846K(6848K)] 9530K(9920K), 0.0001756 secs] [Times: user=0.00 sys=0.00, real=0.00 secs] 
2020-11-18T11:06:04.442-0800: 20.920: [CMS-concurrent-mark-start]
2020-11-18T11:06:04.443-0800: 20.922: [CMS-concurrent-mark: 0.001/0.001 secs] [Times: user=0.00 sys=0.00, real=0.00 secs] 
2020-11-18T11:06:04.443-0800: 20.922: [Full GC (System.gc()) 2020-11-18T11:06:04.443-0800: 20.922: [CMS (concurrent mode interrupted): 6846K->6846K(6848K), 0.0037070 secs] 9559K->9532K(9920K), [Metaspace: 4890K->4890K(139264K)], 0.0037484 secs] [Times: user=0.00 sys=0.00, real=0.00 secs] 
2020-11-18T11:06:04.448-0800: 20.927: [Full GC (System.gc()) 2020-11-18T11:06:04.448-0800: 20.927: [CMS: 6846K->6846K(6848K), 0.0033736 secs] 9561K->9534K(9920K), [Metaspace: 4890K->4890K(139264K)], 0.0034345 secs] [Times: user=0.01 sys=0.00, real=0.01 secs] 
2020-11-18T11:06:04.452-0800: 20.930: [GC (CMS Initial Mark) [1 CMS-initial-mark: 6846K(6848K)] 9534K(9920K), 0.0002056 secs] [Times: user=0.00 sys=0.00, real=0.00 secs] 
2020-11-18T11:06:04.452-0800: 20.931: [CMS-concurrent-mark-start]
2020-11-18T11:06:04.453-0800: 20.932: [CMS-concurrent-mark: 0.001/0.001 secs] [Times: user=0.00 sys=0.00, real=0.00 secs] 
2020-11-18T11:06:04.453-0800: 20.932: [CMS-concurrent-preclean-start]
2020-11-18T11:06:04.453-0800: 20.932: [Full GC (System.gc()) 2020-11-18T11:06:04.453-0800: 20.932: [CMS2020-11-18T11:06:04.454-0800: 20.932: [CMS-concurrent-preclean: 0.001/0.001 secs] [Times: user=0.00 sys=0.00, real=0.00 secs] 
 (concurrent mode interrupted): 6846K->6846K(6848K), 0.0040153 secs] 9563K->9537K(9920K), [Metaspace: 4890K->4890K(139264K)], 0.0040496 secs] [Times: user=0.00 sys=0.00, real=0.00 secs] 
2020-11-18T11:06:04.459-0800: 20.937: [Full GC (System.gc()) 2020-11-18T11:06:04.459-0800: 20.937: [CMS: 6846K->6846K(6848K), 0.0038896 secs] 9566K->9539K(9920K), [Metaspace: 4890K->4890K(139264K)], 0.0039606 secs] [Times: user=0.01 sys=0.00, real=0.01 secs] 
2020-11-18T11:06:04.463-0800: 20.941: [GC (CMS Initial Mark) [1 CMS-initial-mark: 6846K(6848K)] 9539K(9920K), 0.0001945 secs] [Times: user=0.00 sys=0.00, real=0.00 secs] 
2020-11-18T11:06:04.463-0800: 20.941: [CMS-concurrent-mark-start]
2020-11-18T11:06:04.464-0800: 20.942: [CMS-concurrent-mark: 0.001/0.001 secs] [Times: user=0.00 sys=0.00, real=0.00 secs] 
2020-11-18T11:06:04.464-0800: 20.942: [Full GC (System.gc()) 2020-11-18T11:06:04.464-0800: 20.942: [CMS (concurrent mode interrupted): 6846K->6846K(6848K), 0.0033949 secs] 9568K->9542K(9920K), [Metaspace: 4890K->4890K(139264K)], 0.0034336 secs] [Times: user=0.00 sys=0.00, real=0.00 secs] 
2020-11-18T11:06:04.469-0800: 20.947: [Full GC (System.gc()) 2020-11-18T11:06:04.469-0800: 20.947: [CMS: 6846K->6846K(6848K), 0.0041256 secs] 9571K->9544K(9920K), [Metaspace: 4890K->4890K(139264K)], 0.0041896 secs] [Times: user=0.01 sys=0.00, real=0.01 secs] 
2020-11-18T11:06:04.473-0800: 20.952: [GC (CMS Initial Mark) [1 CMS-initial-mark: 6846K(6848K)] 9544K(9920K), 0.0002105 secs] [Times: user=0.00 sys=0.00, real=0.00 secs] 
2020-11-18T11:06:04.473-0800: 20.952: [CMS-concurrent-mark-start]
2020-11-18T11:06:04.475-0800: 20.953: [Full GC (System.gc()) 2020-11-18T11:06:04.475-0800: 20.953: [CMS2020-11-18T11:06:04.476-0800: 20.955: [CMS-concurrent-mark: 0.001/0.003 secs] [Times: user=0.00 sys=0.00, real=0.00 secs] 
 (concurrent mode interrupted): 6846K->6846K(6848K), 0.0055867 secs] 9573K->9546K(9920K), [Metaspace: 4890K->4890K(139264K)], 0.0056371 secs] [Times: user=0.01 sys=0.00, real=0.01 secs] 
2020-11-18T11:06:04.482-0800: 20.960: [Full GC (System.gc()) 2020-11-18T11:06:04.482-0800: 20.960: [CMS: 6846K->6846K(6848K), 0.0042651 secs] 9575K->9549K(9920K), [Metaspace: 4890K->4890K(139264K)], 0.0043352 secs] [Times: user=0.00 sys=0.00, real=0.00 secs] 
2020-11-18T11:06:04.486-0800: 20.965: [GC (CMS Initial Mark) [1 CMS-initial-mark: 6846K(6848K)] 9549K(9920K), 0.0002442 secs] [Times: user=0.00 sys=0.00, real=0.00 secs] 
2020-11-18T11:06:04.486-0800: 20.965: [CMS-concurrent-mark-start]
2020-11-18T11:06:04.488-0800: 20.966: [Full GC (System.gc()) 2020-11-18T11:06:04.488-0800: 20.966: [CMS2020-11-18T11:06:04.489-0800: 20.968: [CMS-concurrent-mark: 0.001/0.003 secs] [Times: user=0.01 sys=0.00, real=0.00 secs] 
 (concurrent mode interrupted): 6846K->6846K(6848K), 0.0055502 secs] 9578K->9551K(9920K), [Metaspace: 4890K->4890K(139264K)], 0.0056007 secs] [Times: user=0.00 sys=0.00, real=0.01 secs] 
2020-11-18T11:06:04.495-0800: 20.973: [Full GC (System.gc()) 2020-11-18T11:06:04.495-0800: 20.973: [CMS: 6846K->6846K(6848K), 0.0041853 secs] 9580K->9554K(9920K), [Metaspace: 4890K->4890K(139264K)], 0.0042551 secs] [Times: user=0.00 sys=0.00, real=0.00 secs] 
2020-11-18T11:06:04.499-0800: 20.978: [GC (CMS Initial Mark) [1 CMS-initial-mark: 6846K(6848K)] 9554K(9920K), 0.0002183 secs] [Times: user=0.00 sys=0.00, real=0.00 secs] 
2020-11-18T11:06:04.499-0800: 20.978: [CMS-concurrent-mark-start]
2020-11-18T11:06:04.501-0800: 20.979: [Full GC (System.gc()) 2020-11-18T11:06:04.501-0800: 20.979: [CMS2020-11-18T11:06:04.502-0800: 20.980: [CMS-concurrent-mark: 0.001/0.003 secs] [Times: user=0.01 sys=0.00, real=0.01 secs] 
 (concurrent mode interrupted): 6846K->6846K(6848K), 0.0053834 secs] 9583K->9556K(9920K), [Metaspace: 4890K->4890K(139264K)], 0.0054431 secs] [Times: user=0.00 sys=0.00, real=0.00 secs] 
2020-11-18T11:06:04.508-0800: 20.986: [Full GC (System.gc()) 2020-11-18T11:06:04.508-0800: 20.986: [CMS: 6846K->6846K(6848K), 0.0041234 secs] 9585K->9558K(9920K), [Metaspace: 4890K->4890K(139264K)], 0.0041943 secs] [Times: user=0.01 sys=0.00, real=0.01 secs] 
2020-11-18T11:06:04.512-0800: 20.990: [GC (CMS Initial Mark) [1 CMS-initial-mark: 6846K(6848K)] 9558K(9920K), 0.0002172 secs] [Times: user=0.00 sys=0.00, real=0.00 secs] 
2020-11-18T11:06:04.512-0800: 20.991: [CMS-concurrent-mark-start]
2020-11-18T11:06:04.513-0800: 20.992: [Full GC (System.gc()) 2020-11-18T11:06:04.513-0800: 20.992: [CMS2020-11-18T11:06:04.515-0800: 20.993: [CMS-concurrent-mark: 0.001/0.003 secs] [Times: user=0.00 sys=0.00, real=0.00 secs] 
 (concurrent mode interrupted): 6846K->6846K(6848K), 0.0057401 secs] 9587K->9561K(9920K), [Metaspace: 4890K->4890K(139264K)], 0.0057911 secs] [Times: user=0.00 sys=0.00, real=0.00 secs] 
2020-11-18T11:06:04.520-0800: 20.999: [Full GC (System.gc()) 2020-11-18T11:06:04.520-0800: 20.999: [CMS: 6846K->6846K(6848K), 0.0042849 secs] 9590K->9563K(9920K), [Metaspace: 4890K->4890K(139264K)], 0.0043571 secs] [Times: user=0.01 sys=0.00, real=0.00 secs] 
2020-11-18T11:06:04.525-0800: 21.003: [GC (CMS Initial Mark) [1 CMS-initial-mark: 6846K(6848K)] 9563K(9920K), 0.0002660 secs] [Times: user=0.00 sys=0.00, real=0.00 secs] 
2020-11-18T11:06:04.525-0800: 21.004: [CMS-concurrent-mark-start]
2020-11-18T11:06:04.526-0800: 21.005: [Full GC (System.gc()) 2020-11-18T11:06:04.526-0800: 21.005: [CMS2020-11-18T11:06:04.528-0800: 21.006: [CMS-concurrent-mark: 0.001/0.003 secs] [Times: user=0.00 sys=0.00, real=0.00 secs] 
 (concurrent mode interrupted): 6846K->6846K(6848K), 0.0054802 secs] 9592K->9566K(9920K), [Metaspace: 4890K->4890K(139264K)], 0.0055346 secs] [Times: user=0.01 sys=0.00, real=0.01 secs] 
2020-11-18T11:06:04.533-0800: 21.012: [Full GC (System.gc()) 2020-11-18T11:06:04.533-0800: 21.012: [CMS: 6846K->6846K(6848K), 0.0040576 secs] 9595K->9568K(9920K), [Metaspace: 4890K->4890K(139264K)], 0.0041287 secs] [Times: user=0.00 sys=0.00, real=0.00 secs] 
2020-11-18T11:06:04.538-0800: 21.016: [GC (CMS Initial Mark) [1 CMS-initial-mark: 6846K(6848K)] 9568K(9920K), 0.0002743 secs] [Times: user=0.00 sys=0.00, real=0.00 secs] 
2020-11-18T11:06:04.538-0800: 21.016: [CMS-concurrent-mark-start]
2020-11-18T11:06:04.539-0800: 21.017: [Full GC (System.gc()) 2020-11-18T11:06:04.539-0800: 21.017: [CMS2020-11-18T11:06:04.540-0800: 21.019: [CMS-concurrent-mark: 0.001/0.003 secs] [Times: user=0.00 sys=0.00, real=0.01 secs] 
 (concurrent mode interrupted): 6846K->6846K(6848K), 0.0055010 secs] 9597K->9571K(9920K), [Metaspace: 4890K->4890K(139264K)], 0.0055527 secs] [Times: user=0.01 sys=0.00, real=0.01 secs] 
2020-11-18T11:06:04.546-0800: 21.024: [Full GC (System.gc()) 2020-11-18T11:06:04.546-0800: 21.024: [CMS: 6846K->6846K(6848K), 0.0042702 secs] 9598K->9573K(9920K), [Metaspace: 4890K->4890K(139264K)], 0.0043420 secs] [Times: user=0.00 sys=0.00, real=0.01 secs] 
2020-11-18T11:06:04.550-0800: 21.029: [GC (CMS Initial Mark) [1 CMS-initial-mark: 6846K(6848K)] 9573K(9920K), 0.0002081 secs] [Times: user=0.00 sys=0.00, real=0.00 secs] 
2020-11-18T11:06:04.551-0800: 21.029: [CMS-concurrent-mark-start]
2020-11-18T11:06:04.552-0800: 21.030: [CMS-concurrent-mark: 0.001/0.001 secs] [Times: user=0.01 sys=0.00, real=0.00 secs] 
2020-11-18T11:06:04.552-0800: 21.031: [Full GC (System.gc()) 2020-11-18T11:06:04.552-0800: 21.031: [CMS (concurrent mode interrupted): 6846K->6846K(6848K), 0.0036667 secs] 9600K->9575K(9920K), [Metaspace: 4890K->4890K(139264K)], 0.0037122 secs] [Times: user=0.00 sys=0.00, real=0.00 secs] 
2020-11-18T11:06:04.557-0800: 21.036: [Full GC (System.gc()) 2020-11-18T11:06:04.557-0800: 21.036: [CMS: 6846K->6846K(6848K), 0.0041709 secs] 9603K->9578K(9920K), [Metaspace: 4890K->4890K(139264K)], 0.0042438 secs] [Times: user=0.01 sys=0.00, real=0.01 secs] 
2020-11-18T11:06:04.562-0800: 21.040: [GC (CMS Initial Mark) [1 CMS-initial-mark: 6846K(6848K)] 9578K(9920K), 0.0002185 secs] [Times: user=0.00 sys=0.00, real=0.00 secs] 
2020-11-18T11:06:04.562-0800: 21.040: [CMS-concurrent-mark-start]
2020-11-18T11:06:04.563-0800: 21.041: [Full GC (System.gc()) 2020-11-18T11:06:04.563-0800: 21.041: [CMS2020-11-18T11:06:04.564-0800: 21.043: [CMS-concurrent-mark: 0.001/0.002 secs] [Times: user=0.00 sys=0.00, real=0.00 secs] 
 (concurrent mode interrupted): 6846K->6846K(6848K), 0.0056830 secs] 9605K->9580K(9920K), [Metaspace: 4890K->4890K(139264K)], 0.0057355 secs] [Times: user=0.00 sys=0.00, real=0.00 secs] 
2020-11-18T11:06:04.570-0800: 21.049: [Full GC (System.gc()) 2020-11-18T11:06:04.570-0800: 21.049: [CMS: 6846K->6846K(6848K), 0.0044704 secs] 9607K->9583K(9920K), [Metaspace: 4890K->4890K(139264K)], 0.0045461 secs] [Times: user=0.01 sys=0.00, real=0.00 secs] 
2020-11-18T11:06:04.575-0800: 21.053: [GC (CMS Initial Mark) [1 CMS-initial-mark: 6846K(6848K)] 9583K(9920K), 0.0001944 secs] [Times: user=0.00 sys=0.00, real=0.00 secs] 
2020-11-18T11:06:04.575-0800: 21.054: [CMS-concurrent-mark-start]
2020-11-18T11:06:04.576-0800: 21.055: [Full GC (System.gc()) 2020-11-18T11:06:04.576-0800: 21.055: [CMS2020-11-18T11:06:04.578-0800: 21.056: [CMS-concurrent-mark: 0.001/0.003 secs] [Times: user=0.00 sys=0.00, real=0.00 secs] 
 (concurrent mode interrupted): 6846K->6846K(6848K), 0.0054703 secs] 9610K->9585K(9920K), [Metaspace: 4890K->4890K(139264K)], 0.0055241 secs] [Times: user=0.01 sys=0.00, real=0.01 secs] 
2020-11-18T11:06:04.584-0800: 21.062: [Full GC (System.gc()) 2020-11-18T11:06:04.584-0800: 21.062: [CMS: 6846K->6846K(6848K), 0.0041729 secs] 9612K->9587K(9920K), [Metaspace: 4890K->4890K(139264K)], 0.0042433 secs] [Times: user=0.00 sys=0.00, real=0.00 secs] 
2020-11-18T11:06:04.588-0800: 21.066: [GC (CMS Initial Mark) [1 CMS-initial-mark: 6846K(6848K)] 9587K(9920K), 0.0002129 secs] [Times: user=0.00 sys=0.00, real=0.00 secs] 
2020-11-18T11:06:04.588-0800: 21.067: [CMS-concurrent-mark-start]
2020-11-18T11:06:04.589-0800: 21.068: [CMS-concurrent-mark: 0.001/0.001 secs] [Times: user=0.00 sys=0.00, real=0.00 secs] 
2020-11-18T11:06:04.590-0800: 21.068: [Full GC (System.gc()) 2020-11-18T11:06:04.590-0800: 21.068: [CMS (concurrent mode interrupted): 6846K->6846K(6848K), 0.0035854 secs] 9614K->9590K(9920K), [Metaspace: 4890K->4890K(139264K)], 0.0036219 secs] [Times: user=0.01 sys=0.00, real=0.00 secs] 
2020-11-18T11:06:04.595-0800: 21.073: [Full GC (System.gc()) 2020-11-18T11:06:04.595-0800: 21.073: [CMS: 6846K->6846K(6848K), 0.0042880 secs] 9617K->9592K(9920K), [Metaspace: 4890K->4890K(139264K)], 0.0043595 secs] [Times: user=0.00 sys=0.00, real=0.00 secs] 
2020-11-18T11:06:04.599-0800: 21.077: [GC (CMS Initial Mark) [1 CMS-initial-mark: 6846K(6848K)] 9592K(9920K), 0.0002390 secs] [Times: user=0.00 sys=0.00, real=0.00 secs] 
2020-11-18T11:06:04.599-0800: 21.078: [CMS-concurrent-mark-start]
2020-11-18T11:06:04.600-0800: 21.079: [CMS-concurrent-mark: 0.001/0.001 secs] [Times: user=0.01 sys=0.00, real=0.01 secs] 
2020-11-18T11:06:04.600-0800: 21.079: [CMS-concurrent-preclean-start]
2020-11-18T11:06:04.600-0800: 21.079: [Full GC (System.gc()) 2020-11-18T11:06:04.600-0800: 21.079: [CMS2020-11-18T11:06:04.601-0800: 21.080: [CMS-concurrent-preclean: 0.001/0.001 secs] [Times: user=0.00 sys=0.00, real=0.00 secs] 
 (concurrent mode interrupted): 6846K->6846K(6848K), 0.0044924 secs] 9619K->9595K(9920K), [Metaspace: 4890K->4890K(139264K)], 0.0045268 secs] [Times: user=0.00 sys=0.00, real=0.00 secs] 
2020-11-18T11:06:04.607-0800: 21.085: [Full GC (System.gc()) 2020-11-18T11:06:04.607-0800: 21.085: [CMS: 6846K->6846K(6848K), 0.0042080 secs] 9622K->9597K(9920K), [Metaspace: 4890K->4890K(139264K)], 0.0042775 secs] [Times: user=0.01 sys=0.00, real=0.01 secs] 
2020-11-18T11:06:04.611-0800: 21.089: [GC (CMS Initial Mark) [1 CMS-initial-mark: 6846K(6848K)] 9597K(9920K), 0.0002182 secs] [Times: user=0.00 sys=0.00, real=0.00 secs] 
2020-11-18T11:06:04.611-0800: 21.090: [CMS-concurrent-mark-start]
2020-11-18T11:06:04.613-0800: 21.091: [CMS-concurrent-mark: 0.001/0.001 secs] [Times: user=0.00 sys=0.00, real=0.00 secs] 
2020-11-18T11:06:04.613-0800: 21.091: [Full GC (System.gc()) 2020-11-18T11:06:04.613-0800: 21.091: [CMS (concurrent mode interrupted): 6846K->6846K(6848K), 0.0040569 secs] 9624K->9600K(9920K), [Metaspace: 4890K->4890K(139264K)], 0.0041108 secs] [Times: user=0.00 sys=0.00, real=0.00 secs] 
2020-11-18T11:06:04.618-0800: 21.097: [Full GC (System.gc()) 2020-11-18T11:06:04.618-0800: 21.097: [CMS: 6846K->6846K(6848K), 0.0042683 secs] 9626K->9602K(9920K), [Metaspace: 4890K->4890K(139264K)], 0.0043517 secs] [Times: user=0.01 sys=0.00, real=0.01 secs] 
2020-11-18T11:06:04.623-0800: 21.101: [GC (CMS Initial Mark) [1 CMS-initial-mark: 6846K(6848K)] 9602K(9920K), 0.0002454 secs] [Times: user=0.00 sys=0.00, real=0.00 secs] 
2020-11-18T11:06:04.623-0800: 21.101: [CMS-concurrent-mark-start]
2020-11-18T11:06:04.624-0800: 21.102: [Full GC (System.gc()) 2020-11-18T11:06:04.624-0800: 21.102: [CMS2020-11-18T11:06:04.625-0800: 21.104: [CMS-concurrent-mark: 0.001/0.003 secs] [Times: user=0.00 sys=0.00, real=0.00 secs] 
 (concurrent mode interrupted): 6846K->6846K(6848K), 0.0058394 secs] 9629K->9604K(9920K), [Metaspace: 4890K->4890K(139264K)], 0.0058861 secs] [Times: user=0.01 sys=0.00, real=0.01 secs] 
2020-11-18T11:06:04.631-0800: 21.110: [Full GC (System.gc()) 2020-11-18T11:06:04.631-0800: 21.110: [CMS: 6846K->6846K(6848K), 0.0041481 secs] 9631K->9607K(9920K), [Metaspace: 4890K->4890K(139264K)], 0.0042217 secs] [Times: user=0.00 sys=0.00, real=0.00 secs] 
2020-11-18T11:06:04.636-0800: 21.114: [GC (CMS Initial Mark) [1 CMS-initial-mark: 6846K(6848K)] 9607K(9920K), 0.0002161 secs] [Times: user=0.00 sys=0.00, real=0.00 secs] 
2020-11-18T11:06:04.636-0800: 21.114: [CMS-concurrent-mark-start]
2020-11-18T11:06:04.637-0800: 21.115: [CMS-concurrent-mark: 0.001/0.001 secs] [Times: user=0.00 sys=0.00, real=0.00 secs] 
2020-11-18T11:06:04.637-0800: 21.116: [Full GC (System.gc()) 2020-11-18T11:06:04.637-0800: 21.116: [CMS (concurrent mode interrupted): 6846K->6846K(6848K), 0.0035360 secs] 9634K->9609K(9920K), [Metaspace: 4890K->4890K(139264K)], 0.0035715 secs] [Times: user=0.01 sys=0.00, real=0.01 secs] 
2020-11-18T11:06:04.642-0800: 21.121: [Full GC (System.gc()) 2020-11-18T11:06:04.642-0800: 21.121: [CMS: 6846K->6846K(6848K), 0.0040666 secs] 9636K->9612K(9920K), [Metaspace: 4890K->4890K(139264K)], 0.0041355 secs] [Times: user=0.00 sys=0.00, real=0.00 secs] 
2020-11-18T11:06:04.647-0800: 21.125: [GC (CMS Initial Mark) [1 CMS-initial-mark: 6846K(6848K)] 9612K(9920K), 0.0001852 secs] [Times: user=0.00 sys=0.00, real=0.00 secs] 
2020-11-18T11:06:04.647-0800: 21.125: [CMS-concurrent-mark-start]
2020-11-18T11:06:04.648-0800: 21.127: [CMS-concurrent-mark: 0.001/0.001 secs] [Times: user=0.01 sys=0.00, real=0.00 secs] 
2020-11-18T11:06:04.648-0800: 21.127: [Full GC (System.gc()) 2020-11-18T11:06:04.648-0800: 21.127: [CMS (concurrent mode interrupted): 6846K->6846K(6848K), 0.0034646 secs] 9638K->9614K(9920K), [Metaspace: 4890K->4890K(139264K)], 0.0034950 secs] [Times: user=0.00 sys=0.00, real=0.01 secs] 
2020-11-18T11:06:04.653-0800: 21.132: [Full GC (System.gc()) 2020-11-18T11:06:04.653-0800: 21.132: [CMS: 6846K->6846K(6848K), 0.0041303 secs] 9641K->9616K(9920K), [Metaspace: 4890K->4890K(139264K)], 0.0042005 secs] [Times: user=0.00 sys=0.00, real=0.00 secs] 
2020-11-18T11:06:04.658-0800: 21.136: [GC (CMS Initial Mark) [1 CMS-initial-mark: 6846K(6848K)] 9616K(9920K), 0.0002282 secs] [Times: user=0.00 sys=0.00, real=0.00 secs] 
2020-11-18T11:06:04.658-0800: 21.136: [CMS-concurrent-mark-start]
2020-11-18T11:06:04.659-0800: 21.137: [Full GC (System.gc()) 2020-11-18T11:06:04.659-0800: 21.137: [CMS2020-11-18T11:06:04.661-0800: 21.139: [CMS-concurrent-mark: 0.001/0.003 secs] [Times: user=0.01 sys=0.00, real=0.01 secs] 
 (concurrent mode interrupted): 6846K->6846K(6848K), 0.0053150 secs] 9643K->9619K(9920K), [Metaspace: 4890K->4890K(139264K)], 0.0053604 secs] [Times: user=0.00 sys=0.00, real=0.01 secs] 
2020-11-18T11:06:04.666-0800: 21.144: [Full GC (System.gc()) 2020-11-18T11:06:04.666-0800: 21.144: [CMS: 6846K->6846K(6848K), 0.0042147 secs] 9646K->9621K(9920K), [Metaspace: 4890K->4890K(139264K)], 0.0042817 secs] [Times: user=0.01 sys=0.00, real=0.01 secs] 
2020-11-18T11:06:04.670-0800: 21.149: [GC (CMS Initial Mark) [1 CMS-initial-mark: 6846K(6848K)] 9621K(9920K), 0.0002592 secs] [Times: user=0.00 sys=0.00, real=0.00 secs] 
2020-11-18T11:06:04.670-0800: 21.149: [CMS-concurrent-mark-start]
2020-11-18T11:06:04.672-0800: 21.150: [CMS-concurrent-mark: 0.001/0.001 secs] [Times: user=0.00 sys=0.00, real=0.00 secs] 
2020-11-18T11:06:04.672-0800: 21.150: [CMS-concurrent-preclean-start]
2020-11-18T11:06:04.672-0800: 21.150: [Full GC (System.gc()) 2020-11-18T11:06:04.672-0800: 21.150: [CMS2020-11-18T11:06:04.672-0800: 21.151: [CMS-concurrent-preclean: 0.001/0.001 secs] [Times: user=0.00 sys=0.00, real=0.00 secs] 
 (concurrent mode interrupted): 6846K->6846K(6848K), 0.0043630 secs] 9648K->9624K(9920K), [Metaspace: 4890K->4890K(139264K)], 0.0044002 secs] [Times: user=0.01 sys=0.00, real=0.00 secs] 
2020-11-18T11:06:04.678-0800: 21.156: [Full GC (System.gc()) 2020-11-18T11:06:04.678-0800: 21.156: [CMS: 6846K->6846K(6848K), 0.0041930 secs] 9651K->9626K(9920K), [Metaspace: 4890K->4890K(139264K)], 0.0042600 secs] [Times: user=0.00 sys=0.00, real=0.01 secs] 
2020-11-18T11:06:04.682-0800: 21.160: [GC (CMS Initial Mark) [1 CMS-initial-mark: 6846K(6848K)] 9626K(9920K), 0.0002157 secs] [Times: user=0.00 sys=0.00, real=0.00 secs] 
2020-11-18T11:06:04.682-0800: 21.161: [CMS-concurrent-mark-start]
2020-11-18T11:06:04.684-0800: 21.162: [CMS-concurrent-mark: 0.001/0.001 secs] [Times: user=0.00 sys=0.00, real=0.00 secs] 
2020-11-18T11:06:04.684-0800: 21.162: [Full GC (System.gc()) 2020-11-18T11:06:04.684-0800: 21.162: [CMS (concurrent mode interrupted): 6846K->6846K(6848K), 0.0034102 secs] 9653K->9628K(9920K), [Metaspace: 4890K->4890K(139264K)], 0.0034447 secs] [Times: user=0.01 sys=0.00, real=0.00 secs] 
2020-11-18T11:06:04.688-0800: 21.167: [Full GC (System.gc()) 2020-11-18T11:06:04.688-0800: 21.167: [CMS: 6846K->6846K(6848K), 0.0038161 secs] 9655K->9631K(9920K), [Metaspace: 4890K->4890K(139264K)], 0.0038694 secs] [Times: user=0.00 sys=0.00, real=0.01 secs] 
2020-11-18T11:06:04.692-0800: 21.171: [GC (CMS Initial Mark) [1 CMS-initial-mark: 6846K(6848K)] 9631K(9920K), 0.0002356 secs] [Times: user=0.00 sys=0.00, real=0.00 secs] 
2020-11-18T11:06:04.693-0800: 21.171: [CMS-concurrent-mark-start]
2020-11-18T11:06:04.694-0800: 21.172: [CMS-concurrent-mark: 0.001/0.001 secs] [Times: user=0.00 sys=0.00, real=0.00 secs] 
2020-11-18T11:06:04.694-0800: 21.172: [CMS-concurrent-preclean-start]
2020-11-18T11:06:04.694-0800: 21.172: [Full GC (System.gc()) 2020-11-18T11:06:04.694-0800: 21.172: [CMS2020-11-18T11:06:04.695-0800: 21.173: [CMS-concurrent-preclean: 0.001/0.001 secs] [Times: user=0.01 sys=0.00, real=0.00 secs] 
 (concurrent mode interrupted): 6846K->6846K(6848K), 0.0043720 secs] 9658K->9633K(9920K), [Metaspace: 4890K->4890K(139264K)], 0.0044055 secs] [Times: user=0.01 sys=0.00, real=0.00 secs] 
2020-11-18T11:06:04.699-0800: 21.178: [Full GC (System.gc()) 2020-11-18T11:06:04.700-0800: 21.178: [CMS: 6846K->6846K(6848K), 0.0032633 secs] 9660K->9636K(9920K), [Metaspace: 4890K->4890K(139264K)], 0.0033053 secs] [Times: user=0.00 sys=0.00, real=0.01 secs] 
2020-11-18T11:06:04.703-0800: 21.181: [GC (CMS Initial Mark) [1 CMS-initial-mark: 6846K(6848K)] 9636K(9920K), 0.0001769 secs] [Times: user=0.00 sys=0.00, real=0.00 secs] 
2020-11-18T11:06:04.703-0800: 21.182: [CMS-concurrent-mark-start]
2020-11-18T11:06:04.704-0800: 21.182: [CMS-concurrent-mark: 0.001/0.001 secs] [Times: user=0.01 sys=0.00, real=0.00 secs] 
2020-11-18T11:06:04.704-0800: 21.183: [CMS-concurrent-preclean-start]
2020-11-18T11:06:04.704-0800: 21.183: [Full GC (System.gc()) 2020-11-18T11:06:04.704-0800: 21.183: [CMS2020-11-18T11:06:04.705-0800: 21.183: [CMS-concurrent-preclean: 0.001/0.001 secs] [Times: user=0.00 sys=0.00, real=0.00 secs] 
 (concurrent mode interrupted): 6846K->6846K(6848K), 0.0042220 secs] 9663K->9638K(9920K), [Metaspace: 4890K->4890K(139264K)], 0.0042700 secs] [Times: user=0.00 sys=0.00, real=0.00 secs] 
2020-11-18T11:06:04.710-0800: 21.188: [Full GC (System.gc()) 2020-11-18T11:06:04.710-0800: 21.188: [CMS: 6846K->6846K(6848K), 0.0037980 secs] 9665K->9641K(9920K), [Metaspace: 4890K->4890K(139264K)], 0.0038665 secs] [Times: user=0.00 sys=0.00, real=0.00 secs] 
2020-11-18T11:06:04.714-0800: 21.192: [GC (CMS Initial Mark) [1 CMS-initial-mark: 6846K(6848K)] 9641K(9920K), 0.0002773 secs] [Times: user=0.00 sys=0.00, real=0.00 secs] 
2020-11-18T11:06:04.714-0800: 21.193: [CMS-concurrent-mark-start]
2020-11-18T11:06:04.715-0800: 21.194: [Full GC (System.gc()) 2020-11-18T11:06:04.715-0800: 21.194: [CMS2020-11-18T11:06:04.717-0800: 21.195: [CMS-concurrent-mark: 0.001/0.003 secs] [Times: user=0.01 sys=0.00, real=0.00 secs] 
 (concurrent mode interrupted): 6846K->6846K(6848K), 0.0055535 secs] 9667K->9643K(9920K), [Metaspace: 4890K->4890K(139264K)], 0.0056037 secs] [Times: user=0.00 sys=0.00, real=0.01 secs] 
2020-11-18T11:06:04.722-0800: 21.201: [Full GC (System.gc()) 2020-11-18T11:06:04.723-0800: 21.201: [CMS: 6846K->6846K(6848K), 0.0040914 secs] 9670K->9645K(9920K), [Metaspace: 4890K->4890K(139264K)], 0.0041567 secs] [Times: user=0.01 sys=0.00, real=0.00 secs] 
2020-11-18T11:06:04.727-0800: 21.205: [GC (CMS Initial Mark) [1 CMS-initial-mark: 6846K(6848K)] 9645K(9920K), 0.0002202 secs] [Times: user=0.00 sys=0.00, real=0.00 secs] 
2020-11-18T11:06:04.727-0800: 21.205: [CMS-concurrent-mark-start]
2020-11-18T11:06:04.728-0800: 21.207: [CMS-concurrent-mark: 0.001/0.001 secs] [Times: user=0.00 sys=0.00, real=0.00 secs] 
2020-11-18T11:06:04.728-0800: 21.207: [Full GC (System.gc()) 2020-11-18T11:06:04.728-0800: 21.207: [CMS (concurrent mode interrupted): 6846K->6846K(6848K), 0.0037146 secs] 9672K->9648K(9920K), [Metaspace: 4890K->4890K(139264K)], 0.0037582 secs] [Times: user=0.00 sys=0.00, real=0.01 secs] 
2020-11-18T11:06:04.734-0800: 21.212: [Full GC (System.gc()) 2020-11-18T11:06:04.734-0800: 21.212: [CMS: 6846K->6846K(6848K), 0.0045682 secs] 9675K->9650K(9920K), [Metaspace: 4890K->4890K(139264K)], 0.0046462 secs] [Times: user=0.01 sys=0.00, real=0.00 secs] 
2020-11-18T11:06:04.738-0800: 21.217: [GC (CMS Initial Mark) [1 CMS-initial-mark: 6846K(6848K)] 9650K(9920K), 0.0002600 secs] [Times: user=0.00 sys=0.00, real=0.00 secs] 
2020-11-18T11:06:04.739-0800: 21.217: [CMS-concurrent-mark-start]
2020-11-18T11:06:04.740-0800: 21.218: [CMS-concurrent-mark: 0.001/0.001 secs] [Times: user=0.00 sys=0.00, real=0.01 secs] 
2020-11-18T11:06:04.740-0800: 21.218: [CMS-concurrent-preclean-start]
2020-11-18T11:06:04.740-0800: 21.218: [Full GC (System.gc()) 2020-11-18T11:06:04.740-0800: 21.218: [CMS2020-11-18T11:06:04.741-0800: 21.219: [CMS-concurrent-preclean: 0.001/0.001 secs] [Times: user=0.00 sys=0.00, real=0.00 secs] 
 (concurrent mode interrupted): 6846K->6846K(6848K), 0.0047527 secs] 9677K->9653K(9920K), [Metaspace: 4890K->4890K(139264K)], 0.0048012 secs] [Times: user=0.01 sys=0.00, real=0.00 secs] 
2020-11-18T11:06:04.746-0800: 21.225: [Full GC (System.gc()) 2020-11-18T11:06:04.746-0800: 21.225: [CMS: 6846K->6846K(6848K), 0.0037171 secs] 9680K->9655K(9920K), [Metaspace: 4890K->4890K(139264K)], 0.0037667 secs] [Times: user=0.00 sys=0.00, real=0.01 secs] 
2020-11-18T11:06:04.750-0800: 21.228: [GC (CMS Initial Mark) [1 CMS-initial-mark: 6846K(6848K)] 9655K(9920K), 0.0002959 secs] [Times: user=0.00 sys=0.00, real=0.00 secs] 
2020-11-18T11:06:04.750-0800: 21.229: [CMS-concurrent-mark-start]
2020-11-18T11:06:04.751-0800: 21.230: [Full GC (System.gc()) 2020-11-18T11:06:04.751-0800: 21.230: [CMS2020-11-18T11:06:04.753-0800: 21.231: [CMS-concurrent-mark: 0.001/0.002 secs] [Times: user=0.01 sys=0.00, real=0.00 secs] 
 (concurrent mode interrupted): 6846K->6846K(6848K), 0.0058809 secs] 9682K->9657K(9920K), [Metaspace: 4890K->4890K(139264K)], 0.0059349 secs] [Times: user=0.01 sys=0.00, real=0.00 secs] 
2020-11-18T11:06:04.759-0800: 21.237: [Full GC (System.gc()) 2020-11-18T11:06:04.759-0800: 21.237: [CMS: 6846K->6846K(6848K), 0.0035550 secs] 9684K->9660K(9920K), [Metaspace: 4890K->4890K(139264K)], 0.0035970 secs] [Times: user=0.00 sys=0.00, real=0.01 secs] 
2020-11-18T11:06:04.762-0800: 21.241: [GC (CMS Initial Mark) [1 CMS-initial-mark: 6846K(6848K)] 9660K(9920K), 0.0001789 secs] [Times: user=0.00 sys=0.00, real=0.00 secs] 
2020-11-18T11:06:04.763-0800: 21.241: [CMS-concurrent-mark-start]
2020-11-18T11:06:04.764-0800: 21.242: [CMS-concurrent-mark: 0.001/0.001 secs] [Times: user=0.01 sys=0.01, real=0.00 secs] 
2020-11-18T11:06:04.764-0800: 21.242: [Full GC (System.gc()) 2020-11-18T11:06:04.764-0800: 21.242: [CMS (concurrent mode interrupted): 6846K->6846K(6848K), 0.0033445 secs] 9687K->9662K(9920K), [Metaspace: 4890K->4890K(139264K)], 0.0033766 secs] [Times: user=0.00 sys=0.00, real=0.00 secs] 
2020-11-18T11:06:04.769-0800: 21.247: [Full GC (System.gc()) 2020-11-18T11:06:04.769-0800: 21.247: [CMS: 6846K->6846K(6848K), 0.0039294 secs] 9689K->9665K(9920K), [Metaspace: 4890K->4890K(139264K)], 0.0040007 secs] [Times: user=0.01 sys=0.00, real=0.01 secs] 
2020-11-18T11:06:04.773-0800: 21.251: [GC (CMS Initial Mark) [1 CMS-initial-mark: 6846K(6848K)] 9665K(9920K), 0.0002140 secs] [Times: user=0.00 sys=0.00, real=0.00 secs] 
2020-11-18T11:06:04.773-0800: 21.252: [CMS-concurrent-mark-start]
2020-11-18T11:06:04.775-0800: 21.253: [CMS-concurrent-mark: 0.001/0.001 secs] [Times: user=0.00 sys=0.00, real=0.00 secs] 
2020-11-18T11:06:04.775-0800: 21.253: [Full GC (System.gc()) 2020-11-18T11:06:04.775-0800: 21.253: [CMS (concurrent mode interrupted): 6846K->6846K(6848K), 0.0034706 secs] 9692K->9667K(9920K), [Metaspace: 4890K->4890K(139264K)], 0.0035049 secs] [Times: user=0.00 sys=0.00, real=0.00 secs] 
2020-11-18T11:06:04.780-0800: 21.258: [Full GC (System.gc()) 2020-11-18T11:06:04.780-0800: 21.258: [CMS: 6846K->6846K(6848K), 0.0040539 secs] 9694K->9670K(9920K), [Metaspace: 4890K->4890K(139264K)], 0.0041186 secs] [Times: user=0.01 sys=0.00, real=0.00 secs] 
2020-11-18T11:06:04.784-0800: 21.262: [GC (CMS Initial Mark) [1 CMS-initial-mark: 6846K(6848K)] 9670K(9920K), 0.0002011 secs] [Times: user=0.00 sys=0.00, real=0.00 secs] 
2020-11-18T11:06:04.784-0800: 21.263: [CMS-concurrent-mark-start]
2020-11-18T11:06:04.785-0800: 21.264: [CMS-concurrent-mark: 0.001/0.001 secs] [Times: user=0.00 sys=0.00, real=0.00 secs] 
2020-11-18T11:06:04.785-0800: 21.264: [CMS-concurrent-preclean-start]
2020-11-18T11:06:04.785-0800: 21.264: [Full GC (System.gc()) 2020-11-18T11:06:04.785-0800: 21.264: [CMS2020-11-18T11:06:04.786-0800: 21.265: [CMS-concurrent-preclean: 0.001/0.001 secs] [Times: user=0.00 sys=0.00, real=0.00 secs] 
 (concurrent mode interrupted): 6846K->6846K(6848K), 0.0043431 secs] 9696K->9672K(9920K), [Metaspace: 4890K->4890K(139264K)], 0.0043974 secs] [Times: user=0.01 sys=0.00, real=0.01 secs] 
2020-11-18T11:06:04.791-0800: 21.270: [Full GC (System.gc()) 2020-11-18T11:06:04.791-0800: 21.270: [CMS: 6846K->6846K(6848K), 0.0045323 secs] 9699K->9674K(9920K), [Metaspace: 4890K->4890K(139264K)], 0.0045987 secs] [Times: user=0.00 sys=0.00, real=0.00 secs] 
2020-11-18T11:06:04.796-0800: 21.274: [GC (CMS Initial Mark) [1 CMS-initial-mark: 6846K(6848K)] 9674K(9920K), 0.0002287 secs] [Times: user=0.00 sys=0.00, real=0.00 secs] 
2020-11-18T11:06:04.796-0800: 21.275: [CMS-concurrent-mark-start]
2020-11-18T11:06:04.797-0800: 21.276: [Full GC (System.gc()) 2020-11-18T11:06:04.797-0800: 21.276: [CMS2020-11-18T11:06:04.799-0800: 21.277: [CMS-concurrent-mark: 0.001/0.002 secs] [Times: user=0.00 sys=0.00, real=0.00 secs] 
 (concurrent mode interrupted): 6846K->6846K(6848K), 0.0052727 secs] 9701K->9677K(9920K), [Metaspace: 4890K->4890K(139264K)], 0.0053245 secs] [Times: user=0.01 sys=0.00, real=0.01 secs] 
2020-11-18T11:06:04.804-0800: 21.283: [Full GC (System.gc()) 2020-11-18T11:06:04.804-0800: 21.283: [CMS: 6846K->6846K(6848K), 0.0042900 secs] 9704K->9679K(9920K), [Metaspace: 4890K->4890K(139264K)], 0.0043584 secs] [Times: user=0.00 sys=0.00, real=0.00 secs] 
2020-11-18T11:06:04.809-0800: 21.287: [GC (CMS Initial Mark) [1 CMS-initial-mark: 6846K(6848K)] 9679K(9920K), 0.0002206 secs] [Times: user=0.00 sys=0.00, real=0.00 secs] 
2020-11-18T11:06:04.809-0800: 21.287: [CMS-concurrent-mark-start]
2020-11-18T11:06:04.810-0800: 21.288: [CMS-concurrent-mark: 0.001/0.001 secs] [Times: user=0.01 sys=0.00, real=0.01 secs] 
2020-11-18T11:06:04.810-0800: 21.288: [CMS-concurrent-preclean-start]
2020-11-18T11:06:04.810-0800: 21.289: [Full GC (System.gc()) 2020-11-18T11:06:04.810-0800: 21.289: [CMS2020-11-18T11:06:04.811-0800: 21.289: [CMS-concurrent-preclean: 0.001/0.001 secs] [Times: user=0.00 sys=0.00, real=0.00 secs] 
 (concurrent mode interrupted): 6846K->6846K(6848K), 0.0045596 secs] 9706K->9682K(9920K), [Metaspace: 4890K->4890K(139264K)], 0.0046015 secs] [Times: user=0.00 sys=0.00, real=0.00 secs] 
2020-11-18T11:06:04.816-0800: 21.295: [Full GC (System.gc()) 2020-11-18T11:06:04.816-0800: 21.295: [CMS: 6846K->6846K(6848K), 0.0044447 secs] 9708K->9684K(9920K), [Metaspace: 4890K->4890K(139264K)], 0.0045131 secs] [Times: user=0.01 sys=0.00, real=0.01 secs] 
2020-11-18T11:06:04.821-0800: 21.299: [GC (CMS Initial Mark) [1 CMS-initial-mark: 6846K(6848K)] 9684K(9920K), 0.0001853 secs] [Times: user=0.00 sys=0.00, real=0.00 secs] 
2020-11-18T11:06:04.821-0800: 21.299: [CMS-concurrent-mark-start]
2020-11-18T11:06:04.822-0800: 21.301: [Full GC (System.gc()) 2020-11-18T11:06:04.822-0800: 21.301: [CMS2020-11-18T11:06:04.823-0800: 21.302: [CMS-concurrent-mark: 0.001/0.003 secs] [Times: user=0.00 sys=0.00, real=0.00 secs] 
 (concurrent mode interrupted): 6846K->6846K(6848K), 0.0049216 secs] 9711K->9686K(9920K), [Metaspace: 4890K->4890K(139264K)], 0.0049689 secs] [Times: user=0.00 sys=0.00, real=0.00 secs] 
2020-11-18T11:06:04.829-0800: 21.307: [Full GC (System.gc()) 2020-11-18T11:06:04.829-0800: 21.307: [CMS: 6846K->6846K(6848K), 0.0042037 secs] 9713K->9689K(9920K), [Metaspace: 4890K->4890K(139264K)], 0.0042713 secs] [Times: user=0.01 sys=0.00, real=0.01 secs] 
2020-11-18T11:06:04.833-0800: 21.311: [GC (CMS Initial Mark) [1 CMS-initial-mark: 6846K(6848K)] 9689K(9920K), 0.0002900 secs] [Times: user=0.00 sys=0.00, real=0.00 secs] 
2020-11-18T11:06:04.833-0800: 21.312: [CMS-concurrent-mark-start]
2020-11-18T11:06:04.834-0800: 21.313: [Full GC (System.gc()) 2020-11-18T11:06:04.834-0800: 21.313: [CMS2020-11-18T11:06:04.836-0800: 21.314: [CMS-concurrent-mark: 0.001/0.002 secs] [Times: user=0.00 sys=0.00, real=0.00 secs] 
 (concurrent mode interrupted): 6846K->6846K(6848K), 0.0056116 secs] 9716K->9691K(9920K), [Metaspace: 4890K->4890K(139264K)], 0.0056622 secs] [Times: user=0.01 sys=0.00, real=0.01 secs] 
2020-11-18T11:06:04.842-0800: 21.320: [Full GC (System.gc()) 2020-11-18T11:06:04.842-0800: 21.320: [CMS: 6846K->6846K(6848K), 0.0040434 secs] 9718K->9694K(9920K), [Metaspace: 4890K->4890K(139264K)], 0.0041118 secs] [Times: user=0.00 sys=0.00, real=0.00 secs] 
2020-11-18T11:06:04.846-0800: 21.324: [GC (CMS Initial Mark) [1 CMS-initial-mark: 6846K(6848K)] 9694K(9920K), 0.0001932 secs] [Times: user=0.00 sys=0.00, real=0.00 secs] 
2020-11-18T11:06:04.846-0800: 21.325: [CMS-concurrent-mark-start]
2020-11-18T11:06:04.847-0800: 21.326: [CMS-concurrent-mark: 0.001/0.001 secs] [Times: user=0.00 sys=0.00, real=0.00 secs] 
2020-11-18T11:06:04.847-0800: 21.326: [Full GC (System.gc()) 2020-11-18T11:06:04.848-0800: 21.326: [CMS (concurrent mode interrupted): 6846K->6846K(6848K), 0.0036588 secs] 9721K->9696K(9920K), [Metaspace: 4890K->4890K(139264K)], 0.0037000 secs] [Times: user=0.01 sys=0.00, real=0.01 secs] 
2020-11-18T11:06:04.853-0800: 21.331: [Full GC (System.gc()) 2020-11-18T11:06:04.853-0800: 21.331: [CMS: 6846K->6846K(6848K), 0.0035554 secs] 9723K->9699K(9920K), [Metaspace: 4890K->4890K(139264K)], 0.0035985 secs] [Times: user=0.00 sys=0.00, real=0.00 secs] 
2020-11-18T11:06:04.856-0800: 21.335: [GC (CMS Initial Mark) [1 CMS-initial-mark: 6846K(6848K)] 9699K(9920K), 0.0001671 secs] [Times: user=0.00 sys=0.00, real=0.00 secs] 
2020-11-18T11:06:04.857-0800: 21.335: [CMS-concurrent-mark-start]
2020-11-18T11:06:04.858-0800: 21.336: [Full GC (System.gc()) 2020-11-18T11:06:04.858-0800: 21.336: [CMS2020-11-18T11:06:04.859-0800: 21.338: [CMS-concurrent-mark: 0.001/0.002 secs] [Times: user=0.01 sys=0.00, real=0.00 secs] 
 (concurrent mode interrupted): 6846K->6846K(6848K), 0.0055506 secs] 9725K->9701K(9920K), [Metaspace: 4890K->4890K(139264K)], 0.0055995 secs] [Times: user=0.00 sys=0.00, real=0.01 secs] 
2020-11-18T11:06:04.865-0800: 21.343: [Full GC (System.gc()) 2020-11-18T11:06:04.865-0800: 21.343: [CMS: 6846K->6846K(6848K), 0.0034004 secs] 9728K->9703K(9920K), [Metaspace: 4890K->4890K(139264K)], 0.0034438 secs] [Times: user=0.00 sys=0.00, real=0.00 secs] 
2020-11-18T11:06:04.868-0800: 21.347: [GC (CMS Initial Mark) [1 CMS-initial-mark: 6846K(6848K)] 9703K(9920K), 0.0002167 secs] [Times: user=0.00 sys=0.00, real=0.00 secs] 
2020-11-18T11:06:04.869-0800: 21.347: [CMS-concurrent-mark-start]
2020-11-18T11:06:04.870-0800: 21.348: [CMS-concurrent-mark: 0.001/0.001 secs] [Times: user=0.01 sys=0.00, real=0.01 secs] 
2020-11-18T11:06:04.870-0800: 21.348: [CMS-concurrent-preclean-start]
2020-11-18T11:06:04.870-0800: 21.348: [Full GC (System.gc()) 2020-11-18T11:06:04.870-0800: 21.348: [CMS2020-11-18T11:06:04.871-0800: 21.349: [CMS-concurrent-preclean: 0.001/0.001 secs] [Times: user=0.00 sys=0.00, real=0.00 secs] 
 (concurrent mode interrupted): 6846K->6846K(6848K), 0.0041658 secs] 9730K->9706K(9920K), [Metaspace: 4890K->4890K(139264K)], 0.0042044 secs] [Times: user=0.00 sys=0.00, real=0.00 secs] 
2020-11-18T11:06:04.876-0800: 21.354: [Full GC (System.gc()) 2020-11-18T11:06:04.876-0800: 21.354: [CMS: 6846K->6846K(6848K), 0.0039835 secs] 9733K->9708K(9920K), [Metaspace: 4890K->4890K(139264K)], 0.0040530 secs] [Times: user=0.01 sys=0.00, real=0.01 secs] 
2020-11-18T11:06:04.880-0800: 21.358: [GC (CMS Initial Mark) [1 CMS-initial-mark: 6846K(6848K)] 9708K(9920K), 0.0002369 secs] [Times: user=0.00 sys=0.00, real=0.00 secs] 
2020-11-18T11:06:04.880-0800: 21.358: [CMS-concurrent-mark-start]
2020-11-18T11:06:04.881-0800: 21.360: [CMS-concurrent-mark: 0.001/0.001 secs] [Times: user=0.00 sys=0.00, real=0.00 secs] 
2020-11-18T11:06:04.881-0800: 21.360: [CMS-concurrent-preclean-start]
2020-11-18T11:06:04.881-0800: 21.360: [Full GC (System.gc()) 2020-11-18T11:06:04.881-0800: 21.360: [CMS2020-11-18T11:06:04.882-0800: 21.360: [CMS-concurrent-preclean: 0.001/0.001 secs] [Times: user=0.00 sys=0.00, real=0.00 secs] 
 (concurrent mode interrupted): 6846K->6846K(6848K), 0.0040827 secs] 9735K->9711K(9920K), [Metaspace: 4890K->4890K(139264K)], 0.0041221 secs] [Times: user=0.00 sys=0.00, real=0.00 secs] 
2020-11-18T11:06:04.887-0800: 21.365: [Full GC (System.gc()) 2020-11-18T11:06:04.887-0800: 21.365: [CMS: 6846K->6846K(6848K), 0.0041372 secs] 9737K->9713K(9920K), [Metaspace: 4890K->4890K(139264K)], 0.0042052 secs] [Times: user=0.01 sys=0.00, real=0.01 secs] 
2020-11-18T11:06:04.891-0800: 21.370: [GC (CMS Initial Mark) [1 CMS-initial-mark: 6846K(6848K)] 9713K(9920K), 0.0002068 secs] [Times: user=0.00 sys=0.00, real=0.00 secs] 
2020-11-18T11:06:04.891-0800: 21.370: [CMS-concurrent-mark-start]
2020-11-18T11:06:04.893-0800: 21.371: [CMS-concurrent-mark: 0.001/0.001 secs] [Times: user=0.00 sys=0.00, real=0.00 secs] 
2020-11-18T11:06:04.893-0800: 21.371: [CMS-concurrent-preclean-start]
2020-11-18T11:06:04.893-0800: 21.371: [Full GC (System.gc()) 2020-11-18T11:06:04.893-0800: 21.371: [CMS2020-11-18T11:06:04.893-0800: 21.372: [CMS-concurrent-preclean: 0.001/0.001 secs] [Times: user=0.00 sys=0.00, real=0.00 secs] 
 (concurrent mode interrupted): 6846K->6846K(6848K), 0.0041183 secs] 9740K->9715K(9920K), [Metaspace: 4890K->4890K(139264K)], 0.0041576 secs] [Times: user=0.01 sys=0.00, real=0.00 secs] 
2020-11-18T11:06:04.898-0800: 21.377: [Full GC (System.gc()) 2020-11-18T11:06:04.898-0800: 21.377: [CMS: 6846K->6846K(6848K), 0.0041369 secs] 9742K->9718K(9920K), [Metaspace: 4890K->4890K(139264K)], 0.0042098 secs] [Times: user=0.00 sys=0.00, real=0.01 secs] 
2020-11-18T11:06:04.903-0800: 21.381: [GC (CMS Initial Mark) [1 CMS-initial-mark: 6846K(6848K)] 9718K(9920K), 0.0001961 secs] [Times: user=0.00 sys=0.00, real=0.00 secs] 
2020-11-18T11:06:04.903-0800: 21.381: [CMS-concurrent-mark-start]
2020-11-18T11:06:04.904-0800: 21.382: [Full GC (System.gc()) 2020-11-18T11:06:04.904-0800: 21.382: [CMS2020-11-18T11:06:04.905-0800: 21.384: [CMS-concurrent-mark: 0.001/0.002 secs] [Times: user=0.00 sys=0.00, real=0.00 secs] 
 (concurrent mode interrupted): 6846K->6846K(6848K), 0.0052187 secs] 9745K->9720K(9920K), [Metaspace: 4890K->4890K(139264K)], 0.0052772 secs] [Times: user=0.01 sys=0.00, real=0.00 secs] 
2020-11-18T11:06:04.911-0800: 21.389: [Full GC (System.gc()) 2020-11-18T11:06:04.911-0800: 21.389: [CMS: 6846K->6846K(6848K), 0.0041805 secs] 9747K->9723K(9920K), [Metaspace: 4890K->4890K(139264K)], 0.0042497 secs] [Times: user=0.00 sys=0.00, real=0.00 secs] 
2020-11-18T11:06:04.915-0800: 21.394: [GC (CMS Initial Mark) [1 CMS-initial-mark: 6846K(6848K)] 9723K(9920K), 0.0001886 secs] [Times: user=0.00 sys=0.00, real=0.00 secs] 
2020-11-18T11:06:04.915-0800: 21.394: [CMS-concurrent-mark-start]
2020-11-18T11:06:04.916-0800: 21.395: [CMS-concurrent-mark: 0.001/0.001 secs] [Times: user=0.01 sys=0.00, real=0.00 secs] 
2020-11-18T11:06:04.916-0800: 21.395: [CMS-concurrent-preclean-start]
2020-11-18T11:06:04.917-0800: 21.395: [Full GC (System.gc()) 2020-11-18T11:06:04.917-0800: 21.395: [CMS2020-11-18T11:06:04.917-0800: 21.396: [CMS-concurrent-preclean: 0.001/0.001 secs] [Times: user=0.00 sys=0.00, real=0.00 secs] 
 (concurrent mode interrupted): 6846K->6846K(6848K), 0.0042375 secs] 9750K->9725K(9920K), [Metaspace: 4890K->4890K(139264K)], 0.0042813 secs] [Times: user=0.00 sys=0.00, real=0.01 secs] 
2020-11-18T11:06:04.922-0800: 21.401: [Full GC (System.gc()) 2020-11-18T11:06:04.922-0800: 21.401: [CMS: 6846K->6846K(6848K), 0.0039475 secs] 9752K->9727K(9920K), [Metaspace: 4890K->4890K(139264K)], 0.0040123 secs] [Times: user=0.00 sys=0.00, real=0.00 secs] 
2020-11-18T11:06:04.926-0800: 21.405: [GC (CMS Initial Mark) [1 CMS-initial-mark: 6846K(6848K)] 9727K(9920K), 0.0001701 secs] [Times: user=0.00 sys=0.00, real=0.00 secs] 
2020-11-18T11:06:04.926-0800: 21.405: [CMS-concurrent-mark-start]
2020-11-18T11:06:04.928-0800: 21.406: [CMS-concurrent-mark: 0.001/0.001 secs] [Times: user=0.01 sys=0.00, real=0.00 secs] 
2020-11-18T11:06:04.928-0800: 21.406: [Full GC (System.gc()) 2020-11-18T11:06:04.928-0800: 21.406: [CMS (concurrent mode interrupted): 6846K->6846K(6848K), 0.0034453 secs] 9754K->9730K(9920K), [Metaspace: 4890K->4890K(139264K)], 0.0034819 secs] [Times: user=0.00 sys=0.00, real=0.01 secs] 
2020-11-18T11:06:04.933-0800: 21.411: [Full GC (System.gc()) 2020-11-18T11:06:04.933-0800: 21.411: [CMS: 6846K->6846K(6848K), 0.0033717 secs] 9757K->9732K(9920K), [Metaspace: 4890K->4890K(139264K)], 0.0034151 secs] [Times: user=0.01 sys=0.00, real=0.00 secs] 
2020-11-18T11:06:04.936-0800: 21.414: [GC (CMS Initial Mark) [1 CMS-initial-mark: 6846K(6848K)] 9732K(9920K), 0.0001811 secs] [Times: user=0.00 sys=0.00, real=0.00 secs] 
2020-11-18T11:06:04.936-0800: 21.415: [CMS-concurrent-mark-start]
2020-11-18T11:06:04.937-0800: 21.416: [Full GC (System.gc()) 2020-11-18T11:06:04.937-0800: 21.416: [CMS2020-11-18T11:06:04.938-0800: 21.417: [CMS-concurrent-mark: 0.001/0.002 secs] [Times: user=0.00 sys=0.00, real=0.00 secs] 
 (concurrent mode interrupted): 6846K->6846K(6848K), 0.0043380 secs] 9759K->9735K(9920K), [Metaspace: 4890K->4890K(139264K)], 0.0043790 secs] [Times: user=0.00 sys=0.00, real=0.01 secs] 
2020-11-18T11:06:04.943-0800: 21.422: [Full GC (System.gc()) 2020-11-18T11:06:04.943-0800: 21.422: [CMS: 6846K->6846K(6848K), 0.0031104 secs] 9762K->9737K(9920K), [Metaspace: 4890K->4890K(139264K)], 0.0031441 secs] [Times: user=0.01 sys=0.00, real=0.00 secs] 
2020-11-18T11:06:04.947-0800: 21.425: [GC (CMS Initial Mark) [1 CMS-initial-mark: 6846K(6848K)] 9737K(9920K), 0.0001756 secs] [Times: user=0.00 sys=0.00, real=0.00 secs] 
2020-11-18T11:06:04.947-0800: 21.425: [CMS-concurrent-mark-start]
2020-11-18T11:06:04.948-0800: 21.426: [CMS-concurrent-mark: 0.001/0.001 secs] [Times: user=0.00 sys=0.00, real=0.00 secs] 
2020-11-18T11:06:04.948-0800: 21.426: [CMS-concurrent-preclean-start]
2020-11-18T11:06:04.948-0800: 21.426: [Full GC (System.gc()) 2020-11-18T11:06:04.948-0800: 21.426: [CMS2020-11-18T11:06:04.949-0800: 21.427: [CMS-concurrent-preclean: 0.001/0.001 secs] [Times: user=0.00 sys=0.00, real=0.00 secs] 
 (concurrent mode interrupted): 6846K->6846K(6848K), 0.0038500 secs] 9764K->9740K(9920K), [Metaspace: 4890K->4890K(139264K)], 0.0038861 secs] [Times: user=0.00 sys=0.00, real=0.01 secs] 
2020-11-18T11:06:04.953-0800: 21.432: [Full GC (System.gc()) 2020-11-18T11:06:04.953-0800: 21.432: [CMS: 6846K->6846K(6848K), 0.0031233 secs] 9766K->9742K(9920K), [Metaspace: 4890K->4890K(139264K)], 0.0031597 secs] [Times: user=0.01 sys=0.00, real=0.00 secs] 
2020-11-18T11:06:04.957-0800: 21.435: [GC (CMS Initial Mark) [1 CMS-initial-mark: 6846K(6848K)] 9742K(9920K), 0.0002013 secs] [Times: user=0.00 sys=0.00, real=0.00 secs] 
2020-11-18T11:06:04.957-0800: 21.435: [CMS-concurrent-mark-start]
2020-11-18T11:06:04.958-0800: 21.436: [CMS-concurrent-mark: 0.001/0.001 secs] [Times: user=0.00 sys=0.00, real=0.00 secs] 
2020-11-18T11:06:04.958-0800: 21.436: [CMS-concurrent-preclean-start]
2020-11-18T11:06:04.958-0800: 21.436: [Full GC (System.gc()) 2020-11-18T11:06:04.958-0800: 21.436: [CMS2020-11-18T11:06:04.959-0800: 21.437: [CMS-concurrent-preclean: 0.001/0.001 secs] [Times: user=0.00 sys=0.00, real=0.00 secs] 
 (concurrent mode interrupted): 6846K->6846K(6848K), 0.0038247 secs] 9769K->9744K(9920K), [Metaspace: 4890K->4890K(139264K)], 0.0038611 secs] [Times: user=0.00 sys=0.00, real=0.01 secs] 
2020-11-18T11:06:04.963-0800: 21.442: [Full GC (System.gc()) 2020-11-18T11:06:04.963-0800: 21.442: [CMS: 6846K->6846K(6848K), 0.0037795 secs] 9771K->9747K(9920K), [Metaspace: 4890K->4890K(139264K)], 0.0038438 secs] [Times: user=0.01 sys=0.00, real=0.00 secs] 
2020-11-18T11:06:04.967-0800: 21.445: [GC (CMS Initial Mark) [1 CMS-initial-mark: 6846K(6848K)] 9747K(9920K), 0.0001979 secs] [Times: user=0.00 sys=0.00, real=0.00 secs] 
2020-11-18T11:06:04.967-0800: 21.446: [CMS-concurrent-mark-start]
2020-11-18T11:06:04.968-0800: 21.447: [CMS-concurrent-mark: 0.001/0.001 secs] [Times: user=0.00 sys=0.00, real=0.00 secs] 
2020-11-18T11:06:04.968-0800: 21.447: [CMS-concurrent-preclean-start]
2020-11-18T11:06:04.969-0800: 21.447: [Full GC (System.gc()) 2020-11-18T11:06:04.969-0800: 21.447: [CMS2020-11-18T11:06:04.969-0800: 21.448: [CMS-concurrent-preclean: 0.001/0.001 secs] [Times: user=0.00 sys=0.00, real=0.00 secs] 
 (concurrent mode interrupted): 6846K->6846K(6848K), 0.0038810 secs] 9774K->9749K(9920K), [Metaspace: 4890K->4890K(139264K)], 0.0039124 secs] [Times: user=0.01 sys=0.00, real=0.01 secs] 
2020-11-18T11:06:04.974-0800: 21.452: [Full GC (System.gc()) 2020-11-18T11:06:04.974-0800: 21.452: [CMS: 6846K->6846K(6848K), 0.0041333 secs] 9776K->9752K(9920K), [Metaspace: 4890K->4890K(139264K)], 0.0042084 secs] [Times: user=0.00 sys=0.00, real=0.00 secs] 
2020-11-18T11:06:04.978-0800: 21.457: [GC (CMS Initial Mark) [1 CMS-initial-mark: 6846K(6848K)] 9752K(9920K), 0.0001901 secs] [Times: user=0.00 sys=0.01, real=0.00 secs] 
2020-11-18T11:06:04.978-0800: 21.457: [CMS-concurrent-mark-start]
2020-11-18T11:06:04.980-0800: 21.458: [CMS-concurrent-mark: 0.001/0.001 secs] [Times: user=0.00 sys=0.00, real=0.01 secs] 
2020-11-18T11:06:04.980-0800: 21.458: [Full GC (System.gc()) 2020-11-18T11:06:04.980-0800: 21.458: [CMS (concurrent mode interrupted): 6846K->6846K(6848K), 0.0033905 secs] 9778K->9754K(9920K), [Metaspace: 4890K->4890K(139264K)], 0.0034229 secs] [Times: user=0.01 sys=0.00, real=0.00 secs] 
2020-11-18T11:06:04.984-0800: 21.463: [Full GC (System.gc()) 2020-11-18T11:06:04.984-0800: 21.463: [CMS: 6846K->6846K(6848K), 0.0033138 secs] 9781K->9756K(9920K), [Metaspace: 4890K->4890K(139264K)], 0.0033536 secs] [Times: user=0.00 sys=0.00, real=0.00 secs] 
2020-11-18T11:06:04.988-0800: 21.466: [GC (CMS Initial Mark) [1 CMS-initial-mark: 6846K(6848K)] 9756K(9920K), 0.0001865 secs] [Times: user=0.00 sys=0.00, real=0.00 secs] 
2020-11-18T11:06:04.988-0800: 21.466: [CMS-concurrent-mark-start]
2020-11-18T11:06:04.989-0800: 21.468: [CMS-concurrent-mark: 0.001/0.001 secs] [Times: user=0.00 sys=0.00, real=0.00 secs] 
2020-11-18T11:06:04.989-0800: 21.468: [CMS-concurrent-preclean-start]
2020-11-18T11:06:04.989-0800: 21.468: [Full GC (System.gc()) 2020-11-18T11:06:04.989-0800: 21.468: [CMS2020-11-18T11:06:04.990-0800: 21.468: [CMS-concurrent-preclean: 0.001/0.001 secs] [Times: user=0.00 sys=0.00, real=0.01 secs] 
 (concurrent mode interrupted): 6846K->6846K(6848K), 0.0038694 secs] 9783K->9759K(9920K), [Metaspace: 4890K->4890K(139264K)], 0.0038994 secs] [Times: user=0.01 sys=0.00, real=0.01 secs] 
2020-11-18T11:06:04.995-0800: 21.473: [Full GC (System.gc()) 2020-11-18T11:06:04.995-0800: 21.473: [CMS: 6846K->6846K(6848K), 0.0043630 secs] 9786K->9761K(9920K), [Metaspace: 4890K->4890K(139264K)], 0.0044396 secs] [Times: user=0.00 sys=0.00, real=0.00 secs] 
2020-11-18T11:06:04.999-0800: 21.478: [GC (CMS Initial Mark) [1 CMS-initial-mark: 6846K(6848K)] 9761K(9920K), 0.0002131 secs] [Times: user=0.00 sys=0.00, real=0.01 secs] 
2020-11-18T11:06:05.000-0800: 21.478: [CMS-concurrent-mark-start]
2020-11-18T11:06:05.001-0800: 21.479: [CMS-concurrent-mark: 0.001/0.001 secs] [Times: user=0.01 sys=0.00, real=0.00 secs] 
2020-11-18T11:06:05.001-0800: 21.479: [CMS-concurrent-preclean-start]
2020-11-18T11:06:05.001-0800: 21.479: [Full GC (System.gc()) 2020-11-18T11:06:05.001-0800: 21.479: [CMS2020-11-18T11:06:05.002-0800: 21.480: [CMS-concurrent-preclean: 0.001/0.001 secs] [Times: user=0.00 sys=0.00, real=0.00 secs] 
 (concurrent mode interrupted): 6846K->6846K(6848K), 0.0042483 secs] 9788K->9764K(9920K), [Metaspace: 4890K->4890K(139264K)], 0.0042898 secs] [Times: user=0.00 sys=0.00, real=0.00 secs] 
2020-11-18T11:06:05.007-0800: 21.485: [Full GC (System.gc()) 2020-11-18T11:06:05.007-0800: 21.485: [CMS: 6846K->6846K(6848K), 0.0045950 secs] 9791K->9766K(9920K), [Metaspace: 4890K->4890K(139264K)], 0.0046704 secs] [Times: user=0.01 sys=0.00, real=0.01 secs] 
2020-11-18T11:06:05.011-0800: 21.490: [GC (CMS Initial Mark) [1 CMS-initial-mark: 6846K(6848K)] 9766K(9920K), 0.0002098 secs] [Times: user=0.00 sys=0.00, real=0.00 secs] 
2020-11-18T11:06:05.012-0800: 21.490: [CMS-concurrent-mark-start]
2020-11-18T11:06:05.013-0800: 21.491: [Full GC (System.gc()) 2020-11-18T11:06:05.013-0800: 21.491: [CMS2020-11-18T11:06:05.014-0800: 21.493: [CMS-concurrent-mark: 0.001/0.003 secs] [Times: user=0.00 sys=0.00, real=0.00 secs] 
 (concurrent mode interrupted): 6846K->6846K(6848K), 0.0056998 secs] 9793K->9769K(9920K), [Metaspace: 4890K->4890K(139264K)], 0.0057445 secs] [Times: user=0.00 sys=0.00, real=0.00 secs] 
2020-11-18T11:06:05.020-0800: 21.498: [Full GC (System.gc()) 2020-11-18T11:06:05.020-0800: 21.498: [CMS: 6846K->6846K(6848K), 0.0040624 secs] 9795K->9771K(9920K), [Metaspace: 4890K->4890K(139264K)], 0.0041294 secs] [Times: user=0.01 sys=0.00, real=0.00 secs] 
2020-11-18T11:06:05.024-0800: 21.503: [GC (CMS Initial Mark) [1 CMS-initial-mark: 6846K(6848K)] 9771K(9920K), 0.0002093 secs] [Times: user=0.00 sys=0.00, real=0.00 secs] 
2020-11-18T11:06:05.024-0800: 21.503: [CMS-concurrent-mark-start]
2020-11-18T11:06:05.026-0800: 21.504: [Full GC (System.gc()) 2020-11-18T11:06:05.026-0800: 21.504: [CMS2020-11-18T11:06:05.027-0800: 21.505: [CMS-concurrent-mark: 0.001/0.003 secs] [Times: user=0.00 sys=0.00, real=0.00 secs] 
 (concurrent mode interrupted): 6846K->6846K(6848K), 0.0054136 secs] 9798K->9773K(9920K), [Metaspace: 4890K->4890K(139264K)], 0.0054627 secs] [Times: user=0.01 sys=0.00, real=0.01 secs] 
2020-11-18T11:06:05.033-0800: 21.511: [Full GC (System.gc()) 2020-11-18T11:06:05.033-0800: 21.511: [CMS: 6846K->6846K(6848K), 0.0040421 secs] 9800K->9776K(9920K), [Metaspace: 4890K->4890K(139264K)], 0.0041084 secs] [Times: user=0.00 sys=0.00, real=0.00 secs] 
2020-11-18T11:06:05.037-0800: 21.515: [GC (CMS Initial Mark) [1 CMS-initial-mark: 6846K(6848K)] 9776K(9920K), 0.0002567 secs] [Times: user=0.00 sys=0.00, real=0.00 secs] 
2020-11-18T11:06:05.037-0800: 21.516: [CMS-concurrent-mark-start]
2020-11-18T11:06:05.038-0800: 21.517: [CMS-concurrent-mark: 0.001/0.001 secs] [Times: user=0.00 sys=0.00, real=0.00 secs] 
2020-11-18T11:06:05.038-0800: 21.517: [Full GC (System.gc()) 2020-11-18T11:06:05.038-0800: 21.517: [CMS (concurrent mode interrupted): 6846K->6846K(6848K), 0.0035203 secs] 9803K->9778K(9920K), [Metaspace: 4890K->4890K(139264K)], 0.0035558 secs] [Times: user=0.01 sys=0.00, real=0.01 secs] 
2020-11-18T11:06:05.044-0800: 21.522: [Full GC (System.gc()) 2020-11-18T11:06:05.044-0800: 21.522: [CMS: 6846K->6846K(6848K), 0.0039533 secs] 9805K->9781K(9920K), [Metaspace: 4890K->4890K(139264K)], 0.0040215 secs] [Times: user=0.00 sys=0.00, real=0.00 secs] 
2020-11-18T11:06:05.048-0800: 21.526: [GC (CMS Initial Mark) [1 CMS-initial-mark: 6846K(6848K)] 9781K(9920K), 0.0002554 secs] [Times: user=0.00 sys=0.00, real=0.00 secs] 
2020-11-18T11:06:05.048-0800: 21.526: [CMS-concurrent-mark-start]
2020-11-18T11:06:05.049-0800: 21.528: [CMS-concurrent-mark: 0.001/0.001 secs] [Times: user=0.01 sys=0.00, real=0.00 secs] 
2020-11-18T11:06:05.049-0800: 21.528: [Full GC (System.gc()) 2020-11-18T11:06:05.049-0800: 21.528: [CMS (concurrent mode interrupted): 6846K->6846K(6848K), 0.0034470 secs] 9807K->9783K(9920K), [Metaspace: 4890K->4890K(139264K)], 0.0034892 secs] [Times: user=0.00 sys=0.00, real=0.01 secs] 
2020-11-18T11:06:05.054-0800: 21.533: [Full GC (System.gc()) 2020-11-18T11:06:05.054-0800: 21.533: [CMS: 6846K->6846K(6848K), 0.0032976 secs] 9810K->9785K(9920K), [Metaspace: 4890K->4890K(139264K)], 0.0033359 secs] [Times: user=0.00 sys=0.00, real=0.00 secs] 
2020-11-18T11:06:05.058-0800: 21.536: [GC (CMS Initial Mark) [1 CMS-initial-mark: 6846K(6848K)] 9785K(9920K), 0.0001895 secs] [Times: user=0.00 sys=0.00, real=0.00 secs] 
2020-11-18T11:06:05.058-0800: 21.536: [CMS-concurrent-mark-start]
2020-11-18T11:06:05.059-0800: 21.537: [CMS-concurrent-mark: 0.001/0.001 secs] [Times: user=0.01 sys=0.00, real=0.00 secs] 
2020-11-18T11:06:05.059-0800: 21.537: [CMS-concurrent-preclean-start]
2020-11-18T11:06:05.059-0800: 21.537: [Full GC (System.gc()) 2020-11-18T11:06:05.059-0800: 21.537: [CMS2020-11-18T11:06:05.060-0800: 21.538: [CMS-concurrent-preclean: 0.001/0.001 secs] [Times: user=0.00 sys=0.00, real=0.01 secs] 
 (concurrent mode interrupted): 6846K->6846K(6848K), 0.0038293 secs] 9812K->9788K(9920K), [Metaspace: 4890K->4890K(139264K)], 0.0038668 secs] [Times: user=0.00 sys=0.00, real=0.01 secs] 
2020-11-18T11:06:05.064-0800: 21.543: [Full GC (System.gc()) 2020-11-18T11:06:05.064-0800: 21.543: [CMS: 6846K->6846K(6848K), 0.0031314 secs] 9815K->9790K(9920K), [Metaspace: 4890K->4890K(139264K)], 0.0031687 secs] [Times: user=0.00 sys=0.00, real=0.00 secs] 
2020-11-18T11:06:05.067-0800: 21.546: [GC (CMS Initial Mark) [1 CMS-initial-mark: 6846K(6848K)] 9790K(9920K), 0.0001741 secs] [Times: user=0.00 sys=0.00, real=0.00 secs] 
2020-11-18T11:06:05.068-0800: 21.546: [CMS-concurrent-mark-start]
2020-11-18T11:06:05.069-0800: 21.547: [CMS-concurrent-mark: 0.001/0.001 secs] [Times: user=0.01 sys=0.00, real=0.00 secs] 
2020-11-18T11:06:05.069-0800: 21.547: [CMS-concurrent-preclean-start]
2020-11-18T11:06:05.069-0800: 21.547: [Full GC (System.gc()) 2020-11-18T11:06:05.069-0800: 21.547: [CMS2020-11-18T11:06:05.070-0800: 21.548: [CMS-concurrent-preclean: 0.001/0.001 secs] [Times: user=0.00 sys=0.00, real=0.01 secs] 
 (concurrent mode interrupted): 6846K->6846K(6848K), 0.0038600 secs] 9817K->9793K(9920K), [Metaspace: 4890K->4890K(139264K)], 0.0038929 secs] [Times: user=0.00 sys=0.00, real=0.01 secs] 
2020-11-18T11:06:05.074-0800: 21.552: [Full GC (System.gc()) 2020-11-18T11:06:05.074-0800: 21.553: [CMS: 6846K->6846K(6848K), 0.0038933 secs] 9820K->9795K(9920K), [Metaspace: 4890K->4890K(139264K)], 0.0039681 secs] [Times: user=0.00 sys=0.00, real=0.00 secs] 
2020-11-18T11:06:05.078-0800: 21.557: [GC (CMS Initial Mark) [1 CMS-initial-mark: 6846K(6848K)] 9795K(9920K), 0.0001949 secs] [Times: user=0.00 sys=0.00, real=0.00 secs] 
2020-11-18T11:06:05.078-0800: 21.557: [CMS-concurrent-mark-start]
2020-11-18T11:06:05.079-0800: 21.558: [CMS-concurrent-mark: 0.001/0.001 secs] [Times: user=0.01 sys=0.00, real=0.00 secs] 
2020-11-18T11:06:05.079-0800: 21.558: [Full GC (System.gc()) 2020-11-18T11:06:05.079-0800: 21.558: [CMS (concurrent mode interrupted): 6846K->6846K(6848K), 0.0032256 secs] 9822K->9797K(9920K), [Metaspace: 4890K->4890K(139264K)], 0.0032570 secs] [Times: user=0.00 sys=0.00, real=0.01 secs] 
2020-11-18T11:06:05.084-0800: 21.563: [Full GC (System.gc()) 2020-11-18T11:06:05.084-0800: 21.563: [CMS: 6846K->6846K(6848K), 0.0038574 secs] 9824K->9800K(9920K), [Metaspace: 4890K->4890K(139264K)], 0.0039237 secs] [Times: user=0.00 sys=0.00, real=0.00 secs] 
2020-11-18T11:06:05.088-0800: 21.567: [GC (CMS Initial Mark) [1 CMS-initial-mark: 6846K(6848K)] 9800K(9920K), 0.0002796 secs] [Times: user=0.00 sys=0.00, real=0.00 secs] 
2020-11-18T11:06:05.089-0800: 21.567: [CMS-concurrent-mark-start]
2020-11-18T11:06:05.090-0800: 21.568: [CMS-concurrent-mark: 0.001/0.001 secs] [Times: user=0.00 sys=0.00, real=0.01 secs] 
2020-11-18T11:06:05.090-0800: 21.568: [CMS-concurrent-preclean-start]
2020-11-18T11:06:05.090-0800: 21.568: [Full GC (System.gc()) 2020-11-18T11:06:05.090-0800: 21.568: [CMS2020-11-18T11:06:05.091-0800: 21.569: [CMS-concurrent-preclean: 0.001/0.001 secs] [Times: user=0.00 sys=0.00, real=0.00 secs] 
 (concurrent mode interrupted): 6846K->6846K(6848K), 0.0040961 secs] 9827K->9802K(9920K), [Metaspace: 4890K->4890K(139264K)], 0.0041390 secs] [Times: user=0.00 sys=0.00, real=0.00 secs] 
2020-11-18T11:06:05.095-0800: 21.574: [Full GC (System.gc()) 2020-11-18T11:06:05.095-0800: 21.574: [CMS: 6846K->6846K(6848K), 0.0038518 secs] 9829K->9805K(9920K), [Metaspace: 4890K->4890K(139264K)], 0.0039168 secs] [Times: user=0.01 sys=0.00, real=0.00 secs] 
2020-11-18T11:06:05.099-0800: 21.578: [GC (CMS Initial Mark) [1 CMS-initial-mark: 6846K(6848K)] 9805K(9920K), 0.0001959 secs] [Times: user=0.00 sys=0.00, real=0.01 secs] 
2020-11-18T11:06:05.100-0800: 21.578: [CMS-concurrent-mark-start]
2020-11-18T11:06:05.101-0800: 21.579: [CMS-concurrent-mark: 0.001/0.001 secs] [Times: user=0.00 sys=0.00, real=0.00 secs] 
2020-11-18T11:06:05.101-0800: 21.579: [CMS-concurrent-preclean-start]
2020-11-18T11:06:05.101-0800: 21.579: [Full GC (System.gc()) 2020-11-18T11:06:05.101-0800: 21.579: [CMS2020-11-18T11:06:05.102-0800: 21.580: [CMS-concurrent-preclean: 0.001/0.001 secs] [Times: user=0.00 sys=0.00, real=0.00 secs] 
 (concurrent mode interrupted): 6846K->6846K(6848K), 0.0038683 secs] 9832K->9807K(9920K), [Metaspace: 4890K->4890K(139264K)], 0.0039066 secs] [Times: user=0.00 sys=0.00, real=0.00 secs] 
2020-11-18T11:06:05.106-0800: 21.585: [Full GC (System.gc()) 2020-11-18T11:06:05.106-0800: 21.585: [CMS: 6846K->6846K(6848K), 0.0041546 secs] 9834K->9810K(9920K), [Metaspace: 4890K->4890K(139264K)], 0.0042241 secs] [Times: user=0.01 sys=0.00, real=0.01 secs] 
2020-11-18T11:06:05.111-0800: 21.589: [GC (CMS Initial Mark) [1 CMS-initial-mark: 6846K(6848K)] 9810K(9920K), 0.0002215 secs] [Times: user=0.00 sys=0.00, real=0.00 secs] 
2020-11-18T11:06:05.111-0800: 21.589: [CMS-concurrent-mark-start]
2020-11-18T11:06:05.112-0800: 21.590: [Full GC (System.gc()) 2020-11-18T11:06:05.112-0800: 21.590: [CMS2020-11-18T11:06:05.113-0800: 21.592: [CMS-concurrent-mark: 0.001/0.003 secs] [Times: user=0.00 sys=0.00, real=0.00 secs] 
 (concurrent mode interrupted): 6846K->6846K(6848K), 0.0057861 secs] 9836K->9812K(9920K), [Metaspace: 4890K->4890K(139264K)], 0.0058580 secs] [Times: user=0.01 sys=0.00, real=0.00 secs] 
2020-11-18T11:06:05.119-0800: 21.598: [Full GC (System.gc()) 2020-11-18T11:06:05.119-0800: 21.598: [CMS: 6846K->6846K(6848K), 0.0040444 secs] 9839K->9814K(9920K), [Metaspace: 4890K->4890K(139264K)], 0.0041118 secs] [Times: user=0.00 sys=0.00, real=0.01 secs] 
2020-11-18T11:06:05.124-0800: 21.602: [GC (CMS Initial Mark) [1 CMS-initial-mark: 6846K(6848K)] 9814K(9920K), 0.0002018 secs] [Times: user=0.00 sys=0.00, real=0.00 secs] 
2020-11-18T11:06:05.124-0800: 21.602: [CMS-concurrent-mark-start]
2020-11-18T11:06:05.125-0800: 21.604: [CMS-concurrent-mark: 0.001/0.001 secs] [Times: user=0.00 sys=0.00, real=0.00 secs] 
2020-11-18T11:06:05.125-0800: 21.604: [Full GC (System.gc()) 2020-11-18T11:06:05.125-0800: 21.604: [CMS (concurrent mode interrupted): 6846K->6846K(6848K), 0.0034355 secs] 9841K->9817K(9920K), [Metaspace: 4890K->4890K(139264K)], 0.0034769 secs] [Times: user=0.00 sys=0.00, real=0.00 secs] 
2020-11-18T11:06:05.130-0800: 21.609: [Full GC (System.gc()) 2020-11-18T11:06:05.130-0800: 21.609: [CMS: 6846K->6846K(6848K), 0.0041773 secs] 9844K->9819K(9920K), [Metaspace: 4890K->4890K(139264K)], 0.0042469 secs] [Times: user=0.00 sys=0.00, real=0.00 secs] 
2020-11-18T11:06:05.135-0800: 21.613: [GC (CMS Initial Mark) [1 CMS-initial-mark: 6846K(6848K)] 9819K(9920K), 0.0002152 secs] [Times: user=0.00 sys=0.00, real=0.00 secs] 
2020-11-18T11:06:05.135-0800: 21.613: [CMS-concurrent-mark-start]
2020-11-18T11:06:05.136-0800: 21.615: [CMS-concurrent-mark: 0.001/0.001 secs] [Times: user=0.01 sys=0.00, real=0.00 secs] 
2020-11-18T11:06:05.136-0800: 21.615: [Full GC (System.gc()) 2020-11-18T11:06:05.136-0800: 21.615: [CMS (concurrent mode interrupted): 6846K->6846K(6848K), 0.0034997 secs] 9846K->9822K(9920K), [Metaspace: 4890K->4890K(139264K)], 0.0035368 secs] [Times: user=0.00 sys=0.00, real=0.01 secs] 
2020-11-18T11:06:05.141-0800: 21.620: [Full GC (System.gc()) 2020-11-18T11:06:05.141-0800: 21.620: [CMS: 6846K->6846K(6848K), 0.0040910 secs] 9848K->9824K(9920K), [Metaspace: 4890K->4890K(139264K)], 0.0041571 secs] [Times: user=0.00 sys=0.00, real=0.00 secs] 
2020-11-18T11:06:05.145-0800: 21.624: [GC (CMS Initial Mark) [1 CMS-initial-mark: 6846K(6848K)] 9824K(9920K), 0.0002089 secs] [Times: user=0.00 sys=0.00, real=0.00 secs] 
2020-11-18T11:06:05.146-0800: 21.624: [CMS-concurrent-mark-start]
2020-11-18T11:06:05.147-0800: 21.625: [CMS-concurrent-mark: 0.001/0.001 secs] [Times: user=0.01 sys=0.00, real=0.00 secs] 
2020-11-18T11:06:05.147-0800: 21.625: [Full GC (System.gc()) 2020-11-18T11:06:05.147-0800: 21.625: [CMS (concurrent mode interrupted): 6846K->6846K(6848K), 0.0037447 secs] 9851K->9826K(9920K), [Metaspace: 4890K->4890K(139264K)], 0.0037842 secs] [Times: user=0.00 sys=0.00, real=0.01 secs] 
2020-11-18T11:06:05.152-0800: 21.631: [Full GC (System.gc()) 2020-11-18T11:06:05.152-0800: 21.631: [CMS: 6846K->6846K(6848K), 0.0041089 secs] 9853K->9829K(9920K), [Metaspace: 4890K->4890K(139264K)], 0.0041728 secs] [Times: user=0.01 sys=0.00, real=0.00 secs] 
2020-11-18T11:06:05.157-0800: 21.635: [GC (CMS Initial Mark) [1 CMS-initial-mark: 6846K(6848K)] 9829K(9920K), 0.0002437 secs] [Times: user=0.00 sys=0.00, real=0.00 secs] 
2020-11-18T11:06:05.157-0800: 21.635: [CMS-concurrent-mark-start]
2020-11-18T11:06:05.158-0800: 21.636: [Full GC (System.gc()) 2020-11-18T11:06:05.158-0800: 21.636: [CMS2020-11-18T11:06:05.159-0800: 21.638: [CMS-concurrent-mark: 0.001/0.002 secs] [Times: user=0.00 sys=0.00, real=0.00 secs] 
 (concurrent mode interrupted): 6846K->6846K(6848K), 0.0052359 secs] 9856K->9831K(9920K), [Metaspace: 4890K->4890K(139264K)], 0.0052799 secs] [Times: user=0.00 sys=0.00, real=0.01 secs] 
2020-11-18T11:06:05.165-0800: 21.643: [Full GC (System.gc()) 2020-11-18T11:06:05.165-0800: 21.643: [CMS: 6846K->6846K(6848K), 0.0041530 secs] 9858K->9834K(9920K), [Metaspace: 4890K->4890K(139264K)], 0.0042224 secs] [Times: user=0.01 sys=0.00, real=0.00 secs] 
2020-11-18T11:06:05.169-0800: 21.647: [GC (CMS Initial Mark) [1 CMS-initial-mark: 6846K(6848K)] 9834K(9920K), 0.0002012 secs] [Times: user=0.00 sys=0.00, real=0.00 secs] 
2020-11-18T11:06:05.169-0800: 21.648: [CMS-concurrent-mark-start]
2020-11-18T11:06:05.170-0800: 21.649: [CMS-concurrent-mark: 0.001/0.001 secs] [Times: user=0.00 sys=0.00, real=0.01 secs] 
2020-11-18T11:06:05.170-0800: 21.649: [CMS-concurrent-preclean-start]
2020-11-18T11:06:05.170-0800: 21.649: [Full GC (System.gc()) 2020-11-18T11:06:05.170-0800: 21.649: [CMS2020-11-18T11:06:05.171-0800: 21.650: [CMS-concurrent-preclean: 0.001/0.001 secs] [Times: user=0.00 sys=0.00, real=0.00 secs] 
 (concurrent mode interrupted): 6846K->6846K(6848K), 0.0042990 secs] 9861K->9836K(9920K), [Metaspace: 4890K->4890K(139264K)], 0.0043441 secs] [Times: user=0.01 sys=0.00, real=0.00 secs] 
2020-11-18T11:06:05.176-0800: 21.655: [Full GC (System.gc()) 2020-11-18T11:06:05.176-0800: 21.655: [CMS: 6846K->6846K(6848K), 0.0040671 secs] 9863K->9839K(9920K), [Metaspace: 4890K->4890K(139264K)], 0.0041365 secs] [Times: user=0.00 sys=0.00, real=0.01 secs] 
2020-11-18T11:06:05.181-0800: 21.659: [GC (CMS Initial Mark) [1 CMS-initial-mark: 6846K(6848K)] 9839K(9920K), 0.0001948 secs] [Times: user=0.00 sys=0.00, real=0.00 secs] 
2020-11-18T11:06:05.181-0800: 21.659: [CMS-concurrent-mark-start]
2020-11-18T11:06:05.182-0800: 21.661: [CMS-concurrent-mark: 0.001/0.001 secs] [Times: user=0.01 sys=0.00, real=0.00 secs] 
2020-11-18T11:06:05.182-0800: 21.661: [Full GC (System.gc()) 2020-11-18T11:06:05.182-0800: 21.661: [CMS (concurrent mode interrupted): 6846K->6846K(6848K), 0.0034543 secs] 9865K->9841K(9920K), [Metaspace: 4890K->4890K(139264K)], 0.0034912 secs] [Times: user=0.00 sys=0.00, real=0.00 secs] 
2020-11-18T11:06:05.187-0800: 21.666: [Full GC (System.gc()) 2020-11-18T11:06:05.187-0800: 21.666: [CMS: 6846K->6846K(6848K), 0.0040173 secs] 9868K->9843K(9920K), [Metaspace: 4890K->4890K(139264K)], 0.0040884 secs] [Times: user=0.00 sys=0.00, real=0.01 secs] 
2020-11-18T11:06:05.191-0800: 21.670: [GC (CMS Initial Mark) [1 CMS-initial-mark: 6846K(6848K)] 9843K(9920K), 0.0002515 secs] [Times: user=0.00 sys=0.00, real=0.00 secs] 
2020-11-18T11:06:05.192-0800: 21.670: [CMS-concurrent-mark-start]
2020-11-18T11:06:05.193-0800: 21.671: [Full GC (System.gc()) 2020-11-18T11:06:05.193-0800: 21.671: [CMS2020-11-18T11:06:05.194-0800: 21.673: [CMS-concurrent-mark: 0.001/0.003 secs] [Times: user=0.01 sys=0.00, real=0.00 secs] 
 (concurrent mode interrupted): 6846K->6846K(6848K), 0.0054930 secs] 9870K->9846K(9920K), [Metaspace: 4890K->4890K(139264K)], 0.0055436 secs] [Times: user=0.00 sys=0.00, real=0.00 secs] 
2020-11-18T11:06:05.200-0800: 21.678: [Full GC (System.gc()) 2020-11-18T11:06:05.200-0800: 21.679: [CMS: 6846K->6846K(6848K), 0.0041857 secs] 9873K->9848K(9920K), [Metaspace: 4890K->4890K(139264K)], 0.0042542 secs] [Times: user=0.01 sys=0.00, real=0.00 secs] 
2020-11-18T11:06:05.204-0800: 21.683: [GC (CMS Initial Mark) [1 CMS-initial-mark: 6846K(6848K)] 9848K(9920K), 0.0002425 secs] [Times: user=0.00 sys=0.00, real=0.00 secs] 
2020-11-18T11:06:05.205-0800: 21.683: [CMS-concurrent-mark-start]
2020-11-18T11:06:05.206-0800: 21.684: [Full GC (System.gc()) 2020-11-18T11:06:05.206-0800: 21.684: [CMS2020-11-18T11:06:05.207-0800: 21.686: [CMS-concurrent-mark: 0.001/0.002 secs] [Times: user=0.00 sys=0.00, real=0.00 secs] 
 (concurrent mode interrupted): 6846K->6846K(6848K), 0.0054438 secs] 9875K->9851K(9920K), [Metaspace: 4890K->4890K(139264K)], 0.0054955 secs] [Times: user=0.00 sys=0.00, real=0.01 secs] 
2020-11-18T11:06:05.213-0800: 21.691: [Full GC (System.gc()) 2020-11-18T11:06:05.213-0800: 21.691: [CMS: 6846K->6846K(6848K), 0.0041505 secs] 9877K->9853K(9920K), [Metaspace: 4890K->4890K(139264K)], 0.0042226 secs] [Times: user=0.01 sys=0.00, real=0.00 secs] 
2020-11-18T11:06:05.217-0800: 21.696: [GC (CMS Initial Mark) [1 CMS-initial-mark: 6846K(6848K)] 9853K(9920K), 0.0002373 secs] [Times: user=0.00 sys=0.00, real=0.00 secs] 
2020-11-18T11:06:05.218-0800: 21.696: [CMS-concurrent-mark-start]
2020-11-18T11:06:05.218-0800: 21.697: [Full GC (System.gc()) 2020-11-18T11:06:05.218-0800: 21.697: [CMS2020-11-18T11:06:05.220-0800: 21.699: [CMS-concurrent-mark: 0.001/0.003 secs] [Times: user=0.00 sys=0.00, real=0.01 secs] 
 (concurrent mode interrupted): 6846K->6846K(6848K), 0.0061191 secs] 9880K->9855K(9920K), [Metaspace: 4890K->4890K(139264K)], 0.0061707 secs] [Times: user=0.01 sys=0.00, real=0.01 secs] 
2020-11-18T11:06:05.226-0800: 21.705: [Full GC (System.gc()) 2020-11-18T11:06:05.226-0800: 21.705: [CMS: 6846K->6846K(6848K), 0.0042639 secs] 9882K->9858K(9920K), [Metaspace: 4890K->4890K(139264K)], 0.0043308 secs] [Times: user=0.00 sys=0.00, real=0.01 secs] 
2020-11-18T11:06:05.231-0800: 21.709: [GC (CMS Initial Mark) [1 CMS-initial-mark: 6846K(6848K)] 9858K(9920K), 0.0001806 secs] [Times: user=0.00 sys=0.00, real=0.00 secs] 
2020-11-18T11:06:05.231-0800: 21.709: [CMS-concurrent-mark-start]
2020-11-18T11:06:05.232-0800: 21.710: [CMS-concurrent-mark: 0.001/0.001 secs] [Times: user=0.00 sys=0.00, real=0.00 secs] 
2020-11-18T11:06:05.232-0800: 21.710: [CMS-concurrent-preclean-start]
2020-11-18T11:06:05.232-0800: 21.711: [Full GC (System.gc()) 2020-11-18T11:06:05.232-0800: 21.711: [CMS2020-11-18T11:06:05.233-0800: 21.711: [CMS-concurrent-preclean: 0.001/0.001 secs] [Times: user=0.01 sys=0.00, real=0.00 secs] 
 (concurrent mode interrupted): 6846K->6846K(6848K), 0.0046480 secs] 9885K->9860K(9920K), [Metaspace: 4890K->4890K(139264K)], 0.0047008 secs] [Times: user=0.00 sys=0.00, real=0.00 secs] 
2020-11-18T11:06:05.239-0800: 21.717: [Full GC (System.gc()) 2020-11-18T11:06:05.239-0800: 21.717: [CMS: 6846K->6846K(6848K), 0.0048008 secs] 9887K->9863K(9920K), [Metaspace: 4890K->4890K(139264K)], 0.0048810 secs] [Times: user=0.00 sys=0.00, real=0.01 secs] 
2020-11-18T11:06:05.244-0800: 21.722: [GC (CMS Initial Mark) [1 CMS-initial-mark: 6846K(6848K)] 9863K(9920K), 0.0002457 secs] [Times: user=0.01 sys=0.00, real=0.00 secs] 
2020-11-18T11:06:05.244-0800: 21.723: [CMS-concurrent-mark-start]
2020-11-18T11:06:05.245-0800: 21.724: [CMS-concurrent-mark: 0.001/0.001 secs] [Times: user=0.00 sys=0.00, real=0.00 secs] 
2020-11-18T11:06:05.245-0800: 21.724: [Full GC (System.gc()) 2020-11-18T11:06:05.245-0800: 21.724: [CMS (concurrent mode interrupted): 6846K->6846K(6848K), 0.0046584 secs] 9890K->9865K(9920K), [Metaspace: 4890K->4890K(139264K)], 0.0047171 secs] [Times: user=0.00 sys=0.00, real=0.01 secs] 
2020-11-18T11:06:05.251-0800: 21.730: [Full GC (System.gc()) 2020-11-18T11:06:05.251-0800: 21.730: [CMS: 6846K->6846K(6848K), 0.0047757 secs] 9892K->9867K(9920K), [Metaspace: 4890K->4890K(139264K)], 0.0048379 secs] [Times: user=0.01 sys=0.00, real=0.00 secs] 
2020-11-18T11:06:05.256-0800: 21.735: [GC (CMS Initial Mark) [1 CMS-initial-mark: 6846K(6848K)] 9867K(9920K), 0.0002019 secs] [Times: user=0.00 sys=0.00, real=0.00 secs] 
2020-11-18T11:06:05.257-0800: 21.735: [CMS-concurrent-mark-start]
2020-11-18T11:06:05.258-0800: 21.736: [Full GC (System.gc()) 2020-11-18T11:06:05.258-0800: 21.736: [CMS2020-11-18T11:06:05.259-0800: 21.737: [CMS-concurrent-mark: 0.001/0.002 secs] [Times: user=0.00 sys=0.00, real=0.00 secs] 
 (concurrent mode interrupted): 6846K->6846K(6848K), 0.0058970 secs] 9894K->9870K(9920K), [Metaspace: 4890K->4890K(139264K)], 0.0059536 secs] [Times: user=0.01 sys=0.00, real=0.01 secs] 
2020-11-18T11:06:05.265-0800: 21.744: [Full GC (System.gc()) 2020-11-18T11:06:05.265-0800: 21.744: [CMS: 6846K->6846K(6848K), 0.0039231 secs] 9897K->9872K(9920K), [Metaspace: 4890K->4890K(139264K)], 0.0039699 secs] [Times: user=0.00 sys=0.00, real=0.00 secs] 
2020-11-18T11:06:05.269-0800: 21.748: [GC (CMS Initial Mark) [1 CMS-initial-mark: 6846K(6848K)] 9872K(9920K), 0.0002249 secs] [Times: user=0.00 sys=0.00, real=0.00 secs] 
2020-11-18T11:06:05.269-0800: 21.748: [CMS-concurrent-mark-start]
2020-11-18T11:06:05.271-0800: 21.749: [Full GC (System.gc()) 2020-11-18T11:06:05.271-0800: 21.749: [CMS2020-11-18T11:06:05.272-0800: 21.751: [CMS-concurrent-mark: 0.002/0.003 secs] [Times: user=0.01 sys=0.00, real=0.01 secs] 
 (concurrent mode interrupted): 6846K->6846K(6848K), 0.0057839 secs] 9899K->9875K(9920K), [Metaspace: 4890K->4890K(139264K)], 0.0058363 secs] [Times: user=0.01 sys=0.00, real=0.00 secs] 
2020-11-18T11:06:05.279-0800: 21.757: [Full GC (System.gc()) 2020-11-18T11:06:05.279-0800: 21.757: [CMS: 6846K->6846K(6848K), 0.0042504 secs] 9902K->9877K(9920K), [Metaspace: 4890K->4890K(139264K)], 0.0043214 secs] [Times: user=0.00 sys=0.00, real=0.01 secs] 
2020-11-18T11:06:05.283-0800: 21.761: [GC (CMS Initial Mark) [1 CMS-initial-mark: 6846K(6848K)] 9877K(9920K), 0.0001955 secs] [Times: user=0.00 sys=0.00, real=0.00 secs] 
2020-11-18T11:06:05.283-0800: 21.762: [CMS-concurrent-mark-start]
2020-11-18T11:06:05.285-0800: 21.763: [CMS-concurrent-mark: 0.001/0.001 secs] [Times: user=0.01 sys=0.00, real=0.00 secs] 
2020-11-18T11:06:05.285-0800: 21.763: [Full GC (System.gc()) 2020-11-18T11:06:05.285-0800: 21.763: [CMS (concurrent mode interrupted): 6846K->6846K(6848K), 0.0044391 secs] 9904K->9880K(9920K), [Metaspace: 4890K->4890K(139264K)], 0.0044906 secs] [Times: user=0.00 sys=0.00, real=0.00 secs] 
2020-11-18T11:06:05.291-0800: 21.769: [Full GC (System.gc()) 2020-11-18T11:06:05.291-0800: 21.769: [CMS: 6846K->6846K(6848K), 0.0049416 secs] 9906K->9882K(9920K), [Metaspace: 4890K->4890K(139264K)], 0.0050204 secs] [Times: user=0.01 sys=0.00, real=0.00 secs] 
2020-11-18T11:06:05.296-0800: 21.774: [GC (CMS Initial Mark) [1 CMS-initial-mark: 6846K(6848K)] 9882K(9920K), 0.0002134 secs] [Times: user=0.00 sys=0.00, real=0.00 secs] 
2020-11-18T11:06:05.296-0800: 21.775: [CMS-concurrent-mark-start]
2020-11-18T11:06:05.297-0800: 21.776: [Full GC (System.gc()) 2020-11-18T11:06:05.297-0800: 21.776: [CMS2020-11-18T11:06:05.299-0800: 21.777: [CMS-concurrent-mark: 0.001/0.003 secs] [Times: user=0.00 sys=0.00, real=0.00 secs] 
 (concurrent mode interrupted): 6846K->6846K(6848K), 0.0057085 secs] 9909K->9884K(9920K), [Metaspace: 4890K->4890K(139264K)], 0.0057641 secs] [Times: user=0.01 sys=0.00, real=0.01 secs] 
2020-11-18T11:06:05.305-0800: 21.783: [Full GC (System.gc()) 2020-11-18T11:06:05.305-0800: 21.783: [CMS: 6846K->6846K(6848K), 0.0039207 secs] 9911K->9887K(9920K), [Metaspace: 4890K->4890K(139264K)], 0.0039640 secs] [Times: user=0.00 sys=0.00, real=0.00 secs] 
2020-11-18T11:06:05.309-0800: 21.787: [GC (CMS Initial Mark) [1 CMS-initial-mark: 6846K(6848K)] 9887K(9920K), 0.0001939 secs] [Times: user=0.00 sys=0.00, real=0.00 secs] 
2020-11-18T11:06:05.309-0800: 21.787: [CMS-concurrent-mark-start]
2020-11-18T11:06:05.310-0800: 21.789: [Full GC (System.gc()) 2020-11-18T11:06:05.310-0800: 21.789: [CMS2020-11-18T11:06:05.312-0800: 21.790: [CMS-concurrent-mark: 0.002/0.003 secs] [Times: user=0.00 sys=0.00, real=0.01 secs] 
 (concurrent mode interrupted): 6846K->6846K(6848K), 0.0056936 secs] 9914K->9889K(9920K), [Metaspace: 4890K->4890K(139264K)], 0.0057564 secs] [Times: user=0.01 sys=0.00, real=0.00 secs] 
2020-11-18T11:06:05.317-0800: 21.796: [Full GC (System.gc()) 2020-11-18T11:06:05.317-0800: 21.796: [CMS: 6846K->6846K(6848K), 0.0045433 secs] 9916K->9892K(9920K), [Metaspace: 4890K->4890K(139264K)], 0.0045972 secs] [Times: user=0.00 sys=0.00, real=0.01 secs] 
2020-11-18T11:06:05.322-0800: 21.801: [GC (CMS Initial Mark) [1 CMS-initial-mark: 6846K(6848K)] 9892K(9920K), 0.0002301 secs] [Times: user=0.00 sys=0.00, real=0.00 secs] 
2020-11-18T11:06:05.322-0800: 21.801: [CMS-concurrent-mark-start]
2020-11-18T11:06:05.324-0800: 21.802: [CMS-concurrent-mark: 0.001/0.001 secs] [Times: user=0.01 sys=0.00, real=0.00 secs] 
2020-11-18T11:06:05.324-0800: 21.802: [CMS-concurrent-preclean-start]
2020-11-18T11:06:05.324-0800: 21.802: [Full GC (System.gc()) 2020-11-18T11:06:05.324-0800: 21.802: [CMS2020-11-18T11:06:05.325-0800: 21.803: [CMS-concurrent-preclean: 0.001/0.001 secs] [Times: user=0.00 sys=0.00, real=0.00 secs] 
 (concurrent mode interrupted): 6847K->6846K(6848K), 0.0053971 secs] 9918K->9894K(9920K), [Metaspace: 4890K->4890K(139264K)], 0.0054586 secs] [Times: user=0.00 sys=0.00, real=0.00 secs] 
2020-11-18T11:06:05.331-0800: 21.809: [Full GC (Allocation Failure) 2020-11-18T11:06:05.331-0800: 21.809: [CMS: 6847K->6846K(6848K), 0.0048166 secs] 9919K->9897K(9920K), [Metaspace: 4890K->4890K(139264K)], 0.0048805 secs] [Times: user=0.01 sys=0.00, real=0.00 secs] 
2020-11-18T11:06:05.336-0800: 21.814: [GC (CMS Initial Mark) [1 CMS-initial-mark: 6846K(6848K)] 9897K(9920K), 0.0002120 secs] [Times: user=0.00 sys=0.00, real=0.00 secs] 
2020-11-18T11:06:05.336-0800: 21.814: [CMS-concurrent-mark-start]
2020-11-18T11:06:05.336-0800: 21.815: [Full GC (System.gc()) 2020-11-18T11:06:05.336-0800: 21.815: [CMS2020-11-18T11:06:05.338-0800: 21.817: [CMS-concurrent-mark: 0.001/0.002 secs] [Times: user=0.00 sys=0.00, real=0.00 secs] 
 (concurrent mode interrupted): 6846K->6846K(6848K), 0.0074305 secs] 9898K->9896K(9920K), [Metaspace: 4890K->4890K(139264K)], 0.0074914 secs] [Times: user=0.01 sys=0.00, real=0.01 secs] 
2020-11-18T11:06:05.345-0800: 21.824: [Full GC (Allocation Failure) 2020-11-18T11:06:05.345-0800: 21.824: [CMS: 6846K->6846K(6848K), 0.0043954 secs] 9918K->9898K(9920K), [Metaspace: 4890K->4890K(139264K)], 0.0044933 secs] [Times: user=0.00 sys=0.00, real=0.01 secs] 
2020-11-18T11:06:05.350-0800: 21.828: [GC (CMS Initial Mark) [1 CMS-initial-mark: 6846K(6848K)] 9900K(9920K), 0.0005080 secs] [Times: user=0.00 sys=0.00, real=0.00 secs] 
2020-11-18T11:06:05.350-0800: 21.829: [CMS-concurrent-mark-start]
2020-11-18T11:06:05.351-0800: 21.829: [Full GC (System.gc()) 2020-11-18T11:06:05.351-0800: 21.829: [CMS2020-11-18T11:06:05.353-0800: 21.832: [CMS-concurrent-mark: 0.002/0.003 secs] [Times: user=0.01 sys=0.00, real=0.00 secs] 
 (concurrent mode interrupted): 6846K->6846K(6848K), 0.0070144 secs] 9903K->9899K(9920K), [Metaspace: 4890K->4890K(139264K)], 0.0071071 secs] [Times: user=0.01 sys=0.00, real=0.00 secs] 
2020-11-18T11:06:05.359-0800: 21.837: [Full GC (Allocation Failure) 2020-11-18T11:06:05.359-0800: 21.837: [CMS: 6847K->6846K(6848K), 0.0041112 secs] 9919K->9900K(9920K), [Metaspace: 4890K->4890K(139264K)], 0.0041646 secs] [Times: user=0.00 sys=0.00, real=0.01 secs] 
2020-11-18T11:06:05.363-0800: 21.842: [GC (CMS Initial Mark) [1 CMS-initial-mark: 6846K(6848K)] 9904K(9920K), 0.0002031 secs] [Times: user=0.00 sys=0.00, real=0.00 secs] 
2020-11-18T11:06:05.364-0800: 21.842: [CMS-concurrent-mark-start]
2020-11-18T11:06:05.364-0800: 21.842: [Full GC (System.gc()) 2020-11-18T11:06:05.364-0800: 21.842: [CMS2020-11-18T11:06:05.367-0800: 21.845: [CMS-concurrent-mark: 0.002/0.003 secs] [Times: user=0.01 sys=0.00, real=0.00 secs] 
 (concurrent mode interrupted): 6846K->6846K(6848K), 0.0072067 secs] 9907K->9901K(9920K), [Metaspace: 4890K->4890K(139264K)], 0.0072599 secs] [Times: user=0.01 sys=0.00, real=0.01 secs] 
2020-11-18T11:06:05.373-0800: 21.851: [Full GC (Allocation Failure) 2020-11-18T11:06:05.373-0800: 21.851: [CMS: 6848K->6846K(6848K), 0.0051294 secs] 9919K->9903K(9920K), [Metaspace: 4890K->4890K(139264K)], 0.0052100 secs] [Times: user=0.01 sys=0.00, real=0.00 secs] 
2020-11-18T11:06:05.378-0800: 21.856: [GC (CMS Initial Mark) [1 CMS-initial-mark: 6846K(6848K)] 9903K(9920K), 0.0002369 secs] [Times: user=0.00 sys=0.00, real=0.00 secs] 
2020-11-18T11:06:05.378-0800: 21.857: [CMS-concurrent-mark-start]
2020-11-18T11:06:05.378-0800: 21.857: [Full GC (System.gc()) 2020-11-18T11:06:05.378-0800: 21.857: [CMS2020-11-18T11:06:05.381-0800: 21.859: [CMS-concurrent-mark: 0.001/0.002 secs] [Times: user=0.00 sys=0.00, real=0.01 secs] 
 (concurrent mode interrupted): 6846K->6846K(6848K), 0.0071082 secs] 9911K->9904K(9920K), [Metaspace: 4890K->4890K(139264K)], 0.0071658 secs] [Times: user=0.01 sys=0.00, real=0.01 secs] 
2020-11-18T11:06:05.387-0800: 21.865: [Full GC (Allocation Failure) 2020-11-18T11:06:05.387-0800: 21.865: [CMS: 6847K->6846K(6848K), 0.0049141 secs] 9919K->9905K(9920K), [Metaspace: 4890K->4890K(139264K)], 0.0049894 secs] [Times: user=0.00 sys=0.00, real=0.01 secs] 
2020-11-18T11:06:05.392-0800: 21.871: [GC (CMS Initial Mark) [1 CMS-initial-mark: 6846K(6848K)] 9905K(9920K), 0.0002157 secs] [Times: user=0.00 sys=0.01, real=0.00 secs] 
2020-11-18T11:06:05.392-0800: 21.871: [CMS-concurrent-mark-start]
2020-11-18T11:06:05.392-0800: 21.871: [Full GC (System.gc()) 2020-11-18T11:06:05.393-0800: 21.871: [CMS2020-11-18T11:06:05.395-0800: 21.873: [CMS-concurrent-mark: 0.001/0.003 secs] [Times: user=0.01 sys=0.00, real=0.00 secs] 
 (concurrent mode interrupted): 6846K->6846K(6848K), 0.0070144 secs] 9916K->9906K(9920K), [Metaspace: 4890K->4890K(139264K)], 0.0070716 secs] [Times: user=0.01 sys=0.00, real=0.01 secs] 
2020-11-18T11:06:05.401-0800: 21.880: [Full GC (Allocation Failure) 2020-11-18T11:06:05.401-0800: 21.880: [CMS: 6847K->6847K(6848K), 0.0042915 secs] 9919K->9908K(9920K), [Metaspace: 4890K->4890K(139264K)], 0.0043603 secs] [Times: user=0.01 sys=0.00, real=0.00 secs] 
2020-11-18T11:06:05.406-0800: 21.884: [GC (CMS Initial Mark) [1 CMS-initial-mark: 6847K(6848K)] 9909K(9920K), 0.0002927 secs] [Times: user=0.00 sys=0.00, real=0.00 secs] 
2020-11-18T11:06:05.406-0800: 21.884: [CMS-concurrent-mark-start]
2020-11-18T11:06:05.406-0800: 21.885: [Full GC (Allocation Failure) 2020-11-18T11:06:05.406-0800: 21.885: [CMS2020-11-18T11:06:05.409-0800: 21.887: [CMS-concurrent-mark: 0.002/0.003 secs] [Times: user=0.00 sys=0.00, real=0.00 secs] 
 (concurrent mode failure): 6847K->6846K(6848K), 0.0065541 secs] 9919K->9909K(9920K), [Metaspace: 4890K->4890K(139264K)], 0.0066025 secs] [Times: user=0.00 sys=0.00, real=0.01 secs] 
2020-11-18T11:06:05.413-0800: 21.892: [Full GC (System.gc()) 2020-11-18T11:06:05.413-0800: 21.892: [CMS: 6846K->6846K(6848K), 0.0045059 secs] 9910K->9909K(9920K), [Metaspace: 4890K->4890K(139264K)], 0.0045640 secs] [Times: user=0.01 sys=0.00, real=0.00 secs] 
2020-11-18T11:06:05.418-0800: 21.896: [GC (CMS Initial Mark) [1 CMS-initial-mark: 6846K(6848K)] 9909K(9920K), 0.0002430 secs] [Times: user=0.00 sys=0.00, real=0.00 secs] 
2020-11-18T11:06:05.418-0800: 21.896: [CMS-concurrent-mark-start]
2020-11-18T11:06:05.419-0800: 21.897: [Full GC (Allocation Failure) 2020-11-18T11:06:05.419-0800: 21.898: [CMS2020-11-18T11:06:05.421-0800: 21.899: [CMS-concurrent-mark: 0.001/0.003 secs] [Times: user=0.00 sys=0.00, real=0.01 secs] 
 (concurrent mode failure): 6847K->6846K(6848K), 0.0065956 secs] 9919K->9909K(9920K), [Metaspace: 4890K->4890K(139264K)], 0.0066566 secs] [Times: user=0.01 sys=0.00, real=0.01 secs] 
2020-11-18T11:06:05.426-0800: 21.904: [Full GC (Allocation Failure) 2020-11-18T11:06:05.426-0800: 21.904: [CMS: 6847K->6846K(6848K), 0.0036357 secs] 9919K->9910K(9920K), [Metaspace: 4890K->4890K(139264K)], 0.0037054 secs] [Times: user=0.00 sys=0.00, real=0.01 secs] 
2020-11-18T11:06:05.430-0800: 21.908: [GC (CMS Initial Mark) [1 CMS-initial-mark: 6846K(6848K)] 9910K(9920K), 0.0004647 secs] [Times: user=0.00 sys=0.00, real=0.00 secs] 
2020-11-18T11:06:05.430-0800: 21.909: [CMS-concurrent-mark-start]
2020-11-18T11:06:05.431-0800: 21.909: [Full GC (System.gc()) 2020-11-18T11:06:05.431-0800: 21.909: [CMS2020-11-18T11:06:05.433-0800: 21.912: [CMS-concurrent-mark: 0.002/0.003 secs] [Times: user=0.01 sys=0.00, real=0.00 secs] 
 (concurrent mode interrupted): 6846K->6846K(6848K), 0.0082396 secs] 9916K->9911K(9920K), [Metaspace: 4890K->4890K(139264K)], 0.0083038 secs] [Times: user=0.01 sys=0.00, real=0.00 secs] 
2020-11-18T11:06:05.440-0800: 21.919: [Full GC (Allocation Failure) 2020-11-18T11:06:05.440-0800: 21.919: [CMS: 6847K->6847K(6848K), 0.0041249 secs] 9919K->9912K(9920K), [Metaspace: 4890K->4890K(139264K)], 0.0041866 secs] [Times: user=0.01 sys=0.00, real=0.00 secs] 
2020-11-18T11:06:05.445-0800: 21.923: [GC (CMS Initial Mark) [1 CMS-initial-mark: 6847K(6848K)] 9914K(9920K), 0.0001990 secs] [Times: user=0.00 sys=0.00, real=0.00 secs] 
2020-11-18T11:06:05.445-0800: 21.923: [CMS-concurrent-mark-start]
2020-11-18T11:06:05.445-0800: 21.923: [Full GC (Allocation Failure) 2020-11-18T11:06:05.445-0800: 21.923: [CMS2020-11-18T11:06:05.448-0800: 21.926: [CMS-concurrent-mark: 0.002/0.003 secs] [Times: user=0.00 sys=0.00, real=0.00 secs] 
 (concurrent mode failure): 6847K->6846K(6848K), 0.0066166 secs] 9919K->9912K(9920K), [Metaspace: 4890K->4890K(139264K)], 0.0066602 secs] [Times: user=0.00 sys=0.00, real=0.01 secs] 
2020-11-18T11:06:05.452-0800: 21.930: [Full GC (Allocation Failure) 2020-11-18T11:06:05.452-0800: 21.930: [CMS: 6846K->6846K(6848K), 0.0044931 secs] 9917K->9912K(9920K), [Metaspace: 4890K->4890K(139264K)], 0.0045520 secs] [Times: user=0.01 sys=0.00, real=0.00 secs] 
2020-11-18T11:06:05.457-0800: 21.935: [GC (CMS Initial Mark) [1 CMS-initial-mark: 6846K(6848K)] 9916K(9920K), 0.0002213 secs] [Times: user=0.00 sys=0.00, real=0.00 secs] 
2020-11-18T11:06:05.457-0800: 21.935: [CMS-concurrent-mark-start]
2020-11-18T11:06:05.457-0800: 21.935: [Full GC (System.gc()) 2020-11-18T11:06:05.457-0800: 21.935: [CMS2020-11-18T11:06:05.459-0800: 21.938: [CMS-concurrent-mark: 0.001/0.003 secs] [Times: user=0.00 sys=0.00, real=0.00 secs] 
 (concurrent mode interrupted): 6846K->6846K(6848K), 0.0067382 secs] 9918K->9913K(9920K), [Metaspace: 4890K->4890K(139264K)], 0.0067926 secs] [Times: user=0.01 sys=0.00, real=0.01 secs] 
2020-11-18T11:06:05.465-0800: 21.944: [Full GC (Allocation Failure) 2020-11-18T11:06:05.465-0800: 21.944: [CMS: 6847K->6846K(6848K), 0.0043706 secs] 9919K->9914K(9920K), [Metaspace: 4890K->4890K(139264K)], 0.0044439 secs] [Times: user=0.00 sys=0.00, real=0.01 secs] 
2020-11-18T11:06:05.470-0800: 21.948: [GC (CMS Initial Mark) [1 CMS-initial-mark: 6846K(6848K)] 9914K(9920K), 0.0003586 secs] [Times: user=0.00 sys=0.00, real=0.00 secs] 
2020-11-18T11:06:05.470-0800: 21.949: [CMS-concurrent-mark-start]
2020-11-18T11:06:05.470-0800: 21.949: [Full GC (Allocation Failure) 2020-11-18T11:06:05.470-0800: 21.949: [CMS2020-11-18T11:06:05.473-0800: 21.951: [CMS-concurrent-mark: 0.001/0.003 secs] [Times: user=0.01 sys=0.00, real=0.00 secs] 
 (concurrent mode failure): 6847K->6846K(6848K), 0.0063994 secs] 9919K->9914K(9920K), [Metaspace: 4890K->4890K(139264K)], 0.0064532 secs] [Times: user=0.01 sys=0.00, real=0.00 secs] 
2020-11-18T11:06:05.477-0800: 21.955: [Full GC (Allocation Failure) 2020-11-18T11:06:05.477-0800: 21.955: [CMS: 6847K->6846K(6848K), 0.0045634 secs] 9919K->9915K(9920K), [Metaspace: 4890K->4890K(139264K)], 0.0046163 secs] [Times: user=0.00 sys=0.00, real=0.01 secs] 
2020-11-18T11:06:05.482-0800: 21.960: [GC (CMS Initial Mark) [1 CMS-initial-mark: 6846K(6848K)] 9918K(9920K), 0.0002041 secs] [Times: user=0.01 sys=0.00, real=0.00 secs] 
2020-11-18T11:06:05.482-0800: 21.960: [CMS-concurrent-mark-start]
2020-11-18T11:06:05.482-0800: 21.961: [Full GC (Allocation Failure) 2020-11-18T11:06:05.482-0800: 21.961: [CMS2020-11-18T11:06:05.485-0800: 21.963: [CMS-concurrent-mark: 0.001/0.003 secs] [Times: user=0.00 sys=0.00, real=0.00 secs] 
 (concurrent mode failure): 6847K->6846K(6848K), 0.0071035 secs] 9919K->9915K(9920K), [Metaspace: 4890K->4890K(139264K)], 0.0071608 secs] [Times: user=0.00 sys=0.00, real=0.00 secs] 
2020-11-18T11:06:05.490-0800: 21.968: [Full GC (Allocation Failure) 2020-11-18T11:06:05.490-0800: 21.968: [CMS: 6847K->6846K(6848K), 0.0036360 secs] 9919K->9916K(9920K), [Metaspace: 4890K->4890K(139264K)], 0.0036747 secs] [Times: user=0.01 sys=0.00, real=0.00 secs] 
2020-11-18T11:06:05.493-0800: 21.972: [GC (CMS Initial Mark) [1 CMS-initial-mark: 6846K(6848K)] 9916K(9920K), 0.0002445 secs] [Times: user=0.00 sys=0.00, real=0.00 secs] 
2020-11-18T11:06:05.494-0800: 21.972: [CMS-concurrent-mark-start]
2020-11-18T11:06:05.494-0800: 21.972: [Full GC (System.gc()) 2020-11-18T11:06:05.494-0800: 21.972: [CMS2020-11-18T11:06:05.496-0800: 21.975: [CMS-concurrent-mark: 0.002/0.003 secs] [Times: user=0.00 sys=0.00, real=0.00 secs] 
 (concurrent mode interrupted): 6846K->6846K(6848K), 0.0063105 secs] 9917K->9916K(9920K), [Metaspace: 4890K->4890K(139264K)], 0.0063537 secs] [Times: user=0.01 sys=0.00, real=0.01 secs] 
2020-11-18T11:06:05.502-0800: 21.980: [Full GC (Allocation Failure) 2020-11-18T11:06:05.502-0800: 21.980: [CMS: 6847K->6846K(6848K), 0.0047833 secs] 9919K->9916K(9920K), [Metaspace: 4890K->4890K(139264K)], 0.0048632 secs] [Times: user=0.00 sys=0.00, real=0.00 secs] 
2020-11-18T11:06:05.506-0800: 21.985: [GC (CMS Initial Mark) [1 CMS-initial-mark: 6846K(6848K)] 9916K(9920K), 0.0002061 secs] [Times: user=0.00 sys=0.00, real=0.00 secs] 
2020-11-18T11:06:05.507-0800: 21.985: [CMS-concurrent-mark-start]
2020-11-18T11:06:05.507-0800: 21.985: [Full GC (Allocation Failure) 2020-11-18T11:06:05.507-0800: 21.985: [CMS2020-11-18T11:06:05.509-0800: 21.988: [CMS-concurrent-mark: 0.001/0.002 secs] [Times: user=0.00 sys=0.00, real=0.00 secs] 
 (concurrent mode failure): 6847K->6847K(6848K), 0.0073166 secs] 9919K->9917K(9920K), [Metaspace: 4890K->4890K(139264K)], 0.0073708 secs] [Times: user=0.01 sys=0.00, real=0.01 secs] 
2020-11-18T11:06:05.514-0800: 21.993: [Full GC (Allocation Failure) 2020-11-18T11:06:05.514-0800: 21.993: [CMS: 6847K->6847K(6848K), 0.0037673 secs] 9919K->9917K(9920K), [Metaspace: 4890K->4890K(139264K)], 0.0038154 secs] [Times: user=0.00 sys=0.00, real=0.00 secs] 
2020-11-18T11:06:05.519-0800: 21.997: [GC (CMS Initial Mark) [1 CMS-initial-mark: 6847K(6848K)] 9917K(9920K), 0.0003131 secs] [Times: user=0.00 sys=0.00, real=0.00 secs] 
2020-11-18T11:06:05.519-0800: 21.997: [CMS-concurrent-mark-start]
2020-11-18T11:06:05.519-0800: 21.997: [Full GC (Allocation Failure) 2020-11-18T11:06:05.519-0800: 21.997: [CMS2020-11-18T11:06:05.522-0800: 22.000: [CMS-concurrent-mark: 0.001/0.003 secs] [Times: user=0.01 sys=0.00, real=0.01 secs] 
 (concurrent mode failure): 6847K->6846K(6848K), 0.0064035 secs] 9918K->9917K(9920K), [Metaspace: 4890K->4890K(139264K)], 0.0064487 secs] [Times: user=0.01 sys=0.00, real=0.01 secs] 
2020-11-18T11:06:05.526-0800: 22.004: [Full GC (Allocation Failure) 2020-11-18T11:06:05.526-0800: 22.004: [CMS: 6848K->6846K(6848K), 0.0043998 secs] 9919K->9917K(9920K), [Metaspace: 4890K->4890K(139264K)], 0.0044591 secs] [Times: user=0.01 sys=0.00, real=0.01 secs] 
2020-11-18T11:06:05.530-0800: 22.009: [GC (CMS Initial Mark) [1 CMS-initial-mark: 6846K(6848K)] 9918K(9920K), 0.0002064 secs] [Times: user=0.00 sys=0.00, real=0.00 secs] 
2020-11-18T11:06:05.531-0800: 22.009: [CMS-concurrent-mark-start]
2020-11-18T11:06:05.531-0800: 22.009: [Full GC (Allocation Failure) 2020-11-18T11:06:05.531-0800: 22.009: [CMS2020-11-18T11:06:05.533-0800: 22.012: [CMS-concurrent-mark: 0.002/0.003 secs] [Times: user=0.00 sys=0.00, real=0.00 secs] 
 (concurrent mode failure): 6847K->6846K(6848K), 0.0074264 secs] 9919K->9917K(9920K), [Metaspace: 4890K->4890K(139264K)], 0.0074827 secs] [Times: user=0.00 sys=0.00, real=0.00 secs] 
2020-11-18T11:06:05.538-0800: 22.017: [Full GC (Allocation Failure) 2020-11-18T11:06:05.538-0800: 22.017: [CMS: 6847K->6846K(6848K), 0.0040081 secs] 9919K->9917K(9920K), [Metaspace: 4890K->4890K(139264K)], 0.0040641 secs] [Times: user=0.01 sys=0.00, real=0.01 secs] 
2020-11-18T11:06:05.542-0800: 22.021: [GC (CMS Initial Mark) [1 CMS-initial-mark: 6846K(6848K)] 9917K(9920K), 0.0002321 secs] [Times: user=0.00 sys=0.00, real=0.00 secs] 
2020-11-18T11:06:05.543-0800: 22.021: [CMS-concurrent-mark-start]
2020-11-18T11:06:05.543-0800: 22.021: [Full GC (Allocation Failure) 2020-11-18T11:06:05.543-0800: 22.021: [CMS2020-11-18T11:06:05.545-0800: 22.024: [CMS-concurrent-mark: 0.001/0.002 secs] [Times: user=0.00 sys=0.00, real=0.00 secs] 
 (concurrent mode failure): 6847K->6846K(6848K), 0.0064742 secs] 9919K->9917K(9920K), [Metaspace: 4890K->4890K(139264K)], 0.0065319 secs] [Times: user=0.01 sys=0.00, real=0.00 secs] 
2020-11-18T11:06:05.550-0800: 22.028: [Full GC (Allocation Failure) 2020-11-18T11:06:05.550-0800: 22.028: [CMS: 6846K->6846K(6848K), 0.0046238 secs] 9918K->9917K(9920K), [Metaspace: 4890K->4890K(139264K)], 0.0046773 secs] [Times: user=0.00 sys=0.00, real=0.00 secs] 
2020-11-18T11:06:05.554-0800: 22.033: [Full GC (Allocation Failure) 2020-11-18T11:06:05.554-0800: 22.033: [CMS: 6846K->6846K(6848K), 0.0037462 secs] 9917K->9917K(9920K), [Metaspace: 4890K->4890K(139264K)], 0.0038000 secs] [Times: user=0.00 sys=0.00, real=0.00 secs] 
2020-11-18T11:06:05.559-0800: 22.037: [GC (CMS Initial Mark) [1 CMS-initial-mark: 6846K(6848K)] 9917K(9920K), 0.0002594 secs] [Times: user=0.00 sys=0.00, real=0.00 secs] 
2020-11-18T11:06:05.559-0800: 22.037: [CMS-concurrent-mark-start]
2020-11-18T11:06:05.617-0800: 22.095: [Full GC (Allocation Failure) 2020-11-18T11:06:05.617-0800: 22.095: [CMS2020-11-18T11:06:05.618-0800: 22.096: [CMS-concurrent-mark: 0.001/0.059 secs] [Times: user=0.04 sys=0.01, real=0.06 secs] 
 (concurrent mode failure): 6847K->808K(6848K), 0.0057600 secs] 9919K->808K(9920K), [Metaspace: 4890K->4890K(139264K)], 0.0058579 secs] [Times: user=0.01 sys=0.00, real=0.01 secs] 
Heap
 par new generation   total 3072K, used 451K [0x00000007f7600000, 0x00000007f7950000, 0x00000007f7950000)
  eden space 2752K,  16% used [0x00000007f7600000, 0x00000007f7670e88, 0x00000007f78b0000)
  from space 320K,   0% used [0x00000007f7900000, 0x00000007f7900000, 0x00000007f7950000)
  to   space 320K,   0% used [0x00000007f78b0000, 0x00000007f78b0000, 0x00000007f7900000)
 concurrent mark-sweep generation total 6848K, used 808K [0x00000007f7950000, 0x00000007f8000000, 0x00000007f8000000)
 Metaspace       used 4973K, capacity 5214K, committed 5504K, reserved 139264K
  class space    used 561K, capacity 594K, committed 640K, reserved 131072K
