Java HotSpot(TM) 64-Bit Server VM (25.251-b08) for bsd-amd64 JRE (1.8.0_251-b08), built on Mar 12 2020 02:36:37 by "java_re" with gcc 4.2.1 (Based on Apple Inc. build 5658) (LLVM build 2336.11.00)
Memory: 4k page, physical 16777216k(1711176k free)

/proc/meminfo:

CommandLine flags: -XX:CMSInitiatingOccupancyFraction=75 -XX:+CMSScavengeBeforeRemark -XX:CompressedClassSpaceSize=134217728 -XX:+HeapDumpOnOutOfMemoryError -XX:HeapDumpPath=/Users/pengyue.du/Code/Meijia/Work01/learn_test/java/jvm/jvm_metrics_test_01/file/test_file/gc_log/oom-heap-cms.bin -XX:InitialHeapSize=10485760 -XX:MaxHeapSize=10485760 -XX:MaxNewSize=3497984 -XX:MaxTenuringThreshold=6 -XX:NativeMemoryTracking=summary -XX:NewSize=3497984 -XX:OldPLABSize=16 -XX:OldSize=6987776 -XX:+PrintGC -XX:+PrintGCDateStamps -XX:+PrintGCDetails -XX:+PrintGCTimeStamps -XX:ThreadStackSize=512 -XX:+UseCMSInitiatingOccupancyOnly -XX:+UseCompressedClassPointers -XX:+UseCompressedOops -XX:+UseConcMarkSweepGC -XX:-UseGCOverheadLimit -XX:+UseParNewGC 
2020-11-17T19:16:14.075-0800: 0.143: [GC (Allocation Failure) 2020-11-17T19:16:14.075-0800: 0.143: [ParNew: 2752K->320K(3072K), 0.0029709 secs] 2752K->614K(9920K), 0.0031003 secs] [Times: user=0.02 sys=0.00, real=0.00 secs] 
2020-11-17T19:16:14.130-0800: 0.198: [GC (Allocation Failure) 2020-11-17T19:16:14.130-0800: 0.198: [ParNew: 3072K->320K(3072K), 0.0013035 secs] 3366K->1035K(9920K), 0.0013785 secs] [Times: user=0.01 sys=0.00, real=0.00 secs] 
2020-11-17T19:16:14.168-0800: 0.236: [GC (Allocation Failure) 2020-11-17T19:16:14.168-0800: 0.236: [ParNew: 3072K->319K(3072K), 0.0006907 secs] 3787K->1381K(9920K), 0.0007444 secs] [Times: user=0.00 sys=0.00, real=0.00 secs] 
2020-11-17T19:16:14.186-0800: 0.254: [GC (Allocation Failure) 2020-11-17T19:16:14.186-0800: 0.254: [ParNew: 3071K->316K(3072K), 0.0005572 secs] 4133K->1500K(9920K), 0.0006170 secs] [Times: user=0.01 sys=0.00, real=0.00 secs] 
2020-11-17T19:16:14.191-0800: 0.260: [GC (Allocation Failure) 2020-11-17T19:16:14.191-0800: 0.260: [ParNew: 3068K->320K(3072K), 0.0010041 secs] 4252K->1776K(9920K), 0.0010567 secs] [Times: user=0.00 sys=0.00, real=0.00 secs] 
2020-11-17T19:16:14.197-0800: 0.265: [GC (Allocation Failure) 2020-11-17T19:16:14.197-0800: 0.265: [ParNew: 3072K->318K(3072K), 0.0014220 secs] 4528K->2014K(9920K), 0.0015118 secs] [Times: user=0.01 sys=0.00, real=0.00 secs] 
2020-11-17T19:16:14.204-0800: 0.272: [GC (Allocation Failure) 2020-11-17T19:16:14.204-0800: 0.272: [ParNew: 3070K->318K(3072K), 0.0015173 secs] 4766K->2254K(9920K), 0.0016027 secs] [Times: user=0.01 sys=0.00, real=0.00 secs] 
2020-11-17T19:16:14.210-0800: 0.279: [GC (Allocation Failure) 2020-11-17T19:16:14.210-0800: 0.279: [ParNew: 3070K->320K(3072K), 0.0016201 secs] 5006K->2503K(9920K), 0.0016947 secs] [Times: user=0.01 sys=0.00, real=0.00 secs] 
2020-11-17T19:16:14.217-0800: 0.285: [GC (Allocation Failure) 2020-11-17T19:16:14.217-0800: 0.285: [ParNew: 3072K->320K(3072K), 0.0015873 secs] 5255K->2775K(9920K), 0.0016603 secs] [Times: user=0.01 sys=0.00, real=0.00 secs] 
2020-11-17T19:16:14.224-0800: 0.292: [GC (Allocation Failure) 2020-11-17T19:16:14.224-0800: 0.292: [ParNew: 3072K->320K(3072K), 0.0017541 secs] 5527K->3019K(9920K), 0.0018387 secs] [Times: user=0.01 sys=0.01, real=0.00 secs] 
2020-11-17T19:16:14.231-0800: 0.299: [GC (Allocation Failure) 2020-11-17T19:16:14.231-0800: 0.299: [ParNew: 3072K->320K(3072K), 0.0011528 secs] 5771K->3327K(9920K), 0.0012235 secs] [Times: user=0.01 sys=0.00, real=0.00 secs] 
2020-11-17T19:16:14.237-0800: 0.305: [GC (Allocation Failure) 2020-11-17T19:16:14.237-0800: 0.306: [ParNew: 3072K->320K(3072K), 0.0032319 secs] 6079K->3570K(9920K), 0.0033261 secs] [Times: user=0.03 sys=0.00, real=0.01 secs] 
2020-11-17T19:16:14.245-0800: 0.313: [GC (Allocation Failure) 2020-11-17T19:16:14.245-0800: 0.314: [ParNew: 3072K->320K(3072K), 0.0013239 secs] 6322K->3867K(9920K), 0.0013896 secs] [Times: user=0.01 sys=0.00, real=0.00 secs] 
2020-11-17T19:16:14.251-0800: 0.319: [GC (Allocation Failure) 2020-11-17T19:16:14.251-0800: 0.319: [ParNew: 3072K->320K(3072K), 0.0008210 secs] 6619K->4156K(9920K), 0.0008854 secs] [Times: user=0.00 sys=0.00, real=0.00 secs] 
2020-11-17T19:16:14.256-0800: 0.324: [GC (Allocation Failure) 2020-11-17T19:16:14.256-0800: 0.324: [ParNew: 3072K->293K(3072K), 0.0014935 secs] 6908K->4369K(9920K), 0.0015462 secs] [Times: user=0.02 sys=0.00, real=0.00 secs] 
2020-11-17T19:16:14.260-0800: 0.328: [GC (Allocation Failure) 2020-11-17T19:16:14.260-0800: 0.328: [ParNew: 3045K->306K(3072K), 0.0014647 secs] 7121K->4621K(9920K), 0.0015140 secs] [Times: user=0.01 sys=0.00, real=0.00 secs] 
2020-11-17T19:16:14.265-0800: 0.333: [GC (Allocation Failure) 2020-11-17T19:16:14.265-0800: 0.333: [ParNew: 3058K->320K(3072K), 0.0018142 secs] 7373K->4874K(9920K), 0.0018588 secs] [Times: user=0.02 sys=0.00, real=0.00 secs] 
2020-11-17T19:16:14.270-0800: 0.338: [GC (Allocation Failure) 2020-11-17T19:16:14.270-0800: 0.338: [ParNew: 3072K->320K(3072K), 0.0015938 secs] 7626K->5205K(9920K), 0.0016430 secs] [Times: user=0.02 sys=0.00, real=0.00 secs] 
2020-11-17T19:16:14.275-0800: 0.343: [GC (Allocation Failure) 2020-11-17T19:16:14.275-0800: 0.343: [ParNew: 3072K->315K(3072K), 0.0014972 secs] 7957K->5517K(9920K), 0.0015537 secs] [Times: user=0.01 sys=0.01, real=0.00 secs] 
2020-11-17T19:16:14.277-0800: 0.345: [GC (CMS Initial Mark) [1 CMS-initial-mark: 5201K(6848K)] 5573K(9920K), 0.0002048 secs] [Times: user=0.00 sys=0.00, real=0.00 secs] 
2020-11-17T19:16:14.277-0800: 0.345: [CMS-concurrent-mark-start]
2020-11-17T19:16:14.280-0800: 0.349: [GC (Allocation Failure) 2020-11-17T19:16:14.280-0800: 0.349: [ParNew: 3067K->320K(3072K), 0.0014300 secs] 8269K->5761K(9920K), 0.0015064 secs] [Times: user=0.02 sys=0.00, real=0.00 secs] 
2020-11-17T19:16:14.283-0800: 0.351: [CMS-concurrent-mark: 0.004/0.006 secs] [Times: user=0.04 sys=0.00, real=0.01 secs] 
2020-11-17T19:16:14.283-0800: 0.351: [CMS-concurrent-preclean-start]
2020-11-17T19:16:14.283-0800: 0.351: [CMS-concurrent-preclean: 0.000/0.000 secs] [Times: user=0.01 sys=0.00, real=0.00 secs] 
2020-11-17T19:16:14.283-0800: 0.352: [GC (CMS Final Remark) [YG occupancy: 1421 K (3072 K)]2020-11-17T19:16:14.283-0800: 0.352: [GC (CMS Final Remark) 2020-11-17T19:16:14.283-0800: 0.352: [ParNew: 1421K->233K(3072K), 0.0011783 secs] 6862K->5913K(9920K), 0.0012110 secs] [Times: user=0.00 sys=0.00, real=0.00 secs] 
2020-11-17T19:16:14.285-0800: 0.353: [Rescan (parallel) , 0.0003135 secs]2020-11-17T19:16:14.285-0800: 0.353: [weak refs processing, 0.0001185 secs]2020-11-17T19:16:14.285-0800: 0.353: [class unloading, 0.0005222 secs]2020-11-17T19:16:14.286-0800: 0.354: [scrub symbol table, 0.0003720 secs]2020-11-17T19:16:14.286-0800: 0.354: [scrub string table, 0.0001507 secs][1 CMS-remark: 5680K(6848K)] 5913K(9920K), 0.0028549 secs] [Times: user=0.01 sys=0.00, real=0.00 secs] 
2020-11-17T19:16:14.286-0800: 0.355: [CMS-concurrent-sweep-start]
2020-11-17T19:16:14.288-0800: 0.356: [CMS-concurrent-sweep: 0.002/0.002 secs] [Times: user=0.01 sys=0.00, real=0.00 secs] 
2020-11-17T19:16:14.288-0800: 0.356: [CMS-concurrent-reset-start]
2020-11-17T19:16:14.288-0800: 0.356: [CMS-concurrent-reset: 0.000/0.000 secs] [Times: user=0.00 sys=0.00, real=0.00 secs] 
2020-11-17T19:16:14.290-0800: 0.358: [GC (Allocation Failure) 2020-11-17T19:16:14.290-0800: 0.358: [ParNew: 2985K->320K(3072K), 0.0010030 secs] 8171K->5523K(9920K), 0.0010434 secs] [Times: user=0.01 sys=0.00, real=0.00 secs] 
2020-11-17T19:16:14.291-0800: 0.359: [GC (CMS Initial Mark) [1 CMS-initial-mark: 5203K(6848K)] 5578K(9920K), 0.0001657 secs] [Times: user=0.00 sys=0.00, real=0.00 secs] 
2020-11-17T19:16:14.291-0800: 0.359: [CMS-concurrent-mark-start]
2020-11-17T19:16:14.294-0800: 0.362: [GC (Allocation Failure) 2020-11-17T19:16:14.294-0800: 0.362: [ParNew: 3072K->320K(3072K), 0.0017024 secs] 8275K->5832K(9920K), 0.0017464 secs] [Times: user=0.02 sys=0.00, real=0.00 secs] 
2020-11-17T19:16:14.297-0800: 0.365: [CMS-concurrent-mark: 0.004/0.006 secs] [Times: user=0.05 sys=0.00, real=0.00 secs] 
2020-11-17T19:16:14.297-0800: 0.365: [CMS-concurrent-preclean-start]
2020-11-17T19:16:14.297-0800: 0.366: [CMS-concurrent-preclean: 0.000/0.000 secs] [Times: user=0.00 sys=0.01, real=0.00 secs] 
2020-11-17T19:16:14.298-0800: 0.366: [GC (CMS Final Remark) [YG occupancy: 2129 K (3072 K)]2020-11-17T19:16:14.298-0800: 0.366: [GC (CMS Final Remark) 2020-11-17T19:16:14.298-0800: 0.366: [ParNew: 2129K->266K(3072K), 0.0011785 secs] 7641K->6017K(9920K), 0.0012065 secs] [Times: user=0.01 sys=0.00, real=0.00 secs] 
2020-11-17T19:16:14.299-0800: 0.367: [Rescan (parallel) , 0.0002709 secs]2020-11-17T19:16:14.299-0800: 0.367: [weak refs processing, 0.0000601 secs]2020-11-17T19:16:14.299-0800: 0.367: [class unloading, 0.0005317 secs]2020-11-17T19:16:14.300-0800: 0.368: [scrub symbol table, 0.0004244 secs]2020-11-17T19:16:14.300-0800: 0.368: [scrub string table, 0.0001635 secs][1 CMS-remark: 5751K(6848K)] 6017K(9920K), 0.0027632 secs] [Times: user=0.01 sys=0.00, real=0.01 secs] 
2020-11-17T19:16:14.300-0800: 0.369: [CMS-concurrent-sweep-start]
2020-11-17T19:16:14.302-0800: 0.370: [CMS-concurrent-sweep: 0.002/0.002 secs] [Times: user=0.01 sys=0.00, real=0.00 secs] 
2020-11-17T19:16:14.302-0800: 0.370: [CMS-concurrent-reset-start]
2020-11-17T19:16:14.302-0800: 0.371: [CMS-concurrent-reset: 0.000/0.000 secs] [Times: user=0.00 sys=0.00, real=0.00 secs] 
2020-11-17T19:16:14.304-0800: 0.372: [GC (Allocation Failure) 2020-11-17T19:16:14.304-0800: 0.372: [ParNew: 3018K->319K(3072K), 0.0017845 secs] 8639K->6020K(9920K), 0.0018432 secs] [Times: user=0.02 sys=0.00, real=0.00 secs] 
2020-11-17T19:16:14.305-0800: 0.374: [GC (CMS Initial Mark) [1 CMS-initial-mark: 5701K(6848K)] 6075K(9920K), 0.0002114 secs] [Times: user=0.00 sys=0.00, real=0.00 secs] 
2020-11-17T19:16:14.306-0800: 0.374: [CMS-concurrent-mark-start]
2020-11-17T19:16:14.309-0800: 0.378: [GC (Allocation Failure) 2020-11-17T19:16:14.309-0800: 0.378: [ParNew: 3071K->320K(3072K), 0.0017012 secs] 8772K->6269K(9920K), 0.0017582 secs] [Times: user=0.02 sys=0.00, real=0.01 secs] 
2020-11-17T19:16:14.313-0800: 0.381: [CMS-concurrent-mark: 0.005/0.007 secs] [Times: user=0.05 sys=0.00, real=0.01 secs] 
2020-11-17T19:16:14.313-0800: 0.381: [CMS-concurrent-preclean-start]
2020-11-17T19:16:14.313-0800: 0.381: [CMS-concurrent-preclean: 0.000/0.000 secs] [Times: user=0.00 sys=0.00, real=0.00 secs] 
2020-11-17T19:16:14.313-0800: 0.382: [GC (CMS Final Remark) [YG occupancy: 2021 K (3072 K)]2020-11-17T19:16:14.313-0800: 0.382: [GC (CMS Final Remark) 2020-11-17T19:16:14.313-0800: 0.382: [ParNew (promotion failed): 2021K->1965K(3072K), 0.0019741 secs] 7970K->8472K(9920K), 0.0020147 secs] [Times: user=0.01 sys=0.00, real=0.00 secs] 
2020-11-17T19:16:14.315-0800: 0.384: [Rescan (parallel) , 0.0013197 secs]2020-11-17T19:16:14.317-0800: 0.385: [weak refs processing, 0.0000773 secs]2020-11-17T19:16:14.317-0800: 0.385: [class unloading, 0.0005390 secs]2020-11-17T19:16:14.317-0800: 0.386: [scrub symbol table, 0.0004350 secs]2020-11-17T19:16:14.318-0800: 0.386: [scrub string table, 0.0001840 secs][1 CMS-remark: 6507K(6848K)] 8472K(9920K), 0.0046841 secs] [Times: user=0.02 sys=0.00, real=0.00 secs] 
2020-11-17T19:16:14.318-0800: 0.386: [CMS-concurrent-sweep-start]
2020-11-17T19:16:14.323-0800: 0.391: [CMS-concurrent-sweep: 0.003/0.005 secs] [Times: user=0.03 sys=0.01, real=0.01 secs] 
2020-11-17T19:16:14.323-0800: 0.392: [GC (Allocation Failure) 2020-11-17T19:16:14.323-0800: 0.392: [ParNew: 3015K->3015K(3072K), 0.0000224 secs]2020-11-17T19:16:14.323-0800: 0.392: [CMS: 6619K->6495K(6848K), 0.0156900 secs] 9635K->6495K(9920K), [Metaspace: 4891K->4891K(139264K)], 0.0157959 secs] [Times: user=0.04 sys=0.00, real=0.01 secs] 
2020-11-17T19:16:14.343-0800: 0.411: [GC (Allocation Failure) 2020-11-17T19:16:14.343-0800: 0.411: [ParNew: 2752K->298K(3072K), 0.0017314 secs] 9247K->6794K(9920K), 0.0018241 secs] [Times: user=0.01 sys=0.00, real=0.00 secs] 
2020-11-17T19:16:14.345-0800: 0.413: [GC (CMS Initial Mark) [1 CMS-initial-mark: 6495K(6848K)] 6841K(9920K), 0.0002248 secs] [Times: user=0.01 sys=0.00, real=0.00 secs] 
2020-11-17T19:16:14.345-0800: 0.413: [CMS-concurrent-mark-start]
2020-11-17T19:16:14.349-0800: 0.417: [GC (Allocation Failure) 2020-11-17T19:16:14.349-0800: 0.417: [ParNew (promotion failed): 3050K->3072K(3072K), 0.0034025 secs]2020-11-17T19:16:14.352-0800: 0.420: [CMS2020-11-17T19:16:14.356-0800: 0.425: [CMS-concurrent-mark: 0.008/0.011 secs] [Times: user=0.06 sys=0.00, real=0.01 secs] 
 (concurrent mode failure): 6707K->6847K(6848K), 0.0185599 secs] 9546K->6973K(9920K), [Metaspace: 4891K->4891K(139264K)], 0.0221235 secs] [Times: user=0.09 sys=0.00, real=0.03 secs] 
2020-11-17T19:16:14.377-0800: 0.445: [Full GC (Allocation Failure) 2020-11-17T19:16:14.377-0800: 0.445: [CMS: 6847K->6847K(6848K), 0.0139024 secs] 9919K->7229K(9920K), [Metaspace: 4891K->4891K(139264K)], 0.0139961 secs] [Times: user=0.04 sys=0.01, real=0.02 secs] 
2020-11-17T19:16:14.391-0800: 0.459: [GC (CMS Initial Mark) [1 CMS-initial-mark: 6847K(6848K)] 7281K(9920K), 0.0002773 secs] [Times: user=0.00 sys=0.00, real=0.00 secs] 
2020-11-17T19:16:14.391-0800: 0.459: [CMS-concurrent-mark-start]
2020-11-17T19:16:14.397-0800: 0.465: [Full GC (Allocation Failure) 2020-11-17T19:16:14.397-0800: 0.465: [CMS2020-11-17T19:16:14.400-0800: 0.468: [CMS-concurrent-mark: 0.008/0.009 secs] [Times: user=0.05 sys=0.00, real=0.01 secs] 
 (concurrent mode failure): 6848K->6848K(6848K), 0.0164012 secs] 9920K->7463K(9920K), [Metaspace: 4891K->4891K(139264K)], 0.0164900 secs] [Times: user=0.05 sys=0.00, real=0.02 secs] 
2020-11-17T19:16:14.419-0800: 0.487: [Full GC (Allocation Failure) 2020-11-17T19:16:14.419-0800: 0.487: [CMS: 6848K->6847K(6848K), 0.0135260 secs] 9920K->7676K(9920K), [Metaspace: 4891K->4891K(139264K)], 0.0136178 secs] [Times: user=0.04 sys=0.00, real=0.02 secs] 
2020-11-17T19:16:14.432-0800: 0.501: [GC (CMS Initial Mark) [1 CMS-initial-mark: 6847K(6848K)] 7728K(9920K), 0.0004776 secs] [Times: user=0.00 sys=0.00, real=0.00 secs] 
2020-11-17T19:16:14.433-0800: 0.501: [CMS-concurrent-mark-start]
2020-11-17T19:16:14.439-0800: 0.508: [Full GC (Allocation Failure) 2020-11-17T19:16:14.439-0800: 0.508: [CMS2020-11-17T19:16:14.443-0800: 0.511: [CMS-concurrent-mark: 0.008/0.010 secs] [Times: user=0.05 sys=0.00, real=0.01 secs] 
 (concurrent mode failure): 6847K->6847K(6848K), 0.0163639 secs] 9919K->7871K(9920K), [Metaspace: 4892K->4892K(139264K)], 0.0164566 secs] [Times: user=0.04 sys=0.00, real=0.02 secs] 
2020-11-17T19:16:14.460-0800: 0.528: [Full GC (Allocation Failure) 2020-11-17T19:16:14.460-0800: 0.528: [CMS: 6847K->6847K(6848K), 0.0136633 secs] 9919K->8049K(9920K), [Metaspace: 4892K->4892K(139264K)], 0.0137471 secs] [Times: user=0.03 sys=0.00, real=0.01 secs] 
2020-11-17T19:16:14.474-0800: 0.542: [GC (CMS Initial Mark) [1 CMS-initial-mark: 6847K(6848K)] 8096K(9920K), 0.0005437 secs] [Times: user=0.00 sys=0.00, real=0.00 secs] 
2020-11-17T19:16:14.475-0800: 0.543: [CMS-concurrent-mark-start]
2020-11-17T19:16:14.481-0800: 0.549: [Full GC (Allocation Failure) 2020-11-17T19:16:14.481-0800: 0.549: [CMS2020-11-17T19:16:14.483-0800: 0.551: [CMS-concurrent-mark: 0.007/0.008 secs] [Times: user=0.04 sys=0.00, real=0.01 secs] 
 (concurrent mode failure): 6848K->6847K(6848K), 0.0152496 secs] 9919K->8212K(9920K), [Metaspace: 4892K->4892K(139264K)], 0.0153402 secs] [Times: user=0.02 sys=0.00, real=0.01 secs] 
2020-11-17T19:16:14.501-0800: 0.569: [Full GC (Allocation Failure) 2020-11-17T19:16:14.501-0800: 0.569: [CMS: 6847K->6847K(6848K), 0.0137475 secs] 9919K->8360K(9920K), [Metaspace: 4892K->4892K(139264K)], 0.0138326 secs] [Times: user=0.03 sys=0.00, real=0.01 secs] 
2020-11-17T19:16:14.515-0800: 0.583: [GC (CMS Initial Mark) [1 CMS-initial-mark: 6847K(6848K)] 8401K(9920K), 0.0006229 secs] [Times: user=0.00 sys=0.00, real=0.00 secs] 
2020-11-17T19:16:14.515-0800: 0.583: [CMS-concurrent-mark-start]
2020-11-17T19:16:14.519-0800: 0.587: [Full GC (Allocation Failure) 2020-11-17T19:16:14.519-0800: 0.587: [CMS2020-11-17T19:16:14.524-0800: 0.592: [CMS-concurrent-mark: 0.007/0.008 secs] [Times: user=0.03 sys=0.00, real=0.01 secs] 
 (concurrent mode failure): 6847K->6847K(6848K), 0.0176200 secs] 9919K->8496K(9920K), [Metaspace: 4892K->4892K(139264K)], 0.0177110 secs] [Times: user=0.04 sys=0.00, real=0.02 secs] 
2020-11-17T19:16:14.540-0800: 0.608: [Full GC (Allocation Failure) 2020-11-17T19:16:14.540-0800: 0.608: [CMS: 6847K->6847K(6848K), 0.0127195 secs] 9919K->8619K(9920K), [Metaspace: 4892K->4892K(139264K)], 0.0128003 secs] [Times: user=0.02 sys=0.00, real=0.01 secs] 
2020-11-17T19:16:14.553-0800: 0.621: [GC (CMS Initial Mark) [1 CMS-initial-mark: 6847K(6848K)] 8654K(9920K), 0.0006601 secs] [Times: user=0.00 sys=0.00, real=0.00 secs] 
2020-11-17T19:16:14.554-0800: 0.622: [CMS-concurrent-mark-start]
2020-11-17T19:16:14.557-0800: 0.625: [Full GC (Allocation Failure) 2020-11-17T19:16:14.557-0800: 0.625: [CMS2020-11-17T19:16:14.560-0800: 0.629: [CMS-concurrent-mark: 0.005/0.007 secs] [Times: user=0.03 sys=0.00, real=0.01 secs] 
 (concurrent mode failure): 6847K->6847K(6848K), 0.0158541 secs] 9919K->8732K(9920K), [Metaspace: 4892K->4892K(139264K)], 0.0159142 secs] [Times: user=0.03 sys=0.00, real=0.02 secs] 
2020-11-17T19:16:14.576-0800: 0.644: [Full GC (Allocation Failure) 2020-11-17T19:16:14.576-0800: 0.644: [CMS: 6847K->6847K(6848K), 0.0128889 secs] 9919K->8835K(9920K), [Metaspace: 4892K->4892K(139264K)], 0.0129615 secs] [Times: user=0.01 sys=0.00, real=0.01 secs] 
2020-11-17T19:16:14.590-0800: 0.658: [GC (CMS Initial Mark) [1 CMS-initial-mark: 6847K(6848K)] 8864K(9920K), 0.0006905 secs] [Times: user=0.00 sys=0.00, real=0.00 secs] 
2020-11-17T19:16:14.590-0800: 0.658: [CMS-concurrent-mark-start]
2020-11-17T19:16:14.591-0800: 0.659: [Full GC (Allocation Failure) 2020-11-17T19:16:14.591-0800: 0.659: [CMS2020-11-17T19:16:14.597-0800: 0.665: [CMS-concurrent-mark: 0.005/0.006 secs] [Times: user=0.02 sys=0.00, real=0.00 secs] 
 (concurrent mode failure): 6847K->6847K(6848K), 0.0175357 secs] 9208K->8867K(9920K), [Metaspace: 4892K->4892K(139264K)], 0.0175896 secs] [Times: user=0.02 sys=0.00, real=0.01 secs] 
2020-11-17T19:16:14.611-0800: 0.679: [Full GC (Allocation Failure) 2020-11-17T19:16:14.611-0800: 0.679: [CMS: 6847K->6847K(6848K), 0.0130978 secs] 9919K->9061K(9920K), [Metaspace: 4892K->4892K(139264K)], 0.0131594 secs] [Times: user=0.02 sys=0.00, real=0.01 secs] 
2020-11-17T19:16:14.624-0800: 0.693: [GC (CMS Initial Mark) [1 CMS-initial-mark: 6847K(6848K)] 9083K(9920K), 0.0014443 secs] [Times: user=0.00 sys=0.00, real=0.00 secs] 
2020-11-17T19:16:14.626-0800: 0.694: [CMS-concurrent-mark-start]
2020-11-17T19:16:14.629-0800: 0.697: [Full GC (Allocation Failure) 2020-11-17T19:16:14.629-0800: 0.697: [CMS2020-11-17T19:16:14.630-0800: 0.698: [CMS-concurrent-mark: 0.003/0.004 secs] [Times: user=0.01 sys=0.00, real=0.01 secs] 
 (concurrent mode failure): 6847K->6847K(6848K), 0.0144430 secs] 9919K->9136K(9920K), [Metaspace: 4892K->4892K(139264K)], 0.0145051 secs] [Times: user=0.01 sys=0.00, real=0.02 secs] 
2020-11-17T19:16:14.646-0800: 0.714: [Full GC (Allocation Failure) 2020-11-17T19:16:14.646-0800: 0.714: [CMS: 6847K->6847K(6848K), 0.0124737 secs] 9919K->9204K(9920K), [Metaspace: 4892K->4892K(139264K)], 0.0125322 secs] [Times: user=0.02 sys=0.00, real=0.01 secs] 
2020-11-17T19:16:14.659-0800: 0.727: [GC (CMS Initial Mark) [1 CMS-initial-mark: 6847K(6848K)] 9260K(9920K), 0.0015085 secs] [Times: user=0.00 sys=0.00, real=0.01 secs] 
2020-11-17T19:16:14.660-0800: 0.728: [CMS-concurrent-mark-start]
2020-11-17T19:16:14.663-0800: 0.731: [Full GC (Allocation Failure) 2020-11-17T19:16:14.663-0800: 0.731: [CMS2020-11-17T19:16:14.664-0800: 0.733: [CMS-concurrent-mark: 0.003/0.004 secs] [Times: user=0.01 sys=0.00, real=0.00 secs] 
 (concurrent mode failure): 6847K->6847K(6848K), 0.0146262 secs] 9919K->9266K(9920K), [Metaspace: 4892K->4892K(139264K)], 0.0146886 secs] [Times: user=0.01 sys=0.00, real=0.01 secs] 
2020-11-17T19:16:14.680-0800: 0.748: [Full GC (Allocation Failure) 2020-11-17T19:16:14.680-0800: 0.748: [CMS: 6847K->6847K(6848K), 0.0123643 secs] 9919K->9323K(9920K), [Metaspace: 4892K->4892K(139264K)], 0.0124279 secs] [Times: user=0.02 sys=0.00, real=0.01 secs] 
2020-11-17T19:16:14.692-0800: 0.761: [GC (CMS Initial Mark) [1 CMS-initial-mark: 6847K(6848K)] 9354K(9920K), 0.0015449 secs] [Times: user=0.00 sys=0.00, real=0.00 secs] 
2020-11-17T19:16:14.694-0800: 0.762: [CMS-concurrent-mark-start]
2020-11-17T19:16:14.697-0800: 0.765: [Full GC (Allocation Failure) 2020-11-17T19:16:14.697-0800: 0.765: [CMS2020-11-17T19:16:14.698-0800: 0.766: [CMS-concurrent-mark: 0.003/0.004 secs] [Times: user=0.01 sys=0.00, real=0.00 secs] 
 (concurrent mode failure): 6848K->6848K(6848K), 0.0131532 secs] 9919K->9375K(9920K), [Metaspace: 4892K->4892K(139264K)], 0.0132266 secs] [Times: user=0.01 sys=0.00, real=0.02 secs] 
2020-11-17T19:16:14.712-0800: 0.780: [Full GC (Allocation Failure) 2020-11-17T19:16:14.712-0800: 0.780: [CMS: 6848K->6847K(6848K), 0.0114069 secs] 9919K->9422K(9920K), [Metaspace: 4892K->4892K(139264K)], 0.0114645 secs] [Times: user=0.01 sys=0.00, real=0.01 secs] 
2020-11-17T19:16:14.724-0800: 0.792: [GC (CMS Initial Mark) [1 CMS-initial-mark: 6847K(6848K)] 9448K(9920K), 0.0014841 secs] [Times: user=0.01 sys=0.00, real=0.00 secs] 
2020-11-17T19:16:14.725-0800: 0.793: [CMS-concurrent-mark-start]
2020-11-17T19:16:14.728-0800: 0.796: [Full GC (Allocation Failure) 2020-11-17T19:16:14.728-0800: 0.796: [CMS2020-11-17T19:16:14.729-0800: 0.797: [CMS-concurrent-mark: 0.003/0.004 secs] [Times: user=0.01 sys=0.00, real=0.00 secs] 
 (concurrent mode failure): 6847K->6847K(6848K), 0.0136428 secs] 9919K->9465K(9920K), [Metaspace: 4892K->4892K(139264K)], 0.0137003 secs] [Times: user=0.02 sys=0.00, real=0.02 secs] 
2020-11-17T19:16:14.743-0800: 0.812: [Full GC (Allocation Failure) 2020-11-17T19:16:14.743-0800: 0.812: [CMS: 6847K->6847K(6848K), 0.0128897 secs] 9919K->9505K(9920K), [Metaspace: 4892K->4892K(139264K)], 0.0129531 secs] [Times: user=0.01 sys=0.00, real=0.01 secs] 
2020-11-17T19:16:14.756-0800: 0.825: [GC (CMS Initial Mark) [1 CMS-initial-mark: 6847K(6848K)] 9516K(9920K), 0.0015961 secs] [Times: user=0.00 sys=0.00, real=0.00 secs] 
2020-11-17T19:16:14.758-0800: 0.826: [CMS-concurrent-mark-start]
2020-11-17T19:16:14.760-0800: 0.829: [Full GC (Allocation Failure) 2020-11-17T19:16:14.760-0800: 0.829: [CMS2020-11-17T19:16:14.762-0800: 0.831: [CMS-concurrent-mark: 0.003/0.004 secs] [Times: user=0.02 sys=0.00, real=0.01 secs] 
 (concurrent mode failure): 6847K->6847K(6848K), 0.0142645 secs] 9919K->9541K(9920K), [Metaspace: 4892K->4892K(139264K)], 0.0143186 secs] [Times: user=0.02 sys=0.00, real=0.01 secs] 
2020-11-17T19:16:14.777-0800: 0.845: [Full GC (Allocation Failure) 2020-11-17T19:16:14.777-0800: 0.845: [CMS: 6847K->6847K(6848K), 0.0124251 secs] 9919K->9574K(9920K), [Metaspace: 4892K->4892K(139264K)], 0.0124846 secs] [Times: user=0.01 sys=0.00, real=0.01 secs] 
2020-11-17T19:16:14.790-0800: 0.858: [GC (CMS Initial Mark) [1 CMS-initial-mark: 6847K(6848K)] 9599K(9920K), 0.0016065 secs] [Times: user=0.00 sys=0.00, real=0.00 secs] 
2020-11-17T19:16:14.791-0800: 0.859: [CMS-concurrent-mark-start]
2020-11-17T19:16:14.793-0800: 0.862: [Full GC (Allocation Failure) 2020-11-17T19:16:14.793-0800: 0.862: [CMS2020-11-17T19:16:14.795-0800: 0.864: [CMS-concurrent-mark: 0.003/0.004 secs] [Times: user=0.01 sys=0.00, real=0.00 secs] 
 (concurrent mode failure): 6847K->6847K(6848K), 0.0153442 secs] 9919K->9604K(9920K), [Metaspace: 4892K->4892K(139264K)], 0.0154107 secs] [Times: user=0.02 sys=0.00, real=0.01 secs] 
2020-11-17T19:16:14.811-0800: 0.879: [Full GC (Allocation Failure) 2020-11-17T19:16:14.811-0800: 0.879: [CMS: 6847K->6847K(6848K), 0.0129111 secs] 9919K->9631K(9920K), [Metaspace: 4892K->4892K(139264K)], 0.0129909 secs] [Times: user=0.01 sys=0.00, real=0.01 secs] 
2020-11-17T19:16:14.824-0800: 0.892: [GC (CMS Initial Mark) [1 CMS-initial-mark: 6847K(6848K)] 9631K(9920K), 0.0015888 secs] [Times: user=0.00 sys=0.00, real=0.00 secs] 
2020-11-17T19:16:14.826-0800: 0.894: [CMS-concurrent-mark-start]
2020-11-17T19:16:14.829-0800: 0.897: [Full GC (Allocation Failure) 2020-11-17T19:16:14.829-0800: 0.897: [CMS2020-11-17T19:16:14.831-0800: 0.899: [CMS-concurrent-mark: 0.004/0.005 secs] [Times: user=0.02 sys=0.00, real=0.01 secs] 
 (concurrent mode failure): 6847K->6847K(6848K), 0.0142499 secs] 9919K->9656K(9920K), [Metaspace: 4892K->4892K(139264K)], 0.0143139 secs] [Times: user=0.02 sys=0.00, real=0.02 secs] 
2020-11-17T19:16:14.845-0800: 0.913: [Full GC (Allocation Failure) 2020-11-17T19:16:14.845-0800: 0.913: [CMS: 6847K->6847K(6848K), 0.0117465 secs] 9919K->9679K(9920K), [Metaspace: 4892K->4892K(139264K)], 0.0118032 secs] [Times: user=0.01 sys=0.00, real=0.01 secs] 
2020-11-17T19:16:14.857-0800: 0.925: [GC (CMS Initial Mark) [1 CMS-initial-mark: 6847K(6848K)] 9681K(9920K), 0.0014788 secs] [Times: user=0.00 sys=0.01, real=0.00 secs] 
2020-11-17T19:16:14.858-0800: 0.926: [CMS-concurrent-mark-start]
2020-11-17T19:16:14.860-0800: 0.928: [Full GC (Allocation Failure) 2020-11-17T19:16:14.860-0800: 0.928: [CMS2020-11-17T19:16:14.862-0800: 0.930: [CMS-concurrent-mark: 0.003/0.004 secs] [Times: user=0.01 sys=0.00, real=0.01 secs] 
 (concurrent mode failure): 6847K->6847K(6848K), 0.0138919 secs] 9919K->9700K(9920K), [Metaspace: 4892K->4892K(139264K)], 0.0139444 secs] [Times: user=0.02 sys=0.00, real=0.01 secs] 
2020-11-17T19:16:14.875-0800: 0.943: [Full GC (Allocation Failure) 2020-11-17T19:16:14.875-0800: 0.943: [CMS: 6847K->6847K(6848K), 0.0123827 secs] 9919K->9719K(9920K), [Metaspace: 4892K->4892K(139264K)], 0.0124452 secs] [Times: user=0.01 sys=0.00, real=0.01 secs] 
2020-11-17T19:16:14.888-0800: 0.956: [GC (CMS Initial Mark) [1 CMS-initial-mark: 6847K(6848K)] 9719K(9920K), 0.0016176 secs] [Times: user=0.00 sys=0.00, real=0.00 secs] 
2020-11-17T19:16:14.889-0800: 0.958: [CMS-concurrent-mark-start]
2020-11-17T19:16:14.891-0800: 0.959: [Full GC (Allocation Failure) 2020-11-17T19:16:14.891-0800: 0.959: [CMS2020-11-17T19:16:14.893-0800: 0.962: [CMS-concurrent-mark: 0.003/0.004 secs] [Times: user=0.01 sys=0.00, real=0.01 secs] 
 (concurrent mode failure): 6847K->6847K(6848K), 0.0143199 secs] 9919K->9736K(9920K), [Metaspace: 4892K->4892K(139264K)], 0.0143736 secs] [Times: user=0.01 sys=0.00, real=0.01 secs] 
2020-11-17T19:16:14.906-0800: 0.975: [Full GC (Allocation Failure) 2020-11-17T19:16:14.906-0800: 0.975: [CMS: 6847K->6847K(6848K), 0.0120457 secs] 9919K->9752K(9920K), [Metaspace: 4892K->4892K(139264K)], 0.0120996 secs] [Times: user=0.01 sys=0.00, real=0.01 secs] 
2020-11-17T19:16:14.919-0800: 0.987: [GC (CMS Initial Mark) [1 CMS-initial-mark: 6847K(6848K)] 9752K(9920K), 0.0015931 secs] [Times: user=0.01 sys=0.00, real=0.01 secs] 
2020-11-17T19:16:14.920-0800: 0.988: [CMS-concurrent-mark-start]
2020-11-17T19:16:14.921-0800: 0.990: [Full GC (Allocation Failure) 2020-11-17T19:16:14.921-0800: 0.990: [CMS2020-11-17T19:16:14.924-0800: 0.992: [CMS-concurrent-mark: 0.003/0.004 secs] [Times: user=0.01 sys=0.00, real=0.00 secs] 
 (concurrent mode failure): 6848K->6848K(6848K), 0.0147935 secs] 9919K->9767K(9920K), [Metaspace: 4892K->4892K(139264K)], 0.0148484 secs] [Times: user=0.02 sys=0.00, real=0.01 secs] 
2020-11-17T19:16:14.937-0800: 1.006: [Full GC (Allocation Failure) 2020-11-17T19:16:14.937-0800: 1.006: [CMS: 6848K->6847K(6848K), 0.0117616 secs] 9919K->9780K(9920K), [Metaspace: 4892K->4892K(139264K)], 0.0118141 secs] [Times: user=0.01 sys=0.00, real=0.01 secs] 
2020-11-17T19:16:14.949-0800: 1.017: [GC (CMS Initial Mark) [1 CMS-initial-mark: 6847K(6848K)] 9781K(9920K), 0.0017031 secs] [Times: user=0.00 sys=0.00, real=0.01 secs] 
2020-11-17T19:16:14.951-0800: 1.019: [CMS-concurrent-mark-start]
2020-11-17T19:16:14.952-0800: 1.020: [Full GC (Allocation Failure) 2020-11-17T19:16:14.952-0800: 1.020: [CMS2020-11-17T19:16:14.955-0800: 1.023: [CMS-concurrent-mark: 0.003/0.004 secs] [Times: user=0.01 sys=0.00, real=0.00 secs] 
 (concurrent mode failure): 6847K->6847K(6848K), 0.0153005 secs] 9919K->9792K(9920K), [Metaspace: 4892K->4892K(139264K)], 0.0153541 secs] [Times: user=0.01 sys=0.00, real=0.01 secs] 
2020-11-17T19:16:14.968-0800: 1.036: [Full GC (Allocation Failure) 2020-11-17T19:16:14.968-0800: 1.036: [CMS: 6847K->6847K(6848K), 0.0122009 secs] 9919K->9803K(9920K), [Metaspace: 4892K->4892K(139264K)], 0.0122594 secs] [Times: user=0.02 sys=0.00, real=0.02 secs] 
2020-11-17T19:16:14.981-0800: 1.049: [GC (CMS Initial Mark) [1 CMS-initial-mark: 6847K(6848K)] 9804K(9920K), 0.0016491 secs] [Times: user=0.00 sys=0.00, real=0.00 secs] 
2020-11-17T19:16:14.982-0800: 1.050: [CMS-concurrent-mark-start]
2020-11-17T19:16:14.983-0800: 1.051: [Full GC (Allocation Failure) 2020-11-17T19:16:14.983-0800: 1.051: [CMS2020-11-17T19:16:14.987-0800: 1.055: [CMS-concurrent-mark: 0.003/0.004 secs] [Times: user=0.01 sys=0.00, real=0.00 secs] 
 (concurrent mode failure): 6847K->6847K(6848K), 0.0156381 secs] 9919K->9814K(9920K), [Metaspace: 4892K->4892K(139264K)], 0.0157118 secs] [Times: user=0.02 sys=0.00, real=0.01 secs] 
2020-11-17T19:16:15.000-0800: 1.068: [Full GC (Allocation Failure) 2020-11-17T19:16:15.000-0800: 1.068: [CMS: 6847K->6847K(6848K), 0.0125055 secs] 9919K->9823K(9920K), [Metaspace: 4892K->4892K(139264K)], 0.0125641 secs] [Times: user=0.01 sys=0.00, real=0.01 secs] 
2020-11-17T19:16:15.012-0800: 1.081: [GC (CMS Initial Mark) [1 CMS-initial-mark: 6847K(6848K)] 9825K(9920K), 0.0015807 secs] [Times: user=0.00 sys=0.00, real=0.00 secs] 
2020-11-17T19:16:15.014-0800: 1.082: [CMS-concurrent-mark-start]
2020-11-17T19:16:15.015-0800: 1.083: [Full GC (Allocation Failure) 2020-11-17T19:16:15.015-0800: 1.083: [CMS2020-11-17T19:16:15.018-0800: 1.086: [CMS-concurrent-mark: 0.003/0.004 secs] [Times: user=0.01 sys=0.00, real=0.00 secs] 
 (concurrent mode failure): 6847K->6847K(6848K), 0.0153929 secs] 9919K->9831K(9920K), [Metaspace: 4892K->4892K(139264K)], 0.0154428 secs] [Times: user=0.02 sys=0.00, real=0.02 secs] 
2020-11-17T19:16:15.031-0800: 1.099: [Full GC (Allocation Failure) 2020-11-17T19:16:15.031-0800: 1.099: [CMS: 6847K->6847K(6848K), 0.0118588 secs] 9919K->9839K(9920K), [Metaspace: 4892K->4892K(139264K)], 0.0119103 secs] [Times: user=0.01 sys=0.00, real=0.01 secs] 
2020-11-17T19:16:15.043-0800: 1.111: [GC (CMS Initial Mark) [1 CMS-initial-mark: 6847K(6848K)] 9841K(9920K), 0.0015511 secs] [Times: user=0.00 sys=0.00, real=0.00 secs] 
2020-11-17T19:16:15.044-0800: 1.113: [CMS-concurrent-mark-start]
2020-11-17T19:16:15.045-0800: 1.113: [Full GC (Allocation Failure) 2020-11-17T19:16:15.045-0800: 1.113: [CMS2020-11-17T19:16:15.048-0800: 1.117: [CMS-concurrent-mark: 0.003/0.004 secs] [Times: user=0.01 sys=0.00, real=0.00 secs] 
 (concurrent mode failure): 6847K->6847K(6848K), 0.0148630 secs] 9919K->9846K(9920K), [Metaspace: 4892K->4892K(139264K)], 0.0149153 secs] [Times: user=0.02 sys=0.00, real=0.02 secs] 
2020-11-17T19:16:15.060-0800: 1.129: [Full GC (Allocation Failure) 2020-11-17T19:16:15.060-0800: 1.129: [CMS: 6847K->6847K(6848K), 0.0114756 secs] 9919K->9852K(9920K), [Metaspace: 4892K->4892K(139264K)], 0.0115255 secs] [Times: user=0.01 sys=0.00, real=0.01 secs] 
2020-11-17T19:16:15.072-0800: 1.140: [GC (CMS Initial Mark) [1 CMS-initial-mark: 6847K(6848K)] 9854K(9920K), 0.0015381 secs] [Times: user=0.00 sys=0.00, real=0.00 secs] 
2020-11-17T19:16:15.074-0800: 1.142: [CMS-concurrent-mark-start]
2020-11-17T19:16:15.074-0800: 1.143: [Full GC (Allocation Failure) 2020-11-17T19:16:15.074-0800: 1.143: [CMS2020-11-17T19:16:15.078-0800: 1.146: [CMS-concurrent-mark: 0.003/0.004 secs] [Times: user=0.01 sys=0.00, real=0.00 secs] 
 (concurrent mode failure): 6847K->6847K(6848K), 0.0156349 secs] 9919K->9858K(9920K), [Metaspace: 4892K->4892K(139264K)], 0.0156913 secs] [Times: user=0.01 sys=0.00, real=0.02 secs] 
2020-11-17T19:16:15.091-0800: 1.159: [Full GC (Allocation Failure) 2020-11-17T19:16:15.091-0800: 1.159: [CMS: 6847K->6847K(6848K), 0.0118643 secs] 9919K->9863K(9920K), [Metaspace: 4892K->4892K(139264K)], 0.0119159 secs] [Times: user=0.02 sys=0.00, real=0.01 secs] 
2020-11-17T19:16:15.103-0800: 1.171: [GC (CMS Initial Mark) [1 CMS-initial-mark: 6847K(6848K)] 9865K(9920K), 0.0015962 secs] [Times: user=0.00 sys=0.00, real=0.00 secs] 
2020-11-17T19:16:15.104-0800: 1.172: [CMS-concurrent-mark-start]
2020-11-17T19:16:15.105-0800: 1.173: [Full GC (Allocation Failure) 2020-11-17T19:16:15.105-0800: 1.173: [CMS2020-11-17T19:16:15.108-0800: 1.177: [CMS-concurrent-mark: 0.003/0.004 secs] [Times: user=0.01 sys=0.00, real=0.00 secs] 
 (concurrent mode failure): 6847K->6847K(6848K), 0.0157803 secs] 9919K->9868K(9920K), [Metaspace: 4892K->4892K(139264K)], 0.0158362 secs] [Times: user=0.02 sys=0.00, real=0.02 secs] 
2020-11-17T19:16:15.121-0800: 1.189: [Full GC (Allocation Failure) 2020-11-17T19:16:15.121-0800: 1.189: [CMS: 6847K->6847K(6848K), 0.0126586 secs] 9919K->9873K(9920K), [Metaspace: 4892K->4892K(139264K)], 0.0127160 secs] [Times: user=0.01 sys=0.00, real=0.01 secs] 
2020-11-17T19:16:15.134-0800: 1.202: [GC (CMS Initial Mark) [1 CMS-initial-mark: 6847K(6848K)] 9873K(9920K), 0.0016197 secs] [Times: user=0.00 sys=0.00, real=0.00 secs] 
2020-11-17T19:16:15.136-0800: 1.204: [CMS-concurrent-mark-start]
2020-11-17T19:16:15.136-0800: 1.204: [Full GC (Allocation Failure) 2020-11-17T19:16:15.136-0800: 1.204: [CMS2020-11-17T19:16:15.140-0800: 1.208: [CMS-concurrent-mark: 0.003/0.004 secs] [Times: user=0.01 sys=0.00, real=0.01 secs] 
 (concurrent mode failure): 6847K->6847K(6848K), 0.0158142 secs] 9919K->9877K(9920K), [Metaspace: 4892K->4892K(139264K)], 0.0158725 secs] [Times: user=0.02 sys=0.00, real=0.02 secs] 
2020-11-17T19:16:15.152-0800: 1.220: [Full GC (Allocation Failure) 2020-11-17T19:16:15.152-0800: 1.220: [CMS: 6847K->6847K(6848K), 0.0123425 secs] 9919K->9881K(9920K), [Metaspace: 4892K->4892K(139264K)], 0.0124001 secs] [Times: user=0.02 sys=0.00, real=0.01 secs] 
2020-11-17T19:16:15.165-0800: 1.233: [GC (CMS Initial Mark) [1 CMS-initial-mark: 6847K(6848K)] 9881K(9920K), 0.0015728 secs] [Times: user=0.00 sys=0.00, real=0.00 secs] 
2020-11-17T19:16:15.166-0800: 1.234: [CMS-concurrent-mark-start]
2020-11-17T19:16:15.167-0800: 1.235: [Full GC (Allocation Failure) 2020-11-17T19:16:15.167-0800: 1.235: [CMS2020-11-17T19:16:15.170-0800: 1.239: [CMS-concurrent-mark: 0.003/0.004 secs] [Times: user=0.01 sys=0.00, real=0.01 secs] 
 (concurrent mode failure): 6847K->6847K(6848K), 0.0166929 secs] 9919K->9884K(9920K), [Metaspace: 4892K->4892K(139264K)], 0.0167518 secs] [Times: user=0.02 sys=0.00, real=0.02 secs] 
2020-11-17T19:16:15.184-0800: 1.252: [Full GC (Allocation Failure) 2020-11-17T19:16:15.184-0800: 1.252: [CMS: 6847K->6847K(6848K), 0.0133193 secs] 9919K->9887K(9920K), [Metaspace: 4892K->4892K(139264K)], 0.0133765 secs] [Times: user=0.01 sys=0.00, real=0.01 secs] 
2020-11-17T19:16:15.197-0800: 1.265: [GC (CMS Initial Mark) [1 CMS-initial-mark: 6847K(6848K)] 9888K(9920K), 0.0016383 secs] [Times: user=0.00 sys=0.00, real=0.00 secs] 
2020-11-17T19:16:15.199-0800: 1.267: [CMS-concurrent-mark-start]
2020-11-17T19:16:15.199-0800: 1.267: [Full GC (Allocation Failure) 2020-11-17T19:16:15.199-0800: 1.267: [CMS2020-11-17T19:16:15.203-0800: 1.271: [CMS-concurrent-mark: 0.003/0.004 secs] [Times: user=0.01 sys=0.00, real=0.01 secs] 
 (concurrent mode failure): 6847K->6847K(6848K), 0.0161209 secs] 9919K->9890K(9920K), [Metaspace: 4892K->4892K(139264K)], 0.0161815 secs] [Times: user=0.02 sys=0.00, real=0.02 secs] 
2020-11-17T19:16:15.216-0800: 1.284: [Full GC (Allocation Failure) 2020-11-17T19:16:15.216-0800: 1.284: [CMS: 6847K->6847K(6848K), 0.0122682 secs] 9919K->9892K(9920K), [Metaspace: 4892K->4892K(139264K)], 0.0123208 secs] [Times: user=0.01 sys=0.00, real=0.01 secs] 
2020-11-17T19:16:15.228-0800: 1.296: [GC (CMS Initial Mark) [1 CMS-initial-mark: 6847K(6848K)] 9893K(9920K), 0.0021786 secs] [Times: user=0.00 sys=0.00, real=0.01 secs] 
2020-11-17T19:16:15.230-0800: 1.299: [CMS-concurrent-mark-start]
2020-11-17T19:16:15.231-0800: 1.299: [Full GC (Allocation Failure) 2020-11-17T19:16:15.231-0800: 1.299: [CMS2020-11-17T19:16:15.234-0800: 1.302: [CMS-concurrent-mark: 0.003/0.004 secs] [Times: user=0.01 sys=0.00, real=0.00 secs] 
 (concurrent mode failure): 6847K->6847K(6848K), 0.0157326 secs] 9919K->9895K(9920K), [Metaspace: 4892K->4892K(139264K)], 0.0157892 secs] [Times: user=0.02 sys=0.00, real=0.01 secs] 
2020-11-17T19:16:15.247-0800: 1.315: [Full GC (Allocation Failure) 2020-11-17T19:16:15.247-0800: 1.315: [CMS: 6848K->6848K(6848K), 0.0120989 secs] 9919K->9897K(9920K), [Metaspace: 4892K->4892K(139264K)], 0.0121476 secs] [Times: user=0.01 sys=0.00, real=0.01 secs] 
2020-11-17T19:16:15.259-0800: 1.327: [GC (CMS Initial Mark) [1 CMS-initial-mark: 6848K(6848K)] 9900K(9920K), 0.0016344 secs] [Times: user=0.00 sys=0.00, real=0.01 secs] 
2020-11-17T19:16:15.261-0800: 1.329: [CMS-concurrent-mark-start]
2020-11-17T19:16:15.261-0800: 1.329: [Full GC (Allocation Failure) 2020-11-17T19:16:15.261-0800: 1.329: [CMS2020-11-17T19:16:15.265-0800: 1.333: [CMS-concurrent-mark: 0.003/0.004 secs] [Times: user=0.01 sys=0.00, real=0.00 secs] 
 (concurrent mode failure): 6848K->6847K(6848K), 0.0155444 secs] 9919K->9899K(9920K), [Metaspace: 4892K->4892K(139264K)], 0.0155953 secs] [Times: user=0.01 sys=0.00, real=0.01 secs] 
2020-11-17T19:16:15.277-0800: 1.345: [Full GC (Allocation Failure) 2020-11-17T19:16:15.277-0800: 1.345: [CMS: 6847K->6847K(6848K), 0.0132280 secs] 9919K->9901K(9920K), [Metaspace: 4892K->4892K(139264K)], 0.0136021 secs] [Times: user=0.02 sys=0.00, real=0.02 secs] 
2020-11-17T19:16:15.290-0800: 1.359: [GC (CMS Initial Mark) [1 CMS-initial-mark: 6847K(6848K)] 9901K(9920K), 0.0016371 secs] [Times: user=0.00 sys=0.00, real=0.00 secs] 
2020-11-17T19:16:15.292-0800: 1.360: [CMS-concurrent-mark-start]
2020-11-17T19:16:15.292-0800: 1.360: [Full GC (Allocation Failure) 2020-11-17T19:16:15.292-0800: 1.360: [CMS2020-11-17T19:16:15.296-0800: 1.364: [CMS-concurrent-mark: 0.003/0.004 secs] [Times: user=0.01 sys=0.00, real=0.00 secs] 
 (concurrent mode failure): 6847K->6847K(6848K), 0.0158902 secs] 9919K->9902K(9920K), [Metaspace: 4892K->4892K(139264K)], 0.0159582 secs] [Times: user=0.02 sys=0.00, real=0.01 secs] 
2020-11-17T19:16:15.308-0800: 1.377: [Full GC (Allocation Failure) 2020-11-17T19:16:15.308-0800: 1.377: [CMS: 6847K->6847K(6848K), 0.0127824 secs] 9919K->9904K(9920K), [Metaspace: 4892K->4892K(139264K)], 0.0128454 secs] [Times: user=0.01 sys=0.00, real=0.02 secs] 
2020-11-17T19:16:15.321-0800: 1.390: [GC (CMS Initial Mark) [1 CMS-initial-mark: 6847K(6848K)] 9904K(9920K), 0.0015509 secs] [Times: user=0.00 sys=0.00, real=0.00 secs] 
2020-11-17T19:16:15.323-0800: 1.391: [CMS-concurrent-mark-start]
2020-11-17T19:16:15.323-0800: 1.391: [Full GC (Allocation Failure) 2020-11-17T19:16:15.323-0800: 1.391: [CMS2020-11-17T19:16:15.327-0800: 1.395: [CMS-concurrent-mark: 0.003/0.004 secs] [Times: user=0.01 sys=0.00, real=0.00 secs] 
 (concurrent mode failure): 6848K->6848K(6848K), 0.0157970 secs] 9919K->9905K(9920K), [Metaspace: 4892K->4892K(139264K)], 0.0158590 secs] [Times: user=0.02 sys=0.00, real=0.01 secs] 
2020-11-17T19:16:15.339-0800: 1.407: [Full GC (Allocation Failure) 2020-11-17T19:16:15.339-0800: 1.407: [CMS: 6848K->6847K(6848K), 0.0114978 secs] 9919K->9906K(9920K), [Metaspace: 4892K->4892K(139264K)], 0.0115771 secs] [Times: user=0.02 sys=0.00, real=0.02 secs] 
2020-11-17T19:16:15.351-0800: 1.419: [GC (CMS Initial Mark) [1 CMS-initial-mark: 6847K(6848K)] 9908K(9920K), 0.0015443 secs] [Times: user=0.00 sys=0.00, real=0.00 secs] 
2020-11-17T19:16:15.353-0800: 1.421: [CMS-concurrent-mark-start]
2020-11-17T19:16:15.353-0800: 1.421: [Full GC (Allocation Failure) 2020-11-17T19:16:15.353-0800: 1.421: [CMS2020-11-17T19:16:15.356-0800: 1.425: [CMS-concurrent-mark: 0.003/0.004 secs] [Times: user=0.00 sys=0.00, real=0.00 secs] 
 (concurrent mode failure): 6847K->6847K(6848K), 0.0148604 secs] 9919K->9908K(9920K), [Metaspace: 4892K->4892K(139264K)], 0.0149231 secs] [Times: user=0.02 sys=0.00, real=0.01 secs] 
2020-11-17T19:16:15.368-0800: 1.436: [Full GC (Allocation Failure) 2020-11-17T19:16:15.368-0800: 1.436: [CMS: 6847K->6847K(6848K), 0.0117858 secs] 9919K->9908K(9920K), [Metaspace: 4892K->4892K(139264K)], 0.0118474 secs] [Times: user=0.01 sys=0.00, real=0.02 secs] 
2020-11-17T19:16:15.380-0800: 1.448: [GC (CMS Initial Mark) [1 CMS-initial-mark: 6847K(6848K)] 9910K(9920K), 0.0015635 secs] [Times: user=0.00 sys=0.00, real=0.00 secs] 
2020-11-17T19:16:15.381-0800: 1.450: [CMS-concurrent-mark-start]
2020-11-17T19:16:15.382-0800: 1.450: [Full GC (Allocation Failure) 2020-11-17T19:16:15.382-0800: 1.450: [CMS2020-11-17T19:16:15.385-0800: 1.453: [CMS-concurrent-mark: 0.003/0.004 secs] [Times: user=0.01 sys=0.00, real=0.00 secs] 
 (concurrent mode failure): 6847K->6847K(6848K), 0.0153646 secs] 9919K->9910K(9920K), [Metaspace: 4892K->4892K(139264K)], 0.0154288 secs] [Times: user=0.02 sys=0.00, real=0.01 secs] 
2020-11-17T19:16:15.397-0800: 1.465: [Full GC (Allocation Failure) 2020-11-17T19:16:15.397-0800: 1.465: [CMS: 6847K->6847K(6848K), 0.0112608 secs] 9919K->9910K(9920K), [Metaspace: 4892K->4892K(139264K)], 0.0113088 secs] [Times: user=0.01 sys=0.00, real=0.01 secs] 
2020-11-17T19:16:15.409-0800: 1.477: [GC (CMS Initial Mark) [1 CMS-initial-mark: 6847K(6848K)] 9913K(9920K), 0.0015423 secs] [Times: user=0.00 sys=0.00, real=0.01 secs] 
2020-11-17T19:16:15.410-0800: 1.478: [CMS-concurrent-mark-start]
2020-11-17T19:16:15.410-0800: 1.478: [Full GC (Allocation Failure) 2020-11-17T19:16:15.410-0800: 1.478: [CMS2020-11-17T19:16:15.414-0800: 1.482: [CMS-concurrent-mark: 0.003/0.004 secs] [Times: user=0.01 sys=0.00, real=0.00 secs] 
 (concurrent mode failure): 6847K->6847K(6848K), 0.0158082 secs] 9919K->9911K(9920K), [Metaspace: 4892K->4892K(139264K)], 0.0158601 secs] [Times: user=0.02 sys=0.00, real=0.01 secs] 
2020-11-17T19:16:15.426-0800: 1.494: [Full GC (Allocation Failure) 2020-11-17T19:16:15.426-0800: 1.494: [CMS: 6847K->6847K(6848K), 0.0116313 secs] 9919K->9912K(9920K), [Metaspace: 4892K->4892K(139264K)], 0.0116838 secs] [Times: user=0.01 sys=0.00, real=0.01 secs] 
2020-11-17T19:16:15.438-0800: 1.506: [GC (CMS Initial Mark) [1 CMS-initial-mark: 6847K(6848K)] 9914K(9920K), 0.0015835 secs] [Times: user=0.01 sys=0.00, real=0.01 secs] 
2020-11-17T19:16:15.440-0800: 1.508: [CMS-concurrent-mark-start]
2020-11-17T19:16:15.440-0800: 1.508: [Full GC (Allocation Failure) 2020-11-17T19:16:15.440-0800: 1.508: [CMS2020-11-17T19:16:15.444-0800: 1.512: [CMS-concurrent-mark: 0.003/0.004 secs] [Times: user=0.00 sys=0.00, real=0.00 secs] 
 (concurrent mode failure): 6847K->6847K(6848K), 0.0151177 secs] 9919K->9913K(9920K), [Metaspace: 4892K->4892K(139264K)], 0.0151748 secs] [Times: user=0.01 sys=0.00, real=0.01 secs] 
2020-11-17T19:16:15.455-0800: 1.523: [Full GC (Allocation Failure) 2020-11-17T19:16:15.455-0800: 1.523: [CMS: 6847K->6847K(6848K), 0.0114360 secs] 9919K->9913K(9920K), [Metaspace: 4892K->4892K(139264K)], 0.0114873 secs] [Times: user=0.02 sys=0.00, real=0.01 secs] 
2020-11-17T19:16:15.467-0800: 1.535: [GC (CMS Initial Mark) [1 CMS-initial-mark: 6847K(6848K)] 9915K(9920K), 0.0015836 secs] [Times: user=0.00 sys=0.00, real=0.00 secs] 
2020-11-17T19:16:15.468-0800: 1.537: [CMS-concurrent-mark-start]
2020-11-17T19:16:15.468-0800: 1.537: [Full GC (Allocation Failure) 2020-11-17T19:16:15.469-0800: 1.537: [CMS2020-11-17T19:16:15.472-0800: 1.540: [CMS-concurrent-mark: 0.003/0.004 secs] [Times: user=0.01 sys=0.00, real=0.01 secs] 
 (concurrent mode failure): 6847K->6847K(6848K), 0.0153305 secs] 9919K->9914K(9920K), [Metaspace: 4892K->4892K(139264K)], 0.0153815 secs] [Times: user=0.02 sys=0.00, real=0.02 secs] 
2020-11-17T19:16:15.484-0800: 1.552: [Full GC (Allocation Failure) 2020-11-17T19:16:15.484-0800: 1.552: [CMS: 6847K->6847K(6848K), 0.0121962 secs] 9919K->9914K(9920K), [Metaspace: 4892K->4892K(139264K)], 0.0122513 secs] [Times: user=0.01 sys=0.00, real=0.01 secs] 
2020-11-17T19:16:15.497-0800: 1.565: [GC (CMS Initial Mark) [1 CMS-initial-mark: 6847K(6848K)] 9915K(9920K), 0.0015571 secs] [Times: user=0.00 sys=0.00, real=0.00 secs] 
2020-11-17T19:16:15.498-0800: 1.566: [CMS-concurrent-mark-start]
2020-11-17T19:16:15.498-0800: 1.566: [Full GC (Allocation Failure) 2020-11-17T19:16:15.498-0800: 1.566: [CMS2020-11-17T19:16:15.502-0800: 1.570: [CMS-concurrent-mark: 0.003/0.004 secs] [Times: user=0.01 sys=0.00, real=0.01 secs] 
 (concurrent mode failure): 6847K->6847K(6848K), 0.0148729 secs] 9919K->9915K(9920K), [Metaspace: 4892K->4892K(139264K)], 0.0149226 secs] [Times: user=0.02 sys=0.00, real=0.02 secs] 
2020-11-17T19:16:15.513-0800: 1.581: [Full GC (Allocation Failure) 2020-11-17T19:16:15.513-0800: 1.581: [CMS: 6847K->6847K(6848K), 0.0116033 secs] 9919K->9915K(9920K), [Metaspace: 4892K->4892K(139264K)], 0.0116559 secs] [Times: user=0.01 sys=0.00, real=0.01 secs] 
2020-11-17T19:16:15.525-0800: 1.593: [GC (CMS Initial Mark) [1 CMS-initial-mark: 6847K(6848K)] 9915K(9920K), 0.0015569 secs] [Times: user=0.00 sys=0.00, real=0.00 secs] 
2020-11-17T19:16:15.527-0800: 1.595: [CMS-concurrent-mark-start]
2020-11-17T19:16:15.527-0800: 1.595: [Full GC (Allocation Failure) 2020-11-17T19:16:15.527-0800: 1.595: [CMS2020-11-17T19:16:15.531-0800: 1.599: [CMS-concurrent-mark: 0.003/0.004 secs] [Times: user=0.01 sys=0.00, real=0.01 secs] 
 (concurrent mode failure): 6847K->6847K(6848K), 0.0150848 secs] 9919K->9915K(9920K), [Metaspace: 4892K->4892K(139264K)], 0.0151355 secs] [Times: user=0.02 sys=0.00, real=0.02 secs] 
2020-11-17T19:16:15.542-0800: 1.610: [Full GC (Allocation Failure) 2020-11-17T19:16:15.542-0800: 1.610: [CMS: 6847K->6847K(6848K), 0.0118906 secs] 9919K->9916K(9920K), [Metaspace: 4892K->4892K(139264K)], 0.0119491 secs] [Times: user=0.01 sys=0.00, real=0.01 secs] 
2020-11-17T19:16:15.554-0800: 1.622: [GC (CMS Initial Mark) [1 CMS-initial-mark: 6847K(6848K)] 9917K(9920K), 0.0015536 secs] [Times: user=0.01 sys=0.00, real=0.00 secs] 
2020-11-17T19:16:15.556-0800: 1.624: [CMS-concurrent-mark-start]
2020-11-17T19:16:15.556-0800: 1.624: [Full GC (Allocation Failure) 2020-11-17T19:16:15.556-0800: 1.624: [CMS2020-11-17T19:16:15.560-0800: 1.628: [CMS-concurrent-mark: 0.003/0.004 secs] [Times: user=0.00 sys=0.00, real=0.01 secs] 
 (concurrent mode failure): 6847K->6847K(6848K), 0.0149992 secs] 9919K->9916K(9920K), [Metaspace: 4892K->4892K(139264K)], 0.0150491 secs] [Times: user=0.01 sys=0.00, real=0.02 secs] 
2020-11-17T19:16:15.571-0800: 1.639: [Full GC (Allocation Failure) 2020-11-17T19:16:15.571-0800: 1.639: [CMS: 6847K->6847K(6848K), 0.0116647 secs] 9919K->9916K(9920K), [Metaspace: 4892K->4892K(139264K)], 0.0117276 secs] [Times: user=0.01 sys=0.00, real=0.01 secs] 
2020-11-17T19:16:15.583-0800: 1.651: [GC (CMS Initial Mark) [1 CMS-initial-mark: 6847K(6848K)] 9917K(9920K), 0.0015811 secs] [Times: user=0.00 sys=0.00, real=0.00 secs] 
2020-11-17T19:16:15.585-0800: 1.653: [CMS-concurrent-mark-start]
2020-11-17T19:16:15.585-0800: 1.653: [Full GC (Allocation Failure) 2020-11-17T19:16:15.585-0800: 1.653: [CMS2020-11-17T19:16:15.589-0800: 1.657: [CMS-concurrent-mark: 0.003/0.004 secs] [Times: user=0.01 sys=0.00, real=0.00 secs] 
 (concurrent mode failure): 6847K->6847K(6848K), 0.0151254 secs] 9919K->9917K(9920K), [Metaspace: 4892K->4892K(139264K)], 0.0151802 secs] [Times: user=0.02 sys=0.00, real=0.02 secs] 
2020-11-17T19:16:15.600-0800: 1.668: [Full GC (Allocation Failure) 2020-11-17T19:16:15.600-0800: 1.668: [CMS: 6847K->6847K(6848K), 0.0113935 secs] 9919K->9917K(9920K), [Metaspace: 4892K->4892K(139264K)], 0.0114498 secs] [Times: user=0.01 sys=0.00, real=0.01 secs] 
2020-11-17T19:16:15.612-0800: 1.680: [GC (CMS Initial Mark) [1 CMS-initial-mark: 6847K(6848K)] 9917K(9920K), 0.0014818 secs] [Times: user=0.00 sys=0.00, real=0.00 secs] 
2020-11-17T19:16:15.613-0800: 1.681: [CMS-concurrent-mark-start]
2020-11-17T19:16:15.613-0800: 1.682: [Full GC (Allocation Failure) 2020-11-17T19:16:15.613-0800: 1.682: [CMS2020-11-17T19:16:15.617-0800: 1.685: [CMS-concurrent-mark: 0.003/0.004 secs] [Times: user=0.01 sys=0.00, real=0.00 secs] 
 (concurrent mode failure): 6847K->6847K(6848K), 0.0151300 secs] 9919K->9917K(9920K), [Metaspace: 4892K->4892K(139264K)], 0.0151856 secs] [Times: user=0.02 sys=0.00, real=0.01 secs] 
2020-11-17T19:16:15.629-0800: 1.697: [Full GC (Allocation Failure) 2020-11-17T19:16:15.629-0800: 1.697: [CMS: 6847K->6847K(6848K), 0.0115278 secs] 9919K->9917K(9920K), [Metaspace: 4892K->4892K(139264K)], 0.0115843 secs] [Times: user=0.01 sys=0.00, real=0.02 secs] 
2020-11-17T19:16:15.640-0800: 1.709: [GC (CMS Initial Mark) [1 CMS-initial-mark: 6847K(6848K)] 9917K(9920K), 0.0014518 secs] [Times: user=0.00 sys=0.00, real=0.00 secs] 
2020-11-17T19:16:15.642-0800: 1.710: [CMS-concurrent-mark-start]
2020-11-17T19:16:15.642-0800: 1.710: [Full GC (Allocation Failure) 2020-11-17T19:16:15.642-0800: 1.710: [CMS2020-11-17T19:16:15.646-0800: 1.714: [CMS-concurrent-mark: 0.003/0.004 secs] [Times: user=0.01 sys=0.00, real=0.00 secs] 
 (concurrent mode failure): 6847K->6847K(6848K), 0.0148768 secs] 9919K->9918K(9920K), [Metaspace: 4892K->4892K(139264K)], 0.0149334 secs] [Times: user=0.02 sys=0.00, real=0.01 secs] 
2020-11-17T19:16:15.657-0800: 1.725: [Full GC (Allocation Failure) 2020-11-17T19:16:15.657-0800: 1.725: [CMS: 6847K->6847K(6848K), 0.0115663 secs] 9919K->9918K(9920K), [Metaspace: 4892K->4892K(139264K)], 0.0116155 secs] [Times: user=0.01 sys=0.00, real=0.01 secs] 
2020-11-17T19:16:15.669-0800: 1.737: [GC (CMS Initial Mark) [1 CMS-initial-mark: 6847K(6848K)] 9918K(9920K), 0.0015367 secs] [Times: user=0.01 sys=0.00, real=0.01 secs] 
2020-11-17T19:16:15.670-0800: 1.739: [CMS-concurrent-mark-start]
2020-11-17T19:16:15.671-0800: 1.739: [Full GC (Allocation Failure) 2020-11-17T19:16:15.671-0800: 1.739: [CMS2020-11-17T19:16:15.675-0800: 1.743: [CMS-concurrent-mark: 0.003/0.004 secs] [Times: user=0.00 sys=0.00, real=0.00 secs] 
 (concurrent mode failure): 6847K->6847K(6848K), 0.0164067 secs] 9919K->9918K(9920K), [Metaspace: 4892K->4892K(139264K)], 0.0164614 secs] [Times: user=0.02 sys=0.00, real=0.01 secs] 
2020-11-17T19:16:15.687-0800: 1.755: [Full GC (Allocation Failure) 2020-11-17T19:16:15.687-0800: 1.755: [CMS: 6847K->6847K(6848K), 0.0124273 secs] 9919K->9918K(9920K), [Metaspace: 4892K->4892K(139264K)], 0.0124834 secs] [Times: user=0.01 sys=0.00, real=0.02 secs] 
2020-11-17T19:16:15.700-0800: 1.768: [GC (CMS Initial Mark) [1 CMS-initial-mark: 6847K(6848K)] 9919K(9920K), 0.0015779 secs] [Times: user=0.00 sys=0.00, real=0.00 secs] 
2020-11-17T19:16:15.701-0800: 1.770: [CMS-concurrent-mark-start]
2020-11-17T19:16:15.702-0800: 1.770: [Full GC (Allocation Failure) 2020-11-17T19:16:15.702-0800: 1.770: [CMS2020-11-17T19:16:15.705-0800: 1.774: [CMS-concurrent-mark: 0.003/0.004 secs] [Times: user=0.01 sys=0.00, real=0.00 secs] 
 (concurrent mode failure): 6847K->6847K(6848K), 0.0154020 secs] 9919K->9918K(9920K), [Metaspace: 4892K->4892K(139264K)], 0.0154550 secs] [Times: user=0.02 sys=0.00, real=0.01 secs] 
2020-11-17T19:16:15.717-0800: 1.785: [Full GC (Allocation Failure) 2020-11-17T19:16:15.717-0800: 1.785: [CMS: 6847K->6847K(6848K), 0.0114757 secs] 9919K->9918K(9920K), [Metaspace: 4892K->4892K(139264K)], 0.0115319 secs] [Times: user=0.01 sys=0.00, real=0.01 secs] 
2020-11-17T19:16:15.729-0800: 1.797: [GC (CMS Initial Mark) [1 CMS-initial-mark: 6847K(6848K)] 9918K(9920K), 0.0016704 secs] [Times: user=0.00 sys=0.01, real=0.01 secs] 
2020-11-17T19:16:15.730-0800: 1.799: [CMS-concurrent-mark-start]
2020-11-17T19:16:15.731-0800: 1.799: [Full GC (Allocation Failure) 2020-11-17T19:16:15.731-0800: 1.799: [CMS2020-11-17T19:16:15.734-0800: 1.803: [CMS-concurrent-mark: 0.003/0.004 secs] [Times: user=0.01 sys=0.00, real=0.00 secs] 
 (concurrent mode failure): 6847K->6847K(6848K), 0.0154066 secs] 9919K->9918K(9920K), [Metaspace: 4892K->4892K(139264K)], 0.0154565 secs] [Times: user=0.02 sys=0.00, real=0.01 secs] 
2020-11-17T19:16:15.746-0800: 1.814: [Full GC (Allocation Failure) 2020-11-17T19:16:15.746-0800: 1.814: [CMS: 6848K->6848K(6848K), 0.0116742 secs] 9919K->9918K(9920K), [Metaspace: 4892K->4892K(139264K)], 0.0117220 secs] [Times: user=0.01 sys=0.00, real=0.01 secs] 
2020-11-17T19:16:15.758-0800: 1.826: [Full GC (Allocation Failure) 2020-11-17T19:16:15.758-0800: 1.826: [CMS: 6848K->6847K(6848K), 0.0115922 secs] 9919K->9918K(9920K), [Metaspace: 4892K->4892K(139264K)], 0.0116429 secs] [Times: user=0.02 sys=0.00, real=0.02 secs] 
2020-11-17T19:16:15.770-0800: 1.838: [Full GC (Allocation Failure) 2020-11-17T19:16:15.770-0800: 1.838: [CMS: 6847K->6847K(6848K), 0.0117079 secs] 9919K->9919K(9920K), [Metaspace: 4892K->4892K(139264K)], 0.0117624 secs] [Times: user=0.01 sys=0.00, real=0.01 secs] 
2020-11-17T19:16:15.782-0800: 1.850: [Full GC (Allocation Failure) 2020-11-17T19:16:15.782-0800: 1.850: [CMS: 6847K->6847K(6848K), 0.0120457 secs] 9919K->9919K(9920K), [Metaspace: 4892K->4892K(139264K)], 0.0121092 secs] [Times: user=0.01 sys=0.00, real=0.01 secs] 
2020-11-17T19:16:15.794-0800: 1.862: [GC (CMS Initial Mark) [1 CMS-initial-mark: 6847K(6848K)] 9919K(9920K), 0.0015268 secs] [Times: user=0.00 sys=0.00, real=0.00 secs] 
2020-11-17T19:16:15.795-0800: 1.864: [CMS-concurrent-mark-start]
2020-11-17T19:16:15.796-0800: 1.864: [Full GC (Allocation Failure) 2020-11-17T19:16:15.796-0800: 1.864: [CMS2020-11-17T19:16:15.799-0800: 1.868: [CMS-concurrent-mark: 0.003/0.004 secs] [Times: user=0.01 sys=0.00, real=0.00 secs] 
 (concurrent mode failure): 6847K->6847K(6848K), 0.0161549 secs] 9919K->9919K(9920K), [Metaspace: 4892K->4892K(139264K)], 0.0162374 secs] [Times: user=0.02 sys=0.00, real=0.02 secs] 
2020-11-17T19:16:15.812-0800: 1.880: [Full GC (Allocation Failure) 2020-11-17T19:16:15.812-0800: 1.880: [CMS: 6847K->6847K(6848K), 0.0127943 secs] 9919K->9919K(9920K), [Metaspace: 4892K->4892K(139264K)], 0.0128507 secs] [Times: user=0.01 sys=0.00, real=0.01 secs] 
2020-11-17T19:16:15.825-0800: 1.893: [GC (CMS Initial Mark) [1 CMS-initial-mark: 6847K(6848K)] 9919K(9920K), 0.0016069 secs] [Times: user=0.01 sys=0.00, real=0.00 secs] 
2020-11-17T19:16:15.826-0800: 1.895: [CMS-concurrent-mark-start]
2020-11-17T19:16:15.827-0800: 1.895: [Full GC (Allocation Failure) 2020-11-17T19:16:15.827-0800: 1.895: [CMS2020-11-17T19:16:15.831-0800: 1.899: [CMS-concurrent-mark: 0.003/0.004 secs] [Times: user=0.00 sys=0.00, real=0.01 secs] 
 (concurrent mode failure): 6848K->6848K(6848K), 0.0165434 secs] 9919K->9919K(9920K), [Metaspace: 4892K->4892K(139264K)], 0.0165967 secs] [Times: user=0.02 sys=0.00, real=0.02 secs] 
2020-11-17T19:16:15.843-0800: 1.911: [Full GC (Allocation Failure) 2020-11-17T19:16:15.843-0800: 1.911: [CMS: 6848K->6847K(6848K), 0.0119777 secs] 9919K->9919K(9920K), [Metaspace: 4892K->4892K(139264K)], 0.0120359 secs] [Times: user=0.01 sys=0.00, real=0.01 secs] 
2020-11-17T19:16:15.855-0800: 1.924: [Full GC (Allocation Failure) 2020-11-17T19:16:15.855-0800: 1.924: [CMS: 6847K->6847K(6848K), 0.0113459 secs] 9919K->9919K(9920K), [Metaspace: 4892K->4892K(139264K)], 0.0114014 secs] [Times: user=0.01 sys=0.00, real=0.01 secs] 
2020-11-17T19:16:15.867-0800: 1.935: [Full GC (Allocation Failure) 2020-11-17T19:16:15.867-0800: 1.935: [CMS: 6847K->6847K(6848K), 0.0121119 secs] 9919K->9919K(9920K), [Metaspace: 4892K->4892K(139264K)], 0.0121638 secs] [Times: user=0.01 sys=0.00, real=0.01 secs] 
2020-11-17T19:16:15.879-0800: 1.947: [Full GC (Allocation Failure) 2020-11-17T19:16:15.879-0800: 1.947: [CMS: 6847K->6847K(6848K), 0.0128705 secs] 9919K->9919K(9920K), [Metaspace: 4892K->4892K(139264K)], 0.0129275 secs] [Times: user=0.02 sys=0.00, real=0.02 secs] 
2020-11-17T19:16:15.892-0800: 1.960: [GC (CMS Initial Mark) [1 CMS-initial-mark: 6847K(6848K)] 9919K(9920K), 0.0015807 secs] [Times: user=0.00 sys=0.00, real=0.00 secs] 
2020-11-17T19:16:15.894-0800: 1.962: [CMS-concurrent-mark-start]
2020-11-17T19:16:15.894-0800: 1.962: [Full GC (Allocation Failure) 2020-11-17T19:16:15.894-0800: 1.962: [CMS2020-11-17T19:16:15.898-0800: 1.966: [CMS-concurrent-mark: 0.003/0.004 secs] [Times: user=0.01 sys=0.00, real=0.00 secs] 
 (concurrent mode failure): 6847K->6847K(6848K), 0.0155255 secs] 9919K->9919K(9920K), [Metaspace: 4892K->4892K(139264K)], 0.0155767 secs] [Times: user=0.02 sys=0.00, real=0.02 secs] 
2020-11-17T19:16:15.910-0800: 1.978: [Full GC (Allocation Failure) 2020-11-17T19:16:15.910-0800: 1.978: [CMS: 6847K->6847K(6848K), 0.0119025 secs] 9919K->9919K(9920K), [Metaspace: 4892K->4892K(139264K)], 0.0119519 secs] [Times: user=0.01 sys=0.00, real=0.01 secs] 
2020-11-17T19:16:15.922-0800: 1.990: [GC (CMS Initial Mark) [1 CMS-initial-mark: 6847K(6848K)] 9919K(9920K), 0.0016038 secs] [Times: user=0.00 sys=0.00, real=0.00 secs] 
2020-11-17T19:16:15.923-0800: 1.992: [CMS-concurrent-mark-start]
2020-11-17T19:16:15.924-0800: 1.992: [Full GC (Allocation Failure) 2020-11-17T19:16:15.924-0800: 1.992: [CMS2020-11-17T19:16:15.927-0800: 1.996: [CMS-concurrent-mark: 0.003/0.004 secs] [Times: user=0.01 sys=0.00, real=0.00 secs] 
 (concurrent mode failure): 6847K->6847K(6848K), 0.0157591 secs] 9919K->9919K(9920K), [Metaspace: 4892K->4892K(139264K)], 0.0158158 secs] [Times: user=0.02 sys=0.00, real=0.01 secs] 
2020-11-17T19:16:15.939-0800: 2.008: [Full GC (Allocation Failure) 2020-11-17T19:16:15.939-0800: 2.008: [CMS: 6847K->6847K(6848K), 0.0120700 secs] 9919K->9919K(9920K), [Metaspace: 4892K->4892K(139264K)], 0.0121407 secs] [Times: user=0.01 sys=0.00, real=0.02 secs] 
2020-11-17T19:16:15.952-0800: 2.020: [Full GC (Allocation Failure) 2020-11-17T19:16:15.952-0800: 2.020: [CMS: 6848K->6848K(6848K), 0.0121718 secs] 9919K->9919K(9920K), [Metaspace: 4892K->4892K(139264K)], 0.0122314 secs] [Times: user=0.02 sys=0.00, real=0.01 secs] 
2020-11-17T19:16:15.964-0800: 2.032: [Full GC (Allocation Failure) 2020-11-17T19:16:15.964-0800: 2.032: [CMS: 6848K->6847K(6848K), 0.0126323 secs] 9919K->9919K(9920K), [Metaspace: 4892K->4892K(139264K)], 0.0126843 secs] [Times: user=0.01 sys=0.00, real=0.01 secs] 
2020-11-17T19:16:15.977-0800: 2.045: [Full GC (Allocation Failure) 2020-11-17T19:16:15.977-0800: 2.045: [CMS: 6847K->6847K(6848K), 0.0132723 secs] 9919K->9919K(9920K), [Metaspace: 4892K->4892K(139264K)], 0.0133436 secs] [Times: user=0.01 sys=0.00, real=0.02 secs] 
2020-11-17T19:16:15.990-0800: 2.058: [Full GC (Allocation Failure) 2020-11-17T19:16:15.990-0800: 2.058: [CMS: 6847K->6847K(6848K), 0.0120568 secs] 9919K->9919K(9920K), [Metaspace: 4892K->4892K(139264K)], 0.0121054 secs] [Times: user=0.01 sys=0.00, real=0.01 secs] 
2020-11-17T19:16:16.002-0800: 2.071: [Full GC (Allocation Failure) 2020-11-17T19:16:16.003-0800: 2.071: [CMS: 6847K->6847K(6848K), 0.0114745 secs] 9919K->9919K(9920K), [Metaspace: 4892K->4892K(139264K)], 0.0115262 secs] [Times: user=0.01 sys=0.00, real=0.01 secs] 
2020-11-17T19:16:16.014-0800: 2.082: [Full GC (Allocation Failure) 2020-11-17T19:16:16.014-0800: 2.082: [CMS: 6847K->6847K(6848K), 0.0113606 secs] 9919K->9919K(9920K), [Metaspace: 4892K->4892K(139264K)], 0.0114061 secs] [Times: user=0.02 sys=0.00, real=0.01 secs] 
2020-11-17T19:16:16.026-0800: 2.094: [GC (CMS Initial Mark) [1 CMS-initial-mark: 6847K(6848K)] 9919K(9920K), 0.0015373 secs] [Times: user=0.00 sys=0.00, real=0.00 secs] 
2020-11-17T19:16:16.027-0800: 2.095: [CMS-concurrent-mark-start]
2020-11-17T19:16:16.027-0800: 2.095: [Full GC (Allocation Failure) 2020-11-17T19:16:16.027-0800: 2.095: [CMS2020-11-17T19:16:16.031-0800: 2.099: [CMS-concurrent-mark: 0.003/0.004 secs] [Times: user=0.01 sys=0.00, real=0.01 secs] 
 (concurrent mode failure): 6847K->6847K(6848K), 0.0154434 secs] 9919K->9919K(9920K), [Metaspace: 4892K->4892K(139264K)], 0.0154983 secs] [Times: user=0.02 sys=0.00, real=0.02 secs] 
2020-11-17T19:16:16.043-0800: 2.111: [Full GC (Allocation Failure) 2020-11-17T19:16:16.043-0800: 2.111: [CMS: 6847K->6847K(6848K), 0.0116524 secs] 9919K->9919K(9920K), [Metaspace: 4892K->4892K(139264K)], 0.0117083 secs] [Times: user=0.01 sys=0.00, real=0.01 secs] 
2020-11-17T19:16:16.055-0800: 2.123: [Full GC (Allocation Failure) 2020-11-17T19:16:16.055-0800: 2.123: [CMS: 6847K->6847K(6848K), 0.0114470 secs] 9919K->9919K(9920K), [Metaspace: 4892K->4892K(139264K)], 0.0114930 secs] [Times: user=0.01 sys=0.00, real=0.01 secs] 
2020-11-17T19:16:16.066-0800: 2.134: [Full GC (Allocation Failure) 2020-11-17T19:16:16.066-0800: 2.134: [CMS: 6847K->6847K(6848K), 0.0116582 secs] 9919K->9919K(9920K), [Metaspace: 4892K->4892K(139264K)], 0.0117113 secs] [Times: user=0.01 sys=0.00, real=0.01 secs] 
2020-11-17T19:16:16.078-0800: 2.146: [Full GC (Allocation Failure) 2020-11-17T19:16:16.078-0800: 2.146: [CMS: 6847K->6847K(6848K), 0.0121725 secs] 9919K->9919K(9920K), [Metaspace: 4892K->4892K(139264K)], 0.0122267 secs] [Times: user=0.01 sys=0.00, real=0.02 secs] 
2020-11-17T19:16:16.090-0800: 2.159: [Full GC (Allocation Failure) 2020-11-17T19:16:16.090-0800: 2.159: [CMS: 6847K->6847K(6848K), 0.0117122 secs] 9919K->9919K(9920K), [Metaspace: 4892K->4892K(139264K)], 0.0117628 secs] [Times: user=0.02 sys=0.00, real=0.01 secs] 
2020-11-17T19:16:16.102-0800: 2.171: [Full GC (Allocation Failure) 2020-11-17T19:16:16.102-0800: 2.171: [CMS: 6847K->6847K(6848K), 0.0112640 secs] 9919K->9919K(9920K), [Metaspace: 4892K->4892K(139264K)], 0.0113112 secs] [Times: user=0.01 sys=0.00, real=0.01 secs] 
2020-11-17T19:16:16.114-0800: 2.182: [Full GC (Allocation Failure) 2020-11-17T19:16:16.114-0800: 2.182: [CMS: 6847K->6847K(6848K), 0.0114101 secs] 9919K->9919K(9920K), [Metaspace: 4892K->4892K(139264K)], 0.0114758 secs] [Times: user=0.01 sys=0.00, real=0.01 secs] 
2020-11-17T19:16:16.125-0800: 2.194: [GC (CMS Initial Mark) [1 CMS-initial-mark: 6847K(6848K)] 9919K(9920K), 0.0016126 secs] [Times: user=0.00 sys=0.00, real=0.00 secs] 
2020-11-17T19:16:16.127-0800: 2.195: [CMS-concurrent-mark-start]
2020-11-17T19:16:16.187-0800: 2.256: [Full GC (Allocation Failure) 2020-11-17T19:16:16.187-0800: 2.256: [CMS2020-11-17T19:16:16.190-0800: 2.258: [CMS-concurrent-mark: 0.002/0.063 secs] [Times: user=0.06 sys=0.01, real=0.07 secs] 
 (concurrent mode failure): 6847K->807K(6848K), 0.0074735 secs] 9919K->807K(9920K), [Metaspace: 4893K->4893K(139264K)], 0.0075196 secs] [Times: user=0.01 sys=0.00, real=0.01 secs] 
Heap
 par new generation   total 3072K, used 452K [0x00000007f7600000, 0x00000007f7950000, 0x00000007f7950000)
  eden space 2752K,  16% used [0x00000007f7600000, 0x00000007f7671358, 0x00000007f78b0000)
  from space 320K,   0% used [0x00000007f7900000, 0x00000007f7900000, 0x00000007f7950000)
  to   space 320K,   0% used [0x00000007f78b0000, 0x00000007f78b0000, 0x00000007f7900000)
 concurrent mark-sweep generation total 6848K, used 807K [0x00000007f7950000, 0x00000007f8000000, 0x00000007f8000000)
 Metaspace       used 4973K, capacity 5214K, committed 5504K, reserved 139264K
  class space    used 561K, capacity 594K, committed 640K, reserved 131072K
