Java HotSpot(TM) 64-Bit Server VM (25.251-b08) for bsd-amd64 JRE (1.8.0_251-b08), built on Mar 12 2020 02:36:37 by "java_re" with gcc 4.2.1 (Based on Apple Inc. build 5658) (LLVM build 2336.11.00)
Memory: 4k page, physical 16777216k(1257344k free)

/proc/meminfo:

CommandLine flags: -XX:CompressedClassSpaceSize=29360128 -XX:+HeapDumpOnOutOfMemoryError -XX:HeapDumpPath=/Users/pengyue.du/Code/Meijia/Work01/learn_test/java/jvm/jvm_metrics_test_01/file/test_file/gc_log/oom-heap-g1.bin -XX:InitialHeapSize=2097152 -XX:MaxHeapSize=2097152 -XX:NativeMemoryTracking=summary -XX:+PrintGC -XX:+PrintGCDateStamps -XX:+PrintGCDetails -XX:+PrintGCTimeStamps -XX:ThreadStackSize=512 -XX:+UseCompressedClassPointers -XX:+UseCompressedOops -XX:+UseG1GC 
2020-11-18T14:35:20.104-0800: 0.103: [GC pause (G1 Evacuation Pause) (young), 0.0014376 secs]
   [Parallel Time: 0.8 ms, GC Workers: 10]
      [GC Worker Start (ms): Min: 102.7, Avg: 102.8, Max: 102.8, Diff: 0.1]
      [Ext Root Scanning (ms): Min: 0.1, Avg: 0.2, Max: 0.5, Diff: 0.4, Sum: 1.8]
      [Update RS (ms): Min: 0.0, Avg: 0.0, Max: 0.0, Diff: 0.0, Sum: 0.0]
         [Processed Buffers: Min: 0, Avg: 0.0, Max: 0, Diff: 0, Sum: 0]
      [Scan RS (ms): Min: 0.0, Avg: 0.0, Max: 0.0, Diff: 0.0, Sum: 0.0]
      [Code Root Scanning (ms): Min: 0.0, Avg: 0.0, Max: 0.0, Diff: 0.0, Sum: 0.0]
      [Object Copy (ms): Min: 0.0, Avg: 0.2, Max: 0.3, Diff: 0.2, Sum: 2.3]
      [Termination (ms): Min: 0.0, Avg: 0.2, Max: 0.2, Diff: 0.2, Sum: 1.9]
         [Termination Attempts: Min: 1, Avg: 1.9, Max: 3, Diff: 2, Sum: 19]
      [GC Worker Other (ms): Min: 0.0, Avg: 0.0, Max: 0.0, Diff: 0.0, Sum: 0.1]
      [GC Worker Total (ms): Min: 0.6, Avg: 0.6, Max: 0.7, Diff: 0.1, Sum: 6.2]
      [GC Worker End (ms): Min: 103.3, Avg: 103.4, Max: 103.4, Diff: 0.1]
   [Code Root Fixup: 0.0 ms]
   [Code Root Purge: 0.0 ms]
   [Clear CT: 0.1 ms]
   [Other: 0.5 ms]
      [Choose CSet: 0.0 ms]
      [Ref Proc: 0.3 ms]
      [Ref Enq: 0.0 ms]
      [Redirty Cards: 0.1 ms]
      [Humongous Register: 0.0 ms]
      [Humongous Reclaim: 0.0 ms]
      [Free CSet: 0.0 ms]
   [Eden: 1024.0K(1024.0K)->0.0B(1024.0K) Survivors: 0.0B->1024.0K Heap: 1024.0K(2048.0K)->640.0K(2048.0K)]
 [Times: user=0.00 sys=0.00, real=0.00 secs] 
2020-11-18T14:35:20.131-0800: 0.129: [GC pause (G1 Evacuation Pause) (young) (to-space exhausted), 0.0042781 secs]
   [Parallel Time: 3.3 ms, GC Workers: 10]
      [GC Worker Start (ms): Min: 129.0, Avg: 129.1, Max: 129.2, Diff: 0.2]
      [Ext Root Scanning (ms): Min: 0.0, Avg: 0.4, Max: 3.0, Diff: 3.0, Sum: 3.9]
      [Update RS (ms): Min: 0.0, Avg: 0.0, Max: 0.0, Diff: 0.0, Sum: 0.0]
         [Processed Buffers: Min: 0, Avg: 0.0, Max: 0, Diff: 0, Sum: 0]
      [Scan RS (ms): Min: 0.0, Avg: 0.0, Max: 0.0, Diff: 0.0, Sum: 0.0]
      [Code Root Scanning (ms): Min: 0.0, Avg: 0.0, Max: 0.0, Diff: 0.0, Sum: 0.0]
      [Object Copy (ms): Min: 0.0, Avg: 1.1, Max: 1.8, Diff: 1.8, Sum: 11.2]
      [Termination (ms): Min: 0.0, Avg: 1.5, Max: 3.0, Diff: 3.0, Sum: 15.1]
         [Termination Attempts: Min: 1, Avg: 1.0, Max: 1, Diff: 0, Sum: 10]
      [GC Worker Other (ms): Min: 0.0, Avg: 0.0, Max: 0.0, Diff: 0.0, Sum: 0.1]
      [GC Worker Total (ms): Min: 2.9, Avg: 3.0, Max: 3.1, Diff: 0.2, Sum: 30.3]
      [GC Worker End (ms): Min: 132.0, Avg: 132.1, Max: 132.2, Diff: 0.2]
   [Code Root Fixup: 0.0 ms]
   [Code Root Purge: 0.0 ms]
   [Clear CT: 0.1 ms]
   [Other: 0.9 ms]
      [Evacuation Failure: 0.5 ms]
      [Choose CSet: 0.0 ms]
      [Ref Proc: 0.2 ms]
      [Ref Enq: 0.0 ms]
      [Redirty Cards: 0.2 ms]
      [Humongous Register: 0.0 ms]
      [Humongous Reclaim: 0.0 ms]
      [Free CSet: 0.0 ms]
   [Eden: 1024.0K(1024.0K)->0.0B(1024.0K) Survivors: 1024.0K->0.0B Heap: 1664.0K(2048.0K)->1664.0K(2048.0K)]
 [Times: user=0.02 sys=0.01, real=0.00 secs] 
2020-11-18T14:35:20.135-0800: 0.133: [Full GC (Allocation Failure)  1664K->493K(2048K), 0.0018857 secs]
   [Eden: 0.0B(1024.0K)->0.0B(1024.0K) Survivors: 0.0B->0.0B Heap: 1664.0K(2048.0K)->493.5K(2048.0K)], [Metaspace: 2852K->2852K(36864K)]
 [Times: user=0.00 sys=0.00, real=0.00 secs] 
2020-11-18T14:35:20.156-0800: 0.154: [GC pause (G1 Evacuation Pause) (young) (to-space exhausted), 0.0017114 secs]
   [Parallel Time: 0.9 ms, GC Workers: 10]
      [GC Worker Start (ms): Min: 153.9, Avg: 154.0, Max: 154.0, Diff: 0.1]
      [Ext Root Scanning (ms): Min: 0.1, Avg: 0.1, Max: 0.5, Diff: 0.4, Sum: 1.4]
      [Update RS (ms): Min: 0.0, Avg: 0.0, Max: 0.0, Diff: 0.0, Sum: 0.1]
         [Processed Buffers: Min: 0, Avg: 0.2, Max: 2, Diff: 2, Sum: 2]
      [Scan RS (ms): Min: 0.0, Avg: 0.0, Max: 0.0, Diff: 0.0, Sum: 0.0]
      [Code Root Scanning (ms): Min: 0.0, Avg: 0.0, Max: 0.0, Diff: 0.0, Sum: 0.0]
      [Object Copy (ms): Min: 0.2, Avg: 0.5, Max: 0.6, Diff: 0.4, Sum: 5.4]
      [Termination (ms): Min: 0.0, Avg: 0.1, Max: 0.2, Diff: 0.2, Sum: 0.6]
         [Termination Attempts: Min: 1, Avg: 1.1, Max: 2, Diff: 1, Sum: 11]
      [GC Worker Other (ms): Min: 0.0, Avg: 0.0, Max: 0.0, Diff: 0.0, Sum: 0.1]
      [GC Worker Total (ms): Min: 0.7, Avg: 0.8, Max: 0.8, Diff: 0.1, Sum: 7.5]
      [GC Worker End (ms): Min: 154.7, Avg: 154.7, Max: 154.8, Diff: 0.1]
   [Code Root Fixup: 0.0 ms]
   [Code Root Purge: 0.0 ms]
   [Clear CT: 0.1 ms]
   [Other: 0.7 ms]
      [Evacuation Failure: 0.4 ms]
      [Choose CSet: 0.0 ms]
      [Ref Proc: 0.2 ms]
      [Ref Enq: 0.0 ms]
      [Redirty Cards: 0.1 ms]
      [Humongous Register: 0.0 ms]
      [Humongous Reclaim: 0.0 ms]
      [Free CSet: 0.0 ms]
   [Eden: 1024.0K(1024.0K)->0.0B(1024.0K) Survivors: 0.0B->0.0B Heap: 1517.5K(2048.0K)->1517.5K(2048.0K)]
 [Times: user=0.00 sys=0.00, real=0.00 secs] 
2020-11-18T14:35:20.157-0800: 0.156: [Full GC (Allocation Failure)  1517K->478K(2048K), 0.0020287 secs]
   [Eden: 0.0B(1024.0K)->0.0B(1024.0K) Survivors: 0.0B->0.0B Heap: 1517.5K(2048.0K)->478.2K(2048.0K)], [Metaspace: 3252K->3252K(36864K)]
 [Times: user=0.01 sys=0.00, real=0.00 secs] 
2020-11-18T14:35:20.177-0800: 0.175: [GC pause (G1 Evacuation Pause) (young) (to-space exhausted), 0.0018784 secs]
   [Parallel Time: 1.1 ms, GC Workers: 10]
      [GC Worker Start (ms): Min: 175.4, Avg: 175.5, Max: 175.5, Diff: 0.1]
      [Ext Root Scanning (ms): Min: 0.0, Avg: 0.2, Max: 0.9, Diff: 0.9, Sum: 2.1]
      [Update RS (ms): Min: 0.0, Avg: 0.0, Max: 0.1, Diff: 0.1, Sum: 0.1]
         [Processed Buffers: Min: 0, Avg: 0.2, Max: 2, Diff: 2, Sum: 2]
      [Scan RS (ms): Min: 0.0, Avg: 0.0, Max: 0.0, Diff: 0.0, Sum: 0.0]
      [Code Root Scanning (ms): Min: 0.0, Avg: 0.0, Max: 0.0, Diff: 0.0, Sum: 0.0]
      [Object Copy (ms): Min: 0.0, Avg: 0.4, Max: 0.6, Diff: 0.6, Sum: 4.1]
      [Termination (ms): Min: 0.0, Avg: 0.3, Max: 0.6, Diff: 0.6, Sum: 3.4]
         [Termination Attempts: Min: 1, Avg: 1.4, Max: 3, Diff: 2, Sum: 14]
      [GC Worker Other (ms): Min: 0.0, Avg: 0.0, Max: 0.0, Diff: 0.0, Sum: 0.1]
      [GC Worker Total (ms): Min: 0.9, Avg: 1.0, Max: 1.1, Diff: 0.2, Sum: 9.8]
      [GC Worker End (ms): Min: 176.3, Avg: 176.4, Max: 176.5, Diff: 0.2]
   [Code Root Fixup: 0.0 ms]
   [Code Root Purge: 0.0 ms]
   [Clear CT: 0.1 ms]
   [Other: 0.7 ms]
      [Evacuation Failure: 0.4 ms]
      [Choose CSet: 0.0 ms]
      [Ref Proc: 0.2 ms]
      [Ref Enq: 0.0 ms]
      [Redirty Cards: 0.1 ms]
      [Humongous Register: 0.0 ms]
      [Humongous Reclaim: 0.0 ms]
      [Free CSet: 0.0 ms]
   [Eden: 1024.0K(1024.0K)->0.0B(1024.0K) Survivors: 0.0B->0.0B Heap: 1502.2K(2048.0K)->1502.2K(2048.0K)]
 [Times: user=0.01 sys=0.00, real=0.00 secs] 
2020-11-18T14:35:20.179-0800: 0.177: [Full GC (Allocation Failure)  1502K->540K(2048K), 0.0024007 secs]
   [Eden: 0.0B(1024.0K)->0.0B(1024.0K) Survivors: 0.0B->0.0B Heap: 1502.2K(2048.0K)->540.2K(2048.0K)], [Metaspace: 3717K->3717K(36864K)]
 [Times: user=0.00 sys=0.00, real=0.01 secs] 
2020-11-18T14:35:20.200-0800: 0.199: [GC pause (G1 Evacuation Pause) (young) (to-space exhausted), 0.0020822 secs]
   [Parallel Time: 1.3 ms, GC Workers: 10]
      [GC Worker Start (ms): Min: 198.6, Avg: 198.6, Max: 198.6, Diff: 0.1]
      [Ext Root Scanning (ms): Min: 0.1, Avg: 0.2, Max: 0.7, Diff: 0.7, Sum: 1.9]
      [Update RS (ms): Min: 0.0, Avg: 0.0, Max: 0.0, Diff: 0.0, Sum: 0.0]
         [Processed Buffers: Min: 0, Avg: 0.2, Max: 2, Diff: 2, Sum: 2]
      [Scan RS (ms): Min: 0.0, Avg: 0.0, Max: 0.0, Diff: 0.0, Sum: 0.0]
      [Code Root Scanning (ms): Min: 0.0, Avg: 0.0, Max: 0.0, Diff: 0.0, Sum: 0.0]
      [Object Copy (ms): Min: 0.4, Avg: 1.0, Max: 1.1, Diff: 0.7, Sum: 9.7]
      [Termination (ms): Min: 0.0, Avg: 0.0, Max: 0.1, Diff: 0.1, Sum: 0.5]
         [Termination Attempts: Min: 1, Avg: 1.1, Max: 2, Diff: 1, Sum: 11]
      [GC Worker Other (ms): Min: 0.0, Avg: 0.0, Max: 0.0, Diff: 0.0, Sum: 0.0]
      [GC Worker Total (ms): Min: 1.2, Avg: 1.2, Max: 1.3, Diff: 0.1, Sum: 12.1]
      [GC Worker End (ms): Min: 199.8, Avg: 199.8, Max: 199.8, Diff: 0.0]
   [Code Root Fixup: 0.0 ms]
   [Code Root Purge: 0.0 ms]
   [Clear CT: 0.1 ms]
   [Other: 0.7 ms]
      [Evacuation Failure: 0.5 ms]
      [Choose CSet: 0.0 ms]
      [Ref Proc: 0.1 ms]
      [Ref Enq: 0.0 ms]
      [Redirty Cards: 0.1 ms]
      [Humongous Register: 0.0 ms]
      [Humongous Reclaim: 0.0 ms]
      [Free CSet: 0.0 ms]
   [Eden: 1024.0K(1024.0K)->0.0B(1024.0K) Survivors: 0.0B->0.0B Heap: 1564.2K(2048.0K)->1564.2K(2048.0K)]
 [Times: user=0.00 sys=0.00, real=0.00 secs] 
2020-11-18T14:35:20.202-0800: 0.201: [GC pause (G1 Evacuation Pause) (young) (initial-mark), 0.0007343 secs]
   [Parallel Time: 0.5 ms, GC Workers: 10]
      [GC Worker Start (ms): Min: 200.7, Avg: 200.8, Max: 200.8, Diff: 0.0]
      [Ext Root Scanning (ms): Min: 0.1, Avg: 0.1, Max: 0.1, Diff: 0.0, Sum: 0.9]
      [Update RS (ms): Min: 0.0, Avg: 0.0, Max: 0.2, Diff: 0.2, Sum: 0.3]
         [Processed Buffers: Min: 0, Avg: 1.0, Max: 2, Diff: 2, Sum: 10]
      [Scan RS (ms): Min: 0.0, Avg: 0.0, Max: 0.0, Diff: 0.0, Sum: 0.0]
      [Code Root Scanning (ms): Min: 0.0, Avg: 0.0, Max: 0.0, Diff: 0.0, Sum: 0.0]
      [Object Copy (ms): Min: 0.0, Avg: 0.0, Max: 0.0, Diff: 0.0, Sum: 0.0]
      [Termination (ms): Min: 0.0, Avg: 0.2, Max: 0.3, Diff: 0.3, Sum: 1.6]
         [Termination Attempts: Min: 1, Avg: 1.0, Max: 1, Diff: 0, Sum: 10]
      [GC Worker Other (ms): Min: 0.0, Avg: 0.0, Max: 0.0, Diff: 0.0, Sum: 0.0]
      [GC Worker Total (ms): Min: 0.2, Avg: 0.3, Max: 0.4, Diff: 0.2, Sum: 2.9]
      [GC Worker End (ms): Min: 201.0, Avg: 201.1, Max: 201.2, Diff: 0.2]
   [Code Root Fixup: 0.0 ms]
   [Code Root Purge: 0.0 ms]
   [Clear CT: 0.1 ms]
   [Other: 0.2 ms]
      [Choose CSet: 0.0 ms]
      [Ref Proc: 0.1 ms]
      [Ref Enq: 0.0 ms]
      [Redirty Cards: 0.1 ms]
      [Humongous Register: 0.0 ms]
      [Humongous Reclaim: 0.0 ms]
      [Free CSet: 0.0 ms]
   [Eden: 0.0B(1024.0K)->0.0B(1024.0K) Survivors: 0.0B->0.0B Heap: 1564.2K(2048.0K)->1564.2K(2048.0K)]
 [Times: user=0.01 sys=0.00, real=0.00 secs] 
2020-11-18T14:35:20.203-0800: 0.202: [GC concurrent-root-region-scan-start]
2020-11-18T14:35:20.203-0800: 0.202: [GC concurrent-root-region-scan-end, 0.0000096 secs]
2020-11-18T14:35:20.203-0800: 0.202: [GC concurrent-mark-start]
2020-11-18T14:35:20.203-0800: 0.202: [Full GC (Allocation Failure)  1564K->652K(2048K), 0.0024057 secs]
   [Eden: 0.0B(1024.0K)->0.0B(1024.0K) Survivors: 0.0B->0.0B Heap: 1564.2K(2048.0K)->652.8K(2048.0K)], [Metaspace: 4192K->4192K(36864K)]
 [Times: user=0.00 sys=0.00, real=0.00 secs] 
2020-11-18T14:35:20.206-0800: 0.204: [GC concurrent-mark-abort]
2020-11-18T14:35:20.214-0800: 0.213: [GC pause (G1 Evacuation Pause) (young) (to-space exhausted), 0.0012849 secs]
   [Parallel Time: 0.5 ms, GC Workers: 10]
      [GC Worker Start (ms): Min: 212.8, Avg: 212.8, Max: 212.9, Diff: 0.1]
      [Ext Root Scanning (ms): Min: 0.1, Avg: 0.1, Max: 0.1, Diff: 0.1, Sum: 0.9]
      [Update RS (ms): Min: 0.0, Avg: 0.0, Max: 0.0, Diff: 0.0, Sum: 0.0]
         [Processed Buffers: Min: 0, Avg: 0.2, Max: 1, Diff: 1, Sum: 2]
      [Scan RS (ms): Min: 0.0, Avg: 0.0, Max: 0.0, Diff: 0.0, Sum: 0.0]
      [Code Root Scanning (ms): Min: 0.0, Avg: 0.0, Max: 0.0, Diff: 0.0, Sum: 0.0]
      [Object Copy (ms): Min: 0.2, Avg: 0.2, Max: 0.3, Diff: 0.1, Sum: 2.1]
      [Termination (ms): Min: 0.0, Avg: 0.1, Max: 0.2, Diff: 0.2, Sum: 0.8]
         [Termination Attempts: Min: 1, Avg: 1.1, Max: 2, Diff: 1, Sum: 11]
      [GC Worker Other (ms): Min: 0.0, Avg: 0.0, Max: 0.0, Diff: 0.0, Sum: 0.1]
      [GC Worker Total (ms): Min: 0.3, Avg: 0.4, Max: 0.5, Diff: 0.1, Sum: 3.9]
      [GC Worker End (ms): Min: 213.2, Avg: 213.2, Max: 213.3, Diff: 0.1]
   [Code Root Fixup: 0.0 ms]
   [Code Root Purge: 0.0 ms]
   [Clear CT: 0.1 ms]
   [Other: 0.7 ms]
      [Evacuation Failure: 0.4 ms]
      [Choose CSet: 0.0 ms]
      [Ref Proc: 0.2 ms]
      [Ref Enq: 0.0 ms]
      [Redirty Cards: 0.1 ms]
      [Humongous Register: 0.0 ms]
      [Humongous Reclaim: 0.0 ms]
      [Free CSet: 0.0 ms]
   [Eden: 1024.0K(1024.0K)->0.0B(1024.0K) Survivors: 0.0B->0.0B Heap: 1676.8K(2048.0K)->1676.8K(2048.0K)]
 [Times: user=0.00 sys=0.00, real=0.00 secs] 
2020-11-18T14:35:20.216-0800: 0.214: [Full GC (Allocation Failure)  1676K->746K(2048K), 0.0024233 secs]
   [Eden: 0.0B(1024.0K)->0.0B(1024.0K) Survivors: 0.0B->0.0B Heap: 1676.8K(2048.0K)->746.9K(2048.0K)], [Metaspace: 4308K->4308K(36864K)]
 [Times: user=0.01 sys=0.00, real=0.00 secs] 
2020-11-18T14:35:20.228-0800: 0.226: [GC pause (G1 Evacuation Pause) (young) (to-space exhausted), 0.0016646 secs]
   [Parallel Time: 0.8 ms, GC Workers: 10]
      [GC Worker Start (ms): Min: 226.2, Avg: 226.2, Max: 226.3, Diff: 0.1]
      [Ext Root Scanning (ms): Min: 0.1, Avg: 0.1, Max: 0.1, Diff: 0.1, Sum: 0.9]
      [Update RS (ms): Min: 0.0, Avg: 0.0, Max: 0.0, Diff: 0.0, Sum: 0.0]
         [Processed Buffers: Min: 0, Avg: 0.2, Max: 1, Diff: 1, Sum: 2]
      [Scan RS (ms): Min: 0.0, Avg: 0.0, Max: 0.0, Diff: 0.0, Sum: 0.0]
      [Code Root Scanning (ms): Min: 0.0, Avg: 0.0, Max: 0.0, Diff: 0.0, Sum: 0.0]
      [Object Copy (ms): Min: 0.3, Avg: 0.4, Max: 0.5, Diff: 0.2, Sum: 3.8]
      [Termination (ms): Min: 0.0, Avg: 0.1, Max: 0.3, Diff: 0.3, Sum: 1.0]
         [Termination Attempts: Min: 1, Avg: 1.1, Max: 2, Diff: 1, Sum: 11]
      [GC Worker Other (ms): Min: 0.0, Avg: 0.0, Max: 0.0, Diff: 0.0, Sum: 0.1]
      [GC Worker Total (ms): Min: 0.5, Avg: 0.6, Max: 0.7, Diff: 0.2, Sum: 5.8]
      [GC Worker End (ms): Min: 226.8, Avg: 226.8, Max: 226.9, Diff: 0.2]
   [Code Root Fixup: 0.0 ms]
   [Code Root Purge: 0.0 ms]
   [Clear CT: 0.1 ms]
   [Other: 0.8 ms]
      [Evacuation Failure: 0.5 ms]
      [Choose CSet: 0.0 ms]
      [Ref Proc: 0.2 ms]
      [Ref Enq: 0.0 ms]
      [Redirty Cards: 0.1 ms]
      [Humongous Register: 0.0 ms]
      [Humongous Reclaim: 0.0 ms]
      [Free CSet: 0.0 ms]
   [Eden: 1024.0K(1024.0K)->0.0B(1024.0K) Survivors: 0.0B->0.0B Heap: 1770.9K(2048.0K)->1770.9K(2048.0K)]
 [Times: user=0.00 sys=0.01, real=0.01 secs] 
2020-11-18T14:35:20.230-0800: 0.228: [Full GC (Allocation Failure)  1770K->742K(2048K), 0.0025725 secs]
   [Eden: 0.0B(1024.0K)->0.0B(1024.0K) Survivors: 0.0B->0.0B Heap: 1770.9K(2048.0K)->742.8K(2048.0K)], [Metaspace: 4439K->4439K(36864K)]
 [Times: user=0.00 sys=0.00, real=0.00 secs] 
2020-11-18T14:35:20.244-0800: 0.242: [GC pause (G1 Evacuation Pause) (young) (to-space exhausted), 0.0017150 secs]
   [Parallel Time: 1.0 ms, GC Workers: 10]
      [GC Worker Start (ms): Min: 242.1, Avg: 242.2, Max: 242.2, Diff: 0.1]
      [Ext Root Scanning (ms): Min: 0.1, Avg: 0.2, Max: 0.8, Diff: 0.7, Sum: 1.9]
      [Update RS (ms): Min: 0.0, Avg: 0.0, Max: 0.1, Diff: 0.1, Sum: 0.1]
         [Processed Buffers: Min: 0, Avg: 0.2, Max: 2, Diff: 2, Sum: 2]
      [Scan RS (ms): Min: 0.0, Avg: 0.0, Max: 0.0, Diff: 0.0, Sum: 0.0]
      [Code Root Scanning (ms): Min: 0.0, Avg: 0.0, Max: 0.0, Diff: 0.0, Sum: 0.0]
      [Object Copy (ms): Min: 0.0, Avg: 0.4, Max: 0.5, Diff: 0.5, Sum: 4.1]
      [Termination (ms): Min: 0.0, Avg: 0.2, Max: 0.3, Diff: 0.3, Sum: 2.3]
         [Termination Attempts: Min: 1, Avg: 1.0, Max: 1, Diff: 0, Sum: 10]
      [GC Worker Other (ms): Min: 0.0, Avg: 0.0, Max: 0.0, Diff: 0.0, Sum: 0.1]
      [GC Worker Total (ms): Min: 0.8, Avg: 0.8, Max: 0.9, Diff: 0.1, Sum: 8.4]
      [GC Worker End (ms): Min: 242.9, Avg: 243.0, Max: 243.1, Diff: 0.1]
   [Code Root Fixup: 0.0 ms]
   [Code Root Purge: 0.0 ms]
   [Clear CT: 0.1 ms]
   [Other: 0.7 ms]
      [Evacuation Failure: 0.4 ms]
      [Choose CSet: 0.0 ms]
      [Ref Proc: 0.1 ms]
      [Ref Enq: 0.0 ms]
      [Redirty Cards: 0.1 ms]
      [Humongous Register: 0.0 ms]
      [Humongous Reclaim: 0.0 ms]
      [Free CSet: 0.0 ms]
   [Eden: 1024.0K(1024.0K)->0.0B(1024.0K) Survivors: 0.0B->0.0B Heap: 1766.8K(2048.0K)->1766.8K(2048.0K)]
 [Times: user=0.01 sys=0.00, real=0.00 secs] 
2020-11-18T14:35:20.246-0800: 0.244: [GC pause (G1 Evacuation Pause) (young) (initial-mark), 0.0005942 secs]
   [Parallel Time: 0.3 ms, GC Workers: 10]
      [GC Worker Start (ms): Min: 243.9, Avg: 244.0, Max: 244.0, Diff: 0.0]
      [Ext Root Scanning (ms): Min: 0.1, Avg: 0.1, Max: 0.1, Diff: 0.0, Sum: 0.9]
      [Update RS (ms): Min: 0.0, Avg: 0.0, Max: 0.1, Diff: 0.1, Sum: 0.3]
         [Processed Buffers: Min: 0, Avg: 1.0, Max: 2, Diff: 2, Sum: 10]
      [Scan RS (ms): Min: 0.0, Avg: 0.0, Max: 0.0, Diff: 0.0, Sum: 0.0]
      [Code Root Scanning (ms): Min: 0.0, Avg: 0.0, Max: 0.0, Diff: 0.0, Sum: 0.0]
      [Object Copy (ms): Min: 0.0, Avg: 0.0, Max: 0.0, Diff: 0.0, Sum: 0.0]
      [Termination (ms): Min: 0.0, Avg: 0.1, Max: 0.2, Diff: 0.2, Sum: 1.5]
         [Termination Attempts: Min: 1, Avg: 1.0, Max: 1, Diff: 0, Sum: 10]
      [GC Worker Other (ms): Min: 0.0, Avg: 0.0, Max: 0.0, Diff: 0.0, Sum: 0.0]
      [GC Worker Total (ms): Min: 0.2, Avg: 0.3, Max: 0.3, Diff: 0.1, Sum: 2.7]
      [GC Worker End (ms): Min: 244.2, Avg: 244.2, Max: 244.3, Diff: 0.1]
   [Code Root Fixup: 0.0 ms]
   [Code Root Purge: 0.0 ms]
   [Clear CT: 0.1 ms]
   [Other: 0.2 ms]
      [Choose CSet: 0.0 ms]
      [Ref Proc: 0.1 ms]
      [Ref Enq: 0.0 ms]
      [Redirty Cards: 0.1 ms]
      [Humongous Register: 0.0 ms]
      [Humongous Reclaim: 0.0 ms]
      [Free CSet: 0.0 ms]
   [Eden: 0.0B(1024.0K)->0.0B(1024.0K) Survivors: 0.0B->0.0B Heap: 1766.8K(2048.0K)->1766.8K(2048.0K)]
 [Times: user=0.00 sys=0.00, real=0.00 secs] 
2020-11-18T14:35:20.246-0800: 0.245: [GC concurrent-root-region-scan-start]
2020-11-18T14:35:20.246-0800: 0.245: [GC concurrent-root-region-scan-end, 0.0000056 secs]
2020-11-18T14:35:20.246-0800: 0.245: [GC concurrent-mark-start]
2020-11-18T14:35:20.246-0800: 0.245: [Full GC (Allocation Failure)  1766K->762K(2048K), 0.0028151 secs]
   [Eden: 0.0B(1024.0K)->0.0B(1024.0K) Survivors: 0.0B->0.0B Heap: 1766.8K(2048.0K)->762.4K(2048.0K)], [Metaspace: 4712K->4712K(36864K)]
 [Times: user=0.00 sys=0.00, real=0.00 secs] 
2020-11-18T14:35:20.249-0800: 0.247: [GC concurrent-mark-abort]
2020-11-18T14:35:20.258-0800: 0.256: [Full GC (System.gc())  1201K->797K(2048K), 0.0031479 secs]
   [Eden: 1024.0K(1024.0K)->0.0B(1024.0K) Survivors: 0.0B->0.0B Heap: 1201.1K(2048.0K)->797.7K(2048.0K)], [Metaspace: 4864K->4864K(36864K)]
 [Times: user=0.00 sys=0.00, real=0.01 secs] 
2020-11-18T14:35:20.263-0800: 0.261: [Full GC (System.gc())  829K->799K(2048K), 0.0028217 secs]
   [Eden: 1024.0K(1024.0K)->0.0B(1024.0K) Survivors: 0.0B->0.0B Heap: 829.9K(2048.0K)->799.8K(2048.0K)], [Metaspace: 4864K->4864K(36864K)]
 [Times: user=0.01 sys=0.00, real=0.00 secs] 
2020-11-18T14:35:20.267-0800: 0.266: [Full GC (System.gc())  834K->802K(2048K), 0.0034718 secs]
   [Eden: 1024.0K(1024.0K)->0.0B(1024.0K) Survivors: 0.0B->0.0B Heap: 834.2K(2048.0K)->802.2K(2048.0K)], [Metaspace: 4864K->4864K(36864K)]
 [Times: user=0.00 sys=0.00, real=0.01 secs] 
2020-11-18T14:35:20.273-0800: 0.271: [Full GC (System.gc())  830K->805K(2048K), 0.0039053 secs]
   [Eden: 1024.0K(1024.0K)->0.0B(1024.0K) Survivors: 0.0B->0.0B Heap: 830.9K(2048.0K)->805.8K(2048.0K)], [Metaspace: 4866K->4866K(36864K)]
 [Times: user=0.01 sys=0.00, real=0.00 secs] 
2020-11-18T14:35:20.278-0800: 0.277: [Full GC (System.gc())  834K->808K(2048K), 0.0040123 secs]
   [Eden: 1024.0K(1024.0K)->0.0B(1024.0K) Survivors: 0.0B->0.0B Heap: 835.0K(2048.0K)->808.2K(2048.0K)], [Metaspace: 4866K->4866K(36864K)]
 [Times: user=0.01 sys=0.00, real=0.01 secs] 
2020-11-18T14:35:20.284-0800: 0.283: [Full GC (System.gc())  835K->810K(2048K), 0.0041508 secs]
   [Eden: 1024.0K(1024.0K)->0.0B(1024.0K) Survivors: 0.0B->0.0B Heap: 836.0K(2048.0K)->810.6K(2048.0K)], [Metaspace: 4866K->4866K(36864K)]
 [Times: user=0.00 sys=0.00, real=0.00 secs] 
2020-11-18T14:35:20.290-0800: 0.289: [Full GC (System.gc())  840K->813K(2048K), 0.0051404 secs]
   [Eden: 1024.0K(1024.0K)->0.0B(1024.0K) Survivors: 0.0B->0.0B Heap: 840.8K(2048.0K)->813.8K(2048.0K)], [Metaspace: 4870K->4870K(36864K)]
 [Times: user=0.01 sys=0.00, real=0.00 secs] 
2020-11-18T14:35:20.300-0800: 0.298: [Full GC (System.gc())  842K->816K(2048K), 0.0042791 secs]
   [Eden: 1024.0K(1024.0K)->0.0B(1024.0K) Survivors: 0.0B->0.0B Heap: 842.8K(2048.0K)->816.2K(2048.0K)], [Metaspace: 4874K->4874K(36864K)]
 [Times: user=0.00 sys=0.01, real=0.00 secs] 
2020-11-18T14:35:20.306-0800: 0.304: [Full GC (System.gc())  845K->818K(2048K), 0.0040201 secs]
   [Eden: 1024.0K(1024.0K)->0.0B(1024.0K) Survivors: 0.0B->0.0B Heap: 845.2K(2048.0K)->818.6K(2048.0K)], [Metaspace: 4877K->4877K(36864K)]
 [Times: user=0.01 sys=0.00, real=0.01 secs] 
2020-11-18T14:35:20.311-0800: 0.310: [Full GC (System.gc())  847K->821K(2048K), 0.0037937 secs]
   [Eden: 1024.0K(1024.0K)->0.0B(1024.0K) Survivors: 0.0B->0.0B Heap: 847.6K(2048.0K)->821.0K(2048.0K)], [Metaspace: 4878K->4878K(36864K)]
 [Times: user=0.01 sys=0.00, real=0.00 secs] 
2020-11-18T14:35:20.317-0800: 0.315: [Full GC (System.gc())  850K->823K(2048K), 0.0038818 secs]
   [Eden: 1024.0K(1024.0K)->0.0B(1024.0K) Survivors: 0.0B->0.0B Heap: 850.0K(2048.0K)->823.5K(2048.0K)], [Metaspace: 4878K->4878K(36864K)]
 [Times: user=0.00 sys=0.00, real=0.01 secs] 
2020-11-18T14:35:20.322-0800: 0.321: [Full GC (System.gc())  852K->825K(2048K), 0.0038563 secs]
   [Eden: 1024.0K(1024.0K)->0.0B(1024.0K) Survivors: 0.0B->0.0B Heap: 852.5K(2048.0K)->825.9K(2048.0K)], [Metaspace: 4878K->4878K(36864K)]
 [Times: user=0.01 sys=0.00, real=0.00 secs] 
2020-11-18T14:35:20.328-0800: 0.326: [Full GC (System.gc())  854K->828K(2048K), 0.0039105 secs]
   [Eden: 1024.0K(1024.0K)->0.0B(1024.0K) Survivors: 0.0B->0.0B Heap: 854.9K(2048.0K)->828.3K(2048.0K)], [Metaspace: 4878K->4878K(36864K)]
 [Times: user=0.01 sys=0.00, real=0.01 secs] 
2020-11-18T14:35:20.333-0800: 0.332: [Full GC (System.gc())  857K->830K(2048K), 0.0040313 secs]
   [Eden: 1024.0K(1024.0K)->0.0B(1024.0K) Survivors: 0.0B->0.0B Heap: 857.3K(2048.0K)->830.7K(2048.0K)], [Metaspace: 4879K->4879K(36864K)]
 [Times: user=0.01 sys=0.00, real=0.00 secs] 
2020-11-18T14:35:20.339-0800: 0.337: [Full GC (System.gc())  859K->833K(2048K), 0.0038389 secs]
   [Eden: 1024.0K(1024.0K)->0.0B(1024.0K) Survivors: 0.0B->0.0B Heap: 859.7K(2048.0K)->833.1K(2048.0K)], [Metaspace: 4879K->4879K(36864K)]
 [Times: user=0.00 sys=0.00, real=0.01 secs] 
2020-11-18T14:35:20.344-0800: 0.343: [Full GC (System.gc())  862K->835K(2048K), 0.0038481 secs]
   [Eden: 1024.0K(1024.0K)->0.0B(1024.0K) Survivors: 0.0B->0.0B Heap: 862.1K(2048.0K)->835.6K(2048.0K)], [Metaspace: 4879K->4879K(36864K)]
 [Times: user=0.01 sys=0.00, real=0.00 secs] 
2020-11-18T14:35:20.350-0800: 0.348: [Full GC (System.gc())  864K->837K(2048K), 0.0043132 secs]
   [Eden: 1024.0K(1024.0K)->0.0B(1024.0K) Survivors: 0.0B->0.0B Heap: 864.6K(2048.0K)->838.0K(2048.0K)], [Metaspace: 4880K->4880K(36864K)]
 [Times: user=0.00 sys=0.00, real=0.00 secs] 
2020-11-18T14:35:20.355-0800: 0.354: [Full GC (System.gc())  866K->840K(2048K), 0.0045243 secs]
   [Eden: 1024.0K(1024.0K)->0.0B(1024.0K) Survivors: 0.0B->0.0B Heap: 867.0K(2048.0K)->840.4K(2048.0K)], [Metaspace: 4880K->4880K(36864K)]
 [Times: user=0.01 sys=0.00, real=0.01 secs] 
2020-11-18T14:35:20.361-0800: 0.360: [Full GC (System.gc())  869K->842K(2048K), 0.0046437 secs]
   [Eden: 1024.0K(1024.0K)->0.0B(1024.0K) Survivors: 0.0B->0.0B Heap: 869.4K(2048.0K)->842.8K(2048.0K)], [Metaspace: 4880K->4880K(36864K)]
 [Times: user=0.01 sys=0.00, real=0.00 secs] 
2020-11-18T14:35:20.368-0800: 0.366: [Full GC (System.gc())  871K->845K(2048K), 0.0045298 secs]
   [Eden: 1024.0K(1024.0K)->0.0B(1024.0K) Survivors: 0.0B->0.0B Heap: 871.8K(2048.0K)->845.2K(2048.0K)], [Metaspace: 4880K->4880K(36864K)]
 [Times: user=0.00 sys=0.00, real=0.01 secs] 
2020-11-18T14:35:20.374-0800: 0.372: [Full GC (System.gc())  874K->847K(2048K), 0.0044058 secs]
   [Eden: 1024.0K(1024.0K)->0.0B(1024.0K) Survivors: 0.0B->0.0B Heap: 874.2K(2048.0K)->847.6K(2048.0K)], [Metaspace: 4881K->4881K(36864K)]
 [Times: user=0.00 sys=0.00, real=0.00 secs] 
2020-11-18T14:35:20.380-0800: 0.378: [Full GC (System.gc())  878K->850K(2048K), 0.0038940 secs]
   [Eden: 1024.0K(1024.0K)->0.0B(1024.0K) Survivors: 0.0B->0.0B Heap: 878.7K(2048.0K)->850.1K(2048.0K)], [Metaspace: 4884K->4884K(36864K)]
 [Times: user=0.01 sys=0.00, real=0.00 secs] 
2020-11-18T14:35:20.385-0800: 0.383: [Full GC (System.gc())  879K->852K(2048K), 0.0040538 secs]
   [Eden: 1024.0K(1024.0K)->0.0B(1024.0K) Survivors: 0.0B->0.0B Heap: 879.1K(2048.0K)->852.6K(2048.0K)], [Metaspace: 4884K->4884K(36864K)]
 [Times: user=0.00 sys=0.01, real=0.00 secs] 
2020-11-18T14:35:20.391-0800: 0.389: [Full GC (System.gc())  880K->855K(2048K), 0.0040268 secs]
   [Eden: 1024.0K(1024.0K)->0.0B(1024.0K) Survivors: 0.0B->0.0B Heap: 880.9K(2048.0K)->855.2K(2048.0K)], [Metaspace: 4884K->4884K(36864K)]
 [Times: user=0.01 sys=0.00, real=0.00 secs] 
2020-11-18T14:35:20.396-0800: 0.395: [Full GC (System.gc())  886K->857K(2048K), 0.0039444 secs]
   [Eden: 1024.0K(1024.0K)->0.0B(1024.0K) Survivors: 0.0B->0.0B Heap: 886.2K(2048.0K)->858.0K(2048.0K)], [Metaspace: 4887K->4887K(36864K)]
 [Times: user=0.01 sys=0.00, real=0.01 secs] 
2020-11-18T14:35:20.402-0800: 0.400: [Full GC (System.gc())  886K->860K(2048K), 0.0039485 secs]
   [Eden: 1024.0K(1024.0K)->0.0B(1024.0K) Survivors: 0.0B->0.0B Heap: 887.0K(2048.0K)->860.4K(2048.0K)], [Metaspace: 4887K->4887K(36864K)]
 [Times: user=0.01 sys=0.00, real=0.00 secs] 
2020-11-18T14:35:20.407-0800: 0.406: [Full GC (System.gc())  889K->862K(2048K), 0.0040568 secs]
   [Eden: 1024.0K(1024.0K)->0.0B(1024.0K) Survivors: 0.0B->0.0B Heap: 889.4K(2048.0K)->862.8K(2048.0K)], [Metaspace: 4887K->4887K(36864K)]
 [Times: user=0.01 sys=0.00, real=0.01 secs] 
2020-11-18T14:35:20.413-0800: 0.411: [Full GC (System.gc())  891K->865K(2048K), 0.0041941 secs]
   [Eden: 1024.0K(1024.0K)->0.0B(1024.0K) Survivors: 0.0B->0.0B Heap: 891.8K(2048.0K)->865.2K(2048.0K)], [Metaspace: 4887K->4887K(36864K)]
 [Times: user=0.01 sys=0.00, real=0.00 secs] 
2020-11-18T14:35:20.419-0800: 0.417: [Full GC (System.gc())  894K->867K(2048K), 0.0040460 secs]
   [Eden: 1024.0K(1024.0K)->0.0B(1024.0K) Survivors: 0.0B->0.0B Heap: 894.2K(2048.0K)->867.6K(2048.0K)], [Metaspace: 4887K->4887K(36864K)]
 [Times: user=0.00 sys=0.00, real=0.01 secs] 
2020-11-18T14:35:20.424-0800: 0.422: [Full GC (System.gc())  896K->870K(2048K), 0.0041279 secs]
   [Eden: 1024.0K(1024.0K)->0.0B(1024.0K) Survivors: 0.0B->0.0B Heap: 896.6K(2048.0K)->870.1K(2048.0K)], [Metaspace: 4887K->4887K(36864K)]
 [Times: user=0.00 sys=0.00, real=0.00 secs] 
2020-11-18T14:35:20.430-0800: 0.428: [Full GC (System.gc())  899K->872K(2048K), 0.0043039 secs]
   [Eden: 1024.0K(1024.0K)->0.0B(1024.0K) Survivors: 0.0B->0.0B Heap: 899.1K(2048.0K)->872.5K(2048.0K)], [Metaspace: 4887K->4887K(36864K)]
 [Times: user=0.01 sys=0.00, real=0.00 secs] 
2020-11-18T14:35:20.436-0800: 0.434: [Full GC (System.gc())  901K->874K(2048K), 0.0041549 secs]
   [Eden: 1024.0K(1024.0K)->0.0B(1024.0K) Survivors: 0.0B->0.0B Heap: 901.5K(2048.0K)->874.9K(2048.0K)], [Metaspace: 4887K->4887K(36864K)]
 [Times: user=0.01 sys=0.00, real=0.01 secs] 
2020-11-18T14:35:20.441-0800: 0.440: [Full GC (System.gc())  903K->877K(2048K), 0.0039332 secs]
   [Eden: 1024.0K(1024.0K)->0.0B(1024.0K) Survivors: 0.0B->0.0B Heap: 903.9K(2048.0K)->877.3K(2048.0K)], [Metaspace: 4887K->4887K(36864K)]
 [Times: user=0.00 sys=0.00, real=0.00 secs] 
2020-11-18T14:35:20.447-0800: 0.445: [Full GC (System.gc())  906K->879K(2048K), 0.0039524 secs]
   [Eden: 1024.0K(1024.0K)->0.0B(1024.0K) Survivors: 0.0B->0.0B Heap: 906.3K(2048.0K)->879.8K(2048.0K)], [Metaspace: 4887K->4887K(36864K)]
 [Times: user=0.01 sys=0.00, real=0.01 secs] 
2020-11-18T14:35:20.452-0800: 0.450: [Full GC (System.gc())  908K->882K(2048K), 0.0039176 secs]
   [Eden: 1024.0K(1024.0K)->0.0B(1024.0K) Survivors: 0.0B->0.0B Heap: 908.8K(2048.0K)->882.2K(2048.0K)], [Metaspace: 4887K->4887K(36864K)]
 [Times: user=0.01 sys=0.00, real=0.00 secs] 
2020-11-18T14:35:20.458-0800: 0.456: [Full GC (System.gc())  911K->884K(2048K), 0.0038870 secs]
   [Eden: 1024.0K(1024.0K)->0.0B(1024.0K) Survivors: 0.0B->0.0B Heap: 911.2K(2048.0K)->884.6K(2048.0K)], [Metaspace: 4887K->4887K(36864K)]
 [Times: user=0.01 sys=0.00, real=0.01 secs] 
2020-11-18T14:35:20.463-0800: 0.461: [Full GC (System.gc())  913K->887K(2048K), 0.0039015 secs]
   [Eden: 1024.0K(1024.0K)->0.0B(1024.0K) Survivors: 0.0B->0.0B Heap: 913.6K(2048.0K)->887.0K(2048.0K)], [Metaspace: 4887K->4887K(36864K)]
 [Times: user=0.01 sys=0.00, real=0.00 secs] 
2020-11-18T14:35:20.468-0800: 0.467: [Full GC (System.gc())  916K->889K(2048K), 0.0038676 secs]
   [Eden: 1024.0K(1024.0K)->0.0B(1024.0K) Survivors: 0.0B->0.0B Heap: 916.0K(2048.0K)->889.4K(2048.0K)], [Metaspace: 4887K->4887K(36864K)]
 [Times: user=0.01 sys=0.01, real=0.01 secs] 
2020-11-18T14:35:20.474-0800: 0.472: [Full GC (System.gc())  918K->891K(2048K), 0.0037651 secs]
   [Eden: 1024.0K(1024.0K)->0.0B(1024.0K) Survivors: 0.0B->0.0B Heap: 918.4K(2048.0K)->891.8K(2048.0K)], [Metaspace: 4887K->4887K(36864K)]
 [Times: user=0.01 sys=0.00, real=0.00 secs] 
2020-11-18T14:35:20.479-0800: 0.477: [Full GC (System.gc())  920K->894K(2048K), 0.0035992 secs]
   [Eden: 1024.0K(1024.0K)->0.0B(1024.0K) Survivors: 0.0B->0.0B Heap: 920.9K(2048.0K)->894.3K(2048.0K)], [Metaspace: 4887K->4887K(36864K)]
 [Times: user=0.00 sys=0.00, real=0.01 secs] 
2020-11-18T14:35:20.484-0800: 0.483: [Full GC (System.gc())  923K->896K(2048K), 0.0036339 secs]
   [Eden: 1024.0K(1024.0K)->0.0B(1024.0K) Survivors: 0.0B->0.0B Heap: 923.3K(2048.0K)->896.7K(2048.0K)], [Metaspace: 4887K->4887K(36864K)]
 [Times: user=0.01 sys=0.00, real=0.00 secs] 
2020-11-18T14:35:20.489-0800: 0.487: [Full GC (System.gc())  925K->899K(2048K), 0.0035669 secs]
   [Eden: 1024.0K(1024.0K)->0.0B(1024.0K) Survivors: 0.0B->0.0B Heap: 925.7K(2048.0K)->899.1K(2048.0K)], [Metaspace: 4887K->4887K(36864K)]
 [Times: user=0.00 sys=0.00, real=0.01 secs] 
2020-11-18T14:35:20.494-0800: 0.493: [Full GC (System.gc())  928K->901K(2048K), 0.0034584 secs]
   [Eden: 1024.0K(1024.0K)->0.0B(1024.0K) Survivors: 0.0B->0.0B Heap: 928.1K(2048.0K)->901.5K(2048.0K)], [Metaspace: 4887K->4887K(36864K)]
 [Times: user=0.00 sys=0.00, real=0.00 secs] 
2020-11-18T14:35:20.499-0800: 0.497: [Full GC (System.gc())  930K->903K(2048K), 0.0034088 secs]
   [Eden: 1024.0K(1024.0K)->0.0B(1024.0K) Survivors: 0.0B->0.0B Heap: 930.5K(2048.0K)->903.9K(2048.0K)], [Metaspace: 4887K->4887K(36864K)]
 [Times: user=0.00 sys=0.00, real=0.01 secs] 
2020-11-18T14:35:20.504-0800: 0.502: [Full GC (System.gc())  932K->906K(2048K), 0.0036065 secs]
   [Eden: 1024.0K(1024.0K)->0.0B(1024.0K) Survivors: 0.0B->0.0B Heap: 932.9K(2048.0K)->906.3K(2048.0K)], [Metaspace: 4887K->4887K(36864K)]
 [Times: user=0.01 sys=0.00, real=0.00 secs] 
2020-11-18T14:35:20.509-0800: 0.507: [Full GC (System.gc())  935K->908K(2048K), 0.0031902 secs]
   [Eden: 1024.0K(1024.0K)->0.0B(1024.0K) Survivors: 0.0B->0.0B Heap: 935.3K(2048.0K)->908.7K(2048.0K)], [Metaspace: 4887K->4887K(36864K)]
 [Times: user=0.00 sys=0.00, real=0.01 secs] 
2020-11-18T14:35:20.514-0800: 0.512: [Full GC (System.gc())  937K->911K(2048K), 0.0032014 secs]
   [Eden: 1024.0K(1024.0K)->0.0B(1024.0K) Survivors: 0.0B->0.0B Heap: 937.8K(2048.0K)->911.2K(2048.0K)], [Metaspace: 4887K->4887K(36864K)]
 [Times: user=0.00 sys=0.00, real=0.00 secs] 
2020-11-18T14:35:20.518-0800: 0.517: [Full GC (System.gc())  940K->913K(2048K), 0.0032696 secs]
   [Eden: 1024.0K(1024.0K)->0.0B(1024.0K) Survivors: 0.0B->0.0B Heap: 940.2K(2048.0K)->913.6K(2048.0K)], [Metaspace: 4887K->4887K(36864K)]
 [Times: user=0.00 sys=0.00, real=0.01 secs] 
2020-11-18T14:35:20.523-0800: 0.521: [Full GC (System.gc())  942K->915K(2048K), 0.0036011 secs]
   [Eden: 1024.0K(1024.0K)->0.0B(1024.0K) Survivors: 0.0B->0.0B Heap: 942.6K(2048.0K)->916.0K(2048.0K)], [Metaspace: 4887K->4887K(36864K)]
 [Times: user=0.00 sys=0.00, real=0.00 secs] 
2020-11-18T14:35:20.528-0800: 0.527: [Full GC (System.gc())  944K->918K(2048K), 0.0034078 secs]
   [Eden: 1024.0K(1024.0K)->0.0B(1024.0K) Survivors: 0.0B->0.0B Heap: 945.0K(2048.0K)->918.5K(2048.0K)], [Metaspace: 4887K->4887K(36864K)]
 [Times: user=0.01 sys=0.00, real=0.01 secs] 
2020-11-18T14:35:20.533-0800: 0.531: [Full GC (System.gc())  947K->920K(2048K), 0.0032827 secs]
   [Eden: 1024.0K(1024.0K)->0.0B(1024.0K) Survivors: 0.0B->0.0B Heap: 947.5K(2048.0K)->920.9K(2048.0K)], [Metaspace: 4887K->4887K(36864K)]
 [Times: user=0.00 sys=0.00, real=0.00 secs] 
2020-11-18T14:35:20.538-0800: 0.536: [Full GC (System.gc())  949K->923K(2048K), 0.0031094 secs]
   [Eden: 1024.0K(1024.0K)->0.0B(1024.0K) Survivors: 0.0B->0.0B Heap: 949.9K(2048.0K)->923.3K(2048.0K)], [Metaspace: 4887K->4887K(36864K)]
 [Times: user=0.00 sys=0.00, real=0.01 secs] 
2020-11-18T14:35:20.542-0800: 0.541: [Full GC (System.gc())  952K->925K(2048K), 0.0031390 secs]
   [Eden: 1024.0K(1024.0K)->0.0B(1024.0K) Survivors: 0.0B->0.0B Heap: 952.3K(2048.0K)->925.7K(2048.0K)], [Metaspace: 4887K->4887K(36864K)]
 [Times: user=0.01 sys=0.00, real=0.00 secs] 
2020-11-18T14:35:20.547-0800: 0.545: [Full GC (System.gc())  954K->928K(2048K), 0.0030837 secs]
   [Eden: 1024.0K(1024.0K)->0.0B(1024.0K) Survivors: 0.0B->0.0B Heap: 954.7K(2048.0K)->928.1K(2048.0K)], [Metaspace: 4887K->4887K(36864K)]
 [Times: user=0.00 sys=0.00, real=0.01 secs] 
2020-11-18T14:35:20.551-0800: 0.550: [Full GC (System.gc())  956K->930K(2048K), 0.0034657 secs]
   [Eden: 1024.0K(1024.0K)->0.0B(1024.0K) Survivors: 0.0B->0.0B Heap: 956.6K(2048.0K)->931.0K(2048.0K)], [Metaspace: 4887K->4887K(36864K)]
 [Times: user=0.01 sys=0.00, real=0.00 secs] 
2020-11-18T14:35:20.556-0800: 0.555: [Full GC (System.gc())  960K->933K(2048K), 0.0031711 secs]
   [Eden: 1024.0K(1024.0K)->0.0B(1024.0K) Survivors: 0.0B->0.0B Heap: 960.1K(2048.0K)->933.5K(2048.0K)], [Metaspace: 4887K->4887K(36864K)]
 [Times: user=0.01 sys=0.01, real=0.01 secs] 
2020-11-18T14:35:20.561-0800: 0.559: [Full GC (System.gc())  962K->935K(2048K), 0.0033765 secs]
   [Eden: 1024.0K(1024.0K)->0.0B(1024.0K) Survivors: 0.0B->0.0B Heap: 962.5K(2048.0K)->935.9K(2048.0K)], [Metaspace: 4887K->4887K(36864K)]
 [Times: user=0.01 sys=0.00, real=0.00 secs] 
2020-11-18T14:35:20.566-0800: 0.564: [Full GC (System.gc())  964K->938K(2048K), 0.0033832 secs]
   [Eden: 1024.0K(1024.0K)->0.0B(1024.0K) Survivors: 0.0B->0.0B Heap: 964.9K(2048.0K)->938.3K(2048.0K)], [Metaspace: 4887K->4887K(36864K)]
 [Times: user=0.01 sys=0.00, real=0.00 secs] 
2020-11-18T14:35:20.571-0800: 0.569: [Full GC (System.gc())  967K->940K(2048K), 0.0034040 secs]
   [Eden: 1024.0K(1024.0K)->0.0B(1024.0K) Survivors: 0.0B->0.0B Heap: 967.3K(2048.0K)->940.8K(2048.0K)], [Metaspace: 4887K->4887K(36864K)]
 [Times: user=0.01 sys=0.00, real=0.00 secs] 
2020-11-18T14:35:20.576-0800: 0.574: [Full GC (System.gc())  969K->943K(2048K), 0.0029855 secs]
   [Eden: 1024.0K(1024.0K)->0.0B(1024.0K) Survivors: 0.0B->0.0B Heap: 969.8K(2048.0K)->943.2K(2048.0K)], [Metaspace: 4887K->4887K(36864K)]
 [Times: user=0.01 sys=0.00, real=0.00 secs] 
2020-11-18T14:35:20.580-0800: 0.578: [Full GC (System.gc())  972K->945K(2048K), 0.0027474 secs]
   [Eden: 1024.0K(1024.0K)->0.0B(1024.0K) Survivors: 0.0B->0.0B Heap: 972.2K(2048.0K)->945.6K(2048.0K)], [Metaspace: 4887K->4887K(36864K)]
 [Times: user=0.00 sys=0.00, real=0.00 secs] 
2020-11-18T14:35:20.584-0800: 0.582: [Full GC (System.gc())  975K->948K(2048K), 0.0028615 secs]
   [Eden: 1024.0K(1024.0K)->0.0B(1024.0K) Survivors: 0.0B->0.0B Heap: 975.1K(2048.0K)->948.3K(2048.0K)], [Metaspace: 4887K->4887K(36864K)]
 [Times: user=0.01 sys=0.00, real=0.00 secs] 
2020-11-18T14:35:20.588-0800: 0.587: [Full GC (System.gc())  977K->950K(2048K), 0.0028374 secs]
   [Eden: 1024.0K(1024.0K)->0.0B(1024.0K) Survivors: 0.0B->0.0B Heap: 977.4K(2048.0K)->950.8K(2048.0K)], [Metaspace: 4887K->4887K(36864K)]
 [Times: user=0.01 sys=0.00, real=0.01 secs] 
2020-11-18T14:35:20.593-0800: 0.591: [Full GC (System.gc())  979K->953K(2048K), 0.0028021 secs]
   [Eden: 1024.0K(1024.0K)->0.0B(1024.0K) Survivors: 0.0B->0.0B Heap: 979.8K(2048.0K)->953.2K(2048.0K)], [Metaspace: 4887K->4887K(36864K)]
 [Times: user=0.01 sys=0.00, real=0.00 secs] 
2020-11-18T14:35:20.597-0800: 0.595: [Full GC (System.gc())  982K->955K(2048K), 0.0027868 secs]
   [Eden: 1024.0K(1024.0K)->0.0B(1024.0K) Survivors: 0.0B->0.0B Heap: 982.2K(2048.0K)->955.6K(2048.0K)], [Metaspace: 4887K->4887K(36864K)]
 [Times: user=0.00 sys=0.00, real=0.01 secs] 
2020-11-18T14:35:20.601-0800: 0.599: [Full GC (System.gc())  984K->958K(2048K), 0.0029945 secs]
   [Eden: 1024.0K(1024.0K)->0.0B(1024.0K) Survivors: 0.0B->0.0B Heap: 984.6K(2048.0K)->958.0K(2048.0K)], [Metaspace: 4887K->4887K(36864K)]
 [Times: user=0.01 sys=0.00, real=0.00 secs] 
2020-11-18T14:35:20.606-0800: 0.604: [Full GC (System.gc())  987K->960K(2048K), 0.0030441 secs]
   [Eden: 1024.0K(1024.0K)->0.0B(1024.0K) Survivors: 0.0B->0.0B Heap: 987.0K(2048.0K)->960.4K(2048.0K)], [Metaspace: 4887K->4887K(36864K)]
 [Times: user=0.00 sys=0.00, real=0.00 secs] 
2020-11-18T14:35:20.610-0800: 0.608: [Full GC (System.gc())  989K->962K(2048K), 0.0033095 secs]
   [Eden: 1024.0K(1024.0K)->0.0B(1024.0K) Survivors: 0.0B->0.0B Heap: 989.4K(2048.0K)->962.8K(2048.0K)], [Metaspace: 4887K->4887K(36864K)]
 [Times: user=0.01 sys=0.00, real=0.00 secs] 
2020-11-18T14:35:20.615-0800: 0.613: [Full GC (System.gc())  991K->965K(2048K), 0.0036563 secs]
   [Eden: 1024.0K(1024.0K)->0.0B(1024.0K) Survivors: 0.0B->0.0B Heap: 991.8K(2048.0K)->965.2K(2048.0K)], [Metaspace: 4887K->4887K(36864K)]
 [Times: user=0.00 sys=0.00, real=0.00 secs] 
2020-11-18T14:35:20.620-0800: 0.618: [Full GC (System.gc())  994K->967K(2048K), 0.0037608 secs]
   [Eden: 1024.0K(1024.0K)->0.0B(1024.0K) Survivors: 0.0B->0.0B Heap: 994.2K(2048.0K)->967.7K(2048.0K)], [Metaspace: 4887K->4887K(36864K)]
 [Times: user=0.01 sys=0.00, real=0.00 secs] 
2020-11-18T14:35:20.625-0800: 0.624: [Full GC (System.gc())  996K->970K(2048K), 0.0037105 secs]
   [Eden: 1024.0K(1024.0K)->0.0B(1024.0K) Survivors: 0.0B->0.0B Heap: 996.7K(2048.0K)->970.1K(2048.0K)], [Metaspace: 4887K->4887K(36864K)]
 [Times: user=0.00 sys=0.00, real=0.00 secs] 
2020-11-18T14:35:20.631-0800: 0.629: [Full GC (System.gc())  999K->972K(2048K), 0.0049911 secs]
   [Eden: 1024.0K(1024.0K)->0.0B(1024.0K) Survivors: 0.0B->0.0B Heap: 999.1K(2048.0K)->972.5K(2048.0K)], [Metaspace: 4887K->4887K(36864K)]
 [Times: user=0.01 sys=0.01, real=0.00 secs] 
2020-11-18T14:35:20.637-0800: 0.635: [Full GC (System.gc())  1001K->974K(2048K), 0.0038638 secs]
   [Eden: 1024.0K(1024.0K)->0.0B(1024.0K) Survivors: 0.0B->0.0B Heap: 1001.5K(2048.0K)->974.9K(2048.0K)], [Metaspace: 4887K->4887K(36864K)]
 [Times: user=0.00 sys=0.00, real=0.01 secs] 
2020-11-18T14:35:20.642-0800: 0.640: [Full GC (System.gc())  1003K->977K(2048K), 0.0032736 secs]
   [Eden: 1024.0K(1024.0K)->0.0B(1024.0K) Survivors: 0.0B->0.0B Heap: 1003.9K(2048.0K)->977.5K(2048.0K)], [Metaspace: 4887K->4887K(36864K)]
 [Times: user=0.01 sys=0.00, real=0.00 secs] 
2020-11-18T14:35:20.647-0800: 0.645: [Full GC (System.gc())  1006K->979K(2048K), 0.0031876 secs]
   [Eden: 1024.0K(1024.0K)->0.0B(1024.0K) Survivors: 0.0B->0.0B Heap: 1006.5K(2048.0K)->979.9K(2048.0K)], [Metaspace: 4887K->4887K(36864K)]
 [Times: user=0.00 sys=0.00, real=0.01 secs] 
2020-11-18T14:35:20.651-0800: 0.650: [Full GC (System.gc())  1008K->982K(2048K), 0.0030546 secs]
   [Eden: 1024.0K(1024.0K)->0.0B(1024.0K) Survivors: 0.0B->0.0B Heap: 1008.9K(2048.0K)->982.3K(2048.0K)], [Metaspace: 4887K->4887K(36864K)]
 [Times: user=0.01 sys=0.00, real=0.00 secs] 
2020-11-18T14:35:20.656-0800: 0.654: [Full GC (System.gc())  1011K->984K(2048K), 0.0034254 secs]
   [Eden: 1024.0K(1024.0K)->0.0B(1024.0K) Survivors: 0.0B->0.0B Heap: 1011.3K(2048.0K)->984.7K(2048.0K)], [Metaspace: 4887K->4887K(36864K)]
 [Times: user=0.00 sys=0.00, real=0.00 secs] 
2020-11-18T14:35:20.660-0800: 0.659: [Full GC (System.gc())  1013K->987K(2048K), 0.0031782 secs]
   [Eden: 1024.0K(1024.0K)->0.0B(1024.0K) Survivors: 0.0B->0.0B Heap: 1013.7K(2048.0K)->987.1K(2048.0K)], [Metaspace: 4887K->4887K(36864K)]
 [Times: user=0.00 sys=0.00, real=0.00 secs] 
2020-11-18T14:35:20.665-0800: 0.663: [Full GC (System.gc())  1016K->989K(2048K), 0.0031935 secs]
   [Eden: 1024.0K(1024.0K)->0.0B(1024.0K) Survivors: 0.0B->0.0B Heap: 1016.1K(2048.0K)->989.5K(2048.0K)], [Metaspace: 4887K->4887K(36864K)]
 [Times: user=0.00 sys=0.00, real=0.00 secs] 
2020-11-18T14:35:20.670-0800: 0.668: [Full GC (System.gc())  1018K->991K(2048K), 0.0031145 secs]
   [Eden: 1024.0K(1024.0K)->0.0B(1024.0K) Survivors: 0.0B->0.0B Heap: 1018.5K(2048.0K)->991.9K(2048.0K)], [Metaspace: 4887K->4887K(36864K)]
 [Times: user=0.00 sys=0.00, real=0.00 secs] 
2020-11-18T14:35:20.674-0800: 0.673: [Full GC (System.gc())  1020K->994K(2048K), 0.0036551 secs]
   [Eden: 1024.0K(1024.0K)->0.0B(1024.0K) Survivors: 0.0B->0.0B Heap: 1020.9K(2048.0K)->994.4K(2048.0K)], [Metaspace: 4887K->4887K(36864K)]
 [Times: user=0.01 sys=0.00, real=0.00 secs] 
2020-11-18T14:35:20.679-0800: 0.678: [Full GC (System.gc())  1023K->996K(2048K), 0.0037278 secs]
   [Eden: 1024.0K(1024.0K)->0.0B(1024.0K) Survivors: 0.0B->0.0B Heap: 1023.4K(2048.0K)->996.8K(2048.0K)], [Metaspace: 4887K->4887K(36864K)]
 [Times: user=0.00 sys=0.00, real=0.01 secs] 
2020-11-18T14:35:20.685-0800: 0.683: [Full GC (System.gc())  1025K->999K(2048K), 0.0031976 secs]
   [Eden: 1024.0K(1024.0K)->0.0B(1024.0K) Survivors: 0.0B->0.0B Heap: 1025.8K(2048.0K)->999.2K(2048.0K)], [Metaspace: 4887K->4887K(36864K)]
 [Times: user=0.01 sys=0.00, real=0.00 secs] 
2020-11-18T14:35:20.689-0800: 0.687: [Full GC (System.gc())  1028K->1001K(2048K), 0.0031427 secs]
   [Eden: 1024.0K(1024.0K)->0.0B(1024.0K) Survivors: 0.0B->0.0B Heap: 1028.2K(2048.0K)->1001.6K(2048.0K)], [Metaspace: 4887K->4887K(36864K)]
 [Times: user=0.00 sys=0.00, real=0.01 secs] 
2020-11-18T14:35:20.694-0800: 0.692: [Full GC (System.gc())  1030K->1004K(2048K), 0.0031402 secs]
   [Eden: 1024.0K(1024.0K)->0.0B(1024.0K) Survivors: 0.0B->0.0B Heap: 1030.6K(2048.0K)->1004.0K(2048.0K)], [Metaspace: 4887K->4887K(36864K)]
 [Times: user=0.01 sys=0.00, real=0.00 secs] 
2020-11-18T14:35:20.698-0800: 0.696: [Full GC (System.gc())  1033K->1006K(2048K), 0.0031496 secs]
   [Eden: 1024.0K(1024.0K)->0.0B(1024.0K) Survivors: 0.0B->0.0B Heap: 1033.0K(2048.0K)->1006.4K(2048.0K)], [Metaspace: 4887K->4887K(36864K)]
 [Times: user=0.00 sys=0.00, real=0.01 secs] 
2020-11-18T14:35:20.703-0800: 0.701: [Full GC (System.gc())  1035K->1008K(2048K), 0.0036369 secs]
   [Eden: 1024.0K(1024.0K)->0.0B(1024.0K) Survivors: 0.0B->0.0B Heap: 1035.4K(2048.0K)->1008.8K(2048.0K)], [Metaspace: 4887K->4887K(36864K)]
 [Times: user=0.01 sys=0.00, real=0.00 secs] 
2020-11-18T14:35:20.708-0800: 0.706: [Full GC (System.gc())  1037K->1011K(2048K), 0.0034879 secs]
   [Eden: 1024.0K(1024.0K)->0.0B(1024.0K) Survivors: 0.0B->0.0B Heap: 1037.8K(2048.0K)->1011.2K(2048.0K)], [Metaspace: 4887K->4887K(36864K)]
 [Times: user=0.00 sys=0.00, real=0.01 secs] 
2020-11-18T14:35:20.713-0800: 0.711: [Full GC (System.gc())  1040K->1013K(2048K), 0.0036494 secs]
   [Eden: 1024.0K(1024.0K)->0.0B(1024.0K) Survivors: 0.0B->0.0B Heap: 1040.3K(2048.0K)->1013.7K(2048.0K)], [Metaspace: 4887K->4887K(36864K)]
 [Times: user=0.01 sys=0.00, real=0.00 secs] 
2020-11-18T14:35:20.718-0800: 0.716: [Full GC (System.gc())  1042K->1016K(2048K), 0.0037885 secs]
   [Eden: 1024.0K(1024.0K)->0.0B(1024.0K) Survivors: 0.0B->0.0B Heap: 1042.7K(2048.0K)->1016.1K(2048.0K)], [Metaspace: 4887K->4887K(36864K)]
 [Times: user=0.00 sys=0.00, real=0.01 secs] 
2020-11-18T14:35:20.723-0800: 0.722: [Full GC (System.gc())  1045K->1018K(2048K), 0.0032974 secs]
   [Eden: 1024.0K(1024.0K)->0.0B(1024.0K) Survivors: 0.0B->0.0B Heap: 1045.1K(2048.0K)->1018.5K(2048.0K)], [Metaspace: 4887K->4887K(36864K)]
 [Times: user=0.01 sys=0.00, real=0.00 secs] 
2020-11-18T14:35:20.728-0800: 0.726: [Full GC (System.gc())  1047K->1020K(2048K), 0.0032927 secs]
   [Eden: 1024.0K(1024.0K)->0.0B(1024.0K) Survivors: 0.0B->0.0B Heap: 1047.5K(2048.0K)->1020.9K(2048.0K)], [Metaspace: 4887K->4887K(36864K)]
 [Times: user=0.00 sys=0.00, real=0.01 secs] 
2020-11-18T14:35:20.733-0800: 0.731: [Full GC (System.gc())  1049K->1023K(2048K), 0.0032170 secs]
   [Eden: 1024.0K(1024.0K)->0.0B(1024.0K) Survivors: 0.0B->0.0B Heap: 1049.9K(2048.0K)->1023.3K(2048.0K)], [Metaspace: 4887K->4887K(36864K)]
 [Times: user=0.00 sys=0.01, real=0.00 secs] 
2020-11-18T14:35:20.737-0800: 0.736: [Full GC (System.gc())  1052K->1025K(2048K), 0.0032779 secs]
   [Eden: 1024.0K(1024.0K)->0.0B(1024.0K) Survivors: 0.0B->0.0B Heap: 1052.3K(2048.0K)->1025.7K(2048.0K)], [Metaspace: 4887K->4887K(36864K)]
 [Times: user=0.01 sys=0.00, real=0.01 secs] 
2020-11-18T14:35:20.742-0800: 0.740: [GC pause (G1 Evacuation Pause) (young), 0.0009964 secs]
   [Parallel Time: 0.2 ms, GC Workers: 10]
      [GC Worker Start (ms): Min: 740.3, Avg: 740.3, Max: 740.4, Diff: 0.1]
      [Ext Root Scanning (ms): Min: 0.0, Avg: 0.1, Max: 0.2, Diff: 0.1, Sum: 1.0]
      [Update RS (ms): Min: 0.0, Avg: 0.0, Max: 0.0, Diff: 0.0, Sum: 0.0]
         [Processed Buffers: Min: 0, Avg: 0.0, Max: 0, Diff: 0, Sum: 0]
      [Scan RS (ms): Min: 0.0, Avg: 0.0, Max: 0.0, Diff: 0.0, Sum: 0.0]
      [Code Root Scanning (ms): Min: 0.0, Avg: 0.0, Max: 0.0, Diff: 0.0, Sum: 0.0]
      [Object Copy (ms): Min: 0.0, Avg: 0.0, Max: 0.0, Diff: 0.0, Sum: 0.0]
      [Termination (ms): Min: 0.0, Avg: 0.0, Max: 0.0, Diff: 0.0, Sum: 0.0]
         [Termination Attempts: Min: 1, Avg: 1.0, Max: 1, Diff: 0, Sum: 10]
      [GC Worker Other (ms): Min: 0.0, Avg: 0.0, Max: 0.0, Diff: 0.0, Sum: 0.1]
      [GC Worker Total (ms): Min: 0.1, Avg: 0.1, Max: 0.2, Diff: 0.1, Sum: 1.1]
      [GC Worker End (ms): Min: 740.5, Avg: 740.5, Max: 740.5, Diff: 0.0]
   [Code Root Fixup: 0.0 ms]
   [Code Root Purge: 0.0 ms]
   [Clear CT: 0.1 ms]
   [Other: 0.7 ms]
      [Choose CSet: 0.0 ms]
      [Ref Proc: 0.5 ms]
      [Ref Enq: 0.0 ms]
      [Redirty Cards: 0.1 ms]
      [Humongous Register: 0.0 ms]
      [Humongous Reclaim: 0.0 ms]
      [Free CSet: 0.0 ms]
   [Eden: 0.0B(1024.0K)->0.0B(1024.0K) Survivors: 0.0B->0.0B Heap: 1025.7K(2048.0K)->1025.7K(2048.0K)]
 [Times: user=0.00 sys=0.00, real=0.00 secs] 
2020-11-18T14:35:20.743-0800: 0.741: [GC pause (G1 Evacuation Pause) (young) (initial-mark), 0.0007085 secs]
   [Parallel Time: 0.2 ms, GC Workers: 10]
      [GC Worker Start (ms): Min: 741.4, Avg: 741.4, Max: 741.5, Diff: 0.1]
      [Ext Root Scanning (ms): Min: 0.0, Avg: 0.1, Max: 0.2, Diff: 0.1, Sum: 1.0]
      [Update RS (ms): Min: 0.0, Avg: 0.0, Max: 0.0, Diff: 0.0, Sum: 0.0]
         [Processed Buffers: Min: 0, Avg: 0.1, Max: 1, Diff: 1, Sum: 1]
      [Scan RS (ms): Min: 0.0, Avg: 0.0, Max: 0.0, Diff: 0.0, Sum: 0.0]
      [Code Root Scanning (ms): Min: 0.0, Avg: 0.0, Max: 0.0, Diff: 0.0, Sum: 0.0]
      [Object Copy (ms): Min: 0.0, Avg: 0.0, Max: 0.0, Diff: 0.0, Sum: 0.0]
      [Termination (ms): Min: 0.0, Avg: 0.0, Max: 0.0, Diff: 0.0, Sum: 0.1]
         [Termination Attempts: Min: 1, Avg: 1.0, Max: 1, Diff: 0, Sum: 10]
      [GC Worker Other (ms): Min: 0.0, Avg: 0.0, Max: 0.0, Diff: 0.0, Sum: 0.1]
      [GC Worker Total (ms): Min: 0.1, Avg: 0.1, Max: 0.2, Diff: 0.1, Sum: 1.2]
      [GC Worker End (ms): Min: 741.6, Avg: 741.6, Max: 741.6, Diff: 0.0]
   [Code Root Fixup: 0.0 ms]
   [Code Root Purge: 0.0 ms]
   [Clear CT: 0.1 ms]
   [Other: 0.4 ms]
      [Choose CSet: 0.0 ms]
      [Ref Proc: 0.3 ms]
      [Ref Enq: 0.0 ms]
      [Redirty Cards: 0.1 ms]
      [Humongous Register: 0.0 ms]
      [Humongous Reclaim: 0.0 ms]
      [Free CSet: 0.0 ms]
   [Eden: 0.0B(1024.0K)->0.0B(1024.0K) Survivors: 0.0B->0.0B Heap: 1025.7K(2048.0K)->1025.7K(2048.0K)]
 [Times: user=0.00 sys=0.00, real=0.00 secs] 
2020-11-18T14:35:20.744-0800: 0.742: [GC concurrent-root-region-scan-start]
2020-11-18T14:35:20.744-0800: 0.742: [GC concurrent-root-region-scan-end, 0.0000054 secs]
2020-11-18T14:35:20.744-0800: 0.742: [GC concurrent-mark-start]
2020-11-18T14:35:20.744-0800: 0.742: [Full GC (Allocation Failure)  1025K->1024K(2048K), 0.0030887 secs]
   [Eden: 0.0B(1024.0K)->0.0B(1024.0K) Survivors: 0.0B->0.0B Heap: 1025.7K(2048.0K)->1025.0K(2048.0K)], [Metaspace: 4887K->4887K(36864K)]
 [Times: user=0.01 sys=0.00, real=0.00 secs] 
2020-11-18T14:35:20.747-0800: 0.745: [Full GC (Allocation Failure)  1024K->1024K(2048K), 0.0029285 secs]
   [Eden: 0.0B(1024.0K)->0.0B(1024.0K) Survivors: 0.0B->0.0B Heap: 1025.0K(2048.0K)->1025.0K(2048.0K)], [Metaspace: 4887K->4887K(36864K)]
 [Times: user=0.00 sys=0.00, real=0.01 secs] 
2020-11-18T14:35:20.750-0800: 0.748: [GC concurrent-mark-abort]
2020-11-18T14:35:20.750-0800: 0.749: [GC pause (G1 Evacuation Pause) (young), 0.0007323 secs]
   [Parallel Time: 0.2 ms, GC Workers: 10]
      [GC Worker Start (ms): Min: 748.8, Avg: 748.9, Max: 748.9, Diff: 0.1]
      [Ext Root Scanning (ms): Min: 0.0, Avg: 0.1, Max: 0.1, Diff: 0.1, Sum: 0.9]
      [Update RS (ms): Min: 0.0, Avg: 0.0, Max: 0.0, Diff: 0.0, Sum: 0.0]
         [Processed Buffers: Min: 0, Avg: 0.1, Max: 1, Diff: 1, Sum: 1]
      [Scan RS (ms): Min: 0.0, Avg: 0.0, Max: 0.0, Diff: 0.0, Sum: 0.0]
      [Code Root Scanning (ms): Min: 0.0, Avg: 0.0, Max: 0.0, Diff: 0.0, Sum: 0.0]
      [Object Copy (ms): Min: 0.0, Avg: 0.0, Max: 0.0, Diff: 0.0, Sum: 0.0]
      [Termination (ms): Min: 0.0, Avg: 0.0, Max: 0.0, Diff: 0.0, Sum: 0.1]
         [Termination Attempts: Min: 1, Avg: 1.0, Max: 1, Diff: 0, Sum: 10]
      [GC Worker Other (ms): Min: 0.0, Avg: 0.0, Max: 0.0, Diff: 0.0, Sum: 0.1]
      [GC Worker Total (ms): Min: 0.1, Avg: 0.1, Max: 0.1, Diff: 0.1, Sum: 1.0]
      [GC Worker End (ms): Min: 749.0, Avg: 749.0, Max: 749.0, Diff: 0.0]
   [Code Root Fixup: 0.0 ms]
   [Code Root Purge: 0.0 ms]
   [Clear CT: 0.1 ms]
   [Other: 0.5 ms]
      [Choose CSet: 0.0 ms]
      [Ref Proc: 0.3 ms]
      [Ref Enq: 0.0 ms]
      [Redirty Cards: 0.1 ms]
      [Humongous Register: 0.0 ms]
      [Humongous Reclaim: 0.0 ms]
      [Free CSet: 0.0 ms]
   [Eden: 0.0B(1024.0K)->0.0B(1024.0K) Survivors: 0.0B->0.0B Heap: 1025.0K(2048.0K)->1025.0K(2048.0K)]
 [Times: user=0.00 sys=0.00, real=0.00 secs] 
2020-11-18T14:35:20.751-0800: 0.750: [GC pause (G1 Evacuation Pause) (young) (initial-mark), 0.0006887 secs]
   [Parallel Time: 0.2 ms, GC Workers: 10]
      [GC Worker Start (ms): Min: 749.6, Avg: 749.7, Max: 749.8, Diff: 0.1]
      [Ext Root Scanning (ms): Min: 0.0, Avg: 0.1, Max: 0.2, Diff: 0.1, Sum: 0.8]
      [Update RS (ms): Min: 0.0, Avg: 0.0, Max: 0.0, Diff: 0.0, Sum: 0.0]
         [Processed Buffers: Min: 0, Avg: 0.1, Max: 1, Diff: 1, Sum: 1]
      [Scan RS (ms): Min: 0.0, Avg: 0.0, Max: 0.0, Diff: 0.0, Sum: 0.0]
      [Code Root Scanning (ms): Min: 0.0, Avg: 0.0, Max: 0.0, Diff: 0.0, Sum: 0.0]
      [Object Copy (ms): Min: 0.0, Avg: 0.0, Max: 0.0, Diff: 0.0, Sum: 0.0]
      [Termination (ms): Min: 0.0, Avg: 0.0, Max: 0.0, Diff: 0.0, Sum: 0.1]
         [Termination Attempts: Min: 1, Avg: 1.0, Max: 1, Diff: 0, Sum: 10]
      [GC Worker Other (ms): Min: 0.0, Avg: 0.0, Max: 0.0, Diff: 0.0, Sum: 0.1]
      [GC Worker Total (ms): Min: 0.1, Avg: 0.1, Max: 0.2, Diff: 0.1, Sum: 1.0]
      [GC Worker End (ms): Min: 749.8, Avg: 749.8, Max: 749.8, Diff: 0.0]
   [Code Root Fixup: 0.0 ms]
   [Code Root Purge: 0.0 ms]
   [Clear CT: 0.1 ms]
   [Other: 0.4 ms]
      [Choose CSet: 0.0 ms]
      [Ref Proc: 0.3 ms]
      [Ref Enq: 0.0 ms]
      [Redirty Cards: 0.1 ms]
      [Humongous Register: 0.0 ms]
      [Humongous Reclaim: 0.0 ms]
      [Free CSet: 0.0 ms]
   [Eden: 0.0B(1024.0K)->0.0B(1024.0K) Survivors: 0.0B->0.0B Heap: 1025.0K(2048.0K)->1025.0K(2048.0K)]
 [Times: user=0.01 sys=0.00, real=0.00 secs] 
2020-11-18T14:35:20.752-0800: 0.750: [GC concurrent-root-region-scan-start]
2020-11-18T14:35:20.752-0800: 0.750: [GC concurrent-root-region-scan-end, 0.0000046 secs]
2020-11-18T14:35:20.752-0800: 0.750: [GC concurrent-mark-start]
2020-11-18T14:35:20.752-0800: 0.750: [Full GC (Allocation Failure)  1024K->796K(2048K), 0.0032733 secs]
   [Eden: 0.0B(1024.0K)->0.0B(1024.0K) Survivors: 0.0B->0.0B Heap: 1025.0K(2048.0K)->796.5K(2048.0K)], [Metaspace: 4887K->4887K(36864K)]
 [Times: user=0.00 sys=0.00, real=0.00 secs] 
2020-11-18T14:35:20.755-0800: 0.754: [GC concurrent-mark-abort]
Heap
 garbage-first heap   total 2048K, used 796K [0x00000007fe200000, 0x00000007fe300010, 0x00000007fe400000)
  region size 1024K, 1 young (1024K), 0 survivors (0K)
 Metaspace       used 4970K, capacity 5214K, committed 5504K, reserved 36864K
  class space    used 561K, capacity 594K, committed 640K, reserved 28672K
