Java HotSpot(TM) 64-Bit Server VM (25.251-b08) for bsd-amd64 JRE (1.8.0_251-b08), built on Mar 12 2020 02:36:37 by "java_re" with gcc 4.2.1 (Based on Apple Inc. build 5658) (LLVM build 2336.11.00)
Memory: 4k page, physical 16777216k(1426320k free)

/proc/meminfo:

CommandLine flags: -XX:CompressedClassSpaceSize=29360128 -XX:+HeapDumpOnOutOfMemoryError -XX:HeapDumpPath=/Users/pengyue.du/Code/Meijia/Work01/learn_test/java/jvm/jvm_metrics_test_01/file/test_file/gc_log/oom-heap-g1.bin -XX:InitialHeapSize=2097152 -XX:MaxHeapSize=2097152 -XX:NativeMemoryTracking=summary -XX:+PrintGC -XX:+PrintGCApplicationConcurrentTime -XX:+PrintGCApplicationStoppedTime -XX:+PrintGCDateStamps -XX:+PrintGCDetails -XX:+PrintGCTimeStamps -XX:ThreadStackSize=512 -XX:+UseCompressedClassPointers -XX:+UseCompressedOops -XX:+UseG1GC 
2020-11-18T17:07:26.952-0800: 0.080: Total time for which application threads were stopped: 0.0000654 seconds, Stopping threads took: 0.0000235 seconds
2020-11-18T17:07:26.952-0800: 0.080: Application time: 0.0001604 seconds
2020-11-18T17:07:26.953-0800: 0.080: Total time for which application threads were stopped: 0.0000344 seconds, Stopping threads took: 0.0000071 seconds
2020-11-18T17:07:27.017-0800: 0.145: Application time: 0.0646638 seconds
2020-11-18T17:07:27.017-0800: 0.145: Total time for which application threads were stopped: 0.0000480 seconds, Stopping threads took: 0.0000111 seconds
2020-11-18T17:07:27.018-0800: 0.145: Application time: 0.0003974 seconds
2020-11-18T17:07:27.018-0800: 0.145: Total time for which application threads were stopped: 0.0000287 seconds, Stopping threads took: 0.0000060 seconds
2020-11-18T17:07:27.048-0800: 0.176: Application time: 0.0301532 seconds
2020-11-18T17:07:27.048-0800: 0.176: [GC pause (G1 Evacuation Pause) (young), 0.0026250 secs]
   [Parallel Time: 1.3 ms, GC Workers: 10]
      [GC Worker Start (ms): Min: 175.7, Avg: 175.8, Max: 175.8, Diff: 0.1]
      [Ext Root Scanning (ms): Min: 0.1, Avg: 0.2, Max: 0.6, Diff: 0.4, Sum: 2.4]
      [Update RS (ms): Min: 0.0, Avg: 0.0, Max: 0.0, Diff: 0.0, Sum: 0.0]
         [Processed Buffers: Min: 0, Avg: 0.0, Max: 0, Diff: 0, Sum: 0]
      [Scan RS (ms): Min: 0.0, Avg: 0.0, Max: 0.0, Diff: 0.0, Sum: 0.0]
      [Code Root Scanning (ms): Min: 0.0, Avg: 0.0, Max: 0.0, Diff: 0.0, Sum: 0.0]
      [Object Copy (ms): Min: 0.0, Avg: 0.2, Max: 0.3, Diff: 0.3, Sum: 2.2]
      [Termination (ms): Min: 0.0, Avg: 0.6, Max: 0.7, Diff: 0.7, Sum: 5.7]
         [Termination Attempts: Min: 1, Avg: 2.0, Max: 3, Diff: 2, Sum: 20]
      [GC Worker Other (ms): Min: 0.0, Avg: 0.1, Max: 0.8, Diff: 0.8, Sum: 0.9]
      [GC Worker Total (ms): Min: 1.0, Avg: 1.1, Max: 1.2, Diff: 0.1, Sum: 11.2]
      [GC Worker End (ms): Min: 176.7, Avg: 176.9, Max: 176.9, Diff: 0.2]
   [Code Root Fixup: 0.0 ms]
   [Code Root Purge: 0.0 ms]
   [Clear CT: 0.3 ms]
   [Other: 1.0 ms]
      [Choose CSet: 0.0 ms]
      [Ref Proc: 0.9 ms]
      [Ref Enq: 0.0 ms]
      [Redirty Cards: 0.1 ms]
      [Humongous Register: 0.0 ms]
      [Humongous Reclaim: 0.0 ms]
      [Free CSet: 0.0 ms]
   [Eden: 1024.0K(1024.0K)->0.0B(1024.0K) Survivors: 0.0B->1024.0K Heap: 1024.0K(2048.0K)->589.8K(2048.0K)]
 [Times: user=0.02 sys=0.00, real=0.01 secs] 
2020-11-18T17:07:27.051-0800: 0.178: Total time for which application threads were stopped: 0.0028243 seconds, Stopping threads took: 0.0000076 seconds
2020-11-18T17:07:27.078-0800: 0.206: Application time: 0.0277113 seconds
2020-11-18T17:07:27.080-0800: 0.208: [GC pause (G1 Evacuation Pause) (young) (to-space exhausted), 0.0054532 secs]
   [Parallel Time: 4.2 ms, GC Workers: 10]
      [GC Worker Start (ms): Min: 208.0, Avg: 208.1, Max: 208.2, Diff: 0.2]
      [Ext Root Scanning (ms): Min: 0.0, Avg: 0.5, Max: 3.9, Diff: 3.9, Sum: 5.0]
      [Update RS (ms): Min: 0.0, Avg: 0.0, Max: 0.0, Diff: 0.0, Sum: 0.0]
         [Processed Buffers: Min: 0, Avg: 0.0, Max: 0, Diff: 0, Sum: 0]
      [Scan RS (ms): Min: 0.0, Avg: 0.0, Max: 0.0, Diff: 0.0, Sum: 0.0]
      [Code Root Scanning (ms): Min: 0.0, Avg: 0.0, Max: 0.0, Diff: 0.0, Sum: 0.0]
      [Object Copy (ms): Min: 0.0, Avg: 1.7, Max: 2.7, Diff: 2.7, Sum: 17.1]
      [Termination (ms): Min: 0.0, Avg: 1.7, Max: 3.7, Diff: 3.7, Sum: 17.1]
         [Termination Attempts: Min: 1, Avg: 1.0, Max: 1, Diff: 0, Sum: 10]
      [GC Worker Other (ms): Min: 0.0, Avg: 0.0, Max: 0.0, Diff: 0.0, Sum: 0.1]
      [GC Worker Total (ms): Min: 3.7, Avg: 3.9, Max: 4.1, Diff: 0.4, Sum: 39.3]
      [GC Worker End (ms): Min: 211.9, Avg: 212.0, Max: 212.1, Diff: 0.2]
   [Code Root Fixup: 0.0 ms]
   [Code Root Purge: 0.0 ms]
   [Clear CT: 0.2 ms]
   [Other: 1.1 ms]
      [Evacuation Failure: 0.7 ms]
      [Choose CSet: 0.0 ms]
      [Ref Proc: 0.2 ms]
      [Ref Enq: 0.0 ms]
      [Redirty Cards: 0.1 ms]
      [Humongous Register: 0.0 ms]
      [Humongous Reclaim: 0.0 ms]
      [Free CSet: 0.0 ms]
   [Eden: 1024.0K(1024.0K)->0.0B(1024.0K) Survivors: 1024.0K->0.0B Heap: 1613.8K(2048.0K)->1613.8K(2048.0K)]
 [Times: user=0.03 sys=0.00, real=0.00 secs] 
2020-11-18T17:07:27.086-0800: 0.214: Total time for which application threads were stopped: 0.0074168 seconds, Stopping threads took: 0.0017463 seconds
2020-11-18T17:07:27.086-0800: 0.214: Application time: 0.0000337 seconds
2020-11-18T17:07:27.086-0800: 0.214: [Full GC (Allocation Failure)  1613K->493K(2048K), 0.0026028 secs]
   [Eden: 0.0B(1024.0K)->0.0B(1024.0K) Survivors: 0.0B->0.0B Heap: 1613.8K(2048.0K)->493.7K(2048.0K)], [Metaspace: 2852K->2852K(36864K)]
 [Times: user=0.00 sys=0.00, real=0.00 secs] 
2020-11-18T17:07:27.089-0800: 0.216: Total time for which application threads were stopped: 0.0027808 seconds, Stopping threads took: 0.0000344 seconds
2020-11-18T17:07:27.115-0800: 0.243: Application time: 0.0219920 seconds
2020-11-18T17:07:27.115-0800: 0.243: Total time for which application threads were stopped: 0.0000542 seconds, Stopping threads took: 0.0000111 seconds
2020-11-18T17:07:27.115-0800: 0.243: Application time: 0.0005314 seconds
2020-11-18T17:07:27.115-0800: 0.243: [GC pause (G1 Evacuation Pause) (young) (to-space exhausted), 0.0033085 secs]
   [Parallel Time: 1.6 ms, GC Workers: 10]
      [GC Worker Start (ms): Min: 243.3, Avg: 243.3, Max: 243.5, Diff: 0.2]
      [Ext Root Scanning (ms): Min: 0.0, Avg: 0.2, Max: 1.4, Diff: 1.4, Sum: 2.4]
      [Update RS (ms): Min: 0.0, Avg: 0.0, Max: 0.0, Diff: 0.0, Sum: 0.1]
         [Processed Buffers: Min: 0, Avg: 0.2, Max: 1, Diff: 1, Sum: 2]
      [Scan RS (ms): Min: 0.0, Avg: 0.0, Max: 0.0, Diff: 0.0, Sum: 0.0]
      [Code Root Scanning (ms): Min: 0.0, Avg: 0.0, Max: 0.3, Diff: 0.3, Sum: 0.3]
      [Object Copy (ms): Min: 0.0, Avg: 0.3, Max: 0.5, Diff: 0.5, Sum: 3.4]
      [Termination (ms): Min: 0.0, Avg: 0.8, Max: 1.0, Diff: 1.0, Sum: 7.7]
         [Termination Attempts: Min: 1, Avg: 1.2, Max: 2, Diff: 1, Sum: 12]
      [GC Worker Other (ms): Min: 0.0, Avg: 0.0, Max: 0.0, Diff: 0.0, Sum: 0.1]
      [GC Worker Total (ms): Min: 1.3, Avg: 1.4, Max: 1.4, Diff: 0.2, Sum: 13.8]
      [GC Worker End (ms): Min: 244.7, Avg: 244.7, Max: 244.8, Diff: 0.1]
   [Code Root Fixup: 0.0 ms]
   [Code Root Purge: 0.0 ms]
   [Clear CT: 0.2 ms]
   [Other: 1.6 ms]
      [Evacuation Failure: 0.8 ms]
      [Choose CSet: 0.0 ms]
      [Ref Proc: 0.6 ms]
      [Ref Enq: 0.0 ms]
      [Redirty Cards: 0.2 ms]
      [Humongous Register: 0.0 ms]
      [Humongous Reclaim: 0.0 ms]
      [Free CSet: 0.0 ms]
   [Eden: 1024.0K(1024.0K)->0.0B(1024.0K) Survivors: 0.0B->0.0B Heap: 1517.7K(2048.0K)->1517.7K(2048.0K)]
 [Times: user=0.01 sys=0.00, real=0.00 secs] 
2020-11-18T17:07:27.119-0800: 0.247: Total time for which application threads were stopped: 0.0034797 seconds, Stopping threads took: 0.0000260 seconds
2020-11-18T17:07:27.119-0800: 0.247: Application time: 0.0000465 seconds
2020-11-18T17:07:27.119-0800: 0.247: [Full GC (Allocation Failure)  1517K->478K(2048K), 0.0025688 secs]
   [Eden: 0.0B(1024.0K)->0.0B(1024.0K) Survivors: 0.0B->0.0B Heap: 1517.7K(2048.0K)->478.4K(2048.0K)], [Metaspace: 3251K->3251K(36864K)]
 [Times: user=0.01 sys=0.00, real=0.01 secs] 
2020-11-18T17:07:27.122-0800: 0.249: Total time for which application threads were stopped: 0.0027154 seconds, Stopping threads took: 0.0000454 seconds
2020-11-18T17:07:27.148-0800: 0.275: Application time: 0.0260637 seconds
2020-11-18T17:07:27.148-0800: 0.276: [GC pause (G1 Evacuation Pause) (young) (to-space exhausted), 0.0034562 secs]
   [Parallel Time: 1.3 ms, GC Workers: 10]
      [GC Worker Start (ms): Min: 275.6, Avg: 275.6, Max: 275.7, Diff: 0.2]
      [Ext Root Scanning (ms): Min: 0.0, Avg: 0.3, Max: 1.2, Diff: 1.1, Sum: 2.8]
      [Update RS (ms): Min: 0.0, Avg: 0.0, Max: 0.1, Diff: 0.1, Sum: 0.1]
         [Processed Buffers: Min: 0, Avg: 0.2, Max: 2, Diff: 2, Sum: 2]
      [Scan RS (ms): Min: 0.0, Avg: 0.0, Max: 0.0, Diff: 0.0, Sum: 0.0]
      [Code Root Scanning (ms): Min: 0.0, Avg: 0.0, Max: 0.5, Diff: 0.5, Sum: 0.5]
      [Object Copy (ms): Min: 0.0, Avg: 0.6, Max: 0.9, Diff: 0.9, Sum: 6.1]
      [Termination (ms): Min: 0.0, Avg: 0.2, Max: 0.4, Diff: 0.4, Sum: 1.6]
         [Termination Attempts: Min: 1, Avg: 1.3, Max: 4, Diff: 3, Sum: 13]
      [GC Worker Other (ms): Min: 0.0, Avg: 0.0, Max: 0.0, Diff: 0.0, Sum: 0.1]
      [GC Worker Total (ms): Min: 1.0, Avg: 1.1, Max: 1.2, Diff: 0.2, Sum: 11.2]
      [GC Worker End (ms): Min: 276.7, Avg: 276.7, Max: 276.8, Diff: 0.1]
   [Code Root Fixup: 0.0 ms]
   [Code Root Purge: 0.0 ms]
   [Clear CT: 0.2 ms]
   [Other: 2.0 ms]
      [Evacuation Failure: 0.7 ms]
      [Choose CSet: 0.0 ms]
      [Ref Proc: 1.0 ms]
      [Ref Enq: 0.0 ms]
      [Redirty Cards: 0.2 ms]
      [Humongous Register: 0.0 ms]
      [Humongous Reclaim: 0.0 ms]
      [Free CSet: 0.0 ms]
   [Eden: 1024.0K(1024.0K)->0.0B(1024.0K) Survivors: 0.0B->0.0B Heap: 1502.4K(2048.0K)->1502.4K(2048.0K)]
 [Times: user=0.01 sys=0.00, real=0.01 secs] 
2020-11-18T17:07:27.151-0800: 0.279: Total time for which application threads were stopped: 0.0036495 seconds, Stopping threads took: 0.0000105 seconds
2020-11-18T17:07:27.151-0800: 0.279: Application time: 0.0000254 seconds
2020-11-18T17:07:27.151-0800: 0.279: [Full GC (Allocation Failure)  1502K->540K(2048K), 0.0032026 secs]
   [Eden: 0.0B(1024.0K)->0.0B(1024.0K) Survivors: 0.0B->0.0B Heap: 1502.4K(2048.0K)->540.6K(2048.0K)], [Metaspace: 3716K->3716K(36864K)]
 [Times: user=0.01 sys=0.00, real=0.00 secs] 
2020-11-18T17:07:27.155-0800: 0.283: Total time for which application threads were stopped: 0.0033670 seconds, Stopping threads took: 0.0000052 seconds
2020-11-18T17:07:27.180-0800: 0.308: Application time: 0.0253143 seconds
2020-11-18T17:07:27.180-0800: 0.308: [GC pause (G1 Evacuation Pause) (young) (to-space exhausted), 0.0055834 secs]
   [Parallel Time: 2.9 ms, GC Workers: 10]
      [GC Worker Start (ms): Min: 307.9, Avg: 308.0, Max: 308.1, Diff: 0.2]
      [Ext Root Scanning (ms): Min: 0.0, Avg: 0.4, Max: 2.7, Diff: 2.7, Sum: 3.9]
      [Update RS (ms): Min: 0.0, Avg: 0.0, Max: 0.1, Diff: 0.1, Sum: 0.1]
         [Processed Buffers: Min: 0, Avg: 0.2, Max: 2, Diff: 2, Sum: 2]
      [Scan RS (ms): Min: 0.0, Avg: 0.0, Max: 0.0, Diff: 0.0, Sum: 0.0]
      [Code Root Scanning (ms): Min: 0.0, Avg: 0.1, Max: 0.6, Diff: 0.6, Sum: 0.6]
      [Object Copy (ms): Min: 0.0, Avg: 1.2, Max: 2.1, Diff: 2.1, Sum: 11.5]
      [Termination (ms): Min: 0.0, Avg: 1.1, Max: 1.4, Diff: 1.4, Sum: 10.6]
         [Termination Attempts: Min: 1, Avg: 1.0, Max: 1, Diff: 0, Sum: 10]
      [GC Worker Other (ms): Min: 0.0, Avg: 0.0, Max: 0.0, Diff: 0.0, Sum: 0.1]
      [GC Worker Total (ms): Min: 2.6, Avg: 2.7, Max: 2.8, Diff: 0.2, Sum: 26.7]
      [GC Worker End (ms): Min: 310.6, Avg: 310.7, Max: 310.7, Diff: 0.1]
   [Code Root Fixup: 0.0 ms]
   [Code Root Purge: 0.0 ms]
   [Clear CT: 0.1 ms]
   [Other: 2.5 ms]
      [Evacuation Failure: 1.3 ms]
      [Choose CSet: 0.0 ms]
      [Ref Proc: 1.1 ms]
      [Ref Enq: 0.0 ms]
      [Redirty Cards: 0.2 ms]
      [Humongous Register: 0.0 ms]
      [Humongous Reclaim: 0.0 ms]
      [Free CSet: 0.0 ms]
   [Eden: 1024.0K(1024.0K)->0.0B(1024.0K) Survivors: 0.0B->0.0B Heap: 1564.6K(2048.0K)->1564.6K(2048.0K)]
 [Times: user=0.01 sys=0.00, real=0.00 secs] 
2020-11-18T17:07:27.186-0800: 0.314: Total time for which application threads were stopped: 0.0057494 seconds, Stopping threads took: 0.0000112 seconds
2020-11-18T17:07:27.186-0800: 0.314: Application time: 0.0000373 seconds
2020-11-18T17:07:27.186-0800: 0.314: [GC pause (G1 Evacuation Pause) (young) (initial-mark), 0.0021161 secs]
   [Parallel Time: 0.8 ms, GC Workers: 10]
      [GC Worker Start (ms): Min: 313.7, Avg: 313.8, Max: 313.9, Diff: 0.2]
      [Ext Root Scanning (ms): Min: 0.0, Avg: 0.2, Max: 0.3, Diff: 0.3, Sum: 2.2]
      [Update RS (ms): Min: 0.0, Avg: 0.0, Max: 0.3, Diff: 0.3, Sum: 0.4]
         [Processed Buffers: Min: 0, Avg: 0.7, Max: 3, Diff: 3, Sum: 7]
      [Scan RS (ms): Min: 0.0, Avg: 0.0, Max: 0.0, Diff: 0.0, Sum: 0.0]
      [Code Root Scanning (ms): Min: 0.0, Avg: 0.0, Max: 0.0, Diff: 0.0, Sum: 0.0]
      [Object Copy (ms): Min: 0.0, Avg: 0.0, Max: 0.0, Diff: 0.0, Sum: 0.0]
      [Termination (ms): Min: 0.0, Avg: 0.2, Max: 0.4, Diff: 0.4, Sum: 2.3]
         [Termination Attempts: Min: 1, Avg: 1.0, Max: 1, Diff: 0, Sum: 10]
      [GC Worker Other (ms): Min: 0.0, Avg: 0.0, Max: 0.0, Diff: 0.0, Sum: 0.1]
      [GC Worker Total (ms): Min: 0.3, Avg: 0.5, Max: 0.7, Diff: 0.4, Sum: 5.0]
      [GC Worker End (ms): Min: 314.2, Avg: 314.3, Max: 314.4, Diff: 0.2]
   [Code Root Fixup: 0.0 ms]
   [Code Root Purge: 0.0 ms]
   [Clear CT: 0.1 ms]
   [Other: 1.2 ms]
      [Choose CSet: 0.0 ms]
      [Ref Proc: 1.0 ms]
      [Ref Enq: 0.0 ms]
      [Redirty Cards: 0.2 ms]
      [Humongous Register: 0.0 ms]
      [Humongous Reclaim: 0.0 ms]
      [Free CSet: 0.0 ms]
   [Eden: 0.0B(1024.0K)->0.0B(1024.0K) Survivors: 0.0B->0.0B Heap: 1564.6K(2048.0K)->1564.6K(2048.0K)]
 [Times: user=0.01 sys=0.00, real=0.00 secs] 
2020-11-18T17:07:27.188-0800: 0.316: Total time for which application threads were stopped: 0.0023095 seconds, Stopping threads took: 0.0000087 seconds
2020-11-18T17:07:27.188-0800: 2020-11-18T17:07:27.188-0800: 0.316: Application time: 0.0000354 seconds
0.316: [GC concurrent-root-region-scan-start]
2020-11-18T17:07:27.188-0800: 0.316: 2020-11-18T17:07:27.188-0800: 0.316: [Full GC (Allocation Failure) [GC concurrent-root-region-scan-end, 0.0000750 secs]
2020-11-18T17:07:27.188-0800: 0.316: [GC concurrent-mark-start]
 1564K->653K(2048K), 0.0046680 secs]
   [Eden: 0.0B(1024.0K)->0.0B(1024.0K) Survivors: 0.0B->0.0B Heap: 1564.6K(2048.0K)->653.1K(2048.0K)], [Metaspace: 4190K->4190K(36864K)]
 [Times: user=0.01 sys=0.00, real=0.01 secs] 
2020-11-18T17:07:27.193-0800: 0.321: Total time for which application threads were stopped: 0.0048008 seconds, Stopping threads took: 0.0000083 seconds
2020-11-18T17:07:27.193-0800: 0.321: [GC concurrent-mark-abort]
2020-11-18T17:07:27.212-0800: 0.340: Application time: 0.0187718 seconds
2020-11-18T17:07:27.212-0800: 0.340: [GC pause (G1 Evacuation Pause) (young) (to-space exhausted), 0.0036332 secs]
   [Parallel Time: 1.5 ms, GC Workers: 10]
      [GC Worker Start (ms): Min: 339.6, Avg: 339.7, Max: 339.9, Diff: 0.3]
      [Ext Root Scanning (ms): Min: 0.0, Avg: 0.1, Max: 0.3, Diff: 0.3, Sum: 1.3]
      [Update RS (ms): Min: 0.0, Avg: 0.0, Max: 0.1, Diff: 0.1, Sum: 0.1]
         [Processed Buffers: Min: 0, Avg: 0.2, Max: 2, Diff: 2, Sum: 2]
      [Scan RS (ms): Min: 0.0, Avg: 0.0, Max: 0.0, Diff: 0.0, Sum: 0.0]
      [Code Root Scanning (ms): Min: 0.0, Avg: 0.0, Max: 0.0, Diff: 0.0, Sum: 0.0]
      [Object Copy (ms): Min: 0.4, Avg: 0.6, Max: 1.2, Diff: 0.8, Sum: 5.9]
      [Termination (ms): Min: 0.0, Avg: 0.6, Max: 0.8, Diff: 0.8, Sum: 6.2]
         [Termination Attempts: Min: 1, Avg: 1.3, Max: 2, Diff: 1, Sum: 13]
      [GC Worker Other (ms): Min: 0.0, Avg: 0.0, Max: 0.0, Diff: 0.0, Sum: 0.1]
      [GC Worker Total (ms): Min: 1.2, Avg: 1.4, Max: 1.5, Diff: 0.3, Sum: 13.5]
      [GC Worker End (ms): Min: 341.0, Avg: 341.1, Max: 341.1, Diff: 0.0]
   [Code Root Fixup: 0.0 ms]
   [Code Root Purge: 0.0 ms]
   [Clear CT: 0.2 ms]
   [Other: 1.9 ms]
      [Evacuation Failure: 0.6 ms]
      [Choose CSet: 0.0 ms]
      [Ref Proc: 0.9 ms]
      [Ref Enq: 0.0 ms]
      [Redirty Cards: 0.3 ms]
      [Humongous Register: 0.0 ms]
      [Humongous Reclaim: 0.0 ms]
      [Free CSet: 0.0 ms]
   [Eden: 1024.0K(1024.0K)->0.0B(1024.0K) Survivors: 0.0B->0.0B Heap: 1677.1K(2048.0K)->1677.1K(2048.0K)]
 [Times: user=0.02 sys=0.00, real=0.00 secs] 
2020-11-18T17:07:27.216-0800: 0.343: Total time for which application threads were stopped: 0.0038143 seconds, Stopping threads took: 0.0000115 seconds
2020-11-18T17:07:27.216-0800: 0.343: Application time: 0.0000425 seconds
2020-11-18T17:07:27.216-0800: 0.343: [Full GC (Allocation Failure)  1677K->747K(2048K), 0.0041003 secs]
   [Eden: 0.0B(1024.0K)->0.0B(1024.0K) Survivors: 0.0B->0.0B Heap: 1677.1K(2048.0K)->747.5K(2048.0K)], [Metaspace: 4311K->4311K(36864K)]
 [Times: user=0.01 sys=0.01, real=0.01 secs] 
2020-11-18T17:07:27.220-0800: 0.348: Total time for which application threads were stopped: 0.0042774 seconds, Stopping threads took: 0.0000550 seconds
2020-11-18T17:07:27.237-0800: 0.365: Application time: 0.0169685 seconds
2020-11-18T17:07:27.237-0800: 0.365: [GC pause (G1 Evacuation Pause) (young) (to-space exhausted), 0.0023139 secs]
   [Parallel Time: 0.9 ms, GC Workers: 10]
      [GC Worker Start (ms): Min: 364.7, Avg: 364.8, Max: 364.9, Diff: 0.1]
      [Ext Root Scanning (ms): Min: 0.1, Avg: 0.1, Max: 0.2, Diff: 0.1, Sum: 1.3]
      [Update RS (ms): Min: 0.0, Avg: 0.0, Max: 0.1, Diff: 0.1, Sum: 0.1]
         [Processed Buffers: Min: 0, Avg: 0.2, Max: 2, Diff: 2, Sum: 2]
      [Scan RS (ms): Min: 0.0, Avg: 0.0, Max: 0.0, Diff: 0.0, Sum: 0.0]
      [Code Root Scanning (ms): Min: 0.0, Avg: 0.0, Max: 0.0, Diff: 0.0, Sum: 0.0]
      [Object Copy (ms): Min: 0.4, Avg: 0.5, Max: 0.6, Diff: 0.2, Sum: 5.2]
      [Termination (ms): Min: 0.0, Avg: 0.1, Max: 0.2, Diff: 0.2, Sum: 0.7]
         [Termination Attempts: Min: 1, Avg: 1.0, Max: 1, Diff: 0, Sum: 10]
      [GC Worker Other (ms): Min: 0.0, Avg: 0.0, Max: 0.0, Diff: 0.0, Sum: 0.1]
      [GC Worker Total (ms): Min: 0.7, Avg: 0.7, Max: 0.8, Diff: 0.2, Sum: 7.4]
      [GC Worker End (ms): Min: 365.5, Avg: 365.5, Max: 365.6, Diff: 0.1]
   [Code Root Fixup: 0.0 ms]
   [Code Root Purge: 0.0 ms]
   [Clear CT: 0.2 ms]
   [Other: 1.2 ms]
      [Evacuation Failure: 0.6 ms]
      [Choose CSet: 0.0 ms]
      [Ref Proc: 0.4 ms]
      [Ref Enq: 0.0 ms]
      [Redirty Cards: 0.1 ms]
      [Humongous Register: 0.0 ms]
      [Humongous Reclaim: 0.0 ms]
      [Free CSet: 0.0 ms]
   [Eden: 1024.0K(1024.0K)->0.0B(1024.0K) Survivors: 0.0B->0.0B Heap: 1771.5K(2048.0K)->1771.5K(2048.0K)]
 [Times: user=0.00 sys=0.00, real=0.00 secs] 
2020-11-18T17:07:27.239-0800: 0.367: Total time for which application threads were stopped: 0.0024574 seconds, Stopping threads took: 0.0000111 seconds
2020-11-18T17:07:27.239-0800: 0.367: Application time: 0.0000652 seconds
2020-11-18T17:07:27.239-0800: 0.367: [Full GC (Allocation Failure)  1771K->743K(2048K), 0.0036148 secs]
   [Eden: 0.0B(1024.0K)->0.0B(1024.0K) Survivors: 0.0B->0.0B Heap: 1771.5K(2048.0K)->743.3K(2048.0K)], [Metaspace: 4443K->4443K(36864K)]
 [Times: user=0.01 sys=0.00, real=0.01 secs] 
2020-11-18T17:07:27.243-0800: 0.371: Total time for which application threads were stopped: 0.0037111 seconds, Stopping threads took: 0.0000064 seconds
2020-11-18T17:07:27.258-0800: 0.386: Application time: 0.0150936 seconds
2020-11-18T17:07:27.258-0800: 0.386: Total time for which application threads were stopped: 0.0000785 seconds, Stopping threads took: 0.0000122 seconds
2020-11-18T17:07:27.261-0800: 0.389: Application time: 0.0028326 seconds
2020-11-18T17:07:27.261-0800: 0.389: [GC pause (G1 Evacuation Pause) (young) (to-space exhausted), 0.0026813 secs]
   [Parallel Time: 1.5 ms, GC Workers: 10]
      [GC Worker Start (ms): Min: 389.0, Avg: 389.1, Max: 389.1, Diff: 0.1]
      [Ext Root Scanning (ms): Min: 0.1, Avg: 0.3, Max: 1.0, Diff: 0.9, Sum: 2.7]
      [Update RS (ms): Min: 0.0, Avg: 0.0, Max: 0.1, Diff: 0.1, Sum: 0.1]
         [Processed Buffers: Min: 0, Avg: 0.2, Max: 1, Diff: 1, Sum: 2]
      [Scan RS (ms): Min: 0.0, Avg: 0.0, Max: 0.0, Diff: 0.0, Sum: 0.0]
      [Code Root Scanning (ms): Min: 0.0, Avg: 0.0, Max: 0.4, Diff: 0.4, Sum: 0.4]
      [Object Copy (ms): Min: 0.0, Avg: 0.6, Max: 0.8, Diff: 0.8, Sum: 5.8]
      [Termination (ms): Min: 0.0, Avg: 0.3, Max: 0.5, Diff: 0.5, Sum: 3.3]
         [Termination Attempts: Min: 1, Avg: 1.1, Max: 2, Diff: 1, Sum: 11]
      [GC Worker Other (ms): Min: 0.0, Avg: 0.0, Max: 0.0, Diff: 0.0, Sum: 0.1]
      [GC Worker Total (ms): Min: 1.1, Avg: 1.2, Max: 1.4, Diff: 0.3, Sum: 12.3]
      [GC Worker End (ms): Min: 390.2, Avg: 390.3, Max: 390.4, Diff: 0.2]
   [Code Root Fixup: 0.0 ms]
   [Code Root Purge: 0.0 ms]
   [Clear CT: 0.1 ms]
   [Other: 1.1 ms]
      [Evacuation Failure: 0.6 ms]
      [Choose CSet: 0.0 ms]
      [Ref Proc: 0.3 ms]
      [Ref Enq: 0.0 ms]
      [Redirty Cards: 0.1 ms]
      [Humongous Register: 0.0 ms]
      [Humongous Reclaim: 0.0 ms]
      [Free CSet: 0.0 ms]
   [Eden: 1024.0K(1024.0K)->0.0B(1024.0K) Survivors: 0.0B->0.0B Heap: 1767.3K(2048.0K)->1767.3K(2048.0K)]
 [Times: user=0.00 sys=0.00, real=0.00 secs] 
2020-11-18T17:07:27.264-0800: 0.392: Total time for which application threads were stopped: 0.0028356 seconds, Stopping threads took: 0.0000083 seconds
2020-11-18T17:07:27.264-0800: 0.392: Application time: 0.0000428 seconds
2020-11-18T17:07:27.264-0800: 0.392: [GC pause (G1 Evacuation Pause) (young) (initial-mark), 0.0010208 secs]
   [Parallel Time: 0.6 ms, GC Workers: 10]
      [GC Worker Start (ms): Min: 391.8, Avg: 391.9, Max: 392.0, Diff: 0.1]
      [Ext Root Scanning (ms): Min: 0.1, Avg: 0.1, Max: 0.2, Diff: 0.1, Sum: 1.4]
      [Update RS (ms): Min: 0.0, Avg: 0.0, Max: 0.2, Diff: 0.2, Sum: 0.4]
         [Processed Buffers: Min: 0, Avg: 1.0, Max: 2, Diff: 2, Sum: 10]
      [Scan RS (ms): Min: 0.0, Avg: 0.0, Max: 0.0, Diff: 0.0, Sum: 0.0]
      [Code Root Scanning (ms): Min: 0.0, Avg: 0.0, Max: 0.0, Diff: 0.0, Sum: 0.0]
      [Object Copy (ms): Min: 0.0, Avg: 0.0, Max: 0.0, Diff: 0.0, Sum: 0.1]
      [Termination (ms): Min: 0.0, Avg: 0.2, Max: 0.2, Diff: 0.2, Sum: 2.0]
         [Termination Attempts: Min: 1, Avg: 1.0, Max: 1, Diff: 0, Sum: 10]
      [GC Worker Other (ms): Min: 0.0, Avg: 0.0, Max: 0.0, Diff: 0.0, Sum: 0.1]
      [GC Worker Total (ms): Min: 0.3, Avg: 0.4, Max: 0.5, Diff: 0.1, Sum: 3.9]
      [GC Worker End (ms): Min: 392.3, Avg: 392.3, Max: 392.3, Diff: 0.1]
   [Code Root Fixup: 0.0 ms]
   [Code Root Purge: 0.0 ms]
   [Clear CT: 0.1 ms]
   [Other: 0.4 ms]
      [Choose CSet: 0.0 ms]
      [Ref Proc: 0.2 ms]
      [Ref Enq: 0.0 ms]
      [Redirty Cards: 0.1 ms]
      [Humongous Register: 0.0 ms]
      [Humongous Reclaim: 0.0 ms]
      [Free CSet: 0.0 ms]
   [Eden: 0.0B(1024.0K)->0.0B(1024.0K) Survivors: 0.0B->0.0B Heap: 1767.3K(2048.0K)->1767.3K(2048.0K)]
 [Times: user=0.01 sys=0.01, real=0.00 secs] 
2020-11-18T17:07:27.265-0800: 0.393: Total time for which application threads were stopped: 0.0011324 seconds, Stopping threads took: 0.0000061 seconds
2020-11-18T17:07:27.265-0800: 0.393: [GC concurrent-root-region-scan-start]
2020-11-18T17:07:27.265-0800: 0.393: [GC concurrent-root-region-scan-end, 0.0000035 secs]
2020-11-18T17:07:27.265-0800: 0.393: [GC concurrent-mark-start]
2020-11-18T17:07:27.265-0800: 0.393: Application time: 0.0000366 seconds
2020-11-18T17:07:27.265-0800: 0.393: [Full GC (Allocation Failure)  1767K->762K(2048K), 0.0039660 secs]
   [Eden: 0.0B(1024.0K)->0.0B(1024.0K) Survivors: 0.0B->0.0B Heap: 1767.3K(2048.0K)->762.7K(2048.0K)], [Metaspace: 4719K->4719K(36864K)]
 [Times: user=0.00 sys=0.00, real=0.00 secs] 
2020-11-18T17:07:27.269-0800: 0.397: Total time for which application threads were stopped: 0.0040521 seconds, Stopping threads took: 0.0000046 seconds
2020-11-18T17:07:27.269-0800: 0.397: [GC concurrent-mark-abort]
2020-11-18T17:07:27.281-0800: 0.409: Application time: 0.0120214 seconds
2020-11-18T17:07:27.281-0800: 0.409: [Full GC (System.gc())  1195K->798K(2048K), 0.0042193 secs]
   [Eden: 1024.0K(1024.0K)->0.0B(1024.0K) Survivors: 0.0B->0.0B Heap: 1195.2K(2048.0K)->798.2K(2048.0K)], [Metaspace: 4871K->4871K(36864K)]
 [Times: user=0.01 sys=0.00, real=0.00 secs] 
2020-11-18T17:07:27.286-0800: 0.413: Total time for which application threads were stopped: 0.0043595 seconds, Stopping threads took: 0.0000092 seconds
2020-11-18T17:07:27.287-0800: 0.415: Application time: 0.0017530 seconds
2020-11-18T17:07:27.287-0800: 0.415: [Full GC (System.gc())  830K->799K(2048K), 0.0039797 secs]
   [Eden: 1024.0K(1024.0K)->0.0B(1024.0K) Survivors: 0.0B->0.0B Heap: 830.1K(2048.0K)->800.0K(2048.0K)], [Metaspace: 4871K->4871K(36864K)]
 [Times: user=0.00 sys=0.00, real=0.01 secs] 
2020-11-18T17:07:27.291-0800: 0.419: Total time for which application threads were stopped: 0.0040785 seconds, Stopping threads took: 0.0000082 seconds
2020-11-18T17:07:27.293-0800: 0.421: Application time: 0.0018792 seconds
2020-11-18T17:07:27.293-0800: 0.421: [Full GC (System.gc())  834K->802K(2048K), 0.0036487 secs]
   [Eden: 1024.0K(1024.0K)->0.0B(1024.0K) Survivors: 0.0B->0.0B Heap: 834.4K(2048.0K)->802.4K(2048.0K)], [Metaspace: 4872K->4872K(36864K)]
 [Times: user=0.00 sys=0.00, real=0.00 secs] 
2020-11-18T17:07:27.297-0800: 0.425: Total time for which application threads were stopped: 0.0037534 seconds, Stopping threads took: 0.0000225 seconds
2020-11-18T17:07:27.299-0800: 0.427: Application time: 0.0016954 seconds
2020-11-18T17:07:27.299-0800: 0.427: [Full GC (System.gc())  831K->805K(2048K), 0.0038587 secs]
   [Eden: 1024.0K(1024.0K)->0.0B(1024.0K) Survivors: 0.0B->0.0B Heap: 831.0K(2048.0K)->806.0K(2048.0K)], [Metaspace: 4873K->4873K(36864K)]
 [Times: user=0.01 sys=0.00, real=0.01 secs] 
2020-11-18T17:07:27.303-0800: 0.430: Total time for which application threads were stopped: 0.0039576 seconds, Stopping threads took: 0.0000093 seconds
2020-11-18T17:07:27.305-0800: 0.432: Application time: 0.0018635 seconds
2020-11-18T17:07:27.305-0800: 0.432: [Full GC (System.gc())  835K->808K(2048K), 0.0040257 secs]
   [Eden: 1024.0K(1024.0K)->0.0B(1024.0K) Survivors: 0.0B->0.0B Heap: 835.2K(2048.0K)->808.4K(2048.0K)], [Metaspace: 4873K->4873K(36864K)]
 [Times: user=0.00 sys=0.00, real=0.00 secs] 
2020-11-18T17:07:27.309-0800: 0.436: Total time for which application threads were stopped: 0.0041296 seconds, Stopping threads took: 0.0000093 seconds
2020-11-18T17:07:27.310-0800: 0.438: Application time: 0.0016701 seconds
2020-11-18T17:07:27.310-0800: 0.438: [Full GC (System.gc())  836K->810K(2048K), 0.0045914 secs]
   [Eden: 1024.0K(1024.0K)->0.0B(1024.0K) Survivors: 0.0B->0.0B Heap: 836.2K(2048.0K)->810.8K(2048.0K)], [Metaspace: 4873K->4873K(36864K)]
 [Times: user=0.00 sys=0.00, real=0.00 secs] 
2020-11-18T17:07:27.315-0800: 0.443: Total time for which application threads were stopped: 0.0047218 seconds, Stopping threads took: 0.0000105 seconds
2020-11-18T17:07:27.317-0800: 0.445: Application time: 0.0021166 seconds
2020-11-18T17:07:27.317-0800: 0.445: [Full GC (System.gc())  840K->813K(2048K), 0.0046939 secs]
   [Eden: 1024.0K(1024.0K)->0.0B(1024.0K) Survivors: 0.0B->0.0B Heap: 840.8K(2048.0K)->814.0K(2048.0K)], [Metaspace: 4877K->4877K(36864K)]
 [Times: user=0.00 sys=0.00, real=0.01 secs] 
2020-11-18T17:07:27.322-0800: 0.450: Total time for which application threads were stopped: 0.0048203 seconds, Stopping threads took: 0.0000156 seconds
2020-11-18T17:07:27.326-0800: 0.454: Application time: 0.0039887 seconds
2020-11-18T17:07:27.326-0800: 0.454: [Full GC (System.gc())  842K->816K(2048K), 0.0039326 secs]
   [Eden: 1024.0K(1024.0K)->0.0B(1024.0K) Survivors: 0.0B->0.0B Heap: 843.0K(2048.0K)->816.4K(2048.0K)], [Metaspace: 4882K->4882K(36864K)]
 [Times: user=0.01 sys=0.00, real=0.01 secs] 
2020-11-18T17:07:27.330-0800: 0.458: Total time for which application threads were stopped: 0.0040338 seconds, Stopping threads took: 0.0000114 seconds
2020-11-18T17:07:27.331-0800: 0.459: Application time: 0.0013588 seconds
2020-11-18T17:07:27.331-0800: 0.459: [Full GC (System.gc())  845K->818K(2048K), 0.0038727 secs]
   [Eden: 1024.0K(1024.0K)->0.0B(1024.0K) Survivors: 0.0B->0.0B Heap: 845.4K(2048.0K)->818.8K(2048.0K)], [Metaspace: 4885K->4885K(36864K)]
 [Times: user=0.01 sys=0.00, real=0.00 secs] 
2020-11-18T17:07:27.335-0800: 0.463: Total time for which application threads were stopped: 0.0039626 seconds, Stopping threads took: 0.0000072 seconds
2020-11-18T17:07:27.337-0800: 0.465: Application time: 0.0014107 seconds
2020-11-18T17:07:27.337-0800: 0.465: [Full GC (System.gc())  847K->821K(2048K), 0.0038941 secs]
   [Eden: 1024.0K(1024.0K)->0.0B(1024.0K) Survivors: 0.0B->0.0B Heap: 847.8K(2048.0K)->821.2K(2048.0K)], [Metaspace: 4885K->4885K(36864K)]
 [Times: user=0.00 sys=0.01, real=0.01 secs] 
2020-11-18T17:07:27.341-0800: 0.469: Total time for which application threads were stopped: 0.0039818 seconds, Stopping threads took: 0.0000080 seconds
2020-11-18T17:07:27.342-0800: 0.470: Application time: 0.0012843 seconds
2020-11-18T17:07:27.342-0800: 0.470: [Full GC (System.gc())  850K->823K(2048K), 0.0038705 secs]
   [Eden: 1024.0K(1024.0K)->0.0B(1024.0K) Survivors: 0.0B->0.0B Heap: 850.2K(2048.0K)->823.7K(2048.0K)], [Metaspace: 4885K->4885K(36864K)]
 [Times: user=0.01 sys=0.00, real=0.00 secs] 
2020-11-18T17:07:27.346-0800: 0.474: Total time for which application threads were stopped: 0.0039843 seconds, Stopping threads took: 0.0000088 seconds
2020-11-18T17:07:27.347-0800: 0.475: Application time: 0.0014084 seconds
2020-11-18T17:07:27.348-0800: 0.475: [Full GC (System.gc())  852K->826K(2048K), 0.0038989 secs]
   [Eden: 1024.0K(1024.0K)->0.0B(1024.0K) Survivors: 0.0B->0.0B Heap: 852.7K(2048.0K)->826.1K(2048.0K)], [Metaspace: 4885K->4885K(36864K)]
 [Times: user=0.01 sys=0.00, real=0.01 secs] 
2020-11-18T17:07:27.351-0800: 0.479: Total time for which application threads were stopped: 0.0039937 seconds, Stopping threads took: 0.0000083 seconds
2020-11-18T17:07:27.353-0800: 0.481: Application time: 0.0012836 seconds
2020-11-18T17:07:27.353-0800: 0.481: [Full GC (System.gc())  855K->828K(2048K), 0.0037009 secs]
   [Eden: 1024.0K(1024.0K)->0.0B(1024.0K) Survivors: 0.0B->0.0B Heap: 855.1K(2048.0K)->828.5K(2048.0K)], [Metaspace: 4885K->4885K(36864K)]
 [Times: user=0.00 sys=0.00, real=0.00 secs] 
2020-11-18T17:07:27.357-0800: 0.484: Total time for which application threads were stopped: 0.0037887 seconds, Stopping threads took: 0.0000079 seconds
2020-11-18T17:07:27.358-0800: 0.486: Application time: 0.0014887 seconds
2020-11-18T17:07:27.358-0800: 0.486: [Full GC (System.gc())  859K->830K(2048K), 0.0037033 secs]
   [Eden: 1024.0K(1024.0K)->0.0B(1024.0K) Survivors: 0.0B->0.0B Heap: 859.5K(2048.0K)->831.0K(2048.0K)], [Metaspace: 4888K->4888K(36864K)]
 [Times: user=0.00 sys=0.00, real=0.01 secs] 
2020-11-18T17:07:27.362-0800: 0.490: Total time for which application threads were stopped: 0.0037921 seconds, Stopping threads took: 0.0000075 seconds
2020-11-18T17:07:27.363-0800: 0.491: Application time: 0.0014591 seconds
2020-11-18T17:07:27.363-0800: 0.491: [Full GC (System.gc())  859K->833K(2048K), 0.0036052 secs]
   [Eden: 1024.0K(1024.0K)->0.0B(1024.0K) Survivors: 0.0B->0.0B Heap: 860.0K(2048.0K)->833.4K(2048.0K)], [Metaspace: 4888K->4888K(36864K)]
 [Times: user=0.01 sys=0.00, real=0.00 secs] 
2020-11-18T17:07:27.367-0800: 0.495: Total time for which application threads were stopped: 0.0036878 seconds, Stopping threads took: 0.0000070 seconds
2020-11-18T17:07:27.369-0800: 0.496: Application time: 0.0015225 seconds
2020-11-18T17:07:27.369-0800: 0.496: [Full GC (System.gc())  862K->835K(2048K), 0.0038210 secs]
   [Eden: 1024.0K(1024.0K)->0.0B(1024.0K) Survivors: 0.0B->0.0B Heap: 862.4K(2048.0K)->835.8K(2048.0K)], [Metaspace: 4888K->4888K(36864K)]
 [Times: user=0.00 sys=0.00, real=0.01 secs] 
2020-11-18T17:07:27.372-0800: 0.500: Total time for which application threads were stopped: 0.0039287 seconds, Stopping threads took: 0.0000219 seconds
2020-11-18T17:07:27.374-0800: 0.502: Application time: 0.0014986 seconds
2020-11-18T17:07:27.374-0800: 0.502: [Full GC (System.gc())  864K->838K(2048K), 0.0040345 secs]
   [Eden: 1024.0K(1024.0K)->0.0B(1024.0K) Survivors: 0.0B->0.0B Heap: 864.8K(2048.0K)->838.2K(2048.0K)], [Metaspace: 4889K->4889K(36864K)]
 [Times: user=0.01 sys=0.00, real=0.00 secs] 
2020-11-18T17:07:27.378-0800: 0.506: Total time for which application threads were stopped: 0.0041397 seconds, Stopping threads took: 0.0000089 seconds
2020-11-18T17:07:27.380-0800: 0.507: Application time: 0.0015078 seconds
2020-11-18T17:07:27.380-0800: 0.507: [Full GC (System.gc())  867K->840K(2048K), 0.0039286 secs]
   [Eden: 1024.0K(1024.0K)->0.0B(1024.0K) Survivors: 0.0B->0.0B Heap: 867.2K(2048.0K)->840.6K(2048.0K)], [Metaspace: 4889K->4889K(36864K)]
 [Times: user=0.00 sys=0.00, real=0.00 secs] 
2020-11-18T17:07:27.384-0800: 0.511: Total time for which application threads were stopped: 0.0040320 seconds, Stopping threads took: 0.0000089 seconds
2020-11-18T17:07:27.385-0800: 0.513: Application time: 0.0014343 seconds
2020-11-18T17:07:27.385-0800: 0.513: [Full GC (System.gc())  869K->843K(2048K), 0.0037368 secs]
   [Eden: 1024.0K(1024.0K)->0.0B(1024.0K) Survivors: 0.0B->0.0B Heap: 869.7K(2048.0K)->843.1K(2048.0K)], [Metaspace: 4889K->4889K(36864K)]
 [Times: user=0.01 sys=0.00, real=0.00 secs] 
2020-11-18T17:07:27.389-0800: 0.517: Total time for which application threads were stopped: 0.0038223 seconds, Stopping threads took: 0.0000071 seconds
2020-11-18T17:07:27.390-0800: 0.518: Application time: 0.0012130 seconds
2020-11-18T17:07:27.390-0800: 0.518: [Full GC (System.gc())  872K->845K(2048K), 0.0037124 secs]
   [Eden: 1024.0K(1024.0K)->0.0B(1024.0K) Survivors: 0.0B->0.0B Heap: 872.1K(2048.0K)->845.5K(2048.0K)], [Metaspace: 4890K->4890K(36864K)]
 [Times: user=0.00 sys=0.00, real=0.00 secs] 
2020-11-18T17:07:27.394-0800: 0.522: Total time for which application threads were stopped: 0.0037993 seconds, Stopping threads took: 0.0000083 seconds
2020-11-18T17:07:27.395-0800: 0.523: Application time: 0.0014073 seconds
2020-11-18T17:07:27.395-0800: 0.523: [Full GC (System.gc())  874K->847K(2048K), 0.0036940 secs]
   [Eden: 1024.0K(1024.0K)->0.0B(1024.0K) Survivors: 0.0B->0.0B Heap: 874.5K(2048.0K)->847.9K(2048.0K)], [Metaspace: 4891K->4891K(36864K)]
 [Times: user=0.00 sys=0.00, real=0.00 secs] 
2020-11-18T17:07:27.399-0800: 0.527: Total time for which application threads were stopped: 0.0037938 seconds, Stopping threads took: 0.0000123 seconds
2020-11-18T17:07:27.401-0800: 0.528: Application time: 0.0015314 seconds
2020-11-18T17:07:27.401-0800: 0.528: [Full GC (System.gc())  876K->850K(2048K), 0.0035515 secs]
   [Eden: 1024.0K(1024.0K)->0.0B(1024.0K) Survivors: 0.0B->0.0B Heap: 876.9K(2048.0K)->850.3K(2048.0K)], [Metaspace: 4891K->4891K(36864K)]
 [Times: user=0.01 sys=0.00, real=0.00 secs] 
2020-11-18T17:07:27.404-0800: 0.532: Total time for which application threads were stopped: 0.0036346 seconds, Stopping threads took: 0.0000072 seconds
2020-11-18T17:07:27.406-0800: 0.533: Application time: 0.0013035 seconds
2020-11-18T17:07:27.406-0800: 0.533: [Full GC (System.gc())  879K->852K(2048K), 0.0036896 secs]
   [Eden: 1024.0K(1024.0K)->0.0B(1024.0K) Survivors: 0.0B->0.0B Heap: 879.3K(2048.0K)->852.8K(2048.0K)], [Metaspace: 4891K->4891K(36864K)]
 [Times: user=0.00 sys=0.00, real=0.00 secs] 
2020-11-18T17:07:27.409-0800: 0.537: Total time for which application threads were stopped: 0.0037766 seconds, Stopping threads took: 0.0000077 seconds
2020-11-18T17:07:27.411-0800: 0.538: Application time: 0.0012185 seconds
2020-11-18T17:07:27.411-0800: 0.538: [Full GC (System.gc())  881K->855K(2048K), 0.0037899 secs]
   [Eden: 1024.0K(1024.0K)->0.0B(1024.0K) Survivors: 0.0B->0.0B Heap: 881.1K(2048.0K)->855.4K(2048.0K)], [Metaspace: 4891K->4891K(36864K)]
 [Times: user=0.01 sys=0.00, real=0.00 secs] 
2020-11-18T17:07:27.414-0800: 0.542: Total time for which application threads were stopped: 0.0038997 seconds, Stopping threads took: 0.0000271 seconds
2020-11-18T17:07:27.416-0800: 0.544: Application time: 0.0013306 seconds
2020-11-18T17:07:27.416-0800: 0.544: [Full GC (System.gc())  886K->858K(2048K), 0.0039490 secs]
   [Eden: 1024.0K(1024.0K)->0.0B(1024.0K) Survivors: 0.0B->0.0B Heap: 886.4K(2048.0K)->858.2K(2048.0K)], [Metaspace: 4894K->4894K(36864K)]
 [Times: user=0.01 sys=0.00, real=0.01 secs] 
2020-11-18T17:07:27.420-0800: 0.548: Total time for which application threads were stopped: 0.0040731 seconds, Stopping threads took: 0.0000199 seconds
2020-11-18T17:07:27.421-0800: 0.549: Application time: 0.0013491 seconds
2020-11-18T17:07:27.421-0800: 0.549: [Full GC (System.gc())  887K->860K(2048K), 0.0037174 secs]
   [Eden: 1024.0K(1024.0K)->0.0B(1024.0K) Survivors: 0.0B->0.0B Heap: 887.2K(2048.0K)->860.6K(2048.0K)], [Metaspace: 4894K->4894K(36864K)]
 [Times: user=0.01 sys=0.00, real=0.00 secs] 
2020-11-18T17:07:27.425-0800: 0.553: Total time for which application threads were stopped: 0.0038587 seconds, Stopping threads took: 0.0000323 seconds
2020-11-18T17:07:27.427-0800: 0.554: Application time: 0.0014543 seconds
2020-11-18T17:07:27.427-0800: 0.554: [Full GC (System.gc())  889K->863K(2048K), 0.0036613 secs]
   [Eden: 1024.0K(1024.0K)->0.0B(1024.0K) Survivors: 0.0B->0.0B Heap: 889.6K(2048.0K)->863.0K(2048.0K)], [Metaspace: 4894K->4894K(36864K)]
 [Times: user=0.01 sys=0.01, real=0.01 secs] 
2020-11-18T17:07:27.430-0800: 0.558: Total time for which application threads were stopped: 0.0037506 seconds, Stopping threads took: 0.0000095 seconds
2020-11-18T17:07:27.432-0800: 0.559: Application time: 0.0013815 seconds
2020-11-18T17:07:27.432-0800: 0.559: [Full GC (System.gc())  892K->865K(2048K), 0.0035276 secs]
   [Eden: 1024.0K(1024.0K)->0.0B(1024.0K) Survivors: 0.0B->0.0B Heap: 892.0K(2048.0K)->865.4K(2048.0K)], [Metaspace: 4894K->4894K(36864K)]
 [Times: user=0.01 sys=0.00, real=0.00 secs] 
2020-11-18T17:07:27.435-0800: 0.563: Total time for which application threads were stopped: 0.0036063 seconds, Stopping threads took: 0.0000084 seconds
2020-11-18T17:07:27.437-0800: 0.564: Application time: 0.0013113 seconds
2020-11-18T17:07:27.437-0800: 0.564: [Full GC (System.gc())  894K->867K(2048K), 0.0034975 secs]
   [Eden: 1024.0K(1024.0K)->0.0B(1024.0K) Survivors: 0.0B->0.0B Heap: 894.4K(2048.0K)->867.8K(2048.0K)], [Metaspace: 4894K->4894K(36864K)]
 [Times: user=0.01 sys=0.00, real=0.01 secs] 
2020-11-18T17:07:27.440-0800: 0.568: Total time for which application threads were stopped: 0.0035741 seconds, Stopping threads took: 0.0000067 seconds
2020-11-18T17:07:27.442-0800: 0.569: Application time: 0.0013667 seconds
2020-11-18T17:07:27.442-0800: 0.569: [Full GC (System.gc())  896K->870K(2048K), 0.0032299 secs]
   [Eden: 1024.0K(1024.0K)->0.0B(1024.0K) Survivors: 0.0B->0.0B Heap: 896.8K(2048.0K)->870.2K(2048.0K)], [Metaspace: 4894K->4894K(36864K)]
 [Times: user=0.00 sys=0.00, real=0.00 secs] 
2020-11-18T17:07:27.445-0800: 0.573: Total time for which application threads were stopped: 0.0032990 seconds, Stopping threads took: 0.0000063 seconds
2020-11-18T17:07:27.446-0800: 0.574: Application time: 0.0014183 seconds
2020-11-18T17:07:27.446-0800: 0.574: [Full GC (System.gc())  899K->872K(2048K), 0.0033135 secs]
   [Eden: 1024.0K(1024.0K)->0.0B(1024.0K) Survivors: 0.0B->0.0B Heap: 899.2K(2048.0K)->872.7K(2048.0K)], [Metaspace: 4894K->4894K(36864K)]
 [Times: user=0.00 sys=0.00, real=0.01 secs] 
2020-11-18T17:07:27.450-0800: 0.577: Total time for which application threads were stopped: 0.0033868 seconds, Stopping threads took: 0.0000061 seconds
2020-11-18T17:07:27.451-0800: 0.579: Application time: 0.0014452 seconds
2020-11-18T17:07:27.451-0800: 0.579: [Full GC (System.gc())  901K->875K(2048K), 0.0037275 secs]
   [Eden: 1024.0K(1024.0K)->0.0B(1024.0K) Survivors: 0.0B->0.0B Heap: 901.7K(2048.0K)->875.1K(2048.0K)], [Metaspace: 4894K->4894K(36864K)]
 [Times: user=0.01 sys=0.00, real=0.00 secs] 
2020-11-18T17:07:27.455-0800: 0.583: Total time for which application threads were stopped: 0.0038257 seconds, Stopping threads took: 0.0000095 seconds
2020-11-18T17:07:27.456-0800: 0.584: Application time: 0.0015008 seconds
2020-11-18T17:07:27.456-0800: 0.584: [Full GC (System.gc())  904K->877K(2048K), 0.0037832 secs]
   [Eden: 1024.0K(1024.0K)->0.0B(1024.0K) Survivors: 0.0B->0.0B Heap: 904.1K(2048.0K)->877.5K(2048.0K)], [Metaspace: 4894K->4894K(36864K)]
 [Times: user=0.00 sys=0.00, real=0.01 secs] 
2020-11-18T17:07:27.460-0800: 0.588: Total time for which application threads were stopped: 0.0038803 seconds, Stopping threads took: 0.0000104 seconds
2020-11-18T17:07:27.462-0800: 0.589: Application time: 0.0012280 seconds
2020-11-18T17:07:27.462-0800: 0.589: [Full GC (System.gc())  906K->879K(2048K), 0.0033596 secs]
   [Eden: 1024.0K(1024.0K)->0.0B(1024.0K) Survivors: 0.0B->0.0B Heap: 906.5K(2048.0K)->880.0K(2048.0K)], [Metaspace: 4894K->4894K(36864K)]
 [Times: user=0.01 sys=0.00, real=0.00 secs] 
2020-11-18T17:07:27.465-0800: 0.593: Total time for which application threads were stopped: 0.0034576 seconds, Stopping threads took: 0.0000083 seconds
2020-11-18T17:07:27.466-0800: 0.594: Application time: 0.0014095 seconds
2020-11-18T17:07:27.466-0800: 0.594: [Full GC (System.gc())  908K->882K(2048K), 0.0036725 secs]
   [Eden: 1024.0K(1024.0K)->0.0B(1024.0K) Survivors: 0.0B->0.0B Heap: 909.0K(2048.0K)->882.4K(2048.0K)], [Metaspace: 4894K->4894K(36864K)]
 [Times: user=0.01 sys=0.00, real=0.01 secs] 
2020-11-18T17:07:27.470-0800: 0.598: Total time for which application threads were stopped: 0.0037515 seconds, Stopping threads took: 0.0000075 seconds
2020-11-18T17:07:27.472-0800: 0.599: Application time: 0.0014474 seconds
2020-11-18T17:07:27.472-0800: 0.599: [Full GC (System.gc())  911K->884K(2048K), 0.0033438 secs]
   [Eden: 1024.0K(1024.0K)->0.0B(1024.0K) Survivors: 0.0B->0.0B Heap: 911.4K(2048.0K)->884.8K(2048.0K)], [Metaspace: 4894K->4894K(36864K)]
 [Times: user=0.01 sys=0.00, real=0.00 secs] 
2020-11-18T17:07:27.475-0800: 0.603: Total time for which application threads were stopped: 0.0034230 seconds, Stopping threads took: 0.0000070 seconds
2020-11-18T17:07:27.476-0800: 0.604: Application time: 0.0011834 seconds
2020-11-18T17:07:27.476-0800: 0.604: [Full GC (System.gc())  913K->887K(2048K), 0.0032108 secs]
   [Eden: 1024.0K(1024.0K)->0.0B(1024.0K) Survivors: 0.0B->0.0B Heap: 913.8K(2048.0K)->887.2K(2048.0K)], [Metaspace: 4894K->4894K(36864K)]
 [Times: user=0.00 sys=0.00, real=0.00 secs] 
2020-11-18T17:07:27.480-0800: 0.607: Total time for which application threads were stopped: 0.0032821 seconds, Stopping threads took: 0.0000067 seconds
2020-11-18T17:07:27.481-0800: 0.608: Application time: 0.0012216 seconds
2020-11-18T17:07:27.481-0800: 0.609: [Full GC (System.gc())  916K->889K(2048K), 0.0032235 secs]
   [Eden: 1024.0K(1024.0K)->0.0B(1024.0K) Survivors: 0.0B->0.0B Heap: 916.2K(2048.0K)->889.6K(2048.0K)], [Metaspace: 4894K->4894K(36864K)]
 [Times: user=0.01 sys=0.00, real=0.00 secs] 
2020-11-18T17:07:27.484-0800: 0.612: Total time for which application threads were stopped: 0.0032975 seconds, Stopping threads took: 0.0000066 seconds
2020-11-18T17:07:27.485-0800: 0.613: Application time: 0.0014116 seconds
2020-11-18T17:07:27.485-0800: 0.613: [Full GC (System.gc())  918K->892K(2048K), 0.0031726 secs]
   [Eden: 1024.0K(1024.0K)->0.0B(1024.0K) Survivors: 0.0B->0.0B Heap: 918.6K(2048.0K)->892.0K(2048.0K)], [Metaspace: 4894K->4894K(36864K)]
 [Times: user=0.00 sys=0.00, real=0.00 secs] 
2020-11-18T17:07:27.489-0800: 0.616: Total time for which application threads were stopped: 0.0032439 seconds, Stopping threads took: 0.0000060 seconds
2020-11-18T17:07:27.490-0800: 0.618: Application time: 0.0014077 seconds
2020-11-18T17:07:27.490-0800: 0.618: [Full GC (System.gc())  921K->894K(2048K), 0.0031347 secs]
   [Eden: 1024.0K(1024.0K)->0.0B(1024.0K) Survivors: 0.0B->0.0B Heap: 921.0K(2048.0K)->894.4K(2048.0K)], [Metaspace: 4894K->4894K(36864K)]
 [Times: user=0.01 sys=0.00, real=0.00 secs] 
2020-11-18T17:07:27.493-0800: 0.621: Total time for which application threads were stopped: 0.0032072 seconds, Stopping threads took: 0.0000069 seconds
2020-11-18T17:07:27.495-0800: 0.622: Application time: 0.0012770 seconds
2020-11-18T17:07:27.495-0800: 0.622: [Full GC (System.gc())  923K->896K(2048K), 0.0031528 secs]
   [Eden: 1024.0K(1024.0K)->0.0B(1024.0K) Survivors: 0.0B->0.0B Heap: 923.5K(2048.0K)->896.9K(2048.0K)], [Metaspace: 4894K->4894K(36864K)]
 [Times: user=0.00 sys=0.00, real=0.00 secs] 
2020-11-18T17:07:27.498-0800: 0.626: Total time for which application threads were stopped: 0.0032208 seconds, Stopping threads took: 0.0000065 seconds
2020-11-18T17:07:27.499-0800: 0.627: Application time: 0.0014149 seconds
2020-11-18T17:07:27.499-0800: 0.627: [Full GC (System.gc())  925K->899K(2048K), 0.0031311 secs]
   [Eden: 1024.0K(1024.0K)->0.0B(1024.0K) Survivors: 0.0B->0.0B Heap: 925.9K(2048.0K)->899.3K(2048.0K)], [Metaspace: 4894K->4894K(36864K)]
 [Times: user=0.01 sys=0.00, real=0.01 secs] 
2020-11-18T17:07:27.502-0800: 0.630: Total time for which application threads were stopped: 0.0032388 seconds, Stopping threads took: 0.0000062 seconds
2020-11-18T17:07:27.504-0800: 0.632: Application time: 0.0013769 seconds
2020-11-18T17:07:27.504-0800: 0.632: [Full GC (System.gc())  928K->901K(2048K), 0.0036503 secs]
   [Eden: 1024.0K(1024.0K)->0.0B(1024.0K) Survivors: 0.0B->0.0B Heap: 928.3K(2048.0K)->901.7K(2048.0K)], [Metaspace: 4894K->4894K(36864K)]
 [Times: user=0.00 sys=0.00, real=0.00 secs] 
2020-11-18T17:07:27.508-0800: 0.635: Total time for which application threads were stopped: 0.0037465 seconds, Stopping threads took: 0.0000075 seconds
2020-11-18T17:07:27.509-0800: 0.637: Application time: 0.0014035 seconds
2020-11-18T17:07:27.509-0800: 0.637: [Full GC (System.gc())  930K->904K(2048K), 0.0039751 secs]
   [Eden: 1024.0K(1024.0K)->0.0B(1024.0K) Survivors: 0.0B->0.0B Heap: 930.7K(2048.0K)->904.1K(2048.0K)], [Metaspace: 4894K->4894K(36864K)]
 [Times: user=0.01 sys=0.01, real=0.01 secs] 
2020-11-18T17:07:27.513-0800: 0.641: Total time for which application threads were stopped: 0.0040772 seconds, Stopping threads took: 0.0000096 seconds
2020-11-18T17:07:27.514-0800: 0.642: Application time: 0.0013844 seconds
2020-11-18T17:07:27.514-0800: 0.642: [Full GC (System.gc())  933K->906K(2048K), 0.0035511 secs]
   [Eden: 1024.0K(1024.0K)->0.0B(1024.0K) Survivors: 0.0B->0.0B Heap: 933.1K(2048.0K)->906.5K(2048.0K)], [Metaspace: 4894K->4894K(36864K)]
 [Times: user=0.00 sys=0.00, real=0.00 secs] 
2020-11-18T17:07:27.518-0800: 0.646: Total time for which application threads were stopped: 0.0036395 seconds, Stopping threads took: 0.0000072 seconds
2020-11-18T17:07:27.520-0800: 0.647: Application time: 0.0014288 seconds
2020-11-18T17:07:27.520-0800: 0.647: [Full GC (System.gc())  935K->908K(2048K), 0.0038556 secs]
   [Eden: 1024.0K(1024.0K)->0.0B(1024.0K) Survivors: 0.0B->0.0B Heap: 935.5K(2048.0K)->908.9K(2048.0K)], [Metaspace: 4894K->4894K(36864K)]
 [Times: user=0.01 sys=0.00, real=0.00 secs] 
2020-11-18T17:07:27.523-0800: 0.651: Total time for which application threads were stopped: 0.0039626 seconds, Stopping threads took: 0.0000181 seconds
2020-11-18T17:07:27.525-0800: 0.653: Application time: 0.0013949 seconds
2020-11-18T17:07:27.525-0800: 0.653: [Full GC (System.gc())  937K->911K(2048K), 0.0035282 secs]
   [Eden: 1024.0K(1024.0K)->0.0B(1024.0K) Survivors: 0.0B->0.0B Heap: 937.9K(2048.0K)->911.3K(2048.0K)], [Metaspace: 4894K->4894K(36864K)]
 [Times: user=0.00 sys=0.00, real=0.00 secs] 
2020-11-18T17:07:27.528-0800: 0.656: Total time for which application threads were stopped: 0.0036121 seconds, Stopping threads took: 0.0000071 seconds
2020-11-18T17:07:27.530-0800: 0.657: Application time: 0.0011337 seconds
2020-11-18T17:07:27.530-0800: 0.657: [Full GC (System.gc())  940K->913K(2048K), 0.0033124 secs]
   [Eden: 1024.0K(1024.0K)->0.0B(1024.0K) Survivors: 0.0B->0.0B Heap: 940.4K(2048.0K)->913.8K(2048.0K)], [Metaspace: 4894K->4894K(36864K)]
 [Times: user=0.01 sys=0.00, real=0.00 secs] 
2020-11-18T17:07:27.533-0800: 0.661: Total time for which application threads were stopped: 0.0033916 seconds, Stopping threads took: 0.0000173 seconds
2020-11-18T17:07:27.534-0800: 0.662: Application time: 0.0011939 seconds
2020-11-18T17:07:27.534-0800: 0.662: [Full GC (System.gc())  942K->916K(2048K), 0.0031776 secs]
   [Eden: 1024.0K(1024.0K)->0.0B(1024.0K) Survivors: 0.0B->0.0B Heap: 942.8K(2048.0K)->916.2K(2048.0K)], [Metaspace: 4894K->4894K(36864K)]
 [Times: user=0.01 sys=0.00, real=0.00 secs] 
2020-11-18T17:07:27.537-0800: 0.665: Total time for which application threads were stopped: 0.0032477 seconds, Stopping threads took: 0.0000073 seconds
2020-11-18T17:07:27.539-0800: 0.667: Application time: 0.0013799 seconds
2020-11-18T17:07:27.539-0800: 0.667: [Full GC (System.gc())  945K->918K(2048K), 0.0033413 secs]
   [Eden: 1024.0K(1024.0K)->0.0B(1024.0K) Survivors: 0.0B->0.0B Heap: 945.2K(2048.0K)->918.7K(2048.0K)], [Metaspace: 4894K->4894K(36864K)]
 [Times: user=0.01 sys=0.00, real=0.01 secs] 
2020-11-18T17:07:27.542-0800: 0.670: Total time for which application threads were stopped: 0.0034376 seconds, Stopping threads took: 0.0000076 seconds
2020-11-18T17:07:27.544-0800: 0.671: Application time: 0.0012721 seconds
2020-11-18T17:07:27.544-0800: 0.671: [Full GC (System.gc())  947K->921K(2048K), 0.0031965 secs]
   [Eden: 1024.0K(1024.0K)->0.0B(1024.0K) Survivors: 0.0B->0.0B Heap: 947.7K(2048.0K)->921.1K(2048.0K)], [Metaspace: 4894K->4894K(36864K)]
 [Times: user=0.00 sys=0.00, real=0.00 secs] 
2020-11-18T17:07:27.547-0800: 0.675: Total time for which application threads were stopped: 0.0032653 seconds, Stopping threads took: 0.0000062 seconds
2020-11-18T17:07:27.548-0800: 0.676: Application time: 0.0012912 seconds
2020-11-18T17:07:27.548-0800: 0.676: [Full GC (System.gc())  950K->923K(2048K), 0.0030655 secs]
   [Eden: 1024.0K(1024.0K)->0.0B(1024.0K) Survivors: 0.0B->0.0B Heap: 950.1K(2048.0K)->923.5K(2048.0K)], [Metaspace: 4894K->4894K(36864K)]
 [Times: user=0.00 sys=0.00, real=0.01 secs] 
2020-11-18T17:07:27.551-0800: 0.679: Total time for which application threads were stopped: 0.0031323 seconds, Stopping threads took: 0.0000060 seconds
2020-11-18T17:07:27.553-0800: 0.681: Application time: 0.0014807 seconds
2020-11-18T17:07:27.553-0800: 0.681: [Full GC (System.gc())  952K->925K(2048K), 0.0035276 secs]
   [Eden: 1024.0K(1024.0K)->0.0B(1024.0K) Survivors: 0.0B->0.0B Heap: 952.5K(2048.0K)->925.9K(2048.0K)], [Metaspace: 4894K->4894K(36864K)]
 [Times: user=0.01 sys=0.00, real=0.00 secs] 
2020-11-18T17:07:27.556-0800: 0.684: Total time for which application threads were stopped: 0.0036279 seconds, Stopping threads took: 0.0000115 seconds
2020-11-18T17:07:27.558-0800: 0.685: Application time: 0.0012482 seconds
2020-11-18T17:07:27.558-0800: 0.685: [Full GC (System.gc())  954K->928K(2048K), 0.0032447 secs]
   [Eden: 1024.0K(1024.0K)->0.0B(1024.0K) Survivors: 0.0B->0.0B Heap: 954.9K(2048.0K)->928.3K(2048.0K)], [Metaspace: 4894K->4894K(36864K)]
 [Times: user=0.00 sys=0.00, real=0.01 secs] 
2020-11-18T17:07:27.561-0800: 0.689: Total time for which application threads were stopped: 0.0033174 seconds, Stopping threads took: 0.0000076 seconds
2020-11-18T17:07:27.562-0800: 0.690: Application time: 0.0012786 seconds
2020-11-18T17:07:27.562-0800: 0.690: [Full GC (System.gc())  956K->931K(2048K), 0.0032785 secs]
   [Eden: 1024.0K(1024.0K)->0.0B(1024.0K) Survivors: 0.0B->0.0B Heap: 956.8K(2048.0K)->931.2K(2048.0K)], [Metaspace: 4894K->4894K(36864K)]
 [Times: user=0.00 sys=0.00, real=0.00 secs] 
2020-11-18T17:07:27.566-0800: 0.693: Total time for which application threads were stopped: 0.0033579 seconds, Stopping threads took: 0.0000076 seconds
2020-11-18T17:07:27.567-0800: 0.695: Application time: 0.0014538 seconds
2020-11-18T17:07:27.567-0800: 0.695: [Full GC (System.gc())  960K->933K(2048K), 0.0032683 secs]
   [Eden: 1024.0K(1024.0K)->0.0B(1024.0K) Survivors: 0.0B->0.0B Heap: 960.3K(2048.0K)->933.7K(2048.0K)], [Metaspace: 4894K->4894K(36864K)]
 [Times: user=0.01 sys=0.00, real=0.01 secs] 
2020-11-18T17:07:27.570-0800: 0.698: Total time for which application threads were stopped: 0.0033434 seconds, Stopping threads took: 0.0000084 seconds
2020-11-18T17:07:27.572-0800: 0.700: Application time: 0.0014807 seconds
2020-11-18T17:07:27.572-0800: 0.700: [Full GC (System.gc())  962K->936K(2048K), 0.0033629 secs]
   [Eden: 1024.0K(1024.0K)->0.0B(1024.0K) Survivors: 0.0B->0.0B Heap: 962.7K(2048.0K)->936.1K(2048.0K)], [Metaspace: 4894K->4894K(36864K)]
 [Times: user=0.02 sys=0.00, real=0.00 secs] 
2020-11-18T17:07:27.575-0800: 0.703: Total time for which application threads were stopped: 0.0034492 seconds, Stopping threads took: 0.0000081 seconds
2020-11-18T17:07:27.577-0800: 0.704: Application time: 0.0014096 seconds
2020-11-18T17:07:27.577-0800: 0.705: [Full GC (System.gc())  965K->938K(2048K), 0.0030608 secs]
   [Eden: 1024.0K(1024.0K)->0.0B(1024.0K) Survivors: 0.0B->0.0B Heap: 965.1K(2048.0K)->938.5K(2048.0K)], [Metaspace: 4894K->4894K(36864K)]
 [Times: user=0.01 sys=0.00, real=0.01 secs] 
2020-11-18T17:07:27.580-0800: 0.708: Total time for which application threads were stopped: 0.0031472 seconds, Stopping threads took: 0.0000075 seconds
2020-11-18T17:07:27.581-0800: 0.709: Application time: 0.0013748 seconds
2020-11-18T17:07:27.581-0800: 0.709: [Full GC (System.gc())  967K->940K(2048K), 0.0030127 secs]
   [Eden: 1024.0K(1024.0K)->0.0B(1024.0K) Survivors: 0.0B->0.0B Heap: 967.5K(2048.0K)->940.9K(2048.0K)], [Metaspace: 4894K->4894K(36864K)]
 [Times: user=0.01 sys=0.00, real=0.00 secs] 
2020-11-18T17:07:27.584-0800: 0.712: Total time for which application threads were stopped: 0.0031103 seconds, Stopping threads took: 0.0000294 seconds
2020-11-18T17:07:27.586-0800: 0.713: Application time: 0.0012028 seconds
2020-11-18T17:07:27.586-0800: 0.713: [Full GC (System.gc())  969K->943K(2048K), 0.0029320 secs]
   [Eden: 1024.0K(1024.0K)->0.0B(1024.0K) Survivors: 0.0B->0.0B Heap: 969.9K(2048.0K)->943.4K(2048.0K)], [Metaspace: 4894K->4894K(36864K)]
 [Times: user=0.01 sys=0.00, real=0.00 secs] 
2020-11-18T17:07:27.589-0800: 0.716: Total time for which application threads were stopped: 0.0029987 seconds, Stopping threads took: 0.0000069 seconds
2020-11-18T17:07:27.590-0800: 0.718: Application time: 0.0012275 seconds
2020-11-18T17:07:27.590-0800: 0.718: [Full GC (System.gc())  972K->945K(2048K), 0.0028919 secs]
   [Eden: 1024.0K(1024.0K)->0.0B(1024.0K) Survivors: 0.0B->0.0B Heap: 972.4K(2048.0K)->945.8K(2048.0K)], [Metaspace: 4894K->4894K(36864K)]
 [Times: user=0.01 sys=0.00, real=0.00 secs] 
2020-11-18T17:07:27.593-0800: 0.721: Total time for which application threads were stopped: 0.0029584 seconds, Stopping threads took: 0.0000061 seconds
2020-11-18T17:07:27.594-0800: 0.722: Application time: 0.0013700 seconds
2020-11-18T17:07:27.594-0800: 0.722: [Full GC (System.gc())  974K->948K(2048K), 0.0027934 secs]
   [Eden: 1024.0K(1024.0K)->0.0B(1024.0K) Survivors: 0.0B->0.0B Heap: 974.2K(2048.0K)->948.5K(2048.0K)], [Metaspace: 4894K->4894K(36864K)]
 [Times: user=0.01 sys=0.01, real=0.00 secs] 
2020-11-18T17:07:27.597-0800: 0.725: Total time for which application threads were stopped: 0.0029009 seconds, Stopping threads took: 0.0000058 seconds
2020-11-18T17:07:27.598-0800: 0.726: Application time: 0.0013947 seconds
2020-11-18T17:07:27.598-0800: 0.726: [Full GC (System.gc())  977K->950K(2048K), 0.0031832 secs]
   [Eden: 1024.0K(1024.0K)->0.0B(1024.0K) Survivors: 0.0B->0.0B Heap: 977.5K(2048.0K)->950.9K(2048.0K)], [Metaspace: 4894K->4894K(36864K)]
 [Times: user=0.01 sys=0.00, real=0.01 secs] 
2020-11-18T17:07:27.602-0800: 0.729: Total time for which application threads were stopped: 0.0032809 seconds, Stopping threads took: 0.0000069 seconds
2020-11-18T17:07:27.603-0800: 0.731: Application time: 0.0013782 seconds
2020-11-18T17:07:27.603-0800: 0.731: [Full GC (System.gc())  979K->953K(2048K), 0.0032388 secs]
   [Eden: 1024.0K(1024.0K)->0.0B(1024.0K) Survivors: 0.0B->0.0B Heap: 980.0K(2048.0K)->953.4K(2048.0K)], [Metaspace: 4894K->4894K(36864K)]
 [Times: user=0.01 sys=0.00, real=0.00 secs] 
2020-11-18T17:07:27.606-0800: 0.734: Total time for which application threads were stopped: 0.0033055 seconds, Stopping threads took: 0.0000064 seconds
2020-11-18T17:07:27.608-0800: 0.735: Application time: 0.0011755 seconds
2020-11-18T17:07:27.608-0800: 0.735: [Full GC (System.gc())  982K->955K(2048K), 0.0028589 secs]
   [Eden: 1024.0K(1024.0K)->0.0B(1024.0K) Survivors: 0.0B->0.0B Heap: 982.4K(2048.0K)->955.8K(2048.0K)], [Metaspace: 4894K->4894K(36864K)]
 [Times: user=0.00 sys=0.00, real=0.01 secs] 
2020-11-18T17:07:27.610-0800: 0.738: Total time for which application threads were stopped: 0.0029222 seconds, Stopping threads took: 0.0000061 seconds
2020-11-18T17:07:27.612-0800: 0.740: Application time: 0.0013489 seconds
2020-11-18T17:07:27.612-0800: 0.740: [Full GC (System.gc())  984K->958K(2048K), 0.0028306 secs]
   [Eden: 1024.0K(1024.0K)->0.0B(1024.0K) Survivors: 0.0B->0.0B Heap: 984.8K(2048.0K)->958.2K(2048.0K)], [Metaspace: 4894K->4894K(36864K)]
 [Times: user=0.01 sys=0.00, real=0.00 secs] 
2020-11-18T17:07:27.615-0800: 0.742: Total time for which application threads were stopped: 0.0029010 seconds, Stopping threads took: 0.0000061 seconds
2020-11-18T17:07:27.616-0800: 0.744: Application time: 0.0011671 seconds
2020-11-18T17:07:27.616-0800: 0.744: [Full GC (System.gc())  987K->960K(2048K), 0.0028543 secs]
   [Eden: 1024.0K(1024.0K)->0.0B(1024.0K) Survivors: 0.0B->0.0B Heap: 987.2K(2048.0K)->960.6K(2048.0K)], [Metaspace: 4894K->4894K(36864K)]
 [Times: user=0.00 sys=0.00, real=0.00 secs] 
2020-11-18T17:07:27.619-0800: 0.747: Total time for which application threads were stopped: 0.0029153 seconds, Stopping threads took: 0.0000060 seconds
2020-11-18T17:07:27.620-0800: 0.748: Application time: 0.0013008 seconds
2020-11-18T17:07:27.620-0800: 0.748: [Full GC (System.gc())  989K->963K(2048K), 0.0031555 secs]
   [Eden: 1024.0K(1024.0K)->0.0B(1024.0K) Survivors: 0.0B->0.0B Heap: 989.6K(2048.0K)->963.0K(2048.0K)], [Metaspace: 4894K->4894K(36864K)]
 [Times: user=0.01 sys=0.00, real=0.00 secs] 
2020-11-18T17:07:27.623-0800: 0.751: Total time for which application threads were stopped: 0.0032224 seconds, Stopping threads took: 0.0000054 seconds
2020-11-18T17:07:27.625-0800: 0.753: Application time: 0.0015027 seconds
2020-11-18T17:07:27.625-0800: 0.753: [Full GC (System.gc())  992K->965K(2048K), 0.0036382 secs]
   [Eden: 1024.0K(1024.0K)->0.0B(1024.0K) Survivors: 0.0B->0.0B Heap: 992.0K(2048.0K)->965.4K(2048.0K)], [Metaspace: 4894K->4894K(36864K)]
 [Times: user=0.00 sys=0.00, real=0.00 secs] 
2020-11-18T17:07:27.629-0800: 0.756: Total time for which application threads were stopped: 0.0037391 seconds, Stopping threads took: 0.0000098 seconds
2020-11-18T17:07:27.630-0800: 0.758: Application time: 0.0014560 seconds
2020-11-18T17:07:27.630-0800: 0.758: [Full GC (System.gc())  994K->967K(2048K), 0.0035103 secs]
   [Eden: 1024.0K(1024.0K)->0.0B(1024.0K) Survivors: 0.0B->0.0B Heap: 994.4K(2048.0K)->967.8K(2048.0K)], [Metaspace: 4894K->4894K(36864K)]
 [Times: user=0.01 sys=0.00, real=0.00 secs] 
2020-11-18T17:07:27.634-0800: 0.761: Total time for which application threads were stopped: 0.0036122 seconds, Stopping threads took: 0.0000102 seconds
2020-11-18T17:07:27.635-0800: 0.763: Application time: 0.0011823 seconds
2020-11-18T17:07:27.635-0800: 0.763: [Full GC (System.gc())  996K->970K(2048K), 0.0032239 secs]
   [Eden: 1024.0K(1024.0K)->0.0B(1024.0K) Survivors: 0.0B->0.0B Heap: 996.9K(2048.0K)->970.3K(2048.0K)], [Metaspace: 4894K->4894K(36864K)]
 [Times: user=0.00 sys=0.00, real=0.00 secs] 
2020-11-18T17:07:27.638-0800: 0.766: Total time for which application threads were stopped: 0.0032964 seconds, Stopping threads took: 0.0000067 seconds
2020-11-18T17:07:27.639-0800: 0.767: Application time: 0.0012512 seconds
2020-11-18T17:07:27.639-0800: 0.767: [Full GC (System.gc())  999K->972K(2048K), 0.0032363 secs]
   [Eden: 1024.0K(1024.0K)->0.0B(1024.0K) Survivors: 0.0B->0.0B Heap: 999.3K(2048.0K)->972.7K(2048.0K)], [Metaspace: 4894K->4894K(36864K)]
 [Times: user=0.00 sys=0.00, real=0.01 secs] 
2020-11-18T17:07:27.643-0800: 0.770: Total time for which application threads were stopped: 0.0033057 seconds, Stopping threads took: 0.0000061 seconds
2020-11-18T17:07:27.644-0800: 0.772: Application time: 0.0014226 seconds
2020-11-18T17:07:27.644-0800: 0.772: [Full GC (System.gc())  1001K->975K(2048K), 0.0037620 secs]
   [Eden: 1024.0K(1024.0K)->0.0B(1024.0K) Survivors: 0.0B->0.0B Heap: 1001.7K(2048.0K)->975.1K(2048.0K)], [Metaspace: 4894K->4894K(36864K)]
 [Times: user=0.01 sys=0.00, real=0.00 secs] 
2020-11-18T17:07:27.648-0800: 0.776: Total time for which application threads were stopped: 0.0038713 seconds, Stopping threads took: 0.0000104 seconds
2020-11-18T17:07:27.649-0800: 0.777: Application time: 0.0012985 seconds
2020-11-18T17:07:27.649-0800: 0.777: [Full GC (System.gc())  1004K->977K(2048K), 0.0033382 secs]
   [Eden: 1024.0K(1024.0K)->0.0B(1024.0K) Survivors: 0.0B->0.0B Heap: 1004.1K(2048.0K)->977.6K(2048.0K)], [Metaspace: 4894K->4894K(36864K)]
 [Times: user=0.00 sys=0.00, real=0.01 secs] 
2020-11-18T17:07:27.653-0800: 0.781: Total time for which application threads were stopped: 0.0034434 seconds, Stopping threads took: 0.0000065 seconds
2020-11-18T17:07:27.654-0800: 0.782: Application time: 0.0011527 seconds
2020-11-18T17:07:27.654-0800: 0.782: [Full GC (System.gc())  1006K->980K(2048K), 0.0035948 secs]
   [Eden: 1024.0K(1024.0K)->0.0B(1024.0K) Survivors: 0.0B->0.0B Heap: 1006.6K(2048.0K)->980.1K(2048.0K)], [Metaspace: 4894K->4894K(36864K)]
 [Times: user=0.01 sys=0.00, real=0.00 secs] 
2020-11-18T17:07:27.658-0800: 0.785: Total time for which application threads were stopped: 0.0036710 seconds, Stopping threads took: 0.0000071 seconds
2020-11-18T17:07:27.659-0800: 0.787: Application time: 0.0013956 seconds
2020-11-18T17:07:27.659-0800: 0.787: [Full GC (System.gc())  1009K->982K(2048K), 0.0033012 secs]
   [Eden: 1024.0K(1024.0K)->0.0B(1024.0K) Survivors: 0.0B->0.0B Heap: 1009.1K(2048.0K)->982.5K(2048.0K)], [Metaspace: 4894K->4894K(36864K)]
 [Times: user=0.00 sys=0.00, real=0.01 secs] 
2020-11-18T17:07:27.662-0800: 0.790: Total time for which application threads were stopped: 0.0033730 seconds, Stopping threads took: 0.0000063 seconds
2020-11-18T17:07:27.664-0800: 0.792: Application time: 0.0014099 seconds
2020-11-18T17:07:27.664-0800: 0.792: [Full GC (System.gc())  1011K->984K(2048K), 0.0032882 secs]
   [Eden: 1024.0K(1024.0K)->0.0B(1024.0K) Survivors: 0.0B->0.0B Heap: 1011.5K(2048.0K)->984.9K(2048.0K)], [Metaspace: 4894K->4894K(36864K)]
 [Times: user=0.01 sys=0.00, real=0.00 secs] 
2020-11-18T17:07:27.667-0800: 0.795: Total time for which application threads were stopped: 0.0033569 seconds, Stopping threads took: 0.0000064 seconds
2020-11-18T17:07:27.668-0800: 0.796: Application time: 0.0013562 seconds
2020-11-18T17:07:27.668-0800: 0.796: [Full GC (System.gc())  1013K->987K(2048K), 0.0031097 secs]
   [Eden: 1024.0K(1024.0K)->0.0B(1024.0K) Survivors: 0.0B->0.0B Heap: 1013.9K(2048.0K)->987.3K(2048.0K)], [Metaspace: 4894K->4894K(36864K)]
 [Times: user=0.00 sys=0.00, real=0.01 secs] 
2020-11-18T17:07:27.672-0800: 0.799: Total time for which application threads were stopped: 0.0031791 seconds, Stopping threads took: 0.0000062 seconds
2020-11-18T17:07:27.673-0800: 0.801: Application time: 0.0013537 seconds
2020-11-18T17:07:27.673-0800: 0.801: [Full GC (System.gc())  1016K->989K(2048K), 0.0031532 secs]
   [Eden: 1024.0K(1024.0K)->0.0B(1024.0K) Survivors: 0.0B->0.0B Heap: 1016.3K(2048.0K)->989.7K(2048.0K)], [Metaspace: 4894K->4894K(36864K)]
 [Times: user=0.01 sys=0.00, real=0.00 secs] 
2020-11-18T17:07:27.676-0800: 0.804: Total time for which application threads were stopped: 0.0032196 seconds, Stopping threads took: 0.0000056 seconds
2020-11-18T17:07:27.677-0800: 0.805: Application time: 0.0011569 seconds
2020-11-18T17:07:27.677-0800: 0.805: [Full GC (System.gc())  1018K->992K(2048K), 0.0031415 secs]
   [Eden: 1024.0K(1024.0K)->0.0B(1024.0K) Survivors: 0.0B->0.0B Heap: 1018.7K(2048.0K)->992.1K(2048.0K)], [Metaspace: 4894K->4894K(36864K)]
 [Times: user=0.00 sys=0.00, real=0.01 secs] 
2020-11-18T17:07:27.681-0800: 0.808: Total time for which application threads were stopped: 0.0032298 seconds, Stopping threads took: 0.0000246 seconds
2020-11-18T17:07:27.682-0800: 0.810: Application time: 0.0014730 seconds
2020-11-18T17:07:27.682-0800: 0.810: [Full GC (System.gc())  1021K->994K(2048K), 0.0031338 secs]
   [Eden: 1024.0K(1024.0K)->0.0B(1024.0K) Survivors: 0.0B->0.0B Heap: 1021.1K(2048.0K)->994.5K(2048.0K)], [Metaspace: 4894K->4894K(36864K)]
 [Times: user=0.01 sys=0.00, real=0.00 secs] 
2020-11-18T17:07:27.685-0800: 0.813: Total time for which application threads were stopped: 0.0032023 seconds, Stopping threads took: 0.0000058 seconds
2020-11-18T17:07:27.687-0800: 0.814: Application time: 0.0013650 seconds
2020-11-18T17:07:27.687-0800: 0.814: [Full GC (System.gc())  1023K->996K(2048K), 0.0031811 secs]
   [Eden: 1024.0K(1024.0K)->0.0B(1024.0K) Survivors: 0.0B->0.0B Heap: 1023.5K(2048.0K)->997.0K(2048.0K)], [Metaspace: 4894K->4894K(36864K)]
 [Times: user=0.00 sys=0.01, real=0.01 secs] 
2020-11-18T17:07:27.690-0800: 0.818: Total time for which application threads were stopped: 0.0032481 seconds, Stopping threads took: 0.0000057 seconds
2020-11-18T17:07:27.691-0800: 0.819: Application time: 0.0013562 seconds
2020-11-18T17:07:27.691-0800: 0.819: [Full GC (System.gc())  1025K->999K(2048K), 0.0030349 secs]
   [Eden: 1024.0K(1024.0K)->0.0B(1024.0K) Survivors: 0.0B->0.0B Heap: 1026.0K(2048.0K)->999.4K(2048.0K)], [Metaspace: 4894K->4894K(36864K)]
 [Times: user=0.00 sys=0.00, real=0.00 secs] 
2020-11-18T17:07:27.694-0800: 0.822: Total time for which application threads were stopped: 0.0031021 seconds, Stopping threads took: 0.0000060 seconds
2020-11-18T17:07:27.696-0800: 0.824: Application time: 0.0014776 seconds
2020-11-18T17:07:27.696-0800: 0.824: [Full GC (System.gc())  1028K->1001K(2048K), 0.0036623 secs]
   [Eden: 1024.0K(1024.0K)->0.0B(1024.0K) Survivors: 0.0B->0.0B Heap: 1028.4K(2048.0K)->1001.8K(2048.0K)], [Metaspace: 4894K->4894K(36864K)]
 [Times: user=0.01 sys=0.00, real=0.01 secs] 
2020-11-18T17:07:27.700-0800: 0.827: Total time for which application threads were stopped: 0.0037626 seconds, Stopping threads took: 0.0000109 seconds
2020-11-18T17:07:27.701-0800: 0.829: Application time: 0.0014341 seconds
2020-11-18T17:07:27.701-0800: 0.829: [Full GC (System.gc())  1030K->1004K(2048K), 0.0036330 secs]
   [Eden: 1024.0K(1024.0K)->0.0B(1024.0K) Survivors: 0.0B->0.0B Heap: 1030.8K(2048.0K)->1004.2K(2048.0K)], [Metaspace: 4894K->4894K(36864K)]
 [Times: user=0.00 sys=0.00, real=0.00 secs] 
2020-11-18T17:07:27.705-0800: 0.833: Total time for which application threads were stopped: 0.0037371 seconds, Stopping threads took: 0.0000103 seconds
2020-11-18T17:07:27.706-0800: 0.834: Application time: 0.0013964 seconds
2020-11-18T17:07:27.706-0800: 0.834: [Full GC (System.gc())  1033K->1006K(2048K), 0.0040068 secs]
   [Eden: 1024.0K(1024.0K)->0.0B(1024.0K) Survivors: 0.0B->0.0B Heap: 1033.2K(2048.0K)->1006.6K(2048.0K)], [Metaspace: 4894K->4894K(36864K)]
 [Times: user=0.01 sys=0.00, real=0.01 secs] 
2020-11-18T17:07:27.710-0800: 0.838: Total time for which application threads were stopped: 0.0041156 seconds, Stopping threads took: 0.0000100 seconds
2020-11-18T17:07:27.712-0800: 0.839: Application time: 0.0013750 seconds
2020-11-18T17:07:27.712-0800: 0.839: [Full GC (System.gc())  1035K->1009K(2048K), 0.0038354 secs]
   [Eden: 1024.0K(1024.0K)->0.0B(1024.0K) Survivors: 0.0B->0.0B Heap: 1035.6K(2048.0K)->1009.0K(2048.0K)], [Metaspace: 4894K->4894K(36864K)]
 [Times: user=0.01 sys=0.00, real=0.00 secs] 
2020-11-18T17:07:27.716-0800: 0.843: Total time for which application threads were stopped: 0.0039455 seconds, Stopping threads took: 0.0000110 seconds
2020-11-18T17:07:27.717-0800: 0.845: Application time: 0.0011908 seconds
2020-11-18T17:07:27.717-0800: 0.845: [Full GC (System.gc())  1038K->1011K(2048K), 0.0035508 secs]
   [Eden: 1024.0K(1024.0K)->0.0B(1024.0K) Survivors: 0.0B->0.0B Heap: 1038.0K(2048.0K)->1011.4K(2048.0K)], [Metaspace: 4894K->4894K(36864K)]
 [Times: user=0.00 sys=0.00, real=0.01 secs] 
2020-11-18T17:07:27.720-0800: 0.848: Total time for which application threads were stopped: 0.0036377 seconds, Stopping threads took: 0.0000070 seconds
2020-11-18T17:07:27.722-0800: 0.850: Application time: 0.0014176 seconds
2020-11-18T17:07:27.722-0800: 0.850: [Full GC (System.gc())  1040K->1013K(2048K), 0.0034929 secs]
   [Eden: 1024.0K(1024.0K)->0.0B(1024.0K) Survivors: 0.0B->0.0B Heap: 1040.4K(2048.0K)->1013.9K(2048.0K)], [Metaspace: 4894K->4894K(36864K)]
 [Times: user=0.01 sys=0.00, real=0.00 secs] 
2020-11-18T17:07:27.725-0800: 0.853: Total time for which application threads were stopped: 0.0035954 seconds, Stopping threads took: 0.0000076 seconds
2020-11-18T17:07:27.727-0800: 0.855: Application time: 0.0013806 seconds
2020-11-18T17:07:27.727-0800: 0.855: [Full GC (System.gc())  1042K->1016K(2048K), 0.0033656 secs]
   [Eden: 1024.0K(1024.0K)->0.0B(1024.0K) Survivors: 0.0B->0.0B Heap: 1042.9K(2048.0K)->1016.3K(2048.0K)], [Metaspace: 4894K->4894K(36864K)]
 [Times: user=0.00 sys=0.00, real=0.01 secs] 
2020-11-18T17:07:27.730-0800: 0.858: Total time for which application threads were stopped: 0.0034351 seconds, Stopping threads took: 0.0000066 seconds
2020-11-18T17:07:27.731-0800: 0.859: Application time: 0.0011612 seconds
2020-11-18T17:07:27.731-0800: 0.859: [Full GC (System.gc())  1045K->1018K(2048K), 0.0032947 secs]
   [Eden: 1024.0K(1024.0K)->0.0B(1024.0K) Survivors: 0.0B->0.0B Heap: 1045.3K(2048.0K)->1018.7K(2048.0K)], [Metaspace: 4894K->4894K(36864K)]
 [Times: user=0.00 sys=0.00, real=0.00 secs] 
2020-11-18T17:07:27.735-0800: 0.863: Total time for which application threads were stopped: 0.0033642 seconds, Stopping threads took: 0.0000065 seconds
2020-11-18T17:07:27.736-0800: 0.864: Application time: 0.0013533 seconds
2020-11-18T17:07:27.736-0800: 0.864: [Full GC (System.gc())  1047K->1021K(2048K), 0.0032522 secs]
   [Eden: 1024.0K(1024.0K)->0.0B(1024.0K) Survivors: 0.0B->0.0B Heap: 1047.7K(2048.0K)->1021.1K(2048.0K)], [Metaspace: 4894K->4894K(36864K)]
 [Times: user=0.01 sys=0.00, real=0.00 secs] 
2020-11-18T17:07:27.739-0800: 0.867: Total time for which application threads were stopped: 0.0033349 seconds, Stopping threads took: 0.0000057 seconds
2020-11-18T17:07:27.741-0800: 0.869: Application time: 0.0013635 seconds
2020-11-18T17:07:27.741-0800: 0.869: [Full GC (System.gc())  1050K->1023K(2048K), 0.0031688 secs]
   [Eden: 1024.0K(1024.0K)->0.0B(1024.0K) Survivors: 0.0B->0.0B Heap: 1050.1K(2048.0K)->1023.5K(2048.0K)], [Metaspace: 4894K->4894K(36864K)]
 [Times: user=0.00 sys=0.00, real=0.00 secs] 
2020-11-18T17:07:27.744-0800: 0.872: Total time for which application threads were stopped: 0.0032349 seconds, Stopping threads took: 0.0000061 seconds
2020-11-18T17:07:27.745-0800: 0.873: Application time: 0.0012043 seconds
2020-11-18T17:07:27.745-0800: 0.873: [Full GC (System.gc())  1052K->1025K(2048K), 0.0032326 secs]
   [Eden: 1024.0K(1024.0K)->0.0B(1024.0K) Survivors: 0.0B->0.0B Heap: 1052.5K(2048.0K)->1025.9K(2048.0K)], [Metaspace: 4894K->4894K(36864K)]
 [Times: user=0.01 sys=0.00, real=0.00 secs] 
2020-11-18T17:07:27.749-0800: 0.876: Total time for which application threads were stopped: 0.0033083 seconds, Stopping threads took: 0.0000059 seconds
2020-11-18T17:07:27.750-0800: 0.878: Application time: 0.0013076 seconds
2020-11-18T17:07:27.750-0800: 0.878: [GC pause (G1 Evacuation Pause) (young), 0.0008099 secs]
   [Parallel Time: 0.2 ms, GC Workers: 10]
      [GC Worker Start (ms): Min: 877.7, Avg: 877.9, Max: 877.9, Diff: 0.2]
      [Ext Root Scanning (ms): Min: 0.0, Avg: 0.1, Max: 0.2, Diff: 0.2, Sum: 0.8]
      [Update RS (ms): Min: 0.0, Avg: 0.0, Max: 0.0, Diff: 0.0, Sum: 0.0]
         [Processed Buffers: Min: 0, Avg: 0.0, Max: 0, Diff: 0, Sum: 0]
      [Scan RS (ms): Min: 0.0, Avg: 0.0, Max: 0.0, Diff: 0.0, Sum: 0.0]
      [Code Root Scanning (ms): Min: 0.0, Avg: 0.0, Max: 0.0, Diff: 0.0, Sum: 0.0]
      [Object Copy (ms): Min: 0.0, Avg: 0.0, Max: 0.0, Diff: 0.0, Sum: 0.0]
      [Termination (ms): Min: 0.0, Avg: 0.0, Max: 0.0, Diff: 0.0, Sum: 0.1]
         [Termination Attempts: Min: 1, Avg: 1.0, Max: 1, Diff: 0, Sum: 10]
      [GC Worker Other (ms): Min: 0.0, Avg: 0.0, Max: 0.0, Diff: 0.0, Sum: 0.1]
      [GC Worker Total (ms): Min: 0.0, Avg: 0.1, Max: 0.2, Diff: 0.2, Sum: 1.0]
      [GC Worker End (ms): Min: 878.0, Avg: 878.0, Max: 878.0, Diff: 0.0]
   [Code Root Fixup: 0.0 ms]
   [Code Root Purge: 0.0 ms]
   [Clear CT: 0.1 ms]
   [Other: 0.5 ms]
      [Choose CSet: 0.0 ms]
      [Ref Proc: 0.3 ms]
      [Ref Enq: 0.0 ms]
      [Redirty Cards: 0.1 ms]
      [Humongous Register: 0.0 ms]
      [Humongous Reclaim: 0.0 ms]
      [Free CSet: 0.0 ms]
   [Eden: 0.0B(1024.0K)->0.0B(1024.0K) Survivors: 0.0B->0.0B Heap: 1025.9K(2048.0K)->1025.9K(2048.0K)]
 [Times: user=0.00 sys=0.00, real=0.00 secs] 
2020-11-18T17:07:27.751-0800: 0.879: Total time for which application threads were stopped: 0.0009120 seconds, Stopping threads took: 0.0000052 seconds
2020-11-18T17:07:27.751-0800: 0.879: Application time: 0.0000242 seconds
2020-11-18T17:07:27.751-0800: 0.879: [GC pause (G1 Evacuation Pause) (young) (initial-mark), 0.0008567 secs]
   [Parallel Time: 0.3 ms, GC Workers: 10]
      [GC Worker Start (ms): Min: 878.7, Avg: 878.8, Max: 878.9, Diff: 0.2]
      [Ext Root Scanning (ms): Min: 0.0, Avg: 0.1, Max: 0.2, Diff: 0.2, Sum: 0.9]
      [Update RS (ms): Min: 0.0, Avg: 0.0, Max: 0.0, Diff: 0.0, Sum: 0.0]
         [Processed Buffers: Min: 0, Avg: 0.1, Max: 1, Diff: 1, Sum: 1]
      [Scan RS (ms): Min: 0.0, Avg: 0.0, Max: 0.0, Diff: 0.0, Sum: 0.0]
      [Code Root Scanning (ms): Min: 0.0, Avg: 0.0, Max: 0.0, Diff: 0.0, Sum: 0.0]
      [Object Copy (ms): Min: 0.0, Avg: 0.0, Max: 0.0, Diff: 0.0, Sum: 0.0]
      [Termination (ms): Min: 0.0, Avg: 0.0, Max: 0.0, Diff: 0.0, Sum: 0.1]
         [Termination Attempts: Min: 1, Avg: 1.0, Max: 1, Diff: 0, Sum: 10]
      [GC Worker Other (ms): Min: 0.0, Avg: 0.0, Max: 0.0, Diff: 0.0, Sum: 0.1]
      [GC Worker Total (ms): Min: 0.0, Avg: 0.1, Max: 0.2, Diff: 0.2, Sum: 1.1]
      [GC Worker End (ms): Min: 878.9, Avg: 878.9, Max: 878.9, Diff: 0.0]
   [Code Root Fixup: 0.0 ms]
   [Code Root Purge: 0.0 ms]
   [Clear CT: 0.1 ms]
   [Other: 0.5 ms]
      [Choose CSet: 0.0 ms]
      [Ref Proc: 0.3 ms]
      [Ref Enq: 0.0 ms]
      [Redirty Cards: 0.1 ms]
      [Humongous Register: 0.0 ms]
      [Humongous Reclaim: 0.0 ms]
      [Free CSet: 0.0 ms]
   [Eden: 0.0B(1024.0K)->0.0B(1024.0K) Survivors: 0.0B->0.0B Heap: 1025.9K(2048.0K)->1025.9K(2048.0K)]
 [Times: user=0.00 sys=0.00, real=0.00 secs] 
2020-11-18T17:07:27.752-0800: 0.880: Total time for which application threads were stopped: 0.0009663 seconds, Stopping threads took: 0.0000039 seconds
2020-11-18T17:07:27.752-0800: 0.880: [GC concurrent-root-region-scan-start]
2020-11-18T17:07:27.752-0800: 0.880: [GC concurrent-root-region-scan-end, 0.0000034 secs]
2020-11-18T17:07:27.752-0800: 0.880: [GC concurrent-mark-start]
2020-11-18T17:07:27.752-0800: 0.880: Application time: 0.0000679 seconds
2020-11-18T17:07:27.752-0800: 0.880: [Full GC (Allocation Failure)  1025K->1025K(2048K), 0.0033793 secs]
   [Eden: 0.0B(1024.0K)->0.0B(1024.0K) Survivors: 0.0B->0.0B Heap: 1025.9K(2048.0K)->1025.2K(2048.0K)], [Metaspace: 4894K->4894K(36864K)]
 [Times: user=0.01 sys=0.00, real=0.00 secs] 
2020-11-18T17:07:27.755-0800: 0.883: [Full GC (Allocation Failure)  1025K->1025K(2048K), 0.0031018 secs]
   [Eden: 0.0B(1024.0K)->0.0B(1024.0K) Survivors: 0.0B->0.0B Heap: 1025.2K(2048.0K)->1025.2K(2048.0K)], [Metaspace: 4894K->4894K(36864K)]
 [Times: user=0.00 sys=0.00, real=0.00 secs] 
2020-11-18T17:07:27.758-0800: 0.886: Total time for which application threads were stopped: 0.0065898 seconds, Stopping threads took: 0.0000038 seconds
2020-11-18T17:07:27.759-0800: 0.886: [GC concurrent-mark-abort]
2020-11-18T17:07:27.759-0800: 0.887: Application time: 0.0003693 seconds
2020-11-18T17:07:27.759-0800: 0.887: [GC pause (G1 Evacuation Pause) (young), 0.0007982 secs]
   [Parallel Time: 0.2 ms, GC Workers: 10]
      [GC Worker Start (ms): Min: 886.7, Avg: 886.7, Max: 886.8, Diff: 0.1]
      [Ext Root Scanning (ms): Min: 0.1, Avg: 0.1, Max: 0.2, Diff: 0.1, Sum: 1.0]
      [Update RS (ms): Min: 0.0, Avg: 0.0, Max: 0.0, Diff: 0.0, Sum: 0.0]
         [Processed Buffers: Min: 0, Avg: 0.1, Max: 1, Diff: 1, Sum: 1]
      [Scan RS (ms): Min: 0.0, Avg: 0.0, Max: 0.0, Diff: 0.0, Sum: 0.0]
      [Code Root Scanning (ms): Min: 0.0, Avg: 0.0, Max: 0.0, Diff: 0.0, Sum: 0.0]
      [Object Copy (ms): Min: 0.0, Avg: 0.0, Max: 0.0, Diff: 0.0, Sum: 0.0]
      [Termination (ms): Min: 0.0, Avg: 0.0, Max: 0.0, Diff: 0.0, Sum: 0.1]
         [Termination Attempts: Min: 1, Avg: 1.0, Max: 1, Diff: 0, Sum: 10]
      [GC Worker Other (ms): Min: 0.0, Avg: 0.0, Max: 0.0, Diff: 0.0, Sum: 0.1]
      [GC Worker Total (ms): Min: 0.1, Avg: 0.1, Max: 0.2, Diff: 0.1, Sum: 1.2]
      [GC Worker End (ms): Min: 886.8, Avg: 886.9, Max: 886.9, Diff: 0.0]
   [Code Root Fixup: 0.0 ms]
   [Code Root Purge: 0.0 ms]
   [Clear CT: 0.1 ms]
   [Other: 0.5 ms]
      [Choose CSet: 0.0 ms]
      [Ref Proc: 0.3 ms]
      [Ref Enq: 0.0 ms]
      [Redirty Cards: 0.1 ms]
      [Humongous Register: 0.0 ms]
      [Humongous Reclaim: 0.0 ms]
      [Free CSet: 0.0 ms]
   [Eden: 0.0B(1024.0K)->0.0B(1024.0K) Survivors: 0.0B->0.0B Heap: 1025.2K(2048.0K)->1025.2K(2048.0K)]
 [Times: user=0.00 sys=0.00, real=0.01 secs] 
2020-11-18T17:07:27.760-0800: 0.888: Total time for which application threads were stopped: 0.0009140 seconds, Stopping threads took: 0.0000083 seconds
2020-11-18T17:07:27.760-0800: 0.888: Application time: 0.0000271 seconds
2020-11-18T17:07:27.760-0800: 0.888: [GC pause (G1 Evacuation Pause) (young) (initial-mark), 0.0007115 secs]
   [Parallel Time: 0.3 ms, GC Workers: 10]
      [GC Worker Start (ms): Min: 887.6, Avg: 887.7, Max: 887.7, Diff: 0.1]
      [Ext Root Scanning (ms): Min: 0.1, Avg: 0.1, Max: 0.2, Diff: 0.1, Sum: 1.0]
      [Update RS (ms): Min: 0.0, Avg: 0.0, Max: 0.0, Diff: 0.0, Sum: 0.0]
         [Processed Buffers: Min: 0, Avg: 0.1, Max: 1, Diff: 1, Sum: 1]
      [Scan RS (ms): Min: 0.0, Avg: 0.0, Max: 0.0, Diff: 0.0, Sum: 0.0]
      [Code Root Scanning (ms): Min: 0.0, Avg: 0.0, Max: 0.0, Diff: 0.0, Sum: 0.0]
      [Object Copy (ms): Min: 0.0, Avg: 0.0, Max: 0.0, Diff: 0.0, Sum: 0.0]
      [Termination (ms): Min: 0.0, Avg: 0.0, Max: 0.0, Diff: 0.0, Sum: 0.1]
         [Termination Attempts: Min: 1, Avg: 1.0, Max: 1, Diff: 0, Sum: 10]
      [GC Worker Other (ms): Min: 0.0, Avg: 0.0, Max: 0.0, Diff: 0.0, Sum: 0.1]
      [GC Worker Total (ms): Min: 0.1, Avg: 0.1, Max: 0.2, Diff: 0.1, Sum: 1.2]
      [GC Worker End (ms): Min: 887.8, Avg: 887.8, Max: 887.8, Diff: 0.0]
   [Code Root Fixup: 0.0 ms]
   [Code Root Purge: 0.0 ms]
   [Clear CT: 0.1 ms]
   [Other: 0.3 ms]
      [Choose CSet: 0.0 ms]
      [Ref Proc: 0.2 ms]
      [Ref Enq: 0.0 ms]
      [Redirty Cards: 0.1 ms]
      [Humongous Register: 0.0 ms]
      [Humongous Reclaim: 0.0 ms]
      [Free CSet: 0.0 ms]
   [Eden: 0.0B(1024.0K)->0.0B(1024.0K) Survivors: 0.0B->0.0B Heap: 1025.2K(2048.0K)->1025.2K(2048.0K)]
 [Times: user=0.01 sys=0.00, real=0.00 secs] 
2020-11-18T17:07:27.761-0800: 2020-11-18T17:07:27.761-0800: 0.888: [GC concurrent-root-region-scan-start]
0.888: Total time for which application threads were stopped: 0.0008086 seconds, Stopping threads took: 0.0000037 seconds
2020-11-18T17:07:27.761-0800: 0.888: [GC concurrent-root-region-scan-end, 0.0000060 secs]
2020-11-18T17:07:27.761-0800: 0.888: [GC concurrent-mark-start]
2020-11-18T17:07:27.761-0800: 0.888: Application time: 0.0000192 seconds
2020-11-18T17:07:27.761-0800: 0.888: [Full GC (Allocation Failure)  1025K->796K(2048K), 0.0032693 secs]
   [Eden: 0.0B(1024.0K)->0.0B(1024.0K) Survivors: 0.0B->0.0B Heap: 1025.2K(2048.0K)->796.7K(2048.0K)], [Metaspace: 4894K->4894K(36864K)]
 [Times: user=0.00 sys=0.00, real=0.00 secs] 
2020-11-18T17:07:27.764-0800: 0.892: Total time for which application threads were stopped: 0.0033344 seconds, Stopping threads took: 0.0000054 seconds
2020-11-18T17:07:27.764-0800: 0.892: [GC concurrent-mark-abort]
Heap
 garbage-first heap   total 2048K, used 796K [0x00000007fe200000, 0x00000007fe300010, 0x00000007fe400000)
  region size 1024K, 1 young (1024K), 0 survivors (0K)
 Metaspace       used 4978K, capacity 5214K, committed 5504K, reserved 36864K
  class space    used 561K, capacity 594K, committed 640K, reserved 28672K
2020-11-18T17:07:27.771-0800: 0.899: Application time: 0.0070766 seconds
